# Logfile created on 2026-08-16 17:41:13 -0400 by logger.rb/v1.6.4
2026-08-16 17:41:13 [INFO] ======================================================================
2026-08-16 17:41:13 [INFO] SWMM5 Import to ICM (V3) - Exchange Script Initialized
2026-08-16 17:41:13 [INFO] ======================================================================
2026-08-16 17:41:13 [INFO] Database GUID: 4DA9E08B-9856-4B4D-8890-838A4BC7394E
2026-08-16 17:41:13 [INFO] Files to process: 17
2026-08-16 17:41:13 [INFO] 
======================================================================
2026-08-16 17:41:13 [INFO] BATCH PROCESSING STARTING
2026-08-16 17:41:13 [INFO] ======================================================================
2026-08-16 17:41:13 [INFO] Target Model Group by id 149: 'owa'
2026-08-16 17:41:13 [INFO] Target Model Group: 'owa' (ID: 149)
2026-08-16 17:41:13 [INFO] 
----------------------------------------------------------------------
2026-08-16 17:41:13 [INFO] [1/17] Processing: exam1.inp
2026-08-16 17:41:13 [INFO] ----------------------------------------------------------------------
2026-08-16 17:41:13 [INFO] PHASE 1: Importing SWMM5 data
2026-08-16 17:41:14 [INFO]   Import duration: 0.83s
2026-08-16 17:41:14 [INFO]   Imported 6 object(s); network 'exam1' (ID: 425)
2026-08-16 17:41:14 [INFO]   Actual location: >MODG~owa>IWSWNET~exam1
2026-08-16 17:41:14 [INFO]   Renamed network to 'exam1_2'
2026-08-16 17:41:14 [INFO]   SUCCESS: Import completed.
2026-08-16 17:41:14 [WARN]   importer: Outfalls of type Stage-Flow are not supported by EPA-SWMM. The following outfalls(s) [10208] have been reassigned to type Free. Verify the outfall properties prior to running a simulation.
2026-08-16 17:41:14 [WARN]   importer: [TEMPERATURE] () has no matching [TIMESERIES]. Unable to create.
2026-08-16 17:41:14 [INFO] PHASE 2: Cleaning up empty visualization labels (sw_label)
2026-08-16 17:41:14 [INFO]   No 'sw_label' table in this network - nothing to clean.
2026-08-16 17:41:14 [INFO] PHASE 3: Validation and Statistics
2026-08-16 17:41:14 [INFO]   Statistics: Nodes=10, Links=9, Subs=0
2026-08-16 17:41:14 [INFO]   Validation passed with no warnings.
2026-08-16 17:41:14 [INFO] PHASE 4: ICM validation (scenario: Base)
2026-08-16 17:41:14 [INFO]   Validation: 0 error(s), 0 warning(s)
2026-08-16 17:41:14 [INFO] Network committed.
2026-08-16 17:41:14 [INFO] SUCCESS: exam1.inp
2026-08-16 17:41:14 [INFO]   InfoWorks shell created: 'exam1_2_IW' (id 402)
2026-08-16 17:41:14 [INFO] 
----------------------------------------------------------------------
2026-08-16 17:41:14 [INFO] [2/17] Processing: extran1.inp
2026-08-16 17:41:14 [INFO] ----------------------------------------------------------------------
2026-08-16 17:41:14 [INFO] PHASE 1: Importing SWMM5 data
2026-08-16 17:41:15 [INFO]   Import duration: 0.44s
2026-08-16 17:41:15 [INFO]   Imported 6 object(s); network 'extran1' (ID: 426)
2026-08-16 17:41:15 [INFO]   Actual location: >MODG~owa>IWSWNET~extran1
2026-08-16 17:41:15 [INFO]   SUCCESS: Import completed.
2026-08-16 17:41:15 [WARN]   importer: Outfalls of type Stage-Flow are not supported by EPA-SWMM. The following outfalls(s) [10208] have been reassigned to type Free. Verify the outfall properties prior to running a simulation.
2026-08-16 17:41:15 [WARN]   importer: [TEMPERATURE] () has no matching [TIMESERIES]. Unable to create.
2026-08-16 17:41:15 [INFO] PHASE 2: Cleaning up empty visualization labels (sw_label)
2026-08-16 17:41:15 [INFO]   No 'sw_label' table in this network - nothing to clean.
2026-08-16 17:41:15 [INFO] PHASE 3: Validation and Statistics
2026-08-16 17:41:15 [INFO]   Statistics: Nodes=10, Links=9, Subs=0
2026-08-16 17:41:15 [INFO]   Validation passed with no warnings.
2026-08-16 17:41:15 [INFO] PHASE 4: ICM validation (scenario: Base)
2026-08-16 17:41:15 [INFO]   Validation: 0 error(s), 0 warning(s)
2026-08-16 17:41:15 [INFO] Network committed.
2026-08-16 17:41:15 [INFO] SUCCESS: extran1.inp
2026-08-16 17:41:15 [INFO]   InfoWorks shell created: 'extran1_IW' (id 403)
2026-08-16 17:41:15 [INFO] 
----------------------------------------------------------------------
2026-08-16 17:41:15 [INFO] [3/17] Processing: extran10.inp
2026-08-16 17:41:15 [INFO] ----------------------------------------------------------------------
2026-08-16 17:41:15 [INFO] PHASE 1: Importing SWMM5 data
2026-08-16 17:41:16 [INFO]   Import duration: 0.42s
2026-08-16 17:41:16 [INFO]   Imported 6 object(s); network 'extran10' (ID: 427)
2026-08-16 17:41:16 [INFO]   Actual location: >MODG~owa>IWSWNET~extran10
2026-08-16 17:41:16 [INFO]   SUCCESS: Import completed.
2026-08-16 17:41:16 [WARN]   importer: Outfalls of type Stage-Flow are not supported by EPA-SWMM. The following outfalls(s) [201] have been reassigned to type Free. Verify the outfall properties prior to running a simulation.
2026-08-16 17:41:16 [WARN]   importer: [TEMPERATURE] () has no matching [TIMESERIES]. Unable to create.
2026-08-16 17:41:16 [INFO] PHASE 2: Cleaning up empty visualization labels (sw_label)
2026-08-16 17:41:16 [INFO]   No 'sw_label' table in this network - nothing to clean.
2026-08-16 17:41:16 [INFO] PHASE 3: Validation and Statistics
2026-08-16 17:41:16 [INFO]   Statistics: Nodes=3, Links=6, Subs=0
2026-08-16 17:41:16 [INFO]   Validation passed with no warnings.
2026-08-16 17:41:16 [INFO] PHASE 4: ICM validation (scenario: Base)
2026-08-16 17:41:16 [INFO]   Validation: 0 error(s), 0 warning(s)
2026-08-16 17:41:16 [INFO] Network committed.
2026-08-16 17:41:16 [INFO] SUCCESS: extran10.inp
2026-08-16 17:41:16 [INFO]   InfoWorks shell created: 'extran10_IW' (id 404)
2026-08-16 17:41:16 [INFO] 
----------------------------------------------------------------------
2026-08-16 17:41:16 [INFO] [4/17] Processing: extran2.inp
2026-08-16 17:41:16 [INFO] ----------------------------------------------------------------------
2026-08-16 17:41:16 [INFO] PHASE 1: Importing SWMM5 data
2026-08-16 17:41:16 [INFO]   Import duration: 0.38s
2026-08-16 17:41:16 [INFO]   Imported 6 object(s); network 'extran2' (ID: 428)
2026-08-16 17:41:16 [INFO]   Actual location: >MODG~owa>IWSWNET~extran2
2026-08-16 17:41:16 [INFO]   SUCCESS: Import completed.
2026-08-16 17:41:16 [WARN]   importer: [TEMPERATURE] () has no matching [TIMESERIES]. Unable to create.
2026-08-16 17:41:16 [INFO] PHASE 2: Cleaning up empty visualization labels (sw_label)
2026-08-16 17:41:16 [INFO]   No 'sw_label' table in this network - nothing to clean.
2026-08-16 17:41:16 [INFO] PHASE 3: Validation and Statistics
2026-08-16 17:41:16 [INFO]   Statistics: Nodes=10, Links=9, Subs=0
2026-08-16 17:41:16 [INFO]   Validation passed with no warnings.
2026-08-16 17:41:16 [INFO] PHASE 4: ICM validation (scenario: Base)
2026-08-16 17:41:16 [INFO]   Validation: 0 error(s), 0 warning(s)
2026-08-16 17:41:16 [INFO] Network committed.
2026-08-16 17:41:16 [INFO] SUCCESS: extran2.inp
2026-08-16 17:41:17 [INFO]   InfoWorks shell created: 'extran2_IW' (id 405)
2026-08-16 17:41:17 [INFO] 
----------------------------------------------------------------------
2026-08-16 17:41:17 [INFO] [5/17] Processing: extran3.inp
2026-08-16 17:41:17 [INFO] ----------------------------------------------------------------------
2026-08-16 17:41:17 [INFO] PHASE 1: Importing SWMM5 data
2026-08-16 17:41:17 [INFO]   Import duration: 0.39s
2026-08-16 17:41:17 [INFO]   Imported 6 object(s); network 'extran3' (ID: 429)
2026-08-16 17:41:17 [INFO]   Actual location: >MODG~owa>IWSWNET~extran3
2026-08-16 17:41:17 [INFO]   SUCCESS: Import completed.
2026-08-16 17:41:17 [WARN]   importer: Outfalls of type Stage-Flow are not supported by EPA-SWMM. The following outfalls(s) [10208] have been reassigned to type Free. Verify the outfall properties prior to running a simulation.
2026-08-16 17:41:17 [WARN]   importer: [TEMPERATURE] () has no matching [TIMESERIES]. Unable to create.
2026-08-16 17:41:17 [INFO] PHASE 2: Cleaning up empty visualization labels (sw_label)
2026-08-16 17:41:17 [INFO]   No 'sw_label' table in this network - nothing to clean.
2026-08-16 17:41:17 [INFO] PHASE 3: Validation and Statistics
2026-08-16 17:41:17 [INFO]   Statistics: Nodes=10, Links=10, Subs=0
2026-08-16 17:41:17 [INFO]   Validation passed with no warnings.
2026-08-16 17:41:17 [INFO] PHASE 4: ICM validation (scenario: Base)
2026-08-16 17:41:17 [INFO]   Validation: 0 error(s), 0 warning(s)
2026-08-16 17:41:17 [INFO] Network committed.
2026-08-16 17:41:17 [INFO] SUCCESS: extran3.inp
2026-08-16 17:41:18 [INFO]   InfoWorks shell created: 'extran3_IW' (id 406)
2026-08-16 17:41:18 [INFO] 
----------------------------------------------------------------------
2026-08-16 17:41:18 [INFO] [6/17] Processing: extran4.inp
2026-08-16 17:41:18 [INFO] ----------------------------------------------------------------------
2026-08-16 17:41:18 [INFO] PHASE 1: Importing SWMM5 data
2026-08-16 17:41:18 [INFO]   Import duration: 0.34s
2026-08-16 17:41:18 [INFO]   Imported 6 object(s); network 'extran4' (ID: 430)
2026-08-16 17:41:18 [INFO]   Actual location: >MODG~owa>IWSWNET~extran4
2026-08-16 17:41:18 [INFO]   SUCCESS: Import completed.
2026-08-16 17:41:18 [WARN]   importer: Outfalls of type Stage-Flow are not supported by EPA-SWMM. The following outfalls(s) [10208] have been reassigned to type Free. Verify the outfall properties prior to running a simulation.
2026-08-16 17:41:18 [WARN]   importer: [TEMPERATURE] () has no matching [TIMESERIES]. Unable to create.
2026-08-16 17:41:18 [INFO] PHASE 2: Cleaning up empty visualization labels (sw_label)
2026-08-16 17:41:18 [INFO]   No 'sw_label' table in this network - nothing to clean.
2026-08-16 17:41:18 [INFO] PHASE 3: Validation and Statistics
2026-08-16 17:41:18 [INFO]   Statistics: Nodes=10, Links=10, Subs=0
2026-08-16 17:41:18 [INFO]   Validation passed with no warnings.
2026-08-16 17:41:18 [INFO] PHASE 4: ICM validation (scenario: Base)
2026-08-16 17:41:18 [INFO]   Validation: 0 error(s), 0 warning(s)
2026-08-16 17:41:18 [INFO] Network committed.
2026-08-16 17:41:18 [INFO] SUCCESS: extran4.inp
2026-08-16 17:41:18 [INFO]   InfoWorks shell created: 'extran4_IW' (id 407)
2026-08-16 17:41:18 [INFO] 
----------------------------------------------------------------------
2026-08-16 17:41:18 [INFO] [7/17] Processing: extran5.inp
2026-08-16 17:41:18 [INFO] ----------------------------------------------------------------------
2026-08-16 17:41:18 [INFO] PHASE 1: Importing SWMM5 data
2026-08-16 17:41:19 [INFO]   Import duration: 0.40s
2026-08-16 17:41:19 [INFO]   Imported 6 object(s); network 'extran5' (ID: 431)
2026-08-16 17:41:19 [INFO]   Actual location: >MODG~owa>IWSWNET~extran5
2026-08-16 17:41:19 [INFO]   SUCCESS: Import completed.
2026-08-16 17:41:19 [WARN]   importer: Outfalls of type Stage-Flow are not supported by EPA-SWMM. The following outfalls(s) [10208] have been reassigned to type Free. Verify the outfall properties prior to running a simulation.
2026-08-16 17:41:19 [WARN]   importer: [TEMPERATURE] () has no matching [TIMESERIES]. Unable to create.
2026-08-16 17:41:19 [INFO] PHASE 2: Cleaning up empty visualization labels (sw_label)
2026-08-16 17:41:19 [INFO]   No 'sw_label' table in this network - nothing to clean.
2026-08-16 17:41:19 [INFO] PHASE 3: Validation and Statistics
2026-08-16 17:41:19 [INFO]   Statistics: Nodes=11, Links=10, Subs=0
2026-08-16 17:41:19 [INFO]   Validation passed with no warnings.
2026-08-16 17:41:19 [INFO] PHASE 4: ICM validation (scenario: Base)
2026-08-16 17:41:19 [INFO]   Validation: 0 error(s), 0 warning(s)
2026-08-16 17:41:19 [INFO] Network committed.
2026-08-16 17:41:19 [INFO] SUCCESS: extran5.inp
2026-08-16 17:41:19 [INFO]   InfoWorks shell created: 'extran5_IW' (id 408)
2026-08-16 17:41:19 [INFO] 
----------------------------------------------------------------------
2026-08-16 17:41:19 [INFO] [8/17] Processing: extran6.inp
2026-08-16 17:41:19 [INFO] ----------------------------------------------------------------------
2026-08-16 17:41:19 [INFO] PHASE 1: Importing SWMM5 data
2026-08-16 17:41:20 [INFO]   Import duration: 0.39s
2026-08-16 17:41:20 [INFO]   Imported 6 object(s); network 'extran6' (ID: 432)
2026-08-16 17:41:20 [INFO]   Actual location: >MODG~owa>IWSWNET~extran6
2026-08-16 17:41:20 [INFO]   SUCCESS: Import completed.
2026-08-16 17:41:20 [WARN]   importer: Outfalls of type Stage-Flow are not supported by EPA-SWMM. The following outfalls(s) [10208] have been reassigned to type Free. Verify the outfall properties prior to running a simulation.
2026-08-16 17:41:20 [WARN]   importer: [TEMPERATURE] () has no matching [TIMESERIES]. Unable to create.
2026-08-16 17:41:20 [INFO] PHASE 2: Cleaning up empty visualization labels (sw_label)
2026-08-16 17:41:20 [INFO]   No 'sw_label' table in this network - nothing to clean.
2026-08-16 17:41:20 [INFO] PHASE 3: Validation and Statistics
2026-08-16 17:41:20 [INFO]   Statistics: Nodes=11, Links=11, Subs=0
2026-08-16 17:41:20 [INFO]   Validation passed with no warnings.
2026-08-16 17:41:20 [INFO] PHASE 4: ICM validation (scenario: Base)
2026-08-16 17:41:20 [INFO]   Validation: 0 error(s), 2 warning(s)
2026-08-16 17:41:20 [INFO]   Validation messages written to: extran6_Validation.txt
2026-08-16 17:41:20 [WARN]   WARNING: ICM validation could not run: undefined method 'each_with_index' for an instance of WSValidations
2026-08-16 17:41:20 [INFO] Network committed.
2026-08-16 17:41:20 [INFO] SUCCESS: extran6.inp
2026-08-16 17:41:20 [INFO]   InfoWorks shell created: 'extran6_IW' (id 409)
2026-08-16 17:41:20 [INFO] 
----------------------------------------------------------------------
2026-08-16 17:41:20 [INFO] [9/17] Processing: extran7.inp
2026-08-16 17:41:20 [INFO] ----------------------------------------------------------------------
2026-08-16 17:41:20 [INFO] PHASE 1: Importing SWMM5 data
2026-08-16 17:41:20 [INFO]   Import duration: 0.39s
2026-08-16 17:41:20 [INFO]   Imported 6 object(s); network 'extran7' (ID: 433)
2026-08-16 17:41:20 [INFO]   Actual location: >MODG~owa>IWSWNET~extran7
2026-08-16 17:41:20 [INFO]   SUCCESS: Import completed.
2026-08-16 17:41:20 [WARN]   importer: Outfalls of type Stage-Flow are not supported by EPA-SWMM. The following outfalls(s) [10208] have been reassigned to type Free. Verify the outfall properties prior to running a simulation.
2026-08-16 17:41:20 [WARN]   importer: [TEMPERATURE] () has no matching [TIMESERIES]. Unable to create.
2026-08-16 17:41:20 [INFO] PHASE 2: Cleaning up empty visualization labels (sw_label)
2026-08-16 17:41:20 [INFO]   No 'sw_label' table in this network - nothing to clean.
2026-08-16 17:41:20 [INFO] PHASE 3: Validation and Statistics
2026-08-16 17:41:20 [INFO]   Statistics: Nodes=10, Links=10, Subs=0
2026-08-16 17:41:20 [INFO]   Validation passed with no warnings.
2026-08-16 17:41:20 [INFO] PHASE 4: ICM validation (scenario: Base)
2026-08-16 17:41:20 [INFO]   Validation: 0 error(s), 0 warning(s)
2026-08-16 17:41:20 [INFO] Network committed.
2026-08-16 17:41:20 [INFO] SUCCESS: extran7.inp
2026-08-16 17:41:21 [INFO]   InfoWorks shell created: 'extran7_IW' (id 410)
2026-08-16 17:41:21 [INFO] 
----------------------------------------------------------------------
2026-08-16 17:41:21 [INFO] [10/17] Processing: extran8a.inp
2026-08-16 17:41:21 [INFO] ----------------------------------------------------------------------
2026-08-16 17:41:21 [INFO] PHASE 1: Importing SWMM5 data
2026-08-16 17:41:21 [INFO]   Import duration: 0.32s
2026-08-16 17:41:21 [INFO]   Imported 5 object(s); network 'extran8a' (ID: 434)
2026-08-16 17:41:21 [INFO]   Actual location: >MODG~owa>IWSWNET~extran8a
2026-08-16 17:41:21 [INFO]   SUCCESS: Import completed.
2026-08-16 17:41:21 [WARN]   importer: [TEMPERATURE] () has no matching [TIMESERIES]. Unable to create.
2026-08-16 17:41:21 [INFO] PHASE 2: Cleaning up empty visualization labels (sw_label)
2026-08-16 17:41:21 [INFO]   No 'sw_label' table in this network - nothing to clean.
2026-08-16 17:41:21 [INFO] PHASE 3: Validation and Statistics
2026-08-16 17:41:21 [INFO]   Statistics: Nodes=10, Links=9, Subs=0
2026-08-16 17:41:21 [INFO]   Validation passed with no warnings.
2026-08-16 17:41:21 [INFO] PHASE 4: ICM validation (scenario: Base)
2026-08-16 17:41:21 [INFO]   Validation: 0 error(s), 0 warning(s)
2026-08-16 17:41:21 [INFO] Network committed.
2026-08-16 17:41:21 [INFO] SUCCESS: extran8a.inp
2026-08-16 17:41:22 [INFO]   InfoWorks shell created: 'extran8a_IW' (id 411)
2026-08-16 17:41:22 [INFO] 
----------------------------------------------------------------------
2026-08-16 17:41:22 [INFO] [11/17] Processing: extran8b.inp
2026-08-16 17:41:22 [INFO] ----------------------------------------------------------------------
2026-08-16 17:41:22 [INFO] PHASE 1: Importing SWMM5 data
2026-08-16 17:41:22 [INFO]   Import duration: 0.36s
2026-08-16 17:41:22 [INFO]   Imported 6 object(s); network 'extran8b' (ID: 435)
2026-08-16 17:41:22 [INFO]   Actual location: >MODG~owa>IWSWNET~extran8b
2026-08-16 17:41:22 [INFO]   SUCCESS: Import completed.
2026-08-16 17:41:22 [WARN]   importer: [TEMPERATURE] () has no matching [TIMESERIES]. Unable to create.
2026-08-16 17:41:22 [INFO] PHASE 2: Cleaning up empty visualization labels (sw_label)
2026-08-16 17:41:22 [INFO]   No 'sw_label' table in this network - nothing to clean.
2026-08-16 17:41:22 [INFO] PHASE 3: Validation and Statistics
2026-08-16 17:41:22 [INFO]   Statistics: Nodes=10, Links=9, Subs=0
2026-08-16 17:41:22 [INFO]   Validation passed with no warnings.
2026-08-16 17:41:22 [INFO] PHASE 4: ICM validation (scenario: Base)
2026-08-16 17:41:22 [INFO]   Validation: 0 error(s), 0 warning(s)
2026-08-16 17:41:22 [INFO] Network committed.
2026-08-16 17:41:22 [INFO] SUCCESS: extran8b.inp
2026-08-16 17:41:22 [INFO]   InfoWorks shell created: 'extran8b_IW' (id 412)
2026-08-16 17:41:22 [INFO] 
----------------------------------------------------------------------
2026-08-16 17:41:22 [INFO] [12/17] Processing: extran9.inp
2026-08-16 17:41:22 [INFO] ----------------------------------------------------------------------
2026-08-16 17:41:22 [INFO] PHASE 1: Importing SWMM5 data
2026-08-16 17:41:23 [INFO]   Import duration: 0.38s
2026-08-16 17:41:23 [INFO]   Imported 6 object(s); network 'extran9' (ID: 436)
2026-08-16 17:41:23 [INFO]   Actual location: >MODG~owa>IWSWNET~extran9
2026-08-16 17:41:23 [INFO]   SUCCESS: Import completed.
2026-08-16 17:41:23 [WARN]   importer: Outfalls of type Stage-Flow are not supported by EPA-SWMM. The following outfalls(s) [30002] have been reassigned to type Free. Verify the outfall properties prior to running a simulation.
2026-08-16 17:41:23 [WARN]   importer: [TEMPERATURE] () has no matching [TIMESERIES]. Unable to create.
2026-08-16 17:41:23 [INFO] PHASE 2: Cleaning up empty visualization labels (sw_label)
2026-08-16 17:41:23 [INFO]   No 'sw_label' table in this network - nothing to clean.
2026-08-16 17:41:23 [INFO] PHASE 3: Validation and Statistics
2026-08-16 17:41:23 [INFO]   Statistics: Nodes=2, Links=1, Subs=0
2026-08-16 17:41:23 [INFO]   Validation passed with no warnings.
2026-08-16 17:41:23 [INFO] PHASE 4: ICM validation (scenario: Base)
2026-08-16 17:41:23 [INFO]   Validation: 0 error(s), 0 warning(s)
2026-08-16 17:41:23 [INFO] Network committed.
2026-08-16 17:41:23 [INFO] SUCCESS: extran9.inp
2026-08-16 17:41:23 [INFO]   InfoWorks shell created: 'extran9_IW' (id 413)
2026-08-16 17:41:23 [INFO] 
----------------------------------------------------------------------
2026-08-16 17:41:23 [INFO] [13/17] Processing: user1.inp
2026-08-16 17:41:23 [INFO] ----------------------------------------------------------------------
2026-08-16 17:41:23 [INFO] PHASE 1: Importing SWMM5 data
2026-08-16 17:41:24 [INFO]   Import duration: 0.59s
2026-08-16 17:41:24 [INFO]   Imported 6 object(s); network 'user1' (ID: 437)
2026-08-16 17:41:24 [INFO]   Actual location: >MODG~owa>IWSWNET~user1
2026-08-16 17:41:24 [INFO]   SUCCESS: Import completed.
2026-08-16 17:41:24 [WARN]   importer: Outfalls of type Stage-Flow are not supported by EPA-SWMM. The following outfalls(s) [Cierre] have been reassigned to type Free. Verify the outfall properties prior to running a simulation.
2026-08-16 17:41:24 [WARN]   importer: [RAINGAGES] (GAGE1) created but no GeoPlan object created.
2026-08-16 17:41:24 [WARN]   importer: [TEMPERATURE] () has no matching [TIMESERIES]. Unable to create.
2026-08-16 17:41:24 [INFO] PHASE 2: Cleaning up empty visualization labels (sw_label)
2026-08-16 17:41:24 [INFO]   No 'sw_label' table in this network - nothing to clean.
2026-08-16 17:41:24 [INFO] PHASE 3: Validation and Statistics
2026-08-16 17:41:24 [INFO]   Statistics: Nodes=60, Links=59, Subs=58
2026-08-16 17:41:24 [ERROR]   ERROR during validation/statistics analysis: undefined method 'node_id' for an instance of WSRowObject
2026-08-16 17:41:24 [INFO] PHASE 4: ICM validation (scenario: Base)
2026-08-16 17:41:24 [INFO]   Validation: 0 error(s), 0 warning(s)
2026-08-16 17:41:24 [INFO] Network committed.
2026-08-16 17:41:24 [INFO] SUCCESS: user1.inp
2026-08-16 17:41:24 [INFO]   InfoWorks shell created: 'user1_IW' (id 414)
2026-08-16 17:41:24 [INFO] 
----------------------------------------------------------------------
2026-08-16 17:41:24 [INFO] [14/17] Processing: user2_slot.inp
2026-08-16 17:41:24 [INFO] ----------------------------------------------------------------------
2026-08-16 17:41:24 [INFO] PHASE 1: Importing SWMM5 data
2026-08-16 17:41:25 [INFO]   Import duration: 0.46s
2026-08-16 17:41:25 [INFO]   Imported 6 object(s); network 'user2_slot' (ID: 438)
2026-08-16 17:41:25 [INFO]   Actual location: >MODG~owa>IWSWNET~user2_slot
2026-08-16 17:41:25 [INFO]   SUCCESS: Import completed.
2026-08-16 17:41:25 [WARN]   importer: [XSECTIONS] (TW01310) uses an older format pre-defined shapes size - please use Standard Size material and size code accordingly.
2026-08-16 17:41:25 [WARN]   importer: [XSECTIONS] (TW01330) uses an older format pre-defined shapes size - please use Standard Size material and size code accordingly.
2026-08-16 17:41:25 [WARN]   importer: [XSECTIONS] (TW04110) uses an older format pre-defined shapes size - please use Standard Size material and size code accordingly.
2026-08-16 17:41:25 [WARN]   importer: [XSECTIONS] (TW06005) uses an older format pre-defined shapes size - please use Standard Size material and size code accordingly.
2026-08-16 17:41:25 [INFO] PHASE 2: Cleaning up empty visualization labels (sw_label)
2026-08-16 17:41:25 [INFO]   No 'sw_label' table in this network - nothing to clean.
2026-08-16 17:41:25 [INFO] PHASE 3: Validation and Statistics
2026-08-16 17:41:25 [INFO]   Statistics: Nodes=72, Links=102, Subs=17
2026-08-16 17:41:25 [ERROR]   ERROR during validation/statistics analysis: undefined method 'node_id' for an instance of WSRowObject
2026-08-16 17:41:25 [INFO] PHASE 4: ICM validation (scenario: Base)
2026-08-16 17:41:25 [INFO]   Validation: 44 error(s), 4 warning(s)
2026-08-16 17:41:25 [INFO]   Validation messages written to: user2_slot_Validation.txt
2026-08-16 17:41:25 [WARN]   WARNING: ICM validation could not run: undefined method 'each_with_index' for an instance of WSValidations
2026-08-16 17:41:25 [INFO] Network committed.
2026-08-16 17:41:25 [INFO] SUCCESS: user2_slot.inp
2026-08-16 17:41:25 [INFO]   InfoWorks shell created: 'user2_slot_IW' (id 415)
2026-08-16 17:41:25 [INFO] 
----------------------------------------------------------------------
2026-08-16 17:41:25 [INFO] [15/17] Processing: user3.inp
2026-08-16 17:41:25 [INFO] ----------------------------------------------------------------------
2026-08-16 17:41:25 [INFO] PHASE 1: Importing SWMM5 data
2026-08-16 17:41:26 [INFO]   Import duration: 0.53s
2026-08-16 17:41:26 [INFO]   Imported 6 object(s); network 'user3' (ID: 439)
2026-08-16 17:41:26 [INFO]   Actual location: >MODG~owa>IWSWNET~user3
2026-08-16 17:41:26 [INFO]   SUCCESS: Import completed.
2026-08-16 17:41:26 [WARN]   importer: [RAINGAGES] (GAGE1) created but no GeoPlan object created.
2026-08-16 17:41:26 [WARN]   importer: [TEMPERATURE] () has no matching [TIMESERIES]. Unable to create.
2026-08-16 17:41:26 [INFO] PHASE 2: Cleaning up empty visualization labels (sw_label)
2026-08-16 17:41:26 [INFO]   No 'sw_label' table in this network - nothing to clean.
2026-08-16 17:41:26 [INFO] PHASE 3: Validation and Statistics
2026-08-16 17:41:26 [INFO]   Statistics: Nodes=141, Links=139, Subs=168
2026-08-16 17:41:26 [ERROR]   ERROR during validation/statistics analysis: undefined method 'node_id' for an instance of WSRowObject
2026-08-16 17:41:26 [INFO] PHASE 4: ICM validation (scenario: Base)
2026-08-16 17:41:26 [INFO]   Validation: 0 error(s), 0 warning(s)
2026-08-16 17:41:26 [INFO] Network committed.
2026-08-16 17:41:26 [INFO] SUCCESS: user3.inp
2026-08-16 17:41:26 [INFO]   InfoWorks shell created: 'user3_IW' (id 416)
2026-08-16 17:41:26 [INFO] 
----------------------------------------------------------------------
2026-08-16 17:41:26 [INFO] [16/17] Processing: user4.inp
2026-08-16 17:41:26 [INFO] ----------------------------------------------------------------------
2026-08-16 17:41:26 [INFO] PHASE 1: Importing SWMM5 data
2026-08-16 17:41:27 [INFO]   Import duration: 0.63s
2026-08-16 17:41:27 [INFO]   Imported 7 object(s); network 'user4' (ID: 440)
2026-08-16 17:41:27 [INFO]   Actual location: >MODG~owa>IWSWNET~user4
2026-08-16 17:41:27 [INFO]   SUCCESS: Import completed.
2026-08-16 17:41:27 [WARN]   importer: [RAINGAGES] (GAGE1) created but no GeoPlan object created.
2026-08-16 17:41:27 [WARN]   importer: [TEMPERATURE] () has no matching [TIMESERIES]. Unable to create.
2026-08-16 17:41:27 [INFO] PHASE 2: Cleaning up empty visualization labels (sw_label)
2026-08-16 17:41:27 [INFO]   No 'sw_label' table in this network - nothing to clean.
2026-08-16 17:41:27 [INFO] PHASE 3: Validation and Statistics
2026-08-16 17:41:27 [INFO]   Statistics: Nodes=209, Links=209, Subs=112
2026-08-16 17:41:27 [ERROR]   ERROR during validation/statistics analysis: undefined method 'node_id' for an instance of WSRowObject
2026-08-16 17:41:27 [INFO] PHASE 4: ICM validation (scenario: Base)
2026-08-16 17:41:27 [INFO]   Validation: 0 error(s), 9 warning(s)
2026-08-16 17:41:27 [INFO]   Validation messages written to: user4_Validation.txt
2026-08-16 17:41:27 [WARN]   WARNING: ICM validation could not run: undefined method 'each_with_index' for an instance of WSValidations
2026-08-16 17:41:27 [INFO] Network committed.
2026-08-16 17:41:27 [INFO] SUCCESS: user4.inp
2026-08-16 17:41:27 [INFO]   InfoWorks shell created: 'user4_IW' (id 417)
2026-08-16 17:41:27 [INFO] 
----------------------------------------------------------------------
2026-08-16 17:41:27 [INFO] [17/17] Processing: user5_slot.inp
2026-08-16 17:41:27 [INFO] ----------------------------------------------------------------------
2026-08-16 17:41:27 [INFO] PHASE 1: Importing SWMM5 data
2026-08-16 17:41:28 [INFO]   Import duration: 0.67s
2026-08-16 17:41:28 [INFO]   Imported 7 object(s); network 'user5_slot' (ID: 441)
2026-08-16 17:41:28 [INFO]   Actual location: >MODG~owa>IWSWNET~user5_slot
2026-08-16 17:41:28 [INFO]   SUCCESS: Import completed.
2026-08-16 17:41:28 [WARN]   importer: [RAINGAGES] (GAGE1) created but no GeoPlan object created.
2026-08-16 17:41:28 [WARN]   importer: [TEMPERATURE] () has no matching [TIMESERIES]. Unable to create.
2026-08-16 17:41:28 [INFO] PHASE 2: Cleaning up empty visualization labels (sw_label)
2026-08-16 17:41:28 [INFO]   No 'sw_label' table in this network - nothing to clean.
2026-08-16 17:41:28 [INFO] PHASE 3: Validation and Statistics
2026-08-16 17:41:28 [INFO]   Statistics: Nodes=200, Links=276, Subs=145
2026-08-16 17:41:28 [ERROR]   ERROR during validation/statistics analysis: undefined method 'node_id' for an instance of WSRowObject
2026-08-16 17:41:28 [INFO] PHASE 4: ICM validation (scenario: Base)
2026-08-16 17:41:28 [INFO]   Validation: 16 error(s), 0 warning(s)
2026-08-16 17:41:28 [INFO]   Validation messages written to: user5_slot_Validation.txt
2026-08-16 17:41:28 [WARN]   WARNING: ICM validation could not run: undefined method 'each_with_index' for an instance of WSValidations
2026-08-16 17:41:28 [INFO] Network committed.
2026-08-16 17:41:28 [INFO] SUCCESS: user5_slot.inp
2026-08-16 17:41:29 [INFO]   InfoWorks shell created: 'user5_slot_IW' (id 418)
2026-08-16 17:41:29 [INFO] 
======================================================================
2026-08-16 17:41:29 [INFO] BATCH IMPORT SUMMARY
2026-08-16 17:41:29 [INFO] ======================================================================
2026-08-16 17:41:29 [INFO] Total duration: 15.95s
2026-08-16 17:41:29 [INFO] Files processed: 17
2026-08-16 17:41:29 [INFO] Successful: 17
2026-08-16 17:41:29 [INFO] Failed: 0
2026-08-16 17:41:29 [INFO] Imported but NOT committed (validation errors): 0
2026-08-16 17:41:29 [INFO] Blank InfoWorks shells: 17 created, 0 skipped, 0 failed
2026-08-16 17:41:29 [INFO] 
Aggregate Statistics:
2026-08-16 17:41:29 [INFO]   Nodes: 789
2026-08-16 17:41:29 [INFO]   Links: 888
2026-08-16 17:41:29 [INFO]   Subcatchments: 500
2026-08-16 17:41:29 [INFO]   Empty Labels Cleaned: 0
2026-08-16 17:41:29 [INFO] 
Performance Metrics:
2026-08-16 17:41:29 [INFO]   Total Import Time: 7.93s (Avg: 0.47s)
2026-08-16 17:41:29 [INFO] HTML report: C:/Users/rober/GitHub/1729-SWMM5-Models-2030/Viewer-Demo-Results/ICM Import Log Files/SWMM5_Import_Report_20260816_174129.html
