# Logfile created on 2026-08-16 08:54:11 -0400 by logger.rb/v1.6.4
2026-08-16 08:54:11 [INFO] ======================================================================
2026-08-16 08:54:11 [INFO] SWMM5 Import to ICM (V3) - Exchange Script Initialized
2026-08-16 08:54:11 [INFO] ======================================================================
2026-08-16 08:54:11 [INFO] Database GUID: 4DA9E08B-9856-4B4D-8890-838A4BC7394E
2026-08-16 08:54:11 [INFO] Files to process: 17
2026-08-16 08:54:11 [INFO] 
======================================================================
2026-08-16 08:54:11 [INFO] BATCH PROCESSING STARTING
2026-08-16 08:54:11 [INFO] ======================================================================
2026-08-16 08:54:11 [INFO] Target Model Group by id 149: 'owa'
2026-08-16 08:54:11 [INFO] Target Model Group: 'owa' (ID: 149)
2026-08-16 08:54:11 [INFO] 
----------------------------------------------------------------------
2026-08-16 08:54:11 [INFO] [1/17] Processing: exam1.inp
2026-08-16 08:54:11 [INFO] ----------------------------------------------------------------------
2026-08-16 08:54:11 [INFO] PHASE 1: Importing SWMM5 data
2026-08-16 08:54:12 [INFO]   Import duration: 0.90s
2026-08-16 08:54:12 [INFO]   Imported 6 object(s); network 'exam1' (ID: 387)
2026-08-16 08:54:12 [INFO]   Actual location: >MODG~owa>IWSWNET~exam1
2026-08-16 08:54:12 [INFO]   SUCCESS: Import completed.
2026-08-16 08:54:12 [INFO] PHASE 2: Cleaning up empty visualization labels (sw_label)
2026-08-16 08:54:12 [INFO]   No 'sw_label' table in this network - nothing to clean.
2026-08-16 08:54:12 [INFO] PHASE 3: Validation and Statistics
2026-08-16 08:54:12 [INFO]   Statistics: Nodes=10, Links=9, Subs=0
2026-08-16 08:54:12 [INFO]   Validation passed with no warnings.
2026-08-16 08:54:12 [INFO] PHASE 4: ICM validation (scenario: Base)
2026-08-16 08:54:12 [INFO]   Validation: 0 error(s), 0 warning(s)
2026-08-16 08:54:12 [INFO] Network committed.
2026-08-16 08:54:12 [INFO] SUCCESS: exam1.inp
2026-08-16 08:54:14 [INFO]   InfoWorks shell skipped: ICM refused to create 'exam1': name already in use
2026-08-16 08:54:14 [INFO] 
----------------------------------------------------------------------
2026-08-16 08:54:14 [INFO] [2/17] Processing: extran1.inp
2026-08-16 08:54:14 [INFO] ----------------------------------------------------------------------
2026-08-16 08:54:14 [INFO] PHASE 1: Importing SWMM5 data
2026-08-16 08:54:14 [INFO]   Import duration: 0.41s
2026-08-16 08:54:14 [INFO]   Imported 6 object(s); network 'extran1' (ID: 388)
2026-08-16 08:54:14 [INFO]   Actual location: >MODG~owa>IWSWNET~extran1
2026-08-16 08:54:15 [INFO]   SUCCESS: Import completed.
2026-08-16 08:54:15 [INFO] PHASE 2: Cleaning up empty visualization labels (sw_label)
2026-08-16 08:54:15 [INFO]   No 'sw_label' table in this network - nothing to clean.
2026-08-16 08:54:15 [INFO] PHASE 3: Validation and Statistics
2026-08-16 08:54:15 [INFO]   Statistics: Nodes=10, Links=9, Subs=0
2026-08-16 08:54:15 [INFO]   Validation passed with no warnings.
2026-08-16 08:54:15 [INFO] PHASE 4: ICM validation (scenario: Base)
2026-08-16 08:54:15 [INFO]   Validation: 0 error(s), 0 warning(s)
2026-08-16 08:54:15 [INFO] Network committed.
2026-08-16 08:54:15 [INFO] SUCCESS: extran1.inp
2026-08-16 08:54:15 [INFO]   InfoWorks shell skipped: ICM refused to create 'extran1': name already in use
2026-08-16 08:54:15 [INFO] 
----------------------------------------------------------------------
2026-08-16 08:54:15 [INFO] [3/17] Processing: extran10.inp
2026-08-16 08:54:15 [INFO] ----------------------------------------------------------------------
2026-08-16 08:54:15 [INFO] PHASE 1: Importing SWMM5 data
2026-08-16 08:54:15 [INFO]   Import duration: 0.40s
2026-08-16 08:54:15 [INFO]   Imported 6 object(s); network 'extran10' (ID: 389)
2026-08-16 08:54:15 [INFO]   Actual location: >MODG~owa>IWSWNET~extran10
2026-08-16 08:54:15 [INFO]   SUCCESS: Import completed.
2026-08-16 08:54:15 [INFO] PHASE 2: Cleaning up empty visualization labels (sw_label)
2026-08-16 08:54:15 [INFO]   No 'sw_label' table in this network - nothing to clean.
2026-08-16 08:54:15 [INFO] PHASE 3: Validation and Statistics
2026-08-16 08:54:15 [INFO]   Statistics: Nodes=3, Links=6, Subs=0
2026-08-16 08:54:15 [INFO]   Validation passed with no warnings.
2026-08-16 08:54:15 [INFO] PHASE 4: ICM validation (scenario: Base)
2026-08-16 08:54:15 [INFO]   Validation: 0 error(s), 0 warning(s)
2026-08-16 08:54:15 [INFO] Network committed.
2026-08-16 08:54:15 [INFO] SUCCESS: extran10.inp
2026-08-16 08:54:15 [INFO]   InfoWorks shell skipped: ICM refused to create 'extran10': name already in use
2026-08-16 08:54:15 [INFO] 
----------------------------------------------------------------------
2026-08-16 08:54:15 [INFO] [4/17] Processing: extran2.inp
2026-08-16 08:54:15 [INFO] ----------------------------------------------------------------------
2026-08-16 08:54:15 [INFO] PHASE 1: Importing SWMM5 data
2026-08-16 08:54:15 [INFO]   Import duration: 0.38s
2026-08-16 08:54:15 [INFO]   Imported 6 object(s); network 'extran2' (ID: 390)
2026-08-16 08:54:15 [INFO]   Actual location: >MODG~owa>IWSWNET~extran2
2026-08-16 08:54:15 [INFO]   SUCCESS: Import completed.
2026-08-16 08:54:15 [INFO] PHASE 2: Cleaning up empty visualization labels (sw_label)
2026-08-16 08:54:15 [INFO]   No 'sw_label' table in this network - nothing to clean.
2026-08-16 08:54:15 [INFO] PHASE 3: Validation and Statistics
2026-08-16 08:54:15 [INFO]   Statistics: Nodes=10, Links=9, Subs=0
2026-08-16 08:54:15 [INFO]   Validation passed with no warnings.
2026-08-16 08:54:15 [INFO] PHASE 4: ICM validation (scenario: Base)
2026-08-16 08:54:15 [INFO]   Validation: 0 error(s), 0 warning(s)
2026-08-16 08:54:15 [INFO] Network committed.
2026-08-16 08:54:15 [INFO] SUCCESS: extran2.inp
2026-08-16 08:54:15 [INFO]   InfoWorks shell skipped: ICM refused to create 'extran2': name already in use
2026-08-16 08:54:15 [INFO] 
----------------------------------------------------------------------
2026-08-16 08:54:15 [INFO] [5/17] Processing: extran3.inp
2026-08-16 08:54:15 [INFO] ----------------------------------------------------------------------
2026-08-16 08:54:15 [INFO] PHASE 1: Importing SWMM5 data
2026-08-16 08:54:16 [INFO]   Import duration: 0.42s
2026-08-16 08:54:16 [INFO]   Imported 6 object(s); network 'extran3' (ID: 391)
2026-08-16 08:54:16 [INFO]   Actual location: >MODG~owa>IWSWNET~extran3
2026-08-16 08:54:16 [INFO]   SUCCESS: Import completed.
2026-08-16 08:54:16 [INFO] PHASE 2: Cleaning up empty visualization labels (sw_label)
2026-08-16 08:54:16 [INFO]   No 'sw_label' table in this network - nothing to clean.
2026-08-16 08:54:16 [INFO] PHASE 3: Validation and Statistics
2026-08-16 08:54:16 [INFO]   Statistics: Nodes=10, Links=10, Subs=0
2026-08-16 08:54:16 [INFO]   Validation passed with no warnings.
2026-08-16 08:54:16 [INFO] PHASE 4: ICM validation (scenario: Base)
2026-08-16 08:54:16 [INFO]   Validation: 0 error(s), 0 warning(s)
2026-08-16 08:54:16 [INFO] Network committed.
2026-08-16 08:54:16 [INFO] SUCCESS: extran3.inp
2026-08-16 08:54:16 [INFO]   InfoWorks shell skipped: ICM refused to create 'extran3': name already in use
2026-08-16 08:54:16 [INFO] 
----------------------------------------------------------------------
2026-08-16 08:54:16 [INFO] [6/17] Processing: extran4.inp
2026-08-16 08:54:16 [INFO] ----------------------------------------------------------------------
2026-08-16 08:54:16 [INFO] PHASE 1: Importing SWMM5 data
2026-08-16 08:54:16 [INFO]   Import duration: 0.36s
2026-08-16 08:54:16 [INFO]   Imported 6 object(s); network 'extran4' (ID: 392)
2026-08-16 08:54:16 [INFO]   Actual location: >MODG~owa>IWSWNET~extran4
2026-08-16 08:54:16 [INFO]   SUCCESS: Import completed.
2026-08-16 08:54:16 [INFO] PHASE 2: Cleaning up empty visualization labels (sw_label)
2026-08-16 08:54:16 [INFO]   No 'sw_label' table in this network - nothing to clean.
2026-08-16 08:54:16 [INFO] PHASE 3: Validation and Statistics
2026-08-16 08:54:16 [INFO]   Statistics: Nodes=10, Links=10, Subs=0
2026-08-16 08:54:16 [INFO]   Validation passed with no warnings.
2026-08-16 08:54:16 [INFO] PHASE 4: ICM validation (scenario: Base)
2026-08-16 08:54:16 [INFO]   Validation: 0 error(s), 0 warning(s)
2026-08-16 08:54:16 [INFO] Network committed.
2026-08-16 08:54:16 [INFO] SUCCESS: extran4.inp
2026-08-16 08:54:16 [INFO]   InfoWorks shell skipped: ICM refused to create 'extran4': name already in use
2026-08-16 08:54:16 [INFO] 
----------------------------------------------------------------------
2026-08-16 08:54:16 [INFO] [7/17] Processing: extran5.inp
2026-08-16 08:54:16 [INFO] ----------------------------------------------------------------------
2026-08-16 08:54:16 [INFO] PHASE 1: Importing SWMM5 data
2026-08-16 08:54:17 [INFO]   Import duration: 1.08s
2026-08-16 08:54:17 [INFO]   Imported 6 object(s); network 'extran5' (ID: 393)
2026-08-16 08:54:17 [INFO]   Actual location: >MODG~owa>IWSWNET~extran5
2026-08-16 08:54:17 [INFO]   SUCCESS: Import completed.
2026-08-16 08:54:17 [INFO] PHASE 2: Cleaning up empty visualization labels (sw_label)
2026-08-16 08:54:17 [INFO]   No 'sw_label' table in this network - nothing to clean.
2026-08-16 08:54:17 [INFO] PHASE 3: Validation and Statistics
2026-08-16 08:54:17 [INFO]   Statistics: Nodes=11, Links=10, Subs=0
2026-08-16 08:54:17 [INFO]   Validation passed with no warnings.
2026-08-16 08:54:17 [INFO] PHASE 4: ICM validation (scenario: Base)
2026-08-16 08:54:17 [INFO]   Validation: 0 error(s), 0 warning(s)
2026-08-16 08:54:17 [INFO] Network committed.
2026-08-16 08:54:17 [INFO] SUCCESS: extran5.inp
2026-08-16 08:54:17 [INFO]   InfoWorks shell skipped: ICM refused to create 'extran5': name already in use
2026-08-16 08:54:17 [INFO] 
----------------------------------------------------------------------
2026-08-16 08:54:17 [INFO] [8/17] Processing: extran6.inp
2026-08-16 08:54:17 [INFO] ----------------------------------------------------------------------
2026-08-16 08:54:17 [INFO] PHASE 1: Importing SWMM5 data
2026-08-16 08:54:18 [INFO]   Import duration: 0.45s
2026-08-16 08:54:18 [INFO]   Imported 6 object(s); network 'extran6' (ID: 394)
2026-08-16 08:54:18 [INFO]   Actual location: >MODG~owa>IWSWNET~extran6
2026-08-16 08:54:18 [INFO]   SUCCESS: Import completed.
2026-08-16 08:54:18 [INFO] PHASE 2: Cleaning up empty visualization labels (sw_label)
2026-08-16 08:54:18 [INFO]   No 'sw_label' table in this network - nothing to clean.
2026-08-16 08:54:18 [INFO] PHASE 3: Validation and Statistics
2026-08-16 08:54:18 [INFO]   Statistics: Nodes=11, Links=11, Subs=0
2026-08-16 08:54:18 [INFO]   Validation passed with no warnings.
2026-08-16 08:54:18 [INFO] PHASE 4: ICM validation (scenario: Base)
2026-08-16 08:54:18 [INFO]   Validation: 0 error(s), 2 warning(s)
2026-08-16 08:54:18 [INFO]   Validation messages written to: extran6_Validation.txt
2026-08-16 08:54:18 [WARN]   WARNING: ICM validation could not run: undefined method 'each_with_index' for an instance of WSValidations
2026-08-16 08:54:18 [INFO] Network committed.
2026-08-16 08:54:18 [INFO] SUCCESS: extran6.inp
2026-08-16 08:54:18 [INFO]   InfoWorks shell skipped: ICM refused to create 'extran6': name already in use
2026-08-16 08:54:18 [INFO] 
----------------------------------------------------------------------
2026-08-16 08:54:18 [INFO] [9/17] Processing: extran7.inp
2026-08-16 08:54:18 [INFO] ----------------------------------------------------------------------
2026-08-16 08:54:18 [INFO] PHASE 1: Importing SWMM5 data
2026-08-16 08:54:18 [INFO]   Import duration: 0.37s
2026-08-16 08:54:18 [INFO]   Imported 6 object(s); network 'extran7' (ID: 395)
2026-08-16 08:54:18 [INFO]   Actual location: >MODG~owa>IWSWNET~extran7
2026-08-16 08:54:18 [INFO]   SUCCESS: Import completed.
2026-08-16 08:54:18 [INFO] PHASE 2: Cleaning up empty visualization labels (sw_label)
2026-08-16 08:54:18 [INFO]   No 'sw_label' table in this network - nothing to clean.
2026-08-16 08:54:18 [INFO] PHASE 3: Validation and Statistics
2026-08-16 08:54:18 [INFO]   Statistics: Nodes=10, Links=10, Subs=0
2026-08-16 08:54:18 [INFO]   Validation passed with no warnings.
2026-08-16 08:54:18 [INFO] PHASE 4: ICM validation (scenario: Base)
2026-08-16 08:54:18 [INFO]   Validation: 0 error(s), 0 warning(s)
2026-08-16 08:54:18 [INFO] Network committed.
2026-08-16 08:54:18 [INFO] SUCCESS: extran7.inp
2026-08-16 08:54:18 [INFO]   InfoWorks shell skipped: ICM refused to create 'extran7': name already in use
2026-08-16 08:54:18 [INFO] 
----------------------------------------------------------------------
2026-08-16 08:54:18 [INFO] [10/17] Processing: extran8a.inp
2026-08-16 08:54:18 [INFO] ----------------------------------------------------------------------
2026-08-16 08:54:18 [INFO] PHASE 1: Importing SWMM5 data
2026-08-16 08:54:19 [INFO]   Import duration: 0.31s
2026-08-16 08:54:19 [INFO]   Imported 5 object(s); network 'extran8a' (ID: 396)
2026-08-16 08:54:19 [INFO]   Actual location: >MODG~owa>IWSWNET~extran8a
2026-08-16 08:54:19 [INFO]   SUCCESS: Import completed.
2026-08-16 08:54:19 [INFO] PHASE 2: Cleaning up empty visualization labels (sw_label)
2026-08-16 08:54:19 [INFO]   No 'sw_label' table in this network - nothing to clean.
2026-08-16 08:54:19 [INFO] PHASE 3: Validation and Statistics
2026-08-16 08:54:19 [INFO]   Statistics: Nodes=10, Links=9, Subs=0
2026-08-16 08:54:19 [INFO]   Validation passed with no warnings.
2026-08-16 08:54:19 [INFO] PHASE 4: ICM validation (scenario: Base)
2026-08-16 08:54:19 [INFO]   Validation: 0 error(s), 0 warning(s)
2026-08-16 08:54:19 [INFO] Network committed.
2026-08-16 08:54:19 [INFO] SUCCESS: extran8a.inp
2026-08-16 08:54:19 [INFO]   InfoWorks shell skipped: ICM refused to create 'extran8a': name already in use
2026-08-16 08:54:19 [INFO] 
----------------------------------------------------------------------
2026-08-16 08:54:19 [INFO] [11/17] Processing: extran8b.inp
2026-08-16 08:54:19 [INFO] ----------------------------------------------------------------------
2026-08-16 08:54:19 [INFO] PHASE 1: Importing SWMM5 data
2026-08-16 08:54:19 [INFO]   Import duration: 0.38s
2026-08-16 08:54:19 [INFO]   Imported 6 object(s); network 'extran8b' (ID: 397)
2026-08-16 08:54:19 [INFO]   Actual location: >MODG~owa>IWSWNET~extran8b
2026-08-16 08:54:19 [INFO]   SUCCESS: Import completed.
2026-08-16 08:54:19 [INFO] PHASE 2: Cleaning up empty visualization labels (sw_label)
2026-08-16 08:54:19 [INFO]   No 'sw_label' table in this network - nothing to clean.
2026-08-16 08:54:19 [INFO] PHASE 3: Validation and Statistics
2026-08-16 08:54:19 [INFO]   Statistics: Nodes=10, Links=9, Subs=0
2026-08-16 08:54:19 [INFO]   Validation passed with no warnings.
2026-08-16 08:54:19 [INFO] PHASE 4: ICM validation (scenario: Base)
2026-08-16 08:54:19 [INFO]   Validation: 0 error(s), 0 warning(s)
2026-08-16 08:54:19 [INFO] Network committed.
2026-08-16 08:54:19 [INFO] SUCCESS: extran8b.inp
2026-08-16 08:54:19 [INFO]   InfoWorks shell skipped: ICM refused to create 'extran8b': name already in use
2026-08-16 08:54:19 [INFO] 
----------------------------------------------------------------------
2026-08-16 08:54:19 [INFO] [12/17] Processing: extran9.inp
2026-08-16 08:54:19 [INFO] ----------------------------------------------------------------------
2026-08-16 08:54:19 [INFO] PHASE 1: Importing SWMM5 data
2026-08-16 08:54:20 [INFO]   Import duration: 0.38s
2026-08-16 08:54:20 [INFO]   Imported 6 object(s); network 'extran9' (ID: 398)
2026-08-16 08:54:20 [INFO]   Actual location: >MODG~owa>IWSWNET~extran9
2026-08-16 08:54:20 [INFO]   SUCCESS: Import completed.
2026-08-16 08:54:20 [INFO] PHASE 2: Cleaning up empty visualization labels (sw_label)
2026-08-16 08:54:20 [INFO]   No 'sw_label' table in this network - nothing to clean.
2026-08-16 08:54:20 [INFO] PHASE 3: Validation and Statistics
2026-08-16 08:54:20 [INFO]   Statistics: Nodes=2, Links=1, Subs=0
2026-08-16 08:54:20 [INFO]   Validation passed with no warnings.
2026-08-16 08:54:20 [INFO] PHASE 4: ICM validation (scenario: Base)
2026-08-16 08:54:20 [INFO]   Validation: 0 error(s), 0 warning(s)
2026-08-16 08:54:20 [INFO] Network committed.
2026-08-16 08:54:20 [INFO] SUCCESS: extran9.inp
2026-08-16 08:54:20 [INFO]   InfoWorks shell skipped: ICM refused to create 'extran9': name already in use
2026-08-16 08:54:20 [INFO] 
----------------------------------------------------------------------
2026-08-16 08:54:20 [INFO] [13/17] Processing: user1.inp
2026-08-16 08:54:20 [INFO] ----------------------------------------------------------------------
2026-08-16 08:54:20 [INFO] PHASE 1: Importing SWMM5 data
2026-08-16 08:54:20 [INFO]   Import duration: 0.54s
2026-08-16 08:54:20 [INFO]   Imported 6 object(s); network 'user1' (ID: 399)
2026-08-16 08:54:20 [INFO]   Actual location: >MODG~owa>IWSWNET~user1
2026-08-16 08:54:20 [INFO]   SUCCESS: Import completed.
2026-08-16 08:54:20 [INFO] PHASE 2: Cleaning up empty visualization labels (sw_label)
2026-08-16 08:54:20 [INFO]   No 'sw_label' table in this network - nothing to clean.
2026-08-16 08:54:20 [INFO] PHASE 3: Validation and Statistics
2026-08-16 08:54:20 [INFO]   Statistics: Nodes=60, Links=59, Subs=58
2026-08-16 08:54:20 [ERROR]   ERROR during validation/statistics analysis: undefined method 'node_id' for an instance of WSRowObject
2026-08-16 08:54:20 [INFO] PHASE 4: ICM validation (scenario: Base)
2026-08-16 08:54:20 [INFO]   Validation: 0 error(s), 0 warning(s)
2026-08-16 08:54:20 [INFO] Network committed.
2026-08-16 08:54:20 [INFO] SUCCESS: user1.inp
2026-08-16 08:54:20 [INFO]   InfoWorks shell skipped: ICM refused to create 'user1': name already in use
2026-08-16 08:54:20 [INFO] 
----------------------------------------------------------------------
2026-08-16 08:54:20 [INFO] [14/17] Processing: user2_slot.inp
2026-08-16 08:54:20 [INFO] ----------------------------------------------------------------------
2026-08-16 08:54:20 [INFO] PHASE 1: Importing SWMM5 data
2026-08-16 08:54:21 [INFO]   Import duration: 0.44s
2026-08-16 08:54:21 [INFO]   Imported 6 object(s); network 'user2_slot' (ID: 400)
2026-08-16 08:54:21 [INFO]   Actual location: >MODG~owa>IWSWNET~user2_slot
2026-08-16 08:54:21 [INFO]   SUCCESS: Import completed.
2026-08-16 08:54:21 [INFO] PHASE 2: Cleaning up empty visualization labels (sw_label)
2026-08-16 08:54:21 [INFO]   No 'sw_label' table in this network - nothing to clean.
2026-08-16 08:54:21 [INFO] PHASE 3: Validation and Statistics
2026-08-16 08:54:21 [INFO]   Statistics: Nodes=72, Links=102, Subs=17
2026-08-16 08:54:21 [ERROR]   ERROR during validation/statistics analysis: undefined method 'node_id' for an instance of WSRowObject
2026-08-16 08:54:21 [INFO] PHASE 4: ICM validation (scenario: Base)
2026-08-16 08:54:21 [INFO]   Validation: 44 error(s), 4 warning(s)
2026-08-16 08:54:21 [INFO]   Validation messages written to: user2_slot_Validation.txt
2026-08-16 08:54:21 [WARN]   WARNING: ICM validation could not run: undefined method 'each_with_index' for an instance of WSValidations
2026-08-16 08:54:21 [INFO] Network committed.
2026-08-16 08:54:21 [INFO] SUCCESS: user2_slot.inp
2026-08-16 08:54:21 [INFO]   InfoWorks shell skipped: ICM refused to create 'user2_slot': name already in use
2026-08-16 08:54:21 [INFO] 
----------------------------------------------------------------------
2026-08-16 08:54:21 [INFO] [15/17] Processing: user3.inp
2026-08-16 08:54:21 [INFO] ----------------------------------------------------------------------
2026-08-16 08:54:21 [INFO] PHASE 1: Importing SWMM5 data
2026-08-16 08:54:21 [INFO]   Import duration: 0.52s
2026-08-16 08:54:21 [INFO]   Imported 6 object(s); network 'user3' (ID: 401)
2026-08-16 08:54:21 [INFO]   Actual location: >MODG~owa>IWSWNET~user3
2026-08-16 08:54:21 [INFO]   SUCCESS: Import completed.
2026-08-16 08:54:21 [INFO] PHASE 2: Cleaning up empty visualization labels (sw_label)
2026-08-16 08:54:21 [INFO]   No 'sw_label' table in this network - nothing to clean.
2026-08-16 08:54:21 [INFO] PHASE 3: Validation and Statistics
2026-08-16 08:54:21 [INFO]   Statistics: Nodes=141, Links=139, Subs=168
2026-08-16 08:54:21 [ERROR]   ERROR during validation/statistics analysis: undefined method 'node_id' for an instance of WSRowObject
2026-08-16 08:54:21 [INFO] PHASE 4: ICM validation (scenario: Base)
2026-08-16 08:54:21 [INFO]   Validation: 0 error(s), 0 warning(s)
2026-08-16 08:54:22 [INFO] Network committed.
2026-08-16 08:54:22 [INFO] SUCCESS: user3.inp
2026-08-16 08:54:22 [INFO]   InfoWorks shell skipped: ICM refused to create 'user3': name already in use
2026-08-16 08:54:22 [INFO] 
----------------------------------------------------------------------
2026-08-16 08:54:22 [INFO] [16/17] Processing: user4.inp
2026-08-16 08:54:22 [INFO] ----------------------------------------------------------------------
2026-08-16 08:54:22 [INFO] PHASE 1: Importing SWMM5 data
2026-08-16 08:54:22 [INFO]   Import duration: 0.70s
2026-08-16 08:54:22 [INFO]   Imported 7 object(s); network 'user4' (ID: 402)
2026-08-16 08:54:22 [INFO]   Actual location: >MODG~owa>IWSWNET~user4
2026-08-16 08:54:22 [INFO]   SUCCESS: Import completed.
2026-08-16 08:54:22 [INFO] PHASE 2: Cleaning up empty visualization labels (sw_label)
2026-08-16 08:54:22 [INFO]   No 'sw_label' table in this network - nothing to clean.
2026-08-16 08:54:22 [INFO] PHASE 3: Validation and Statistics
2026-08-16 08:54:22 [INFO]   Statistics: Nodes=209, Links=209, Subs=112
2026-08-16 08:54:22 [ERROR]   ERROR during validation/statistics analysis: undefined method 'node_id' for an instance of WSRowObject
2026-08-16 08:54:22 [INFO] PHASE 4: ICM validation (scenario: Base)
2026-08-16 08:54:22 [INFO]   Validation: 0 error(s), 9 warning(s)
2026-08-16 08:54:22 [INFO]   Validation messages written to: user4_Validation.txt
2026-08-16 08:54:22 [WARN]   WARNING: ICM validation could not run: undefined method 'each_with_index' for an instance of WSValidations
2026-08-16 08:54:22 [INFO] Network committed.
2026-08-16 08:54:22 [INFO] SUCCESS: user4.inp
2026-08-16 08:54:22 [INFO]   InfoWorks shell skipped: ICM refused to create 'user4': name already in use
2026-08-16 08:54:22 [INFO] 
----------------------------------------------------------------------
2026-08-16 08:54:22 [INFO] [17/17] Processing: user5_slot.inp
2026-08-16 08:54:22 [INFO] ----------------------------------------------------------------------
2026-08-16 08:54:22 [INFO] PHASE 1: Importing SWMM5 data
2026-08-16 08:54:23 [INFO]   Import duration: 0.62s
2026-08-16 08:54:23 [INFO]   Imported 7 object(s); network 'user5_slot' (ID: 403)
2026-08-16 08:54:23 [INFO]   Actual location: >MODG~owa>IWSWNET~user5_slot
2026-08-16 08:54:23 [INFO]   SUCCESS: Import completed.
2026-08-16 08:54:23 [INFO] PHASE 2: Cleaning up empty visualization labels (sw_label)
2026-08-16 08:54:23 [INFO]   No 'sw_label' table in this network - nothing to clean.
2026-08-16 08:54:23 [INFO] PHASE 3: Validation and Statistics
2026-08-16 08:54:23 [INFO]   Statistics: Nodes=200, Links=276, Subs=145
2026-08-16 08:54:23 [ERROR]   ERROR during validation/statistics analysis: undefined method 'node_id' for an instance of WSRowObject
2026-08-16 08:54:23 [INFO] PHASE 4: ICM validation (scenario: Base)
2026-08-16 08:54:23 [INFO]   Validation: 16 error(s), 0 warning(s)
2026-08-16 08:54:23 [INFO]   Validation messages written to: user5_slot_Validation.txt
2026-08-16 08:54:23 [WARN]   WARNING: ICM validation could not run: undefined method 'each_with_index' for an instance of WSValidations
2026-08-16 08:54:23 [INFO] Network committed.
2026-08-16 08:54:23 [INFO] SUCCESS: user5_slot.inp
2026-08-16 08:54:23 [INFO]   InfoWorks shell skipped: ICM refused to create 'user5_slot': name already in use
2026-08-16 08:54:23 [INFO] 
======================================================================
2026-08-16 08:54:23 [INFO] BATCH IMPORT SUMMARY
2026-08-16 08:54:23 [INFO] ======================================================================
2026-08-16 08:54:23 [INFO] Total duration: 12.11s
2026-08-16 08:54:23 [INFO] Files processed: 17
2026-08-16 08:54:23 [INFO] Successful: 17
2026-08-16 08:54:23 [INFO] Failed: 0
2026-08-16 08:54:23 [INFO] Imported but NOT committed (validation errors): 0
2026-08-16 08:54:23 [INFO] Blank InfoWorks shells: 0 created, 17 skipped, 0 failed
2026-08-16 08:54:23 [INFO] 
Aggregate Statistics:
2026-08-16 08:54:23 [INFO]   Nodes: 789
2026-08-16 08:54:23 [INFO]   Links: 888
2026-08-16 08:54:23 [INFO]   Subcatchments: 500
2026-08-16 08:54:23 [INFO]   Empty Labels Cleaned: 0
2026-08-16 08:54:23 [INFO] 
Performance Metrics:
2026-08-16 08:54:23 [INFO]   Total Import Time: 8.66s (Avg: 0.51s)
2026-08-16 08:54:23 [INFO] HTML report: C:/Users/rober/GitHub/1729-SWMM5-Models-2030/Viewer-Demo-Results/ICM Import Log Files/SWMM5_Import_Report_20260816_085423.html
