
  EPA STORM WATER MANAGEMENT MODEL - VERSION 5.2 (Build 5.2.4)
  ------------------------------------------------------------

  CSO 009, 013, 014, AND 015 
  WARNING 04: minimum elevation drop used for Conduit 548
  
  ****************
  Analysis Options
  ****************
  Flow Units ............... CFS
  Process Models:
    Rainfall/Runoff ........ NO
    RDII ................... NO
    Snowmelt ............... NO
    Groundwater ............ NO
    Flow Routing ........... YES
    Ponding Allowed ........ NO
    Water Quality .......... NO
  Flow Routing Method ...... DYNWAVE
  Surcharge Method ......... EXTRAN
  Starting Date ............ 01/01/2001 00:00:00
  Ending Date .............. 01/02/2001 00:00:00
  Antecedent Dry Days ...... 0.0
  Report Time Step ......... 00:15:00
  Routing Time Step ........ 5.00 sec
  Variable Time Step ....... YES
  Maximum Trials ........... 50
  Number of Threads ........ 1
  Head Tolerance ........... 0.005000 ft
  
  
  **************************        Volume        Volume
  Flow Routing Continuity        acre-feet      10^6 gal
  **************************     ---------     ---------
  Dry Weather Inflow .......         0.000         0.000
  Wet Weather Inflow .......         0.000         0.000
  Groundwater Inflow .......         0.000         0.000
  RDII Inflow ..............         0.000         0.000
  External Inflow ..........        35.701        11.634
  External Outflow .........         3.319         1.082
  Flooding Loss ............         5.209         1.697
  Evaporation Loss .........         0.000         0.000
  Exfiltration Loss ........         0.000         0.000
  Initial Stored Volume ....         0.000         0.000
  Final Stored Volume ......         4.894         1.595
  Continuity Error (%) .....        62.405
  
  
  *************************
  Highest Continuity Errors
  *************************
  Node 471 (100.00%)
  Node 470 (100.00%)
  Node 301 (100.00%)
  Node 317 (100.00%)
  Node 908 (100.00%)
  
  
  ***************************
  Time-Step Critical Elements
  ***************************
  Link 1399 (83.24%)
  Link 1528 (12.70%)
  
  
  ********************************
  Highest Flow Instability Indexes
  ********************************
  Link 1446 (7)
  Link 1445 (7)
  Link 1444 (6)
  Link 1458 (2)
  Link 1459 (2)
  
  
  *********************************
  Most Frequent Nonconverging Nodes
  *********************************
  Node 044 (0.33%)
  Node 412 (0.01%)
  Node 433 (0.01%)
  Node 434 (0.01%)
  Node 437 (0.01%)
  
  
  *************************
  Routing Time Step Summary
  *************************
  Minimum Time Step           :     1.60 sec
  Average Time Step           :     2.39 sec
  Maximum Time Step           :     5.00 sec
  % of Time in Steady State   :     0.00
  Average Iterations per Step :     2.17
  % of Steps Not Converging   :     0.33
  Time Step Frequencies       :
      5.000 -  3.155 sec      :     4.06 %
      3.155 -  1.991 sec      :    83.28 %
      1.991 -  1.256 sec      :    12.65 %
      1.256 -  0.792 sec      :     0.00 %
      0.792 -  0.500 sec      :     0.00 %
  
  
  ******************
  Node Depth Summary
  ******************
  
  ---------------------------------------------------------------------------------
                                 Average  Maximum  Maximum  Time of Max    Reported
                                   Depth    Depth      HGL   Occurrence   Max Depth
  Node                 Type         Feet     Feet     Feet  days hr:min        Feet
  ---------------------------------------------------------------------------------
  401                  JUNCTION   148.09   573.11  1158.11     0  23:13      573.11
  400                  JUNCTION     0.59     3.18   592.18     0  23:19        3.17
  402                  JUNCTION     0.00     0.00   588.00     0  00:00        0.00
  403                  JUNCTION     0.00     0.00   588.00     0  00:00        0.00
  404                  JUNCTION     0.00     0.00   588.00     0  00:00        0.00
  405                  JUNCTION     0.00     0.00   593.00     0  00:00        0.00
  406                  JUNCTION     0.00     0.00   593.50     0  00:00        0.00
  407                  JUNCTION     1.75   148.00   743.00     1  00:00      148.00
  408                  JUNCTION    49.31   579.97  1172.97     1  00:00      579.97
  409                  JUNCTION    99.06   579.48  1173.48     0  23:17      579.48
  410                  JUNCTION   148.84   580.03  1175.03     0  21:09      580.03
  411                  JUNCTION   199.00   580.73  1176.73     0  17:20      580.73
  412                  JUNCTION   250.31   581.71  1178.71     0  15:15      581.71
  413                  JUNCTION   300.93   581.96  1178.96     0  13:01      581.96
  433                  JUNCTION   181.64   571.74  1163.74     0  22:54      571.74
  434                  JUNCTION   198.78   572.21  1166.21     0  22:52      572.21
  435                  JUNCTION   216.45   573.15  1168.15     0  22:51      573.15
  432                  JUNCTION   164.64   571.35  1161.35     0  22:55      571.35
  431                  JUNCTION   153.95   570.18  1158.18     0  23:22      570.18
  436                  JUNCTION   234.00   573.54  1169.54     0  22:48      573.54
  437                  JUNCTION   251.40   573.78  1174.78     0  20:34      573.78
  438                  JUNCTION   273.87   576.92  1176.92     0  20:32      576.92
  439                  JUNCTION   292.25   576.97  1176.97     0  20:30      576.97
  440                  JUNCTION   345.74   577.89  1177.29     0  20:28      577.89
  441                  JUNCTION   405.79   577.99  1177.99     0  20:24      577.99
  448                  JUNCTION   458.84   583.00  1183.00     0  06:12      582.99
  442                  JUNCTION   329.49   580.05  1178.05     0  20:23      580.05
  443                  JUNCTION   339.10   579.86  1179.86     0  15:00      579.86
  444                  JUNCTION   402.21   582.18  1180.18     0  10:53      582.18
  445                  JUNCTION   460.72   584.19  1180.19     0  10:47      584.19
  446                  JUNCTION   523.29   584.26  1180.26     0  21:21      584.26
  449                  JUNCTION   521.87   584.21  1184.21     0  04:22      584.21
  450                  JUNCTION   573.09   585.00  1185.00     0  04:05      585.00
  451                  JUNCTION   408.57   585.46  1182.46     0  10:19      585.46
  452                  JUNCTION   459.72   585.46  1182.46     0  10:13      585.46
  453                  JUNCTION   522.49   585.46  1182.46     0  10:36      585.46
  447                  JUNCTION   571.10   583.42  1180.42     0  12:50      583.42
  454                  JUNCTION   574.00   585.96  1182.96     0  04:06      585.96
  457                  JUNCTION   196.92   577.57  1182.57     0  19:00      577.57
  456                  JUNCTION   181.50   575.52  1179.52     0  19:49      575.52
  455                  JUNCTION   170.17   575.10  1177.10     0  20:37      575.10
  459                  JUNCTION   299.99   582.58  1182.58     0  17:50      582.58
  458                  JUNCTION   286.88   582.58  1182.58     0  18:12      582.58
  461                  JUNCTION   317.91   581.57  1182.57     0  19:02      581.57
  460                  JUNCTION   331.28   582.58  1182.58     0  18:10      582.58
  462                  JUNCTION   343.77   582.58  1182.58     0  20:26      582.58
  463                  JUNCTION   363.78   581.97  1184.97     0  18:08      581.97
  490                  JUNCTION   309.51   587.17  1187.17     0  17:26      587.17
  495                  JUNCTION   577.53   589.63  1191.63     0  02:37      589.63
  494                  JUNCTION   525.06   588.12  1190.12     0  04:35      588.12
  493                  JUNCTION   462.01   587.53  1189.53     0  06:56      587.53
  492                  JUNCTION   410.36   586.89  1188.89     0  08:22      586.89
  491                  JUNCTION   359.55   586.41  1188.41     0  12:30      586.41
  489                  JUNCTION   253.97   585.17  1187.17     0  17:23      585.17
  464                  JUNCTION   401.51   584.99  1184.99     0  18:03      584.99
  465                  JUNCTION   419.04   583.61  1185.61     0  07:48      583.61
  483                  JUNCTION   382.07   583.15  1186.15     0  15:29      583.15
  468                  JUNCTION   523.69   585.04  1189.04     0  07:40      585.04
  466                  JUNCTION   446.84   584.97  1185.97     0  07:18      584.97
  486                  JUNCTION   573.90   586.17  1186.17     0  07:45      586.17
  485                  JUNCTION   523.48   586.17  1186.17     0  07:42      586.17
  484                  JUNCTION   460.95   586.17  1186.17     0  07:47      586.17
  414                  JUNCTION   354.18   583.04  1181.04     0  12:40      583.04
  428                  JUNCTION   575.49   587.50  1187.50     0  04:06      587.50
  427                  JUNCTION   521.91   586.10  1186.10     0  05:15      586.10
  426                  JUNCTION   458.58   585.30  1185.30     0  07:58      585.30
  425                  JUNCTION   405.95   584.33  1184.33     0  08:51      584.33
  430                  JUNCTION   577.40   589.49  1189.49     0  04:21      589.49
  429                  JUNCTION   527.20   590.29  1187.29     0  06:09      590.29
  323                  JUNCTION     0.00     0.00   605.00     0  00:00        0.00
  322                  JUNCTION     0.00     0.00   604.00     0  00:00        0.00
  321                  JUNCTION     0.00     0.00   604.00     0  00:00        0.00
  313                  JUNCTION   396.23   585.11  1185.11     0  21:52      585.11
  314                  JUNCTION   447.06   585.11  1185.11     0  21:48      585.11
  315                  JUNCTION     0.00     0.00   606.50     0  00:00        0.00
  467                  JUNCTION   471.83   584.48  1187.48     0  07:41      584.48
  488                  JUNCTION   578.47   590.61  1195.61     0  04:05      590.61
  487                  JUNCTION   525.81   589.85  1194.85     0  04:33      589.85
  324                  JUNCTION   575.05   587.04  1191.04     0  04:05      587.04
  472                  JUNCTION    37.62   587.41  1193.41     1  00:00      587.41
  471                  JUNCTION     1.07   119.15   724.15     1  00:00      119.15
  470                  JUNCTION   165.05   445.28  1050.28     1  00:00      445.28
  469                  JUNCTION   460.38   585.40  1190.40     0  07:03      585.40
  474                  JUNCTION   143.81   589.68  1198.68     0  20:18      589.68
  473                  JUNCTION    91.19   589.05  1196.05     0  23:20      589.05
  477                  JUNCTION   305.38   594.19  1202.19     0  13:45      594.19
  476                  JUNCTION   251.91   592.95  1200.95     0  16:01      592.95
  475                  JUNCTION   199.19   592.26  1200.26     0  19:36      592.26
  481                  JUNCTION   532.85   599.97  1217.97     0  04:48      599.97
  480                  JUNCTION   467.54   598.33  1208.33     0  07:02      598.33
  479                  JUNCTION   413.37   596.89  1204.89     0  09:21      596.89
  478                  JUNCTION   359.28   595.64  1203.64     0  11:52      595.64
  482                  JUNCTION   588.75   601.36  1219.36     0  04:06      601.36
  320                  JUNCTION     0.00     0.00   612.00     0  00:00        0.00
  311                  JUNCTION   133.11   581.11  1185.11     0  21:51      581.11
  312                  JUNCTION   345.06   585.61  1185.11     0  21:50      585.61
  310                  JUNCTION    76.96   580.17  1180.67     0  22:19      580.17
  308                  JUNCTION     0.00     0.22   601.22     1  00:00        0.22
  307                  JUNCTION     0.00     0.00   601.00     0  00:00        0.00
  306                  JUNCTION     0.00     0.00   597.00     0  00:00        0.00
  305                  JUNCTION     0.00     0.00   597.00     0  00:00        0.00
  304                  JUNCTION   156.71   573.78  1178.78     0  22:34      573.78
  303                  JUNCTION   108.24   573.54  1178.54     0  21:33      573.54
  302                  JUNCTION    58.91   572.55  1173.55     0  22:52      572.55
  309                  JUNCTION    25.37   579.75  1180.25     1  00:00      579.75
  301                  JUNCTION    11.84   402.34   995.34     1  00:00      402.34
  300                  JUNCTION     0.00     0.00   593.00     0  00:00        0.00
  417                  JUNCTION     0.00     0.00   593.00     0  00:00        0.00
  416                  JUNCTION     0.00     0.00   592.00     0  00:00        0.00
  415                  JUNCTION     0.00     0.00   605.00     0  00:00        0.00
  418                  JUNCTION   210.82   580.91  1185.91     0  19:40      580.91
  424                  JUNCTION   574.25   586.20  1190.20     0  04:05      586.20
  423                  JUNCTION   521.70   583.80  1186.80     0  04:43      583.80
  422                  JUNCTION   459.99   584.42  1186.42     0  13:20      584.42
  421                  JUNCTION   404.11   583.41  1186.41     0  13:18      583.41
  420                  JUNCTION   343.66   582.27  1186.27     0  13:15      582.27
  419                  JUNCTION   294.26   584.91  1185.91     0  19:38      584.91
  318                  JUNCTION   207.64   587.25  1187.75     0  18:25      587.25
  317                  JUNCTION    71.78   587.18  1187.18     1  00:00      587.18
  316                  JUNCTION     0.00     0.00   601.50     0  00:00        0.00
  913                  JUNCTION   442.68   590.85  1194.35     0  11:10      590.85
  319                  JUNCTION   346.07   588.39  1190.39     0  14:25      588.39
  914                  JUNCTION   504.86   591.85  1194.85     0  06:46      591.85
  912                  JUNCTION   375.78   592.15  1192.15     0  14:28      592.15
  911                  JUNCTION   256.85   589.15  1192.15     0  18:55      589.15
  910                  JUNCTION   174.59   589.55  1191.05     0  23:58      589.55
  909                  JUNCTION    90.44   589.05  1191.05     0  23:56      589.05
  915                  JUNCTION   583.37   595.85  1194.85     0  06:18      595.85
  908                  JUNCTION     5.46   215.28   818.78     1  00:00      215.28
  907                  JUNCTION     0.00     0.00   605.20     0  00:00        0.00
  906                  JUNCTION     0.00     0.00   607.50     0  00:00        0.00
  905                  JUNCTION     0.00     0.00   609.00     0  00:00        0.00
  904                  JUNCTION     0.00     0.00   608.50     0  00:00        0.00
  903                  JUNCTION     0.00     0.00   612.50     0  00:00        0.00
  902                  JUNCTION     0.00     0.00   608.00     0  00:00        0.00
  901                  JUNCTION     0.00     0.00   608.00     0  00:00        0.00
  900                  JUNCTION     0.00     0.00   596.00     0  00:00        0.00
  003                  JUNCTION     0.00     0.00   589.00     0  00:00        0.00
  033                  JUNCTION     0.00     0.00   593.00     0  00:00        0.00
  031                  JUNCTION     0.00     0.00   593.00     0  00:00        0.00
  093                  JUNCTION     0.00     0.00   596.00     0  00:00        0.00
  091                  JUNCTION     0.00     0.00   596.00     0  00:00        0.00
  497                  JUNCTION   578.90   591.06  1197.06     0  04:05      591.06
  496                  JUNCTION   526.83   590.38  1195.38     0  04:32      590.38
  043                  JUNCTION     0.00     0.00   589.00     0  00:00        0.00
  042                  JUNCTION     0.00     0.00   585.00     0  00:00        0.00
  047                  JUNCTION     0.00     0.00   588.00     0  00:00        0.00
  046                  JUNCTION     0.00     0.00   588.00     0  00:00        0.00
  DROP                 JUNCTION     0.00     0.00   590.00     0  00:00        0.00
  045                  JUNCTION     0.00     0.00   597.00     0  00:00        0.00
  502                  JUNCTION     0.00     0.00   592.00     0  00:00        0.00
  501                  JUNCTION     0.00     0.00   592.00     0  00:00        0.00
  503                  JUNCTION     0.00     0.00   593.00     0  00:00        0.00
  595                  JUNCTION     0.00     0.00   593.50     0  00:00        0.00
  504                  JUNCTION     0.00     0.00   594.50     0  00:00        0.00
  505                  JUNCTION     0.00     0.00   596.00     0  00:00        0.00
  506                  JUNCTION     0.00     0.00   598.00     0  00:00        0.00
  507                  JUNCTION   367.49   578.32  1171.32     0  15:51      578.31
  513                  JUNCTION   407.23   577.79  1171.29     0  15:56      577.79
  509                  JUNCTION   404.94   577.38  1171.38     0  15:49      577.38
  518                  JUNCTION   333.88   578.29  1171.29     0  16:54      578.29
  514                  JUNCTION   459.90   582.18  1175.18     0  06:19      582.18
  515                  JUNCTION   522.51   583.40  1178.40     0  04:12      583.40
  517                  JUNCTION   572.97   584.87  1179.87     0  02:13      584.87
  510                  JUNCTION   456.35   577.47  1171.47     0  08:01      577.47
  530                  JUNCTION     0.00     0.00   591.00     0  00:00        0.00
  531                  JUNCTION     0.00     0.00   592.50     0  00:00        0.00
  532                  JUNCTION     0.00     0.00   597.00     0  00:00        0.00
  533                  JUNCTION     0.00     0.00   596.00     0  00:00        0.00
  534                  JUNCTION     0.00     0.00   596.00     0  00:00        0.00
  535                  JUNCTION   408.15   580.44  1170.94     0  09:43      580.44
  536                  JUNCTION   456.27   578.97  1170.97     0  09:44      578.96
  537                  JUNCTION   516.80   578.23  1171.23     0  09:23      578.23
  538                  JUNCTION   567.39   579.05  1172.05     0  04:06      579.05
  519                  JUNCTION   408.28   582.17  1171.17     0  10:55      582.17
  520                  JUNCTION   457.26   581.21  1171.21     0  11:07      581.19
  521                  JUNCTION   517.88   580.24  1171.24     0  11:02      580.18
  522                  JUNCTION   569.36   581.11  1171.61     0  04:06      581.11
  523                  JUNCTION   257.12   579.47  1172.97     0  14:48      579.47
  524                  JUNCTION   308.16   580.11  1173.11     0  13:26      580.11
  525                  JUNCTION   357.31   580.11  1173.11     0  13:26      580.11
  526                  JUNCTION   407.56   580.69  1173.69     0  08:38      580.69
  527                  JUNCTION   458.83   581.94  1174.44     0  06:42      581.94
  528                  JUNCTION   523.78   584.25  1175.25     0  04:58      584.25
  529                  JUNCTION   572.12   583.99  1178.49     0  02:02      583.98
  511                  JUNCTION   519.04   578.48  1171.48     0  08:03      578.48
  512                  JUNCTION   567.03   578.68  1174.18     0  04:16      578.68
  500                  JUNCTION     0.00     0.00   589.50     0  00:00        0.00
  002                  JUNCTION     0.00     0.00   589.00     0  00:00        0.00
  055                  JUNCTION     0.00     0.00   589.00     0  00:00        0.00
  OUTFALL              JUNCTION     0.00     0.00   591.00     0  00:00        0.00
  041                  JUNCTION     0.00     0.00   589.00     0  00:00        0.00
  004                  JUNCTION     0.00     0.00   589.00     0  00:00        0.00
  DROP_2               JUNCTION     0.00     0.00   589.50     0  00:00        0.00
  051                  JUNCTION     0.00     0.00   589.50     0  00:00        0.00
  DROP_3               JUNCTION     0.00     0.00   589.00     0  00:00        0.00
  092                  JUNCTION     0.00     0.00   596.00     0  00:00        0.00
  032                  JUNCTION     0.00     0.00   591.00     0  00:00        0.00
  044                  OUTFALL      0.00     0.00   589.00     0  00:00        0.00
  OUTLET               STORAGE      0.00     0.00   591.00     0  00:00        0.00
  
  
  *******************
  Node Inflow Summary
  *******************
  
  -------------------------------------------------------------------------------------------------
                                  Maximum  Maximum                  Lateral       Total        Flow
                                  Lateral    Total  Time of Max      Inflow      Inflow     Balance
                                   Inflow   Inflow   Occurrence      Volume      Volume       Error
  Node                 Type           CFS      CFS  days hr:min    10^6 gal    10^6 gal     Percent
  -------------------------------------------------------------------------------------------------
  401                  JUNCTION      0.00    14.95     0  22:33           0        1.33      23.329
  400                  JUNCTION      0.00     8.54     0  22:54           0        1.08       0.082
  402                  JUNCTION      0.00     0.00     0  00:00           0           0       0.000 gal
  403                  JUNCTION      0.00     0.00     0  00:00           0           0       0.000 gal
  404                  JUNCTION      0.00     0.00     0  00:00           0           0       0.000 gal
  405                  JUNCTION      0.00     0.00     0  00:00           0           0       0.000 gal
  406                  JUNCTION      0.00     0.00     0  00:00           0           0       0.000 gal
  407                  JUNCTION      0.00     1.00     1  00:00           0      0.0139   13911.661 gal
  408                  JUNCTION      0.00     1.00     0  23:17           0       0.082     489.375
  409                  JUNCTION      0.00     1.00     0  21:09           0       0.137      67.411
  410                  JUNCTION      0.00     1.00     0  17:21           0       0.192      40.191
  411                  JUNCTION      0.00     1.00     0  15:15           0       0.248      28.801
  412                  JUNCTION      0.00     1.00     0  14:49           0       0.304      22.786
  413                  JUNCTION      0.00     1.12     0  12:42           0        0.36      18.403
  433                  JUNCTION      0.00     7.91     0  22:52           0        1.52       4.293
  434                  JUNCTION      0.00     7.91     0  22:51           0        1.59       4.051
  435                  JUNCTION      0.00     7.91     0  22:48           0        1.65       4.144
  432                  JUNCTION      0.00     7.91     0  22:54           0        1.46       4.335
  431                  JUNCTION      0.00     7.91     0  22:55           0         1.4       4.972
  436                  JUNCTION      0.00     7.91     0  20:34           0        1.72       3.836
  437                  JUNCTION      0.00     7.91     0  20:33           0        1.77       3.408
  438                  JUNCTION      0.00     3.40     0  13:02           0       0.943       8.197
  439                  JUNCTION      0.00     3.00     0  20:28           0           1       6.440
  440                  JUNCTION      0.00     3.00     0  20:24           0        1.07       6.376
  441                  JUNCTION      0.00     3.00     0  20:23           0        1.15       5.329
  448                  JUNCTION      0.00     1.00     0  04:22           0       0.534      11.457
  442                  JUNCTION      0.00     2.39     0  11:12           0       0.746      11.019
  443                  JUNCTION      0.00     2.00     0  10:54           0       0.777       7.729
  444                  JUNCTION      0.00     1.13     0  10:14           0        0.45      18.368
  445                  JUNCTION      0.00     1.67     0  15:01           0       0.527      17.188
  446                  JUNCTION      0.00     5.09     0  12:28           0       0.907       7.025
  449                  JUNCTION      0.00     1.01     0  04:12           0        0.59      10.475
  450                  JUNCTION      1.00     1.00     0  00:00       0.646       0.646       9.543
  451                  JUNCTION      0.00     1.09     0  08:21           0       0.467      17.597
  452                  JUNCTION      0.00     1.03     0  08:34           0       0.531      13.824
  453                  JUNCTION      0.00     1.05     0  09:04           0        0.59      11.065
  447                  JUNCTION      1.00     4.17     0  12:18       0.646       0.967       6.553
  454                  JUNCTION      1.00     1.00     0  00:00       0.646       0.646       9.579
  457                  JUNCTION      0.00     4.94     0  18:12           0        1.08       5.860
  456                  JUNCTION      0.00     4.92     0  19:00           0        1.02       5.957
  455                  JUNCTION      0.00     4.91     0  19:49           0       0.961       6.465
  459                  JUNCTION      0.00     5.42     0  16:59           0         1.4       9.405
  458                  JUNCTION      0.00     5.45     0  17:06           0        1.28      19.106
  461                  JUNCTION      0.00     3.91     0  18:45           0        1.24       9.548
  460                  JUNCTION      0.00     4.96     0  17:52           0        1.53       8.878
  462                  JUNCTION      0.00     3.91     0  18:08           0        1.38      10.672
  463                  JUNCTION      0.00     3.91     0  18:08           0        1.44       4.631
  490                  JUNCTION      0.00     1.00     0  12:30           0       0.367      20.426
  495                  JUNCTION      1.00     1.00     0  00:00       0.646       0.646       9.553
  494                  JUNCTION      0.00     1.00     0  04:05           0        0.59      10.506
  493                  JUNCTION      0.00     1.02     0  06:17           0       0.534      11.751
  492                  JUNCTION      0.00     1.01     0  08:20           0       0.478      13.133
  491                  JUNCTION      0.00     1.01     0  08:22           0       0.422      15.062
  489                  JUNCTION      0.00     1.01     0  14:39           0       0.305      23.587
  464                  JUNCTION      0.00     2.93     0  08:01           0        1.31      10.143
  465                  JUNCTION      0.00     2.92     0  07:20           0        1.37       4.401
  483                  JUNCTION      0.00     1.00     0  07:47           0       0.449      14.049
  468                  JUNCTION      0.00     1.91     0  07:03           0        1.03       6.053
  466                  JUNCTION      0.00     2.91     0  07:41           0        1.45       5.324
  486                  JUNCTION      1.00     1.00     0  00:00       0.646       0.646      10.263
  485                  JUNCTION      0.00     1.04     0  07:29           0       0.586      12.931
  484                  JUNCTION      0.00     1.13     0  06:15           0       0.519      15.565
  414                  JUNCTION      0.00     1.00     0  08:52           0       0.418      16.125
  428                  JUNCTION      1.00     1.00     0  00:00       0.646       0.646       9.761
  427                  JUNCTION      0.00     1.00     1  00:00           0       0.589      10.683
  426                  JUNCTION      0.00     1.05     0  06:25           0       0.532      12.074
  425                  JUNCTION      0.00     1.00     0  08:38           0       0.475      13.435
  430                  JUNCTION      1.00     1.00     0  00:00       0.646       0.646       9.504
  429                  JUNCTION      0.00     1.00     0  04:21           0        0.59      13.432
  323                  JUNCTION      0.00     0.00     0  00:00           0           0       0.000 gal
  322                  JUNCTION      0.00     0.00     0  00:00           0           0       0.000 gal
  321                  JUNCTION      0.00     0.00     0  00:00           0           0       0.000 gal
  313                  JUNCTION      0.00     1.09     0  19:43           0       0.429      32.507
  314                  JUNCTION      0.00     1.00     0  06:10           0        0.52      21.366
  315                  JUNCTION      0.00     0.00     0  00:00           0           0       0.000 gal
  467                  JUNCTION      0.00     2.91     0  07:43           0         1.5       3.884
  488                  JUNCTION      1.00     1.00     0  00:00       0.646       0.646       9.651
  487                  JUNCTION      0.00     1.00     1  00:00           0       0.589      10.514
  324                  JUNCTION      1.00     1.00     0  00:00       0.646       0.646       9.388
  472                  JUNCTION      0.00     1.00     1  00:00           0      0.0688     513.912
  471                  JUNCTION      0.00     1.00     1  00:00           0      0.0112   11199.349 gal
  470                  JUNCTION      0.00     0.09     0  07:05           0      0.0419   41853.826 gal
  469                  JUNCTION      0.00     1.00     0  04:33           0       0.534      11.744
  474                  JUNCTION      0.00     1.00     0  19:39           0       0.185      44.974
  473                  JUNCTION      0.00     1.02     0  21:26           0       0.127      85.198
  477                  JUNCTION      0.00     1.00     1  00:00           0       0.359      19.034
  476                  JUNCTION      0.00     1.03     0  14:58           0       0.301      23.311
  475                  JUNCTION      0.00     1.07     0  17:03           0       0.244      32.406
  481                  JUNCTION      0.00     1.00     1  00:00           0       0.588      10.780
  480                  JUNCTION      0.00     1.00     1  00:00           0       0.531      12.087
  479                  JUNCTION      0.00     1.00     0  07:03           0       0.474      13.826
  478                  JUNCTION      0.00     1.02     0  10:44           0       0.416      16.040
  482                  JUNCTION      1.00     1.00     0  00:00       0.646       0.646       9.837
  320                  JUNCTION      0.00     0.00     0  00:00           0           0       0.000 gal
  311                  JUNCTION      0.00     1.12     0  21:56           0        0.17      50.108
  312                  JUNCTION      0.00     1.16     0  19:43           0       0.324      90.853
  310                  JUNCTION      0.00     1.10     0  21:57           0       0.113     102.975
  308                  JUNCTION      0.00     0.14     1  00:00           0    2.12e-05      21.207 gal
  307                  JUNCTION      0.00     0.00     0  00:00           0           0       0.000 gal
  306                  JUNCTION      0.00     0.00     0  00:00           0           0       0.000 gal
  305                  JUNCTION      0.00     0.00     0  00:00           0           0       0.000 gal
  304                  JUNCTION      0.00     1.00     0  19:42           0       0.203      36.521
  303                  JUNCTION      0.00     1.00     0  20:30           0       0.148      59.167
  302                  JUNCTION      0.00     1.05     0  22:36           0      0.0932     146.573
  309                  JUNCTION      0.00     1.22     0  23:58           0      0.0556  262250.581
  301                  JUNCTION      0.00     1.00     0  22:52           0      0.0378   37818.370 gal
  300                  JUNCTION      0.00     0.00     0  00:00           0           0       0.000 gal
  417                  JUNCTION      0.00     0.00     0  00:00           0           0       0.000 gal
  416                  JUNCTION      0.00     0.00     0  00:00           0           0       0.000 gal
  415                  JUNCTION      0.00     0.00     0  00:00           0           0       0.000 gal
  418                  JUNCTION      0.00     1.00     0  16:41           0       0.259      28.002
  424                  JUNCTION      1.00     1.00     0  00:00       0.646       0.646       9.522
  423                  JUNCTION      0.00     1.00     0  04:07           0        0.59      10.460
  422                  JUNCTION      0.00     1.02     0  06:13           0       0.534      14.086
  421                  JUNCTION      0.00     1.01     0  08:28           0       0.468      15.063
  420                  JUNCTION      0.00     1.00     0  13:23           0       0.407      15.793
  419                  JUNCTION      0.00     1.00     0  13:15           0       0.351      35.500
  318                  JUNCTION      0.00     0.40     0  18:23           0       0.113      97.548
  317                  JUNCTION      0.00     0.41     0  23:51           0       0.057   56979.838 gal
  316                  JUNCTION      0.00     0.00     0  00:00           0           0       0.000 gal
  913                  JUNCTION      0.00     1.00     0  06:49           0        0.51      12.582
  319                  JUNCTION      0.00     0.37     0  11:11           0       0.169      50.023
  914                  JUNCTION      0.00     1.04     0  05:04           0        0.57      11.814
  912                  JUNCTION      0.00     0.63     0  08:01           0       0.284      39.532
  911                  JUNCTION      0.00     0.63     0  15:13           0       0.204      38.133
  910                  JUNCTION      0.00     0.79     0  21:59           0       0.147      84.132
  909                  JUNCTION      0.00     0.63     0  21:58           0      0.0801     294.235
  915                  JUNCTION      1.00     1.00     0  00:00       0.646       0.646      13.361
  908                  JUNCTION      0.00     0.63     0  23:59           0      0.0202   20235.729 gal
  907                  JUNCTION      0.00     0.00     0  00:00           0           0       0.000 gal
  906                  JUNCTION      0.00     0.00     0  00:00           0           0       0.000 gal
  905                  JUNCTION      0.00     0.00     0  00:00           0           0       0.000 gal
  904                  JUNCTION      0.00     0.00     0  00:00           0           0       0.000 gal
  903                  JUNCTION      0.00     0.00     0  00:00           0           0       0.000 gal
  902                  JUNCTION      0.00     0.00     0  00:00           0           0       0.000 gal
  901                  JUNCTION      0.00     0.00     0  00:00           0           0       0.000 gal
  900                  JUNCTION      0.00     0.00     0  00:00           0           0       0.000 gal
  003                  JUNCTION      0.00     0.00     0  00:00           0           0       0.000 gal
  033                  JUNCTION      0.00     0.00     0  00:00           0           0       0.000 gal
  031                  JUNCTION      0.00     0.00     0  00:00           0           0       0.000 gal
  093                  JUNCTION      0.00     0.00     0  00:00           0           0       0.000 gal
  091                  JUNCTION      0.00     0.00     0  00:00           0           0       0.000 gal
  497                  JUNCTION      1.00     1.00     0  00:00       0.646       0.646       9.569
  496                  JUNCTION      0.00     1.00     0  04:07           0        0.59      10.505
  043                  JUNCTION      0.00     0.00     0  00:00           0           0       0.000 gal
  042                  JUNCTION      0.00     0.00     0  00:00           0           0       0.000 gal
  047                  JUNCTION      0.00     0.00     0  00:00           0           0       0.000 gal
  046                  JUNCTION      0.00     0.00     0  00:00           0           0       0.000 gal
  DROP                 JUNCTION      0.00     0.00     0  00:00           0           0       0.000 gal
  045                  JUNCTION      0.00     0.00     0  00:00           0           0       0.000 gal
  502                  JUNCTION      0.00     0.00     0  00:00           0           0       0.000 gal
  501                  JUNCTION      0.00     0.00     0  00:00           0           0       0.000 gal
  503                  JUNCTION      0.00     0.00     0  00:00           0           0       0.000 gal
  595                  JUNCTION      0.00     0.00     0  00:00           0           0       0.000 gal
  504                  JUNCTION      0.00     0.00     0  00:00           0           0       0.000 gal
  505                  JUNCTION      0.00     0.00     0  00:00           0           0       0.000 gal
  506                  JUNCTION      0.00     0.00     0  00:00           0           0       0.000 gal
  507                  JUNCTION      0.00     4.20     0  15:50           0        0.64      16.243
  513                  JUNCTION      0.00     2.75     0  16:05           0       0.851       7.764
  509                  JUNCTION      0.00     3.27     0  15:48           0        0.66       9.351
  518                  JUNCTION      0.00     4.76     0  16:53           0       0.828       7.271
  514                  JUNCTION      0.00     1.00     0  06:08           0       0.536      11.428
  515                  JUNCTION      0.00     1.00     0  02:13           0       0.591      10.274
  517                  JUNCTION      1.00     1.00     0  00:00       0.646       0.646       9.362
  510                  JUNCTION      0.00     1.07     0  10:04           0       0.535      11.820
  530                  JUNCTION      0.00     0.00     0  00:00           0           0       0.000 gal
  531                  JUNCTION      0.00     0.00     0  00:00           0           0       0.000 gal
  532                  JUNCTION      0.00     0.00     0  00:00           0           0       0.000 gal
  533                  JUNCTION      0.00     0.00     0  00:00           0           0       0.000 gal
  534                  JUNCTION      0.00     0.00     0  00:00           0           0       0.000 gal
  535                  JUNCTION      0.00     2.07     0  09:44           0       0.469      21.574
  536                  JUNCTION      0.00     1.69     0  09:41           0       0.536      14.312
  537                  JUNCTION      0.00     1.00     1  00:00           0        0.59      10.281
  538                  JUNCTION      1.00     1.00     0  00:00       0.646       0.646       9.561
  519                  JUNCTION      0.00     8.20     0  16:58           0        1.49       6.562
  520                  JUNCTION      0.00     4.46     0  10:45           0       0.798      11.636
  521                  JUNCTION      0.00     1.00     0  04:08           0        0.59      10.491
  522                  JUNCTION      1.00     1.00     0  00:00       0.646       0.646       9.627
  523                  JUNCTION      0.00     1.00     1  00:00           0       0.313      21.434
  524                  JUNCTION      0.00     1.00     0  10:18           0       0.368      17.747
  525                  JUNCTION      0.00     1.02     0  10:17           0       0.424      15.046
  526                  JUNCTION      0.00     1.00     0  06:43           0       0.479      13.049
  527                  JUNCTION      0.00     1.00     1  00:00           0       0.535      11.646
  528                  JUNCTION      0.00     1.05     0  02:02           0       0.591      10.560
  529                  JUNCTION      1.00     1.00     0  00:00       0.646       0.646       9.285
  511                  JUNCTION      0.00     1.00     0  04:16           0       0.591      10.488
  512                  JUNCTION      1.00     1.00     0  00:00       0.646       0.646       9.268
  500                  JUNCTION      0.00     0.00     0  00:00           0           0       0.000 gal
  002                  JUNCTION      0.00     0.00     0  00:00           0           0       0.000 gal
  055                  JUNCTION      0.00     0.00     0  00:00           0           0       0.000 gal
  OUTFALL              JUNCTION      0.00     0.00     0  00:00           0           0       0.000 gal
  041                  JUNCTION      0.00     0.00     0  00:00           0           0       0.000 gal
  004                  JUNCTION      0.00     0.00     0  00:00           0           0       0.000 gal
  DROP_2               JUNCTION      0.00     0.00     0  00:00           0           0       0.000 gal
  051                  JUNCTION      0.00     0.00     0  00:00           0           0       0.000 gal
  DROP_3               JUNCTION      0.00     0.00     0  00:00           0           0       0.000 gal
  092                  JUNCTION      0.00     0.00     0  00:00           0           0       0.000 gal
  032                  JUNCTION      0.00     0.00     0  00:00           0           0       0.000 gal
  044                  OUTFALL       0.00     8.54     0  23:20           0        1.08       0.000
  OUTLET               STORAGE       0.00     0.00     0  00:00           0           0       0.000 gal
  
  
  **********************
  Node Surcharge Summary
  **********************
  
  Surcharging occurs when water rises above the top of the highest conduit.
  ---------------------------------------------------------------------
                                               Max. Height   Min. Depth
                                   Hours       Above Crown    Below Rim
  Node                 Type      Surcharged           Feet         Feet
  ---------------------------------------------------------------------
  535                  JUNCTION       14.26          0.000        0.000
  519                  JUNCTION       12.67          0.000        0.000
  DROP_2               JUNCTION       24.00          0.000        0.000
  DROP_3               JUNCTION       24.00          0.000        0.000
  
  
  *********************
  Node Flooding Summary
  *********************
  
  Flooding refers to all water that overflows a node, whether it ponds or not.
  --------------------------------------------------------------------------
                                                             Total   Maximum
                                 Maximum   Time of Max       Flood    Ponded
                        Hours       Rate    Occurrence      Volume     Depth
  Node                 Flooded       CFS   days hr:min    10^6 gal      Feet
  --------------------------------------------------------------------------
  535                    14.26      2.07      0  09:44       0.384     0.000
  519                    12.64      8.19      0  16:58       1.313     0.000
  
  
  **********************
  Storage Volume Summary
  **********************
  
  ------------------------------------------------------------------------------------------------
                         Average    Avg   Evap  Exfil     Maximum    Max    Time of Max    Maximum
                          Volume   Pcnt   Pcnt   Pcnt      Volume   Pcnt     Occurrence    Outflow
  Storage Unit          1000 ft³   Full   Loss   Loss    1000 ft³   Full    days hr:min        CFS
  ------------------------------------------------------------------------------------------------
  OUTLET                   0.000    0.0    0.0    0.0       0.000    0.0       0  00:00       0.00
  
  
  ***********************
  Outfall Loading Summary
  ***********************
  
  -----------------------------------------------------------
                         Flow       Avg       Max       Total
                         Freq      Flow      Flow      Volume
  Outfall Node           Pcnt       CFS       CFS    10^6 gal
  -----------------------------------------------------------
  044                   22.51      7.46      8.54       1.081
  -----------------------------------------------------------
  System                22.51      7.46      8.54       1.081
  
  
  ********************
  Link Flow Summary
  ********************
  
  -----------------------------------------------------------------------------
                                 Maximum  Time of Max   Maximum    Max/    Max/
                                  |Flow|   Occurrence   |Veloc|    Full    Full
  Link                 Type          CFS  days hr:min    ft/sec    Flow   Depth
  -----------------------------------------------------------------------------
  1400                 CONDUIT      8.54     0  22:54      0.55    0.01    0.21
  1401                 CONDUIT      0.00     0  00:00      0.00    0.00    0.15
  1402                 CONDUIT      0.00     0  00:00      0.00    0.00    0.00
  1403                 CONDUIT      0.00     0  00:00      0.00    0.00    0.00
  1404                 CONDUIT      0.00     0  00:00      0.00    0.00    0.00
  1405                 CONDUIT      0.00     0  00:00      0.00    0.00    0.00
  1406                 CONDUIT      0.00     0  00:00      0.00    0.00    0.00
  1407                 CONDUIT      1.00     1  00:00      0.41    0.00    0.14
  1408                 CONDUIT      1.00     0  23:17      2.48    0.00    0.14
  1409                 CONDUIT      1.00     0  21:09      2.58    0.00    0.04
  1410                 CONDUIT      1.00     0  17:21      2.47    0.00    0.04
  1411                 CONDUIT      1.00     0  15:15      2.23    0.00    0.04
  1412                 CONDUIT      1.00     0  14:49      1.76    0.01    0.05
  1433                 CONDUIT      7.91     0  22:52      3.86    0.01    0.06
  1434                 CONDUIT      7.91     0  22:51      3.52    0.01    0.07
  1432                 CONDUIT      7.91     0  22:54      3.91    0.01    0.06
  1431                 CONDUIT      7.91     0  22:55      4.45    0.01    0.07
  1497                 CONDUIT     14.95     0  22:33      4.31    0.01    0.24
  1435                 CONDUIT      7.91     0  22:48      3.28    0.01    0.07
  1436                 CONDUIT      7.91     0  20:34      4.24    0.00    0.06
  1437                 CONDUIT      3.00     0  20:33      1.24    0.01    0.10
  1438                 CONDUIT      3.40     0  13:02      2.27    0.01    0.12
  1439                 CONDUIT      3.00     0  20:28      1.18    0.01    0.11
  1440                 CONDUIT      3.00     0  20:24      3.53    0.01    0.06
  1448                 CONDUIT      1.02     0  06:12      4.35    0.02    0.09
  1441                 CONDUIT      2.00     0  20:23      1.66    0.01    0.16
  1442                 CONDUIT      2.00     0  15:00      3.30    0.01    0.11
  1443                 CONDUIT      1.00     0  10:54      0.31    0.00    0.22
  1444                 CONDUIT      1.13     0  10:14      0.30    0.01    0.57
  1445                 CONDUIT      1.67     0  15:01      2.01    0.04    0.67
  1449                 CONDUIT      1.00     0  04:22      2.52    0.04    0.14
  1450                 CONDUIT      1.01     0  04:12      2.20    0.06    0.15
  1451                 CONDUIT      1.00     0  10:26      0.36    0.03    0.55
  1452                 CONDUIT      1.09     0  08:21      2.26    0.06    0.80
  1453                 CONDUIT      1.03     0  08:34      2.13    0.06    0.48
  1446                 CONDUIT      5.09     0  12:28      3.57    0.05    0.45
  1454                 CONDUIT      1.05     0  09:04      2.17    0.08    0.24
  1456                 CONDUIT      4.92     0  19:00      3.78    0.01    0.05
  1455                 CONDUIT      4.91     0  19:49      3.59    0.01    0.06
  1496                 CONDUIT      4.91     0  20:37      3.26    0.01    0.06
  1457                 CONDUIT      4.94     0  18:12      0.28    0.00    0.32
  1458                 CONDUIT      5.45     0  17:06      2.93    0.01    0.54
  1460                 CONDUIT      3.96     0  17:52      2.43    0.01    0.32
  1459                 CONDUIT      5.42     0  16:59      2.67    0.01    0.44
  1461                 CONDUIT      3.91     0  18:45      1.34    0.03    0.24
  1462                 CONDUIT      3.91     0  18:08      3.02    0.01    0.15
  1490                 CONDUIT      1.01     0  14:39      0.54    0.02    0.38
  1495                 CONDUIT      1.00     0  04:05      2.48    0.04    0.14
  1494                 CONDUIT      1.02     0  06:17      2.28    0.03    0.12
  1493                 CONDUIT      1.01     0  08:20      2.28    0.03    0.12
  1492                 CONDUIT      1.01     0  08:22      2.53    0.03    0.11
  1491                 CONDUIT      1.00     0  12:30      4.42    0.01    0.27
  1463                 CONDUIT      2.93     0  10:22      0.42    0.00    0.20
  1464                 CONDUIT      2.93     0  08:01      3.13    0.00    0.17
  1467                 CONDUIT      1.91     0  07:43      2.44    0.00    0.04
  1465                 CONDUIT      2.92     0  07:20      1.36    0.02    0.09
  1486                 CONDUIT      1.04     0  07:29      2.05    0.04    0.64
  1485                 CONDUIT      1.13     0  06:15      2.04    0.04    0.80
  1484                 CONDUIT      1.00     0  07:47      0.24    0.01    0.45
  1413                 CONDUIT      1.12     0  12:42      2.10    0.01    0.07
  1427                 CONDUIT      1.00     1  00:00      2.01    0.02    0.08
  1426                 CONDUIT      1.05     0  06:25      2.00    0.01    0.08
  1425                 CONDUIT      1.00     0  08:38      1.99    0.01    0.07
  1414                 CONDUIT      1.00     0  08:52      2.64    0.01    0.06
  1429                 CONDUIT      1.00     0  04:21      3.53    0.01    0.36
  1428                 CONDUIT      1.00     0  06:10      0.31    0.01    0.37
  1323                 CONDUIT      0.00     0  00:00      0.00    0.00    0.01
  1322                 CONDUIT      0.00     0  00:00      0.00    0.00    0.00
  1321                 CONDUIT      0.00     0  00:00      0.00    0.00    0.00
  1313                 CONDUIT      1.09     0  19:43      2.20    0.00    0.37
  1314                 CONDUIT      0.00     0  00:00      0.00    0.00    0.18
  1320                 CONDUIT      0.00     0  00:00      0.00    0.00    0.00
  1466                 CONDUIT      2.91     0  07:41      3.87    0.00    0.08
  1488                 CONDUIT      1.00     1  00:00      2.08    0.04    0.12
  1487                 CONDUIT      1.00     0  04:34      3.55    0.01    0.08
  1399                 CONDUIT      1.00     0  04:06      4.40    0.00    0.03
  1471                 CONDUIT      1.00     1  00:00      2.25    0.00    0.03
  1470                 CONDUIT      0.00     0  00:00      0.00    0.00    0.00
  1469                 CONDUIT      0.09     0  07:05      0.47    0.00    0.02
  1468                 CONDUIT      0.91     0  07:03      1.42    0.00    0.04
  1473                 CONDUIT      1.02     0  21:26      2.30    0.00    0.04
  1472                 CONDUIT      1.00     1  00:00      1.97    0.00    0.04
  1476                 CONDUIT      1.03     0  14:58      2.22    0.01    0.07
  1475                 CONDUIT      1.07     0  17:03      2.22    0.01    0.09
  1474                 CONDUIT      1.00     0  19:39      1.46    0.02    0.09
  1480                 CONDUIT      1.00     1  00:00      4.22    0.01    0.07
  1479                 CONDUIT      1.00     0  07:03      3.00    0.01    0.08
  1478                 CONDUIT      1.02     0  10:44      2.27    0.01    0.08
  1477                 CONDUIT      1.00     1  00:00      2.27    0.01    0.08
  1481                 CONDUIT      1.00     1  00:00      2.31    0.05    0.14
  1319                 CONDUIT      0.00     0  00:00      0.00    0.00    0.00
  1312                 CONDUIT      1.16     0  19:43      2.25    0.00    0.44
  1311                 CONDUIT      1.12     0  21:56      0.09    0.00    0.26
  1310                 CONDUIT      1.10     0  21:57      2.96    0.00    0.03
  1309                 CONDUIT      1.22     0  23:58      2.05    0.00    0.05
  1307                 CONDUIT      0.00     0  00:00      0.00    0.00    0.00
  1306                 CONDUIT      0.00     0  00:00      0.00    0.00    0.00
  1305                 CONDUIT      0.00     0  00:00      0.00    0.00    0.00
  1304                 CONDUIT      0.00     0  00:00      0.00    0.00    0.00
  1303                 CONDUIT      1.00     0  20:30      2.77    0.00    0.02
  1302                 CONDUIT      1.05     0  22:36      3.43    0.00    0.02
  1308                 CONDUIT      0.14     1  00:00      0.31    0.00    0.05
  1301                 CONDUIT      1.00     0  22:52      3.79    0.00    0.01
  1300                 CONDUIT      0.00     0  00:00      0.00    0.00    0.00
  1416                 CONDUIT      0.00     0  00:00      0.00    0.00    0.00
  1498                 CONDUIT      0.00     0  00:00      0.00    0.00    0.00
  1499                 CONDUIT      0.00     0  00:00      0.00    0.00    0.00
  1415                 CONDUIT      1.00     0  19:42      2.02    0.01    0.07
  1423                 CONDUIT      1.00     0  04:07      2.73    0.02    0.10
  1422                 CONDUIT      1.02     0  06:13      2.50    0.01    0.19
  1421                 CONDUIT      1.01     0  08:28      0.85    0.01    0.25
  1420                 CONDUIT      1.00     0  13:23      0.85    0.01    0.13
  1419                 CONDUIT      1.00     0  13:15      3.21    0.01    0.43
  1418                 CONDUIT      1.00     0  16:41      0.16    0.01    0.44
  1317                 CONDUIT      0.41     0  23:51      2.20    0.00    0.05
  1316                 CONDUIT      0.00     0  00:00      0.00    0.00    0.03
  1315                 CONDUIT      0.00     0  00:00      0.00    0.00    0.00
  1326                 CONDUIT      0.37     0  11:11      1.83    0.00    0.05
  1318                 CONDUIT      0.40     0  18:23      2.09    0.00    0.03
  0913                 CONDUIT      1.00     0  06:49      1.39    0.04    0.11
  0912                 CONDUIT      0.63     0  08:01      2.83    0.00    0.29
  0911                 CONDUIT      0.63     0  15:13      0.15    0.00    0.30
  0910                 CONDUIT      0.63     0  18:55      2.31    0.00    0.23
  0909                 CONDUIT      0.63     0  21:58      0.82    0.00    0.33
  0914                 CONDUIT      1.04     0  05:04      0.17    0.01    0.57
  0908                 CONDUIT      0.63     0  23:59      0.29    0.00    0.17
  0907                 CONDUIT      0.00     0  00:00      0.00    0.00    0.00
  0906                 CONDUIT      0.00     0  00:00      0.00    0.00    0.00
  0905                 CONDUIT      0.00     0  00:00      0.00    0.00    0.00
  0904                 CONDUIT      0.00     0  00:00      0.00    0.00    0.00
  0903                 CONDUIT      0.00     0  00:00      0.00    0.00    0.00
  0902                 CONDUIT      0.00     0  00:00      0.00    0.00    0.00
  0901                 CONDUIT      0.00     0  00:00      0.00    0.00    0.00
  0900                 CONDUIT      0.00     0  00:00      0.00    0.00    0.00
  1397                 CONDUIT      1.00     0  04:07      2.65    0.02    0.10
  1396                 CONDUIT      1.00     0  04:33      3.88    0.01    0.08
  1489                 CONDUIT      1.00     0  17:29      1.07    0.02    0.15
  1483                 CONDUIT      1.00     0  09:32      3.78    0.01    0.11
  0043                 CONDUIT      0.00     0  00:00      0.00    0.00    0.00
  0042                 CONDUIT      0.00     0  00:00      0.00    0.00    0.00
  0047                 CONDUIT      0.00     0  00:00      0.00    0.00    0.00
  0046                 CONDUIT      0.00     0  00:00      0.00    0.00    0.00
  0031                 CONDUIT      0.00     0  00:00      0.00    0.00    0.00
  1417                 CONDUIT      0.00     0  00:00      0.00    0.00    0.00
  548                  CONDUIT      0.00     0  00:00      0.00    0.00    0.00
  1501                 CONDUIT      0.00     0  00:00      0.00    0.00    0.00
  1502                 CONDUIT      0.00     0  00:00      0.00    0.00    0.00
  1503                 CONDUIT      0.00     0  00:00      0.00    0.00    0.00
  1595                 CONDUIT      0.00     0  00:00      0.00    0.00    0.00
  1504                 CONDUIT      0.00     0  00:00      0.00    0.00    0.00
  1505                 CONDUIT      0.00     0  00:00      0.00    0.00    0.00
  1506                 CONDUIT      0.00     0  00:00      0.00    0.00    0.27
  1599                 CONDUIT      1.75     0  16:05      2.10    0.02    0.28
  1508                 CONDUIT      4.20     0  15:50      2.73    0.03    0.27
  1598                 CONDUIT      2.43     0  16:47      1.91    0.06    0.18
  1513                 CONDUIT      1.00     1  00:00      4.48    0.07    0.18
  1514                 CONDUIT      1.00     0  06:08      4.86    0.07    0.18
  1515                 CONDUIT      1.00     0  02:13      3.46    0.11    0.22
  1509                 CONDUIT      1.14     0  10:04      1.71    0.02    0.13
  1596                 CONDUIT      0.00     0  00:00      0.00    0.00    0.00
  1530                 CONDUIT      0.00     0  00:00      0.00    0.00    0.00
  1531                 CONDUIT      0.00     0  00:00      0.00    0.00    0.00
  1532                 CONDUIT      0.00     0  00:00      0.00    0.00    0.00
  1533                 CONDUIT      0.00     0  00:00      0.00    0.00    0.00
  1534                 CONDUIT      0.00     0  00:00      0.00    0.00    0.50
  1535                 CONDUIT      2.07     0  09:44      2.79    0.01    0.81
  1536                 CONDUIT      1.00     0  09:23      2.75    0.03    0.30
  1537                 CONDUIT      1.00     1  00:00      2.00    0.05    0.14
  1518                 CONDUIT      6.29     0  16:55      0.65    0.03    0.60
  1519                 CONDUIT      3.46     0  10:45      2.50    0.03    0.86
  1520                 CONDUIT      1.87     0  11:03      2.65    0.04    0.43
  1521                 CONDUIT      1.00     0  04:08      1.41    0.14    0.20
  1597                 CONDUIT      1.00     0  14:48      0.28    0.01    0.33
  1523                 CONDUIT      1.00     1  00:00      1.09    0.01    0.13
  1524                 CONDUIT      1.00     0  10:18      2.27    0.02    0.18
  1525                 CONDUIT      1.02     0  10:17      2.53    0.02    0.17
  1526                 CONDUIT      1.00     0  06:43      1.83    0.09    0.17
  1527                 CONDUIT      1.00     1  00:00      1.98    0.13    0.22
  1528                 CONDUIT      1.05     0  02:02      9.47    0.01    0.17
  1510                 CONDUIT      1.07     0  10:04      0.63    0.01    0.20
  1511                 CONDUIT      1.00     0  04:16      3.25    0.01    0.11
  1500                 CONDUIT      0.00     0  00:00      0.00    0.00    0.00
  0004                 CONDUIT      0.00     0  00:00      0.00    0.00    0.00
  0003                 CONDUIT      0.00     0  00:00      0.00    0.00    0.00
  0002                 CONDUIT      0.00     0  00:00      0.00    0.00    0.00
  0001                 CONDUIT      0.00     0  00:00      0.00    0.00    0.00
  0041                 CONDUIT      0.00     0  00:00      0.00    0.00    0.00
  DEAIR                CONDUIT      0.00     0  00:00      0.00    0.00    0.00
  DEAIR_2              CONDUIT      0.00     0  00:00      0.00    0.00    0.00
  0051                 CONDUIT      0.00     0  00:00      0.00    0.00    0.00
  DEAIR_3              CONDUIT      0.00     0  00:00      0.00    0.00    0.00
  0092                 CONDUIT      0.00     0  00:00      0.00    0.00    0.00
  0032                 CONDUIT      0.00     0  00:00      0.00    0.00    0.00
  ORIFICE              ORIFICE      8.54     0  23:20                      1.00
  ORIFICE_2            ORIFICE      0.00     0  00:00                      0.00
  ORIFICE_3            ORIFICE      0.00     0  00:00                      0.00
  ORIFICE_4            ORIFICE      0.00     0  00:00                      0.00
  WEIR                 WEIR         0.00     0  00:00                      0.00
  weir_14              WEIR         0.00     0  00:00                      0.00
  WEIR_13              WEIR         0.00     0  00:00                      0.00
  weir_5               WEIR         0.00     0  00:00                      0.00
  weir_15              WEIR         0.00     0  00:00                      0.00
  
  
  ***************************
  Flow Classification Summary
  ***************************
  
  -------------------------------------------------------------------------------------
                      Adjusted    ---------- Fraction of Time in Flow Class ---------- 
                       /Actual         Up    Down  Sub   Sup   Up    Down  Norm  Inlet 
  Conduit               Length    Dry  Dry   Dry   Crit  Crit  Crit  Crit  Ltd   Ctrl  
  -------------------------------------------------------------------------------------
  1400                    1.00   0.75  0.03  0.00  0.00  0.00  0.22  0.00  0.00  0.00
  1401                    1.00   0.76  0.24  0.00  0.00  0.00  0.00  0.00  0.00  0.00
  1402                    1.00   1.00  0.00  0.00  0.00  0.00  0.00  0.00  0.00  0.00
  1403                    1.00   1.00  0.00  0.00  0.00  0.00  0.00  0.00  0.00  0.00
  1404                    1.00   1.00  0.00  0.00  0.00  0.00  0.00  0.00  0.00  0.00
  1405                    1.00   1.00  0.00  0.00  0.00  0.00  0.00  0.00  0.00  0.00
  1406                    1.00   1.00  0.00  0.00  0.00  0.00  0.00  0.00  0.00  0.00
  1407                    1.00   0.96  0.01  0.00  0.00  0.00  0.03  0.00  0.00  0.00
  1408                    1.00   0.87  0.00  0.00  0.04  0.00  0.00  0.09  0.04  0.00
  1409                    1.00   0.79  0.00  0.00  0.00  0.13  0.00  0.09  0.13  0.00
  1410                    1.00   0.70  0.00  0.00  0.00  0.00  0.00  0.30  0.00  0.00
  1411                    1.00   0.61  0.00  0.00  0.00  0.00  0.00  0.39  0.00  0.00
  1412                    1.00   0.53  0.00  0.00  0.38  0.00  0.00  0.09  0.00  0.00
  1433                    1.00   0.67  0.00  0.00  0.02  0.28  0.00  0.04  0.01  0.00
  1434                    1.00   0.64  0.00  0.00  0.00  0.00  0.00  0.36  0.00  0.00
  1432                    1.00   0.70  0.00  0.00  0.00  0.00  0.00  0.30  0.00  0.00
  1431                    1.00   0.72  0.00  0.00  0.16  0.10  0.00  0.02  0.26  0.00
  1497                    1.00   0.74  0.00  0.00  0.25  0.00  0.00  0.01  0.05  0.00
  1435                    1.00   0.61  0.00  0.00  0.36  0.00  0.00  0.03  0.35  0.00
  1436                    1.00   0.58  0.00  0.00  0.00  0.39  0.00  0.03  0.39  0.00
  1437                    1.00   0.54  0.00  0.00  0.00  0.00  0.46  0.00  0.00  0.00
  1438                    1.00   0.51  0.00  0.00  0.46  0.00  0.00  0.03  0.01  0.00
  1439                    1.00   0.46  0.01  0.00  0.00  0.00  0.53  0.00  0.00  0.00
  1440                    1.00   0.34  0.00  0.00  0.00  0.51  0.00  0.15  0.50  0.00
  1448                    1.00   0.26  0.00  0.00  0.00  0.00  0.00  0.74  0.00  0.00
  1441                    1.00   0.34  0.00  0.00  0.53  0.00  0.00  0.12  0.01  0.00
  1442                    1.00   0.44  0.00  0.00  0.53  0.00  0.00  0.03  0.53  0.00
  1443                    1.00   0.35  0.05  0.00  0.00  0.00  0.60  0.00  0.00  0.00
  1444                    1.00   0.26  0.01  0.00  0.65  0.00  0.09  0.00  0.00  0.00
  1445                    1.00   0.17  0.00  0.00  0.74  0.00  0.00  0.09  0.01  0.00
  1449                    1.00   0.17  0.00  0.00  0.00  0.00  0.00  0.83  0.00  0.00
  1450                    1.00   0.09  0.00  0.00  0.83  0.00  0.00  0.09  0.00  0.00
  1451                    1.00   0.35  0.03  0.00  0.00  0.00  0.62  0.00  0.00  0.00
  1452                    1.00   0.26  0.00  0.00  0.65  0.00  0.00  0.09  0.01  0.00
  1453                    1.00   0.17  0.00  0.00  0.74  0.00  0.00  0.09  0.09  0.00
  1446                    1.00   0.08  0.00  0.00  0.83  0.00  0.00  0.09  0.22  0.00
  1454                    1.00   0.09  0.00  0.00  0.62  0.00  0.00  0.29  0.62  0.00
  1456                    1.00   0.67  0.00  0.00  0.00  0.30  0.00  0.02  0.30  0.00
  1455                    1.00   0.70  0.00  0.00  0.28  0.00  0.00  0.02  0.28  0.00
  1496                    1.00   0.71  0.00  0.00  0.00  0.00  0.00  0.29  0.00  0.00
  1457                    1.00   0.52  0.11  0.00  0.32  0.00  0.05  0.00  0.00  0.00
  1458                    1.00   0.50  0.00  0.00  0.48  0.00  0.00  0.02  0.01  0.00
  1460                    1.00   0.47  0.00  0.00  0.53  0.00  0.00  0.00  0.11  0.00
  1459                    1.00   0.47  0.00  0.00  0.47  0.00  0.00  0.06  0.00  0.00
  1461                    1.00   0.43  0.00  0.00  0.53  0.00  0.05  0.00  0.00  0.00
  1462                    1.00   0.39  0.00  0.00  0.57  0.00  0.00  0.04  0.57  0.00
  1490                    1.00   0.52  0.00  0.00  0.39  0.00  0.09  0.00  0.00  0.00
  1495                    1.00   0.09  0.00  0.00  0.00  0.00  0.00  0.91  0.00  0.00
  1494                    1.00   0.17  0.00  0.00  0.74  0.00  0.00  0.09  0.74  0.00
  1493                    1.00   0.26  0.00  0.00  0.65  0.00  0.00  0.09  0.00  0.00
  1492                    1.00   0.35  0.00  0.00  0.00  0.00  0.00  0.65  0.00  0.00
  1491                    1.00   0.43  0.00  0.00  0.48  0.00  0.00  0.09  0.48  0.00
  1463                    1.00   0.33  0.02  0.00  0.60  0.00  0.04  0.00  0.00  0.00
  1464                    1.00   0.30  0.00  0.00  0.67  0.00  0.00  0.03  0.67  0.00
  1467                    1.00   0.17  0.00  0.00  0.05  0.00  0.00  0.78  0.04  0.00
  1465                    1.00   0.26  0.00  0.00  0.70  0.00  0.04  0.00  0.00  0.00
  1486                    1.00   0.09  0.00  0.00  0.83  0.00  0.00  0.09  0.10  0.00
  1485                    1.00   0.17  0.00  0.00  0.74  0.00  0.00  0.09  0.00  0.00
  1484                    1.00   0.26  0.04  0.00  0.00  0.00  0.70  0.00  0.00  0.00
  1413                    1.00   0.44  0.00  0.00  0.47  0.00  0.00  0.09  0.47  0.00
  1427                    1.00   0.09  0.00  0.00  0.00  0.00  0.00  0.91  0.00  0.00
  1426                    1.00   0.17  0.00  0.00  0.74  0.00  0.00  0.09  0.73  0.00
  1425                    1.00   0.26  0.00  0.00  0.64  0.00  0.00  0.10  0.00  0.00
  1414                    1.00   0.35  0.00  0.00  0.00  0.00  0.00  0.65  0.00  0.00
  1429                    1.00   0.09  0.00  0.00  0.82  0.00  0.00  0.09  0.83  0.00
  1428                    1.00   0.17  0.02  0.00  0.00  0.00  0.81  0.00  0.00  0.00
  1323                    1.00   0.09  0.91  0.00  0.00  0.00  0.00  0.00  0.00  0.00
  1322                    1.00   1.00  0.00  0.00  0.00  0.00  0.00  0.00  0.00  0.00
  1321                    1.00   1.00  0.00  0.00  0.00  0.00  0.00  0.00  0.00  0.00
  1313                    1.00   0.28  0.00  0.00  0.63  0.00  0.00  0.09  0.00  0.00
  1314                    1.00   0.28  0.72  0.00  0.00  0.00  0.00  0.00  0.00  0.00
  1320                    1.00   1.00  0.00  0.00  0.00  0.00  0.00  0.00  0.00  0.00
  1466                    1.00   0.22  0.00  0.00  0.74  0.00  0.00  0.04  0.74  0.00
  1488                    1.00   0.09  0.00  0.00  0.00  0.00  0.00  0.91  0.00  0.00
  1487                    1.00   0.17  0.00  0.00  0.00  0.00  0.00  0.83  0.00  0.00
  1399                    1.00   0.09  0.00  0.00  0.00  0.00  0.00  0.91  0.00  0.00
  1471                    1.00   0.98  0.00  0.00  0.00  0.00  0.00  0.02  0.00  0.00
  1470                    1.00   1.00  0.00  0.00  0.00  0.00  0.00  0.00  0.00  0.00
  1469                    1.00   0.26  0.00  0.00  0.00  0.00  0.74  0.00  0.00  0.00
  1468                    1.00   0.17  0.09  0.00  0.74  0.00  0.00  0.00  0.74  0.00
  1473                    1.00   0.80  0.00  0.00  0.11  0.00  0.00  0.09  0.11  0.00
  1472                    1.00   0.89  0.00  0.00  0.00  0.00  0.00  0.11  0.00  0.00
  1476                    1.00   0.53  0.00  0.00  0.38  0.00  0.00  0.09  0.38  0.00
  1475                    1.00   0.62  0.00  0.00  0.29  0.00  0.00  0.09  0.29  0.00
  1474                    1.00   0.71  0.00  0.00  0.00  0.00  0.00  0.29  0.00  0.00
  1480                    1.00   0.18  0.00  0.00  0.00  0.00  0.00  0.82  0.00  0.00
  1479                    1.00   0.27  0.00  0.00  0.00  0.00  0.00  0.73  0.00  0.00
  1478                    1.00   0.35  0.00  0.00  0.56  0.00  0.00  0.09  0.55  0.00
  1477                    1.00   0.44  0.00  0.00  0.00  0.00  0.00  0.56  0.00  0.00
  1481                    1.00   0.09  0.00  0.00  0.00  0.00  0.00  0.91  0.00  0.00
  1319                    1.00   1.00  0.00  0.00  0.00  0.00  0.00  0.00  0.00  0.00
  1312                    1.00   0.37  0.00  0.00  0.55  0.00  0.00  0.09  0.02  0.00
  1311                    1.00   0.45  0.26  0.00  0.18  0.00  0.11  0.00  0.00  0.00
  1310                    1.00   0.82  0.00  0.00  0.09  0.00  0.00  0.10  0.09  0.00
  1309                    1.00   0.91  0.00  0.00  0.00  0.00  0.00  0.09  0.00  0.00
  1307                    1.00   1.00  0.00  0.00  0.00  0.00  0.00  0.00  0.00  0.00
  1306                    1.00   1.00  0.00  0.00  0.00  0.00  0.00  0.00  0.00  0.00
  1305                    1.00   1.00  0.00  0.00  0.00  0.00  0.00  0.00  0.00  0.00
  1304                    1.00   1.00  0.00  0.00  0.00  0.00  0.00  0.00  0.00  0.00
  1303                    1.00   0.77  0.00  0.00  0.14  0.00  0.00  0.08  0.00  0.00
  1302                    1.00   0.85  0.00  0.00  0.00  0.06  0.00  0.09  0.00  0.00
  1308                    1.00   1.00  0.00  0.00  0.00  0.00  0.00  0.00  0.00  0.00
  1301                    1.00   0.94  0.00  0.00  0.00  0.00  0.00  0.06  0.00  0.00
  1300                    1.00   1.00  0.00  0.00  0.00  0.00  0.00  0.00  0.00  0.00
  1416                    1.00   1.00  0.00  0.00  0.00  0.00  0.00  0.00  0.00  0.00
  1498                    1.00   1.00  0.00  0.00  0.00  0.00  0.00  0.00  0.00  0.00
  1499                    1.00   1.00  0.00  0.00  0.00  0.00  0.00  0.00  0.00  0.00
  1415                    1.00   0.68  0.00  0.00  0.00  0.00  0.00  0.32  0.00  0.00
  1423                    1.00   0.09  0.00  0.00  0.00  0.00  0.00  0.91  0.00  0.00
  1422                    1.00   0.17  0.00  0.00  0.74  0.00  0.00  0.09  0.74  0.00
  1421                    1.00   0.26  0.00  0.00  0.65  0.00  0.09  0.00  0.00  0.00
  1420                    1.00   0.35  0.01  0.00  0.00  0.00  0.64  0.00  0.00  0.00
  1419                    1.00   0.45  0.00  0.00  0.46  0.00  0.00  0.09  0.46  0.00
  1418                    1.00   0.54  0.05  0.00  0.32  0.00  0.09  0.00  0.00  0.00
  1317                    1.00   0.76  0.00  0.00  0.01  0.00  0.00  0.23  0.01  0.00
  1316                    1.00   0.99  0.01  0.00  0.00  0.00  0.00  0.00  0.00  0.00
  1315                    1.00   1.00  0.00  0.00  0.00  0.00  0.00  0.00  0.00  0.00
  1326                    1.00   0.30  0.00  0.00  0.00  0.00  0.00  0.70  0.00  0.00
  1318                    1.00   0.53  0.00  0.00  0.24  0.00  0.00  0.23  0.23  0.00
  0913                    1.00   0.20  0.00  0.00  0.00  0.00  0.00  0.80  0.00  0.00
  0912                    1.00   0.30  0.00  0.00  0.56  0.00  0.00  0.14  0.56  0.00
  0911                    1.00   0.44  0.05  0.00  0.00  0.00  0.51  0.00  0.00  0.00
  0910                    1.00   0.63  0.00  0.00  0.23  0.00  0.00  0.14  0.23  0.00
  0909                    1.00   0.77  0.00  0.00  0.08  0.00  0.14  0.00  0.00  0.00
  0914                    1.00   0.09  0.03  0.00  0.80  0.00  0.09  0.00  0.00  0.00
  0908                    1.00   0.92  0.03  0.00  0.00  0.00  0.06  0.00  0.00  0.00
  0907                    1.00   1.00  0.00  0.00  0.00  0.00  0.00  0.00  0.00  0.00
  0906                    1.00   1.00  0.00  0.00  0.00  0.00  0.00  0.00  0.00  0.00
  0905                    1.00   1.00  0.00  0.00  0.00  0.00  0.00  0.00  0.00  0.00
  0904                    1.00   1.00  0.00  0.00  0.00  0.00  0.00  0.00  0.00  0.00
  0903                    1.00   1.00  0.00  0.00  0.00  0.00  0.00  0.00  0.00  0.00
  0902                    1.00   1.00  0.00  0.00  0.00  0.00  0.00  0.00  0.00  0.00
  0901                    1.00   1.00  0.00  0.00  0.00  0.00  0.00  0.00  0.00  0.00
  0900                    1.00   1.00  0.00  0.00  0.00  0.00  0.00  0.00  0.00  0.00
  1397                    1.00   0.09  0.00  0.00  0.00  0.00  0.00  0.91  0.00  0.00
  1396                    1.00   0.17  0.00  0.00  0.00  0.00  0.00  0.83  0.00  0.00
  1489                    1.00   0.61  0.00  0.00  0.00  0.00  0.39  0.00  0.00  0.00
  1483                    1.00   0.39  0.00  0.00  0.35  0.01  0.00  0.25  0.36  0.00
  0043                    1.00   1.00  0.00  0.00  0.00  0.00  0.00  0.00  0.00  0.00
  0042                    1.00   1.00  0.00  0.00  0.00  0.00  0.00  0.00  0.00  0.00
  0047                    1.00   1.00  0.00  0.00  0.00  0.00  0.00  0.00  0.00  0.00
  0046                    1.00   1.00  0.00  0.00  0.00  0.00  0.00  0.00  0.00  0.00
  0031                    1.00   1.00  0.00  0.00  0.00  0.00  0.00  0.00  0.00  0.00
  1417                    1.00   1.00  0.00  0.00  0.00  0.00  0.00  0.00  0.00  0.00
  548                     1.00   1.00  0.00  0.00  0.00  0.00  0.00  0.00  0.00  0.00
  1501                    1.00   1.00  0.00  0.00  0.00  0.00  0.00  0.00  0.00  0.00
  1502                    1.00   1.00  0.00  0.00  0.00  0.00  0.00  0.00  0.00  0.00
  1503                    1.00   1.00  0.00  0.00  0.00  0.00  0.00  0.00  0.00  0.00
  1595                    1.00   1.00  0.00  0.00  0.00  0.00  0.00  0.00  0.00  0.00
  1504                    1.00   1.00  0.00  0.00  0.00  0.00  0.00  0.00  0.00  0.00
  1505                    1.00   1.00  0.00  0.00  0.00  0.00  0.00  0.00  0.00  0.00
  1506                    1.00   0.39  0.61  0.00  0.00  0.00  0.00  0.00  0.00  0.00
  1599                    1.00   0.34  0.00  0.00  0.60  0.00  0.00  0.06  0.01  0.00
  1508                    1.00   0.34  0.00  0.00  0.60  0.00  0.00  0.06  0.02  0.00
  1598                    1.00   0.34  0.00  0.00  0.55  0.00  0.00  0.11  0.02  0.00
  1513                    1.00   0.26  0.00  0.00  0.00  0.00  0.00  0.74  0.00  0.00
  1514                    1.00   0.17  0.00  0.00  0.00  0.74  0.00  0.09  0.74  0.00
  1515                    1.00   0.09  0.00  0.00  0.00  0.00  0.00  0.91  0.00  0.00
  1509                    1.00   0.25  0.00  0.00  0.58  0.00  0.00  0.16  0.29  0.00
  1596                    1.00   1.00  0.00  0.00  0.00  0.00  0.00  0.00  0.00  0.00
  1530                    1.00   1.00  0.00  0.00  0.00  0.00  0.00  0.00  0.00  0.00
  1531                    1.00   1.00  0.00  0.00  0.00  0.00  0.00  0.00  0.00  0.00
  1532                    1.00   1.00  0.00  0.00  0.00  0.00  0.00  0.00  0.00  0.00
  1533                    1.00   1.00  0.00  0.00  0.00  0.00  0.00  0.00  0.00  0.00
  1534                    1.00   0.34  0.66  0.00  0.00  0.00  0.00  0.00  0.00  0.00
  1535                    1.00   0.26  0.00  0.00  0.66  0.00  0.00  0.09  0.02  0.00
  1536                    1.00   0.17  0.00  0.00  0.61  0.00  0.00  0.21  0.62  0.00
  1537                    1.00   0.08  0.00  0.00  0.00  0.00  0.00  0.92  0.00  0.00
  1518                    1.00   0.34  0.07  0.00  0.55  0.00  0.03  0.00  0.00  0.00
  1519                    1.00   0.26  0.00  0.00  0.66  0.00  0.00  0.09  0.02  0.00
  1520                    1.00   0.17  0.00  0.00  0.61  0.00  0.00  0.22  0.06  0.00
  1521                    1.00   0.08  0.00  0.00  0.00  0.00  0.92  0.00  0.00  0.00
  1597                    1.00   0.37  0.23  0.00  0.40  0.00  0.00  0.00  0.40  0.00
  1523                    1.00   0.51  0.00  0.00  0.00  0.00  0.49  0.00  0.00  0.00
  1524                    1.00   0.43  0.00  0.00  0.49  0.00  0.00  0.08  0.00  0.00
  1525                    1.00   0.34  0.00  0.00  0.57  0.00  0.00  0.09  0.57  0.00
  1526                    1.00   0.26  0.00  0.00  0.00  0.00  0.00  0.74  0.00  0.00
  1527                    1.00   0.17  0.00  0.00  0.00  0.00  0.00  0.83  0.00  0.00
  1528                    1.00   0.08  0.00  0.00  0.00  0.83  0.00  0.09  0.83  0.00
  1510                    1.00   0.17  0.00  0.00  0.74  0.00  0.09  0.00  0.00  0.00
  1511                    1.00   0.08  0.00  0.00  0.74  0.09  0.00  0.09  0.83  0.00
  1500                    1.00   1.00  0.00  0.00  0.00  0.00  0.00  0.00  0.00  0.00
  0004                    1.00   1.00  0.00  0.00  0.00  0.00  0.00  0.00  0.00  0.00
  0003                    1.00   1.00  0.00  0.00  0.00  0.00  0.00  0.00  0.00  0.00
  0002                    1.00   1.00  0.00  0.00  0.00  0.00  0.00  0.00  0.00  0.00
  0001                    1.00   1.00  0.00  0.00  0.00  0.00  0.00  0.00  0.00  0.00
  0041                    1.00   1.00  0.00  0.00  0.00  0.00  0.00  0.00  0.00  0.00
  DEAIR                   1.00   1.00  0.00  0.00  0.00  0.00  0.00  0.00  0.00  0.00
  DEAIR_2                 1.00   1.00  0.00  0.00  0.00  0.00  0.00  0.00  0.00  0.00
  0051                    1.00   1.00  0.00  0.00  0.00  0.00  0.00  0.00  0.00  0.00
  DEAIR_3                 1.00   1.00  0.00  0.00  0.00  0.00  0.00  0.00  0.00  0.00
  0092                    1.00   1.00  0.00  0.00  0.00  0.00  0.00  0.00  0.00  0.00
  0032                    1.00   1.00  0.00  0.00  0.00  0.00  0.00  0.00  0.00  0.00
  
  
  *************************
  Conduit Surcharge Summary
  *************************
  
  ----------------------------------------------------------------------------
                                                           Hours        Hours 
                         --------- Hours Full --------   Above Full   Capacity
  Conduit                Both Ends  Upstream  Dnstream   Normal Flow   Limited
  ----------------------------------------------------------------------------
  1535                        0.01      0.01     14.26      0.01         0.01
  1518                        0.01      0.01     12.64      0.01         0.01
  1519                        0.01      0.01     12.64      0.01         0.01
  

  Analysis begun on:  Wed Jul 22 11:26:33 2026
  Analysis ended on:  Wed Jul 22 11:26:36 2026
  Total elapsed time: 00:00:03