
  EPA STORM WATER MANAGEMENT MODEL - VERSION 5.2 (Build 5.2.4)
  ------------------------------------------------------------

  Owl Head WPCP, Brooklyn Highway Datum 
  WARNING 04: minimum elevation drop used for Conduit UTFALL
  WARNING 04: minimum elevation drop used for Conduit 90_2
  WARNING 04: minimum elevation drop used for Conduit 80_2
  WARNING 04: minimum elevation drop used for Conduit 90_3
  WARNING 04: minimum elevation drop used for Conduit 80_3
  WARNING 04: minimum elevation drop used for Conduit 91AB
  WARNING 04: minimum elevation drop used for Conduit 92AB
  WARNING 04: minimum elevation drop used for Conduit 90A
  WARNING 04: minimum elevation drop used for Conduit 19209
  WARNING 04: minimum elevation drop used for Conduit 90_5
  WARNING 04: minimum elevation drop used for Conduit 90C
  WARNING 04: minimum elevation drop used for Conduit 80A
  WARNING 04: minimum elevation drop used for Conduit 90A_2
  WARNING 10: crest elevation raised to downstream invert for regulator Link SG-5
  WARNING 10: crest elevation raised to downstream invert for regulator Link -7A
  
  ****************
  Analysis Options
  ****************
  Flow Units ............... CFS
  Process Models:
    Rainfall/Runoff ........ NO
    RDII ................... NO
    Snowmelt ............... NO
    Groundwater ............ NO
    Flow Routing ........... YES
    Ponding Allowed ........ NO
    Water Quality .......... NO
  Flow Routing Method ...... DYNWAVE
  Surcharge Method ......... EXTRAN
  Starting Date ............ 01/01/2001 00:00:00
  Ending Date .............. 01/02/2001 00:00:00
  Antecedent Dry Days ...... 0.0
  Report Time Step ......... 00:15:00
  Routing Time Step ........ 10.00 sec
  Variable Time Step ....... YES
  Maximum Trials ........... 50
  Number of Threads ........ 1
  Head Tolerance ........... 0.003300 ft
  
  
  **************************        Volume        Volume
  Flow Routing Continuity        acre-feet      10^6 gal
  **************************     ---------     ---------
  Dry Weather Inflow .......         0.000         0.000
  Wet Weather Inflow .......         0.000         0.000
  Groundwater Inflow .......         0.000         0.000
  RDII Inflow ..............         0.000         0.000
  External Inflow ..........       144.788        47.181
  External Outflow .........        37.536        12.232
  Flooding Loss ............        96.315        31.386
  Evaporation Loss .........         0.000         0.000
  Exfiltration Loss ........         0.000         0.000
  Initial Stored Volume ....         0.002         0.001
  Final Stored Volume ......        66.248        21.588
  Continuity Error (%) .....       -38.200
  
  
  *************************
  Highest Continuity Errors
  *************************
  Node R7Z (98.03%)
  Node S-R5 (56.08%)
  Node R-9C-Ta (51.89%)
  Node Node_901 (50.74%)
  Node R-6D (49.04%)
  
  
  ***************************
  Time-Step Critical Elements
  ***************************
  Link 01_2 (79.60%)
  
  
  ********************************
  Highest Flow Instability Indexes
  ********************************
  Link W-9C-BTM (133)
  Link W-V (132)
  Link -1 (127)
  Link 600 (53)
  Link CHMEV-51 (45)
  
  
  *********************************
  Most Frequent Nonconverging Nodes
  *********************************
  Node RW-OH (14.47%)
  Node RW-1 (14.47%)
  Node RW-2 (14.47%)
  Node RW-3 (14.47%)
  Node RW-4 (14.47%)
  
  
  *************************
  Routing Time Step Summary
  *************************
  Minimum Time Step           :     0.15 sec
  Average Time Step           :     7.77 sec
  Maximum Time Step           :    10.00 sec
  % of Time in Steady State   :     0.00
  Average Iterations per Step :    16.33
  % of Steps Not Converging   :    14.47
  Time Step Frequencies       :
     10.000 -  5.493 sec      :    99.96 %
      5.493 -  3.017 sec      :     0.04 %
      3.017 -  1.657 sec      :     0.00 %
      1.657 -  0.910 sec      :     0.00 %
      0.910 -  0.500 sec      :     0.00 %
  
  
  ******************
  Node Depth Summary
  ******************
  
  ---------------------------------------------------------------------------------
                                 Average  Maximum  Maximum  Time of Max    Reported
                                   Depth    Depth      HGL   Occurrence   Max Depth
  Node                 Type         Feet     Feet     Feet  days hr:min        Feet
  ---------------------------------------------------------------------------------
  S-04                 JUNCTION     0.12     0.52    13.52     1  00:00        0.52
  S-05                 JUNCTION     1.86     3.47    13.52     1  00:00        3.47
  S-06                 JUNCTION     4.24     6.02    13.52     0  23:59        6.02
  S-07                 JUNCTION     1.85     3.47    13.52     1  00:00        3.47
  S-09                 JUNCTION     1.07     2.52    13.52     1  00:00        2.52
  S-R3                 JUNCTION     0.18     1.02    13.52     1  00:00        1.02
  S-12                 JUNCTION     2.55     4.52    14.52     1  00:00        4.52
  S-R4                 JUNCTION     1.56     3.52    14.52     1  00:00        3.52
  S-R5                 JUNCTION     2.42     4.52    14.52     1  00:00        4.52
  R-6D                 JUNCTION     2.83     2.95    12.95     0  08:15        2.95
  N-05                 JUNCTION     0.34     0.35    17.85     0  00:35        0.35
  N-04                 JUNCTION     0.48     0.55    18.55     0  00:16        0.55
  R7Z                  JUNCTION     0.71     0.72    13.72     0  16:24        0.72
  WW-OH                JUNCTION     0.00     0.00    10.00     0  00:00        0.00
  DISCH                JUNCTION     0.59     0.59    10.59     0  00:33        0.59
  S-R1                 JUNCTION     0.07     0.07    17.07     0  00:50        0.07
  TG-1                 JUNCTION     0.03     0.03    17.03     0  01:44        0.03
  R-2                  JUNCTION     0.35     0.35    11.35     0  07:43        0.35
  TG-2                 JUNCTION     0.00     0.00    11.00     0  00:00        0.00
  CS-2                 JUNCTION     3.01     3.03    14.03     0  00:03        3.01
  R-3                  JUNCTION     0.16     0.17    12.67     0  07:55        0.17
  TG-3                 JUNCTION     0.16     0.16    12.66     0  07:56        0.16
  CS-3                 JUNCTION     0.21     0.22    12.72     0  07:52        0.22
  R-4                  JUNCTION     0.28     0.28    11.28     0  00:26        0.28
  TG-4                 JUNCTION     0.28     0.28    11.28     0  00:26        0.28
  CS-4                 JUNCTION     0.53     0.54    11.54     0  00:08        0.53
  R-5                  JUNCTION     0.54     0.56     9.26     0  06:06        0.56
  TG-5                 JUNCTION     0.52     0.55     9.25     0  06:06        0.55
  CS-5                 JUNCTION     0.96     1.01     9.71     0  05:25        1.01
  R-6C                 JUNCTION     0.11     0.11    14.11     0  02:21        0.11
  R-6                  JUNCTION     2.88     3.00    13.00     0  02:18        3.00
  TG-6C                JUNCTION     0.11     0.11    14.11     0  02:31        0.11
  R-9C-Ta              JUNCTION     9.02    12.01    57.01     0  23:59       12.01
  9C-04                JUNCTION     3.48     3.50    44.50     0  00:08        3.49
  9C-05                JUNCTION     2.95     2.96    42.96     0  00:15        2.96
  9C-06                JUNCTION     2.43     2.45    40.45     0  00:17        2.44
  9C-07                JUNCTION     2.15     2.16    38.16     0  00:31        2.16
  9C-08                JUNCTION     1.53     1.55    35.55     0  00:37        1.55
  9C-09                JUNCTION     1.29     1.31    33.31     0  00:33        1.31
  9C-10                JUNCTION     0.81     0.82    30.82     0  00:36        0.82
  9C-11                JUNCTION     0.33     0.35    28.35     0  00:40        0.34
  9C-12                JUNCTION     0.23     0.25    26.25     0  00:47        0.24
  9C-13                JUNCTION     0.24     0.26    24.26     0  00:54        0.25
  9C-14                JUNCTION     0.28     0.71    22.71     1  00:00        0.71
  9C-15                JUNCTION     1.20     2.72    22.72     1  00:00        2.72
  9C-16                JUNCTION     2.85     4.72    22.72     0  23:58        4.71
  CS-7A                JUNCTION     0.51     0.52    13.72     0  01:44        0.52
  R-7A                 JUNCTION     0.51     0.52    13.72     0  01:51        0.52
  R-7                  JUNCTION     0.41     0.42    13.72     0  01:48        0.42
  TG-7                 JUNCTION     0.38     0.39    13.69     0  01:42        0.39
  CS-7C                JUNCTION     3.99     3.99    17.39     0  00:18        3.99
  R-7C                 JUNCTION     1.23     1.30    14.70     0  00:29        1.29
  CS-7B                JUNCTION     1.64     1.67    14.67     0  00:32        1.65
  R-7B                 JUNCTION     1.24     1.26    14.66     0  00:33        1.25
  R-9a                 JUNCTION     5.71     5.96    30.96     0  14:26        5.96
  VFM                  JUNCTION     5.71     5.96    30.96     0  14:11        5.96
  TG-9AT               JUNCTION     4.93     5.47    25.47     0  12:49        5.47
  TG-9ATa              JUNCTION     3.60     4.00    24.00     0  12:48        4.00
  R-9AB                JUNCTION     0.37     0.43    20.43     0  19:12        0.43
  TG-9AB               JUNCTION     0.35     0.41    20.41     0  21:10        0.41
  TG-9A                JUNCTION     0.34     0.40    20.40     0  21:59        0.40
  VDS                  JUNCTION     4.04     4.14    39.14     0  00:01        4.05
  CS-9B                JUNCTION    16.29    16.39    46.39     0  00:03       16.30
  R-9B                 JUNCTION    13.72    13.90    43.90     0  00:05       13.76
  R-9Ba                JUNCTION    16.95    18.28    43.28     0  20:23       18.28
  9B-02                JUNCTION    13.01    14.84    39.84     0  23:59       14.84
  9B-04                JUNCTION    10.64    12.80    37.80     1  00:00       12.80
  CS-09A-T             JUNCTION     6.37     6.38    31.38     0  02:38        6.38
  9CB-05               JUNCTION     0.00     0.00    29.00     0  00:00        0.00
  9CB-07               JUNCTION     0.03     0.03    25.03     0  02:53        0.03
  9CB-09               JUNCTION     2.01     3.76    28.76     1  00:00        3.76
  CS-09A-B             JUNCTION     0.04     0.04    25.04     0  00:18        0.04
  CS-09C-T             JUNCTION    36.75    39.10    89.10     0  13:55       39.10
  R-9C-T               JUNCTION    20.10    20.16    70.16     0  00:04       20.13
  CS-09C-B             JUNCTION    20.04    22.27    72.27     0  13:42       22.27
  R-9C-B               JUNCTION     0.00     0.00    45.00     0  00:00        0.00
  CS-8B                JUNCTION     0.00     0.00    45.00     0  00:00        0.00
  9CB-01               JUNCTION     0.00     0.00    45.00     0  00:00        0.00
  9CB-03               JUNCTION     0.00     0.00    35.00     0  00:00        0.00
  9CT-01               JUNCTION     0.00     0.00    45.00     0  00:00        0.00
  R6CZ                 JUNCTION     0.00     0.00    14.00     0  00:00        0.00
  CS-6A                JUNCTION     0.00     0.00    14.00     0  00:00        0.00
  CS-6B                JUNCTION     0.00     0.00    14.00     0  00:00        0.00
  R-1                  JUNCTION     0.00     0.00    17.00     0  00:00        0.00
  9A-01                JUNCTION     6.17     6.46    30.96     0  12:19        6.46
  9A-03                JUNCTION     0.00     0.00    23.50     0  00:00        0.00
  9C-01                JUNCTION     9.97    13.02    57.02     1  00:00       13.02
  9C-02                JUNCTION     0.00     0.00    43.00     0  00:00        0.00
  9C-03                JUNCTION     0.00     0.00    42.00     0  00:00        0.00
  CS-6C                JUNCTION     4.73     6.72    22.72     1  00:00        6.72
  CS-V                 JUNCTION     0.00     0.00     9.00     0  00:00        0.00
  R-V                  JUNCTION     0.00     0.00    22.00     0  00:00        0.00
  TG-V                 JUNCTION     0.00     0.00    22.00     0  00:00        0.00
  RW-V                 JUNCTION     0.00     0.00    22.00     0  00:00        0.00
  R-9D-T               JUNCTION    36.46    39.10    89.10     0  13:55       39.10
  CS-01                JUNCTION     0.00     0.00    23.00     0  00:00        0.00
  VDSa                 JUNCTION     0.00     0.00     7.88     0  00:00        0.00
  CS-01E               JUNCTION     0.00     0.00    20.50     0  00:00        0.00
  CS-01F               JUNCTION     0.00     0.00    20.00     0  00:00        0.00
  CS-01G               JUNCTION     0.00     0.00    19.50     0  00:00        0.00
  CS-01H               JUNCTION     0.00     0.00    19.00     0  00:00        0.00
  CS-01I               JUNCTION     0.00     0.00    18.50     0  00:00        0.00
  CS-01J               JUNCTION     0.00     0.00    18.00     0  00:00        0.00
  CS-01K               JUNCTION     0.00     0.00    17.50     0  00:00        0.00
  SE-133               JUNCTION     0.00     0.00     8.50     0  00:00        0.00
  SE-133_2             JUNCTION     0.00     0.00    26.00     0  00:00        0.00
  SE-133_3             JUNCTION     0.00     0.00     9.76     0  00:00        0.00
  SE-133_4             JUNCTION     0.00     0.00    12.16     0  00:00        0.00
  1233                 JUNCTION     0.00     0.00     6.16     0  00:00        0.00
  N-01                 JUNCTION     0.00     0.00    19.00     0  00:00        0.00
  N-02                 JUNCTION     0.00     0.00    21.80     0  00:00        0.00
  N-03                 JUNCTION     0.00     0.00    18.00     0  00:00        0.00
  R-6A                 JUNCTION     0.00     0.00    14.00     0  00:00        0.00
  R-6B                 JUNCTION     0.00     0.00    14.00     0  00:00        0.00
  N-05Z                JUNCTION     0.87     0.96    12.96     0  04:18        0.95
  N-06                 JUNCTION     0.00     0.00    13.50     0  00:00        0.00
  S-17                 JUNCTION     3.64     5.82    14.52     1  00:00        5.82
  R5Z                  JUNCTION     0.00     0.00    10.00     0  00:00        0.00
  R4Z                  JUNCTION     0.00     0.00    11.00     0  00:00        0.00
  S-11                 JUNCTION     1.40     4.52    13.52     1  00:00        4.52
  R3Z                  JUNCTION     0.00     0.00    12.50     0  00:00        0.00
  R2Z                  JUNCTION     0.00     0.00    11.00     0  00:00        0.00
  S-03                 JUNCTION     6.73     7.39    16.39     0  05:20        7.39
  CS-01D               JUNCTION     0.00     0.00    21.00     0  00:00        0.00
  CS-01C               JUNCTION     0.00     0.00    21.50     0  00:00        0.00
  CS-01B               JUNCTION     0.00     0.00    22.00     0  00:00        0.00
  CS-01A               JUNCTION     0.00     0.00    22.50     0  00:00        0.00
  9A-02                JUNCTION     0.00     0.00    24.00     0  00:00        0.00
  R-9C-Ba              JUNCTION     0.00     0.00    45.00     0  00:00        0.00
  9CB-02               JUNCTION     0.00     0.00    40.00     0  00:00        0.00
  9CT-04               JUNCTION     0.00     0.00    30.00     0  00:00        0.00
  9CB-04               JUNCTION     0.00     0.00    30.00     0  00:00        0.00
  9B-01                JUNCTION    16.94    18.28    43.28     0  20:17       18.28
  9CB-06               JUNCTION     0.00     0.00    27.00     0  00:00        0.00
  9B-03                JUNCTION    12.98    14.84    39.84     1  00:00       14.84
  9CB-08               JUNCTION     4.24     7.00    19.00     0  20:42        7.00
  9CB-10               JUNCTION     2.01     3.76    28.76     1  00:00        3.76
  9B-05                JUNCTION    10.64    12.80    37.80     1  00:00       12.80
  R-9C-D               JUNCTION    19.90    22.27    72.27     0  13:42       22.27
  S-19                 JUNCTION     0.00     0.00    15.00     0  00:00        0.00
  JC                   JUNCTION     0.00     0.00    10.00     0  00:00        0.00
  9CT-02               JUNCTION     0.00     0.00    40.00     0  00:00        0.00
  9CT-03               JUNCTION     0.00     0.00    35.00     0  00:00        0.00
  557                  JUNCTION     0.00     0.00     7.88     0  00:00        0.00
  V-FM                 JUNCTION     0.00     0.00    20.00     0  00:00        0.00
  HW_HMEINLET          JUNCTION     5.23     6.19    -7.25     0  08:17        6.19
  Node_1284929         JUNCTION     7.00     8.00    -7.25     0  08:16        8.00
  Node_50              JUNCTION     0.23     0.25    -1.07     0  13:45        0.25
  Node_1264918         JUNCTION     1.26     1.33    -7.75     0  03:00        1.33
  Node_51              JUNCTION     0.14     0.14    -4.61     0  04:43        0.14
  Node_1263920         JUNCTION     2.94     3.00    -7.31     0  01:00        3.00
  Node_1261922         JUNCTION     1.98     2.00    -9.69     0  00:20        2.00
  Node_551             JUNCTION     0.65     0.78    -3.72     0  00:03        0.65
  Node_1260923         JUNCTION     1.33     1.33   -10.90     0  00:05        1.33
  Node_1009952         JUNCTION     7.44     7.83    -1.07     0  13:44        7.83
  Node_80              JUNCTION     0.06     0.06    27.16     0  00:15        0.06
  Node_1053998         JUNCTION     0.00     0.00    20.00     0  00:00        0.00
  HW_980CB             JUNCTION    15.47    15.71    25.98     0  07:11       15.71
  HW_950CB             JUNCTION     8.38     8.43    14.31     0  05:21        8.43
  Node_800             JUNCTION    11.74    13.88    24.76     0  22:52       13.88
  Node_10011000        JUNCTION    14.38    18.88    24.76     0  22:47       18.88
  Node_900             JUNCTION     8.98    10.48    18.73     1  00:00       10.48
  Node_10021272        JUNCTION     9.98    12.06    18.73     0  23:58       12.06
  Node_902             JUNCTION     5.12     5.94    11.02     1  00:00        5.94
  Node_10031275        JUNCTION     4.88     7.53    11.03     1  00:00        7.53
  Node_10041285        JUNCTION     0.00     0.00    18.18     0  00:00        0.00
  Node_12861274        JUNCTION     0.00     0.00    15.01     0  00:00        0.00
  HW_-1                JUNCTION     0.10     0.12     0.12     0  00:01        0.11
  Node_1024933         JUNCTION     0.00     0.00     0.00     0  00:00        0.00
  HW_W-9C-BTM          JUNCTION    10.92    10.97    10.97     0  00:03       10.93
  Node_10001002        JUNCTION     0.00     0.00     0.00     0  00:00        0.00
  Node_701             JUNCTION     5.03     5.62    -3.27     0  06:03        5.61
  Node_12521253        JUNCTION     5.43     6.00    -3.29     0  06:02        6.00
  Node_702             JUNCTION     5.02     5.62    -3.67     0  06:08        5.61
  Node_12531254        JUNCTION     5.42     6.00    -3.69     0  06:08        6.00
  HW_03_2              JUNCTION     5.68     5.88    -3.81     0  01:58        5.87
  Node_1254927         JUNCTION     5.81     6.00    -3.82     0  01:58        6.00
  Node_680             JUNCTION     4.92     4.92    11.92     0  00:16        4.92
  Node_10101255        JUNCTION     0.00     0.00     4.00     0  00:00        0.00
  Node_1255951         JUNCTION     0.00     0.00    -5.70     0  00:00        0.00
  HW_-6A               JUNCTION     6.01     6.03    11.93     0  00:01        6.02
  Node_1255953         JUNCTION     2.48     2.50    -0.55     0  00:18        2.50
  Node_10121256        JUNCTION     5.22     5.25     7.00     0  00:28        5.25
  HW_-6B               JUNCTION     4.37     4.47     8.67     0  00:01        4.37
  Node_1256953         JUNCTION     3.46     3.50     0.45     0  00:40        3.50
  Node_1256952         JUNCTION     0.00     0.00    -8.90     0  00:00        0.00
  Node_601             JUNCTION     5.24     7.01    -5.91     0  13:57        7.01
  Node_12571258        JUNCTION     5.52     7.30    -5.91     0  13:56        7.30
  Node_602             JUNCTION     5.86     7.07    -6.14     0  09:59        7.07
  Node_12581284        JUNCTION     6.09     7.30    -6.14     0  09:58        7.30
  Node_501             JUNCTION     5.57     7.08    -5.67     0  11:58        7.08
  Node_12591283        JUNCTION     6.01     7.53    -5.67     0  11:57        7.53
  HW_01_3              JUNCTION     4.59     6.89    -3.71     0  17:20        6.89
  Node_1262921         JUNCTION     5.22     7.53    -3.72     0  17:19        7.53
  HW_01_4              JUNCTION     6.06     7.06    -0.47     0  08:15        7.05
  Node_1265915         JUNCTION     6.40     7.39    -0.48     0  08:14        7.39
  HW_G-1               JUNCTION     0.17     0.17     0.17     0  00:26        0.17
  Node_1024932         JUNCTION     0.00     0.00     0.00     0  00:00        0.00
  Node_901             JUNCTION     7.05     8.35    11.74     1  00:00        8.35
  Node_10251270        JUNCTION     7.28     8.59    11.74     1  00:00        8.59
  Node_12701027        JUNCTION     7.17     8.03    11.02     0  23:57        8.03
  Node_903             JUNCTION     9.50    10.22    13.21     0  05:53       10.21
  Node_10271055        JUNCTION     9.63    10.35    13.20     0  05:52       10.35
  Node_180             JUNCTION     0.07     0.10     2.35     0  23:09        0.10
  Node_10551269        JUNCTION     0.00     0.00     1.72     0  00:00        0.00
  Node_12691268        JUNCTION     0.00     0.00     1.17     0  00:00        0.00
  Node_12681267        JUNCTION     0.00     0.00     0.61     0  00:00        0.00
  Node_12671266        JUNCTION     0.00     0.00     0.25     0  00:00        0.00
  Node_12661059        JUNCTION     2.00     2.90     2.35     0  23:24        2.90
  Node_10321033        JUNCTION     6.12     7.63    11.74     1  00:00        7.63
  Node_10331034        JUNCTION     6.27     7.44    11.03     0  23:58        7.43
  HW_03C               JUNCTION     9.69    14.55    18.14     1  00:00       14.55
  Node_1034956         JUNCTION    10.08    14.95    18.14     1  00:00       14.95
  Node_1035951         JUNCTION     6.10    10.11     4.41     1  00:00       10.11
  Node_10361037        JUNCTION     9.40    10.00     2.50     0  03:56       10.00
  Node_90              JUNCTION     8.08     9.47     1.97     0  08:39        9.46
  Node_10391040        JUNCTION     8.62    10.00     1.96     0  08:39       10.00
  HW_383.1             JUNCTION     0.00     0.00   -22.17     0  00:00        0.00
  Node_10411289        JUNCTION     0.00     0.00   -22.42     0  00:00        0.00
  HW_OF-V              JUNCTION     0.23     0.23     0.23     0  00:19        0.23
  Node_10371038        JUNCTION     0.00     0.00     0.00     0  00:00        0.00
  HW_W-V               JUNCTION     0.14     0.17     0.17     0  00:00        0.15
  Node_10371039        JUNCTION     0.00     0.00     0.00     0  00:00        0.00
  Node_10381041        JUNCTION     2.93     2.94    -4.61     0  03:36        2.94
  Node_1271955         JUNCTION     0.00     0.00     5.16     0  00:00        0.00
  Node_12721003        JUNCTION     4.30     6.66    11.74     1  00:00        6.66
  HW_03-CT             JUNCTION    17.00    17.83    32.84     0  12:32       17.83
  Node_1274989         JUNCTION    18.35    19.42    32.84     0  12:29       19.42
  HW_03-CB             JUNCTION     4.24     5.73     9.23     1  00:00        5.73
  Node_1275993         JUNCTION     5.25     7.31     9.23     1  00:00        7.31
  HW_01B               JUNCTION    13.53    15.38    27.66     0  23:59       15.38
  Node_1276990         JUNCTION    14.35    16.52    27.66     1  00:00       16.52
  HW_05CB              JUNCTION     2.14     4.19     4.75     0  23:59        4.18
  Node_1277994         JUNCTION     3.33     5.55     4.74     1  00:00        5.55
  HW_03B               JUNCTION    11.18    12.10    21.56     0  17:26       12.10
  Node_1278991         JUNCTION    12.84    13.78    21.56     0  17:26       13.78
  HW_07CB              JUNCTION     5.02     5.80     3.78     0  07:42        5.80
  Node_1279995         JUNCTION     6.21     7.00     3.77     0  07:42        7.00
  HW_09CB              JUNCTION     1.56     3.28    -0.92     1  00:00        3.28
  Node_1280996         JUNCTION     2.46     4.25    -0.92     1  00:00        4.25
  HW_05B               JUNCTION     9.12    11.26    18.32     1  00:00       11.26
  Node_1281992         JUNCTION     9.81    11.99    18.32     0  23:59       11.99
  HW_383.1_2           JUNCTION     0.00     0.00   -22.17     0  00:00        0.00
  Node_10411056        JUNCTION     0.00     0.00   -22.42     0  00:00        0.00
  HW_8_                JUNCTION     8.08     9.01    14.07     0  11:38        9.01
  Node_1290986         JUNCTION     9.22    10.28    14.06     0  11:37       10.28
  Node_10591060        JUNCTION     2.14     3.27     2.35     0  22:48        3.27
  Node_10601061        JUNCTION     2.03     3.58     1.59     1  00:00        3.58
  Node_10611062        JUNCTION     3.11     4.72     2.35     0  22:25        4.72
  Node_10621063        JUNCTION     4.12     4.96     2.35     0  22:16        4.96
  Node_10631064        JUNCTION     2.98     5.31     2.27     1  00:00        5.31
  Node_10641065        JUNCTION     3.21     5.75     2.30     1  00:00        5.75
  Node_10651024        JUNCTION     2.59     4.59     0.63     1  00:00        4.59
  Node_133             JUNCTION     0.56     1.45    -2.18     1  00:00        1.45
  Node_10661067        JUNCTION     0.94     1.86    -2.18     1  00:00        1.86
  Node_10671068        JUNCTION     1.45     2.50    -2.18     1  00:00        2.50
  Node_10681069        JUNCTION     1.95     3.10    -2.18     1  00:00        3.10
  Node_1069932         JUNCTION     2.39     3.67    -2.18     1  00:00        3.67
  Node_60              JUNCTION     0.82     1.11    -1.73     1  00:00        1.11
  Node_12331066        JUNCTION     1.04     1.89    -1.74     1  00:00        1.89
  Node_1236            JUNCTION     3.27     3.38     6.42     0  00:00        3.27
  Node_10561233        JUNCTION     4.83     5.00     2.16     0  02:13        5.00
  Node_502             JUNCTION     6.48     7.29    -5.91     0  06:34        7.29
  Node_12831284        JUNCTION     6.72     7.53    -5.91     0  06:34        7.53
  Node_12851286        JUNCTION     0.00     0.00    16.60     0  00:00        0.00
  HW_CHME30_           JUNCTION     5.83     5.99     9.45     0  04:06        5.99
  Node_12891290        JUNCTION     0.00     0.00     8.54     0  00:00        0.00
  RW-OH                OUTFALL      0.25     0.25    10.25     0  04:02        0.25
  RW-1                 OUTFALL      0.03     0.03     7.03     0  07:59        0.03
  RW-2                 OUTFALL      0.00     0.00    11.00     0  00:00        0.00
  RW-3                 OUTFALL      0.04     0.04    12.54     0  07:58        0.04
  RW-4                 OUTFALL      0.05     0.05    11.05     0  00:26        0.05
  RW-5                 OUTFALL      0.25     0.26     8.96     0  07:51        0.26
  RW-6C                OUTFALL      0.02     0.02    14.02     0  08:27        0.02
  RW-7                 OUTFALL      0.14     0.14    13.44     0  01:42        0.14
  RW-9A                OUTFALL      0.11     0.13    20.13     0  21:59        0.13
  RVZ                  STORAGE      0.00     0.00    22.00     0  00:00        0.00
  WW-V                 STORAGE      0.00     0.00     7.88     0  00:00        0.00
  
  
  *******************
  Node Inflow Summary
  *******************
  
  -------------------------------------------------------------------------------------------------
                                  Maximum  Maximum                  Lateral       Total        Flow
                                  Lateral    Total  Time of Max      Inflow      Inflow     Balance
                                   Inflow   Inflow   Occurrence      Volume      Volume       Error
  Node                 Type           CFS      CFS  days hr:min    10^6 gal    10^6 gal     Percent
  -------------------------------------------------------------------------------------------------
  S-04                 JUNCTION      1.00     1.00     0  00:00       0.646       0.646       1.466
  S-05                 JUNCTION      0.00     1.03     0  00:14           0       0.637      23.917
  S-06                 JUNCTION      0.00     1.21     0  19:24           0       0.514      69.978
  S-07                 JUNCTION      0.00     1.07     0  17:33           0       0.303      73.735
  S-09                 JUNCTION      0.00     1.01     0  17:00           0       0.175      85.359
  S-R3                 JUNCTION      0.00     1.14     0  17:21           0       0.101      37.915
  S-12                 JUNCTION      1.00     1.00     0  00:00       0.646       0.646      17.724
  S-R4                 JUNCTION      0.00     1.18     0  00:52           0       0.549      47.289
  S-R5                 JUNCTION      0.00     1.50     0  02:41           0        0.42     127.691
  R-6D                 JUNCTION      0.00    25.37     0  05:45           0         1.1      96.246
  N-05                 JUNCTION      0.00     1.10     0  00:22           0       0.643       0.642
  N-04                 JUNCTION      1.00     1.00     0  00:00       0.646       0.646       0.467
  R7Z                  JUNCTION      0.00     0.97     0  00:25           0     0.00633    4963.888
  WW-OH                JUNCTION      1.00     1.00     0  00:00       0.646       0.646     -90.000
  DISCH                JUNCTION      0.00    10.00     0  00:00           0        6.46       0.142
  S-R1                 JUNCTION      1.00     1.00     0  00:00       0.646       0.646       0.195
  TG-1                 JUNCTION      1.00     1.00     0  00:00       0.646       0.646       0.100
  R-2                  JUNCTION      0.00     1.06     0  00:03           0       0.646       0.198
  TG-2                 JUNCTION      0.00     0.00     0  00:00           0           0       0.000 gal
  CS-2                 JUNCTION      1.00     1.00     0  00:00       0.646       0.646       0.108
  R-3                  JUNCTION      0.00     1.00     0  16:26           0       0.643       0.386
  TG-3                 JUNCTION      0.00     0.50     1  00:00           0       0.323       0.658
  CS-3                 JUNCTION      1.00     1.00     0  00:00       0.646       0.646       0.450
  R-4                  JUNCTION      0.00     1.03     0  00:10           0       0.645       0.193
  TG-4                 JUNCTION      0.00     0.22     0  00:08           0       0.116       0.456
  CS-4                 JUNCTION      1.00     1.00     0  00:00       0.646       0.646       0.254
  R-5                  JUNCTION      0.00     1.00     0  05:25           0       0.605       0.245
  TG-5                 JUNCTION      0.00     1.00     0  06:06           0       0.604       0.210
  CS-5                 JUNCTION      0.00     1.00     0  07:46           0       0.606       0.111
  R-6C                 JUNCTION      1.00     1.00     0  00:00       0.646       0.646       0.060
  R-6                  JUNCTION      1.00    43.70     0  02:40       0.646        1.06      -1.753
  TG-6C                JUNCTION      0.00     0.69     0  00:01           0       0.276       0.982
  R-9C-Ta              JUNCTION      0.00     1.49     0  18:21           0       0.687     107.872
  9C-04                JUNCTION      1.00     1.00     0  00:00       0.646       0.646       0.110
  9C-05                JUNCTION      0.00     1.08     0  00:13           0       0.646       0.439
  9C-06                JUNCTION      0.00     1.07     0  00:16           0       0.643       0.275
  9C-07                JUNCTION      0.00     1.10     0  00:18           0       0.641       0.452
  9C-08                JUNCTION      0.00     1.00     0  00:33           0       0.638       0.249
  9C-09                JUNCTION      0.00     1.00     0  00:37           0       0.637       0.290
  9C-10                JUNCTION      0.00     1.02     0  00:34           0       0.635       0.294
  9C-11                JUNCTION      0.00     1.04     0  00:37           0       0.633       0.225
  9C-12                JUNCTION      0.00     1.07     0  00:44           0       0.631       0.345
  9C-13                JUNCTION      0.00     1.07     0  00:49           0       0.629       0.396
  9C-14                JUNCTION      0.00     1.07     0  00:59           0       0.627       3.209
  9C-15                JUNCTION      0.00     1.07     0  01:05           0       0.607      27.511
  9C-16                JUNCTION      0.00     1.94     0  19:20           0       0.599      84.078
  CS-7A                JUNCTION      1.00     1.00     0  00:00       0.646       0.646       0.906
  R-7A                 JUNCTION      0.00     1.95     0  01:50           0        1.22       0.715
  R-7                  JUNCTION      0.00     1.62     1  00:00           0       0.592       0.666
  TG-7                 JUNCTION      0.00     3.01     0  01:41           0         1.9       0.231
  CS-7C                JUNCTION      1.00     1.00     0  00:00       0.646       0.646       0.170
  R-7C                 JUNCTION      0.00     1.00     0  00:19           0       0.645       0.192
  CS-7B                JUNCTION      1.00     1.41     0  00:14       0.646       0.647       1.151
  R-7B                 JUNCTION      0.00     2.32     0  00:24           0        1.28       0.600
  R-9a                 JUNCTION      0.00     2.04     0  00:18           0       0.743      46.111
  VFM                  JUNCTION      0.00     2.04     0  11:12           0         1.1       8.204
  TG-9AT               JUNCTION      0.00     1.00     0  08:11           0       0.562       0.426
  TG-9ATa              JUNCTION      0.00     1.45     0  03:04           0        0.56       0.230
  R-9AB                JUNCTION      0.00     3.00     0  14:11           0        1.57       5.717
  TG-9AB               JUNCTION      0.00     3.00     0  18:04           0        1.48       4.236
  TG-9A                JUNCTION      0.00     9.12     0  03:05           0        1.98       2.738
  VDS                  JUNCTION      1.00     1.00     0  00:00       0.646       0.646      -0.357
  CS-9B                JUNCTION      1.00     1.00     0  00:00       0.646       0.646       0.135
  R-9B                 JUNCTION      0.00     1.79     0  00:04           0       0.645      -0.049
  R-9Ba                JUNCTION      0.00   156.93     0  00:08           0        2.08      20.980
  9B-02                JUNCTION      1.00     1.25     0  19:00       0.646       0.663      79.703
  9B-04                JUNCTION      1.00    11.51     0  00:03       0.646       0.818      66.917
  CS-09A-T             JUNCTION      1.00     1.00     0  00:02       0.646       0.646       0.743
  9CB-05               JUNCTION      0.00     0.00     0  00:00           0           0       0.000 gal
  9CB-07               JUNCTION      1.00     1.00     0  00:00       0.646       0.646       0.340
  9CB-09               JUNCTION      1.00     1.00     0  00:00       0.646       0.646      99.989
  CS-09A-B             JUNCTION      1.00     1.00     0  00:00       0.646       0.646       0.525
  CS-09C-T             JUNCTION      1.00     1.19     0  04:51       0.646       0.649      32.590
  R-9C-T               JUNCTION      1.00     1.00     0  00:00       0.646       0.646       0.273
  CS-09C-B             JUNCTION      1.00     1.34     0  04:35       0.646        0.65      31.705
  R-9C-B               JUNCTION      0.00     0.00     0  00:00           0           0       0.000 gal
  CS-8B                JUNCTION      0.00     0.00     0  00:00           0           0       0.000 gal
  9CB-01               JUNCTION      0.00     0.00     0  00:00           0           0       0.000 gal
  9CB-03               JUNCTION      0.00     0.00     0  00:00           0           0       0.000 gal
  9CT-01               JUNCTION      0.00     0.00     0  00:00           0           0       0.000 gal
  R6CZ                 JUNCTION      0.00     0.57     0  02:20           0        0.37       0.000
  CS-6A                JUNCTION      0.00     0.00     0  00:00           0           0       0.000 gal
  CS-6B                JUNCTION      0.00     0.00     0  00:00           0           0       0.000 gal
  R-1                  JUNCTION      0.00     0.00     0  00:00           0           0       0.000 gal
  9A-01                JUNCTION      0.00     1.11     0  00:45           0      0.0605       0.000
  9A-03                JUNCTION      0.00     0.00     0  00:00           0           0       0.000 gal
  9C-01                JUNCTION      0.00     1.30     0  18:07           0       0.331       0.000
  9C-02                JUNCTION      0.00     0.00     0  00:00           0           0       0.000 gal
  9C-03                JUNCTION      0.00     0.00     0  00:00           0           0       0.000 gal
  CS-6C                JUNCTION      0.00     1.48     0  15:36           0       0.325       0.000
  CS-V                 JUNCTION      0.00     0.00     0  00:00           0           0       0.000 gal
  R-V                  JUNCTION      0.00     0.00     0  00:00           0           0       0.000 gal
  TG-V                 JUNCTION      0.00     0.00     0  00:00           0           0       0.000 gal
  RW-V                 JUNCTION      0.00     0.00     0  00:00           0           0       0.000 gal
  R-9D-T               JUNCTION      0.00     1.27     0  04:44           0       0.489       0.000
  CS-01                JUNCTION      0.00     0.00     0  00:00           0           0       0.000 gal
  VDSa                 JUNCTION      0.00     0.00     0  00:00           0           0       0.000 gal
  CS-01E               JUNCTION      0.00     0.00     0  00:00           0           0       0.000 gal
  CS-01F               JUNCTION      0.00     0.00     0  00:00           0           0       0.000 gal
  CS-01G               JUNCTION      0.00     0.00     0  00:00           0           0       0.000 gal
  CS-01H               JUNCTION      0.00     0.00     0  00:00           0           0       0.000 gal
  CS-01I               JUNCTION      0.00     0.00     0  00:00           0           0       0.000 gal
  CS-01J               JUNCTION      0.00     0.00     0  00:00           0           0       0.000 gal
  CS-01K               JUNCTION      0.00     0.00     0  00:00           0           0       0.000 gal
  SE-133               JUNCTION      0.00     0.00     0  00:00           0           0       0.000 gal
  SE-133_2             JUNCTION      0.00     0.00     0  00:00           0           0       0.000 gal
  SE-133_3             JUNCTION      0.00     0.00     0  00:00           0           0       0.000 gal
  SE-133_4             JUNCTION      0.00     0.00     0  00:00           0           0       0.000 gal
  1233                 JUNCTION      0.00     0.00     0  00:00           0           0       0.000 gal
  N-01                 JUNCTION      0.00     0.00     0  00:00           0           0       0.000 gal
  N-02                 JUNCTION      0.00     0.00     0  00:00           0           0       0.000 gal
  N-03                 JUNCTION      0.00     0.00     0  00:00           0           0       0.000 gal
  R-6A                 JUNCTION      0.00     0.00     0  00:00           0           0       0.000 gal
  R-6B                 JUNCTION      0.00     0.00     0  00:00           0           0       0.000 gal
  N-05Z                JUNCTION      0.00     5.19     0  02:46           0       0.148       0.000
  N-06                 JUNCTION      0.00     0.00     0  00:00           0           0       0.000 gal
  S-17                 JUNCTION      0.00     1.05     0  02:45           0       0.184       0.000
  R5Z                  JUNCTION      0.00     0.00     0  00:00           0           0       0.000 gal
  R4Z                  JUNCTION      0.00     0.82     0  00:26           0       0.527       0.000
  S-11                 JUNCTION      0.00     1.00     0  17:18           0      0.0723       0.000
  R3Z                  JUNCTION      0.00     0.50     0  07:53           0       0.318       0.000
  R2Z                  JUNCTION      0.00     1.00     0  01:21           0       0.644       0.000
  S-03                 JUNCTION      0.00     1.00     0  00:50           0       0.645       0.000
  CS-01D               JUNCTION      0.00     0.00     0  00:00           0           0       0.000 gal
  CS-01C               JUNCTION      0.00     0.00     0  00:00           0           0       0.000 gal
  CS-01B               JUNCTION      0.00     0.00     0  00:00           0           0       0.000 gal
  CS-01A               JUNCTION      0.00     0.00     0  00:00           0           0       0.000 gal
  9A-02                JUNCTION      0.00     0.00     0  00:00           0           0       0.000 gal
  R-9C-Ba              JUNCTION      0.00     0.00     0  00:00           0           0       0.000 gal
  9CB-02               JUNCTION      0.00     0.00     0  00:00           0           0       0.000 gal
  9CT-04               JUNCTION      0.00     0.00     0  00:00           0           0       0.000 gal
  9CB-04               JUNCTION      0.00     0.00     0  00:00           0           0       0.000 gal
  9B-01                JUNCTION      0.00   124.13     0  00:11           0        1.72       0.000
  9CB-06               JUNCTION      0.00     0.00     0  00:00           0           0       0.000 gal
  9B-03                JUNCTION      0.00     4.26     0  00:02           0       0.369       0.000
  9CB-08               JUNCTION      0.00     1.00     0  01:28           0       0.644       0.000
  9CB-10               JUNCTION      0.00     0.87     0  00:51           0       0.323       0.000
  9B-05                JUNCTION      0.00    18.12     0  00:01           0        0.49       0.000
  R-9C-D               JUNCTION      0.00     1.42     0  04:34           0       0.493       0.000
  S-19                 JUNCTION      0.00     0.00     0  00:00           0           0       0.000 gal
  JC                   JUNCTION      0.00     0.00     0  00:00           0           0       0.000 gal
  9CT-02               JUNCTION      0.00     0.00     0  00:00           0           0       0.000 gal
  9CT-03               JUNCTION      0.00     0.00     0  00:00           0           0       0.000 gal
  557                  JUNCTION      0.00     0.00     0  00:00           0           0       0.000 gal
  V-FM                 JUNCTION      0.00     0.00     0  00:00           0           0       0.000 gal
  HW_HMEINLET          JUNCTION      1.00     1.14     0  01:37       0.646       0.647      17.695
  Node_1284929         JUNCTION      0.00     1.47     0  08:17           0        0.55       0.000
  Node_50              JUNCTION      1.00     1.03     0  03:09       0.646       0.646       0.440
  Node_1264918         JUNCTION      0.00     1.00     0  13:45           0       0.564       0.000
  Node_51              JUNCTION      1.00     1.00     0  07:33       0.646       0.646       0.067
  Node_1263920         JUNCTION      0.00     0.35     0  07:51           0       0.223       0.000
  Node_1261922         JUNCTION      0.00     0.65     0  07:51           0        0.42       0.000
  Node_551             JUNCTION      1.00     1.00     0  00:00       0.646       0.646       0.112
  Node_1260923         JUNCTION      0.00     1.27     0  00:04           0       0.646       0.000
  Node_1009952         JUNCTION      0.00     0.98     0  00:02           0      0.0792       0.000
  Node_80              JUNCTION      1.00     1.00     0  00:00       0.646       0.646       0.021
  Node_1053998         JUNCTION      0.00     0.00     0  00:00           0           0       0.000 gal
  HW_980CB             JUNCTION      1.00     1.00     0  02:58       0.646       0.646      15.015
  HW_950CB             JUNCTION      1.00     1.00     0  00:00       0.646       0.646       6.654
  Node_800             JUNCTION      1.00     1.16     0  22:17       0.646       0.648      21.176
  Node_10011000        JUNCTION      0.00     1.20     0  22:48           0       0.535       0.000
  Node_900             JUNCTION      1.00     1.37     0  22:48       0.646       0.663      40.418
  Node_10021272        JUNCTION      0.00     1.37     0  22:39           0       0.472       0.000
  Node_902             JUNCTION      1.00     1.76     0  05:47       0.646       0.693      28.227
  Node_10031275        JUNCTION      0.00     1.18     0  23:26           0       0.351       0.000
  Node_10041285        JUNCTION      0.00     0.00     0  00:00           0           0       0.000 gal
  Node_12861274        JUNCTION      0.00     0.00     0  00:00           0           0       0.000 gal
  HW_-1                JUNCTION      1.00     1.00     0  00:00       0.646       0.646      -0.199
  Node_1024933         JUNCTION      0.00     5.55     0  00:00           0       0.648       0.000
  HW_W-9C-BTM          JUNCTION      1.00     1.00     0  00:00       0.646       0.646       0.159
  Node_10001002        JUNCTION      0.00     3.92     0  00:02           0       0.645       0.000
  Node_701             JUNCTION      1.00     1.00     0  00:00       0.646       0.646      13.957
  Node_12521253        JUNCTION      0.00     1.51     0  06:03           0       0.567       0.000
  Node_702             JUNCTION      1.00     1.00     0  00:00       0.646       0.646      14.212
  Node_12531254        JUNCTION      0.00     1.52     0  06:09           0       0.566       0.000
  HW_03_2              JUNCTION      1.00     1.00     0  00:00       0.646       0.646       4.232
  Node_1254927         JUNCTION      0.00     1.32     0  01:58           0        0.62       0.000
  Node_680             JUNCTION      1.00     1.00     0  00:00       0.646       0.646       0.141
  Node_10101255        JUNCTION      0.00     0.00     0  00:00           0           0       0.000 gal
  Node_1255951         JUNCTION      0.00     0.00     0  00:00           0           0       0.000 gal
  HW_-6A               JUNCTION      1.00     1.00     0  00:00       0.646       0.646       0.095
  Node_1255953         JUNCTION      0.00     1.14     0  00:01           0       0.646       0.000
  Node_10121256        JUNCTION      0.00     1.00     0  00:16           0       0.645       0.000
  HW_-6B               JUNCTION      1.00     1.00     0  00:00       0.646       0.646       0.007
  Node_1256953         JUNCTION      0.00     1.80     0  00:01           0       0.646       0.000
  Node_1256952         JUNCTION      0.00     0.00     0  00:00           0           0       0.000 gal
  Node_601             JUNCTION      1.00     1.00     0  00:00       0.646       0.646      39.783
  Node_12571258        JUNCTION      0.00     1.50     0  13:58           0       0.462       0.000
  Node_602             JUNCTION      1.00     1.00     0  00:00       0.646       0.646      25.716
  Node_12581284        JUNCTION      0.00     1.49     0  09:59           0       0.514       0.000
  Node_501             JUNCTION      1.00     1.00     0  00:00       0.646       0.646      31.819
  Node_12591283        JUNCTION      0.00     1.47     0  11:58           0        0.49       0.000
  HW_01_3              JUNCTION      1.00     1.00     0  00:00       0.646       0.646      52.550
  Node_1262921         JUNCTION      0.00     1.60     0  17:21           0       0.424       0.000
  HW_01_4              JUNCTION      1.00     1.00     0  00:00       0.646       0.646      20.157
  Node_1265915         JUNCTION      0.00     1.49     0  08:16           0       0.538       0.000
  HW_G-1               JUNCTION      1.00     1.00     0  00:00       0.646       0.646       0.087
  Node_1024932         JUNCTION      0.00     1.00     0  00:26           0       0.646       0.000
  Node_901             JUNCTION      1.00     1.08     0  07:58       0.646       0.647     103.013
  Node_10251270        JUNCTION      0.00     1.27     0  00:09           0      0.0998       0.000
  Node_12701027        JUNCTION      0.00     1.17     0  01:26           0      0.0696       0.000
  Node_903             JUNCTION      1.00     1.00     0  00:00       0.646       0.646      14.005
  Node_10271055        JUNCTION      0.00     1.46     0  05:53           0       0.567       0.000
  Node_180             JUNCTION      1.00     1.20     0  21:21       0.646       0.656       0.619
  Node_10551269        JUNCTION      0.00     0.00     0  00:00           0           0       0.000 gal
  Node_12691268        JUNCTION      0.00     0.00     0  00:00           0           0       0.000 gal
  Node_12681267        JUNCTION      0.00     0.00     0  00:00           0           0       0.000 gal
  Node_12671266        JUNCTION      0.00     0.00     0  00:00           0           0       0.000 gal
  Node_12661059        JUNCTION      0.00     0.12     0  21:07           0      0.0515       0.000
  Node_10321033        JUNCTION      0.00     0.28     0  07:03           0      0.0871       0.000
  Node_10331034        JUNCTION      0.00     1.10     0  05:26           0        0.12       0.000
  HW_03C               JUNCTION      1.00     1.00     0  00:00       0.646       0.646      95.720
  Node_1034956         JUNCTION      0.00     1.32     0  00:06           0        0.33       0.000
  Node_1035951         JUNCTION      0.00     0.44     0  00:15           0       0.286       0.000
  Node_10361037        JUNCTION      0.00     0.56     0  00:15           0        0.36       0.000
  Node_90              JUNCTION      1.00     1.00     0  00:00       0.646       0.646      21.592
  Node_10391040        JUNCTION      0.00     1.46     0  08:40           0       0.532       0.000
  HW_383.1             JUNCTION      1.00     1.00     0  00:00       0.646       0.646     -90.000
  Node_10411289        JUNCTION      0.00    10.00     0  00:00           0        6.46       0.000
  HW_OF-V              JUNCTION      1.00     1.00     0  00:00       0.646       0.646       0.066
  Node_10371038        JUNCTION      0.00     1.00     0  00:19           0       0.646       0.000
  HW_W-V               JUNCTION      1.00     1.00     0  00:00       0.646       0.646       0.003
  Node_10371039        JUNCTION      0.00     1.38     0  00:00           0       0.646       0.000
  Node_10381041        JUNCTION      0.00     0.91     0  00:00           0     0.00348       0.000
  Node_1271955         JUNCTION      0.00     0.00     0  00:00           0           0       0.000 gal
  Node_12721003        JUNCTION      0.00     0.39     0  08:44           0       0.132       0.000
  HW_03-CT             JUNCTION      1.00     1.33     0  12:20       0.646       0.654      19.121
  Node_1274989         JUNCTION      0.00     3.88     0  00:03           0       0.549       0.000
  HW_03-CB             JUNCTION      1.00     1.36     0  23:51       0.646       0.663      40.495
  Node_1275993         JUNCTION      0.00     1.36     0  23:56           0       0.472       0.000
  HW_01B               JUNCTION      1.00     1.40     0  19:43       0.646       0.672      54.836
  Node_1276990         JUNCTION      0.00     1.40     0  20:50           0       0.434       0.000
  HW_05CB              JUNCTION      1.00     1.33     0  15:54       0.646       0.667      61.596
  Node_1277994         JUNCTION      0.00     2.04     0  00:00           0       0.413       0.000
  HW_03B               JUNCTION      1.00     1.30     0  14:48       0.646       0.662      44.104
  Node_1278991         JUNCTION      0.00     9.09     0  00:02           0       0.459       0.000
  HW_07CB              JUNCTION      1.00     1.00     0  00:00       0.646       0.646      17.593
  Node_1279995         JUNCTION      0.00     1.77     0  07:43           0        0.55       0.000
  HW_09CB              JUNCTION      1.00     1.00     0  00:00       0.646       0.646      77.146
  Node_1280996         JUNCTION      0.00     1.31     0  00:28           0       0.365       0.000
  HW_05B               JUNCTION      1.00     1.24     0  13:08       0.646        0.66      70.966
  Node_1281992         JUNCTION      0.00    16.39     0  00:01           0       0.386       0.000
  HW_383.1_2           JUNCTION      1.00     1.00     0  00:00       0.646       0.646     -90.000
  Node_10411056        JUNCTION      0.00    10.00     0  00:00           0        6.46       0.000
  HW_8_                JUNCTION      1.00     1.00     0  00:00       0.646       0.646      23.939
  Node_1290986         JUNCTION      0.00     1.46     0  11:40           0       0.521       0.000
  Node_10591060        JUNCTION      0.00     0.15     0  20:47           0      0.0599       0.000
  Node_10601061        JUNCTION      0.00     0.20     0  23:10           0      0.0812       0.000
  Node_10611062        JUNCTION      0.00     0.18     0  20:15           0      0.0825       0.000
  Node_10621063        JUNCTION      0.00     0.17     0  01:59           0      0.0569       0.000
  Node_10631064        JUNCTION      0.00     0.26     0  23:10           0       0.105       0.000
  Node_10641065        JUNCTION      0.00     0.28     0  23:10           0       0.111       0.000
  Node_10651024        JUNCTION      0.00     0.26     0  23:10           0       0.104       0.000
  Node_133             JUNCTION      1.00     1.48     0  09:08       0.646       0.661      48.935
  Node_10661067        JUNCTION      0.00     0.32     0  11:48           0      0.0551       0.000
  Node_10671068        JUNCTION      0.00     0.39     0  09:12           0       0.108       0.000
  Node_10681069        JUNCTION      0.00     0.60     0  09:26           0       0.129       0.000
  Node_1069932         JUNCTION      0.00     0.80     0  09:01           0       0.152       0.000
  Node_60              JUNCTION      1.00     1.00     0  00:00       0.646       0.646      44.087
  Node_12331066        JUNCTION      0.00     1.19     0  10:32           0       0.449       0.000
  Node_1236            JUNCTION      1.00     1.00     0  00:00       0.646       0.646      -0.058
  Node_10561233        JUNCTION      0.00     1.56     0  00:01           0       0.647       0.000
  Node_502             JUNCTION      1.00     1.00     0  00:00       0.646       0.646      15.577
  Node_12831284        JUNCTION      0.00     1.46     0  06:35           0       0.559       0.000
  Node_12851286        JUNCTION      0.00     0.00     0  00:00           0           0       0.000 gal
  HW_CHME30_           JUNCTION      1.00     1.00     0  00:00       0.646       0.646      20.683
  Node_12891290        JUNCTION      0.00     0.00     0  00:00           0           0       0.000 gal
  RW-OH                OUTFALL       0.00    10.00     0  04:02           0        6.45       0.000
  RW-1                 OUTFALL       0.00     1.00     0  07:59           0       0.646       0.000
  RW-2                 OUTFALL       0.00     0.00     0  00:00           0           0       0.000 gal
  RW-3                 OUTFALL       0.00     0.50     0  07:58           0       0.321       0.000
  RW-4                 OUTFALL       0.00     0.18     0  00:26           0       0.116       0.000
  RW-5                 OUTFALL       0.00     1.00     0  08:20           0       0.603       0.000
  RW-6C                OUTFALL       0.00     0.43     0  08:27           0       0.273       0.000
  RW-7                 OUTFALL       0.00     3.01     0  01:42           0        1.89       0.000
  RW-9A                OUTFALL       0.00     4.00     0  21:59           0        1.93       0.000
  RVZ                  STORAGE       0.00     0.00     0  00:00           0           0       0.000 gal
  WW-V                 STORAGE       0.00     0.00     0  00:00           0           0       0.000 gal
  
  
  **********************
  Node Surcharge Summary
  **********************
  
  Surcharging occurs when water rises above the top of the highest conduit.
  ---------------------------------------------------------------------
                                               Max. Height   Min. Depth
                                   Hours       Above Crown    Below Rim
  Node                 Type      Surcharged           Feet         Feet
  ---------------------------------------------------------------------
  WW-OH                JUNCTION       24.00          0.000        0.000
  R-6                  JUNCTION       18.12          0.000        0.000
  R-9C-B               JUNCTION       24.00          0.000        0.000
  CS-8B                JUNCTION       24.00          0.000        0.000
  9CB-01               JUNCTION       24.00          0.000        0.000
  9CB-03               JUNCTION       24.00          0.000        0.000
  CS-6A                JUNCTION       24.00          0.000        0.000
  CS-6B                JUNCTION       24.00          0.000        0.000
  R-1                  JUNCTION       24.00          0.000        0.000
  9A-03                JUNCTION       24.00          0.000        0.000
  9C-02                JUNCTION       24.00          0.000        0.000
  9C-03                JUNCTION       24.00          0.000        0.000
  CS-V                 JUNCTION       24.00          0.000        0.000
  R-V                  JUNCTION       24.00          0.000        0.000
  TG-V                 JUNCTION       24.00          0.000        0.000
  RW-V                 JUNCTION       24.00          0.000        0.000
  R-9D-T               JUNCTION       10.08          0.000        0.000
  CS-01                JUNCTION       24.00          0.000        0.000
  VDSa                 JUNCTION       24.00          0.000        0.000
  CS-01E               JUNCTION       24.00          0.000        0.000
  CS-01F               JUNCTION       24.00          0.000        0.000
  CS-01G               JUNCTION       24.00          0.000        0.000
  CS-01H               JUNCTION       24.00          0.000        0.000
  CS-01I               JUNCTION       24.00          0.000        0.000
  CS-01J               JUNCTION       24.00          0.000        0.000
  CS-01K               JUNCTION       24.00          0.000        0.000
  SE-133               JUNCTION       24.00          0.000        0.000
  SE-133_2             JUNCTION       24.00          0.000        0.000
  SE-133_3             JUNCTION       24.00          0.000        0.000
  SE-133_4             JUNCTION       24.00          0.000        0.000
  1233                 JUNCTION       24.00          0.000        0.000
  N-02                 JUNCTION       24.00          0.000        0.000
  N-03                 JUNCTION       24.00          0.000        0.000
  R-6A                 JUNCTION       24.00          0.000        0.000
  R-6B                 JUNCTION       24.00          0.000        0.000
  N-06                 JUNCTION       24.00          0.000        0.000
  S-03                 JUNCTION       18.67          0.000        0.000
  CS-01D               JUNCTION       24.00          0.000        0.000
  CS-01C               JUNCTION       24.00          0.000        0.000
  CS-01B               JUNCTION       24.00          0.000        0.000
  CS-01A               JUNCTION       24.00          0.000        0.000
  9A-02                JUNCTION       24.00          0.000        0.000
  R-9C-Ba              JUNCTION       24.00          0.000        0.000
  9CB-02               JUNCTION       24.00          0.000        0.000
  9CT-04               JUNCTION       24.00          0.000        0.000
  9CB-04               JUNCTION       24.00          0.000        0.000
  9B-01                JUNCTION        3.66          0.000        0.000
  9CB-08               JUNCTION        3.30          0.000        0.000
  R-9C-D               JUNCTION       10.29          0.000        0.000
  S-19                 JUNCTION       24.00          0.000        0.000
  JC                   JUNCTION       24.00          0.000        0.000
  9CT-02               JUNCTION       24.00          0.000        0.000
  9CT-03               JUNCTION       24.00          0.000        0.000
  557                  JUNCTION       24.00          0.000        0.000
  V-FM                 JUNCTION       24.00          0.000        0.000
  Node_1284929         JUNCTION       15.72          0.000        0.000
  Node_1264918         JUNCTION       21.00          0.000        0.000
  Node_1263920         JUNCTION       22.99          0.000        0.000
  Node_1261922         JUNCTION       23.66          0.000        0.000
  Node_1260923         JUNCTION       23.91          0.000        0.000
  Node_10011000        JUNCTION        1.21          0.000        0.000
  Node_12521253        JUNCTION       17.96          0.000        0.000
  Node_12531254        JUNCTION       17.87          0.000        0.000
  Node_1254927         JUNCTION       22.03          0.000        0.000
  Node_1255953         JUNCTION       23.69          0.000        0.000
  Node_10121256        JUNCTION       23.53          0.000        0.000
  Node_1256953         JUNCTION       23.32          0.000        0.000
  Node_12571258        JUNCTION       10.06          0.000        0.000
  Node_12581284        JUNCTION       14.02          0.000        0.000
  Node_12591283        JUNCTION       12.05          0.000        0.000
  Node_1262921         JUNCTION        6.68          0.000        0.000
  Node_1265915         JUNCTION       15.75          0.000        0.000
  Node_10271055        JUNCTION       18.12          0.000        0.000
  Node_10361037        JUNCTION       20.06          0.000        0.000
  Node_10391040        JUNCTION       15.34          0.000        0.000
  HW_383.1             JUNCTION       24.00          0.000        0.000
  Node_10411289        JUNCTION       24.00          0.000        0.000
  Node_10371039        JUNCTION       24.00          0.000        0.000
  Node_1274989         JUNCTION       11.51          0.000        0.000
  Node_1278991         JUNCTION        6.56          0.000        0.000
  Node_1279995         JUNCTION       16.30          0.000        0.000
  HW_383.1_2           JUNCTION       24.00          0.000        0.000
  Node_10411056        JUNCTION       24.00          0.000        0.000
  Node_1290986         JUNCTION       12.37          0.000        0.000
  Node_10561233        JUNCTION       21.77          0.000        0.000
  Node_12831284        JUNCTION       17.43          0.000        0.000
  HW_CHME30_           JUNCTION       19.89          0.000        0.000
  
  
  *********************
  Node Flooding Summary
  *********************
  
  Flooding refers to all water that overflows a node, whether it ponds or not.
  --------------------------------------------------------------------------
                                                             Total   Maximum
                                 Maximum   Time of Max       Flood    Ponded
                        Hours       Rate    Occurrence      Volume     Depth
  Node                 Flooded       CFS   days hr:min    10^6 gal      Feet
  --------------------------------------------------------------------------
  R-6                    18.12     13.96      0  02:40       0.750     0.000
  R6CZ                   24.00      0.57      0  08:53       0.370     0.000
  R-9D-T                 10.08      1.23      0  13:56       0.271     0.000
  R4Z                    24.00      0.82      0  00:26       0.527     0.000
  R3Z                    23.97      0.50      0  09:42       0.318     0.000
  R2Z                    23.99      1.00      0  01:22       0.644     0.000
  S-03                   18.67      1.00      0  05:20       0.503     0.000
  9B-01                   3.44      2.81      0  20:17       0.100     0.000
  9CB-08                  3.30      1.00      0  20:42       0.089     0.000
  R-9C-D                 10.29      1.18      0  13:43       0.277     0.000
  Node_1284929           15.72      1.46      0  08:17       0.423     0.000
  Node_1264918           21.00      1.00      0  13:45       0.563     0.000
  Node_1263920           22.99      0.35      0  08:05       0.215     0.000
  Node_1261922           23.66      0.65      0  08:05       0.416     0.000
  Node_1260923           23.91      1.08      0  00:05       0.644     0.000
  Node_10011000           1.21      1.20      0  22:53       0.033     0.000
  Node_1024933           24.00      2.78      0  00:00       0.648     0.000
  Node_10001002          23.96      1.96      0  00:02       0.645     0.000
  Node_12521253          17.96      1.51      0  06:03       0.484     0.000
  Node_12531254          17.87      1.51      0  06:09       0.481     0.000
  Node_1254927           22.03      1.28      0  01:58       0.593     0.000
  Node_1255953           23.69      1.00      0  00:18       0.638     0.000
  Node_10121256          23.53      1.00      0  02:40       0.634     0.000
  Node_1256953           23.32      1.00      0  00:40       0.628     0.000
  Node_12571258          10.06      1.49      0  13:58       0.271     0.000
  Node_12581284          14.02      1.48      0  09:59       0.378     0.000
  Node_12591283          12.05      1.46      0  11:59       0.324     0.000
  Node_1262921            6.68      1.59      0  17:21       0.180     0.000
  Node_1265915           15.75      1.49      0  08:16       0.424     0.000
  Node_1024932           24.00      1.00      0  00:27       0.646     0.000
  Node_10271055          18.12      1.43      0  05:53       0.488     0.000
  Node_10361037          20.06      0.56      0  03:56       0.301     0.000
  Node_10391040          15.34      1.46      0  08:40       0.413     0.000
  Node_10411289          24.00     10.00      0  00:05       6.463     0.000
  Node_10371038          24.00      1.00      0  00:19       0.646     0.000
  Node_10371039          24.00      1.07      0  00:00       0.646     0.000
  Node_1274989           11.51      1.38      0  12:33       0.310     0.000
  Node_1278991            6.09      2.06      0  17:27       0.177     0.000
  Node_1279995           16.30      1.77      0  07:43       0.439     0.000
  Node_10411056          24.00     10.00      0  00:05       6.463     0.000
  Node_1290986           12.37      1.46      0  11:40       0.333     0.000
  Node_10561233          21.77      1.00      0  02:13       0.586     0.000
  Node_12831284          17.43      1.43      0  06:35       0.469     0.000
  HW_CHME30_             19.89      1.00      0  04:06       0.536     0.000
  
  
  **********************
  Storage Volume Summary
  **********************
  
  ------------------------------------------------------------------------------------------------
                         Average    Avg   Evap  Exfil     Maximum    Max    Time of Max    Maximum
                          Volume   Pcnt   Pcnt   Pcnt      Volume   Pcnt     Occurrence    Outflow
  Storage Unit          1000 ft³   Full   Loss   Loss    1000 ft³   Full    days hr:min        CFS
  ------------------------------------------------------------------------------------------------
  RVZ                      0.000    0.0    0.0    0.0       0.000    0.0       0  00:00       0.00
  WW-V                     0.000    0.0    0.0    0.0       0.000    0.0       0  00:00       0.00
  
  
  ***********************
  Outfall Loading Summary
  ***********************
  
  -----------------------------------------------------------
                         Flow       Avg       Max       Total
                         Freq      Flow      Flow      Volume
  Outfall Node           Pcnt       CFS       CFS    10^6 gal
  -----------------------------------------------------------
  RW-OH                100.00      9.99     10.00       6.454
  RW-1                 100.00      1.00      1.00       0.646
  RW-2                   0.00      0.00      0.00       0.000
  RW-3                  99.52      0.50      0.50       0.321
  RW-4                  99.87      0.18      0.18       0.116
  RW-5                  95.29      0.99      1.00       0.603
  RW-6C                 99.94      0.42      0.43       0.273
  RW-7                  99.26      2.96      3.01       1.892
  RW-9A                 94.32      3.36      4.00       1.926
  -----------------------------------------------------------
  System                87.58     19.41     20.11      12.231
  
  
  ********************
  Link Flow Summary
  ********************
  
  -----------------------------------------------------------------------------
                                 Maximum  Time of Max   Maximum    Max/    Max/
                                  |Flow|   Occurrence   |Veloc|    Full    Full
  Link                 Type          CFS  days hr:min    ft/sec    Flow   Depth
  -----------------------------------------------------------------------------
  02                   CONDUIT      1.03     0  00:14      1.78    0.00    0.27
  03                   CONDUIT      1.21     0  19:24      1.51    0.00    0.64
  04                   CONDUIT      1.07     0  17:33      0.10    0.00    0.64
  00                   CONDUIT      1.01     0  17:00      0.10    0.00    0.41
  01                   CONDUIT      1.00     0  17:11      0.15    0.00    0.24
  300                  CONDUIT      1.00     0  17:18      0.91    0.00    0.37
  02_2                 CONDUIT      1.18     0  00:52      0.25    0.00    0.53
  00_2                 CONDUIT      1.17     0  02:41      0.94    0.00    0.53
  600                  CONDUIT      5.46     0  06:36      0.24    0.00    0.27
  05                   CONDUIT      1.03     0  00:35      1.15    0.01    0.27
  04_2                 CONDUIT      1.10     0  00:22      1.25    0.01    0.07
  700                  CONDUIT      0.00     0  00:00      0.00    0.00    0.06
  HMEINLET             CONDUIT      1.47     0  08:17      1.32    0.00    0.89
  UTFALL               CONDUIT     10.00     0  04:02      1.70    0.25    0.05
  100                  CONDUIT      1.00     0  00:50      2.06    0.00    0.50
  50                   CONDUIT      1.00     0  13:45      2.01    0.08    0.60
  90                   CONDUIT      0.00     0  00:00      0.00    0.00    0.00
  80                   CONDUIT      1.06     0  00:03      3.42    0.01    0.07
  51                   CONDUIT      0.35     0  07:51      2.07    0.00    0.52
  90_2                 CONDUIT      0.50     0  07:58      0.43    0.02    0.01
  80_2                 CONDUIT      1.00     0  16:26      0.55    0.04    0.03
  51_2                 CONDUIT      0.65     0  07:51      4.50    0.01    0.54
  90_3                 CONDUIT      0.18     0  00:26      0.64    0.04    0.03
  80_3                 CONDUIT      1.03     0  00:10      1.02    0.28    0.08
  HME551               CONDUIT      1.27     0  00:04      1.59    0.60    0.75
  50C                  CONDUIT      0.98     0  00:02      3.15    0.00    0.45
  900C                 CONDUIT      1.30     0  18:07      1.48    0.00    0.59
  04C                  CONDUIT      1.08     0  00:13      2.19    0.00    0.02
  05C                  CONDUIT      1.07     0  00:16      1.99    0.00    0.02
  06C                  CONDUIT      1.10     0  00:18      2.33    0.00    0.02
  07C                  CONDUIT      1.00     0  00:33      2.07    0.00    0.02
  08C                  CONDUIT      1.00     0  00:37      2.21    0.00    0.02
  09C                  CONDUIT      1.02     0  00:34      1.94    0.00    0.02
  10C                  CONDUIT      1.04     0  00:37      1.78    0.00    0.02
  11C                  CONDUIT      1.07     0  00:44      1.90    0.00    0.02
  12C                  CONDUIT      1.07     0  00:49      1.80    0.00    0.02
  13C                  CONDUIT      1.07     0  00:59      1.67    0.00    0.03
  14C                  CONDUIT      1.07     0  01:05      1.64    0.00    0.11
  15C                  CONDUIT      1.07     0  01:18      1.70    0.00    0.25
  916C                 CONDUIT      1.48     0  15:36      0.84    0.00    0.38
  50A                  CONDUIT      0.98     0  01:28      0.48    0.01    0.07
  80C                  CONDUIT      1.00     0  00:19      2.52    0.03    0.16
  50C_2                CONDUIT      1.40     0  00:31      5.32    0.22    0.73
  80B                  CONDUIT      1.25     0  00:19      0.36    0.01    0.29
  900A                 CONDUIT      1.11     0  00:45      1.01    0.01    0.39
  01_2                 CONDUIT      1.23     0  00:09      2.28    0.01    0.33
  91AT                 CONDUIT      1.45     0  03:04      0.87    0.00    0.02
  91AB                 CONDUIT      3.00     0  18:04      0.24    0.04    0.04
  92AT                 CONDUIT      8.47     0  03:05      1.85    0.00    0.03
  92AB                 CONDUIT      3.00     0  19:16      0.25    0.03    0.04
  90A                  CONDUIT      4.00     0  21:59      1.03    0.08    0.03
  377.1                CONDUIT      1.97     0  00:01      2.74    0.00    0.18
  80B_2                CONDUIT      1.79     0  00:04      2.70    0.00    0.04
  50B                  CONDUIT      2.77     0  00:06      3.90    0.00    0.34
  900B                 CONDUIT    155.29     0  00:08      2.77    0.14    0.91
  902B                 CONDUIT      4.26     0  00:02      1.36    0.00    0.76
  904B                 CONDUIT     18.12     0  00:01      2.20    0.02    0.90
  80A-T                CONDUIT      1.93     0  00:01      0.58    0.00    0.15
  904CB                CONDUIT      0.00     0  00:00      0.00    0.00    0.00
  906CB                CONDUIT      1.00     0  01:28      1.39    0.00    0.50
  19209                CONDUIT      0.87     0  00:51      0.25    0.01    0.38
  80A-B                CONDUIT      1.08     0  00:25      1.11    0.00    0.02
  80CT                 CONDUIT      0.00     0  00:00      0.00    0.00    0.00
  50CT                 CONDUIT      1.30     0  00:04      5.07    0.00    0.29
  980CB                CONDUIT      1.00     0  08:11      0.05    0.00    0.23
  950CB                CONDUIT      1.00     0  07:46      0.14    0.00    0.10
  800B                 CONDUIT      1.20     0  22:48      3.21    0.00    0.62
  900CB                CONDUIT      1.37     0  22:39      0.79    0.00    0.54
  902-CB               CONDUIT      1.18     0  23:26      0.44    0.00    0.35
  900CT                CONDUIT      0.00     0  00:00      0.00    0.00    0.00
  902CT                CONDUIT      0.00     0  00:00      0.00    0.00    0.00
  701                  CONDUIT      1.51     0  06:03      1.17    0.02    0.97
  702                  CONDUIT      1.52     0  06:09      1.17    0.02    0.97
  03_2                 CONDUIT      1.32     0  01:58      1.33    0.01    0.99
  680A                 CONDUIT      0.00     0  00:00      0.00    0.00    0.00
  50A_2                CONDUIT      0.00     0  00:00      0.00    0.00    0.00
  -6A                  CONDUIT      1.14     0  00:01     10.58    0.01    0.52
  680B                 CONDUIT      1.00     0  00:16      4.55    0.01    0.52
  -6B                  CONDUIT      1.80     0  00:01      7.02    0.01    0.52
  50B_2                CONDUIT      0.00     0  00:00      0.00    0.00    0.00
  601                  CONDUIT      1.50     0  13:58      0.66    0.00    0.98
  602                  CONDUIT      1.49     0  09:59      0.68    0.00    0.98
  CHME500              CONDUIT      1.05     0  02:45      0.93    0.00    0.69
  501                  CONDUIT      1.47     0  11:58      0.82    0.00    0.97
  01_3                 CONDUIT      1.60     0  17:21      0.82    0.01    0.96
  01_4                 CONDUIT      1.49     0  08:16      0.85    0.01    0.98
  901A                 CONDUIT      1.27     0  00:09      1.30    0.01    0.69
  902A                 CONDUIT      1.17     0  01:26      2.31    0.00    0.52
  903A                 CONDUIT      1.46     0  05:53      1.16    0.01    0.98
  180A                 CONDUIT      0.00     0  00:00      0.00    0.00    0.00
  180B                 CONDUIT      0.00     0  00:00      0.00    0.00    0.00
  180C                 CONDUIT      0.00     0  00:00      0.00    0.00    0.00
  180D                 CONDUIT      0.00     0  00:00      0.00    0.00    0.00
  180E                 CONDUIT      0.12     0  21:07      0.96    0.00    0.14
  901C                 CONDUIT      0.28     0  07:03      0.32    0.00    0.28
  902C                 CONDUIT      1.10     0  05:26      1.29    0.00    0.22
  03C                  CONDUIT      1.32     0  00:06      1.43    0.00    0.84
  80C_2                CONDUIT      0.44     0  00:15      4.24    0.00    0.34
  V-80                 CONDUIT      0.56     0  00:15      5.88    0.00    0.50
  V-90                 CONDUIT      1.46     0  08:40      1.45    0.00    0.97
  CHMEV-51             CONDUIT      0.91     0  00:00      3.38    0.00    0.44
  51CB                 CONDUIT      0.00     0  00:00      0.00    0.00    0.00
  901CB                CONDUIT      0.39     0  08:44      0.11    0.00    0.23
  03-CT                CONDUIT      3.88     0  00:03      1.91    0.00    0.74
  03-CB                CONDUIT      1.36     0  23:56      1.01    0.00    0.54
  01B                  CONDUIT      1.40     0  20:50      1.16    0.00    0.71
  05CB                 CONDUIT      2.04     0  00:00      1.91    0.00    0.66
  03B                  CONDUIT      9.09     0  00:02      2.03    0.00    0.72
  07CB                 CONDUIT      1.77     0  07:43      1.82    0.01    0.91
  09CB                 CONDUIT      1.31     0  00:28      0.64    0.00    0.38
  05B                  CONDUIT     16.39     0  00:01      2.10    0.01    0.82
  981CT                CONDUIT      1.27     0  04:44      3.30    0.00    0.83
  980CD                CONDUIT      1.42     0  04:34      3.48    0.00    0.83
  8"                   CONDUIT      1.46     0  11:40      1.53    0.01    0.80
  180F                 CONDUIT      0.15     0  20:47      1.02    0.00    0.16
  180G                 CONDUIT      0.20     0  23:10      1.10    0.00    0.17
  180H                 CONDUIT      0.18     0  20:15      1.37    0.00    0.22
  180I                 CONDUIT      0.17     0  01:59      1.59    0.00    0.23
  180J                 CONDUIT      0.26     0  23:10      1.42    0.00    0.25
  180K                 CONDUIT      0.28     0  23:10      1.50    0.00    0.27
  180L                 CONDUIT      0.26     0  23:10      1.44    0.00    0.21
  SE-133               CONDUIT      0.32     0  11:48      0.39    0.00    0.41
  SE-133_2             CONDUIT      0.39     0  09:12      0.47    0.00    0.49
  SE-133_3             CONDUIT      0.60     0  09:26      0.63    0.00    0.57
  E-133                CONDUIT      0.80     0  09:01      0.75    0.00    0.64
  60"                  CONDUIT      1.19     0  10:32      0.57    0.06    0.30
  1236                 CONDUIT      1.56     0  00:01      5.81    0.01    0.52
  502                  CONDUIT      1.46     0  06:35      0.81    0.00    0.98
  90_4                 CONDUIT      1.00     0  07:59      1.72    0.00    0.00
  90_5                 CONDUIT      1.00     0  08:20      1.27    0.83    0.13
  80_4                 CONDUIT      1.00     0  05:25      1.74    0.03    0.15
  90C                  CONDUIT      0.43     0  08:27      0.29    0.01    0.01
  80A                  CONDUIT      1.04     0  01:31      0.59    0.04    0.06
  90A_2                CONDUIT      3.01     0  01:42      1.13    0.11    0.03
  901CT                CONDUIT      0.00     0  00:00      0.00    0.00    0.00
  CHME30"              CONDUIT      0.00     0  00:00      0.00    0.00    0.50
  335.1                ORIFICE      1.00     0  00:33                      0.13
  338.1                ORIFICE      0.97     0  00:25                      0.14
  G-R6                 ORIFICE     42.70     0  02:40                      1.00
  443.1                ORIFICE      0.57     0  02:20                      0.03
  SG-5                 ORIFICE      0.00     0  00:00                      0.00
  SG-4                 ORIFICE      0.82     0  00:26                      0.19
  SG-3                 ORIFICE      0.50     0  07:53                      0.08
  SG-2                 ORIFICE      1.00     0  01:21                      0.26
  G-1                  ORIFICE      1.00     0  00:26                      0.04
  OF-V                 ORIFICE      1.00     0  00:19                      0.09
  -1                   WEIR         5.55     0  00:00                      0.12
  -2                   WEIR         0.00     0  00:00                      0.00
  -3                   WEIR         0.50     1  00:00                      0.17
  -4                   WEIR         0.22     0  00:08                      0.28
  -5                   WEIR         1.00     0  06:06                      0.56
  -9A-BTM              WEIR         2.00     0  14:11                      0.63
  -9A-TOP              WEIR         0.00     0  00:00                      0.00
  -9B                  WEIR         0.00     0  00:00                      0.00
  427.1                WEIR         0.00     0  00:00                      0.00
  W-9C-BTM             WEIR         3.92     0  00:02                      0.29
  -6C                  WEIR         0.69     0  00:01                      0.11
  -7A                  WEIR         1.95     0  01:29                      0.42
  -7C                  WEIR         0.00     0  00:00                      0.00
  -7B                  WEIR         1.17     0  00:33                      0.26
  W-V                  WEIR         1.38     0  00:00                      0.17
  232.1                PUMP        10.00     0  00:00              1.00
  383.1                PUMP        10.00     0  00:00              1.00
  383.1_2              PUMP        10.00     0  00:00              1.00
  
  
  ***************************
  Flow Classification Summary
  ***************************
  
  -------------------------------------------------------------------------------------
                      Adjusted    ---------- Fraction of Time in Flow Class ---------- 
                       /Actual         Up    Down  Sub   Sup   Up    Down  Norm  Inlet 
  Conduit               Length    Dry  Dry   Dry   Crit  Crit  Crit  Crit  Ltd   Ctrl  
  -------------------------------------------------------------------------------------
  02                      1.00   0.00  0.00  0.00  0.99  0.01  0.00  0.00  0.86  0.00
  03                      1.00   0.00  0.00  0.00  0.99  0.01  0.00  0.00  0.14  0.00
  04                      1.00   0.00  0.14  0.00  0.85  0.00  0.00  0.00  0.00  0.00
  00                      1.00   0.15  0.15  0.00  0.70  0.00  0.00  0.00  0.00  0.00
  01                      1.00   0.30  0.32  0.00  0.38  0.00  0.00  0.00  0.00  0.00
  300                     1.00   0.62  0.00  0.00  0.37  0.01  0.00  0.00  0.09  0.00
  02_2                    1.00   0.00  0.03  0.00  0.97  0.00  0.00  0.00  0.00  0.00
  00_2                    1.00   0.03  0.00  0.00  0.97  0.00  0.00  0.00  0.11  0.00
  600                     1.00   0.00  0.06  0.00  0.94  0.00  0.00  0.00  0.00  0.00
  05                      1.00   0.00  0.00  0.00  1.00  0.00  0.00  0.00  1.00  0.00
  04_2                    1.00   0.00  0.00  0.00  1.00  0.00  0.00  0.00  0.00  0.00
  700                     1.00   0.01  0.99  0.00  0.00  0.00  0.00  0.00  0.00  0.00
  HMEINLET                1.00   0.00  0.00  0.00  1.00  0.00  0.00  0.00  0.04  0.00
  UTFALL                  1.00   0.00  0.00  0.00  1.00  0.00  0.00  0.00  0.00  0.00
  100                     1.00   0.00  0.00  0.00  1.00  0.00  0.00  0.00  1.00  0.00
  50                      1.00   0.00  0.00  0.00  1.00  0.00  0.00  0.00  1.00  0.00
  90                      1.00   1.00  0.00  0.00  0.00  0.00  0.00  0.00  0.00  0.00
  80                      1.00   0.00  0.00  0.00  1.00  0.00  0.00  0.00  1.00  0.00
  51                      1.00   0.00  0.00  0.00  1.00  0.00  0.00  0.00  1.00  0.00
  90_2                    1.00   0.00  0.00  0.00  1.00  0.00  0.00  0.00  0.00  0.00
  80_2                    1.00   0.00  0.00  0.00  1.00  0.00  0.00  0.00  0.00  0.00
  51_2                    1.00   0.00  0.00  0.00  1.00  0.00  0.00  0.00  1.00  0.00
  90_3                    1.00   0.00  0.00  0.00  1.00  0.00  0.00  0.00  0.00  0.00
  80_3                    1.00   0.00  0.00  0.00  1.00  0.00  0.00  0.00  0.00  0.00
  HME551                  1.00   0.00  0.00  0.00  1.00  0.00  0.00  0.00  1.00  0.00
  50C                     1.00   0.00  0.00  0.00  1.00  0.00  0.00  0.00  0.12  0.00
  900C                    1.00   0.00  0.00  0.00  0.99  0.00  0.00  0.00  0.05  0.00
  04C                     1.00   0.00  0.00  0.00  1.00  0.00  0.00  0.00  0.00  0.00
  05C                     1.00   0.00  0.00  0.00  0.99  0.00  0.00  0.00  0.00  0.00
  06C                     1.00   0.00  0.00  0.00  0.99  0.00  0.00  0.00  0.99  0.00
  07C                     1.00   0.01  0.00  0.00  0.99  0.00  0.00  0.00  0.00  0.00
  08C                     1.00   0.01  0.00  0.00  0.98  0.00  0.00  0.00  0.98  0.00
  09C                     1.00   0.01  0.00  0.00  0.98  0.00  0.00  0.00  0.98  0.00
  10C                     1.00   0.02  0.00  0.00  0.98  0.00  0.00  0.00  0.01  0.00
  11C                     1.00   0.02  0.00  0.00  0.98  0.00  0.00  0.00  0.97  0.00
  12C                     1.00   0.02  0.00  0.00  0.98  0.00  0.00  0.00  0.97  0.00
  13C                     1.00   0.02  0.00  0.00  0.98  0.00  0.00  0.00  0.96  0.00
  14C                     1.00   0.02  0.00  0.00  0.98  0.00  0.00  0.00  0.55  0.00
  15C                     1.00   0.02  0.00  0.00  0.98  0.00  0.00  0.00  0.24  0.00
  916C                    1.00   0.02  0.00  0.00  0.98  0.00  0.00  0.00  0.09  0.00
  50A                     1.00   0.00  0.01  0.00  0.99  0.00  0.00  0.00  0.00  0.00
  80C                     1.00   0.00  0.00  0.00  1.00  0.00  0.00  0.00  1.00  0.00
  50C_2                   1.00   0.00  0.00  0.00  0.99  0.00  0.00  0.00  0.01  0.00
  80B                     1.00   0.00  0.00  0.00  1.00  0.00  0.00  0.00  0.00  0.00
  900A                    1.00   0.00  0.00  0.00  0.99  0.00  0.00  0.01  0.02  0.00
  01_2                    1.00   0.00  0.00  0.00  0.99  0.00  0.00  0.01  0.00  0.00
  91AT                    1.00   0.13  0.00  0.00  0.00  0.00  0.00  0.87  0.00  0.00
  91AB                    1.00   0.00  0.00  0.00  1.00  0.00  0.00  0.00  0.00  0.00
  92AT                    1.00   0.04  0.09  0.00  0.87  0.00  0.00  0.00  0.87  0.00
  92AB                    1.00   0.01  0.00  0.00  0.99  0.00  0.00  0.00  0.00  0.00
  90A                     1.00   0.04  0.00  0.00  0.96  0.00  0.00  0.00  0.00  0.00
  377.1                   1.00   0.00  0.00  0.00  1.00  0.00  0.00  0.00  1.00  0.00
  80B_2                   1.00   0.00  0.00  0.00  0.00  0.99  0.00  0.00  0.00  0.00
  50B                     1.00   0.00  0.00  0.00  1.00  0.00  0.00  0.00  1.00  0.00
  900B                    1.00   0.00  0.00  0.00  0.99  0.00  0.00  0.00  0.00  0.00
  902B                    1.00   0.00  0.00  0.00  1.00  0.00  0.00  0.00  0.07  0.00
  904B                    1.00   0.00  0.00  0.00  1.00  0.00  0.00  0.00  0.00  0.00
  80A-T                   1.00   0.00  0.00  0.00  1.00  0.00  0.00  0.00  1.00  0.00
  904CB                   1.00   1.00  0.00  0.00  0.00  0.00  0.00  0.00  0.00  0.00
  906CB                   1.00   0.00  0.00  0.00  0.99  0.01  0.00  0.00  0.99  0.00
  19209                   1.00   0.00  0.00  0.00  1.00  0.00  0.00  0.00  0.00  0.00
  80A-B                   1.00   0.00  0.00  0.00  0.99  0.01  0.00  0.00  0.98  0.00
  80CT                    1.00   1.00  0.00  0.00  0.00  0.00  0.00  0.00  0.00  0.00
  50CT                    1.00   0.00  0.00  0.00  0.94  0.06  0.00  0.00  1.00  0.00
  980CB                   1.00   0.00  0.12  0.00  0.00  0.00  0.88  0.00  0.00  0.00
  950CB                   1.00   0.00  0.06  0.00  0.00  0.00  0.94  0.00  0.00  0.00
  800B                    1.00   0.00  0.00  0.00  1.00  0.00  0.00  0.00  0.60  0.00
  900CB                   1.00   0.00  0.00  0.00  0.99  0.00  0.00  0.00  0.42  0.00
  902-CB                  1.00   0.24  0.00  0.00  0.75  0.00  0.00  0.01  0.42  0.00
  900CT                   1.00   1.00  0.00  0.00  0.00  0.00  0.00  0.00  0.00  0.00
  902CT                   1.00   1.00  0.00  0.00  0.00  0.00  0.00  0.00  0.00  0.00
  701                     1.00   0.00  0.00  0.00  1.00  0.00  0.00  0.00  0.00  0.00
  702                     1.00   0.00  0.00  0.00  1.00  0.00  0.00  0.00  0.00  0.00
  03_2                    1.00   0.00  0.00  0.00  1.00  0.00  0.00  0.00  0.00  0.00
  680A                    1.00   1.00  0.00  0.00  0.00  0.00  0.00  0.00  0.00  0.00
  50A_2                   1.00   1.00  0.00  0.00  0.00  0.00  0.00  0.00  0.00  0.00
  -6A                     1.00   0.00  0.00  0.00  1.00  0.00  0.00  0.00  1.00  0.00
  680B                    1.00   0.00  0.00  0.00  1.00  0.00  0.00  0.00  1.00  0.00
  -6B                     1.00   0.00  0.00  0.00  1.00  0.00  0.00  0.00  1.00  0.00
  50B_2                   1.00   1.00  0.00  0.00  0.00  0.00  0.00  0.00  0.00  0.00
  601                     1.00   0.00  0.00  0.00  1.00  0.00  0.00  0.00  0.01  0.00
  602                     1.00   0.00  0.00  0.00  1.00  0.00  0.00  0.00  0.01  0.00
  CHME500                 1.00   0.04  0.00  0.00  0.96  0.00  0.00  0.00  0.05  0.00
  501                     1.00   0.00  0.00  0.00  1.00  0.00  0.00  0.00  0.01  0.00
  01_3                    1.00   0.00  0.00  0.00  1.00  0.00  0.00  0.00  0.03  0.00
  01_4                    1.00   0.00  0.00  0.00  1.00  0.00  0.00  0.00  0.01  0.00
  901A                    1.00   0.00  0.00  0.00  1.00  0.00  0.00  0.00  0.01  0.00
  902A                    1.00   0.00  0.00  0.00  1.00  0.00  0.00  0.00  0.03  0.00
  903A                    1.00   0.00  0.00  0.00  1.00  0.00  0.00  0.00  0.00  0.00
  180A                    1.00   1.00  0.00  0.00  0.00  0.00  0.00  0.00  0.00  0.00
  180B                    1.00   1.00  0.00  0.00  0.00  0.00  0.00  0.00  0.00  0.00
  180C                    1.00   1.00  0.00  0.00  0.00  0.00  0.00  0.00  0.00  0.00
  180D                    1.00   1.00  0.00  0.00  0.00  0.00  0.00  0.00  0.00  0.00
  180E                    1.00   0.00  0.00  0.00  1.00  0.00  0.00  0.00  0.79  0.00
  901C                    1.00   0.05  0.01  0.00  0.92  0.00  0.01  0.00  0.00  0.00
  902C                    1.00   0.06  0.00  0.00  0.93  0.00  0.00  0.01  0.08  0.00
  03C                     1.00   0.00  0.00  0.00  1.00  0.00  0.00  0.00  0.02  0.00
  80C_2                   1.00   0.00  0.00  0.00  1.00  0.00  0.00  0.00  1.00  0.00
  V-80                    1.00   0.00  0.00  0.00  1.00  0.00  0.00  0.00  1.00  0.00
  V-90                    1.00   0.00  0.00  0.00  1.00  0.00  0.00  0.00  0.00  0.00
  CHMEV-51                1.00   0.00  0.00  0.00  1.00  0.00  0.00  0.00  0.01  0.00
  51CB                    1.00   1.00  0.00  0.00  0.00  0.00  0.00  0.00  0.00  0.00
  901CB                   1.00   0.30  0.03  0.00  0.66  0.00  0.01  0.00  0.00  0.00
  03-CT                   1.00   0.00  0.00  0.00  1.00  0.00  0.00  0.00  0.18  0.00
  03-CB                   1.00   0.00  0.00  0.00  1.00  0.00  0.00  0.00  0.42  0.00
  01B                     1.00   0.00  0.00  0.00  0.99  0.00  0.00  0.01  0.27  0.00
  05CB                    1.00   0.00  0.00  0.00  1.00  0.00  0.00  0.00  0.21  0.00
  03B                     1.00   0.00  0.00  0.00  1.00  0.00  0.00  0.00  0.06  0.00
  07CB                    1.00   0.00  0.00  0.00  1.00  0.00  0.00  0.00  0.02  0.00
  09CB                    1.00   0.00  0.00  0.00  1.00  0.00  0.00  0.00  0.13  0.00
  05B                     1.00   0.00  0.00  0.00  1.00  0.00  0.00  0.00  0.10  0.00
  981CT                   1.00   0.00  0.00  0.00  0.99  0.00  0.00  0.01  0.09  0.00
  980CD                   1.00   0.00  0.00  0.00  1.00  0.00  0.00  0.00  0.09  0.00
  8"                      1.00   0.00  0.00  0.00  0.99  0.00  0.00  0.01  0.11  0.00
  180F                    1.00   0.00  0.00  0.00  1.00  0.00  0.00  0.00  0.86  0.00
  180G                    1.00   0.00  0.00  0.00  1.00  0.00  0.00  0.00  1.00  0.00
  180H                    1.00   0.00  0.00  0.00  1.00  0.00  0.00  0.00  0.85  0.00
  180I                    1.00   0.00  0.00  0.00  1.00  0.00  0.00  0.00  0.48  0.00
  180J                    1.00   0.00  0.00  0.00  1.00  0.00  0.00  0.00  1.00  0.00
  180K                    1.00   0.00  0.00  0.00  1.00  0.00  0.00  0.00  1.00  0.00
  180L                    1.00   0.00  0.00  0.00  1.00  0.00  0.00  0.00  1.00  0.00
  SE-133                  1.00   0.00  0.00  0.00  1.00  0.00  0.00  0.00  0.09  0.00
  SE-133_2                1.00   0.00  0.00  0.00  1.00  0.00  0.00  0.00  0.28  0.00
  SE-133_3                1.00   0.00  0.00  0.00  1.00  0.00  0.00  0.00  0.31  0.00
  E-133                   1.00   0.00  0.00  0.00  1.00  0.00  0.00  0.00  0.35  0.00
  60"                     1.00   0.00  0.00  0.00  1.00  0.00  0.00  0.00  0.19  0.00
  1236                    1.00   0.00  0.00  0.00  1.00  0.00  0.00  0.00  1.00  0.00
  502                     1.00   0.00  0.00  0.00  1.00  0.00  0.00  0.00  0.00  0.00
  90_4                    1.00   0.00  0.00  0.00  0.00  1.00  0.00  0.00  0.00  0.00
  90_5                    1.00   0.06  0.00  0.00  0.94  0.00  0.00  0.00  0.00  0.00
  80_4                    1.00   0.06  0.00  0.00  0.94  0.00  0.00  0.00  0.94  0.00
  90C                     1.00   0.00  0.00  0.00  1.00  0.00  0.00  0.00  0.00  0.00
  80A                     1.00   0.00  0.00  0.00  1.00  0.00  0.00  0.00  0.00  0.00
  90A_2                   1.00   0.01  0.00  0.00  0.99  0.00  0.00  0.00  0.00  0.00
  901CT                   1.00   1.00  0.00  0.00  0.00  0.00  0.00  0.00  0.00  0.00
  CHME30"                 1.00   0.00  1.00  0.00  0.00  0.00  0.00  0.00  0.00  0.00
  
  
  *************************
  Conduit Surcharge Summary
  *************************
  
  ----------------------------------------------------------------------------
                                                           Hours        Hours 
                         --------- Hours Full --------   Above Full   Capacity
  Conduit                Both Ends  Upstream  Dnstream   Normal Flow   Limited
  ----------------------------------------------------------------------------
  HMEINLET                    0.01      0.01     15.72      0.01         0.01
  100                         0.01      0.01     18.67      0.01         0.01
  50                          0.01      0.01     21.00      0.01         0.01
  51                          0.01      0.01     22.99      0.01         0.01
  51_2                        0.01      0.01     23.66      0.01         0.01
  HME551                      0.01      0.01     23.91      0.01         0.01
  50C_2                       0.01      0.01     23.69      0.01         0.01
  900B                        0.01      0.01      3.40      0.01         0.01
  906CB                       0.01      0.01      3.30      0.01         0.01
  800B                        0.01      0.01      1.21      0.01         0.01
  701                         0.01      0.01     17.96      0.01         0.01
  702                         0.01      0.01     17.87      0.01         0.01
  03_2                        0.01      0.01     22.03      0.01         0.01
  -6A                         0.01      0.01     23.69      0.01         0.01
  680B                        0.01      0.01     23.53      0.01         0.01
  -6B                         0.01      0.01     23.32      0.01         0.01
  601                         0.01      0.01     10.06      0.01         0.01
  602                         0.01      0.01     14.02      0.01         0.01
  501                         0.01      0.01     12.05      0.01         0.01
  01_3                        0.01      0.01      6.68      0.01         0.01
  01_4                        0.01      0.01     15.75      0.01         0.01
  903A                        0.01      0.01     18.12      0.01         0.01
  V-80                        0.01      0.01     20.06      0.01         0.01
  V-90                        0.01      0.01     15.34      0.01         0.01
  03-CT                       0.01      0.01     11.51      0.01         0.01
  03B                         0.01      0.01      6.05      0.01         0.01
  07CB                        0.01      0.01     16.30      0.01         0.01
  981CT                       0.01      0.01     10.08      0.01         0.01
  980CD                       0.01      0.01     10.29      0.01         0.01
  8"                          0.01      0.01     12.37      0.01         0.01
  1236                        0.01      0.01     21.77      0.01         0.01
  502                         0.01      0.01     17.43      0.01         0.01
  
  
  ***************
  Pumping Summary
  ***************
  
  ---------------------------------------------------------------------------------------------------------
                                                  Min       Avg       Max     Total     Power    % Time Off
                        Percent   Number of      Flow      Flow      Flow    Volume     Usage    Pump Curve
  Pump                 Utilized   Start-Ups       CFS       CFS       CFS  10^6 gal     Kw-hr    Low   High
  ---------------------------------------------------------------------------------------------------------
  232.1                  100.00           1      0.00     10.00     10.00     6.463     11.94    0.0    0.0
  383.1                  100.00           1      0.00     10.00     10.00     6.463      5.08    0.0    0.0
  383.1_2                100.00           1      0.00     10.00     10.00     6.463      5.08    0.0    0.0
  

  Analysis begun on:  Wed Jul 22 11:27:30 2026
  Analysis ended on:  Wed Jul 22 11:27:32 2026
  Total elapsed time: 00:00:02