
  EPA STORM WATER MANAGEMENT MODEL - VERSION 5.2 (Build 5.2.4)
  ------------------------------------------------------------

  Converted from XPSWMM .xp file 
  
  ****************
  Analysis Options
  ****************
  Flow Units ............... CMS
  Process Models:
    Rainfall/Runoff ........ NO
    RDII ................... NO
    Snowmelt ............... NO
    Groundwater ............ NO
    Flow Routing ........... YES
    Ponding Allowed ........ NO
    Water Quality .......... NO
  Flow Routing Method ...... DYNWAVE
  Surcharge Method ......... EXTRAN
  Starting Date ............ 01/01/2001 00:00:00
  Ending Date .............. 01/02/2001 00:00:00
  Antecedent Dry Days ...... 0.0
  Report Time Step ......... 00:15:00
  Routing Time Step ........ 15.00 sec
  Variable Time Step ....... YES
  Maximum Trials ........... 50
  Number of Threads ........ 1
  Head Tolerance ........... 0.001524 m
  
  
  **************************        Volume        Volume
  Flow Routing Continuity        hectare-m      10^6 ltr
  **************************     ---------     ---------
  Dry Weather Inflow .......         0.000         0.000
  Wet Weather Inflow .......         0.000         0.000
  Groundwater Inflow .......         0.000         0.000
  RDII Inflow ..............         0.000         0.000
  External Inflow ..........         2.592        25.917
  External Outflow .........         2.500        24.997
  Flooding Loss ............         0.000         0.000
  Evaporation Loss .........         0.000         0.000
  Exfiltration Loss ........         0.000         0.000
  Initial Stored Volume ....         0.000         0.000
  Final Stored Volume ......         0.012         0.120
  Continuity Error (%) .....         3.090
  
  
  ***************************
  Time-Step Critical Elements
  ***************************
  Link 4-1 (98.86%)
  Link 5 (1.08%)
  
  
  ********************************
  Highest Flow Instability Indexes
  ********************************
  All links are stable.
  
  
  *********************************
  Most Frequent Nonconverging Nodes
  *********************************
  Node OUT.1 (0.04%)
  Node 16.1 (0.00%)
  Node 1C.4 (0.00%)
  Node 8.1 (0.00%)
  Node 7.1 (0.00%)
  
  
  *************************
  Routing Time Step Summary
  *************************
  Minimum Time Step           :     0.37 sec
  Average Time Step           :     1.22 sec
  Maximum Time Step           :    15.00 sec
  % of Time in Steady State   :     0.00
  Average Iterations per Step :     2.02
  % of Steps Not Converging   :     0.04
  Time Step Frequencies       :
     15.000 -  7.597 sec      :     0.05 %
      7.597 -  3.848 sec      :     0.00 %
      3.848 -  1.949 sec      :     1.08 %
      1.949 -  0.987 sec      :    98.87 %
      0.987 -  0.500 sec      :     0.00 %
  
  
  ******************
  Node Depth Summary
  ******************
  
  ---------------------------------------------------------------------------------
                                 Average  Maximum  Maximum  Time of Max    Reported
                                   Depth    Depth      HGL   Occurrence   Max Depth
  Node                 Type       Meters   Meters   Meters  days hr:min      Meters
  ---------------------------------------------------------------------------------
  1.1                  JUNCTION    17.72    17.73    36.62     0  00:12       17.72
  1.2                  JUNCTION    17.46    17.51    36.31     0  00:23       17.50
  2.1                  JUNCTION    17.03    17.12    35.83     0  00:41       17.12
  3.1                  JUNCTION    14.71    14.83    32.83     0  00:50       14.83
  4.1                  JUNCTION    13.32    13.46    29.37     0  00:53       13.46
  4.2                  JUNCTION    13.10    13.30    28.76     0  01:11       13.30
  4.3                  JUNCTION    12.30    12.56    27.00     0  01:11       12.56
  5.1                  JUNCTION    12.74    12.74    27.44     0  00:08       12.74
  6.1                  JUNCTION    12.34    12.36    26.16     0  01:16       12.36
  6.2                  JUNCTION    12.24    12.28    25.73     0  01:32       12.28
  7.1                  JUNCTION    15.77    15.77    33.60     0  00:15       15.77
  7.2                  JUNCTION    14.20    14.23    29.23     0  00:20       14.23
  7.3                  JUNCTION    13.26    13.32    28.33     0  00:29       13.32
  8.1                  JUNCTION    11.08    11.14    24.85     0  01:32       11.14
  9.1                  JUNCTION    14.03    14.03    29.44     0  00:09       14.03
  9.2                  JUNCTION    13.83    13.85    28.89     0  00:19       13.85
  10.1                 JUNCTION    14.23    14.24    30.57     0  00:09       14.24
  11.1                 JUNCTION    13.58    13.61    28.67     0  00:19       13.61
  11.2                 JUNCTION    13.19    13.24    28.04     0  00:23       13.24
  12.1                 JUNCTION    15.25    15.26    32.27     0  00:10       15.26
  13.1                 JUNCTION    14.50    14.54    30.54     0  00:20       14.53
  13.2                 JUNCTION    13.93    13.99    29.47     0  00:29       13.99
  14.1                 JUNCTION    13.12    13.21    28.14     0  00:38       13.21
  15.1                 JUNCTION    12.63    12.69    27.27     0  00:39       12.69
  15.2                 JUNCTION    12.26    12.34    26.53     0  00:39       12.34
  16.1                 JUNCTION    11.78    11.86    25.62     0  00:40       11.86
  16.2                 JUNCTION    11.45    11.54    24.88     0  00:41       11.54
  17.1                 JUNCTION    15.86    15.87    33.52     0  00:10       15.87
  17.2                 JUNCTION    14.68    14.71    31.57     0  00:20       14.71
  17.3                 JUNCTION    13.41    13.46    29.07     0  00:29       13.46
  17.4                 JUNCTION    12.19    12.27    26.63     0  00:38       12.27
  18.1                 JUNCTION    10.42    10.49    23.60     0  01:32       10.49
  19.1                 JUNCTION    11.42    11.45    25.07     0  00:07       11.42
  20.1                 JUNCTION     8.96     8.97    21.15     0  01:33        8.97
  21.1                 JUNCTION    18.04    18.05    37.09     0  00:12       18.05
  21.2                 JUNCTION    16.51    16.55    35.19     0  00:23       16.55
  22.1                 JUNCTION    13.78    13.85    30.27     0  00:32       13.85
  22.2                 JUNCTION    10.80    10.88    24.56     0  00:39       10.88
  22.3                 JUNCTION     8.83     8.91    19.52     0  00:45        8.91
  23.1                 JUNCTION    15.03    15.03    31.47     0  00:10       15.03
  23.2                 JUNCTION    14.28    14.30    30.01     0  00:19       14.30
  23.3                 JUNCTION    13.49    13.54    28.52     0  00:28       13.54
  24.1                 JUNCTION    12.44    12.52    26.68     0  00:37       12.52
  24.2                 JUNCTION    11.49    11.59    24.81     0  00:45       11.59
  24.3                 JUNCTION    10.55    10.65    22.74     0  00:52       10.65
  24.4                 JUNCTION     9.50     9.62    20.97     0  01:01        9.62
  25.1                 JUNCTION     8.18     8.31    18.62     0  01:08        8.31
  25.2                 JUNCTION     7.33     7.49    16.79     0  01:13        7.49
  25.3                 JUNCTION     6.93     7.10    15.53     0  01:24        7.10
  26.1                 JUNCTION     6.50     6.68    14.91     0  01:19        6.68
  26.2                 JUNCTION     6.23     6.42    14.48     0  01:25        6.42
  1A.1                 JUNCTION     7.62     7.64    18.27     0  01:33        7.64
  1B.1                 JUNCTION     6.74     6.77    16.11     0  01:33        6.77
  1B.2                 JUNCTION     6.10     6.14    14.71     0  01:34        6.14
  1C.1                 JUNCTION     5.53     5.57    13.66     0  01:24        5.57
  1C.2(M)              JUNCTION     5.15     5.19    12.81     0  01:24        5.19
  1C.3                 JUNCTION     4.46     4.49    11.73     0  01:25        4.49
  1C.4                 JUNCTION     3.66     3.69    10.03     0  01:26        3.69
  OUT.1                OUTFALL      0.00     0.00     5.60     0  00:00        0.00
  
  
  *******************
  Node Inflow Summary
  *******************
  
  -------------------------------------------------------------------------------------------------
                                  Maximum  Maximum                  Lateral       Total        Flow
                                  Lateral    Total  Time of Max      Inflow      Inflow     Balance
                                   Inflow   Inflow   Occurrence      Volume      Volume       Error
  Node                 Type           CMS      CMS  days hr:min    10^6 ltr    10^6 ltr     Percent
  -------------------------------------------------------------------------------------------------
  1.1                  JUNCTION     0.030    0.030     0  00:00        2.59        2.59       0.819
  1.2                  JUNCTION     0.000    0.032     0  00:12           0        2.57       0.817
  2.1                  JUNCTION     0.000    0.031     0  00:23           0        2.55       0.827
  3.1                  JUNCTION     0.000    0.030     0  00:53           0        2.53       0.719
  4.1                  JUNCTION     0.000    0.030     0  00:53           0        2.51       0.630
  4.2                  JUNCTION     0.000    0.033     0  00:53           0         2.5       0.665
  4.3                  JUNCTION     0.000    0.030     0  01:11           0        2.48       0.608
  5.1                  JUNCTION     0.030    0.030     0  00:00        2.59        2.59       0.585
  6.1                  JUNCTION     0.000    0.060     0  01:11           0        5.04       0.316
  6.2                  JUNCTION     0.000    0.060     0  01:16           0        5.02       0.387
  7.1                  JUNCTION     0.030    0.030     0  00:00        2.59        2.59       0.739
  7.2                  JUNCTION     0.000    0.030     0  00:53           0        2.57       0.658
  7.3                  JUNCTION     0.000    0.032     0  00:20           0        2.56       0.630
  8.1                  JUNCTION     0.000    0.090     0  01:33           0        7.54       0.199
  9.1                  JUNCTION     0.030    0.030     0  00:00        2.59        2.59       0.650
  9.2                  JUNCTION     0.000    0.031     0  00:09           0        2.57       0.657
  10.1                 JUNCTION     0.030    0.030     0  00:00        2.59        2.59       0.660
  11.1                 JUNCTION     0.000    0.060     0  00:19           0        5.13       0.333
  11.2                 JUNCTION     0.000    0.060     0  00:20           0        5.12       0.328
  12.1                 JUNCTION     0.030    0.030     0  00:00        2.59        2.59       0.703
  13.1                 JUNCTION     0.000    0.031     0  00:10           0        2.57       0.679
  13.2                 JUNCTION     0.000    0.031     0  00:20           0        2.56       0.657
  14.1                 JUNCTION     0.000    0.030     0  00:29           0        2.54       0.636
  15.1                 JUNCTION     0.000    0.090     0  00:38           0        7.62       0.232
  15.2                 JUNCTION     0.000    0.090     0  00:39           0         7.6       0.230
  16.1                 JUNCTION     0.000    0.090     0  00:40           0        7.59       0.228
  16.2                 JUNCTION     0.000    0.090     0  00:40           0        7.57       0.217
  17.1                 JUNCTION     0.030    0.030     0  00:00        2.59        2.59       0.736
  17.2                 JUNCTION     0.000    0.030     0  00:11           0        2.57       0.692
  17.3                 JUNCTION     0.000    0.030     0  00:21           0        2.56       0.638
  17.4                 JUNCTION     0.000    0.030     0  00:30           0        2.54       0.584
  18.1                 JUNCTION     0.000    0.210     0  01:33           0        17.6       0.089
  19.1                 JUNCTION     0.030    0.030     0  00:00        2.59        2.59       0.514
  20.1                 JUNCTION     0.000    0.240     0  01:33           0        20.2       0.095
  21.1                 JUNCTION     0.030    0.030     0  00:00        2.59        2.59       0.836
  21.2                 JUNCTION     0.000    0.030     0  00:12           0        2.57       0.767
  22.1                 JUNCTION     0.000    0.030     0  00:23           0        2.55       0.649
  22.2                 JUNCTION     0.000    0.030     0  00:32           0        2.53       0.514
  22.3                 JUNCTION     0.000    0.030     0  00:39           0        2.52       0.426
  23.1                 JUNCTION     0.030    0.030     0  00:00        2.59        2.59       0.697
  23.2                 JUNCTION     0.000    0.030     0  00:10           0        2.57       0.669
  23.3                 JUNCTION     0.000    0.030     0  00:19           0        2.56       0.640
  24.1                 JUNCTION     0.000    0.030     0  00:29           0        2.54       0.601
  24.2                 JUNCTION     0.000    0.030     0  00:37           0        2.53       0.555
  24.3                 JUNCTION     0.000    0.030     0  00:45           0        2.51       0.520
  24.4                 JUNCTION     0.000    0.030     0  00:52           0         2.5       0.470
  25.1                 JUNCTION     0.000    0.030     0  01:02           0        2.49       0.412
  25.2                 JUNCTION     0.000    0.030     1  00:00           0        2.48       0.378
  25.3                 JUNCTION     0.000    0.030     0  01:14           0        2.47       0.374
  26.1                 JUNCTION     0.000    0.030     1  00:00           0        2.46       0.342
  26.2                 JUNCTION     0.000    0.030     0  01:19           0        2.45       0.339
  1A.1                 JUNCTION     0.000    0.240     0  01:33           0        20.2       0.074
  1B.1                 JUNCTION     0.000    0.270     1  00:00           0        22.6       0.082
  1B.2                 JUNCTION     0.000    0.270     0  01:34           0        22.6       0.052
  1C.1                 JUNCTION     0.000    0.300     0  01:25           0        25.1       0.050
  1C.2(M)              JUNCTION     0.000    0.300     0  01:24           0          25       0.051
  1C.3                 JUNCTION     0.000    0.301     0  01:25           0          25       0.072
  1C.4                 JUNCTION     0.000    0.301     0  01:25           0          25       0.073
  OUT.1                OUTFALL      0.000    0.300     0  01:26           0          25       0.000
  
  
  **********************
  Node Surcharge Summary
  **********************
  
  No nodes were surcharged.
  
  
  *********************
  Node Flooding Summary
  *********************
  
  No nodes were flooded.
  
  
  ***********************
  Outfall Loading Summary
  ***********************
  
  -----------------------------------------------------------
                         Flow       Avg       Max       Total
                         Freq      Flow      Flow      Volume
  Outfall Node           Pcnt       CMS       CMS    10^6 ltr
  -----------------------------------------------------------
  OUT.1                 99.17     0.298     0.300      24.997
  -----------------------------------------------------------
  System                99.17     0.298     0.300      24.997
  
  
  ********************
  Link Flow Summary
  ********************
  
  -----------------------------------------------------------------------------
                                 Maximum  Time of Max   Maximum    Max/    Max/
                                  |Flow|   Occurrence   |Veloc|    Full    Full
  Link                 Type          CMS  days hr:min     m/sec    Flow   Depth
  -----------------------------------------------------------------------------
  1-1                  CONDUIT     0.032     0  00:12      1.41    0.44    0.47
  1-2                  CONDUIT     0.031     0  00:23      1.39    0.44    0.47
  2                    CONDUIT     0.030     0  00:53      1.58    0.14    0.25
  3                    CONDUIT     0.030     0  00:53      2.06    0.05    0.15
  4-1                  CONDUIT     0.033     0  00:53      2.64    0.03    0.12
  4-2                  CONDUIT     0.030     0  01:11      1.57    0.05    0.15
  4-3                  CONDUIT     0.030     0  01:11      1.39    0.05    0.18
  5                    CONDUIT     0.031     0  00:08      2.58    0.18    0.29
  6-1                  CONDUIT     0.060     0  01:16      1.33    0.13    0.38
  6-2                  CONDUIT     0.060     0  01:33      0.71    0.56    0.45
  7-1                  CONDUIT     0.030     0  00:53      2.58    0.18    0.29
  7-2                  CONDUIT     0.032     0  00:20      1.73    0.34    0.41
  7-3                  CONDUIT     0.030     0  00:29      2.34    0.20    0.31
  8                    CONDUIT     0.090     0  01:33      1.83    0.12    0.23
  9-1                  CONDUIT     0.031     0  00:09      1.66    0.34    0.44
  9-2                  CONDUIT     0.030     0  00:19      1.06    0.61    0.56
  10                   CONDUIT     0.030     0  00:09      2.36    0.20    0.32
  11-1                 CONDUIT     0.060     0  00:20      1.77    0.47    0.48
  11-2                 CONDUIT     0.062     0  00:24      1.76    0.50    0.50
  12                   CONDUIT     0.031     0  00:10      2.40    0.20    0.31
  13-1                 CONDUIT     0.031     0  00:20      1.86    0.17    0.28
  13-2                 CONDUIT     0.030     0  00:29      1.86    0.17    0.28
  14                   CONDUIT     0.030     0  00:38      1.53    0.15    0.26
  15-1                 CONDUIT     0.090     0  00:39      1.73    0.21    0.31
  15-2                 CONDUIT     0.090     0  00:40      1.73    0.21    0.31
  16-1                 CONDUIT     0.090     0  00:40      1.65    0.14    0.25
  16-2                 CONDUIT     0.092     0  00:41      1.55    0.15    0.26
  17-1                 CONDUIT     0.030     0  00:11      2.05    0.15    0.26
  17-2                 CONDUIT     0.030     0  00:21      2.18    0.14    0.25
  17-3                 CONDUIT     0.030     0  00:30      2.18    0.14    0.25
  17-4                 CONDUIT     0.030     0  00:38      2.14    0.14    0.25
  18                   CONDUIT     0.210     0  01:33      2.48    0.11    0.23
  19                   CONDUIT     0.051     0  00:07      2.66    0.21    0.33
  20                   CONDUIT     0.240     0  01:33      2.52    0.09    0.21
  21-1                 CONDUIT     0.030     0  00:12      1.91    0.28    0.36
  21-2                 CONDUIT     0.030     0  00:23      3.11    0.14    0.25
  22-1                 CONDUIT     0.030     0  00:32      3.14    0.08    0.19
  22-2                 CONDUIT     0.030     0  00:39      3.18    0.08    0.19
  22-3                 CONDUIT     0.030     0  00:45      2.73    0.06    0.17
  23-1                 CONDUIT     0.030     0  00:10      2.08    0.24    0.34
  23-2                 CONDUIT     0.030     0  00:19      2.08    0.24    0.34
  23-3                 CONDUIT     0.030     0  00:29      2.08    0.24    0.34
  24-1                 CONDUIT     0.030     0  00:37      1.99    0.15    0.27
  24-2                 CONDUIT     0.030     0  00:45      2.08    0.15    0.26
  24-3                 CONDUIT     0.030     0  00:52      1.89    0.17    0.28
  24-4                 CONDUIT     0.030     0  01:02      2.04    0.15    0.26
  25-1                 CONDUIT     0.030     1  00:00      1.87    0.07    0.19
  25-2                 CONDUIT     0.030     0  01:14      1.78    0.08    0.21
  25-3                 CONDUIT     0.030     1  00:00      1.35    0.12    0.23
  26-1                 CONDUIT     0.030     0  01:19      1.33    0.09    0.22
  26-2                 CONDUIT     0.030     0  01:25      1.08    0.12    0.23
  1A                   CONDUIT     0.240     1  00:00      2.60    0.07    0.18
  1B-1                 CONDUIT     0.270     0  01:34      2.14    0.10    0.22
  1B-2                 CONDUIT     0.270     0  01:34      2.32    0.09    0.21
  1C-1                 CONDUIT     0.300     0  01:24      2.24    0.09    0.20
  1C-2                 CONDUIT     0.301     0  01:25      2.11    0.09    0.21
  1C-3                 CONDUIT     0.301     0  01:25      2.20    0.09    0.20
  1C-4                 CONDUIT     0.300     0  01:26      2.09    0.10    0.21
  
  
  ***************************
  Flow Classification Summary
  ***************************
  
  -------------------------------------------------------------------------------------
                      Adjusted    ---------- Fraction of Time in Flow Class ---------- 
                       /Actual         Up    Down  Sub   Sup   Up    Down  Norm  Inlet 
  Conduit               Length    Dry  Dry   Dry   Crit  Crit  Crit  Crit  Ltd   Ctrl  
  -------------------------------------------------------------------------------------
  1-1                     1.00   0.01  0.00  0.00  0.00  0.00  0.00  0.99  0.00  0.00
  1-2                     1.00   0.02  0.00  0.00  0.00  0.00  0.00  0.98  0.00  0.00
  2                       1.00   0.02  0.00  0.00  0.00  0.00  0.00  0.98  0.00  0.00
  3                       1.00   0.03  0.00  0.00  0.00  0.00  0.00  0.97  0.00  0.00
  4-1                     1.00   0.04  0.00  0.00  0.00  0.00  0.00  0.96  0.00  0.00
  4-2                     1.00   0.04  0.00  0.00  0.00  0.00  0.00  0.96  0.00  0.00
  4-3                     1.00   0.01  0.04  0.00  0.00  0.95  0.00  0.00  0.95  0.00
  5                       1.00   0.01  0.00  0.00  0.00  0.00  0.00  0.99  0.00  0.00
  6-1                     1.00   0.01  0.00  0.00  0.98  0.00  0.00  0.01  0.98  0.00
  6-2                     1.00   0.02  0.00  0.00  0.00  0.00  0.98  0.00  0.00  0.00
  7-1                     1.00   0.01  0.00  0.00  0.00  0.00  0.00  0.99  0.00  0.00
  7-2                     1.00   0.01  0.00  0.00  0.00  0.00  0.00  0.99  0.00  0.00
  7-3                     1.00   0.02  0.00  0.00  0.00  0.00  0.00  0.98  0.00  0.00
  8                       1.00   0.02  0.00  0.00  0.00  0.00  0.00  0.98  0.00  0.00
  9-1                     1.00   0.01  0.00  0.00  0.00  0.99  0.00  0.01  0.99  0.00
  9-2                     1.00   0.01  0.00  0.00  0.00  0.00  0.00  0.99  0.00  0.00
  10                      1.00   0.01  0.00  0.00  0.00  0.99  0.00  0.01  0.99  0.00
  11-1                    1.00   0.01  0.00  0.00  0.00  0.00  0.00  0.99  0.00  0.00
  11-2                    1.00   0.02  0.00  0.00  0.00  0.00  0.00  0.98  0.00  0.00
  12                      1.00   0.01  0.00  0.00  0.00  0.00  0.00  0.99  0.00  0.00
  13-1                    1.00   0.01  0.00  0.00  0.00  0.00  0.00  0.99  0.00  0.00
  13-2                    1.00   0.02  0.00  0.00  0.00  0.00  0.00  0.98  0.00  0.00
  14                      1.00   0.03  0.00  0.00  0.00  0.00  0.00  0.97  0.00  0.00
  15-1                    1.00   0.02  0.00  0.00  0.00  0.00  0.00  0.98  0.00  0.00
  15-2                    1.00   0.02  0.00  0.00  0.00  0.00  0.00  0.98  0.00  0.00
  16-1                    1.00   0.03  0.00  0.00  0.00  0.00  0.00  0.97  0.00  0.00
  16-2                    1.00   0.03  0.00  0.00  0.00  0.00  0.00  0.97  0.00  0.00
  17-1                    1.00   0.01  0.00  0.00  0.00  0.00  0.00  0.99  0.00  0.00
  17-2                    1.00   0.01  0.00  0.00  0.00  0.00  0.00  0.99  0.00  0.00
  17-3                    1.00   0.02  0.00  0.00  0.00  0.00  0.00  0.98  0.00  0.00
  17-4                    1.00   0.03  0.00  0.00  0.00  0.00  0.00  0.97  0.00  0.00
  18                      1.00   0.02  0.00  0.00  0.00  0.00  0.00  0.98  0.00  0.00
  19                      1.00   0.01  0.00  0.00  0.00  0.00  0.00  0.99  0.00  0.00
  20                      1.00   0.01  0.00  0.00  0.00  0.00  0.00  0.99  0.00  0.00
  21-1                    1.00   0.01  0.00  0.00  0.00  0.00  0.00  0.99  0.00  0.00
  21-2                    1.00   0.02  0.00  0.00  0.00  0.00  0.00  0.98  0.00  0.00
  22-1                    1.00   0.02  0.00  0.00  0.00  0.00  0.00  0.98  0.00  0.00
  22-2                    1.00   0.03  0.00  0.00  0.00  0.00  0.00  0.97  0.00  0.00
  22-3                    1.00   0.03  0.00  0.00  0.00  0.00  0.00  0.97  0.00  0.00
  23-1                    1.00   0.01  0.00  0.00  0.00  0.00  0.00  0.99  0.00  0.00
  23-2                    1.00   0.01  0.00  0.00  0.00  0.00  0.00  0.99  0.00  0.00
  23-3                    1.00   0.02  0.00  0.00  0.00  0.00  0.00  0.98  0.00  0.00
  24-1                    1.00   0.03  0.00  0.00  0.00  0.00  0.00  0.97  0.00  0.00
  24-2                    1.00   0.03  0.00  0.00  0.00  0.00  0.00  0.97  0.00  0.00
  24-3                    1.00   0.04  0.00  0.00  0.00  0.00  0.00  0.96  0.00  0.00
  24-4                    1.00   0.04  0.00  0.00  0.00  0.00  0.00  0.96  0.00  0.00
  25-1                    1.00   0.04  0.00  0.00  0.00  0.00  0.00  0.96  0.00  0.00
  25-2                    1.00   0.05  0.00  0.00  0.00  0.95  0.00  0.00  0.95  0.00
  25-3                    1.00   0.05  0.00  0.00  0.00  0.00  0.00  0.95  0.00  0.00
  26-1                    1.00   0.05  0.00  0.00  0.00  0.94  0.00  0.00  0.94  0.00
  26-2                    1.00   0.06  0.00  0.00  0.00  0.00  0.00  0.94  0.00  0.00
  1A                      1.00   0.01  0.00  0.00  0.00  0.00  0.00  0.99  0.00  0.00
  1B-1                    1.00   0.02  0.00  0.00  0.00  0.00  0.00  0.98  0.00  0.00
  1B-2                    1.00   0.02  0.00  0.00  0.00  0.00  0.00  0.98  0.00  0.00
  1C-1                    1.00   0.02  0.00  0.00  0.00  0.00  0.00  0.98  0.00  0.00
  1C-2                    1.00   0.03  0.00  0.00  0.00  0.00  0.00  0.97  0.00  0.00
  1C-3                    1.00   0.03  0.00  0.00  0.00  0.00  0.00  0.97  0.00  0.00
  1C-4                    1.00   0.03  0.00  0.00  0.00  0.00  0.00  0.97  0.00  0.00
  
  
  *************************
  Conduit Surcharge Summary
  *************************
  
  No conduits were surcharged.
  

  Analysis begun on:  Wed Jul 22 11:28:10 2026
  Analysis ended on:  Wed Jul 22 11:28:12 2026
  Total elapsed time: 00:00:02