
  EPA STORM WATER MANAGEMENT MODEL - VERSION 5.2 (Build 5.2.4)
  ------------------------------------------------------------

  Converted from XPSWMM .xp file 
  
  ****************
  Analysis Options
  ****************
  Flow Units ............... CMS
  Process Models:
    Rainfall/Runoff ........ NO
    RDII ................... NO
    Snowmelt ............... NO
    Groundwater ............ NO
    Flow Routing ........... YES
    Ponding Allowed ........ NO
    Water Quality .......... NO
  Flow Routing Method ...... DYNWAVE
  Surcharge Method ......... EXTRAN
  Starting Date ............ 01/01/2001 00:00:00
  Ending Date .............. 01/02/2001 00:00:00
  Antecedent Dry Days ...... 0.0
  Report Time Step ......... 00:15:00
  Routing Time Step ........ 15.00 sec
  Variable Time Step ....... YES
  Maximum Trials ........... 50
  Number of Threads ........ 1
  Head Tolerance ........... 0.001524 m
  
  
  **************************        Volume        Volume
  Flow Routing Continuity        hectare-m      10^6 ltr
  **************************     ---------     ---------
  Dry Weather Inflow .......         0.000         0.000
  Wet Weather Inflow .......         0.000         0.000
  Groundwater Inflow .......         0.000         0.000
  RDII Inflow ..............         0.000         0.000
  External Inflow ..........         0.000         0.000
  External Outflow .........         0.000         0.000
  Flooding Loss ............         0.000         0.000
  Evaporation Loss .........         0.000         0.000
  Exfiltration Loss ........         0.000         0.000
  Initial Stored Volume ....         0.000         0.000
  Final Stored Volume ......         0.000         0.000
  Continuity Error (%) .....         0.000
  
  
  ***************************
  Time-Step Critical Elements
  ***************************
  None
  
  
  ********************************
  Highest Flow Instability Indexes
  ********************************
  All links are stable.
  
  
  *********************************
  Most Frequent Nonconverging Nodes
  *********************************
  Convergence obtained at all time steps.
  
  
  *************************
  Routing Time Step Summary
  *************************
  Minimum Time Step           :    14.50 sec
  Average Time Step           :    15.00 sec
  Maximum Time Step           :    15.00 sec
  % of Time in Steady State   :     0.00
  Average Iterations per Step :     2.00
  % of Steps Not Converging   :     0.00
  Time Step Frequencies       :
     15.000 -  7.597 sec      :   100.00 %
      7.597 -  3.848 sec      :     0.00 %
      3.848 -  1.949 sec      :     0.00 %
      1.949 -  0.987 sec      :     0.00 %
      0.987 -  0.500 sec      :     0.00 %
  
  
  ******************
  Node Depth Summary
  ******************
  
  ---------------------------------------------------------------------------------
                                 Average  Maximum  Maximum  Time of Max    Reported
                                   Depth    Depth      HGL   Occurrence   Max Depth
  Node                 Type       Meters   Meters   Meters  days hr:min      Meters
  ---------------------------------------------------------------------------------
  1.1                  JUNCTION     0.00     0.00    18.89     0  00:00        0.00
  1.2                  JUNCTION     0.00     0.00    18.80     0  00:00        0.00
  2.1                  JUNCTION     0.00     0.00    18.71     0  00:00        0.00
  3.1                  JUNCTION     0.00     0.00    18.00     0  00:00        0.00
  4.1                  JUNCTION     0.00     0.00    15.91     0  00:00        0.00
  4.2                  JUNCTION     0.00     0.00    15.46     0  00:00        0.00
  4.3                  JUNCTION     0.00     0.00    14.44     0  00:00        0.00
  5.1                  JUNCTION     0.00     0.00    14.70     0  00:00        0.00
  6.1                  JUNCTION     0.00     0.00    13.80     0  00:00        0.00
  6.2                  JUNCTION     0.00     0.00    13.45     0  00:00        0.00
  7.1                  JUNCTION     0.00     0.00    17.83     0  00:00        0.00
  7.2                  JUNCTION     0.00     0.00    15.00     0  00:00        0.00
  7.3                  JUNCTION     0.00     0.00    15.01     0  00:00        0.00
  8.1                  JUNCTION     0.00     0.00    13.71     0  00:00        0.00
  9.1                  JUNCTION     0.00     0.00    15.41     0  00:00        0.00
  9.2                  JUNCTION     0.00     0.00    15.04     0  00:00        0.00
  10.1                 JUNCTION     0.00     0.00    16.33     0  00:00        0.00
  11.1                 JUNCTION     0.00     0.00    15.06     0  00:00        0.00
  11.2                 JUNCTION     0.00     0.00    14.80     0  00:00        0.00
  12.1                 JUNCTION     0.00     0.00    17.01     0  00:00        0.00
  13.1                 JUNCTION     0.00     0.00    16.00     0  00:00        0.00
  13.2                 JUNCTION     0.00     0.00    15.48     0  00:00        0.00
  14.1                 JUNCTION     0.00     0.00    14.93     0  00:00        0.00
  15.1                 JUNCTION     0.00     0.00    14.58     0  00:00        0.00
  15.2                 JUNCTION     0.00     0.00    14.19     0  00:00        0.00
  16.1                 JUNCTION     0.00     0.00    13.76     0  00:00        0.00
  16.2                 JUNCTION     0.00     0.00    13.34     0  00:00        0.00
  17.1                 JUNCTION     0.00     0.00    17.65     0  00:00        0.00
  17.2                 JUNCTION     0.00     0.00    16.86     0  00:00        0.00
  17.3                 JUNCTION     0.00     0.00    15.61     0  00:00        0.00
  17.4                 JUNCTION     0.00     0.00    14.36     0  00:00        0.00
  18.1                 JUNCTION     0.00     0.00    13.11     0  00:00        0.00
  19.1                 JUNCTION     0.00     0.00    13.62     0  00:00        0.00
  20.1                 JUNCTION     0.00     0.00    12.18     0  00:00        0.00
  21.1                 JUNCTION     0.00     0.00    19.04     0  00:00        0.00
  21.2                 JUNCTION     0.00     0.00    18.64     0  00:00        0.00
  22.1                 JUNCTION     0.00     0.00    16.42     0  00:00        0.00
  22.2                 JUNCTION     0.00     0.00    13.68     0  00:00        0.00
  22.3                 JUNCTION     0.00     0.00    10.61     0  00:00        0.00
  23.1                 JUNCTION     0.00     0.00    16.44     0  00:00        0.00
  23.2                 JUNCTION     0.00     0.00    15.71     0  00:00        0.00
  23.3                 JUNCTION     0.00     0.00    14.98     0  00:00        0.00
  24.1                 JUNCTION     0.00     0.00    14.16     0  00:00        0.00
  24.2                 JUNCTION     0.00     0.00    13.22     0  00:00        0.00
  24.3                 JUNCTION     0.00     0.00    12.09     0  00:00        0.00
  24.4                 JUNCTION     0.00     0.00    11.35     0  00:00        0.00
  25.1                 JUNCTION     0.00     0.00    10.31     0  00:00        0.00
  25.2                 JUNCTION     0.00     0.00     9.30     0  00:00        0.00
  25.3                 JUNCTION     0.00     0.00     8.43     0  00:00        0.00
  26.1                 JUNCTION     0.00     0.00     8.23     0  00:00        0.00
  26.2                 JUNCTION     0.00     0.00     8.06     0  00:00        0.00
  1A.1                 JUNCTION     0.00     0.00    10.63     0  00:00        0.00
  1B.1                 JUNCTION     0.00     0.00     9.34     0  00:00        0.00
  1B.2                 JUNCTION     0.00     0.00     8.57     0  00:00        0.00
  1C.1                 JUNCTION     0.00     0.00     8.09     0  00:00        0.00
  1C.2(M)              JUNCTION     0.00     0.00     7.62     0  00:00        0.00
  1C.3                 JUNCTION     0.00     0.00     7.24     0  00:00        0.00
  1C.4                 JUNCTION     0.00     0.00     6.34     0  00:00        0.00
  OUT.1                OUTFALL      0.00     0.00     5.60     0  00:00        0.00
  
  
  *******************
  Node Inflow Summary
  *******************
  
  -------------------------------------------------------------------------------------------------
                                  Maximum  Maximum                  Lateral       Total        Flow
                                  Lateral    Total  Time of Max      Inflow      Inflow     Balance
                                   Inflow   Inflow   Occurrence      Volume      Volume       Error
  Node                 Type           CMS      CMS  days hr:min    10^6 ltr    10^6 ltr     Percent
  -------------------------------------------------------------------------------------------------
  1.1                  JUNCTION     0.000    0.000     0  00:00           0           0       0.000 ltr
  1.2                  JUNCTION     0.000    0.000     0  00:00           0           0       0.000 ltr
  2.1                  JUNCTION     0.000    0.000     0  00:00           0           0       0.000 ltr
  3.1                  JUNCTION     0.000    0.000     0  00:00           0           0       0.000 ltr
  4.1                  JUNCTION     0.000    0.000     0  00:00           0           0       0.000 ltr
  4.2                  JUNCTION     0.000    0.000     0  00:00           0           0       0.000 ltr
  4.3                  JUNCTION     0.000    0.000     0  00:00           0           0       0.000 ltr
  5.1                  JUNCTION     0.000    0.000     0  00:00           0           0       0.000 ltr
  6.1                  JUNCTION     0.000    0.000     0  00:00           0           0       0.000 ltr
  6.2                  JUNCTION     0.000    0.000     0  00:00           0           0       0.000 ltr
  7.1                  JUNCTION     0.000    0.000     0  00:00           0           0       0.000 ltr
  7.2                  JUNCTION     0.000    0.000     0  00:00           0           0       0.000 ltr
  7.3                  JUNCTION     0.000    0.000     0  00:00           0           0       0.000 ltr
  8.1                  JUNCTION     0.000    0.000     0  00:00           0           0       0.000 ltr
  9.1                  JUNCTION     0.000    0.000     0  00:00           0           0       0.000 ltr
  9.2                  JUNCTION     0.000    0.000     0  00:00           0           0       0.000 ltr
  10.1                 JUNCTION     0.000    0.000     0  00:00           0           0       0.000 ltr
  11.1                 JUNCTION     0.000    0.000     0  00:00           0           0       0.000 ltr
  11.2                 JUNCTION     0.000    0.000     0  00:00           0           0       0.000 ltr
  12.1                 JUNCTION     0.000    0.000     0  00:00           0           0       0.000 ltr
  13.1                 JUNCTION     0.000    0.000     0  00:00           0           0       0.000 ltr
  13.2                 JUNCTION     0.000    0.000     0  00:00           0           0       0.000 ltr
  14.1                 JUNCTION     0.000    0.000     0  00:00           0           0       0.000 ltr
  15.1                 JUNCTION     0.000    0.000     0  00:00           0           0       0.000 ltr
  15.2                 JUNCTION     0.000    0.000     0  00:00           0           0       0.000 ltr
  16.1                 JUNCTION     0.000    0.000     0  00:00           0           0       0.000 ltr
  16.2                 JUNCTION     0.000    0.000     0  00:00           0           0       0.000 ltr
  17.1                 JUNCTION     0.000    0.000     0  00:00           0           0       0.000 ltr
  17.2                 JUNCTION     0.000    0.000     0  00:00           0           0       0.000 ltr
  17.3                 JUNCTION     0.000    0.000     0  00:00           0           0       0.000 ltr
  17.4                 JUNCTION     0.000    0.000     0  00:00           0           0       0.000 ltr
  18.1                 JUNCTION     0.000    0.000     0  00:00           0           0       0.000 ltr
  19.1                 JUNCTION     0.000    0.000     0  00:00           0           0       0.000 ltr
  20.1                 JUNCTION     0.000    0.000     0  00:00           0           0       0.000 ltr
  21.1                 JUNCTION     0.000    0.000     0  00:00           0           0       0.000 ltr
  21.2                 JUNCTION     0.000    0.000     0  00:00           0           0       0.000 ltr
  22.1                 JUNCTION     0.000    0.000     0  00:00           0           0       0.000 ltr
  22.2                 JUNCTION     0.000    0.000     0  00:00           0           0       0.000 ltr
  22.3                 JUNCTION     0.000    0.000     0  00:00           0           0       0.000 ltr
  23.1                 JUNCTION     0.000    0.000     0  00:00           0           0       0.000 ltr
  23.2                 JUNCTION     0.000    0.000     0  00:00           0           0       0.000 ltr
  23.3                 JUNCTION     0.000    0.000     0  00:00           0           0       0.000 ltr
  24.1                 JUNCTION     0.000    0.000     0  00:00           0           0       0.000 ltr
  24.2                 JUNCTION     0.000    0.000     0  00:00           0           0       0.000 ltr
  24.3                 JUNCTION     0.000    0.000     0  00:00           0           0       0.000 ltr
  24.4                 JUNCTION     0.000    0.000     0  00:00           0           0       0.000 ltr
  25.1                 JUNCTION     0.000    0.000     0  00:00           0           0       0.000 ltr
  25.2                 JUNCTION     0.000    0.000     0  00:00           0           0       0.000 ltr
  25.3                 JUNCTION     0.000    0.000     0  00:00           0           0       0.000 ltr
  26.1                 JUNCTION     0.000    0.000     0  00:00           0           0       0.000 ltr
  26.2                 JUNCTION     0.000    0.000     0  00:00           0           0       0.000 ltr
  1A.1                 JUNCTION     0.000    0.000     0  00:00           0           0       0.000 ltr
  1B.1                 JUNCTION     0.000    0.000     0  00:00           0           0       0.000 ltr
  1B.2                 JUNCTION     0.000    0.000     0  00:00           0           0       0.000 ltr
  1C.1                 JUNCTION     0.000    0.000     0  00:00           0           0       0.000 ltr
  1C.2(M)              JUNCTION     0.000    0.000     0  00:00           0           0       0.000 ltr
  1C.3                 JUNCTION     0.000    0.000     0  00:00           0           0       0.000 ltr
  1C.4                 JUNCTION     0.000    0.000     0  00:00           0           0       0.000 ltr
  OUT.1                OUTFALL      0.000    0.000     0  00:00           0           0       0.000 ltr
  
  
  **********************
  Node Surcharge Summary
  **********************
  
  No nodes were surcharged.
  
  
  *********************
  Node Flooding Summary
  *********************
  
  No nodes were flooded.
  
  
  ***********************
  Outfall Loading Summary
  ***********************
  
  -----------------------------------------------------------
                         Flow       Avg       Max       Total
                         Freq      Flow      Flow      Volume
  Outfall Node           Pcnt       CMS       CMS    10^6 ltr
  -----------------------------------------------------------
  OUT.1                  0.00     0.000     0.000       0.000
  -----------------------------------------------------------
  System                 0.00     0.000     0.000       0.000
  
  
  ********************
  Link Flow Summary
  ********************
  
  -----------------------------------------------------------------------------
                                 Maximum  Time of Max   Maximum    Max/    Max/
                                  |Flow|   Occurrence   |Veloc|    Full    Full
  Link                 Type          CMS  days hr:min     m/sec    Flow   Depth
  -----------------------------------------------------------------------------
  201                  CONDUIT     0.000     0  00:00      0.00    0.00    0.00
  202                  CONDUIT     0.000     0  00:00      0.00    0.00    0.00
  203                  CONDUIT     0.000     0  00:00      0.00    0.00    0.00
  204                  CONDUIT     0.000     0  00:00      0.00    0.00    0.00
  205                  CONDUIT     0.000     0  00:00      0.00    0.00    0.00
  206                  CONDUIT     0.000     0  00:00      0.00    0.00    0.00
  207                  CONDUIT     0.000     0  00:00      0.00    0.00    0.00
  208                  CONDUIT     0.000     0  00:00      0.00    0.00    0.00
  209                  CONDUIT     0.000     0  00:00      0.00    0.00    0.00
  210                  CONDUIT     0.000     0  00:00      0.00    0.00    0.00
  211                  CONDUIT     0.000     0  00:00      0.00    0.00    0.00
  212                  CONDUIT     0.000     0  00:00      0.00    0.00    0.00
  213                  CONDUIT     0.000     0  00:00      0.00    0.00    0.00
  214                  CONDUIT     0.000     0  00:00      0.00    0.00    0.00
  215                  CONDUIT     0.000     0  00:00      0.00    0.00    0.00
  216                  CONDUIT     0.000     0  00:00      0.00    0.00    0.00
  217                  CONDUIT     0.000     0  00:00      0.00    0.00    0.00
  218                  CONDUIT     0.000     0  00:00      0.00    0.00    0.00
  219                  CONDUIT     0.000     0  00:00      0.00    0.00    0.00
  220                  CONDUIT     0.000     0  00:00      0.00    0.00    0.00
  221                  CONDUIT     0.000     0  00:00      0.00    0.00    0.00
  222                  CONDUIT     0.000     0  00:00      0.00    0.00    0.00
  223                  CONDUIT     0.000     0  00:00      0.00    0.00    0.00
  224                  CONDUIT     0.000     0  00:00      0.00    0.00    0.00
  225                  CONDUIT     0.000     0  00:00      0.00    0.00    0.00
  226                  CONDUIT     0.000     0  00:00      0.00    0.00    0.00
  227                  CONDUIT     0.000     0  00:00      0.00    0.00    0.00
  228                  CONDUIT     0.000     0  00:00      0.00    0.00    0.00
  229                  CONDUIT     0.000     0  00:00      0.00    0.00    0.00
  230                  CONDUIT     0.000     0  00:00      0.00    0.00    0.00
  231                  CONDUIT     0.000     0  00:00      0.00    0.00    0.00
  232                  CONDUIT     0.000     0  00:00      0.00    0.00    0.00
  233                  CONDUIT     0.000     0  00:00      0.00    0.00    0.00
  234                  CONDUIT     0.000     0  00:00      0.00    0.00    0.00
  235                  CONDUIT     0.000     0  00:00      0.00    0.00    0.00
  236                  CONDUIT     0.000     0  00:00      0.00    0.00    0.00
  237                  CONDUIT     0.000     0  00:00      0.00    0.00    0.00
  238                  CONDUIT     0.000     0  00:00      0.00    0.00    0.00
  239                  CONDUIT     0.000     0  00:00      0.00    0.00    0.00
  240                  CONDUIT     0.000     0  00:00      0.00    0.00    0.00
  241                  CONDUIT     0.000     0  00:00      0.00    0.00    0.00
  242                  CONDUIT     0.000     0  00:00      0.00    0.00    0.00
  243                  CONDUIT     0.000     0  00:00      0.00    0.00    0.00
  244                  CONDUIT     0.000     0  00:00      0.00    0.00    0.00
  245                  CONDUIT     0.000     0  00:00      0.00    0.00    0.00
  246                  CONDUIT     0.000     0  00:00      0.00    0.00    0.00
  247                  CONDUIT     0.000     0  00:00      0.00    0.00    0.00
  248                  CONDUIT     0.000     0  00:00      0.00    0.00    0.00
  249                  CONDUIT     0.000     0  00:00      0.00    0.00    0.00
  250                  CONDUIT     0.000     0  00:00      0.00    0.00    0.00
  251                  CONDUIT     0.000     0  00:00      0.00    0.00    0.00
  252                  CONDUIT     0.000     0  00:00      0.00    0.00    0.00
  253                  CONDUIT     0.000     0  00:00      0.00    0.00    0.00
  254                  CONDUIT     0.000     0  00:00      0.00    0.00    0.00
  255                  CONDUIT     0.000     0  00:00      0.00    0.00    0.00
  256                  CONDUIT     0.000     0  00:00      0.00    0.00    0.00
  312                  CONDUIT     0.000     0  00:00      0.00    0.00    0.00
  314                  CONDUIT     0.000     0  00:00      0.00    0.00    0.00
  
  
  ***************************
  Flow Classification Summary
  ***************************
  
  -------------------------------------------------------------------------------------
                      Adjusted    ---------- Fraction of Time in Flow Class ---------- 
                       /Actual         Up    Down  Sub   Sup   Up    Down  Norm  Inlet 
  Conduit               Length    Dry  Dry   Dry   Crit  Crit  Crit  Crit  Ltd   Ctrl  
  -------------------------------------------------------------------------------------
  201                     1.00   1.00  0.00  0.00  0.00  0.00  0.00  0.00  0.00  0.00
  202                     1.00   1.00  0.00  0.00  0.00  0.00  0.00  0.00  0.00  0.00
  203                     1.00   1.00  0.00  0.00  0.00  0.00  0.00  0.00  0.00  0.00
  204                     1.00   1.00  0.00  0.00  0.00  0.00  0.00  0.00  0.00  0.00
  205                     1.00   1.00  0.00  0.00  0.00  0.00  0.00  0.00  0.00  0.00
  206                     1.00   1.00  0.00  0.00  0.00  0.00  0.00  0.00  0.00  0.00
  207                     1.00   1.00  0.00  0.00  0.00  0.00  0.00  0.00  0.00  0.00
  208                     1.00   1.00  0.00  0.00  0.00  0.00  0.00  0.00  0.00  0.00
  209                     1.00   1.00  0.00  0.00  0.00  0.00  0.00  0.00  0.00  0.00
  210                     1.00   1.00  0.00  0.00  0.00  0.00  0.00  0.00  0.00  0.00
  211                     1.00   1.00  0.00  0.00  0.00  0.00  0.00  0.00  0.00  0.00
  212                     1.00   1.00  0.00  0.00  0.00  0.00  0.00  0.00  0.00  0.00
  213                     1.00   1.00  0.00  0.00  0.00  0.00  0.00  0.00  0.00  0.00
  214                     1.00   1.00  0.00  0.00  0.00  0.00  0.00  0.00  0.00  0.00
  215                     1.00   1.00  0.00  0.00  0.00  0.00  0.00  0.00  0.00  0.00
  216                     1.00   1.00  0.00  0.00  0.00  0.00  0.00  0.00  0.00  0.00
  217                     1.00   1.00  0.00  0.00  0.00  0.00  0.00  0.00  0.00  0.00
  218                     1.00   1.00  0.00  0.00  0.00  0.00  0.00  0.00  0.00  0.00
  219                     1.00   1.00  0.00  0.00  0.00  0.00  0.00  0.00  0.00  0.00
  220                     1.00   1.00  0.00  0.00  0.00  0.00  0.00  0.00  0.00  0.00
  221                     1.00   1.00  0.00  0.00  0.00  0.00  0.00  0.00  0.00  0.00
  222                     1.00   1.00  0.00  0.00  0.00  0.00  0.00  0.00  0.00  0.00
  223                     1.00   1.00  0.00  0.00  0.00  0.00  0.00  0.00  0.00  0.00
  224                     1.00   1.00  0.00  0.00  0.00  0.00  0.00  0.00  0.00  0.00
  225                     1.00   1.00  0.00  0.00  0.00  0.00  0.00  0.00  0.00  0.00
  226                     1.00   1.00  0.00  0.00  0.00  0.00  0.00  0.00  0.00  0.00
  227                     1.00   1.00  0.00  0.00  0.00  0.00  0.00  0.00  0.00  0.00
  228                     1.00   1.00  0.00  0.00  0.00  0.00  0.00  0.00  0.00  0.00
  229                     1.00   1.00  0.00  0.00  0.00  0.00  0.00  0.00  0.00  0.00
  230                     1.00   1.00  0.00  0.00  0.00  0.00  0.00  0.00  0.00  0.00
  231                     1.00   1.00  0.00  0.00  0.00  0.00  0.00  0.00  0.00  0.00
  232                     1.00   1.00  0.00  0.00  0.00  0.00  0.00  0.00  0.00  0.00
  233                     1.00   1.00  0.00  0.00  0.00  0.00  0.00  0.00  0.00  0.00
  234                     1.00   1.00  0.00  0.00  0.00  0.00  0.00  0.00  0.00  0.00
  235                     1.00   1.00  0.00  0.00  0.00  0.00  0.00  0.00  0.00  0.00
  236                     1.00   1.00  0.00  0.00  0.00  0.00  0.00  0.00  0.00  0.00
  237                     1.00   1.00  0.00  0.00  0.00  0.00  0.00  0.00  0.00  0.00
  238                     1.00   1.00  0.00  0.00  0.00  0.00  0.00  0.00  0.00  0.00
  239                     1.00   1.00  0.00  0.00  0.00  0.00  0.00  0.00  0.00  0.00
  240                     1.00   1.00  0.00  0.00  0.00  0.00  0.00  0.00  0.00  0.00
  241                     1.00   1.00  0.00  0.00  0.00  0.00  0.00  0.00  0.00  0.00
  242                     1.00   1.00  0.00  0.00  0.00  0.00  0.00  0.00  0.00  0.00
  243                     1.00   1.00  0.00  0.00  0.00  0.00  0.00  0.00  0.00  0.00
  244                     1.00   1.00  0.00  0.00  0.00  0.00  0.00  0.00  0.00  0.00
  245                     1.00   1.00  0.00  0.00  0.00  0.00  0.00  0.00  0.00  0.00
  246                     1.00   1.00  0.00  0.00  0.00  0.00  0.00  0.00  0.00  0.00
  247                     1.00   1.00  0.00  0.00  0.00  0.00  0.00  0.00  0.00  0.00
  248                     1.00   1.00  0.00  0.00  0.00  0.00  0.00  0.00  0.00  0.00
  249                     1.00   1.00  0.00  0.00  0.00  0.00  0.00  0.00  0.00  0.00
  250                     1.00   1.00  0.00  0.00  0.00  0.00  0.00  0.00  0.00  0.00
  251                     1.00   1.00  0.00  0.00  0.00  0.00  0.00  0.00  0.00  0.00
  252                     1.00   1.00  0.00  0.00  0.00  0.00  0.00  0.00  0.00  0.00
  253                     1.00   1.00  0.00  0.00  0.00  0.00  0.00  0.00  0.00  0.00
  254                     1.00   1.00  0.00  0.00  0.00  0.00  0.00  0.00  0.00  0.00
  255                     1.00   1.00  0.00  0.00  0.00  0.00  0.00  0.00  0.00  0.00
  256                     1.00   1.00  0.00  0.00  0.00  0.00  0.00  0.00  0.00  0.00
  312                     1.00   1.00  0.00  0.00  0.00  0.00  0.00  0.00  0.00  0.00
  314                     1.00   1.00  0.00  0.00  0.00  0.00  0.00  0.00  0.00  0.00
  
  
  *************************
  Conduit Surcharge Summary
  *************************
  
  No conduits were surcharged.
  

  Analysis begun on:  Sun Jul 19 15:09:45 2026
  Analysis ended on:  Sun Jul 19 15:09:45 2026
  Total elapsed time: < 1 sec