
  EPA STORM WATER MANAGEMENT MODEL - VERSION 5.2 (Build 5.2.4)
  ------------------------------------------------------------

  Converted from XPSWMM .xp file 
  WARNING 04: minimum elevation drop used for Conduit 210
  WARNING 04: minimum elevation drop used for Conduit 215
  WARNING 04: minimum elevation drop used for Conduit 216
  WARNING 04: minimum elevation drop used for Conduit 218
  WARNING 04: minimum elevation drop used for Conduit 223
  WARNING 04: minimum elevation drop used for Conduit 224
  WARNING 04: minimum elevation drop used for Conduit 212
  WARNING 04: minimum elevation drop used for Conduit 227
  WARNING 04: minimum elevation drop used for Conduit 231
  WARNING 04: minimum elevation drop used for Conduit 232
  WARNING 04: minimum elevation drop used for Conduit 227_2
  WARNING 04: minimum elevation drop used for Conduit 235
  WARNING 04: minimum elevation drop used for Conduit 239
  WARNING 04: minimum elevation drop used for Conduit 241
  WARNING 04: minimum elevation drop used for Conduit 237
  WARNING 04: minimum elevation drop used for Conduit 243
  WARNING 04: minimum elevation drop used for Conduit 247
  WARNING 04: minimum elevation drop used for Conduit 250
  WARNING 04: minimum elevation drop used for Conduit 251
  WARNING 04: minimum elevation drop used for Conduit 248
  WARNING 04: minimum elevation drop used for Conduit 255
  WARNING 04: minimum elevation drop used for Conduit 245
  WARNING 04: minimum elevation drop used for Conduit 257
  WARNING 04: minimum elevation drop used for Conduit 259
  WARNING 04: minimum elevation drop used for Conduit 261
  WARNING 04: minimum elevation drop used for Conduit 263
  WARNING 04: minimum elevation drop used for Conduit 265
  WARNING 04: minimum elevation drop used for Conduit 268
  WARNING 04: minimum elevation drop used for Conduit 270
  WARNING 04: minimum elevation drop used for Conduit 272
  WARNING 04: minimum elevation drop used for Conduit 274
  WARNING 04: minimum elevation drop used for Conduit 278
  WARNING 04: minimum elevation drop used for Conduit 276
  WARNING 04: minimum elevation drop used for Conduit 280
  WARNING 04: minimum elevation drop used for Conduit 282
  WARNING 04: minimum elevation drop used for Conduit 284
  WARNING 04: minimum elevation drop used for Conduit 290
  WARNING 04: minimum elevation drop used for Conduit 291
  WARNING 04: minimum elevation drop used for Conduit 294
  WARNING 04: minimum elevation drop used for Conduit 296
  WARNING 04: minimum elevation drop used for Conduit 298
  WARNING 04: minimum elevation drop used for Conduit 300
  WARNING 04: minimum elevation drop used for Conduit 301
  WARNING 04: minimum elevation drop used for Conduit 303
  WARNING 04: minimum elevation drop used for Conduit 305
  WARNING 04: minimum elevation drop used for Conduit 307
  WARNING 04: minimum elevation drop used for Conduit 309
  WARNING 04: minimum elevation drop used for Conduit 311
  WARNING 04: minimum elevation drop used for Conduit 314
  WARNING 04: minimum elevation drop used for Conduit 315
  WARNING 04: minimum elevation drop used for Conduit 317
  WARNING 04: minimum elevation drop used for Conduit 319
  WARNING 04: minimum elevation drop used for Conduit 321
  WARNING 04: minimum elevation drop used for Conduit 324
  WARNING 04: minimum elevation drop used for Conduit 325
  WARNING 04: minimum elevation drop used for Conduit 329
  WARNING 04: minimum elevation drop used for Conduit 330
  WARNING 04: minimum elevation drop used for Conduit 333
  WARNING 04: minimum elevation drop used for Conduit 334
  WARNING 04: minimum elevation drop used for Conduit 336
  WARNING 04: minimum elevation drop used for Conduit 338
  WARNING 04: minimum elevation drop used for Conduit 341
  WARNING 04: minimum elevation drop used for Conduit 284_2
  WARNING 04: minimum elevation drop used for Conduit 343
  WARNING 04: minimum elevation drop used for Conduit 345
  WARNING 04: minimum elevation drop used for Conduit 351
  WARNING 04: minimum elevation drop used for Conduit 353
  WARNING 04: minimum elevation drop used for Conduit 357
  WARNING 04: minimum elevation drop used for Conduit 355
  WARNING 04: minimum elevation drop used for Conduit 361
  WARNING 04: minimum elevation drop used for Conduit 347
  WARNING 04: minimum elevation drop used for Conduit 364
  WARNING 04: minimum elevation drop used for Conduit 366
  
  ****************
  Analysis Options
  ****************
  Flow Units ............... CFS
  Process Models:
    Rainfall/Runoff ........ NO
    RDII ................... NO
    Snowmelt ............... NO
    Groundwater ............ NO
    Flow Routing ........... YES
    Ponding Allowed ........ NO
    Water Quality .......... NO
  Flow Routing Method ...... DYNWAVE
  Surcharge Method ......... EXTRAN
  Starting Date ............ 01/01/2001 00:00:00
  Ending Date .............. 01/02/2001 00:00:00
  Antecedent Dry Days ...... 0.0
  Report Time Step ......... 00:15:00
  Routing Time Step ........ 5.00 sec
  Variable Time Step ....... YES
  Maximum Trials ........... 50
  Number of Threads ........ 1
  Head Tolerance ........... 0.005000 ft
  
  
  **************************        Volume        Volume
  Flow Routing Continuity        acre-feet      10^6 gal
  **************************     ---------     ---------
  Dry Weather Inflow .......         0.000         0.000
  Wet Weather Inflow .......         0.000         0.000
  Groundwater Inflow .......         0.000         0.000
  RDII Inflow ..............         0.000         0.000
  External Inflow ..........        39.668        12.926
  External Outflow .........         4.698         1.531
  Flooding Loss ............        33.556        10.935
  Evaporation Loss .........         0.000         0.000
  Exfiltration Loss ........         0.000         0.000
  Initial Stored Volume ....         0.000         0.000
  Final Stored Volume ......         0.157         0.051
  Continuity Error (%) .....         3.170
  
  
  *************************
  Highest Continuity Errors
  *************************
  Node CarInl5 (1.31%)
  Node PaliInl5 (1.26%)
  Node 29thInl4 (1.25%)
  Node ShadInl2 (1.20%)
  Node PaliInl6 (1.19%)
  
  
  ***************************
  Time-Step Critical Elements
  ***************************
  Link 288 (94.78%)
  
  
  ********************************
  Highest Flow Instability Indexes
  ********************************
  Link 247 (77)
  Link 250 (70)
  Link 231 (70)
  Link 255 (69)
  Link 251 (67)
  
  
  *********************************
  Most Frequent Nonconverging Nodes
  *********************************
  Node Basin1 (0.15%)
  Node CarInl4 (0.02%)
  Node LouInl2 (0.01%)
  Node PaliInl1 (0.01%)
  Node PaliInl6 (0.01%)
  
  
  *************************
  Routing Time Step Summary
  *************************
  Minimum Time Step           :     1.34 sec
  Average Time Step           :     4.23 sec
  Maximum Time Step           :     5.00 sec
  % of Time in Steady State   :     0.00
  Average Iterations per Step :     3.78
  % of Steps Not Converging   :     0.15
  Time Step Frequencies       :
      5.000 -  3.155 sec      :    99.98 %
      3.155 -  1.991 sec      :     0.02 %
      1.991 -  1.256 sec      :     0.00 %
      1.256 -  0.792 sec      :     0.00 %
      0.792 -  0.500 sec      :     0.00 %
  
  
  ******************
  Node Depth Summary
  ******************
  
  ---------------------------------------------------------------------------------
                                 Average  Maximum  Maximum  Time of Max    Reported
                                   Depth    Depth      HGL   Occurrence   Max Depth
  Node                 Type         Feet     Feet     Feet  days hr:min        Feet
  ---------------------------------------------------------------------------------
  GidInl1              JUNCTION    51.86    52.03   108.13     0  00:11       52.03
  GidMan1              JUNCTION    51.12    51.67   105.47     0  00:37       51.67
  GidInl3              JUNCTION    50.79    51.80   105.60     0  00:39       51.71
  210                  JUNCTION    49.16    50.36   110.36     0  05:55       50.36
  Basin#43             JUNCTION    49.94    51.04   111.04     0  07:49       51.04
  Basin44              JUNCTION    49.70    50.59   110.59     0  01:28       50.59
  FrMan2               JUNCTION    49.32    50.55   110.55     0  01:28       50.55
  FrIn3                JUNCTION    48.92    50.49   110.49     0  01:27       50.49
  FrMan1               JUNCTION    48.23    50.15   110.15     0  01:06       50.14
  FrIn1                JUNCTION    50.49    50.65   110.65     0  01:28       50.65
  FrIn2                JUNCTION    50.10    50.62   110.62     0  01:27       50.62
  ShadMan2             JUNCTION    50.25    51.17   111.17     0  05:55       51.17
  ShadMan1             JUNCTION    50.25    51.19   111.19     0  04:38       51.17
  ShadInl1             JUNCTION    51.01    51.22   111.22     0  12:58       51.20
  ShadInl2             JUNCTION    50.63    51.19   111.19     0  15:39       51.19
  McBerInl1            JUNCTION    50.67    51.22   111.22     0  23:17       51.22
  WilderInl1           JUNCTION    50.70    51.25   111.25     0  13:55       51.25
  McBerInl2            JUNCTION    51.04    51.25   111.25     0  21:37       51.23
  WilderInl2           JUNCTION    51.07    51.27   111.27     0  19:17       51.26
  CaracMan1            JUNCTION    50.42    51.27   111.27     0  19:47       51.26
  Basin45              JUNCTION    50.72    51.28   111.28     0  07:48       51.27
  EllInl1              JUNCTION    51.11    51.32   111.32     0  01:39       51.30
  EllInl2              JUNCTION    50.73    51.30   111.30     0  01:39       51.29
  EllInl4              JUNCTION    51.11    51.33   111.33     0  19:47       51.32
  EllInl3              JUNCTION    50.74    51.31   111.31     0  01:40       51.30
  CaracInl1            JUNCTION    51.09    51.29   111.29     0  19:47       51.28
  CarMan1              JUNCTION    50.38    51.27   111.27     0  15:38       51.27
  CarInl1              JUNCTION    50.21    51.27   111.27     0  23:11       51.26
  CarInl2              JUNCTION    50.06    51.27   111.27     0  11:12       51.26
  CarMan2              JUNCTION    49.92    51.26   111.26     0  11:12       51.26
  CarInl3              JUNCTION    49.79    51.26   111.26     0  04:36       51.25
  CarInl4              JUNCTION    49.68    51.26   111.26     0  17:27       51.25
  CarInl5              JUNCTION    50.14    51.26   111.26     0  03:43       51.24
  EllMan1              JUNCTION    50.67    51.26   111.26     0  22:27       51.24
  LouInl1              JUNCTION    50.14    51.24   111.24     0  09:37       51.24
  LouInl2              JUNCTION    49.57    51.23   111.23     0  08:00       51.21
  EllInl5              JUNCTION    51.05    51.28   111.28     0  21:11       51.26
  OsbornInl1           JUNCTION    49.38    51.21   111.21     0  12:57       51.20
  282                  JUNCTION    49.23    51.20   111.20     0  13:47       51.19
  PaliInl1             JUNCTION    49.11    51.18   111.18     0  08:52       51.17
  Basin19              JUNCTION    49.20    51.19   111.19     0  05:05       51.17
  PaliInl2             JUNCTION    49.42    50.32   110.32     0  19:00       50.31
  PaliInl4             JUNCTION    50.39    50.55   110.55     0  00:23       50.55
  PaliInl3             JUNCTION    49.97    50.49   110.49     0  00:24       50.49
  CurtisMan1           JUNCTION    49.34    50.90   110.90     0  19:00       50.90
  CurtisInl1           JUNCTION    49.66    51.02   111.02     0  19:50       51.02
  CurtisInl2           JUNCTION    50.00    51.10   111.10     0  18:59       51.09
  PaliInl11            JUNCTION    50.98    51.21   111.21     0  13:19       51.20
  PaliInl10            JUNCTION    50.61    51.18   111.18     0  18:42       51.17
  PaliInl9             JUNCTION    50.22    51.17   111.17     0  07:46       51.16
  PaliInl8             JUNCTION    49.87    51.16   111.16     0  18:43       51.15
  PaliInl7             JUNCTION    49.53    51.15   111.15     0  14:39       51.13
  PaliInl6             JUNCTION    49.51    51.14   111.14     0  06:06       51.12
  PaliInl5             JUNCTION    49.73    51.12   111.12     0  11:31       51.11
  OsbornInl4           JUNCTION    50.98    51.21   111.21     0  22:54       51.20
  OsbornInl3           JUNCTION    50.61    51.18   111.18     0  22:50       51.17
  OsbornInl2           JUNCTION    50.23    51.17   111.17     0  22:50       51.16
  OsbornInl            JUNCTION    50.06    51.16   111.16     0  21:12       51.15
  OsbornInl0           JUNCTION    50.28    51.14   111.14     0  06:15       51.13
  324                  JUNCTION    50.96    51.17   111.17     0  21:04       51.16
  325                  JUNCTION    50.59    51.16   111.16     0  05:13       51.14
  OsbornInl5           JUNCTION    50.96    51.17   111.17     0  21:04       51.16
  OsbornInl6           JUNCTION    50.59    51.16   111.16     0  05:13       51.14
  29thInl2             JUNCTION    50.65    51.23   111.23     0  09:35       51.22
  29thInl3             JUNCTION    50.27    51.23   111.23     0  08:54       51.21
  29thMan1             JUNCTION    49.92    51.21   111.21     0  03:21       51.19
  29thInl4             JUNCTION    49.57    51.20   111.20     0  03:41       51.19
  29thInl1             JUNCTION    51.03    51.25   111.25     0  13:39       51.24
  30thMan1             JUNCTION    49.42    51.16   111.16     0  17:27       51.15
  30thInl2             JUNCTION    49.80    51.13   111.13     0  17:27       51.12
  30thInl3             JUNCTION    50.14    51.10   111.10     0  17:27       51.09
  ChelsaMan1           JUNCTION    50.50    51.07   111.07     0  17:28       51.05
  ChelsaMan2           JUNCTION    50.42    50.98   110.98     0  17:28       50.97
  ChelsaMan3           JUNCTION    49.81    50.73   110.73     0  17:28       50.72
  ChelsaMan4           JUNCTION     0.18     0.19    60.19     0  17:28        0.19
  ChelsaInl1           JUNCTION    50.87    51.09   111.09     0  11:57       51.07
  ChelsaInl3           JUNCTION    50.79    51.00   111.00     0  17:28       50.99
  ChelsaInl4           JUNCTION     1.00     1.00     1.00     0  00:02        1.00
  ChelsaMan5           JUNCTION     1.00     1.00     1.00     0  00:02        1.00
  HW_220               JUNCTION    51.83    52.00   102.00     0  00:11       52.00
  HW_288               JUNCTION    51.83    52.00   102.00     0  00:11       52.00
  Basin1               OUTFALL      0.00     0.00    60.00     0  00:00        0.00
  
  
  *******************
  Node Inflow Summary
  *******************
  
  -------------------------------------------------------------------------------------------------
                                  Maximum  Maximum                  Lateral       Total        Flow
                                  Lateral    Total  Time of Max      Inflow      Inflow     Balance
                                   Inflow   Inflow   Occurrence      Volume      Volume       Error
  Node                 Type           CFS      CFS  days hr:min    10^6 gal    10^6 gal     Percent
  -------------------------------------------------------------------------------------------------
  GidInl1              JUNCTION      1.00     1.00     0  00:00       0.646       0.646       0.772
  GidMan1              JUNCTION      0.00     6.37     0  05:55           0        3.89       0.154
  GidInl3              JUNCTION      0.00     5.29     0  05:55           0        3.26       0.179
  210                  JUNCTION      0.00     5.29     0  05:55           0        3.26       0.149
  Basin#43             JUNCTION      0.00     5.36     0  05:55           0        3.26       0.169
  Basin44              JUNCTION      0.00     1.01     0  00:33           0       0.636       0.801
  FrMan2               JUNCTION      0.00     1.03     0  00:44           0       0.631       0.804
  FrIn3                JUNCTION      0.00     1.03     0  00:55           0       0.626       0.803
  FrMan1               JUNCTION      0.00     1.00     0  18:33           0       0.621       0.000
  FrIn1                JUNCTION      1.00     1.00     0  00:00       0.646       0.646       0.776
  FrIn2                JUNCTION      0.00     1.03     0  00:21           0       0.641       0.797
  ShadMan2             JUNCTION      0.00     5.45     0  15:39           0        3.27       0.191
  ShadMan1             JUNCTION      0.00     2.48     0  00:31           0       0.634       0.000
  ShadInl1             JUNCTION      1.00     1.00     0  00:00       0.646       0.646       0.813
  ShadInl2             JUNCTION      0.00     1.26     0  03:40           0       0.641       1.211
  McBerInl1            JUNCTION      0.00     4.49     0  10:24           0        2.65       0.193
  WilderInl1           JUNCTION      0.00     3.48     0  13:55           0        2.02       0.232
  McBerInl2            JUNCTION      1.00     1.00     0  00:00       0.646       0.646       0.976
  WilderInl2           JUNCTION      1.00     1.00     0  00:00       0.646       0.646       1.056
  CaracMan1            JUNCTION      0.00     2.50     0  00:26           0        1.38       0.399
  Basin45              JUNCTION      0.00     3.41     0  13:55           0        1.91       0.354
  EllInl1              JUNCTION      1.00     1.00     0  00:00       0.646       0.646       1.102
  EllInl2              JUNCTION      0.00     2.36     0  21:11           0        1.27       0.156
  EllInl4              JUNCTION      1.00     1.00     0  00:00       0.646       0.646       0.918
  EllInl3              JUNCTION      0.00     1.22     0  01:06           0        0.64       1.078
  CaracInl1            JUNCTION      1.00     1.00     0  00:00       0.646       0.646       1.081
  CarMan1              JUNCTION      0.00     2.91     0  00:38           0       0.524       1.057
  CarInl1              JUNCTION      0.00     2.89     0  00:39           0       0.519       1.128
  CarInl2              JUNCTION      0.00     2.87     0  00:38           0       0.513       1.153
  CarMan2              JUNCTION      0.00     2.73     0  00:43           0       0.507       1.175
  CarInl3              JUNCTION      0.00     2.63     0  00:47           0       0.501       1.162
  CarInl4              JUNCTION      0.00     3.29     0  00:50           0       0.497       1.147
  CarInl5              JUNCTION      0.00     2.29     0  00:51           0       0.498       1.324
  EllMan1              JUNCTION      0.00     3.02     0  00:59           0        1.13       0.076
  LouInl1              JUNCTION      0.00     2.99     0  00:54           0        1.12       0.563
  LouInl2              JUNCTION      0.00     2.98     0  00:54           0        1.12       0.562
  EllInl5              JUNCTION      1.00     1.00     0  00:00       0.646       0.646       1.068
  OsbornInl1           JUNCTION      0.00     2.93     0  00:58           0        1.11       0.504
  282                  JUNCTION      0.00     2.87     0  01:02           0         1.1       0.585
  PaliInl1             JUNCTION      0.00     3.64     0  01:05           0        1.71       0.387
  Basin19              JUNCTION      0.00     3.01     0  01:06           0       0.614       0.000
  PaliInl2             JUNCTION      0.00     5.13     0  19:00           0         3.1       0.000
  PaliInl4             JUNCTION      1.00     1.00     0  00:00       0.646       0.646       0.771
  PaliInl3             JUNCTION      0.00     1.03     0  00:21           0       0.641       0.783
  CurtisMan1           JUNCTION      0.00     4.18     0  19:50           0        2.47       0.218
  CurtisInl1           JUNCTION      0.00     4.19     0  19:50           0        2.47       0.222
  CurtisInl2           JUNCTION      0.00     4.41     0  20:24           0        2.49       0.309
  PaliInl11            JUNCTION      1.00     1.00     0  00:00       0.646       0.646       0.799
  PaliInl10            JUNCTION      0.00     1.32     0  21:46           0       0.641       1.056
  PaliInl9             JUNCTION      0.00     1.38     0  10:30           0       0.635       1.111
  PaliInl8             JUNCTION      0.00     1.41     0  01:51           0       0.628       1.184
  PaliInl7             JUNCTION      0.00     2.41     0  00:54           0       0.621       1.151
  PaliInl6             JUNCTION      0.00     1.59     0  00:54           0        0.62       1.209
  PaliInl5             JUNCTION      0.00     1.63     0  00:46           0       0.623       1.274
  OsbornInl4           JUNCTION      1.00     1.00     0  00:00       0.646       0.646       0.798
  OsbornInl3           JUNCTION      0.00     1.38     0  22:54           0       0.641       1.045
  OsbornInl2           JUNCTION      0.00     1.42     0  00:37           0       0.635       1.098
  OsbornInl            JUNCTION      0.00     2.22     0  00:36           0       0.631       1.161
  OsbornInl0           JUNCTION      0.00     3.54     0  11:40           0        1.89       0.344
  324                  JUNCTION      1.00     1.00     0  00:00       0.646       0.646       0.766
  325                  JUNCTION      0.00     1.28     0  03:01           0       0.641       1.121
  OsbornInl5           JUNCTION      1.00     1.00     0  00:00       0.646       0.646       0.766
  OsbornInl6           JUNCTION      0.00     1.28     0  03:01           0       0.641       1.121
  29thInl2             JUNCTION      0.00     1.32     0  23:46           0       0.641       1.067
  29thInl3             JUNCTION      0.00     1.37     0  10:54           0       0.634       1.086
  29thMan1             JUNCTION      0.00     1.43     0  14:45           0       0.628       1.137
  29thInl4             JUNCTION      0.00     1.46     0  23:57           0       0.621       1.264
  29thInl1             JUNCTION      1.00     1.00     0  00:00       0.646       0.646       0.838
  30thMan1             JUNCTION      0.00     3.08     0  17:27           0        1.71       0.315
  30thInl2             JUNCTION      0.00     3.02     0  17:27           0        1.71       0.316
  30thInl3             JUNCTION      0.00     3.07     0  17:27           0        1.71       0.314
  ChelsaMan1           JUNCTION      0.00     4.05     0  20:12           0        2.34       0.247
  ChelsaMan2           JUNCTION      0.00     5.03     0  17:28           0        2.96       0.202
  ChelsaMan3           JUNCTION      0.00     4.92     0  17:28           0        2.95       0.186
  ChelsaMan4           JUNCTION      0.00     2.35     0  17:28           0        1.42       0.004
  ChelsaInl1           JUNCTION      1.00     1.00     0  00:00       0.646       0.646       0.786
  ChelsaInl3           JUNCTION      1.00     1.00     0  00:00       0.646       0.646       0.788
  ChelsaInl4           JUNCTION      1.00     1.00     0  00:00       0.646       0.646       0.046
  ChelsaMan5           JUNCTION      0.00     2.35     0  17:28           0        1.42       0.045
  HW_220               JUNCTION      1.00     2.01     0  01:06       0.646        1.26       0.424
  HW_288               JUNCTION      1.00     6.13     0  19:00       0.646        3.74       0.145
  Basin1               OUTFALL       0.00     2.54     0  17:28           0        1.53       0.000
  
  
  **********************
  Node Surcharge Summary
  **********************
  
  Surcharging occurs when water rises above the top of the highest conduit.
  ---------------------------------------------------------------------
                                               Max. Height   Min. Depth
                                   Hours       Above Crown    Below Rim
  Node                 Type      Surcharged           Feet         Feet
  ---------------------------------------------------------------------
  GidMan1              JUNCTION       23.38          0.000        0.000
  ChelsaInl4           JUNCTION       23.97          0.000        0.000
  ChelsaMan5           JUNCTION       23.97          0.000        0.000
  HW_220               JUNCTION       23.80          0.000        0.000
  HW_288               JUNCTION       23.80          0.000        0.000
  
  
  *********************
  Node Flooding Summary
  *********************
  
  Flooding refers to all water that overflows a node, whether it ponds or not.
  --------------------------------------------------------------------------
                                                             Total   Maximum
                                 Maximum   Time of Max       Flood    Ponded
                        Hours       Rate    Occurrence      Volume     Depth
  Node                 Flooded       CFS   days hr:min    10^6 gal      Feet
  --------------------------------------------------------------------------
  GidMan1                23.38      6.37      0  05:55       3.882     0.000
  ChelsaInl4             23.97      1.00      1  00:00       0.643     0.000
  ChelsaMan5             23.97      2.35      0  17:28       1.418     0.000
  HW_220                 23.80      2.01      0  01:06       1.257     0.000
  HW_288                 23.80      6.13      0  19:00       3.734     0.000
  
  
  ***********************
  Outfall Loading Summary
  ***********************
  
  -----------------------------------------------------------
                         Flow       Avg       Max       Total
                         Freq      Flow      Flow      Volume
  Outfall Node           Pcnt       CFS       CFS    10^6 gal
  -----------------------------------------------------------
  Basin1                97.93      2.43      2.54       1.531
  -----------------------------------------------------------
  System                97.93      2.43      2.54       1.531
  
  
  ********************
  Link Flow Summary
  ********************
  
  -----------------------------------------------------------------------------
                                 Maximum  Time of Max   Maximum    Max/    Max/
                                  |Flow|   Occurrence   |Veloc|    Full    Full
  Link                 Type          CFS  days hr:min    ft/sec    Flow   Depth
  -----------------------------------------------------------------------------
  205                  CONDUIT      1.01     0  00:11      7.42    0.02    0.54
  206                  CONDUIT      5.37     0  05:55      3.48    0.26    1.00
  208                  CONDUIT      5.29     0  05:55      3.24    0.07    0.52
  210                  CONDUIT      5.29     0  05:55      3.73    5.63    0.46
  215                  CONDUIT      1.03     0  00:44      2.12    1.10    0.29
  216                  CONDUIT      1.03     0  00:55      2.12    1.10    0.26
  218                  CONDUIT      1.00     0  18:33      2.12    1.06    0.21
  220                  CONDUIT      1.01     0  01:06      0.59    0.01    0.54
  223                  CONDUIT      1.03     0  00:21      2.12    1.10    0.32
  224                  CONDUIT      1.01     0  00:33      2.12    1.08    0.30
  212                  CONDUIT      5.36     0  05:55      3.04    5.71    0.55
  227                  CONDUIT      1.34     0  00:31      2.32    1.42    0.59
  231                  CONDUIT      1.26     0  03:40      2.12    1.35    0.60
  232                  CONDUIT      1.23     0  15:13      2.15    1.31    0.59
  227_2                CONDUIT      4.40     0  15:39      2.85    4.69    0.60
  235                  CONDUIT      3.45     0  15:39      1.83    3.68    0.62
  239                  CONDUIT      1.19     0  10:58      2.12    1.27    0.62
  241                  CONDUIT      1.23     0  00:27      2.12    1.31    0.63
  237                  CONDUIT      2.45     0  07:48      2.15    2.61    0.63
  243                  CONDUIT      2.41     0  15:38      2.38    2.56    0.64
  247                  CONDUIT      1.22     0  09:55      2.12    1.30    0.65
  250                  CONDUIT      1.22     0  01:06      2.12    1.30    0.66
  251                  CONDUIT      1.32     0  13:55      1.00    1.40    0.65
  248                  CONDUIT      2.34     0  13:55      2.30    2.49    0.64
  255                  CONDUIT      1.20     0  04:17      2.12    1.28    0.64
  245                  CONDUIT      2.91     0  00:38      2.93    3.09    0.64
  257                  CONDUIT      2.89     0  00:39      2.96    3.08    0.64
  259                  CONDUIT      2.87     0  00:38      3.05    3.05    0.63
  261                  CONDUIT      2.73     0  00:43      3.01    2.91    0.63
  263                  CONDUIT      2.63     0  00:47      2.96    2.80    0.63
  265                  CONDUIT      2.62     0  00:50      2.92    2.79    0.63
  268                  CONDUIT      2.21     0  00:51      2.10    2.35    0.63
  270                  CONDUIT      2.08     0  00:51      2.11    2.22    0.63
  272                  CONDUIT      2.99     0  00:54      2.61    3.19    0.62
  274                  CONDUIT      2.98     0  00:54      3.09    3.17    0.62
  278                  CONDUIT      1.32     0  06:13      2.12    1.40    0.63
  276                  CONDUIT      2.93     0  00:58      3.08    3.12    0.61
  280                  CONDUIT      2.87     0  01:02      3.06    3.06    0.60
  282                  CONDUIT      2.78     0  01:05      3.02    2.95    0.59
  284                  CONDUIT      2.17     0  01:06      2.66    2.31    0.59
  288                  CONDUIT      5.13     0  19:00      2.72    0.05    0.58
  290                  CONDUIT      1.03     0  00:21      2.12    1.10    0.26
  291                  CONDUIT      1.00     0  00:24      2.12    1.06    0.21
  294                  CONDUIT      4.13     0  19:00      3.48    4.39    0.40
  296                  CONDUIT      4.18     0  19:50      2.82    4.45    0.48
  298                  CONDUIT      4.19     0  19:50      2.49    4.46    0.53
  300                  CONDUIT      1.32     0  21:46      2.12    1.41    0.60
  301                  CONDUIT      1.38     0  10:30      2.12    1.47    0.59
  303                  CONDUIT      1.41     0  01:51      2.12    1.50    0.58
  305                  CONDUIT      1.41     0  21:01      2.18    1.50    0.57
  307                  CONDUIT      1.61     0  00:54      2.27    1.72    0.57
  309                  CONDUIT      1.59     0  00:54      2.39    1.69    0.56
  311                  CONDUIT      1.63     0  00:46      2.38    1.74    0.55
  314                  CONDUIT      1.38     0  22:54      2.12    1.47    0.60
  315                  CONDUIT      1.42     0  00:37      2.12    1.51    0.59
  317                  CONDUIT      1.40     0  19:20      2.11    1.49    0.58
  319                  CONDUIT      1.45     0  19:12      2.10    1.54    0.57
  321                  CONDUIT      3.42     0  12:37      3.12    3.64    0.56
  324                  CONDUIT      1.28     0  03:01      2.12    1.36    0.58
  325                  CONDUIT      1.30     0  12:38      2.12    1.38    0.57
  329                  CONDUIT      1.28     0  03:01      2.12    1.36    0.58
  330                  CONDUIT      1.30     0  12:38      2.12    1.38    0.57
  333                  CONDUIT      1.37     0  10:54      2.12    1.46    0.61
  334                  CONDUIT      1.43     0  14:45      2.12    1.52    0.61
  336                  CONDUIT      1.46     0  23:57      2.12    1.55    0.60
  338                  CONDUIT      1.41     0  06:42      2.12    1.50    0.60
  341                  CONDUIT      1.32     0  23:46      2.12    1.40    0.62
  284_2                CONDUIT      3.08     0  17:27      1.85    3.28    0.58
  343                  CONDUIT      3.02     0  17:27      1.88    3.22    0.57
  345                  CONDUIT      3.07     0  17:27      1.94    3.26    0.56
  351                  CONDUIT      4.01     0  17:28      2.50    4.27    0.51
  353                  CONDUIT      4.92     0  17:28      3.71    5.24    0.44
  357                  CONDUIT      2.35     0  17:28      2.78    2.50    0.31
  355                  CONDUIT      2.54     0  17:28      2.94    2.71    0.32
  361                  CONDUIT      1.28     0  12:23      2.12    1.36    0.53
  347                  CONDUIT      3.00     0  17:27      2.02    3.19    0.54
  364                  CONDUIT      1.15     0  08:51      2.12    1.23    0.49
  366                  CONDUIT      1.06     0  00:01      2.66    9.38    1.00
  367                  CONDUIT      2.35     0  17:28      4.85    0.08    0.59
  
  
  ***************************
  Flow Classification Summary
  ***************************
  
  -------------------------------------------------------------------------------------
                      Adjusted    ---------- Fraction of Time in Flow Class ---------- 
                       /Actual         Up    Down  Sub   Sup   Up    Down  Norm  Inlet 
  Conduit               Length    Dry  Dry   Dry   Crit  Crit  Crit  Crit  Ltd   Ctrl  
  -------------------------------------------------------------------------------------
  205                     1.00   0.01  0.00  0.00  0.98  0.01  0.00  0.01  0.98  0.00
  206                     1.00   0.01  0.00  0.00  0.98  0.00  0.00  0.01  0.00  0.00
  208                     1.00   0.02  0.00  0.00  0.97  0.00  0.00  0.00  0.97  0.00
  210                     1.00   0.02  0.00  0.00  0.00  0.00  0.98  0.00  0.00  0.00
  215                     1.00   0.02  0.00  0.00  0.97  0.00  0.00  0.01  0.00  0.00
  216                     1.00   0.03  0.00  0.00  0.96  0.00  0.00  0.01  0.00  0.00
  218                     1.00   0.04  0.00  0.00  0.00  0.00  0.00  0.96  0.00  0.00
  220                     1.00   0.01  0.04  0.00  0.95  0.00  0.00  0.00  0.95  0.00
  223                     1.00   0.01  0.00  0.00  0.98  0.00  0.00  0.01  0.00  0.00
  224                     1.00   0.01  0.00  0.00  0.98  0.00  0.00  0.01  0.00  0.00
  212                     1.00   0.02  0.00  0.00  0.98  0.00  0.00  0.00  0.00  0.00
  227                     1.00   0.02  0.00  0.00  0.98  0.00  0.00  0.00  0.00  0.00
  231                     1.00   0.01  0.00  0.00  0.98  0.00  0.00  0.01  0.09  0.00
  232                     1.00   0.01  0.00  0.00  0.98  0.00  0.00  0.01  0.12  0.00
  227_2                   1.00   0.01  0.00  0.00  0.98  0.00  0.01  0.00  0.00  0.00
  235                     1.00   0.01  0.00  0.00  0.99  0.00  0.00  0.00  0.00  0.00
  239                     1.00   0.01  0.00  0.00  0.98  0.00  0.00  0.01  0.10  0.00
  241                     1.00   0.01  0.00  0.00  0.98  0.00  0.00  0.01  0.14  0.00
  237                     1.00   0.01  0.00  0.00  0.98  0.00  0.00  0.00  0.00  0.00
  243                     1.00   0.01  0.00  0.00  0.98  0.00  0.00  0.00  0.00  0.00
  247                     1.00   0.01  0.00  0.00  0.98  0.00  0.00  0.01  0.17  0.00
  250                     1.00   0.01  0.00  0.00  0.98  0.00  0.00  0.01  0.16  0.00
  251                     1.00   0.01  0.00  0.00  0.99  0.00  0.00  0.00  0.15  0.00
  248                     1.00   0.01  0.00  0.00  0.98  0.00  0.00  0.00  0.00  0.00
  255                     1.00   0.01  0.00  0.00  0.98  0.00  0.00  0.01  0.16  0.00
  245                     1.00   0.01  0.00  0.00  0.98  0.00  0.00  0.01  0.20  0.00
  257                     1.00   0.02  0.00  0.00  0.98  0.00  0.00  0.00  0.21  0.00
  259                     1.00   0.02  0.00  0.00  0.97  0.00  0.00  0.00  0.20  0.00
  261                     1.00   0.03  0.00  0.00  0.97  0.00  0.00  0.00  0.20  0.00
  263                     1.00   0.03  0.00  0.00  0.97  0.00  0.00  0.00  0.20  0.00
  265                     1.00   0.03  0.00  0.00  0.96  0.00  0.00  0.00  0.20  0.00
  268                     1.00   0.03  0.00  0.00  0.96  0.00  0.00  0.00  0.20  0.00
  270                     1.00   0.01  0.00  0.00  0.97  0.00  0.02  0.00  0.23  0.00
  272                     1.00   0.01  0.00  0.00  0.97  0.00  0.00  0.01  0.00  0.00
  274                     1.00   0.03  0.00  0.00  0.96  0.00  0.00  0.01  0.00  0.00
  278                     1.00   0.01  0.00  0.00  0.98  0.00  0.00  0.01  0.14  0.00
  276                     1.00   0.04  0.00  0.00  0.96  0.00  0.00  0.00  0.00  0.00
  280                     1.00   0.04  0.00  0.00  0.96  0.00  0.00  0.00  0.00  0.00
  282                     1.00   0.04  0.00  0.00  0.95  0.00  0.00  0.00  0.00  0.00
  284                     1.00   0.05  0.00  0.00  0.95  0.00  0.00  0.00  0.00  0.00
  288                     1.00   0.01  0.02  0.00  0.98  0.00  0.00  0.00  0.98  0.00
  290                     1.00   0.01  0.00  0.00  0.98  0.00  0.00  0.01  0.00  0.00
  291                     1.00   0.01  0.00  0.00  0.00  0.00  0.00  0.99  0.00  0.00
  294                     1.00   0.02  0.00  0.00  0.00  0.00  0.01  0.96  0.00  0.00
  296                     1.00   0.03  0.00  0.00  0.96  0.00  0.00  0.01  0.00  0.00
  298                     1.00   0.03  0.00  0.00  0.97  0.00  0.00  0.01  0.00  0.00
  300                     1.00   0.01  0.00  0.00  0.98  0.00  0.00  0.01  0.07  0.00
  301                     1.00   0.01  0.00  0.00  0.98  0.00  0.00  0.01  0.12  0.00
  303                     1.00   0.02  0.00  0.00  0.97  0.00  0.00  0.01  0.11  0.00
  305                     1.00   0.03  0.00  0.00  0.96  0.00  0.00  0.01  0.11  0.00
  307                     1.00   0.04  0.00  0.00  0.96  0.00  0.00  0.00  0.10  0.00
  309                     1.00   0.03  0.00  0.00  0.96  0.00  0.01  0.00  0.10  0.00
  311                     1.00   0.03  0.00  0.00  0.97  0.00  0.01  0.00  0.09  0.00
  314                     1.00   0.01  0.00  0.00  0.98  0.00  0.00  0.01  0.07  0.00
  315                     1.00   0.01  0.00  0.00  0.98  0.00  0.00  0.01  0.12  0.00
  317                     1.00   0.02  0.00  0.00  0.97  0.00  0.00  0.00  0.11  0.00
  319                     1.00   0.02  0.00  0.00  0.97  0.00  0.01  0.00  0.10  0.00
  321                     1.00   0.02  0.00  0.00  0.97  0.00  0.00  0.01  0.00  0.00
  324                     1.00   0.01  0.00  0.00  0.98  0.00  0.00  0.01  0.06  0.00
  325                     1.00   0.01  0.00  0.00  0.98  0.00  0.00  0.00  0.08  0.00
  329                     1.00   0.01  0.00  0.00  0.98  0.00  0.00  0.01  0.06  0.00
  330                     1.00   0.01  0.00  0.00  0.98  0.00  0.00  0.00  0.08  0.00
  333                     1.00   0.01  0.00  0.00  0.98  0.00  0.00  0.01  0.13  0.00
  334                     1.00   0.02  0.00  0.00  0.97  0.00  0.00  0.01  0.12  0.00
  336                     1.00   0.03  0.00  0.00  0.96  0.00  0.00  0.01  0.12  0.00
  338                     1.00   0.04  0.00  0.00  0.95  0.00  0.00  0.01  0.12  0.00
  341                     1.00   0.01  0.00  0.00  0.98  0.00  0.00  0.01  0.10  0.00
  284_2                   1.00   0.04  0.00  0.00  0.95  0.00  0.00  0.00  0.00  0.00
  343                     1.00   0.03  0.00  0.00  0.96  0.00  0.01  0.00  0.00  0.00
  345                     1.00   0.02  0.00  0.00  0.97  0.00  0.01  0.00  0.00  0.00
  351                     1.00   0.01  0.00  0.00  0.99  0.00  0.00  0.00  0.00  0.00
  353                     1.00   0.01  0.00  0.00  0.02  0.00  0.00  0.96  0.00  0.00
  357                     1.00   0.02  0.00  0.00  0.00  0.00  0.98  0.00  0.00  0.00
  355                     1.00   0.02  0.00  0.00  0.00  0.00  0.00  0.98  0.00  0.00
  361                     1.00   0.01  0.00  0.00  0.98  0.00  0.00  0.01  0.00  0.00
  347                     1.00   0.01  0.00  0.00  0.98  0.00  0.01  0.00  0.00  0.00
  364                     1.00   0.01  0.00  0.00  0.98  0.00  0.00  0.01  0.00  0.00
  366                     1.00   0.00  0.00  0.00  1.00  0.00  0.00  0.00  0.00  0.00
  367                     1.00   0.00  0.02  0.00  0.03  0.95  0.00  0.00  0.98  0.00
  
  
  *************************
  Conduit Surcharge Summary
  *************************
  
  ----------------------------------------------------------------------------
                                                           Hours        Hours 
                         --------- Hours Full --------   Above Full   Capacity
  Conduit                Both Ends  Upstream  Dnstream   Normal Flow   Limited
  ----------------------------------------------------------------------------
  205                         0.01      0.01     23.38      0.01         0.01
  206                        23.38     23.38     23.40      0.01         0.01
  210                         0.01      0.01      0.01     23.41         0.01
  215                         0.01      0.01      0.01     23.39         0.01
  216                         0.01      0.01      0.01     23.20         0.01
  218                         0.01      0.01      0.01     23.04         0.01
  220                         0.01      0.01     22.89      0.01         0.01
  223                         0.01      0.01      0.01     23.80         0.01
  224                         0.01      0.01      0.01     23.59         0.01
  212                         0.01      0.01      0.01     23.48         0.01
  227                         0.01      0.01      0.01     19.41         0.01
  231                         0.01      0.01      0.01     18.33         0.01
  232                         0.01      0.01      0.01     16.96         0.01
  227_2                       0.01      0.01      0.01     23.60         0.01
  235                         0.01      0.01      0.01     23.53         0.01
  239                         0.01      0.01      0.01     19.17         0.01
  241                         0.01      0.01      0.01     18.39         0.01
  237                         0.01      0.01      0.01     23.11         0.01
  243                         0.01      0.01      0.01     23.13         0.01
  247                         0.01      0.01      0.01     18.00         0.01
  250                         0.01      0.01      0.01     17.86         0.01
  251                         0.01      0.01      0.01     16.38         0.01
  248                         0.01      0.01      0.01     23.63         0.01
  255                         0.01      0.01      0.01     17.92         0.01
  245                         0.01      0.01      0.01      1.12         0.01
  257                         0.01      0.01      0.01      0.92         0.01
  259                         0.01      0.01      0.01      0.80         0.01
  261                         0.01      0.01      0.01      0.73         0.01
  263                         0.01      0.01      0.01      0.68         0.01
  265                         0.01      0.01      0.01      0.69         0.01
  268                         0.01      0.01      0.01      0.83         0.01
  270                         0.01      0.01      0.01      1.02         0.01
  272                         0.01      0.01      0.01     23.14         0.01
  274                         0.01      0.01      0.01     23.14         0.01
  278                         0.01      0.01      0.01     18.43         0.01
  276                         0.01      0.01      0.01     23.09         0.01
  280                         0.01      0.01      0.01     23.02         0.01
  282                         0.01      0.01      0.01     22.95         0.01
  284                         0.01      0.01      0.01     14.61         0.01
  288                         0.01      0.01     23.46      0.01         0.01
  290                         0.01      0.01      0.01     23.80         0.01
  291                         0.01      0.01      0.01     23.62         0.01
  294                         0.01      0.01      0.01     23.12         0.01
  296                         0.01      0.01      0.01     23.24         0.01
  298                         0.01      0.01      0.01     23.36         0.01
  300                         0.01      0.01      0.01     18.47         0.01
  301                         0.01      0.01      0.01     15.50         0.01
  303                         0.01      0.01      0.01     15.36         0.01
  305                         0.01      0.01      0.01     14.90         0.01
  307                         0.01      0.01      0.01     14.58         0.01
  309                         0.01      0.01      0.01     14.58         0.01
  311                         0.01      0.01      0.01     14.71         0.01
  314                         0.01      0.01      0.01     18.43         0.01
  315                         0.01      0.01      0.01     15.24         0.01
  317                         0.01      0.01      0.01     14.94         0.01
  319                         0.01      0.01      0.01     14.58         0.01
  321                         0.01      0.01      0.01     23.52         0.01
  324                         0.01      0.01      0.01     19.47         0.01
  325                         0.01      0.01      0.01     17.24         0.01
  329                         0.01      0.01      0.01     19.47         0.01
  330                         0.01      0.01      0.01     17.24         0.01
  333                         0.01      0.01      0.01     15.85         0.01
  334                         0.01      0.01      0.01     15.49         0.01
  336                         0.01      0.01      0.01     14.83         0.01
  338                         0.01      0.01      0.01     14.73         0.01
  341                         0.01      0.01      0.01     18.21         0.01
  284_2                       0.01      0.01      0.01     22.89         0.01
  343                         0.01      0.01      0.01     22.88         0.01
  345                         0.01      0.01      0.01     22.88         0.01
  351                         0.01      0.01      0.01     22.88         0.01
  353                         0.01      0.01      0.01     23.61         0.01
  357                         0.01      0.01      0.01     22.87         0.01
  355                         0.01      0.01      0.01     22.87         0.01
  361                         0.01      0.01      0.01     20.20         0.01
  347                         0.01      0.01      0.01     23.04         0.01
  364                         0.01      0.01      0.01     20.79         0.01
  366                        23.97     23.97     23.97      0.14         0.01
  367                         0.01      0.01     23.46      0.01         0.01
  

  Analysis begun on:  Wed Jul 22 11:33:23 2026
  Analysis ended on:  Wed Jul 22 11:33:24 2026
  Total elapsed time: 00:00:01