
  EPA STORM WATER MANAGEMENT MODEL - VERSION 5.2 (Build 5.2.4)
  ------------------------------------------------------------

  Converted from XPSWMM .xp file 
  WARNING 04: minimum elevation drop used for Conduit 210
  WARNING 04: minimum elevation drop used for Conduit 215
  WARNING 04: minimum elevation drop used for Conduit 216
  WARNING 04: minimum elevation drop used for Conduit 218
  WARNING 04: minimum elevation drop used for Conduit 223
  WARNING 04: minimum elevation drop used for Conduit 224
  WARNING 04: minimum elevation drop used for Conduit 212
  WARNING 04: minimum elevation drop used for Conduit 227
  WARNING 04: minimum elevation drop used for Conduit 231
  WARNING 04: minimum elevation drop used for Conduit 232
  WARNING 04: minimum elevation drop used for Conduit 227_2
  WARNING 04: minimum elevation drop used for Conduit 235
  WARNING 04: minimum elevation drop used for Conduit 239
  WARNING 04: minimum elevation drop used for Conduit 241
  WARNING 04: minimum elevation drop used for Conduit 237
  WARNING 04: minimum elevation drop used for Conduit 243
  WARNING 04: minimum elevation drop used for Conduit 247
  WARNING 04: minimum elevation drop used for Conduit 250
  WARNING 04: minimum elevation drop used for Conduit 251
  WARNING 04: minimum elevation drop used for Conduit 248
  WARNING 04: minimum elevation drop used for Conduit 255
  WARNING 04: minimum elevation drop used for Conduit 245
  WARNING 04: minimum elevation drop used for Conduit 257
  WARNING 04: minimum elevation drop used for Conduit 259
  WARNING 04: minimum elevation drop used for Conduit 261
  WARNING 04: minimum elevation drop used for Conduit 263
  WARNING 04: minimum elevation drop used for Conduit 265
  WARNING 04: minimum elevation drop used for Conduit 268
  WARNING 04: minimum elevation drop used for Conduit 270
  WARNING 04: minimum elevation drop used for Conduit 272
  WARNING 04: minimum elevation drop used for Conduit 274
  WARNING 04: minimum elevation drop used for Conduit 278
  WARNING 04: minimum elevation drop used for Conduit 276
  WARNING 04: minimum elevation drop used for Conduit 280
  WARNING 04: minimum elevation drop used for Conduit 282
  WARNING 04: minimum elevation drop used for Conduit 284
  WARNING 04: minimum elevation drop used for Conduit 290
  WARNING 04: minimum elevation drop used for Conduit 291
  WARNING 04: minimum elevation drop used for Conduit 294
  WARNING 04: minimum elevation drop used for Conduit 296
  WARNING 04: minimum elevation drop used for Conduit 298
  WARNING 04: minimum elevation drop used for Conduit 300
  WARNING 04: minimum elevation drop used for Conduit 301
  WARNING 04: minimum elevation drop used for Conduit 303
  WARNING 04: minimum elevation drop used for Conduit 305
  WARNING 04: minimum elevation drop used for Conduit 307
  WARNING 04: minimum elevation drop used for Conduit 309
  WARNING 04: minimum elevation drop used for Conduit 311
  WARNING 04: minimum elevation drop used for Conduit 314
  WARNING 04: minimum elevation drop used for Conduit 315
  WARNING 04: minimum elevation drop used for Conduit 317
  WARNING 04: minimum elevation drop used for Conduit 319
  WARNING 04: minimum elevation drop used for Conduit 321
  WARNING 04: minimum elevation drop used for Conduit 324
  WARNING 04: minimum elevation drop used for Conduit 325
  WARNING 04: minimum elevation drop used for Conduit 329
  WARNING 04: minimum elevation drop used for Conduit 330
  WARNING 04: minimum elevation drop used for Conduit 333
  WARNING 04: minimum elevation drop used for Conduit 334
  WARNING 04: minimum elevation drop used for Conduit 336
  WARNING 04: minimum elevation drop used for Conduit 338
  WARNING 04: minimum elevation drop used for Conduit 341
  WARNING 04: minimum elevation drop used for Conduit 284_2
  WARNING 04: minimum elevation drop used for Conduit 343
  WARNING 04: minimum elevation drop used for Conduit 345
  WARNING 04: minimum elevation drop used for Conduit 351
  WARNING 04: minimum elevation drop used for Conduit 353
  WARNING 04: minimum elevation drop used for Conduit 357
  WARNING 04: minimum elevation drop used for Conduit 355
  WARNING 04: minimum elevation drop used for Conduit 361
  WARNING 04: minimum elevation drop used for Conduit 347
  WARNING 04: minimum elevation drop used for Conduit 364
  WARNING 04: minimum elevation drop used for Conduit 366
  
  ****************
  Analysis Options
  ****************
  Flow Units ............... CFS
  Process Models:
    Rainfall/Runoff ........ NO
    RDII ................... NO
    Snowmelt ............... NO
    Groundwater ............ NO
    Flow Routing ........... YES
    Ponding Allowed ........ NO
    Water Quality .......... NO
  Flow Routing Method ...... DYNWAVE
  Surcharge Method ......... EXTRAN
  Starting Date ............ 01/01/2001 00:00:00
  Ending Date .............. 01/02/2001 00:00:00
  Antecedent Dry Days ...... 0.0
  Report Time Step ......... 00:15:00
  Routing Time Step ........ 5.00 sec
  Variable Time Step ....... YES
  Maximum Trials ........... 50
  Number of Threads ........ 1
  Head Tolerance ........... 0.005000 ft
  
  
  **************************        Volume        Volume
  Flow Routing Continuity        acre-feet      10^6 gal
  **************************     ---------     ---------
  Dry Weather Inflow .......         0.000         0.000
  Wet Weather Inflow .......         0.000         0.000
  Groundwater Inflow .......         0.000         0.000
  RDII Inflow ..............         0.000         0.000
  External Inflow ..........         0.000         0.000
  External Outflow .........         0.000         0.000
  Flooding Loss ............         0.000         0.000
  Evaporation Loss .........         0.000         0.000
  Exfiltration Loss ........         0.000         0.000
  Initial Stored Volume ....         0.000         0.000
  Final Stored Volume ......         0.000         0.000
  Continuity Error (%) .....         0.000
  
  
  ***************************
  Time-Step Critical Elements
  ***************************
  None
  
  
  ********************************
  Highest Flow Instability Indexes
  ********************************
  All links are stable.
  
  
  *********************************
  Most Frequent Nonconverging Nodes
  *********************************
  Convergence obtained at all time steps.
  
  
  *************************
  Routing Time Step Summary
  *************************
  Minimum Time Step           :     4.50 sec
  Average Time Step           :     5.00 sec
  Maximum Time Step           :     5.00 sec
  % of Time in Steady State   :     0.00
  Average Iterations per Step :     2.00
  % of Steps Not Converging   :     0.00
  Time Step Frequencies       :
      5.000 -  3.155 sec      :   100.00 %
      3.155 -  1.991 sec      :     0.00 %
      1.991 -  1.256 sec      :     0.00 %
      1.256 -  0.792 sec      :     0.00 %
      0.792 -  0.500 sec      :     0.00 %
  
  
  ******************
  Node Depth Summary
  ******************
  
  ---------------------------------------------------------------------------------
                                 Average  Maximum  Maximum  Time of Max    Reported
                                   Depth    Depth      HGL   Occurrence   Max Depth
  Node                 Type         Feet     Feet     Feet  days hr:min        Feet
  ---------------------------------------------------------------------------------
  GidInl1              JUNCTION     0.00     0.00    56.10     0  00:00        0.00
  GidMan1              JUNCTION     0.00     0.00    53.80     0  00:00        0.00
  GidInl3              JUNCTION     0.00     0.00    53.80     0  00:00        0.00
  210                  JUNCTION     0.00     0.00    60.00     0  00:00        0.00
  Basin#43             JUNCTION     0.00     0.00    60.00     0  00:00        0.00
  Basin44              JUNCTION     0.00     0.00    60.00     0  00:00        0.00
  FrMan2               JUNCTION     0.00     0.00    60.00     0  00:00        0.00
  FrIn3                JUNCTION     0.00     0.00    60.00     0  00:00        0.00
  FrIn1                JUNCTION     0.00     0.00    60.00     0  00:00        0.00
  FrIn2                JUNCTION     0.00     0.00    60.00     0  00:00        0.00
  ShadMan2             JUNCTION     0.00     0.00    60.00     0  00:00        0.00
  ShadMan1             JUNCTION     0.00     0.00    60.00     0  00:00        0.00
  ShadInl1             JUNCTION     0.00     0.00    60.00     0  00:00        0.00
  ShadInl2             JUNCTION     0.00     0.00    60.00     0  00:00        0.00
  McBerInl1            JUNCTION     0.00     0.00    60.00     0  00:00        0.00
  WilderInl1           JUNCTION     0.00     0.00    60.00     0  00:00        0.00
  McBerInl2            JUNCTION     0.00     0.00    60.00     0  00:00        0.00
  WilderInl2           JUNCTION     0.00     0.00    60.00     0  00:00        0.00
  CaracMan1            JUNCTION     0.00     0.00    60.00     0  00:00        0.00
  Basin45              JUNCTION     0.00     0.00    60.00     0  00:00        0.00
  EllInl1              JUNCTION     0.00     0.00    60.00     0  00:00        0.00
  EllInl2              JUNCTION     0.00     0.00    60.00     0  00:00        0.00
  EllInl4              JUNCTION     0.00     0.00    60.00     0  00:00        0.00
  EllInl3              JUNCTION     0.00     0.00    60.00     0  00:00        0.00
  CaracInl1            JUNCTION     0.00     0.00    60.00     0  00:00        0.00
  CarMan1              JUNCTION     0.00     0.00    60.00     0  00:00        0.00
  CarInl1              JUNCTION     0.00     0.00    60.00     0  00:00        0.00
  CarInl2              JUNCTION     0.00     0.00    60.00     0  00:00        0.00
  CarMan2              JUNCTION     0.00     0.00    60.00     0  00:00        0.00
  CarInl3              JUNCTION     0.00     0.00    60.00     0  00:00        0.00
  CarInl4              JUNCTION     0.00     0.00    60.00     0  00:00        0.00
  CarInl5              JUNCTION     0.00     0.00    60.00     0  00:00        0.00
  EllMan1              JUNCTION     0.00     0.00    60.00     0  00:00        0.00
  LouInl1              JUNCTION     0.00     0.00    60.00     0  00:00        0.00
  LouInl2              JUNCTION     0.00     0.00    60.00     0  00:00        0.00
  EllInl5              JUNCTION     0.00     0.00    60.00     0  00:00        0.00
  OsbornInl1           JUNCTION     0.00     0.00    60.00     0  00:00        0.00
  282                  JUNCTION     0.00     0.00    60.00     0  00:00        0.00
  PaliInl1             JUNCTION     0.00     0.00    60.00     0  00:00        0.00
  Basin19              JUNCTION     0.00     0.00    60.00     0  00:00        0.00
  PaliInl2             JUNCTION     0.00     0.00    60.00     0  00:00        0.00
  PaliInl4             JUNCTION     0.00     0.00    60.00     0  00:00        0.00
  PaliInl3             JUNCTION     0.00     0.00    60.00     0  00:00        0.00
  CurtisMan1           JUNCTION     0.00     0.00    60.00     0  00:00        0.00
  CurtisInl1           JUNCTION     0.00     0.00    60.00     0  00:00        0.00
  CurtisInl2           JUNCTION     0.00     0.00    60.00     0  00:00        0.00
  PaliInl11            JUNCTION     0.00     0.00    60.00     0  00:00        0.00
  PaliInl10            JUNCTION     0.00     0.00    60.00     0  00:00        0.00
  PaliInl9             JUNCTION     0.00     0.00    60.00     0  00:00        0.00
  PaliInl8             JUNCTION     0.00     0.00    60.00     0  00:00        0.00
  PaliInl7             JUNCTION     0.00     0.00    60.00     0  00:00        0.00
  PaliInl6             JUNCTION     0.00     0.00    60.00     0  00:00        0.00
  PaliInl5             JUNCTION     0.00     0.00    60.00     0  00:00        0.00
  OsbornInl4           JUNCTION     0.00     0.00    60.00     0  00:00        0.00
  OsbornInl3           JUNCTION     0.00     0.00    60.00     0  00:00        0.00
  OsbornInl2           JUNCTION     0.00     0.00    60.00     0  00:00        0.00
  OsbornInl            JUNCTION     0.00     0.00    60.00     0  00:00        0.00
  OsbornInl0           JUNCTION     0.00     0.00    60.00     0  00:00        0.00
  324                  JUNCTION     0.00     0.00    60.00     0  00:00        0.00
  325                  JUNCTION     0.00     0.00    60.00     0  00:00        0.00
  OsbornInl5           JUNCTION     0.00     0.00    60.00     0  00:00        0.00
  OsbornInl6           JUNCTION     0.00     0.00    60.00     0  00:00        0.00
  29thInl2             JUNCTION     0.00     0.00    60.00     0  00:00        0.00
  29thInl3             JUNCTION     0.00     0.00    60.00     0  00:00        0.00
  29thMan1             JUNCTION     0.00     0.00    60.00     0  00:00        0.00
  29thInl4             JUNCTION     0.00     0.00    60.00     0  00:00        0.00
  29thInl1             JUNCTION     0.00     0.00    60.00     0  00:00        0.00
  30thMan1             JUNCTION     0.00     0.00    60.00     0  00:00        0.00
  30thInl2             JUNCTION     0.00     0.00    60.00     0  00:00        0.00
  30thInl3             JUNCTION     0.00     0.00    60.00     0  00:00        0.00
  ChelsaMan1           JUNCTION     0.00     0.00    60.00     0  00:00        0.00
  ChelsaMan2           JUNCTION     0.00     0.00    60.00     0  00:00        0.00
  ChelsaMan3           JUNCTION     0.00     0.00    60.00     0  00:00        0.00
  ChelsaMan4           JUNCTION     0.00     0.00    60.00     0  00:00        0.00
  Basin1               JUNCTION     0.00     0.00    60.00     0  00:00        0.00
  ChelsaInl1           JUNCTION     0.00     0.00    60.00     0  00:00        0.00
  ChelsaInl3           JUNCTION     0.00     0.00    60.00     0  00:00        0.00
  ChelsaInl4           JUNCTION     0.00     0.00     0.00     0  00:00        0.00
  ChelsaMan5           JUNCTION     0.00     0.00     0.00     0  00:00        0.00
  FrMan1               OUTFALL      0.00     0.00    60.00     0  00:00        0.00
  
  
  *******************
  Node Inflow Summary
  *******************
  
  -------------------------------------------------------------------------------------------------
                                  Maximum  Maximum                  Lateral       Total        Flow
                                  Lateral    Total  Time of Max      Inflow      Inflow     Balance
                                   Inflow   Inflow   Occurrence      Volume      Volume       Error
  Node                 Type           CFS      CFS  days hr:min    10^6 gal    10^6 gal     Percent
  -------------------------------------------------------------------------------------------------
  GidInl1              JUNCTION      0.00     0.00     0  00:00           0           0       0.000 gal
  GidMan1              JUNCTION      0.00     0.00     0  00:00           0           0       0.000 gal
  GidInl3              JUNCTION      0.00     0.00     0  00:00           0           0       0.000 gal
  210                  JUNCTION      0.00     0.00     0  00:00           0           0       0.000 gal
  Basin#43             JUNCTION      0.00     0.00     0  00:00           0           0       0.000 gal
  Basin44              JUNCTION      0.00     0.00     0  00:00           0           0       0.000 gal
  FrMan2               JUNCTION      0.00     0.00     0  00:00           0           0       0.000 gal
  FrIn3                JUNCTION      0.00     0.00     0  00:00           0           0       0.000 gal
  FrIn1                JUNCTION      0.00     0.00     0  00:00           0           0       0.000 gal
  FrIn2                JUNCTION      0.00     0.00     0  00:00           0           0       0.000 gal
  ShadMan2             JUNCTION      0.00     0.00     0  00:00           0           0       0.000 gal
  ShadMan1             JUNCTION      0.00     0.00     0  00:00           0           0       0.000 gal
  ShadInl1             JUNCTION      0.00     0.00     0  00:00           0           0       0.000 gal
  ShadInl2             JUNCTION      0.00     0.00     0  00:00           0           0       0.000 gal
  McBerInl1            JUNCTION      0.00     0.00     0  00:00           0           0       0.000 gal
  WilderInl1           JUNCTION      0.00     0.00     0  00:00           0           0       0.000 gal
  McBerInl2            JUNCTION      0.00     0.00     0  00:00           0           0       0.000 gal
  WilderInl2           JUNCTION      0.00     0.00     0  00:00           0           0       0.000 gal
  CaracMan1            JUNCTION      0.00     0.00     0  00:00           0           0       0.000 gal
  Basin45              JUNCTION      0.00     0.00     0  00:00           0           0       0.000 gal
  EllInl1              JUNCTION      0.00     0.00     0  00:00           0           0       0.000 gal
  EllInl2              JUNCTION      0.00     0.00     0  00:00           0           0       0.000 gal
  EllInl4              JUNCTION      0.00     0.00     0  00:00           0           0       0.000 gal
  EllInl3              JUNCTION      0.00     0.00     0  00:00           0           0       0.000 gal
  CaracInl1            JUNCTION      0.00     0.00     0  00:00           0           0       0.000 gal
  CarMan1              JUNCTION      0.00     0.00     0  00:00           0           0       0.000 gal
  CarInl1              JUNCTION      0.00     0.00     0  00:00           0           0       0.000 gal
  CarInl2              JUNCTION      0.00     0.00     0  00:00           0           0       0.000 gal
  CarMan2              JUNCTION      0.00     0.00     0  00:00           0           0       0.000 gal
  CarInl3              JUNCTION      0.00     0.00     0  00:00           0           0       0.000 gal
  CarInl4              JUNCTION      0.00     0.00     0  00:00           0           0       0.000 gal
  CarInl5              JUNCTION      0.00     0.00     0  00:00           0           0       0.000 gal
  EllMan1              JUNCTION      0.00     0.00     0  00:00           0           0       0.000 gal
  LouInl1              JUNCTION      0.00     0.00     0  00:00           0           0       0.000 gal
  LouInl2              JUNCTION      0.00     0.00     0  00:00           0           0       0.000 gal
  EllInl5              JUNCTION      0.00     0.00     0  00:00           0           0       0.000 gal
  OsbornInl1           JUNCTION      0.00     0.00     0  00:00           0           0       0.000 gal
  282                  JUNCTION      0.00     0.00     0  00:00           0           0       0.000 gal
  PaliInl1             JUNCTION      0.00     0.00     0  00:00           0           0       0.000 gal
  Basin19              JUNCTION      0.00     0.00     0  00:00           0           0       0.000 gal
  PaliInl2             JUNCTION      0.00     0.00     0  00:00           0           0       0.000 gal
  PaliInl4             JUNCTION      0.00     0.00     0  00:00           0           0       0.000 gal
  PaliInl3             JUNCTION      0.00     0.00     0  00:00           0           0       0.000 gal
  CurtisMan1           JUNCTION      0.00     0.00     0  00:00           0           0       0.000 gal
  CurtisInl1           JUNCTION      0.00     0.00     0  00:00           0           0       0.000 gal
  CurtisInl2           JUNCTION      0.00     0.00     0  00:00           0           0       0.000 gal
  PaliInl11            JUNCTION      0.00     0.00     0  00:00           0           0       0.000 gal
  PaliInl10            JUNCTION      0.00     0.00     0  00:00           0           0       0.000 gal
  PaliInl9             JUNCTION      0.00     0.00     0  00:00           0           0       0.000 gal
  PaliInl8             JUNCTION      0.00     0.00     0  00:00           0           0       0.000 gal
  PaliInl7             JUNCTION      0.00     0.00     0  00:00           0           0       0.000 gal
  PaliInl6             JUNCTION      0.00     0.00     0  00:00           0           0       0.000 gal
  PaliInl5             JUNCTION      0.00     0.00     0  00:00           0           0       0.000 gal
  OsbornInl4           JUNCTION      0.00     0.00     0  00:00           0           0       0.000 gal
  OsbornInl3           JUNCTION      0.00     0.00     0  00:00           0           0       0.000 gal
  OsbornInl2           JUNCTION      0.00     0.00     0  00:00           0           0       0.000 gal
  OsbornInl            JUNCTION      0.00     0.00     0  00:00           0           0       0.000 gal
  OsbornInl0           JUNCTION      0.00     0.00     0  00:00           0           0       0.000 gal
  324                  JUNCTION      0.00     0.00     0  00:00           0           0       0.000 gal
  325                  JUNCTION      0.00     0.00     0  00:00           0           0       0.000 gal
  OsbornInl5           JUNCTION      0.00     0.00     0  00:00           0           0       0.000 gal
  OsbornInl6           JUNCTION      0.00     0.00     0  00:00           0           0       0.000 gal
  29thInl2             JUNCTION      0.00     0.00     0  00:00           0           0       0.000 gal
  29thInl3             JUNCTION      0.00     0.00     0  00:00           0           0       0.000 gal
  29thMan1             JUNCTION      0.00     0.00     0  00:00           0           0       0.000 gal
  29thInl4             JUNCTION      0.00     0.00     0  00:00           0           0       0.000 gal
  29thInl1             JUNCTION      0.00     0.00     0  00:00           0           0       0.000 gal
  30thMan1             JUNCTION      0.00     0.00     0  00:00           0           0       0.000 gal
  30thInl2             JUNCTION      0.00     0.00     0  00:00           0           0       0.000 gal
  30thInl3             JUNCTION      0.00     0.00     0  00:00           0           0       0.000 gal
  ChelsaMan1           JUNCTION      0.00     0.00     0  00:00           0           0       0.000 gal
  ChelsaMan2           JUNCTION      0.00     0.00     0  00:00           0           0       0.000 gal
  ChelsaMan3           JUNCTION      0.00     0.00     0  00:00           0           0       0.000 gal
  ChelsaMan4           JUNCTION      0.00     0.00     0  00:00           0           0       0.000 gal
  Basin1               JUNCTION      0.00     0.00     0  00:00           0           0       0.000 gal
  ChelsaInl1           JUNCTION      0.00     0.00     0  00:00           0           0       0.000 gal
  ChelsaInl3           JUNCTION      0.00     0.00     0  00:00           0           0       0.000 gal
  ChelsaInl4           JUNCTION      0.00     0.00     0  00:00           0           0       0.000 gal
  ChelsaMan5           JUNCTION      0.00     0.00     0  00:00           0           0       0.000 gal
  FrMan1               OUTFALL       0.00     0.00     0  00:00           0           0       0.000 gal
  
  
  **********************
  Node Surcharge Summary
  **********************
  
  No nodes were surcharged.
  
  
  *********************
  Node Flooding Summary
  *********************
  
  No nodes were flooded.
  
  
  ***********************
  Outfall Loading Summary
  ***********************
  
  -----------------------------------------------------------
                         Flow       Avg       Max       Total
                         Freq      Flow      Flow      Volume
  Outfall Node           Pcnt       CFS       CFS    10^6 gal
  -----------------------------------------------------------
  FrMan1                 0.00      0.00      0.00       0.000
  -----------------------------------------------------------
  System                 0.00      0.00      0.00       0.000
  
  
  ********************
  Link Flow Summary
  ********************
  
  -----------------------------------------------------------------------------
                                 Maximum  Time of Max   Maximum    Max/    Max/
                                  |Flow|   Occurrence   |Veloc|    Full    Full
  Link                 Type          CFS  days hr:min    ft/sec    Flow   Depth
  -----------------------------------------------------------------------------
  205                  CONDUIT      0.00     0  00:00      0.00    0.00    0.00
  206                  CONDUIT      0.00     0  00:00      0.00    0.00    0.00
  208                  CONDUIT      0.00     0  00:00      0.00    0.00    0.00
  210                  CONDUIT      0.00     0  00:00      0.00    0.00    0.00
  215                  CONDUIT      0.00     0  00:00      0.00    0.00    0.00
  216                  CONDUIT      0.00     0  00:00      0.00    0.00    0.00
  218                  CONDUIT      0.00     0  00:00      0.00    0.00    0.00
  223                  CONDUIT      0.00     0  00:00      0.00    0.00    0.00
  224                  CONDUIT      0.00     0  00:00      0.00    0.00    0.00
  212                  CONDUIT      0.00     0  00:00      0.00    0.00    0.00
  227                  CONDUIT      0.00     0  00:00      0.00    0.00    0.00
  231                  CONDUIT      0.00     0  00:00      0.00    0.00    0.00
  232                  CONDUIT      0.00     0  00:00      0.00    0.00    0.00
  227_2                CONDUIT      0.00     0  00:00      0.00    0.00    0.00
  235                  CONDUIT      0.00     0  00:00      0.00    0.00    0.00
  239                  CONDUIT      0.00     0  00:00      0.00    0.00    0.00
  241                  CONDUIT      0.00     0  00:00      0.00    0.00    0.00
  237                  CONDUIT      0.00     0  00:00      0.00    0.00    0.00
  243                  CONDUIT      0.00     0  00:00      0.00    0.00    0.00
  247                  CONDUIT      0.00     0  00:00      0.00    0.00    0.00
  250                  CONDUIT      0.00     0  00:00      0.00    0.00    0.00
  251                  CONDUIT      0.00     0  00:00      0.00    0.00    0.00
  248                  CONDUIT      0.00     0  00:00      0.00    0.00    0.00
  255                  CONDUIT      0.00     0  00:00      0.00    0.00    0.00
  245                  CONDUIT      0.00     0  00:00      0.00    0.00    0.00
  257                  CONDUIT      0.00     0  00:00      0.00    0.00    0.00
  259                  CONDUIT      0.00     0  00:00      0.00    0.00    0.00
  261                  CONDUIT      0.00     0  00:00      0.00    0.00    0.00
  263                  CONDUIT      0.00     0  00:00      0.00    0.00    0.00
  265                  CONDUIT      0.00     0  00:00      0.00    0.00    0.00
  268                  CONDUIT      0.00     0  00:00      0.00    0.00    0.00
  270                  CONDUIT      0.00     0  00:00      0.00    0.00    0.00
  272                  CONDUIT      0.00     0  00:00      0.00    0.00    0.00
  274                  CONDUIT      0.00     0  00:00      0.00    0.00    0.00
  278                  CONDUIT      0.00     0  00:00      0.00    0.00    0.00
  276                  CONDUIT      0.00     0  00:00      0.00    0.00    0.00
  280                  CONDUIT      0.00     0  00:00      0.00    0.00    0.00
  282                  CONDUIT      0.00     0  00:00      0.00    0.00    0.00
  284                  CONDUIT      0.00     0  00:00      0.00    0.00    0.00
  290                  CONDUIT      0.00     0  00:00      0.00    0.00    0.00
  291                  CONDUIT      0.00     0  00:00      0.00    0.00    0.00
  294                  CONDUIT      0.00     0  00:00      0.00    0.00    0.00
  296                  CONDUIT      0.00     0  00:00      0.00    0.00    0.00
  298                  CONDUIT      0.00     0  00:00      0.00    0.00    0.00
  300                  CONDUIT      0.00     0  00:00      0.00    0.00    0.00
  301                  CONDUIT      0.00     0  00:00      0.00    0.00    0.00
  303                  CONDUIT      0.00     0  00:00      0.00    0.00    0.00
  305                  CONDUIT      0.00     0  00:00      0.00    0.00    0.00
  307                  CONDUIT      0.00     0  00:00      0.00    0.00    0.00
  309                  CONDUIT      0.00     0  00:00      0.00    0.00    0.00
  311                  CONDUIT      0.00     0  00:00      0.00    0.00    0.00
  314                  CONDUIT      0.00     0  00:00      0.00    0.00    0.00
  315                  CONDUIT      0.00     0  00:00      0.00    0.00    0.00
  317                  CONDUIT      0.00     0  00:00      0.00    0.00    0.00
  319                  CONDUIT      0.00     0  00:00      0.00    0.00    0.00
  321                  CONDUIT      0.00     0  00:00      0.00    0.00    0.00
  324                  CONDUIT      0.00     0  00:00      0.00    0.00    0.00
  325                  CONDUIT      0.00     0  00:00      0.00    0.00    0.00
  329                  CONDUIT      0.00     0  00:00      0.00    0.00    0.00
  330                  CONDUIT      0.00     0  00:00      0.00    0.00    0.00
  333                  CONDUIT      0.00     0  00:00      0.00    0.00    0.00
  334                  CONDUIT      0.00     0  00:00      0.00    0.00    0.00
  336                  CONDUIT      0.00     0  00:00      0.00    0.00    0.00
  338                  CONDUIT      0.00     0  00:00      0.00    0.00    0.00
  341                  CONDUIT      0.00     0  00:00      0.00    0.00    0.00
  284_2                CONDUIT      0.00     0  00:00      0.00    0.00    0.00
  343                  CONDUIT      0.00     0  00:00      0.00    0.00    0.00
  345                  CONDUIT      0.00     0  00:00      0.00    0.00    0.00
  351                  CONDUIT      0.00     0  00:00      0.00    0.00    0.00
  353                  CONDUIT      0.00     0  00:00      0.00    0.00    0.00
  357                  CONDUIT      0.00     0  00:00      0.00    0.00    0.00
  355                  CONDUIT      0.00     0  00:00      0.00    0.00    0.00
  361                  CONDUIT      0.00     0  00:00      0.00    0.00    0.00
  347                  CONDUIT      0.00     0  00:00      0.00    0.00    0.00
  364                  CONDUIT      0.00     0  00:00      0.00    0.00    0.00
  366                  CONDUIT      0.00     0  00:00      0.00    0.00    0.00
  367                  CONDUIT      0.00     0  00:00      0.00    0.00    0.00
  
  
  ***************************
  Flow Classification Summary
  ***************************
  
  -------------------------------------------------------------------------------------
                      Adjusted    ---------- Fraction of Time in Flow Class ---------- 
                       /Actual         Up    Down  Sub   Sup   Up    Down  Norm  Inlet 
  Conduit               Length    Dry  Dry   Dry   Crit  Crit  Crit  Crit  Ltd   Ctrl  
  -------------------------------------------------------------------------------------
  205                     1.00   1.00  0.00  0.00  0.00  0.00  0.00  0.00  0.00  0.00
  206                     1.00   1.00  0.00  0.00  0.00  0.00  0.00  0.00  0.00  0.00
  208                     1.00   1.00  0.00  0.00  0.00  0.00  0.00  0.00  0.00  0.00
  210                     1.00   1.00  0.00  0.00  0.00  0.00  0.00  0.00  0.00  0.00
  215                     1.00   1.00  0.00  0.00  0.00  0.00  0.00  0.00  0.00  0.00
  216                     1.00   1.00  0.00  0.00  0.00  0.00  0.00  0.00  0.00  0.00
  218                     1.00   1.00  0.00  0.00  0.00  0.00  0.00  0.00  0.00  0.00
  223                     1.00   1.00  0.00  0.00  0.00  0.00  0.00  0.00  0.00  0.00
  224                     1.00   1.00  0.00  0.00  0.00  0.00  0.00  0.00  0.00  0.00
  212                     1.00   1.00  0.00  0.00  0.00  0.00  0.00  0.00  0.00  0.00
  227                     1.00   1.00  0.00  0.00  0.00  0.00  0.00  0.00  0.00  0.00
  231                     1.00   1.00  0.00  0.00  0.00  0.00  0.00  0.00  0.00  0.00
  232                     1.00   1.00  0.00  0.00  0.00  0.00  0.00  0.00  0.00  0.00
  227_2                   1.00   1.00  0.00  0.00  0.00  0.00  0.00  0.00  0.00  0.00
  235                     1.00   1.00  0.00  0.00  0.00  0.00  0.00  0.00  0.00  0.00
  239                     1.00   1.00  0.00  0.00  0.00  0.00  0.00  0.00  0.00  0.00
  241                     1.00   1.00  0.00  0.00  0.00  0.00  0.00  0.00  0.00  0.00
  237                     1.00   1.00  0.00  0.00  0.00  0.00  0.00  0.00  0.00  0.00
  243                     1.00   1.00  0.00  0.00  0.00  0.00  0.00  0.00  0.00  0.00
  247                     1.00   1.00  0.00  0.00  0.00  0.00  0.00  0.00  0.00  0.00
  250                     1.00   1.00  0.00  0.00  0.00  0.00  0.00  0.00  0.00  0.00
  251                     1.00   1.00  0.00  0.00  0.00  0.00  0.00  0.00  0.00  0.00
  248                     1.00   1.00  0.00  0.00  0.00  0.00  0.00  0.00  0.00  0.00
  255                     1.00   1.00  0.00  0.00  0.00  0.00  0.00  0.00  0.00  0.00
  245                     1.00   1.00  0.00  0.00  0.00  0.00  0.00  0.00  0.00  0.00
  257                     1.00   1.00  0.00  0.00  0.00  0.00  0.00  0.00  0.00  0.00
  259                     1.00   1.00  0.00  0.00  0.00  0.00  0.00  0.00  0.00  0.00
  261                     1.00   1.00  0.00  0.00  0.00  0.00  0.00  0.00  0.00  0.00
  263                     1.00   1.00  0.00  0.00  0.00  0.00  0.00  0.00  0.00  0.00
  265                     1.00   1.00  0.00  0.00  0.00  0.00  0.00  0.00  0.00  0.00
  268                     1.00   1.00  0.00  0.00  0.00  0.00  0.00  0.00  0.00  0.00
  270                     1.00   1.00  0.00  0.00  0.00  0.00  0.00  0.00  0.00  0.00
  272                     1.00   1.00  0.00  0.00  0.00  0.00  0.00  0.00  0.00  0.00
  274                     1.00   1.00  0.00  0.00  0.00  0.00  0.00  0.00  0.00  0.00
  278                     1.00   1.00  0.00  0.00  0.00  0.00  0.00  0.00  0.00  0.00
  276                     1.00   1.00  0.00  0.00  0.00  0.00  0.00  0.00  0.00  0.00
  280                     1.00   1.00  0.00  0.00  0.00  0.00  0.00  0.00  0.00  0.00
  282                     1.00   1.00  0.00  0.00  0.00  0.00  0.00  0.00  0.00  0.00
  284                     1.00   1.00  0.00  0.00  0.00  0.00  0.00  0.00  0.00  0.00
  290                     1.00   1.00  0.00  0.00  0.00  0.00  0.00  0.00  0.00  0.00
  291                     1.00   1.00  0.00  0.00  0.00  0.00  0.00  0.00  0.00  0.00
  294                     1.00   1.00  0.00  0.00  0.00  0.00  0.00  0.00  0.00  0.00
  296                     1.00   1.00  0.00  0.00  0.00  0.00  0.00  0.00  0.00  0.00
  298                     1.00   1.00  0.00  0.00  0.00  0.00  0.00  0.00  0.00  0.00
  300                     1.00   1.00  0.00  0.00  0.00  0.00  0.00  0.00  0.00  0.00
  301                     1.00   1.00  0.00  0.00  0.00  0.00  0.00  0.00  0.00  0.00
  303                     1.00   1.00  0.00  0.00  0.00  0.00  0.00  0.00  0.00  0.00
  305                     1.00   1.00  0.00  0.00  0.00  0.00  0.00  0.00  0.00  0.00
  307                     1.00   1.00  0.00  0.00  0.00  0.00  0.00  0.00  0.00  0.00
  309                     1.00   1.00  0.00  0.00  0.00  0.00  0.00  0.00  0.00  0.00
  311                     1.00   1.00  0.00  0.00  0.00  0.00  0.00  0.00  0.00  0.00
  314                     1.00   1.00  0.00  0.00  0.00  0.00  0.00  0.00  0.00  0.00
  315                     1.00   1.00  0.00  0.00  0.00  0.00  0.00  0.00  0.00  0.00
  317                     1.00   1.00  0.00  0.00  0.00  0.00  0.00  0.00  0.00  0.00
  319                     1.00   1.00  0.00  0.00  0.00  0.00  0.00  0.00  0.00  0.00
  321                     1.00   1.00  0.00  0.00  0.00  0.00  0.00  0.00  0.00  0.00
  324                     1.00   1.00  0.00  0.00  0.00  0.00  0.00  0.00  0.00  0.00
  325                     1.00   1.00  0.00  0.00  0.00  0.00  0.00  0.00  0.00  0.00
  329                     1.00   1.00  0.00  0.00  0.00  0.00  0.00  0.00  0.00  0.00
  330                     1.00   1.00  0.00  0.00  0.00  0.00  0.00  0.00  0.00  0.00
  333                     1.00   1.00  0.00  0.00  0.00  0.00  0.00  0.00  0.00  0.00
  334                     1.00   1.00  0.00  0.00  0.00  0.00  0.00  0.00  0.00  0.00
  336                     1.00   1.00  0.00  0.00  0.00  0.00  0.00  0.00  0.00  0.00
  338                     1.00   1.00  0.00  0.00  0.00  0.00  0.00  0.00  0.00  0.00
  341                     1.00   1.00  0.00  0.00  0.00  0.00  0.00  0.00  0.00  0.00
  284_2                   1.00   1.00  0.00  0.00  0.00  0.00  0.00  0.00  0.00  0.00
  343                     1.00   1.00  0.00  0.00  0.00  0.00  0.00  0.00  0.00  0.00
  345                     1.00   1.00  0.00  0.00  0.00  0.00  0.00  0.00  0.00  0.00
  351                     1.00   1.00  0.00  0.00  0.00  0.00  0.00  0.00  0.00  0.00
  353                     1.00   1.00  0.00  0.00  0.00  0.00  0.00  0.00  0.00  0.00
  357                     1.00   1.00  0.00  0.00  0.00  0.00  0.00  0.00  0.00  0.00
  355                     1.00   1.00  0.00  0.00  0.00  0.00  0.00  0.00  0.00  0.00
  361                     1.00   1.00  0.00  0.00  0.00  0.00  0.00  0.00  0.00  0.00
  347                     1.00   1.00  0.00  0.00  0.00  0.00  0.00  0.00  0.00  0.00
  364                     1.00   1.00  0.00  0.00  0.00  0.00  0.00  0.00  0.00  0.00
  366                     1.00   1.00  0.00  0.00  0.00  0.00  0.00  0.00  0.00  0.00
  367                     1.00   1.00  0.00  0.00  0.00  0.00  0.00  0.00  0.00  0.00
  
  
  *************************
  Conduit Surcharge Summary
  *************************
  
  No conduits were surcharged.
  

  Analysis begun on:  Sun Jul 19 15:10:56 2026
  Analysis ended on:  Sun Jul 19 15:10:56 2026
  Total elapsed time: < 1 sec