
  EPA STORM WATER MANAGEMENT MODEL - VERSION 5.2 (Build 5.2.4)
  ------------------------------------------------------------

  City of Lockport 
  WARNING 08: elevation drop exceeds length for Conduit 137
  
  ****************
  Analysis Options
  ****************
  Flow Units ............... CFS
  Process Models:
    Rainfall/Runoff ........ NO
    RDII ................... NO
    Snowmelt ............... NO
    Groundwater ............ NO
    Flow Routing ........... YES
    Ponding Allowed ........ NO
    Water Quality .......... NO
  Flow Routing Method ...... DYNWAVE
  Surcharge Method ......... EXTRAN
  Starting Date ............ 01/01/2001 00:00:00
  Ending Date .............. 01/02/2001 00:00:00
  Antecedent Dry Days ...... 0.0
  Report Time Step ......... 00:15:00
  Routing Time Step ........ 60.00 sec
  Variable Time Step ....... YES
  Maximum Trials ........... 50
  Number of Threads ........ 1
  Head Tolerance ........... 0.005000 ft
  
  
  **************************        Volume        Volume
  Flow Routing Continuity        acre-feet      10^6 gal
  **************************     ---------     ---------
  Dry Weather Inflow .......         0.000         0.000
  Wet Weather Inflow .......         0.000         0.000
  Groundwater Inflow .......         0.000         0.000
  RDII Inflow ..............         0.000         0.000
  External Inflow ..........         5.950         1.939
  External Outflow .........         0.000         0.000
  Flooding Loss ............         3.598         1.172
  Evaporation Loss .........         0.000         0.000
  Exfiltration Loss ........         0.000         0.000
  Initial Stored Volume ....         0.000         0.000
  Final Stored Volume ......         0.131         0.043
  Continuity Error (%) .....        37.338
  
  
  *************************
  Highest Continuity Errors
  *************************
  Node 121 (43.59%)
  Node 116 (31.89%)
  Node 114 (23.07%)
  Node 113 (18.87%)
  Node 110 (16.17%)
  
  
  ***************************
  Time-Step Critical Elements
  ***************************
  Link 132 (58.75%)
  Link 122 (40.33%)
  
  
  ********************************
  Highest Flow Instability Indexes
  ********************************
  All links are stable.
  
  
  *********************************
  Most Frequent Nonconverging Nodes
  *********************************
  Node 124 (0.13%)
  Node 131 (0.05%)
  Node F (0.04%)
  Node 110 (0.02%)
  Node 102 (0.02%)
  
  
  *************************
  Routing Time Step Summary
  *************************
  Minimum Time Step           :     1.29 sec
  Average Time Step           :     5.70 sec
  Maximum Time Step           :    60.00 sec
  % of Time in Steady State   :     0.00
  Average Iterations per Step :     2.08
  % of Steps Not Converging   :     0.13
  Time Step Frequencies       :
     60.000 - 23.031 sec      :     0.92 %
     23.031 -  8.841 sec      :    10.29 %
      8.841 -  3.393 sec      :    48.46 %
      3.393 -  1.303 sec      :    40.33 %
      1.303 -  0.500 sec      :     0.01 %
  
  
  ******************
  Node Depth Summary
  ******************
  
  ---------------------------------------------------------------------------------
                                 Average  Maximum  Maximum  Time of Max    Reported
                                   Depth    Depth      HGL   Occurrence   Max Depth
  Node                 Type         Feet     Feet     Feet  days hr:min        Feet
  ---------------------------------------------------------------------------------
  5                    JUNCTION     0.00     0.00   590.00     0  00:00        0.00
  7                    JUNCTION     0.00     0.00   590.00     0  00:00        0.00
  19                   JUNCTION     0.00     0.00   595.00     0  00:00        0.00
  23                   JUNCTION     0.00     0.00   595.00     0  00:00        0.00
  25                   JUNCTION     0.00     0.00   595.00     0  00:00        0.00
  35                   JUNCTION     0.00     0.00   600.00     0  00:00        0.00
  37                   JUNCTION     0.00     0.00   600.00     0  00:00        0.00
  41                   JUNCTION     0.00     0.00   600.00     0  00:00        0.00
  43                   JUNCTION     0.00     0.00   600.00     0  00:00        0.00
  G                    JUNCTION     0.00     0.00   600.00     0  00:00        0.00
  OF#2                 JUNCTION     0.00     0.00   468.00     0  00:00        0.00
  Frost                JUNCTION     0.00     0.00   468.00     0  00:00        0.00
  51                   JUNCTION     0.00     0.00   468.00     0  00:00        0.00
  53                   JUNCTION     0.00     0.00   468.00     0  00:00        0.00
  55                   JUNCTION     0.00     0.00   468.00     0  00:00        0.00
  59                   JUNCTION     0.00     0.00   468.00     0  00:00        0.00
  61                   JUNCTION     0.00     0.00   468.00     0  00:00        0.00
  63                   JUNCTION     0.00     0.00   595.00     0  00:00        0.00
  67                   JUNCTION     0.00     0.00   468.00     0  00:00        0.00
  69                   JUNCTION     0.00     0.00   468.00     0  00:00        0.00
  71                   JUNCTION     0.00     0.00   468.00     0  00:00        0.00
  73                   JUNCTION     0.00     0.00   468.00     0  00:00        0.00
  75                   JUNCTION     0.00     0.00   420.00     0  00:00        0.00
  77                   JUNCTION     0.00     0.00   420.00     0  00:00        0.00
  79                   JUNCTION     0.00     0.00   420.00     0  00:00        0.00
  81                   JUNCTION     0.00     0.00   420.00     0  00:00        0.00
  83                   JUNCTION     0.00     0.00   420.00     0  00:00        0.00
  85                   JUNCTION     0.00     0.00   420.00     0  00:00        0.00
  87                   JUNCTION     0.00     0.00   420.00     0  00:00        0.00
  89                   JUNCTION     0.00     0.00   420.00     0  00:00        0.00
  91                   JUNCTION     0.00     0.00   420.00     0  00:00        0.00
  93                   JUNCTION     0.00     0.00   420.00     0  00:00        0.00
  300                  JUNCTION     0.00     0.00   600.00     0  00:00        0.00
  B                    JUNCTION   621.57   624.29  1259.29     0  04:24      624.29
  102                  JUNCTION   600.69   621.95  1256.95     0  04:56      621.95
  104                  JUNCTION   563.34   617.50  1252.50     0  07:54      617.50
  106                  JUNCTION   521.39   612.67  1237.67     0  09:01      612.67
  108                  JUNCTION   475.15   608.28  1228.28     0  11:07      608.28
  110                  JUNCTION   427.43   600.69  1211.69     0  13:52      600.69
  113                  JUNCTION   380.93   592.69  1197.69     0  15:05      592.69
  114                  JUNCTION   336.70   585.22  1180.22     0  17:19      585.22
  116                  JUNCTION   297.25   585.09  1177.09     0  21:21      585.09
  A                    JUNCTION     3.02     8.06   600.06     0  21:38        8.06
  121                  JUNCTION   254.47   582.64  1174.64     0  21:28      582.64
  126                  JUNCTION     0.00     0.00   465.70     0  00:00        0.00
  128                  JUNCTION     0.00     0.00   465.70     0  00:00        0.00
  F                    JUNCTION   472.30   474.65   965.65     0  02:18      474.01
  131                  JUNCTION   469.81   474.04   965.04     0  06:47      474.01
  133                  JUNCTION   454.83   473.02   965.02     0  06:47      473.00
  135                  JUNCTION   438.40   476.00   965.00     0  06:45      476.00
  138                  JUNCTION    12.61    12.71   505.71     0  02:19       12.71
  141                  JUNCTION     0.00     0.00   468.00     0  00:00        0.00
  143                  JUNCTION     0.00     0.00   468.00     0  00:00        0.00
  152                  JUNCTION     0.00     0.00   595.00     0  00:00        0.00
  124                  OUTFALL      0.00     0.00   420.00     0  00:00        0.00
  IC14                 STORAGE      3.79    10.00   600.00     0  21:38       10.00
  IC13                 STORAGE      0.00     0.00   590.00     0  00:00        0.00
  IC12                 STORAGE      0.00     0.00   595.00     0  00:00        0.00
  IC10                 STORAGE      0.00     0.00   600.00     0  00:00        0.00
  IC9                  STORAGE      0.00     0.00   592.00     0  00:00        0.00
  IC8                  STORAGE      0.00     0.00   590.00     0  00:00        0.00
  IC6                  STORAGE      0.00     0.00   590.00     0  00:00        0.00
  SHAFT2               STORAGE      0.00     0.00   595.00     0  00:00        0.00
  SHAFT1               STORAGE      0.00     0.00   600.00     0  00:00        0.00
  SHAFT3               STORAGE      0.00     0.00   594.00     0  00:00        0.00
  IC11                 STORAGE     10.00    10.00   602.00     0  00:04       10.00
  
  
  *******************
  Node Inflow Summary
  *******************
  
  -------------------------------------------------------------------------------------------------
                                  Maximum  Maximum                  Lateral       Total        Flow
                                  Lateral    Total  Time of Max      Inflow      Inflow     Balance
                                   Inflow   Inflow   Occurrence      Volume      Volume       Error
  Node                 Type           CFS      CFS  days hr:min    10^6 gal    10^6 gal     Percent
  -------------------------------------------------------------------------------------------------
  5                    JUNCTION      0.00     0.00     0  00:00           0           0       0.000 gal
  7                    JUNCTION      0.00     0.00     0  00:00           0           0       0.000 gal
  19                   JUNCTION      0.00     0.00     0  00:00           0           0       0.000 gal
  23                   JUNCTION      0.00     0.00     0  00:00           0           0       0.000 gal
  25                   JUNCTION      0.00     0.00     0  00:00           0           0       0.000 gal
  35                   JUNCTION      0.00     0.00     0  00:00           0           0       0.000 gal
  37                   JUNCTION      0.00     0.00     0  00:00           0           0       0.000 gal
  41                   JUNCTION      0.00     0.00     0  00:00           0           0       0.000 gal
  43                   JUNCTION      0.00     0.00     0  00:00           0           0       0.000 gal
  G                    JUNCTION      0.00     0.00     0  00:00           0           0       0.000 gal
  OF#2                 JUNCTION      0.00     0.00     0  00:00           0           0       0.000 gal
  Frost                JUNCTION      0.00     0.00     0  00:00           0           0       0.000 gal
  51                   JUNCTION      0.00     0.00     0  00:00           0           0       0.000 gal
  53                   JUNCTION      0.00     0.00     0  00:00           0           0       0.000 gal
  55                   JUNCTION      0.00     0.00     0  00:00           0           0       0.000 gal
  59                   JUNCTION      0.00     0.00     0  00:00           0           0       0.000 gal
  61                   JUNCTION      0.00     0.00     0  00:00           0           0       0.000 gal
  63                   JUNCTION      0.00     0.00     0  00:00           0           0       0.000 gal
  67                   JUNCTION      0.00     0.00     0  00:00           0           0       0.000 gal
  69                   JUNCTION      0.00     0.00     0  00:00           0           0       0.000 gal
  71                   JUNCTION      0.00     0.00     0  00:00           0           0       0.000 gal
  73                   JUNCTION      0.00     0.00     0  00:00           0           0       0.000 gal
  75                   JUNCTION      0.00     0.00     0  00:00           0           0       0.000 gal
  77                   JUNCTION      0.00     0.00     0  00:00           0           0       0.000 gal
  79                   JUNCTION      0.00     0.00     0  00:00           0           0       0.000 gal
  81                   JUNCTION      0.00     0.00     0  00:00           0           0       0.000 gal
  83                   JUNCTION      0.00     0.00     0  00:00           0           0       0.000 gal
  85                   JUNCTION      0.00     0.00     0  00:00           0           0       0.000 gal
  87                   JUNCTION      0.00     0.00     0  00:00           0           0       0.000 gal
  89                   JUNCTION      0.00     0.00     0  00:00           0           0       0.000 gal
  91                   JUNCTION      0.00     0.00     0  00:00           0           0       0.000 gal
  93                   JUNCTION      0.00     0.00     0  00:00           0           0       0.000 gal
  300                  JUNCTION      0.00     0.00     0  00:00           0           0       0.000 gal
  B                    JUNCTION      1.00     1.00     0  00:00       0.646       0.646      10.293
  102                  JUNCTION      0.00     1.00     0  06:53           0       0.586      11.273
  104                  JUNCTION      0.00     1.00     0  21:22           0       0.527      12.483
  106                  JUNCTION      0.00     1.00     0  07:55           0       0.468      14.063
  108                  JUNCTION      0.00     1.00     0  21:24           0        0.41      16.325
  110                  JUNCTION      0.00     1.00     0  21:22           0       0.353      19.285
  113                  JUNCTION      0.00     1.00     0  21:24           0       0.296      23.251
  114                  JUNCTION      0.00     1.00     0  15:05           0        0.24      29.994
  116                  JUNCTION      0.00     1.00     0  19:13           0       0.185      46.827
  A                    JUNCTION      0.00     1.01     0  21:28           0      0.0709       3.752
  121                  JUNCTION      0.00     1.04     0  21:22           0       0.126      77.268
  126                  JUNCTION      0.00     0.00     0  00:00           0           0       0.000 gal
  128                  JUNCTION      0.00     0.00     0  00:00           0           0       0.000 gal
  F                    JUNCTION      1.00     1.00     0  00:00       0.646       0.646       3.920
  131                  JUNCTION      0.00    39.09     0  01:45           0       0.621       8.895
  133                  JUNCTION      0.00     1.32     0  06:49           0        0.57       8.946
  135                  JUNCTION      0.00     1.43     0  06:49           0       0.523      12.722
  138                  JUNCTION      0.00     2.01     0  01:45           0     0.00122    1220.944 gal
  141                  JUNCTION      0.00     0.00     0  00:00           0           0       0.000 gal
  143                  JUNCTION      0.00     0.00     0  00:00           0           0       0.000 gal
  152                  JUNCTION      0.00     0.00     0  00:00           0           0       0.000 gal
  124                  OUTFALL       0.00     0.00     0  00:00           0           0       0.000 gal
  IC14                 STORAGE       0.00     1.02     0  21:38           0      0.0684       0.008
  IC13                 STORAGE       0.00     0.00     0  00:00           0           0       0.000 gal
  IC12                 STORAGE       0.00     0.00     0  00:00           0           0       0.000 gal
  IC10                 STORAGE       0.00     0.00     0  00:00           0           0       0.000 gal
  IC9                  STORAGE       0.00     0.00     0  00:00           0           0       0.000 gal
  IC8                  STORAGE       0.00     0.00     0  00:00           0           0       0.000 gal
  IC6                  STORAGE       0.00     0.00     0  00:00           0           0       0.000 gal
  SHAFT2               STORAGE       0.00     0.00     0  00:00           0           0       0.000 gal
  SHAFT1               STORAGE       0.00     0.00     0  00:00           0           0       0.000 gal
  SHAFT3               STORAGE       0.00     0.00     0  00:00           0           0       0.000 gal
  IC11                 STORAGE       1.00     1.00     0  00:00       0.646       0.646      -0.010
  
  
  **********************
  Node Surcharge Summary
  **********************
  
  Surcharging occurs when water rises above the top of the highest conduit.
  ---------------------------------------------------------------------
                                               Max. Height   Min. Depth
                                   Hours       Above Crown    Below Rim
  Node                 Type      Surcharged           Feet         Feet
  ---------------------------------------------------------------------
  135                  JUNCTION       17.24          0.000        0.000
  
  
  *********************
  Node Flooding Summary
  *********************
  
  Flooding refers to all water that overflows a node, whether it ponds or not.
  --------------------------------------------------------------------------
                                                             Total   Maximum
                                 Maximum   Time of Max       Flood    Ponded
                        Hours       Rate    Occurrence      Volume     Depth
  Node                 Flooded       CFS   days hr:min    10^6 gal      Feet
  --------------------------------------------------------------------------
  135                    17.24      1.42      0  06:49       0.464     0.000
  IC14                    2.36      1.01      0  21:38       0.064     0.000
  IC11                   23.95      1.00      0  00:04       0.645     0.000
  
  
  **********************
  Storage Volume Summary
  **********************
  
  ------------------------------------------------------------------------------------------------
                         Average    Avg   Evap  Exfil     Maximum    Max    Time of Max    Maximum
                          Volume   Pcnt   Pcnt   Pcnt      Volume   Pcnt     Occurrence    Outflow
  Storage Unit          1000 ft³   Full   Loss   Loss    1000 ft³   Full    days hr:min        CFS
  ------------------------------------------------------------------------------------------------
  IC14                     0.245   37.9    0.0    0.0       0.646  100.0       0  21:38       0.00
  IC13                     0.000    0.0    0.0    0.0       0.000    0.0       0  00:00       0.00
  IC12                     0.000    0.0    0.0    0.0       0.000    0.0       0  00:00       0.00
  IC10                     0.000    0.0    0.0    0.0       0.000    0.0       0  00:00       0.00
  IC9                      0.000    0.0    0.0    0.0       0.000    0.0       0  00:00       0.00
  IC8                      0.000    0.0    0.0    0.0       0.000    0.0       0  00:00       0.00
  IC6                      0.000    0.0    0.0    0.0       0.000    0.0       0  00:00       0.00
  SHAFT2                   0.000    0.0    0.0    0.0       0.000    0.0       0  00:00       0.00
  SHAFT1                   0.000    0.0    0.0    0.0       0.000    0.0       0  00:00       0.00
  SHAFT3                   0.000    0.0    0.0    0.0       0.000    0.0       0  00:00       0.00
  IC11                     0.218  100.0    0.0    0.0       0.218  100.0       0  00:04       0.00
  
  
  ***********************
  Outfall Loading Summary
  ***********************
  
  -----------------------------------------------------------
                         Flow       Avg       Max       Total
                         Freq      Flow      Flow      Volume
  Outfall Node           Pcnt       CFS       CFS    10^6 gal
  -----------------------------------------------------------
  124                    0.00      0.00      0.00       0.000
  -----------------------------------------------------------
  System                 0.00      0.00      0.00       0.000
  
  
  ********************
  Link Flow Summary
  ********************
  
  -----------------------------------------------------------------------------
                                 Maximum  Time of Max   Maximum    Max/    Max/
                                  |Flow|   Occurrence   |Veloc|    Full    Full
  Link                 Type          CFS  days hr:min    ft/sec    Flow   Depth
  -----------------------------------------------------------------------------
  6                    CONDUIT      0.00     0  00:00      0.00    0.00    0.00
  8                    CONDUIT      0.00     0  00:00      0.00    0.00    0.00
  10                   CONDUIT      0.00     0  00:00      0.00    0.00    0.00
  18                   CONDUIT      0.00     0  00:00      0.00    0.00    0.00
  20                   CONDUIT      0.00     0  00:00      0.00    0.00    0.00
  22                   CONDUIT      0.00     0  00:00      0.00    0.00    0.00
  24                   CONDUIT      0.00     0  00:00      0.00    0.00    0.00
  26                   CONDUIT      0.00     0  00:00      0.00    0.00    0.00
  28                   CONDUIT      0.00     0  00:00      0.00    0.00    0.00
  30                   CONDUIT      0.00     0  00:00      0.00    0.00    0.00
  32                   CONDUIT      0.00     0  00:00      0.00    0.00    0.00
  34                   CONDUIT      0.00     0  00:00      0.00    0.00    0.00
  36                   CONDUIT      0.00     0  00:00      0.00    0.00    0.00
  38                   CONDUIT      0.00     0  00:00      0.00    0.00    0.00
  40                   CONDUIT      0.00     0  00:00      0.00    0.00    0.00
  42                   CONDUIT      0.00     0  00:00      0.00    0.00    0.00
  44                   CONDUIT      0.00     0  00:00      0.00    0.00    0.00
  46                   CONDUIT      0.00     0  00:00      0.00    0.00    0.00
  48                   CONDUIT      0.00     0  00:00      0.00    0.00    0.00
  50                   CONDUIT      0.00     0  00:00      0.00    0.00    0.00
  52                   CONDUIT      0.00     0  00:00      0.00    0.00    0.00
  54                   CONDUIT      0.00     0  00:00      0.00    0.00    0.00
  56                   CONDUIT      0.00     0  00:00      0.00    0.00    0.00
  60                   CONDUIT      0.00     0  00:00      0.00    0.00    0.00
  62                   CONDUIT      0.00     0  00:00      0.00    0.00    0.00
  64                   CONDUIT      0.00     0  00:00      0.00    0.00    0.00
  68                   CONDUIT      0.00     0  00:00      0.00    0.00    0.00
  70                   CONDUIT      0.00     0  00:00      0.00    0.00    0.00
  72                   CONDUIT      0.00     0  00:00      0.00    0.00    0.00
  74                   CONDUIT      0.00     0  00:00      0.00    0.00    0.00
  76                   CONDUIT      0.00     0  00:00      0.00    0.00    0.00
  78                   CONDUIT      0.00     0  00:00      0.00    0.00    0.00
  80                   CONDUIT      0.00     0  00:00      0.00    0.00    0.00
  82                   CONDUIT      0.00     0  00:00      0.00    0.00    0.00
  84                   CONDUIT      0.00     0  00:00      0.00    0.00    0.00
  86                   CONDUIT      0.00     0  00:00      0.00    0.00    0.00
  88                   CONDUIT      0.00     0  00:00      0.00    0.00    0.00
  90                   CONDUIT      0.00     0  00:00      0.00    0.00    0.00
  92                   CONDUIT      0.00     0  00:00      0.00    0.00    0.00
  94                   CONDUIT      0.00     0  00:00      0.00    0.00    0.00
  96                   CONDUIT      0.00     0  00:00      0.00    0.00    0.00
  98                   CONDUIT      0.00     0  00:00      0.00    0.00    0.00
  prtun                CONDUIT      0.00     0  00:00      0.00    0.00    0.00
  103                  CONDUIT      1.00     0  06:53      2.69    0.16    0.26
  105                  CONDUIT      1.00     0  21:22      3.28    0.11    0.23
  107                  CONDUIT      1.00     0  07:55      3.87    0.09    0.20
  109                  CONDUIT      1.00     0  21:24      5.11    0.06    0.17
  111                  CONDUIT      1.00     0  21:22      6.15    0.05    0.15
  112                  CONDUIT      1.00     0  21:24      4.16    0.08    0.19
  115                  CONDUIT      1.00     0  15:05      9.28    0.03    0.11
  117                  CONDUIT      1.00     0  19:13      4.29    0.08    0.28
  118                  CONDUIT      1.04     0  21:22      2.19    0.24    0.31
  122                  CONDUIT      1.01     0  21:28      2.86    0.16    0.25
  125                  CONDUIT      0.00     0  00:00      0.00    0.00    0.00
  129                  CONDUIT      0.00     0  00:00      0.00    0.00    0.00
  132                  CONDUIT     39.09     0  01:45     27.48    4.16    0.79
  134                  CONDUIT      1.32     0  06:49      1.15    0.16    0.68
  136                  CONDUIT      1.43     0  06:49      5.00    0.04    0.78
  137                  CONDUIT      0.00     0  00:00      0.00    0.00    0.50
  139                  CONDUIT      2.01     0  01:45      0.91    0.02    0.25
  140                  CONDUIT      0.00     0  00:00      0.00    0.00    0.50
  142                  CONDUIT      0.00     0  00:00      0.00    0.00    0.00
  144                  CONDUIT      0.00     0  00:00      0.00    0.00    0.00
  145                  CONDUIT      0.00     0  00:00      0.00    0.00    0.00
  120                  ORIFICE      1.02     0  21:38                      1.00
  153                  ORIFICE      0.00     0  00:00                      0.00
  127                  WEIR         0.00     0  00:00                      0.00
  
  
  ***************************
  Flow Classification Summary
  ***************************
  
  -------------------------------------------------------------------------------------
                      Adjusted    ---------- Fraction of Time in Flow Class ---------- 
                       /Actual         Up    Down  Sub   Sup   Up    Down  Norm  Inlet 
  Conduit               Length    Dry  Dry   Dry   Crit  Crit  Crit  Crit  Ltd   Ctrl  
  -------------------------------------------------------------------------------------
  6                       1.00   1.00  0.00  0.00  0.00  0.00  0.00  0.00  0.00  0.00
  8                       1.00   1.00  0.00  0.00  0.00  0.00  0.00  0.00  0.00  0.00
  10                      1.00   1.00  0.00  0.00  0.00  0.00  0.00  0.00  0.00  0.00
  18                      1.00   1.00  0.00  0.00  0.00  0.00  0.00  0.00  0.00  0.00
  20                      1.00   1.00  0.00  0.00  0.00  0.00  0.00  0.00  0.00  0.00
  22                      1.00   1.00  0.00  0.00  0.00  0.00  0.00  0.00  0.00  0.00
  24                      1.00   1.00  0.00  0.00  0.00  0.00  0.00  0.00  0.00  0.00
  26                      1.00   1.00  0.00  0.00  0.00  0.00  0.00  0.00  0.00  0.00
  28                      1.00   1.00  0.00  0.00  0.00  0.00  0.00  0.00  0.00  0.00
  30                      1.00   1.00  0.00  0.00  0.00  0.00  0.00  0.00  0.00  0.00
  32                      1.00   1.00  0.00  0.00  0.00  0.00  0.00  0.00  0.00  0.00
  34                      1.00   1.00  0.00  0.00  0.00  0.00  0.00  0.00  0.00  0.00
  36                      1.00   1.00  0.00  0.00  0.00  0.00  0.00  0.00  0.00  0.00
  38                      1.00   1.00  0.00  0.00  0.00  0.00  0.00  0.00  0.00  0.00
  40                      1.00   1.00  0.00  0.00  0.00  0.00  0.00  0.00  0.00  0.00
  42                      1.00   1.00  0.00  0.00  0.00  0.00  0.00  0.00  0.00  0.00
  44                      1.00   1.00  0.00  0.00  0.00  0.00  0.00  0.00  0.00  0.00
  46                      1.00   1.00  0.00  0.00  0.00  0.00  0.00  0.00  0.00  0.00
  48                      1.00   1.00  0.00  0.00  0.00  0.00  0.00  0.00  0.00  0.00
  50                      1.00   1.00  0.00  0.00  0.00  0.00  0.00  0.00  0.00  0.00
  52                      1.00   1.00  0.00  0.00  0.00  0.00  0.00  0.00  0.00  0.00
  54                      1.00   1.00  0.00  0.00  0.00  0.00  0.00  0.00  0.00  0.00
  56                      1.00   1.00  0.00  0.00  0.00  0.00  0.00  0.00  0.00  0.00
  60                      1.00   1.00  0.00  0.00  0.00  0.00  0.00  0.00  0.00  0.00
  62                      1.00   1.00  0.00  0.00  0.00  0.00  0.00  0.00  0.00  0.00
  64                      1.00   1.00  0.00  0.00  0.00  0.00  0.00  0.00  0.00  0.00
  68                      1.00   1.00  0.00  0.00  0.00  0.00  0.00  0.00  0.00  0.00
  70                      1.00   1.00  0.00  0.00  0.00  0.00  0.00  0.00  0.00  0.00
  72                      1.00   1.00  0.00  0.00  0.00  0.00  0.00  0.00  0.00  0.00
  74                      1.00   1.00  0.00  0.00  0.00  0.00  0.00  0.00  0.00  0.00
  76                      1.00   1.00  0.00  0.00  0.00  0.00  0.00  0.00  0.00  0.00
  78                      1.00   1.00  0.00  0.00  0.00  0.00  0.00  0.00  0.00  0.00
  80                      1.00   1.00  0.00  0.00  0.00  0.00  0.00  0.00  0.00  0.00
  82                      1.00   1.00  0.00  0.00  0.00  0.00  0.00  0.00  0.00  0.00
  84                      1.00   1.00  0.00  0.00  0.00  0.00  0.00  0.00  0.00  0.00
  86                      1.00   1.00  0.00  0.00  0.00  0.00  0.00  0.00  0.00  0.00
  88                      1.00   1.00  0.00  0.00  0.00  0.00  0.00  0.00  0.00  0.00
  90                      1.00   1.00  0.00  0.00  0.00  0.00  0.00  0.00  0.00  0.00
  92                      1.00   1.00  0.00  0.00  0.00  0.00  0.00  0.00  0.00  0.00
  94                      1.00   1.00  0.00  0.00  0.00  0.00  0.00  0.00  0.00  0.00
  96                      1.00   1.00  0.00  0.00  0.00  0.00  0.00  0.00  0.00  0.00
  98                      1.00   1.00  0.00  0.00  0.00  0.00  0.00  0.00  0.00  0.00
  prtun                   1.00   1.00  0.00  0.00  0.00  0.00  0.00  0.00  0.00  0.00
  103                     1.00   0.09  0.00  0.00  0.00  0.00  0.00  0.91  0.00  0.00
  105                     1.00   0.18  0.00  0.00  0.00  0.00  0.00  0.82  0.00  0.00
  107                     1.00   0.28  0.00  0.00  0.00  0.00  0.00  0.72  0.00  0.00
  109                     1.00   0.36  0.00  0.00  0.00  0.00  0.00  0.64  0.00  0.00
  111                     1.00   0.45  0.00  0.00  0.00  0.00  0.00  0.55  0.00  0.00
  112                     1.00   0.54  0.00  0.00  0.00  0.00  0.00  0.46  0.00  0.00
  115                     1.00   0.63  0.00  0.00  0.00  0.00  0.00  0.37  0.00  0.00
  117                     1.00   0.71  0.00  0.00  0.19  0.01  0.00  0.09  0.20  0.00
  118                     1.00   0.80  0.00  0.00  0.11  0.00  0.00  0.09  0.00  0.00
  122                     1.00   0.89  0.00  0.00  0.00  0.00  0.00  0.11  0.00  0.00
  125                     1.00   1.00  0.00  0.00  0.00  0.00  0.00  0.00  0.00  0.00
  129                     1.00   1.00  0.00  0.00  0.00  0.00  0.00  0.00  0.00  0.00
  132                     1.00   0.09  0.00  0.00  0.89  0.00  0.00  0.01  0.00  0.00
  134                     1.00   0.11  0.00  0.00  0.73  0.00  0.16  0.00  0.00  0.00
  136                     1.00   0.18  0.00  0.00  0.75  0.00  0.00  0.07  0.02  0.00
  137                     1.00   0.25  0.75  0.00  0.00  0.00  0.00  0.00  0.00  0.00
  139                     1.00   0.09  0.91  0.00  0.00  0.00  0.00  0.00  0.00  0.00
  140                     1.00   0.25  0.75  0.00  0.00  0.00  0.00  0.00  0.00  0.00
  142                     1.00   1.00  0.00  0.00  0.00  0.00  0.00  0.00  0.00  0.00
  144                     1.00   1.00  0.00  0.00  0.00  0.00  0.00  0.00  0.00  0.00
  145                     1.00   1.00  0.00  0.00  0.00  0.00  0.00  0.00  0.00  0.00
  
  
  *************************
  Conduit Surcharge Summary
  *************************
  
  ----------------------------------------------------------------------------
                                                           Hours        Hours 
                         --------- Hours Full --------   Above Full   Capacity
  Conduit                Both Ends  Upstream  Dnstream   Normal Flow   Limited
  ----------------------------------------------------------------------------
  132                         0.01      0.01      0.02      0.06         0.01
  134                         0.01      0.01      0.23      0.01         0.01
  136                         0.01      0.01     17.77      0.01         0.01
  

  Analysis begun on:  Wed Jul 22 11:33:45 2026
  Analysis ended on:  Wed Jul 22 11:33:45 2026
  Total elapsed time: < 1 sec