
  EPA STORM WATER MANAGEMENT MODEL - VERSION 5.2 (Build 5.2.4)
  ------------------------------------------------------------

  59th Terrace 
  
  ****************
  Analysis Options
  ****************
  Flow Units ............... CFS
  Process Models:
    Rainfall/Runoff ........ NO
    RDII ................... NO
    Snowmelt ............... NO
    Groundwater ............ NO
    Flow Routing ........... YES
    Ponding Allowed ........ NO
    Water Quality .......... NO
  Flow Routing Method ...... DYNWAVE
  Surcharge Method ......... EXTRAN
  Starting Date ............ 01/01/2001 00:00:00
  Ending Date .............. 01/02/2001 00:00:00
  Antecedent Dry Days ...... 0.0
  Report Time Step ......... 00:15:00
  Routing Time Step ........ 15.00 sec
  Variable Time Step ....... YES
  Maximum Trials ........... 50
  Number of Threads ........ 1
  Head Tolerance ........... 0.003300 ft
  
  
  **************************        Volume        Volume
  Flow Routing Continuity        acre-feet      10^6 gal
  **************************     ---------     ---------
  Dry Weather Inflow .......         0.000         0.000
  Wet Weather Inflow .......         0.000         0.000
  Groundwater Inflow .......         0.000         0.000
  RDII Inflow ..............         0.000         0.000
  External Inflow ..........         3.967         1.293
  External Outflow .........         1.246         0.406
  Flooding Loss ............         0.165         0.054
  Evaporation Loss .........         0.000         0.000
  Exfiltration Loss ........         0.000         0.000
  Initial Stored Volume ....         0.000         0.000
  Final Stored Volume ......         0.007         0.002
  Continuity Error (%) .....        64.232
  
  
  *************************
  Highest Continuity Errors
  *************************
  Node 665 (100.00%)
  Node 310O (64.93%)
  Node 666 (16.46%)
  Node 9000 (14.08%)
  
  
  ***************************
  Time-Step Critical Elements
  ***************************
  Link 9000_666 (82.60%)
  
  
  ********************************
  Highest Flow Instability Indexes
  ********************************
  Link Orifice (66)
  
  
  *********************************
  Most Frequent Nonconverging Nodes
  *********************************
  Node 696 (27.30%)
  Node 310O (27.26%)
  Node Weir (25.76%)
  Node 312 (0.36%)
  Node 9000 (0.02%)
  
  
  *************************
  Routing Time Step Summary
  *************************
  Minimum Time Step           :     7.66 sec
  Average Time Step           :    10.51 sec
  Maximum Time Step           :    15.00 sec
  % of Time in Steady State   :     0.00
  Average Iterations per Step :    16.84
  % of Steps Not Converging   :    27.30
  Time Step Frequencies       :
     15.000 -  7.597 sec      :   100.00 %
      7.597 -  3.848 sec      :     0.00 %
      3.848 -  1.949 sec      :     0.00 %
      1.949 -  0.987 sec      :     0.00 %
      0.987 -  0.500 sec      :     0.00 %
  
  
  ******************
  Node Depth Summary
  ******************
  
  ---------------------------------------------------------------------------------
                                 Average  Maximum  Maximum  Time of Max    Reported
                                   Depth    Depth      HGL   Occurrence   Max Depth
  Node                 Type         Feet     Feet     Feet  days hr:min        Feet
  ---------------------------------------------------------------------------------
  312                  JUNCTION    44.49   114.73   995.79     0  23:50      114.73
  650                  JUNCTION     0.00     0.00   874.88     0  00:00        0.00
  652                  JUNCTION     0.00     0.00   874.57     0  00:00        0.00
  654                  JUNCTION     0.00     0.00   865.43     0  00:00        0.00
  656                  JUNCTION     0.00     0.00   865.43     0  00:00        0.00
  9086                 JUNCTION     0.00     0.00   866.00     0  00:00        0.00
  694                  JUNCTION     0.00     0.00   862.11     0  00:00        0.00
  695                  JUNCTION     0.00     0.00   858.87     0  00:00        0.00
  667                  JUNCTION     0.00     0.00   857.73     0  00:00        0.00
  665                  JUNCTION     0.10     0.12   856.93     0  05:57        0.12
  9000                 JUNCTION   738.39   849.39  1707.39     0  05:57      849.26
  666                  JUNCTION   642.72   847.49  1702.95     0  09:38      847.49
  796                  JUNCTION   818.69   856.11  1715.34     0  02:59      856.11
  310O                 JUNCTION   755.58   875.51  1760.01     0  13:26      873.67
  Weir                 JUNCTION   839.84   880.39  1758.28     0  06:31      880.27
  696                  OUTFALL      0.00     0.00   849.23     0  00:00        0.00
  310                  STORAGE      0.00     0.00   884.50     0  00:00        0.00
  
  
  *******************
  Node Inflow Summary
  *******************
  
  -------------------------------------------------------------------------------------------------
                                  Maximum  Maximum                  Lateral       Total        Flow
                                  Lateral    Total  Time of Max      Inflow      Inflow     Balance
                                   Inflow   Inflow   Occurrence      Volume      Volume       Error
  Node                 Type           CFS      CFS  days hr:min    10^6 gal    10^6 gal     Percent
  -------------------------------------------------------------------------------------------------
  312                  JUNCTION      0.00     0.00     0  00:00           0           0       0.000 gal
  650                  JUNCTION      0.00     0.00     0  00:00           0           0       0.000 gal
  652                  JUNCTION      0.00     0.00     0  00:00           0           0       0.000 gal
  654                  JUNCTION      0.00     0.00     0  00:00           0           0       0.000 gal
  656                  JUNCTION      0.00     0.00     0  00:00           0           0       0.000 gal
  9086                 JUNCTION      0.00     0.00     0  00:00           0           0       0.000 gal
  694                  JUNCTION      0.00     0.00     0  00:00           0           0       0.000 gal
  695                  JUNCTION      0.00     0.00     0  00:00           0           0       0.000 gal
  667                  JUNCTION      0.00     0.00     0  00:00           0           0       0.000 gal
  665                  JUNCTION      0.00     0.09     0  05:57           0    1.02e-05      10.211 gal
  9000                 JUNCTION      0.00     1.15     0  03:00           0       0.566      16.382
  666                  JUNCTION      0.00     2.29     0  05:57           0       0.486      19.704
  796                  JUNCTION      1.00     1.00     0  00:00       0.646       0.646      14.224
  310O                 JUNCTION      0.00    36.45     0  06:31           0        0.66     185.183
  Weir                 JUNCTION      1.00    47.16     0  06:31       0.646       0.878      22.939
  696                  OUTFALL       0.00     1.00     0  15:19           0       0.406       0.000
  310                  STORAGE       0.00     0.00     0  00:00           0           0       0.000 gal
  
  
  **********************
  Node Surcharge Summary
  **********************
  
  Surcharging occurs when water rises above the top of the highest conduit.
  ---------------------------------------------------------------------
                                               Max. Height   Min. Depth
                                   Hours       Above Crown    Below Rim
  Node                 Type      Surcharged           Feet         Feet
  ---------------------------------------------------------------------
  Weir                 JUNCTION        0.32          0.000        0.000
  
  
  *********************
  Node Flooding Summary
  *********************
  
  Flooding refers to all water that overflows a node, whether it ponds or not.
  --------------------------------------------------------------------------
                                                             Total   Maximum
                                 Maximum   Time of Max       Flood    Ponded
                        Hours       Rate    Occurrence      Volume     Depth
  Node                 Flooded       CFS   days hr:min    10^6 gal      Feet
  --------------------------------------------------------------------------
  Weir                    0.32     14.97      0  06:31       0.054     0.000
  
  
  **********************
  Storage Volume Summary
  **********************
  
  ------------------------------------------------------------------------------------------------
                         Average    Avg   Evap  Exfil     Maximum    Max    Time of Max    Maximum
                          Volume   Pcnt   Pcnt   Pcnt      Volume   Pcnt     Occurrence    Outflow
  Storage Unit          1000 ft³   Full   Loss   Loss    1000 ft³   Full    days hr:min        CFS
  ------------------------------------------------------------------------------------------------
  310                      0.000    0.0    0.0    0.0       0.000    0.0       0  00:00       0.00
  
  
  ***********************
  Outfall Loading Summary
  ***********************
  
  -----------------------------------------------------------
                         Flow       Avg       Max       Total
                         Freq      Flow      Flow      Volume
  Outfall Node           Pcnt       CFS       CFS    10^6 gal
  -----------------------------------------------------------
  696                   69.01      1.00      1.00       0.406
  -----------------------------------------------------------
  System                69.01      1.00      1.00       0.406
  
  
  ********************
  Link Flow Summary
  ********************
  
  -----------------------------------------------------------------------------
                                 Maximum  Time of Max   Maximum    Max/    Max/
                                  |Flow|   Occurrence   |Veloc|    Full    Full
  Link                 Type          CFS  days hr:min    ft/sec    Flow   Depth
  -----------------------------------------------------------------------------
  312_650              CONDUIT      0.00     0  00:00      0.00    0.00    0.00
  650_652              CONDUIT      0.00     0  00:00      0.00    0.00    0.00
  652_654              CONDUIT      0.00     0  00:00      0.00    0.00    0.00
  654_656              CONDUIT      0.00     0  00:00      0.00    0.00    0.00
  656_9086             CONDUIT      0.00     0  00:00      0.00    0.00    0.00
  9086_694             CONDUIT      0.00     0  00:00      0.00    0.00    0.00
  694_695              CONDUIT      0.00     0  00:00      0.00    0.00    0.00
  695_667              CONDUIT      0.00     0  00:00      0.00    0.00    0.00
  667_665              CONDUIT      0.00     0  00:00      0.00    0.00    0.00
  665_9000             CONDUIT      0.09     0  05:57      0.39    0.00    0.05
  9000_666             CONDUIT      2.29     0  05:57      4.58    0.01    0.08
  666_696              CONDUIT      1.00     0  15:19      2.43    0.01    0.06
  796_9000             CONDUIT      1.15     0  03:00      4.71    0.08    0.19
  97                   CONDUIT      0.00     0  00:00      0.00    0.00    0.00
  Orifice              ORIFICE     46.16     0  06:31                      1.00
  
  
  ***************************
  Flow Classification Summary
  ***************************
  
  -------------------------------------------------------------------------------------
                      Adjusted    ---------- Fraction of Time in Flow Class ---------- 
                       /Actual         Up    Down  Sub   Sup   Up    Down  Norm  Inlet 
  Conduit               Length    Dry  Dry   Dry   Crit  Crit  Crit  Crit  Ltd   Ctrl  
  -------------------------------------------------------------------------------------
  312_650                 1.00   1.00  0.00  0.00  0.00  0.00  0.00  0.00  0.00  0.00
  650_652                 1.00   1.00  0.00  0.00  0.00  0.00  0.00  0.00  0.00  0.00
  652_654                 1.00   1.00  0.00  0.00  0.00  0.00  0.00  0.00  0.00  0.00
  654_656                 1.00   1.00  0.00  0.00  0.00  0.00  0.00  0.00  0.00  0.00
  656_9086                1.00   1.00  0.00  0.00  0.00  0.00  0.00  0.00  0.00  0.00
  9086_694                1.00   1.00  0.00  0.00  0.00  0.00  0.00  0.00  0.00  0.00
  694_695                 1.00   1.00  0.00  0.00  0.00  0.00  0.00  0.00  0.00  0.00
  695_667                 1.00   1.00  0.00  0.00  0.00  0.00  0.00  0.00  0.00  0.00
  667_665                 1.00   1.00  0.00  0.00  0.00  0.00  0.00  0.00  0.00  0.00
  665_9000                1.00   0.25  0.75  0.00  0.00  0.00  0.00  0.00  0.00  0.00
  9000_666                1.00   0.25  0.00  0.00  0.00  0.63  0.00  0.13  0.63  0.00
  666_696                 1.00   0.37  0.00  0.00  0.00  0.00  0.00  0.63  0.00  0.00
  796_9000                1.00   0.12  0.00  0.00  0.00  0.00  0.00  0.88  0.00  0.00
  97                      1.00   1.00  0.00  0.00  0.00  0.00  0.00  0.00  0.00  0.00
  
  
  *************************
  Conduit Surcharge Summary
  *************************
  
  No conduits were surcharged.
  

  Analysis begun on:  Wed Jul 22 11:34:56 2026
  Analysis ended on:  Wed Jul 22 11:34:56 2026
  Total elapsed time: < 1 sec