
  EPA STORM WATER MANAGEMENT MODEL - VERSION 5.2 (Build 5.2.4)
  ------------------------------------------------------------

  BUCYRUS CSO Model 
  WARNING 08: elevation drop exceeds length for Conduit 4101
  WARNING 08: elevation drop exceeds length for Conduit 11103
  WARNING 08: elevation drop exceeds length for Conduit 10101
  WARNING 08: elevation drop exceeds length for Conduit 14001
  WARNING 08: elevation drop exceeds length for Conduit 16103
  WARNING 08: elevation drop exceeds length for Conduit 15101
  WARNING 08: elevation drop exceeds length for Conduit 18105
  WARNING 08: elevation drop exceeds length for Conduit 19105
  WARNING 08: elevation drop exceeds length for Conduit 20101
  WARNING 08: elevation drop exceeds length for Conduit 21103
  WARNING 08: elevation drop exceeds length for Conduit 22103
  WARNING 08: elevation drop exceeds length for Conduit 715
  WARNING 08: elevation drop exceeds length for Conduit 815
  WARNING 08: elevation drop exceeds length for Conduit 915
  WARNING 08: elevation drop exceeds length for Conduit 1215
  WARNING 08: elevation drop exceeds length for Conduit 1225
  WARNING 08: elevation drop exceeds length for Conduit 1315
  WARNING 08: elevation drop exceeds length for Conduit 1325
  WARNING 08: elevation drop exceeds length for Conduit 1335
  WARNING 08: elevation drop exceeds length for Conduit 515
  WARNING 04: minimum elevation drop used for Conduit 414
  WARNING 04: minimum elevation drop used for Conduit 419
  WARNING 04: minimum elevation drop used for Conduit 420
  WARNING 04: minimum elevation drop used for Conduit 421
  WARNING 04: minimum elevation drop used for Conduit 422
  WARNING 04: minimum elevation drop used for Conduit 423
  WARNING 04: minimum elevation drop used for Conduit 424
  WARNING 04: minimum elevation drop used for Conduit 425
  WARNING 04: minimum elevation drop used for Conduit 426
  WARNING 04: minimum elevation drop used for Conduit 427
  WARNING 04: minimum elevation drop used for Conduit 428
  WARNING 04: minimum elevation drop used for Conduit 429
  WARNING 04: minimum elevation drop used for Conduit 430
  WARNING 04: minimum elevation drop used for Conduit 431
  WARNING 04: minimum elevation drop used for Conduit 432
  WARNING 04: minimum elevation drop used for Conduit 433
  WARNING 04: minimum elevation drop used for Conduit 434
  WARNING 04: minimum elevation drop used for Conduit 435
  WARNING 04: minimum elevation drop used for Conduit 436
  WARNING 04: minimum elevation drop used for Conduit 437
  WARNING 04: minimum elevation drop used for Conduit 438
  WARNING 04: minimum elevation drop used for Conduit 439
  WARNING 04: minimum elevation drop used for Conduit 440
  WARNING 04: minimum elevation drop used for Conduit 441
  WARNING 04: minimum elevation drop used for Conduit 442
  WARNING 04: minimum elevation drop used for Conduit 443
  WARNING 04: minimum elevation drop used for Conduit 444
  WARNING 04: minimum elevation drop used for Conduit 445
  WARNING 04: minimum elevation drop used for Conduit 446
  WARNING 04: minimum elevation drop used for Conduit 447
  WARNING 04: minimum elevation drop used for Conduit 448
  WARNING 04: minimum elevation drop used for Conduit 449
  WARNING 04: minimum elevation drop used for Conduit 450
  WARNING 04: minimum elevation drop used for Conduit 451
  WARNING 04: minimum elevation drop used for Conduit 452
  WARNING 04: minimum elevation drop used for Conduit 453
  WARNING 04: minimum elevation drop used for Conduit 454
  WARNING 04: minimum elevation drop used for Conduit 455
  WARNING 04: minimum elevation drop used for Conduit 456
  WARNING 04: minimum elevation drop used for Conduit 457
  WARNING 04: minimum elevation drop used for Conduit 458
  WARNING 04: minimum elevation drop used for Conduit 459
  WARNING 04: minimum elevation drop used for Conduit 460
  WARNING 04: minimum elevation drop used for Conduit 461
  WARNING 04: minimum elevation drop used for Conduit 462
  WARNING 04: minimum elevation drop used for Conduit 463
  WARNING 04: minimum elevation drop used for Conduit 464
  WARNING 08: elevation drop exceeds length for Conduit 468
  WARNING 08: elevation drop exceeds length for Conduit 469
  WARNING 08: elevation drop exceeds length for Conduit 471
  WARNING 04: minimum elevation drop used for Conduit 472
  WARNING 08: elevation drop exceeds length for Conduit 473
  WARNING 08: elevation drop exceeds length for Conduit 474
  WARNING 08: elevation drop exceeds length for Conduit 476
  WARNING 08: elevation drop exceeds length for Conduit 477
  WARNING 04: minimum elevation drop used for Conduit 478
  WARNING 04: minimum elevation drop used for Conduit 479
  WARNING 04: minimum elevation drop used for Conduit 480
  WARNING 04: minimum elevation drop used for Conduit 481
  WARNING 04: minimum elevation drop used for Conduit 482
  WARNING 04: minimum elevation drop used for Conduit 483
  WARNING 04: minimum elevation drop used for Conduit 484
  WARNING 04: minimum elevation drop used for Conduit 485
  WARNING 04: minimum elevation drop used for Conduit 487
  
  ****************
  Analysis Options
  ****************
  Flow Units ............... CFS
  Process Models:
    Rainfall/Runoff ........ NO
    RDII ................... NO
    Snowmelt ............... NO
    Groundwater ............ NO
    Flow Routing ........... YES
    Ponding Allowed ........ NO
    Water Quality .......... NO
  Flow Routing Method ...... DYNWAVE
  Surcharge Method ......... EXTRAN
  Starting Date ............ 01/01/2001 00:00:00
  Ending Date .............. 01/02/2001 00:00:00
  Antecedent Dry Days ...... 0.0
  Report Time Step ......... 00:15:00
  Routing Time Step ........ 10.00 sec
  Variable Time Step ....... YES
  Maximum Trials ........... 100
  Number of Threads ........ 1
  Head Tolerance ........... 0.005000 ft
  
  
  **************************        Volume        Volume
  Flow Routing Continuity        acre-feet      10^6 gal
  **************************     ---------     ---------
  Dry Weather Inflow .......         0.000         0.000
  Wet Weather Inflow .......         0.000         0.000
  Groundwater Inflow .......         0.000         0.000
  RDII Inflow ..............         0.000         0.000
  External Inflow ..........         1.983         0.646
  External Outflow .........         0.000         0.000
  Flooding Loss ............         1.983         0.646
  Evaporation Loss .........         0.000         0.000
  Exfiltration Loss ........         0.000         0.000
  Initial Stored Volume ....         0.000         0.000
  Final Stored Volume ......         0.000         0.000
  Continuity Error (%) .....         0.003
  
  
  ***************************
  Time-Step Critical Elements
  ***************************
  None
  
  
  ********************************
  Highest Flow Instability Indexes
  ********************************
  All links are stable.
  
  
  *********************************
  Most Frequent Nonconverging Nodes
  *********************************
  Convergence obtained at all time steps.
  
  
  *************************
  Routing Time Step Summary
  *************************
  Minimum Time Step           :     9.50 sec
  Average Time Step           :    10.00 sec
  Maximum Time Step           :    10.00 sec
  % of Time in Steady State   :     0.00
  Average Iterations per Step :     2.00
  % of Steps Not Converging   :     0.00
  Time Step Frequencies       :
     10.000 -  5.493 sec      :   100.00 %
      5.493 -  3.017 sec      :     0.00 %
      3.017 -  1.657 sec      :     0.00 %
      1.657 -  0.910 sec      :     0.00 %
      0.910 -  0.500 sec      :     0.00 %
  
  
  ******************
  Node Depth Summary
  ******************
  
  ---------------------------------------------------------------------------------
                                 Average  Maximum  Maximum  Time of Max    Reported
                                   Depth    Depth      HGL   Occurrence   Max Depth
  Node                 Type         Feet     Feet     Feet  days hr:min        Feet
  ---------------------------------------------------------------------------------
  411                  JUNCTION     0.00     0.00     0.00     0  00:00        0.00
  520                  JUNCTION     0.00     0.00     0.00     0  00:00        0.00
  620                  JUNCTION     0.00     0.00     0.00     0  00:00        0.00
  640                  JUNCTION     0.00     0.00     0.00     0  00:00        0.00
  650                  JUNCTION     0.00     0.00     0.00     0  00:00        0.00
  720                  JUNCTION     0.00     0.00     0.00     0  00:00        0.00
  820                  JUNCTION     0.00     0.00     0.00     0  00:00        0.00
  960                  JUNCTION     0.00     0.00     0.00     0  00:00        0.00
  930                  JUNCTION     0.00     0.00     0.00     0  00:00        0.00
  920                  JUNCTION     0.00     0.00     0.00     0  00:00        0.00
  940                  JUNCTION     0.00     0.00     0.00     0  00:00        0.00
  1011                 JUNCTION     0.00     0.00     0.00     0  00:00        0.00
  1111                 JUNCTION     0.00     0.00     0.00     0  00:00        0.00
  1220                 JUNCTION     0.00     0.00     0.00     0  00:00        0.00
  1230                 JUNCTION     0.00     0.00     0.00     0  00:00        0.00
  1320                 JUNCTION     0.00     0.00     0.00     0  00:00        0.00
  1330                 JUNCTION     0.00     0.00     0.00     0  00:00        0.00
  1340                 JUNCTION     0.00     0.00     0.00     0  00:00        0.00
  1411                 JUNCTION     0.00     0.00     0.00     0  00:00        0.00
  1511                 JUNCTION     0.00     0.00     0.00     0  00:00        0.00
  1611                 JUNCTION     0.00     0.00     0.00     0  00:00        0.00
  1711                 JUNCTION     0.00     0.00     0.00     0  00:00        0.00
  1730                 JUNCTION     0.00     0.00     0.00     0  00:00        0.00
  1740                 JUNCTION     0.00     0.00     0.00     0  00:00        0.00
  1750                 JUNCTION     0.00     0.00     0.00     0  00:00        0.00
  1770                 JUNCTION     0.00     0.00     0.00     0  00:00        0.00
  1780                 JUNCTION     0.00     0.00     0.00     0  00:00        0.00
  1790                 JUNCTION     0.00     0.00     0.00     0  00:00        0.00
  1811                 JUNCTION     0.00     0.00     0.00     0  00:00        0.00
  1911                 JUNCTION     0.00     0.00     0.00     0  00:00        0.00
  2011                 JUNCTION     0.00     0.00     0.00     0  00:00        0.00
  2111                 JUNCTION     0.00     0.00     0.00     0  00:00        0.00
  2211                 JUNCTION     0.00     0.00     0.00     0  00:00        0.00
  2230                 JUNCTION     0.00     0.00     0.00     0  00:00        0.00
  2240                 JUNCTION     0.00     0.00     0.00     0  00:00        0.00
  2311                 JUNCTION     0.00     0.00     0.00     0  00:00        0.00
  2320                 JUNCTION     0.00     0.00     0.00     0  00:00        0.00
  2340                 JUNCTION     0.00     0.00     0.00     0  00:00        0.00
  2350                 JUNCTION     0.00     0.00     0.00     0  00:00        0.00
  2360                 JUNCTION     0.00     0.00     0.00     0  00:00        0.00
  2380                 JUNCTION     0.00     0.00     0.00     0  00:00        0.00
  2720                 JUNCTION     0.00     0.00     0.00     0  00:00        0.00
  2730                 JUNCTION     0.00     0.00     0.00     0  00:00        0.00
  2911                 JUNCTION     0.00     0.00     0.00     0  00:00        0.00
  2930                 JUNCTION     0.00     0.00     0.00     0  00:00        0.00
  2940                 JUNCTION     0.00     0.00     0.00     0  00:00        0.00
  311                  JUNCTION     0.00     0.00   989.89     0  00:00        0.00
  310                  JUNCTION     0.00     0.00   976.09     0  00:00        0.00
  5503                 JUNCTION     0.00     0.00   985.61     0  00:00        0.00
  5505                 JUNCTION     0.00     0.00   986.92     0  00:00        0.00
  411_2                JUNCTION     0.00     0.00   993.02     0  00:00        0.00
  410                  JUNCTION     0.00     0.00   983.64     0  00:00        0.00
  511                  JUNCTION     0.00     0.00   987.19     0  00:00        0.00
  510                  JUNCTION     0.00     0.00   975.45     0  00:00        0.00
  05                   JUNCTION     0.00     0.00   977.70     0  00:00        0.00
  5506                 JUNCTION     0.00     0.00   984.36     0  00:00        0.00
  611                  JUNCTION     0.00     0.00   977.65     0  00:00        0.00
  610                  JUNCTION     0.00     0.00   974.91     0  00:00        0.00
  06                   JUNCTION     0.00     0.00   977.70     0  00:00        0.00
  5507                 JUNCTION     0.00     0.00   983.91     0  00:00        0.00
  711                  JUNCTION     0.00     0.00   989.84     0  00:00        0.00
  710                  JUNCTION     0.00     0.00   977.98     0  00:00        0.00
  07                   JUNCTION     0.00     0.00   977.70     0  00:00        0.00
  5508                 JUNCTION     0.00     0.00   981.66     0  00:00        0.00
  811                  JUNCTION     0.00     0.00   980.79     0  00:00        0.00
  812                  JUNCTION     0.00     0.00   975.50     0  00:00        0.00
  810                  JUNCTION     0.00     0.00   975.50     0  00:00        0.00
  08                   JUNCTION     0.00     0.00   975.50     0  00:00        0.00
  5509                 JUNCTION     0.00     0.00   984.76     0  00:00        0.00
  911                  JUNCTION     0.00     0.00   981.83     0  00:00        0.00
  910                  JUNCTION     0.00     0.00   972.40     0  00:00        0.00
  09                   JUNCTION     0.00     0.00   977.70     0  00:00        0.00
  5511                 JUNCTION     0.00     0.00   991.87     0  00:00        0.00
  1111_2               JUNCTION     0.00     0.00   991.89     0  00:00        0.00
  1112                 JUNCTION     0.00     0.00   987.77     0  00:00        0.00
  1110                 JUNCTION     0.00     0.00   983.71     0  00:00        0.00
  1108                 JUNCTION     0.00     0.00   985.87     0  00:00        0.00
  11                   JUNCTION     0.00     0.00   977.70     0  00:00        0.00
  5512                 JUNCTION     0.00     0.00   991.79     0  00:00        0.00
  1211                 JUNCTION     0.00     0.00   983.78     0  00:00        0.00
  1210                 JUNCTION     0.00     0.00   969.95     0  00:00        0.00
  1011_2               JUNCTION     0.00     0.00   980.93     0  00:00        0.00
  12                   JUNCTION     0.00     0.00   966.27     0  00:00        0.00
  5513                 JUNCTION     0.00     0.00   984.93     0  00:00        0.00
  1411_2               JUNCTION     0.00     0.00   998.57     0  00:00        0.00
  1311                 JUNCTION     0.00     0.00   999.01     0  00:00        0.00
  1310                 JUNCTION     0.00     0.00   980.16     0  00:00        0.00
  13                   JUNCTION     0.00     0.00   966.22     0  00:00        0.00
  5515                 JUNCTION     0.00     0.00   988.51     0  00:00        0.00
  1611_2               JUNCTION     0.00     0.00   988.78     0  00:00        0.00
  1612                 JUNCTION     0.00     0.00   983.78     0  00:00        0.00
  1610                 JUNCTION     0.00     0.00   978.70     0  00:00        0.00
  16                   JUNCTION     0.00     0.00   965.87     0  00:00        0.00
  1511_2               JUNCTION     0.00     0.00   991.02     0  00:00        0.00
  1510                 JUNCTION     0.00     0.00   976.84     0  00:00        0.00
  15                   JUNCTION     0.00     0.00   968.75     0  00:00        0.00
  5518                 JUNCTION     0.00     0.00   980.06     0  00:00        0.00
  1711_2               JUNCTION     0.00     0.00   980.69     0  00:00        0.00
  1710                 JUNCTION     0.00     0.00   974.63     0  00:00        0.00
  17                   JUNCTION     0.00     0.00   965.76     0  00:00        0.00
  1811_2               JUNCTION     0.00     0.00   988.70     0  00:00        0.00
  1814                 JUNCTION     0.00     0.00   983.77     0  00:00        0.00
  1812                 JUNCTION     0.00     0.00   980.77     0  00:00        0.00
  1810                 JUNCTION     0.00     0.00   973.57     0  00:00        0.00
  18                   JUNCTION     0.00     0.00   965.66     0  00:00        0.00
  5519                 JUNCTION     0.00     0.00   977.97     0  00:00        0.00
  1911_2               JUNCTION     0.00     0.00   993.14     0  00:00        0.00
  1914                 JUNCTION     0.00     0.00   987.77     0  00:00        0.00
  1912                 JUNCTION     0.00     0.00   987.77     0  00:00        0.00
  1910                 JUNCTION     0.00     0.00   968.42     0  00:00        0.00
  19                   JUNCTION     0.00     0.00   963.88     0  00:00        0.00
  5520                 JUNCTION     0.00     0.00   978.22     0  00:00        0.00
  2011_2               JUNCTION     0.00     0.00   983.42     0  00:00        0.00
  2010                 JUNCTION     0.00     0.00   968.85     0  00:00        0.00
  20                   JUNCTION     0.00     0.00   963.68     0  00:00        0.00
  2111_2               JUNCTION     0.00     0.00   996.62     0  00:00        0.00
  2112                 JUNCTION     0.00     0.00   987.77     0  00:00        0.00
  2110                 JUNCTION     0.00     0.00   969.01     0  00:00        0.00
  21                   JUNCTION     0.00     0.00   961.89     0  00:00        0.00
  5522                 JUNCTION     0.00     0.00   976.93     0  00:00        0.00
  2211_2               JUNCTION     0.00     0.00   977.77     0  00:00        0.00
  2212                 JUNCTION     0.00     0.00   974.25     0  00:00        0.00
  2210                 JUNCTION     0.00     0.00   966.57     0  00:00        0.00
  22                   JUNCTION     0.00     0.00   963.50     0  00:00        0.00
  5523                 JUNCTION     0.00     0.00   976.95     0  00:00        0.00
  2311_2               JUNCTION     0.00     0.00   997.13     0  00:00        0.00
  2312                 JUNCTION     0.00     0.00   987.77     0  00:00        0.00
  2310                 JUNCTION     0.00     0.00   966.99     0  00:00        0.00
  23                   JUNCTION     0.00     0.00   967.78     0  00:00        0.00
  5588                 JUNCTION     0.00     0.00   975.54     0  00:00        0.00
  2711                 JUNCTION     0.00     0.00  1000.90     0  00:00        0.00
  6660                 JUNCTION     0.00     0.00  1005.00     0  00:00        0.00
  6650                 JUNCTION     0.00     0.00  1003.10     0  00:00        0.00
  6640                 JUNCTION     0.00     0.00   999.17     0  00:00        0.00
  2710                 JUNCTION     0.00     0.00   988.05     0  00:00        0.00
  27                   JUNCTION     0.00     0.00   986.04     0  00:00        0.00
  66011                JUNCTION     0.00     0.00   997.77     0  00:00        0.00
  2911_2               JUNCTION     0.00     0.00   990.20     0  00:00        0.00
  29011                JUNCTION     0.00     0.00   990.77     0  00:00        0.00
  5566                 JUNCTION     0.00     0.00   976.92     0  00:00        0.00
  2410                 JUNCTION     0.00     0.00   987.77     0  00:00        0.00
  2510                 JUNCTION     0.00     0.00   975.26     0  00:00        0.00
  2610                 JUNCTION     0.00     0.00   976.65     0  00:00        0.00
  6620                 JUNCTION     0.00     0.00   987.77     0  00:00        0.00
  25                   JUNCTION     0.00     0.00   961.51     0  00:00        0.00
  26                   JUNCTION     0.00     0.00   961.32     0  00:00        0.00
  7820                 JUNCTION     0.00     0.00   992.77     0  00:00        0.00
  7830                 JUNCTION     0.00     0.00   992.77     0  00:00        0.00
  311_2                JUNCTION     0.00     0.00     0.00     0  00:00        0.00
  320                  JUNCTION     0.00     0.00     0.00     0  00:00        0.00
  411_3                JUNCTION     0.00     0.00     0.00     0  00:00        0.00
  511_2                JUNCTION     0.00     0.00     0.00     0  00:00        0.00
  520_2                JUNCTION     0.00     0.00     0.00     0  00:00        0.00
  611_2                JUNCTION     0.00     0.00     0.00     0  00:00        0.00
  620_2                JUNCTION     0.00     0.00     0.00     0  00:00        0.00
  640_2                JUNCTION     0.00     0.00     0.00     0  00:00        0.00
  650_2                JUNCTION     0.00     0.00     0.00     0  00:00        0.00
  711_2                JUNCTION     0.00     0.00     0.00     0  00:00        0.00
  720_2                JUNCTION     0.00     0.00     0.00     0  00:00        0.00
  811_2                JUNCTION     0.00     0.00     0.00     0  00:00        0.00
  820_2                JUNCTION     0.00     0.00     0.00     0  00:00        0.00
  911_2                JUNCTION     0.00     0.00     0.00     0  00:00        0.00
  920_2                JUNCTION     0.00     0.00     0.00     0  00:00        0.00
  930_2                JUNCTION     0.00     0.00     0.00     0  00:00        0.00
  940_2                JUNCTION     0.00     0.00     0.00     0  00:00        0.00
  960_2                JUNCTION     0.00     0.00     0.00     0  00:00        0.00
  1011_3               JUNCTION     0.00     0.00     0.00     0  00:00        0.00
  1111_3               JUNCTION     0.00     0.00     0.00     0  00:00        0.00
  1211_2               JUNCTION     0.00     0.00     0.00     0  00:00        0.00
  1220_2               JUNCTION     0.00     0.00     0.00     0  00:00        0.00
  1230_2               JUNCTION     0.00     0.00     0.00     0  00:00        0.00
  1311_2               JUNCTION     0.00     0.00     0.00     0  00:00        0.00
  1320_2               JUNCTION     0.00     0.00     0.00     0  00:00        0.00
  1330_2               JUNCTION     0.00     0.00     0.00     0  00:00        0.00
  1340_2               JUNCTION     0.00     0.00     0.00     0  00:00        0.00
  1411_3               JUNCTION     0.00     0.00     0.00     0  00:00        0.00
  1511_3               JUNCTION     0.00     0.00     0.00     0  00:00        0.00
  1611_3               JUNCTION     0.00     0.00     0.00     0  00:00        0.00
  1711_3               JUNCTION     0.00     0.00     0.00     0  00:00        0.00
  1730_2               JUNCTION     0.00     0.00     0.00     0  00:00        0.00
  1740_2               JUNCTION     0.00     0.00     0.00     0  00:00        0.00
  1750_2               JUNCTION     0.00     0.00     0.00     0  00:00        0.00
  1760                 JUNCTION     0.00     0.00     0.00     0  00:00        0.00
  1770_2               JUNCTION     0.00     0.00     0.00     0  00:00        0.00
  1780_2               JUNCTION     0.00     0.00     0.00     0  00:00        0.00
  1790_2               JUNCTION     0.00     0.00     0.00     0  00:00        0.00
  1811_3               JUNCTION     0.00     0.00     0.00     0  00:00        0.00
  1911_3               JUNCTION     0.00     0.00     0.00     0  00:00        0.00
  2011_3               JUNCTION     0.00     0.00     0.00     0  00:00        0.00
  2111_3               JUNCTION     0.00     0.00     0.00     0  00:00        0.00
  2211_3               JUNCTION     0.00     0.00     0.00     0  00:00        0.00
  2240_2               JUNCTION     0.00     0.00     0.00     0  00:00        0.00
  2230_2               JUNCTION     0.00     0.00     0.00     0  00:00        0.00
  2311_3               JUNCTION     0.00     0.00     0.00     0  00:00        0.00
  2320_2               JUNCTION     0.00     0.00     0.00     0  00:00        0.00
  2330                 JUNCTION     0.00     0.00     0.00     0  00:00        0.00
  2340_2               JUNCTION     0.00     0.00     0.00     0  00:00        0.00
  2350_2               JUNCTION     0.00     0.00     0.00     0  00:00        0.00
  2360_2               JUNCTION     0.00     0.00     0.00     0  00:00        0.00
  2370                 JUNCTION     0.00     0.00     0.00     0  00:00        0.00
  2380_2               JUNCTION     0.00     0.00     0.00     0  00:00        0.00
  2711_2               JUNCTION     0.00     0.00     0.00     0  00:00        0.00
  2720_2               JUNCTION     0.00     0.00     0.00     0  00:00        0.00
  2730_2               JUNCTION     0.00     0.00     0.00     0  00:00        0.00
  2911_3               JUNCTION     0.00     0.00     0.00     0  00:00        0.00
  2930_2               JUNCTION     0.00     0.00     0.00     0  00:00        0.00
  2940_2               JUNCTION     0.00     0.00     0.00     0  00:00        0.00
  29                   JUNCTION     0.00     0.00   965.00     0  00:00        0.00
  1702                 JUNCTION     0.00     0.00   974.00     0  00:00        0.00
  5577                 JUNCTION     0.00     0.00   975.54     0  00:00        0.00
  24                   JUNCTION     0.00     0.00   987.00     0  00:00        0.00
  Inflpump2            JUNCTION     0.00     0.00     0.00     0  00:00        0.00
  03                   OUTFALL      0.00     0.00   977.70     0  00:00        0.00
  7810                 STORAGE      0.00     0.00   980.00     0  00:00        0.00
  2910                 STORAGE      0.00     0.00   980.61     0  00:00        0.00
  
  
  *******************
  Node Inflow Summary
  *******************
  
  -------------------------------------------------------------------------------------------------
                                  Maximum  Maximum                  Lateral       Total        Flow
                                  Lateral    Total  Time of Max      Inflow      Inflow     Balance
                                   Inflow   Inflow   Occurrence      Volume      Volume       Error
  Node                 Type           CFS      CFS  days hr:min    10^6 gal    10^6 gal     Percent
  -------------------------------------------------------------------------------------------------
  411                  JUNCTION      0.00     0.00     0  00:00           0           0       0.000 gal
  520                  JUNCTION      0.00     0.00     0  00:00           0           0       0.000 gal
  620                  JUNCTION      0.00     0.00     0  00:00           0           0       0.000 gal
  640                  JUNCTION      0.00     0.00     0  00:00           0           0       0.000 gal
  650                  JUNCTION      0.00     0.00     0  00:00           0           0       0.000 gal
  720                  JUNCTION      0.00     0.00     0  00:00           0           0       0.000 gal
  820                  JUNCTION      0.00     0.00     0  00:00           0           0       0.000 gal
  960                  JUNCTION      0.00     0.00     0  00:00           0           0       0.000 gal
  930                  JUNCTION      0.00     0.00     0  00:00           0           0       0.000 gal
  920                  JUNCTION      0.00     0.00     0  00:00           0           0       0.000 gal
  940                  JUNCTION      0.00     0.00     0  00:00           0           0       0.000 gal
  1011                 JUNCTION      0.00     0.00     0  00:00           0           0       0.000 gal
  1111                 JUNCTION      0.00     0.00     0  00:00           0           0       0.000 gal
  1220                 JUNCTION      0.00     0.00     0  00:00           0           0       0.000 gal
  1230                 JUNCTION      0.00     0.00     0  00:00           0           0       0.000 gal
  1320                 JUNCTION      0.00     0.00     0  00:00           0           0       0.000 gal
  1330                 JUNCTION      0.00     0.00     0  00:00           0           0       0.000 gal
  1340                 JUNCTION      0.00     0.00     0  00:00           0           0       0.000 gal
  1411                 JUNCTION      0.00     0.00     0  00:00           0           0       0.000 gal
  1511                 JUNCTION      0.00     0.00     0  00:00           0           0       0.000 gal
  1611                 JUNCTION      0.00     0.00     0  00:00           0           0       0.000 gal
  1711                 JUNCTION      0.00     0.00     0  00:00           0           0       0.000 gal
  1730                 JUNCTION      0.00     0.00     0  00:00           0           0       0.000 gal
  1740                 JUNCTION      0.00     0.00     0  00:00           0           0       0.000 gal
  1750                 JUNCTION      0.00     0.00     0  00:00           0           0       0.000 gal
  1770                 JUNCTION      0.00     0.00     0  00:00           0           0       0.000 gal
  1780                 JUNCTION      0.00     0.00     0  00:00           0           0       0.000 gal
  1790                 JUNCTION      0.00     0.00     0  00:00           0           0       0.000 gal
  1811                 JUNCTION      0.00     0.00     0  00:00           0           0       0.000 gal
  1911                 JUNCTION      0.00     0.00     0  00:00           0           0       0.000 gal
  2011                 JUNCTION      0.00     0.00     0  00:00           0           0       0.000 gal
  2111                 JUNCTION      0.00     0.00     0  00:00           0           0       0.000 gal
  2211                 JUNCTION      0.00     0.00     0  00:00           0           0       0.000 gal
  2230                 JUNCTION      0.00     0.00     0  00:00           0           0       0.000 gal
  2240                 JUNCTION      0.00     0.00     0  00:00           0           0       0.000 gal
  2311                 JUNCTION      0.00     0.00     0  00:00           0           0       0.000 gal
  2320                 JUNCTION      0.00     0.00     0  00:00           0           0       0.000 gal
  2340                 JUNCTION      0.00     0.00     0  00:00           0           0       0.000 gal
  2350                 JUNCTION      0.00     0.00     0  00:00           0           0       0.000 gal
  2360                 JUNCTION      0.00     0.00     0  00:00           0           0       0.000 gal
  2380                 JUNCTION      0.00     0.00     0  00:00           0           0       0.000 gal
  2720                 JUNCTION      0.00     0.00     0  00:00           0           0       0.000 gal
  2730                 JUNCTION      0.00     0.00     0  00:00           0           0       0.000 gal
  2911                 JUNCTION      0.00     0.00     0  00:00           0           0       0.000 gal
  2930                 JUNCTION      0.00     0.00     0  00:00           0           0       0.000 gal
  2940                 JUNCTION      0.00     0.00     0  00:00           0           0       0.000 gal
  311                  JUNCTION      0.00     0.00     0  00:00           0           0       0.000 gal
  310                  JUNCTION      0.00     0.00     0  00:00           0           0       0.000 gal
  5503                 JUNCTION      0.00     0.00     0  00:00           0           0       0.000 gal
  5505                 JUNCTION      0.00     0.00     0  00:00           0           0       0.000 gal
  411_2                JUNCTION      0.00     0.00     0  00:00           0           0       0.000 gal
  410                  JUNCTION      0.00     0.00     0  00:00           0           0       0.000 gal
  511                  JUNCTION      0.00     0.00     0  00:00           0           0       0.000 gal
  510                  JUNCTION      0.00     0.00     0  00:00           0           0       0.000 gal
  05                   JUNCTION      0.00     0.00     0  00:00           0           0       0.000 gal
  5506                 JUNCTION      0.00     0.00     0  00:00           0           0       0.000 gal
  611                  JUNCTION      0.00     0.00     0  00:00           0           0       0.000 gal
  610                  JUNCTION      0.00     0.00     0  00:00           0           0       0.000 gal
  06                   JUNCTION      0.00     0.00     0  00:00           0           0       0.000 gal
  5507                 JUNCTION      0.00     0.00     0  00:00           0           0       0.000 gal
  711                  JUNCTION      0.00     0.00     0  00:00           0           0       0.000 gal
  710                  JUNCTION      0.00     0.00     0  00:00           0           0       0.000 gal
  07                   JUNCTION      0.00     0.00     0  00:00           0           0       0.000 gal
  5508                 JUNCTION      0.00     0.00     0  00:00           0           0       0.000 gal
  811                  JUNCTION      0.00     0.00     0  00:00           0           0       0.000 gal
  812                  JUNCTION      0.00     0.00     0  00:00           0           0       0.000 gal
  810                  JUNCTION      0.00     0.00     0  00:00           0           0       0.000 gal
  08                   JUNCTION      0.00     0.00     0  00:00           0           0       0.000 gal
  5509                 JUNCTION      0.00     0.00     0  00:00           0           0       0.000 gal
  911                  JUNCTION      0.00     0.00     0  00:00           0           0       0.000 gal
  910                  JUNCTION      0.00     0.00     0  00:00           0           0       0.000 gal
  09                   JUNCTION      0.00     0.00     0  00:00           0           0       0.000 gal
  5511                 JUNCTION      0.00     0.00     0  00:00           0           0       0.000 gal
  1111_2               JUNCTION      0.00     0.00     0  00:00           0           0       0.000 gal
  1112                 JUNCTION      0.00     0.00     0  00:00           0           0       0.000 gal
  1110                 JUNCTION      0.00     0.00     0  00:00           0           0       0.000 gal
  1108                 JUNCTION      0.00     0.00     0  00:00           0           0       0.000 gal
  11                   JUNCTION      0.00     0.00     0  00:00           0           0       0.000 gal
  5512                 JUNCTION      0.00     0.00     0  00:00           0           0       0.000 gal
  1211                 JUNCTION      0.00     0.00     0  00:00           0           0       0.000 gal
  1210                 JUNCTION      0.00     0.00     0  00:00           0           0       0.000 gal
  1011_2               JUNCTION      0.00     0.00     0  00:00           0           0       0.000 gal
  12                   JUNCTION      0.00     0.00     0  00:00           0           0       0.000 gal
  5513                 JUNCTION      0.00     0.00     0  00:00           0           0       0.000 gal
  1411_2               JUNCTION      0.00     0.00     0  00:00           0           0       0.000 gal
  1311                 JUNCTION      0.00     0.00     0  00:00           0           0       0.000 gal
  1310                 JUNCTION      0.00     0.00     0  00:00           0           0       0.000 gal
  13                   JUNCTION      0.00     0.00     0  00:00           0           0       0.000 gal
  5515                 JUNCTION      0.00     0.00     0  00:00           0           0       0.000 gal
  1611_2               JUNCTION      0.00     0.00     0  00:00           0           0       0.000 gal
  1612                 JUNCTION      0.00     0.00     0  00:00           0           0       0.000 gal
  1610                 JUNCTION      0.00     0.00     0  00:00           0           0       0.000 gal
  16                   JUNCTION      0.00     0.00     0  00:00           0           0       0.000 gal
  1511_2               JUNCTION      0.00     0.00     0  00:00           0           0       0.000 gal
  1510                 JUNCTION      0.00     0.00     0  00:00           0           0       0.000 gal
  15                   JUNCTION      0.00     0.00     0  00:00           0           0       0.000 gal
  5518                 JUNCTION      0.00     0.00     0  00:00           0           0       0.000 gal
  1711_2               JUNCTION      0.00     0.00     0  00:00           0           0       0.000 gal
  1710                 JUNCTION      0.00     0.00     0  00:00           0           0       0.000 gal
  17                   JUNCTION      0.00     0.00     0  00:00           0           0       0.000 gal
  1811_2               JUNCTION      0.00     0.00     0  00:00           0           0       0.000 gal
  1814                 JUNCTION      0.00     0.00     0  00:00           0           0       0.000 gal
  1812                 JUNCTION      0.00     0.00     0  00:00           0           0       0.000 gal
  1810                 JUNCTION      0.00     0.00     0  00:00           0           0       0.000 gal
  18                   JUNCTION      0.00     0.00     0  00:00           0           0       0.000 gal
  5519                 JUNCTION      0.00     0.00     0  00:00           0           0       0.000 gal
  1911_2               JUNCTION      0.00     0.00     0  00:00           0           0       0.000 gal
  1914                 JUNCTION      0.00     0.00     0  00:00           0           0       0.000 gal
  1912                 JUNCTION      0.00     0.00     0  00:00           0           0       0.000 gal
  1910                 JUNCTION      0.00     0.00     0  00:00           0           0       0.000 gal
  19                   JUNCTION      0.00     0.00     0  00:00           0           0       0.000 gal
  5520                 JUNCTION      0.00     0.00     0  00:00           0           0       0.000 gal
  2011_2               JUNCTION      0.00     0.00     0  00:00           0           0       0.000 gal
  2010                 JUNCTION      0.00     0.00     0  00:00           0           0       0.000 gal
  20                   JUNCTION      0.00     0.00     0  00:00           0           0       0.000 gal
  2111_2               JUNCTION      0.00     0.00     0  00:00           0           0       0.000 gal
  2112                 JUNCTION      0.00     0.00     0  00:00           0           0       0.000 gal
  2110                 JUNCTION      0.00     0.00     0  00:00           0           0       0.000 gal
  21                   JUNCTION      0.00     0.00     0  00:00           0           0       0.000 gal
  5522                 JUNCTION      0.00     0.00     0  00:00           0           0       0.000 gal
  2211_2               JUNCTION      0.00     0.00     0  00:00           0           0       0.000 gal
  2212                 JUNCTION      0.00     0.00     0  00:00           0           0       0.000 gal
  2210                 JUNCTION      0.00     0.00     0  00:00           0           0       0.000 gal
  22                   JUNCTION      0.00     0.00     0  00:00           0           0       0.000 gal
  5523                 JUNCTION      0.00     0.00     0  00:00           0           0       0.000 gal
  2311_2               JUNCTION      0.00     0.00     0  00:00           0           0       0.000 gal
  2312                 JUNCTION      0.00     0.00     0  00:00           0           0       0.000 gal
  2310                 JUNCTION      0.00     0.00     0  00:00           0           0       0.000 gal
  23                   JUNCTION      0.00     0.00     0  00:00           0           0       0.000 gal
  5588                 JUNCTION      0.00     0.00     0  00:00           0           0       0.000 gal
  2711                 JUNCTION      0.00     0.00     0  00:00           0           0       0.000 gal
  6660                 JUNCTION      0.00     0.00     0  00:00           0           0       0.000 gal
  6650                 JUNCTION      0.00     0.00     0  00:00           0           0       0.000 gal
  6640                 JUNCTION      0.00     0.00     0  00:00           0           0       0.000 gal
  2710                 JUNCTION      0.00     0.00     0  00:00           0           0       0.000 gal
  27                   JUNCTION      0.00     0.00     0  00:00           0           0       0.000 gal
  66011                JUNCTION      0.00     0.00     0  00:00           0           0       0.000 gal
  2911_2               JUNCTION      0.00     0.00     0  00:00           0           0       0.000 gal
  29011                JUNCTION      0.00     0.00     0  00:00           0           0       0.000 gal
  5566                 JUNCTION      0.00     0.00     0  00:00           0           0       0.000 gal
  2410                 JUNCTION      0.00     0.00     0  00:00           0           0       0.000 gal
  2510                 JUNCTION      0.00     0.00     0  00:00           0           0       0.000 gal
  2610                 JUNCTION      0.00     0.00     0  00:00           0           0       0.000 gal
  6620                 JUNCTION      0.00     0.00     0  00:00           0           0       0.000 gal
  25                   JUNCTION      0.00     0.00     0  00:00           0           0       0.000 gal
  26                   JUNCTION      0.00     0.00     0  00:00           0           0       0.000 gal
  7820                 JUNCTION      0.00     0.00     0  00:00           0           0       0.000 gal
  7830                 JUNCTION      0.00     0.00     0  00:00           0           0       0.000 gal
  311_2                JUNCTION      0.00     0.00     0  00:00           0           0       0.000 gal
  320                  JUNCTION      0.00     0.00     0  00:00           0           0       0.000 gal
  411_3                JUNCTION      0.00     0.00     0  00:00           0           0       0.000 gal
  511_2                JUNCTION      0.00     0.00     0  00:00           0           0       0.000 gal
  520_2                JUNCTION      0.00     0.00     0  00:00           0           0       0.000 gal
  611_2                JUNCTION      0.00     0.00     0  00:00           0           0       0.000 gal
  620_2                JUNCTION      0.00     0.00     0  00:00           0           0       0.000 gal
  640_2                JUNCTION      0.00     0.00     0  00:00           0           0       0.000 gal
  650_2                JUNCTION      0.00     0.00     0  00:00           0           0       0.000 gal
  711_2                JUNCTION      0.00     0.00     0  00:00           0           0       0.000 gal
  720_2                JUNCTION      0.00     0.00     0  00:00           0           0       0.000 gal
  811_2                JUNCTION      0.00     0.00     0  00:00           0           0       0.000 gal
  820_2                JUNCTION      0.00     0.00     0  00:00           0           0       0.000 gal
  911_2                JUNCTION      0.00     0.00     0  00:00           0           0       0.000 gal
  920_2                JUNCTION      0.00     0.00     0  00:00           0           0       0.000 gal
  930_2                JUNCTION      0.00     0.00     0  00:00           0           0       0.000 gal
  940_2                JUNCTION      0.00     0.00     0  00:00           0           0       0.000 gal
  960_2                JUNCTION      0.00     0.00     0  00:00           0           0       0.000 gal
  1011_3               JUNCTION      0.00     0.00     0  00:00           0           0       0.000 gal
  1111_3               JUNCTION      0.00     0.00     0  00:00           0           0       0.000 gal
  1211_2               JUNCTION      0.00     0.00     0  00:00           0           0       0.000 gal
  1220_2               JUNCTION      0.00     0.00     0  00:00           0           0       0.000 gal
  1230_2               JUNCTION      0.00     0.00     0  00:00           0           0       0.000 gal
  1311_2               JUNCTION      0.00     0.00     0  00:00           0           0       0.000 gal
  1320_2               JUNCTION      0.00     0.00     0  00:00           0           0       0.000 gal
  1330_2               JUNCTION      0.00     0.00     0  00:00           0           0       0.000 gal
  1340_2               JUNCTION      0.00     0.00     0  00:00           0           0       0.000 gal
  1411_3               JUNCTION      0.00     0.00     0  00:00           0           0       0.000 gal
  1511_3               JUNCTION      0.00     0.00     0  00:00           0           0       0.000 gal
  1611_3               JUNCTION      0.00     0.00     0  00:00           0           0       0.000 gal
  1711_3               JUNCTION      0.00     0.00     0  00:00           0           0       0.000 gal
  1730_2               JUNCTION      0.00     0.00     0  00:00           0           0       0.000 gal
  1740_2               JUNCTION      0.00     0.00     0  00:00           0           0       0.000 gal
  1750_2               JUNCTION      0.00     0.00     0  00:00           0           0       0.000 gal
  1760                 JUNCTION      0.00     0.00     0  00:00           0           0       0.000 gal
  1770_2               JUNCTION      0.00     0.00     0  00:00           0           0       0.000 gal
  1780_2               JUNCTION      0.00     0.00     0  00:00           0           0       0.000 gal
  1790_2               JUNCTION      0.00     0.00     0  00:00           0           0       0.000 gal
  1811_3               JUNCTION      0.00     0.00     0  00:00           0           0       0.000 gal
  1911_3               JUNCTION      0.00     0.00     0  00:00           0           0       0.000 gal
  2011_3               JUNCTION      0.00     0.00     0  00:00           0           0       0.000 gal
  2111_3               JUNCTION      0.00     0.00     0  00:00           0           0       0.000 gal
  2211_3               JUNCTION      0.00     0.00     0  00:00           0           0       0.000 gal
  2240_2               JUNCTION      0.00     0.00     0  00:00           0           0       0.000 gal
  2230_2               JUNCTION      0.00     0.00     0  00:00           0           0       0.000 gal
  2311_3               JUNCTION      0.00     0.00     0  00:00           0           0       0.000 gal
  2320_2               JUNCTION      0.00     0.00     0  00:00           0           0       0.000 gal
  2330                 JUNCTION      0.00     0.00     0  00:00           0           0       0.000 gal
  2340_2               JUNCTION      0.00     0.00     0  00:00           0           0       0.000 gal
  2350_2               JUNCTION      0.00     0.00     0  00:00           0           0       0.000 gal
  2360_2               JUNCTION      0.00     0.00     0  00:00           0           0       0.000 gal
  2370                 JUNCTION      0.00     0.00     0  00:00           0           0       0.000 gal
  2380_2               JUNCTION      0.00     0.00     0  00:00           0           0       0.000 gal
  2711_2               JUNCTION      0.00     0.00     0  00:00           0           0       0.000 gal
  2720_2               JUNCTION      0.00     0.00     0  00:00           0           0       0.000 gal
  2730_2               JUNCTION      0.00     0.00     0  00:00           0           0       0.000 gal
  2911_3               JUNCTION      0.00     0.00     0  00:00           0           0       0.000 gal
  2930_2               JUNCTION      0.00     0.00     0  00:00           0           0       0.000 gal
  2940_2               JUNCTION      0.00     0.00     0  00:00           0           0       0.000 gal
  29                   JUNCTION      0.00     0.00     0  00:00           0           0       0.000 gal
  1702                 JUNCTION      0.00     0.00     0  00:00           0           0       0.000 gal
  5577                 JUNCTION      0.00     0.00     0  00:00           0           0       0.000 gal
  24                   JUNCTION      0.00     0.00     0  00:00           0           0       0.000 gal
  Inflpump2            JUNCTION      1.00     1.00     0  00:00       0.646       0.646       0.003
  03                   OUTFALL       0.00     0.00     0  00:00           0           0       0.000 gal
  7810                 STORAGE       0.00     0.00     0  00:00           0           0       0.000 gal
  2910                 STORAGE       0.00     0.00     0  00:00           0           0       0.000 gal
  
  
  **********************
  Node Surcharge Summary
  **********************
  
  Surcharging occurs when water rises above the top of the highest conduit.
  ---------------------------------------------------------------------
                                               Max. Height   Min. Depth
                                   Hours       Above Crown    Below Rim
  Node                 Type      Surcharged           Feet         Feet
  ---------------------------------------------------------------------
  411_2                JUNCTION       24.00          0.000        0.000
  1111_2               JUNCTION       24.00          0.000        0.000
  1011_2               JUNCTION       24.00          0.000        0.000
  1411_2               JUNCTION       24.00          0.000        0.000
  1611_2               JUNCTION       24.00          0.000        0.000
  1511_2               JUNCTION       24.00          0.000        0.000
  1711_2               JUNCTION       24.00          0.000        0.000
  1811_2               JUNCTION       24.00          0.000        0.000
  1911_2               JUNCTION       24.00          0.000        0.000
  2011_2               JUNCTION       24.00          0.000        0.000
  2111_2               JUNCTION       24.00          0.000        0.000
  2211_2               JUNCTION       24.00          0.000        0.000
  2311_2               JUNCTION       24.00          0.000        0.000
  2911_2               JUNCTION       24.00          0.000        0.000
  311_2                JUNCTION       24.00          0.000        0.000
  411_3                JUNCTION       24.00          0.000        0.000
  511_2                JUNCTION       24.00          0.000        0.000
  520_2                JUNCTION       24.00          0.000        0.000
  611_2                JUNCTION       24.00          0.000        0.000
  620_2                JUNCTION       24.00          0.000        0.000
  640_2                JUNCTION       24.00          0.000        0.000
  650_2                JUNCTION       24.00          0.000        0.000
  711_2                JUNCTION       24.00          0.000        0.000
  720_2                JUNCTION       24.00          0.000        0.000
  811_2                JUNCTION       24.00          0.000        0.000
  820_2                JUNCTION       24.00          0.000        0.000
  911_2                JUNCTION       24.00          0.000        0.000
  920_2                JUNCTION       24.00          0.000        0.000
  930_2                JUNCTION       24.00          0.000        0.000
  940_2                JUNCTION       24.00          0.000        0.000
  960_2                JUNCTION       24.00          0.000        0.000
  1011_3               JUNCTION       24.00          0.000        0.000
  1111_3               JUNCTION       24.00          0.000        0.000
  1211_2               JUNCTION       24.00          0.000        0.000
  1220_2               JUNCTION       24.00          0.000        0.000
  1230_2               JUNCTION       24.00          0.000        0.000
  1311_2               JUNCTION       24.00          0.000        0.000
  1320_2               JUNCTION       24.00          0.000        0.000
  1330_2               JUNCTION       24.00          0.000        0.000
  1340_2               JUNCTION       24.00          0.000        0.000
  1411_3               JUNCTION       24.00          0.000        0.000
  1511_3               JUNCTION       24.00          0.000        0.000
  1611_3               JUNCTION       24.00          0.000        0.000
  1711_3               JUNCTION       24.00          0.000        0.000
  1730_2               JUNCTION       24.00          0.000        0.000
  1740_2               JUNCTION       24.00          0.000        0.000
  1750_2               JUNCTION       24.00          0.000        0.000
  1770_2               JUNCTION       24.00          0.000        0.000
  1780_2               JUNCTION       24.00          0.000        0.000
  1790_2               JUNCTION       24.00          0.000        0.000
  1811_3               JUNCTION       24.00          0.000        0.000
  1911_3               JUNCTION       24.00          0.000        0.000
  2011_3               JUNCTION       24.00          0.000        0.000
  2111_3               JUNCTION       24.00          0.000        0.000
  2211_3               JUNCTION       24.00          0.000        0.000
  2240_2               JUNCTION       24.00          0.000        0.000
  2230_2               JUNCTION       24.00          0.000        0.000
  2311_3               JUNCTION       24.00          0.000        0.000
  2320_2               JUNCTION       24.00          0.000        0.000
  2340_2               JUNCTION       24.00          0.000        0.000
  2350_2               JUNCTION       24.00          0.000        0.000
  2360_2               JUNCTION       24.00          0.000        0.000
  2380_2               JUNCTION       24.00          0.000        0.000
  2711_2               JUNCTION       24.00          0.000        0.000
  2720_2               JUNCTION       24.00          0.000        0.000
  2730_2               JUNCTION       24.00          0.000        0.000
  2911_3               JUNCTION       24.00          0.000        0.000
  2930_2               JUNCTION       24.00          0.000        0.000
  2940_2               JUNCTION       24.00          0.000        0.000
  Inflpump2            JUNCTION       24.00          0.000        0.000
  
  
  *********************
  Node Flooding Summary
  *********************
  
  Flooding refers to all water that overflows a node, whether it ponds or not.
  --------------------------------------------------------------------------
                                                             Total   Maximum
                                 Maximum   Time of Max       Flood    Ponded
                        Hours       Rate    Occurrence      Volume     Depth
  Node                 Flooded       CFS   days hr:min    10^6 gal      Feet
  --------------------------------------------------------------------------
  Inflpump2              24.00      1.00      0  00:00       0.646     0.000
  
  
  **********************
  Storage Volume Summary
  **********************
  
  ------------------------------------------------------------------------------------------------
                         Average    Avg   Evap  Exfil     Maximum    Max    Time of Max    Maximum
                          Volume   Pcnt   Pcnt   Pcnt      Volume   Pcnt     Occurrence    Outflow
  Storage Unit          1000 ft³   Full   Loss   Loss    1000 ft³   Full    days hr:min        CFS
  ------------------------------------------------------------------------------------------------
  7810                     0.000    0.0    0.0    0.0       0.000    0.0       0  00:00       0.00
  2910                     0.000    0.0    0.0    0.0       0.000    0.0       0  00:00       0.00
  
  
  ***********************
  Outfall Loading Summary
  ***********************
  
  -----------------------------------------------------------
                         Flow       Avg       Max       Total
                         Freq      Flow      Flow      Volume
  Outfall Node           Pcnt       CFS       CFS    10^6 gal
  -----------------------------------------------------------
  03                     0.00      0.00      0.00       0.000
  -----------------------------------------------------------
  System                 0.00      0.00      0.00       0.000
  
  
  ********************
  Link Flow Summary
  ********************
  
  -----------------------------------------------------------------------------
                                 Maximum  Time of Max   Maximum    Max/    Max/
                                  |Flow|   Occurrence   |Veloc|    Full    Full
  Link                 Type          CFS  days hr:min    ft/sec    Flow   Depth
  -----------------------------------------------------------------------------
  3101                 CONDUIT      0.00     0  00:00      0.00    0.00    0.00
  3001                 CONDUIT      0.00     0  00:00      0.00    0.00    0.00
  3999                 CONDUIT      0.00     0  00:00      0.00    0.00    0.00
  55055                CONDUIT      0.00     0  00:00      0.00    0.00    0.00
  4101                 CONDUIT      0.00     0  00:00      0.00    0.00    0.00
  4001                 CONDUIT      0.00     0  00:00      0.00    0.00    0.00
  5101                 CONDUIT      0.00     0  00:00      0.00    0.00    0.00
  5001                 CONDUIT      0.00     0  00:00      0.00    0.00    0.00
  5999                 CONDUIT      0.00     0  00:00      0.00    0.00    0.00
  55065                CONDUIT      0.00     0  00:00      0.00    0.00    0.00
  6101                 CONDUIT      0.00     0  00:00      0.00    0.00    0.00
  6001                 CONDUIT      0.00     0  00:00      0.00    0.00    0.00
  6999                 CONDUIT      0.00     0  00:00      0.00    0.00    0.00
  55075                CONDUIT      0.00     0  00:00      0.00    0.00    0.00
  7101                 CONDUIT      0.00     0  00:00      0.00    0.00    0.00
  7001                 CONDUIT      0.00     0  00:00      0.00    0.00    0.00
  7999                 CONDUIT      0.00     0  00:00      0.00    0.00    0.00
  55085                CONDUIT      0.00     0  00:00      0.00    0.00    0.00
  8103                 CONDUIT      0.00     0  00:00      0.00    0.00    0.00
  8101                 CONDUIT      0.00     0  00:00      0.00    0.00    0.00
  8001                 CONDUIT      0.00     0  00:00      0.00    0.00    0.00
  8999                 CONDUIT      0.00     0  00:00      0.00    0.00    0.00
  55095                CONDUIT      0.00     0  00:00      0.00    0.00    0.00
  9101                 CONDUIT      0.00     0  00:00      0.00    0.00    0.00
  9001                 CONDUIT      0.00     0  00:00      0.00    0.00    0.00
  9999                 CONDUIT      0.00     0  00:00      0.00    0.00    0.00
  55115                CONDUIT      0.00     0  00:00      0.00    0.00    0.00
  11103                CONDUIT      0.00     0  00:00      0.00    0.00    0.00
  11101                CONDUIT      0.00     0  00:00      0.00    0.00    0.00
  11001                CONDUIT      0.00     0  00:00      0.00    0.00    0.00
  11801                CONDUIT      0.00     0  00:00      0.00    0.00    0.00
  11999                CONDUIT      0.00     0  00:00      0.00    0.00    0.00
  55125                CONDUIT      0.00     0  00:00      0.00    0.00    0.00
  12101                CONDUIT      0.00     0  00:00      0.00    0.00    0.00
  10101                CONDUIT      0.00     0  00:00      0.00    0.00    0.00
  12001                CONDUIT      0.00     0  00:00      0.00    0.00    0.00
  12999                CONDUIT      0.00     0  00:00      0.00    0.00    0.00
  55135                CONDUIT      0.00     0  00:00      0.00    0.00    0.00
  14001                CONDUIT      0.00     0  00:00      0.00    0.00    0.00
  13101                CONDUIT      0.00     0  00:00      0.00    0.00    0.00
  13999                CONDUIT      0.00     0  00:00      0.00    0.00    0.00
  13001                CONDUIT      0.00     0  00:00      0.00    0.00    0.00
  55155                CONDUIT      0.00     0  00:00      0.00    0.00    0.00
  16103                CONDUIT      0.00     0  00:00      0.00    0.00    0.00
  16101                CONDUIT      0.00     0  00:00      0.00    0.00    0.00
  16001                CONDUIT      0.00     0  00:00      0.00    0.00    0.00
  16999                CONDUIT      0.00     0  00:00      0.00    0.00    0.00
  15101                CONDUIT      0.00     0  00:00      0.00    0.00    0.00
  15001                CONDUIT      0.00     0  00:00      0.00    0.00    0.00
  15999                CONDUIT      0.00     0  00:00      0.00    0.00    0.00
  55185                CONDUIT      0.00     0  00:00      0.00    0.00    0.00
  17101                CONDUIT      0.00     0  00:00      0.00    0.00    0.00
  17999                CONDUIT      0.00     0  00:00      0.00    0.00    0.00
  18105                CONDUIT      0.00     0  00:00      0.00    0.00    0.00
  18103                CONDUIT      0.00     0  00:00      0.00    0.00    0.00
  18101                CONDUIT      0.00     0  00:00      0.00    0.00    0.00
  18001                CONDUIT      0.00     0  00:00      0.00    0.00    0.00
  18999                CONDUIT      0.00     0  00:00      0.00    0.00    0.00
  55195                CONDUIT      0.00     0  00:00      0.00    0.00    0.00
  19105                CONDUIT      0.00     0  00:00      0.00    0.00    0.00
  19103                CONDUIT      0.00     0  00:00      0.00    0.00    0.00
  19101                CONDUIT      0.00     0  00:00      0.00    0.00    0.00
  19001                CONDUIT      0.00     0  00:00      0.00    0.00    0.00
  19999                CONDUIT      0.00     0  00:00      0.00    0.00    0.00
  55205                CONDUIT      0.00     0  00:00      0.00    0.00    0.00
  20101                CONDUIT      0.00     0  00:00      0.00    0.00    0.00
  20001                CONDUIT      0.00     0  00:00      0.00    0.00    0.00
  20999                CONDUIT      0.00     0  00:00      0.00    0.00    0.00
  21103                CONDUIT      0.00     0  00:00      0.00    0.00    0.00
  21101                CONDUIT      0.00     0  00:00      0.00    0.00    0.00
  21001                CONDUIT      0.00     0  00:00      0.00    0.00    0.00
  21999                CONDUIT      0.00     0  00:00      0.00    0.00    0.00
  55225                CONDUIT      0.00     0  00:00      0.00    0.00    0.00
  22103                CONDUIT      0.00     0  00:00      0.00    0.00    0.00
  22101                CONDUIT      0.00     0  00:00      0.00    0.00    0.00
  22001                CONDUIT      0.00     0  00:00      0.00    0.00    0.00
  22999                CONDUIT      0.00     0  00:00      0.00    0.00    0.00
  55235                CONDUIT      0.00     0  00:00      0.00    0.00    0.00
  23103                CONDUIT      0.00     0  00:00      0.00    0.00    0.00
  23101                CONDUIT      0.00     0  00:00      0.00    0.00    0.00
  23001                CONDUIT      0.00     0  00:00      0.00    0.00    0.00
  23999                CONDUIT      0.00     0  00:00      0.00    0.00    0.00
  55245                CONDUIT      0.00     0  00:00      0.00    0.00    0.00
  66279                CONDUIT      0.00     0  00:00      0.00    0.00    0.00
  66277                CONDUIT      0.00     0  00:00      0.00    0.00    0.00
  66275                CONDUIT      0.00     0  00:00      0.00    0.00    0.00
  66271                CONDUIT      0.00     0  00:00      0.00    0.00    0.00
  27999                CONDUIT      0.00     0  00:00      0.00    0.00    0.00
  66265                CONDUIT      0.00     0  00:00      0.00    0.00    0.00
  29003                CONDUIT      0.00     0  00:00      0.00    0.00    0.00
  66241                CONDUIT      0.00     0  00:00      0.00    0.00    0.00
  66101                CONDUIT      0.00     0  00:00      0.00    0.00    0.00
  66245                CONDUIT      0.00     0  00:00      0.00    0.00    0.00
  66255                CONDUIT      0.00     0  00:00      0.00    0.00    0.00
  66261                CONDUIT      0.00     0  00:00      0.00    0.00    0.00
  66263                CONDUIT      0.00     0  00:00      0.00    0.00    0.00
  25999                CONDUIT      0.00     0  00:00      0.00    0.00    0.00
  26999                CONDUIT      0.00     0  00:00      0.00    0.00    0.00
  78201                CONDUIT      0.00     0  00:00      0.00    0.00    0.00
  315                  CONDUIT      0.00     0  00:00      0.00    0.00    0.00
  615                  CONDUIT      0.00     0  00:00      0.00    0.00    0.00
  625                  CONDUIT      0.00     0  00:00      0.00    0.00    0.00
  645                  CONDUIT      0.00     0  00:00      0.00    0.00    0.00
  715                  CONDUIT      0.00     0  00:00      0.00    0.00    0.00
  815                  CONDUIT      0.00     0  00:00      0.00    0.00    0.00
  915                  CONDUIT      0.00     0  00:00      0.00    0.00    0.00
  925                  CONDUIT      0.00     0  00:00      0.00    0.00    0.00
  955                  CONDUIT      0.00     0  00:00      0.00    0.00    0.00
  1215                 CONDUIT      0.00     0  00:00      0.00    0.00    0.00
  1225                 CONDUIT      0.00     0  00:00      0.00    0.00    0.00
  1315                 CONDUIT      0.00     0  00:00      0.00    0.00    0.00
  1325                 CONDUIT      0.00     0  00:00      0.00    0.00    0.00
  1335                 CONDUIT      0.00     0  00:00      0.00    0.00    0.00
  1725                 CONDUIT      0.00     0  00:00      0.00    0.00    0.00
  1735                 CONDUIT      0.00     0  00:00      0.00    0.00    0.00
  1745                 CONDUIT      0.00     0  00:00      0.00    0.00    0.00
  1755                 CONDUIT      0.00     0  00:00      0.00    0.00    0.00
  1765                 CONDUIT      0.00     0  00:00      0.00    0.00    0.00
  1775                 CONDUIT      0.00     0  00:00      0.00    0.00    0.00
  1757                 CONDUIT      0.00     0  00:00      0.00    0.00    0.00
  2215                 CONDUIT      0.00     0  00:00      0.00    0.00    0.00
  2225                 CONDUIT      0.00     0  00:00      0.00    0.00    0.00
  2315                 CONDUIT      0.00     0  00:00      0.00    0.00    0.00
  2325                 CONDUIT      0.00     0  00:00      0.00    0.00    0.00
  2335                 CONDUIT      0.00     0  00:00      0.00    0.00    0.00
  2345                 CONDUIT      0.00     0  00:00      0.00    0.00    0.00
  2355                 CONDUIT      0.00     0  00:00      0.00    0.00    0.00
  2365                 CONDUIT      0.00     0  00:00      0.00    0.00    0.00
  2375                 CONDUIT      0.00     0  00:00      0.00    0.00    0.00
  2715                 CONDUIT      0.00     0  00:00      0.00    0.00    0.00
  2725                 CONDUIT      0.00     0  00:00      0.00    0.00    0.00
  2925                 CONDUIT      0.00     0  00:00      0.00    0.00    0.00
  2935                 CONDUIT      0.00     0  00:00      0.00    0.00    0.00
  515                  CONDUIT      0.00     0  00:00      0.00    0.00    0.00
  935                  CONDUIT      0.00     0  00:00      0.00    0.00    0.00
  414                  CONDUIT      0.00     0  00:00      0.00    0.00    0.00
  419                  CONDUIT      0.00     0  00:00      0.00    0.00    0.00
  420                  CONDUIT      0.00     0  00:00      0.00    0.00    0.00
  421                  CONDUIT      0.00     0  00:00      0.00    0.00    0.00
  422                  CONDUIT      0.00     0  00:00      0.00    0.00    0.00
  423                  CONDUIT      0.00     0  00:00      0.00    0.00    0.00
  424                  CONDUIT      0.00     0  00:00      0.00    0.00    0.00
  425                  CONDUIT      0.00     0  00:00      0.00    0.00    0.00
  426                  CONDUIT      0.00     0  00:00      0.00    0.00    0.00
  427                  CONDUIT      0.00     0  00:00      0.00    0.00    0.00
  428                  CONDUIT      0.00     0  00:00      0.00    0.00    0.00
  429                  CONDUIT      0.00     0  00:00      0.00    0.00    0.00
  430                  CONDUIT      0.00     0  00:00      0.00    0.00    0.00
  431                  CONDUIT      0.00     0  00:00      0.00    0.00    0.00
  432                  CONDUIT      0.00     0  00:00      0.00    0.00    0.00
  433                  CONDUIT      0.00     0  00:00      0.00    0.00    0.00
  434                  CONDUIT      0.00     0  00:00      0.00    0.00    0.00
  435                  CONDUIT      0.00     0  00:00      0.00    0.00    0.00
  436                  CONDUIT      0.00     0  00:00      0.00    0.00    0.00
  437                  CONDUIT      0.00     0  00:00      0.00    0.00    0.00
  438                  CONDUIT      0.00     0  00:00      0.00    0.00    0.00
  439                  CONDUIT      0.00     0  00:00      0.00    0.00    0.00
  440                  CONDUIT      0.00     0  00:00      0.00    0.00    0.00
  441                  CONDUIT      0.00     0  00:00      0.00    0.00    0.00
  442                  CONDUIT      0.00     0  00:00      0.00    0.00    0.00
  443                  CONDUIT      0.00     0  00:00      0.00    0.00    0.00
  444                  CONDUIT      0.00     0  00:00      0.00    0.00    0.00
  445                  CONDUIT      0.00     0  00:00      0.00    0.00    0.00
  446                  CONDUIT      0.00     0  00:00      0.00    0.00    0.00
  447                  CONDUIT      0.00     0  00:00      0.00    0.00    0.00
  448                  CONDUIT      0.00     0  00:00      0.00    0.00    0.00
  449                  CONDUIT      0.00     0  00:00      0.00    0.00    0.00
  450                  CONDUIT      0.00     0  00:00      0.00    0.00    0.00
  451                  CONDUIT      0.00     0  00:00      0.00    0.00    0.00
  452                  CONDUIT      0.00     0  00:00      0.00    0.00    0.00
  453                  CONDUIT      0.00     0  00:00      0.00    0.00    0.00
  454                  CONDUIT      0.00     0  00:00      0.00    0.00    0.00
  455                  CONDUIT      0.00     0  00:00      0.00    0.00    0.00
  456                  CONDUIT      0.00     0  00:00      0.00    0.00    0.00
  457                  CONDUIT      0.00     0  00:00      0.00    0.00    0.00
  458                  CONDUIT      0.00     0  00:00      0.00    0.00    0.00
  459                  CONDUIT      0.00     0  00:00      0.00    0.00    0.00
  460                  CONDUIT      0.00     0  00:00      0.00    0.00    0.00
  461                  CONDUIT      0.00     0  00:00      0.00    0.00    0.00
  462                  CONDUIT      0.00     0  00:00      0.00    0.00    0.00
  463                  CONDUIT      0.00     0  00:00      0.00    0.00    0.00
  464                  CONDUIT      0.00     0  00:00      0.00    0.00    0.00
  465                  CONDUIT      0.00     0  00:00      0.00    0.00    0.00
  466                  CONDUIT      0.00     0  00:00      0.00    0.00    0.00
  467                  CONDUIT      0.00     0  00:00      0.00    0.00    0.00
  468                  CONDUIT      0.00     0  00:00      0.00    0.00    0.00
  469                  CONDUIT      0.00     0  00:00      0.00    0.00    0.00
  470                  CONDUIT      0.00     0  00:00      0.00    0.00    0.00
  471                  CONDUIT      0.00     0  00:00      0.00    0.00    0.00
  472                  CONDUIT      0.00     0  00:00      0.00    0.00    0.00
  473                  CONDUIT      0.00     0  00:00      0.00    0.00    0.00
  474                  CONDUIT      0.00     0  00:00      0.00    0.00    0.00
  475                  CONDUIT      0.00     0  00:00      0.00    0.00    0.00
  476                  CONDUIT      0.00     0  00:00      0.00    0.00    0.00
  477                  CONDUIT      0.00     0  00:00      0.00    0.00    0.00
  478                  CONDUIT      0.00     0  00:00      0.00    0.00    0.00
  479                  CONDUIT      0.00     0  00:00      0.00    0.00    0.00
  480                  CONDUIT      0.00     0  00:00      0.00    0.00    0.00
  481                  CONDUIT      0.00     0  00:00      0.00    0.00    0.00
  482                  CONDUIT      0.00     0  00:00      0.00    0.00    0.00
  483                  CONDUIT      0.00     0  00:00      0.00    0.00    0.00
  484                  CONDUIT      0.00     0  00:00      0.00    0.00    0.00
  485                  CONDUIT      0.00     0  00:00      0.00    0.00    0.00
  487                  CONDUIT      0.00     0  00:00      0.00    0.00    0.00
  1785                 CONDUIT      0.00     0  00:00      0.00    0.00    0.00
  29103                CONDUIT      0.00     0  00:00      0.00    0.00    0.00
  29999                CONDUIT      0.00     0  00:00      0.00    0.00    0.00
  17003                CONDUIT      0.00     0  00:00      0.00    0.00    0.00
  17001                CONDUIT      0.00     0  00:00      0.00    0.00    0.00
  55249                CONDUIT      0.00     0  00:00      0.00    0.00    0.00
  24999                CONDUIT      0.00     0  00:00      0.00    0.00    0.00
  StoneBlock           ORIFICE      0.00     0  00:00                      0.00
  Infl._Pump           PUMP         0.00     0  00:00              0.00
  dummy                PUMP         0.00     0  00:00              0.00
  
  
  ***************************
  Flow Classification Summary
  ***************************
  
  -------------------------------------------------------------------------------------
                      Adjusted    ---------- Fraction of Time in Flow Class ---------- 
                       /Actual         Up    Down  Sub   Sup   Up    Down  Norm  Inlet 
  Conduit               Length    Dry  Dry   Dry   Crit  Crit  Crit  Crit  Ltd   Ctrl  
  -------------------------------------------------------------------------------------
  3101                    1.00   1.00  0.00  0.00  0.00  0.00  0.00  0.00  0.00  0.00
  3001                    1.00   1.00  0.00  0.00  0.00  0.00  0.00  0.00  0.00  0.00
  3999                    1.00   1.00  0.00  0.00  0.00  0.00  0.00  0.00  0.00  0.00
  55055                   1.00   1.00  0.00  0.00  0.00  0.00  0.00  0.00  0.00  0.00
  4101                    1.00   1.00  0.00  0.00  0.00  0.00  0.00  0.00  0.00  0.00
  4001                    1.00   1.00  0.00  0.00  0.00  0.00  0.00  0.00  0.00  0.00
  5101                    1.00   1.00  0.00  0.00  0.00  0.00  0.00  0.00  0.00  0.00
  5001                    1.00   1.00  0.00  0.00  0.00  0.00  0.00  0.00  0.00  0.00
  5999                    1.00   1.00  0.00  0.00  0.00  0.00  0.00  0.00  0.00  0.00
  55065                   1.00   1.00  0.00  0.00  0.00  0.00  0.00  0.00  0.00  0.00
  6101                    1.00   1.00  0.00  0.00  0.00  0.00  0.00  0.00  0.00  0.00
  6001                    1.00   1.00  0.00  0.00  0.00  0.00  0.00  0.00  0.00  0.00
  6999                    1.00   1.00  0.00  0.00  0.00  0.00  0.00  0.00  0.00  0.00
  55075                   1.00   1.00  0.00  0.00  0.00  0.00  0.00  0.00  0.00  0.00
  7101                    1.00   1.00  0.00  0.00  0.00  0.00  0.00  0.00  0.00  0.00
  7001                    1.00   1.00  0.00  0.00  0.00  0.00  0.00  0.00  0.00  0.00
  7999                    1.00   1.00  0.00  0.00  0.00  0.00  0.00  0.00  0.00  0.00
  55085                   1.00   1.00  0.00  0.00  0.00  0.00  0.00  0.00  0.00  0.00
  8103                    1.00   1.00  0.00  0.00  0.00  0.00  0.00  0.00  0.00  0.00
  8101                    1.00   1.00  0.00  0.00  0.00  0.00  0.00  0.00  0.00  0.00
  8001                    1.00   1.00  0.00  0.00  0.00  0.00  0.00  0.00  0.00  0.00
  8999                    1.00   1.00  0.00  0.00  0.00  0.00  0.00  0.00  0.00  0.00
  55095                   1.00   1.00  0.00  0.00  0.00  0.00  0.00  0.00  0.00  0.00
  9101                    1.00   1.00  0.00  0.00  0.00  0.00  0.00  0.00  0.00  0.00
  9001                    1.00   1.00  0.00  0.00  0.00  0.00  0.00  0.00  0.00  0.00
  9999                    1.00   1.00  0.00  0.00  0.00  0.00  0.00  0.00  0.00  0.00
  55115                   1.00   1.00  0.00  0.00  0.00  0.00  0.00  0.00  0.00  0.00
  11103                   1.00   1.00  0.00  0.00  0.00  0.00  0.00  0.00  0.00  0.00
  11101                   1.00   1.00  0.00  0.00  0.00  0.00  0.00  0.00  0.00  0.00
  11001                   1.00   1.00  0.00  0.00  0.00  0.00  0.00  0.00  0.00  0.00
  11801                   1.00   1.00  0.00  0.00  0.00  0.00  0.00  0.00  0.00  0.00
  11999                   1.00   1.00  0.00  0.00  0.00  0.00  0.00  0.00  0.00  0.00
  55125                   1.00   1.00  0.00  0.00  0.00  0.00  0.00  0.00  0.00  0.00
  12101                   1.00   1.00  0.00  0.00  0.00  0.00  0.00  0.00  0.00  0.00
  10101                   1.00   1.00  0.00  0.00  0.00  0.00  0.00  0.00  0.00  0.00
  12001                   1.00   1.00  0.00  0.00  0.00  0.00  0.00  0.00  0.00  0.00
  12999                   1.00   1.00  0.00  0.00  0.00  0.00  0.00  0.00  0.00  0.00
  55135                   1.00   1.00  0.00  0.00  0.00  0.00  0.00  0.00  0.00  0.00
  14001                   1.00   1.00  0.00  0.00  0.00  0.00  0.00  0.00  0.00  0.00
  13101                   1.00   1.00  0.00  0.00  0.00  0.00  0.00  0.00  0.00  0.00
  13999                   1.00   1.00  0.00  0.00  0.00  0.00  0.00  0.00  0.00  0.00
  13001                   1.00   1.00  0.00  0.00  0.00  0.00  0.00  0.00  0.00  0.00
  55155                   1.00   1.00  0.00  0.00  0.00  0.00  0.00  0.00  0.00  0.00
  16103                   1.00   1.00  0.00  0.00  0.00  0.00  0.00  0.00  0.00  0.00
  16101                   1.00   1.00  0.00  0.00  0.00  0.00  0.00  0.00  0.00  0.00
  16001                   1.00   1.00  0.00  0.00  0.00  0.00  0.00  0.00  0.00  0.00
  16999                   1.00   1.00  0.00  0.00  0.00  0.00  0.00  0.00  0.00  0.00
  15101                   1.00   1.00  0.00  0.00  0.00  0.00  0.00  0.00  0.00  0.00
  15001                   1.00   1.00  0.00  0.00  0.00  0.00  0.00  0.00  0.00  0.00
  15999                   1.00   1.00  0.00  0.00  0.00  0.00  0.00  0.00  0.00  0.00
  55185                   1.00   1.00  0.00  0.00  0.00  0.00  0.00  0.00  0.00  0.00
  17101                   1.00   1.00  0.00  0.00  0.00  0.00  0.00  0.00  0.00  0.00
  17999                   1.00   1.00  0.00  0.00  0.00  0.00  0.00  0.00  0.00  0.00
  18105                   1.00   1.00  0.00  0.00  0.00  0.00  0.00  0.00  0.00  0.00
  18103                   1.00   1.00  0.00  0.00  0.00  0.00  0.00  0.00  0.00  0.00
  18101                   1.00   1.00  0.00  0.00  0.00  0.00  0.00  0.00  0.00  0.00
  18001                   1.00   1.00  0.00  0.00  0.00  0.00  0.00  0.00  0.00  0.00
  18999                   1.00   1.00  0.00  0.00  0.00  0.00  0.00  0.00  0.00  0.00
  55195                   1.00   1.00  0.00  0.00  0.00  0.00  0.00  0.00  0.00  0.00
  19105                   1.00   1.00  0.00  0.00  0.00  0.00  0.00  0.00  0.00  0.00
  19103                   1.00   1.00  0.00  0.00  0.00  0.00  0.00  0.00  0.00  0.00
  19101                   1.00   1.00  0.00  0.00  0.00  0.00  0.00  0.00  0.00  0.00
  19001                   1.00   1.00  0.00  0.00  0.00  0.00  0.00  0.00  0.00  0.00
  19999                   1.00   1.00  0.00  0.00  0.00  0.00  0.00  0.00  0.00  0.00
  55205                   1.00   1.00  0.00  0.00  0.00  0.00  0.00  0.00  0.00  0.00
  20101                   1.00   1.00  0.00  0.00  0.00  0.00  0.00  0.00  0.00  0.00
  20001                   1.00   1.00  0.00  0.00  0.00  0.00  0.00  0.00  0.00  0.00
  20999                   1.00   1.00  0.00  0.00  0.00  0.00  0.00  0.00  0.00  0.00
  21103                   1.00   1.00  0.00  0.00  0.00  0.00  0.00  0.00  0.00  0.00
  21101                   1.00   1.00  0.00  0.00  0.00  0.00  0.00  0.00  0.00  0.00
  21001                   1.00   1.00  0.00  0.00  0.00  0.00  0.00  0.00  0.00  0.00
  21999                   1.00   1.00  0.00  0.00  0.00  0.00  0.00  0.00  0.00  0.00
  55225                   1.00   1.00  0.00  0.00  0.00  0.00  0.00  0.00  0.00  0.00
  22103                   1.00   1.00  0.00  0.00  0.00  0.00  0.00  0.00  0.00  0.00
  22101                   1.00   1.00  0.00  0.00  0.00  0.00  0.00  0.00  0.00  0.00
  22001                   1.00   1.00  0.00  0.00  0.00  0.00  0.00  0.00  0.00  0.00
  22999                   1.00   1.00  0.00  0.00  0.00  0.00  0.00  0.00  0.00  0.00
  55235                   1.00   1.00  0.00  0.00  0.00  0.00  0.00  0.00  0.00  0.00
  23103                   1.00   1.00  0.00  0.00  0.00  0.00  0.00  0.00  0.00  0.00
  23101                   1.00   1.00  0.00  0.00  0.00  0.00  0.00  0.00  0.00  0.00
  23001                   1.00   1.00  0.00  0.00  0.00  0.00  0.00  0.00  0.00  0.00
  23999                   1.00   1.00  0.00  0.00  0.00  0.00  0.00  0.00  0.00  0.00
  55245                   1.00   1.00  0.00  0.00  0.00  0.00  0.00  0.00  0.00  0.00
  66279                   1.00   1.00  0.00  0.00  0.00  0.00  0.00  0.00  0.00  0.00
  66277                   1.00   1.00  0.00  0.00  0.00  0.00  0.00  0.00  0.00  0.00
  66275                   1.00   1.00  0.00  0.00  0.00  0.00  0.00  0.00  0.00  0.00
  66271                   1.00   1.00  0.00  0.00  0.00  0.00  0.00  0.00  0.00  0.00
  27999                   1.00   1.00  0.00  0.00  0.00  0.00  0.00  0.00  0.00  0.00
  66265                   1.00   1.00  0.00  0.00  0.00  0.00  0.00  0.00  0.00  0.00
  29003                   1.00   1.00  0.00  0.00  0.00  0.00  0.00  0.00  0.00  0.00
  66241                   1.00   1.00  0.00  0.00  0.00  0.00  0.00  0.00  0.00  0.00
  66101                   1.00   1.00  0.00  0.00  0.00  0.00  0.00  0.00  0.00  0.00
  66245                   1.00   1.00  0.00  0.00  0.00  0.00  0.00  0.00  0.00  0.00
  66255                   1.00   1.00  0.00  0.00  0.00  0.00  0.00  0.00  0.00  0.00
  66261                   1.00   1.00  0.00  0.00  0.00  0.00  0.00  0.00  0.00  0.00
  66263                   1.00   1.00  0.00  0.00  0.00  0.00  0.00  0.00  0.00  0.00
  25999                   1.00   1.00  0.00  0.00  0.00  0.00  0.00  0.00  0.00  0.00
  26999                   1.00   1.00  0.00  0.00  0.00  0.00  0.00  0.00  0.00  0.00
  78201                   1.00   1.00  0.00  0.00  0.00  0.00  0.00  0.00  0.00  0.00
  315                     1.00   1.00  0.00  0.00  0.00  0.00  0.00  0.00  0.00  0.00
  615                     1.00   1.00  0.00  0.00  0.00  0.00  0.00  0.00  0.00  0.00
  625                     1.00   1.00  0.00  0.00  0.00  0.00  0.00  0.00  0.00  0.00
  645                     1.00   1.00  0.00  0.00  0.00  0.00  0.00  0.00  0.00  0.00
  715                     1.00   1.00  0.00  0.00  0.00  0.00  0.00  0.00  0.00  0.00
  815                     1.00   1.00  0.00  0.00  0.00  0.00  0.00  0.00  0.00  0.00
  915                     1.00   1.00  0.00  0.00  0.00  0.00  0.00  0.00  0.00  0.00
  925                     1.00   1.00  0.00  0.00  0.00  0.00  0.00  0.00  0.00  0.00
  955                     1.00   1.00  0.00  0.00  0.00  0.00  0.00  0.00  0.00  0.00
  1215                    1.00   1.00  0.00  0.00  0.00  0.00  0.00  0.00  0.00  0.00
  1225                    1.00   1.00  0.00  0.00  0.00  0.00  0.00  0.00  0.00  0.00
  1315                    1.00   1.00  0.00  0.00  0.00  0.00  0.00  0.00  0.00  0.00
  1325                    1.00   1.00  0.00  0.00  0.00  0.00  0.00  0.00  0.00  0.00
  1335                    1.00   1.00  0.00  0.00  0.00  0.00  0.00  0.00  0.00  0.00
  1725                    1.00   1.00  0.00  0.00  0.00  0.00  0.00  0.00  0.00  0.00
  1735                    1.00   1.00  0.00  0.00  0.00  0.00  0.00  0.00  0.00  0.00
  1745                    1.00   1.00  0.00  0.00  0.00  0.00  0.00  0.00  0.00  0.00
  1755                    1.00   1.00  0.00  0.00  0.00  0.00  0.00  0.00  0.00  0.00
  1765                    1.00   1.00  0.00  0.00  0.00  0.00  0.00  0.00  0.00  0.00
  1775                    1.00   1.00  0.00  0.00  0.00  0.00  0.00  0.00  0.00  0.00
  1757                    1.00   1.00  0.00  0.00  0.00  0.00  0.00  0.00  0.00  0.00
  2215                    1.00   1.00  0.00  0.00  0.00  0.00  0.00  0.00  0.00  0.00
  2225                    1.00   1.00  0.00  0.00  0.00  0.00  0.00  0.00  0.00  0.00
  2315                    1.00   1.00  0.00  0.00  0.00  0.00  0.00  0.00  0.00  0.00
  2325                    1.00   1.00  0.00  0.00  0.00  0.00  0.00  0.00  0.00  0.00
  2335                    1.00   1.00  0.00  0.00  0.00  0.00  0.00  0.00  0.00  0.00
  2345                    1.00   1.00  0.00  0.00  0.00  0.00  0.00  0.00  0.00  0.00
  2355                    1.00   1.00  0.00  0.00  0.00  0.00  0.00  0.00  0.00  0.00
  2365                    1.00   1.00  0.00  0.00  0.00  0.00  0.00  0.00  0.00  0.00
  2375                    1.00   1.00  0.00  0.00  0.00  0.00  0.00  0.00  0.00  0.00
  2715                    1.00   1.00  0.00  0.00  0.00  0.00  0.00  0.00  0.00  0.00
  2725                    1.00   1.00  0.00  0.00  0.00  0.00  0.00  0.00  0.00  0.00
  2925                    1.00   1.00  0.00  0.00  0.00  0.00  0.00  0.00  0.00  0.00
  2935                    1.00   1.00  0.00  0.00  0.00  0.00  0.00  0.00  0.00  0.00
  515                     1.00   1.00  0.00  0.00  0.00  0.00  0.00  0.00  0.00  0.00
  935                     1.00   1.00  0.00  0.00  0.00  0.00  0.00  0.00  0.00  0.00
  414                     1.00   1.00  0.00  0.00  0.00  0.00  0.00  0.00  0.00  0.00
  419                     1.00   1.00  0.00  0.00  0.00  0.00  0.00  0.00  0.00  0.00
  420                     1.00   1.00  0.00  0.00  0.00  0.00  0.00  0.00  0.00  0.00
  421                     1.00   1.00  0.00  0.00  0.00  0.00  0.00  0.00  0.00  0.00
  422                     1.00   1.00  0.00  0.00  0.00  0.00  0.00  0.00  0.00  0.00
  423                     1.00   1.00  0.00  0.00  0.00  0.00  0.00  0.00  0.00  0.00
  424                     1.00   1.00  0.00  0.00  0.00  0.00  0.00  0.00  0.00  0.00
  425                     1.00   1.00  0.00  0.00  0.00  0.00  0.00  0.00  0.00  0.00
  426                     1.00   1.00  0.00  0.00  0.00  0.00  0.00  0.00  0.00  0.00
  427                     1.00   1.00  0.00  0.00  0.00  0.00  0.00  0.00  0.00  0.00
  428                     1.00   1.00  0.00  0.00  0.00  0.00  0.00  0.00  0.00  0.00
  429                     1.00   1.00  0.00  0.00  0.00  0.00  0.00  0.00  0.00  0.00
  430                     1.00   1.00  0.00  0.00  0.00  0.00  0.00  0.00  0.00  0.00
  431                     1.00   1.00  0.00  0.00  0.00  0.00  0.00  0.00  0.00  0.00
  432                     1.00   1.00  0.00  0.00  0.00  0.00  0.00  0.00  0.00  0.00
  433                     1.00   1.00  0.00  0.00  0.00  0.00  0.00  0.00  0.00  0.00
  434                     1.00   1.00  0.00  0.00  0.00  0.00  0.00  0.00  0.00  0.00
  435                     1.00   1.00  0.00  0.00  0.00  0.00  0.00  0.00  0.00  0.00
  436                     1.00   1.00  0.00  0.00  0.00  0.00  0.00  0.00  0.00  0.00
  437                     1.00   1.00  0.00  0.00  0.00  0.00  0.00  0.00  0.00  0.00
  438                     1.00   1.00  0.00  0.00  0.00  0.00  0.00  0.00  0.00  0.00
  439                     1.00   1.00  0.00  0.00  0.00  0.00  0.00  0.00  0.00  0.00
  440                     1.00   1.00  0.00  0.00  0.00  0.00  0.00  0.00  0.00  0.00
  441                     1.00   1.00  0.00  0.00  0.00  0.00  0.00  0.00  0.00  0.00
  442                     1.00   1.00  0.00  0.00  0.00  0.00  0.00  0.00  0.00  0.00
  443                     1.00   1.00  0.00  0.00  0.00  0.00  0.00  0.00  0.00  0.00
  444                     1.00   1.00  0.00  0.00  0.00  0.00  0.00  0.00  0.00  0.00
  445                     1.00   1.00  0.00  0.00  0.00  0.00  0.00  0.00  0.00  0.00
  446                     1.00   1.00  0.00  0.00  0.00  0.00  0.00  0.00  0.00  0.00
  447                     1.00   1.00  0.00  0.00  0.00  0.00  0.00  0.00  0.00  0.00
  448                     1.00   1.00  0.00  0.00  0.00  0.00  0.00  0.00  0.00  0.00
  449                     1.00   1.00  0.00  0.00  0.00  0.00  0.00  0.00  0.00  0.00
  450                     1.00   1.00  0.00  0.00  0.00  0.00  0.00  0.00  0.00  0.00
  451                     1.00   1.00  0.00  0.00  0.00  0.00  0.00  0.00  0.00  0.00
  452                     1.00   1.00  0.00  0.00  0.00  0.00  0.00  0.00  0.00  0.00
  453                     1.00   1.00  0.00  0.00  0.00  0.00  0.00  0.00  0.00  0.00
  454                     1.00   1.00  0.00  0.00  0.00  0.00  0.00  0.00  0.00  0.00
  455                     1.00   1.00  0.00  0.00  0.00  0.00  0.00  0.00  0.00  0.00
  456                     1.00   1.00  0.00  0.00  0.00  0.00  0.00  0.00  0.00  0.00
  457                     1.00   1.00  0.00  0.00  0.00  0.00  0.00  0.00  0.00  0.00
  458                     1.00   1.00  0.00  0.00  0.00  0.00  0.00  0.00  0.00  0.00
  459                     1.00   1.00  0.00  0.00  0.00  0.00  0.00  0.00  0.00  0.00
  460                     1.00   1.00  0.00  0.00  0.00  0.00  0.00  0.00  0.00  0.00
  461                     1.00   1.00  0.00  0.00  0.00  0.00  0.00  0.00  0.00  0.00
  462                     1.00   1.00  0.00  0.00  0.00  0.00  0.00  0.00  0.00  0.00
  463                     1.00   1.00  0.00  0.00  0.00  0.00  0.00  0.00  0.00  0.00
  464                     1.00   1.00  0.00  0.00  0.00  0.00  0.00  0.00  0.00  0.00
  465                     1.00   1.00  0.00  0.00  0.00  0.00  0.00  0.00  0.00  0.00
  466                     1.00   1.00  0.00  0.00  0.00  0.00  0.00  0.00  0.00  0.00
  467                     1.00   1.00  0.00  0.00  0.00  0.00  0.00  0.00  0.00  0.00
  468                     1.00   1.00  0.00  0.00  0.00  0.00  0.00  0.00  0.00  0.00
  469                     1.00   1.00  0.00  0.00  0.00  0.00  0.00  0.00  0.00  0.00
  470                     1.00   1.00  0.00  0.00  0.00  0.00  0.00  0.00  0.00  0.00
  471                     1.00   1.00  0.00  0.00  0.00  0.00  0.00  0.00  0.00  0.00
  472                     1.00   1.00  0.00  0.00  0.00  0.00  0.00  0.00  0.00  0.00
  473                     1.00   1.00  0.00  0.00  0.00  0.00  0.00  0.00  0.00  0.00
  474                     1.00   1.00  0.00  0.00  0.00  0.00  0.00  0.00  0.00  0.00
  475                     1.00   1.00  0.00  0.00  0.00  0.00  0.00  0.00  0.00  0.00
  476                     1.00   1.00  0.00  0.00  0.00  0.00  0.00  0.00  0.00  0.00
  477                     1.00   1.00  0.00  0.00  0.00  0.00  0.00  0.00  0.00  0.00
  478                     1.00   1.00  0.00  0.00  0.00  0.00  0.00  0.00  0.00  0.00
  479                     1.00   1.00  0.00  0.00  0.00  0.00  0.00  0.00  0.00  0.00
  480                     1.00   1.00  0.00  0.00  0.00  0.00  0.00  0.00  0.00  0.00
  481                     1.00   1.00  0.00  0.00  0.00  0.00  0.00  0.00  0.00  0.00
  482                     1.00   1.00  0.00  0.00  0.00  0.00  0.00  0.00  0.00  0.00
  483                     1.00   1.00  0.00  0.00  0.00  0.00  0.00  0.00  0.00  0.00
  484                     1.00   1.00  0.00  0.00  0.00  0.00  0.00  0.00  0.00  0.00
  485                     1.00   1.00  0.00  0.00  0.00  0.00  0.00  0.00  0.00  0.00
  487                     1.00   1.00  0.00  0.00  0.00  0.00  0.00  0.00  0.00  0.00
  1785                    1.00   1.00  0.00  0.00  0.00  0.00  0.00  0.00  0.00  0.00
  29103                   1.00   1.00  0.00  0.00  0.00  0.00  0.00  0.00  0.00  0.00
  29999                   1.00   1.00  0.00  0.00  0.00  0.00  0.00  0.00  0.00  0.00
  17003                   1.00   1.00  0.00  0.00  0.00  0.00  0.00  0.00  0.00  0.00
  17001                   1.00   1.00  0.00  0.00  0.00  0.00  0.00  0.00  0.00  0.00
  55249                   1.00   1.00  0.00  0.00  0.00  0.00  0.00  0.00  0.00  0.00
  24999                   1.00   1.00  0.00  0.00  0.00  0.00  0.00  0.00  0.00  0.00
  
  
  *************************
  Conduit Surcharge Summary
  *************************
  
  No conduits were surcharged.
  
  
  ***************
  Pumping Summary
  ***************
  
  ---------------------------------------------------------------------------------------------------------
                                                  Min       Avg       Max     Total     Power    % Time Off
                        Percent   Number of      Flow      Flow      Flow    Volume     Usage    Pump Curve
  Pump                 Utilized   Start-Ups       CFS       CFS       CFS  10^6 gal     Kw-hr    Low   High
  ---------------------------------------------------------------------------------------------------------
  Infl._Pump               0.00           0      0.00      0.00      0.00     0.000      0.00    0.0    0.0
  dummy                    0.00           0      0.00      0.00      0.00     0.000      0.00    0.0    0.0
  

  Analysis begun on:  Wed Jul 22 11:35:04 2026
  Analysis ended on:  Wed Jul 22 11:35:05 2026
  Total elapsed time: 00:00:01