
  EPA STORM WATER MANAGEMENT MODEL - VERSION 5.2 (Build 5.2.4)
  ------------------------------------------------------------

  Transport Simulation - example input file template 
  
  ****************
  Analysis Options
  ****************
  Flow Units ............... CFS
  Process Models:
    Rainfall/Runoff ........ NO
    RDII ................... NO
    Snowmelt ............... NO
    Groundwater ............ NO
    Flow Routing ........... YES
    Ponding Allowed ........ NO
    Water Quality .......... NO
  Flow Routing Method ...... DYNWAVE
  Surcharge Method ......... EXTRAN
  Starting Date ............ 01/01/2001 00:00:00
  Ending Date .............. 01/02/2001 00:00:00
  Antecedent Dry Days ...... 0.0
  Report Time Step ......... 00:15:00
  Routing Time Step ........ 20.00 sec
  Variable Time Step ....... YES
  Maximum Trials ........... 8
  Number of Threads ........ 1
  Head Tolerance ........... 0.005000 ft
  
  
  **************************        Volume        Volume
  Flow Routing Continuity        acre-feet      10^6 gal
  **************************     ---------     ---------
  Dry Weather Inflow .......         0.000         0.000
  Wet Weather Inflow .......         0.000         0.000
  Groundwater Inflow .......         0.000         0.000
  RDII Inflow ..............         0.000         0.000
  External Inflow ..........         1.983         0.646
  External Outflow .........         0.000         0.000
  Flooding Loss ............         0.000         0.000
  Evaporation Loss .........         0.000         0.000
  Exfiltration Loss ........         0.000         0.000
  Initial Stored Volume ....         0.001         0.000
  Final Stored Volume ......         2.193         0.715
  Continuity Error (%) .....       -10.530
  
  
  *************************
  Highest Continuity Errors
  *************************
  Node 201 (100.00%)
  
  
  ***************************
  Time-Step Critical Elements
  ***************************
  None
  
  
  ********************************
  Highest Flow Instability Indexes
  ********************************
  All links are stable.
  
  
  *********************************
  Most Frequent Nonconverging Nodes
  *********************************
  Convergence obtained at all time steps.
  
  
  *************************
  Routing Time Step Summary
  *************************
  Minimum Time Step           :    19.50 sec
  Average Time Step           :    20.00 sec
  Maximum Time Step           :    20.00 sec
  % of Time in Steady State   :     0.00
  Average Iterations per Step :     2.00
  % of Steps Not Converging   :     0.05
  Time Step Frequencies       :
     20.000 -  9.564 sec      :   100.00 %
      9.564 -  4.573 sec      :     0.00 %
      4.573 -  2.187 sec      :     0.00 %
      2.187 -  1.046 sec      :     0.00 %
      1.046 -  0.500 sec      :     0.00 %
  
  
  ******************
  Node Depth Summary
  ******************
  
  ---------------------------------------------------------------------------------
                                 Average  Maximum  Maximum  Time of Max    Reported
                                   Depth    Depth      HGL   Occurrence   Max Depth
  Node                 Type         Feet     Feet     Feet  days hr:min        Feet
  ---------------------------------------------------------------------------------
  101                  JUNCTION     5.20     5.25     5.25     0  01:27        5.25
  201                  JUNCTION     2.04     3.78     3.78     1  00:00        3.78
  301                  JUNCTION     0.00     0.00     0.00     0  00:00        0.00
  401                  JUNCTION     0.00     0.00     0.00     0  00:00        0.00
  501                  JUNCTION     0.00     0.00     0.00     0  00:00        0.00
  601                  JUNCTION     0.00     0.00     0.00     0  00:00        0.00
  701                  JUNCTION     0.00     0.00     0.00     0  00:00        0.00
  801                  JUNCTION     0.00     0.00     0.00     0  00:00        0.00
  901                  OUTFALL      0.00     0.00     0.00     0  00:00        0.00
  
  
  *******************
  Node Inflow Summary
  *******************
  
  -------------------------------------------------------------------------------------------------
                                  Maximum  Maximum                  Lateral       Total        Flow
                                  Lateral    Total  Time of Max      Inflow      Inflow     Balance
                                   Inflow   Inflow   Occurrence      Volume      Volume       Error
  Node                 Type           CFS      CFS  days hr:min    10^6 gal    10^6 gal     Percent
  -------------------------------------------------------------------------------------------------
  101                  JUNCTION      1.00     1.00     0  00:00       0.646       0.646       2.379
  201                  JUNCTION      0.00     1.32     0  01:47           0       0.631  631251.276 gal
  301                  JUNCTION      0.00     0.00     0  00:00           0           0       0.000 gal
  401                  JUNCTION      0.00     0.00     0  00:00           0           0       0.000 gal
  501                  JUNCTION      0.00     0.00     0  00:00           0           0       0.000 gal
  601                  JUNCTION      0.00     0.00     0  00:00           0           0       0.000 gal
  701                  JUNCTION      0.00     0.00     0  00:00           0           0       0.000 gal
  801                  JUNCTION      0.00     0.00     0  00:00           0           0       0.000 gal
  901                  OUTFALL       0.00     0.00     0  00:00           0           0       0.000 gal
  
  
  **********************
  Node Surcharge Summary
  **********************
  
  No nodes were surcharged.
  
  
  *********************
  Node Flooding Summary
  *********************
  
  No nodes were flooded.
  
  
  ***********************
  Outfall Loading Summary
  ***********************
  
  -----------------------------------------------------------
                         Flow       Avg       Max       Total
                         Freq      Flow      Flow      Volume
  Outfall Node           Pcnt       CFS       CFS    10^6 gal
  -----------------------------------------------------------
  901                    0.00      0.00      0.00       0.000
  -----------------------------------------------------------
  System                 0.00      0.00      0.00       0.000
  
  
  ********************
  Link Flow Summary
  ********************
  
  -----------------------------------------------------------------------------
                                 Maximum  Time of Max   Maximum    Max/    Max/
                                  |Flow|   Occurrence   |Veloc|    Full    Full
  Link                 Type          CFS  days hr:min    ft/sec    Flow   Depth
  -----------------------------------------------------------------------------
  201                  CONDUIT      1.32     0  01:47      1.09    0.01    0.40
  202                  CONDUIT      0.00     0  00:00      0.00    0.00    0.00
  203                  CONDUIT      0.00     0  00:00      0.00    0.00    0.00
  204                  CONDUIT      0.00     0  00:00      0.00    0.00    0.00
  205                  CONDUIT      0.00     0  00:00      0.00    0.00    0.00
  206                  CONDUIT      0.00     0  00:00      0.00    0.00    0.00
  207                  CONDUIT      0.00     0  00:00      0.00    0.00    0.00
  208                  CONDUIT      0.00     0  00:00      0.00    0.00    0.00
  
  
  ***************************
  Flow Classification Summary
  ***************************
  
  -------------------------------------------------------------------------------------
                      Adjusted    ---------- Fraction of Time in Flow Class ---------- 
                       /Actual         Up    Down  Sub   Sup   Up    Down  Norm  Inlet 
  Conduit               Length    Dry  Dry   Dry   Crit  Crit  Crit  Crit  Ltd   Ctrl  
  -------------------------------------------------------------------------------------
  201                     1.00   0.00  0.00  0.00  1.00  0.00  0.00  0.00  0.93  0.00
  202                     1.00   1.00  0.00  0.00  0.00  0.00  0.00  0.00  0.00  0.00
  203                     1.00   1.00  0.00  0.00  0.00  0.00  0.00  0.00  0.00  0.00
  204                     1.00   1.00  0.00  0.00  0.00  0.00  0.00  0.00  0.00  0.00
  205                     1.00   1.00  0.00  0.00  0.00  0.00  0.00  0.00  0.00  0.00
  206                     1.00   1.00  0.00  0.00  0.00  0.00  0.00  0.00  0.00  0.00
  207                     1.00   1.00  0.00  0.00  0.00  0.00  0.00  0.00  0.00  0.00
  208                     1.00   1.00  0.00  0.00  0.00  0.00  0.00  0.00  0.00  0.00
  
  
  *************************
  Conduit Surcharge Summary
  *************************
  
  No conduits were surcharged.
  

  Analysis begun on:  Wed Jul 22 11:35:05 2026
  Analysis ended on:  Wed Jul 22 11:35:05 2026
  Total elapsed time: < 1 sec