
  EPA STORM WATER MANAGEMENT MODEL - VERSION 5.2 (Build 5.2.4)
  ------------------------------------------------------------

  100yr 
  WARNING 08: elevation drop exceeds length for Conduit 2301Bridge
  WARNING 08: elevation drop exceeds length for Conduit 2251Bridge
  WARNING 08: elevation drop exceeds length for Conduit 2243Bridge
  WARNING 08: elevation drop exceeds length for Conduit 12/18"RCP
  
  ****************
  Analysis Options
  ****************
  Flow Units ............... CFS
  Process Models:
    Rainfall/Runoff ........ NO
    RDII ................... NO
    Snowmelt ............... NO
    Groundwater ............ NO
    Flow Routing ........... YES
    Ponding Allowed ........ NO
    Water Quality .......... NO
  Flow Routing Method ...... DYNWAVE
  Surcharge Method ......... EXTRAN
  Starting Date ............ 01/01/2001 00:00:00
  Ending Date .............. 01/02/2001 00:00:00
  Antecedent Dry Days ...... 0.0
  Report Time Step ......... 00:15:00
  Routing Time Step ........ 10.00 sec
  Variable Time Step ....... YES
  Maximum Trials ........... 50
  Number of Threads ........ 1
  Head Tolerance ........... 0.000100 ft
  
  
  **************************        Volume        Volume
  Flow Routing Continuity        acre-feet      10^6 gal
  **************************     ---------     ---------
  Dry Weather Inflow .......         0.000         0.000
  Wet Weather Inflow .......         0.000         0.000
  Groundwater Inflow .......         0.000         0.000
  RDII Inflow ..............         0.000         0.000
  External Inflow ..........        97.186        31.670
  External Outflow .........         0.000         0.000
  Flooding Loss ............        78.428        25.557
  Evaporation Loss .........         0.000         0.000
  Exfiltration Loss ........         0.000         0.000
  Initial Stored Volume ....         0.015         0.005
  Final Stored Volume ......         1.974         0.643
  Continuity Error (%) .....        17.284
  
  
  *************************
  Highest Continuity Errors
  *************************
  Node JB#4 (46.52%)
  Node JB#48 (42.53%)
  Node ChelmOver2 (30.20%)
  Node 2259Over (18.45%)
  Node YI#1 (17.05%)
  
  
  ***************************
  Time-Step Critical Elements
  ***************************
  Link 8/30"RCP (60.42%)
  Link 2259Bridge (25.58%)
  Link 312.1 (11.86%)
  
  
  ********************************
  Highest Flow Instability Indexes
  ********************************
  Link 2259Bridge (109)
  Link 28/54"RCP (19)
  Link 374.1 (9)
  Link 370.1 (4)
  Link 376.1 (3)
  
  
  *********************************
  Most Frequent Nonconverging Nodes
  *********************************
  Node CB#10 (12.33%)
  Node PR_BRIDGE (12.23%)
  Node 2259Over (12.23%)
  Node PR_CHN7 (0.01%)
  Node EX_CHAN1 (0.01%)
  
  
  *************************
  Routing Time Step Summary
  *************************
  Minimum Time Step           :     0.32 sec
  Average Time Step           :     1.27 sec
  Maximum Time Step           :    10.00 sec
  % of Time in Steady State   :     0.00
  Average Iterations per Step :     8.02
  % of Steps Not Converging   :    12.33
  Time Step Frequencies       :
     10.000 -  5.493 sec      :     1.23 %
      5.493 -  3.017 sec      :     0.90 %
      3.017 -  1.657 sec      :    11.87 %
      1.657 -  0.910 sec      :    85.55 %
      0.910 -  0.500 sec      :     0.44 %
  
  
  ******************
  Node Depth Summary
  ******************
  
  ---------------------------------------------------------------------------------
                                 Average  Maximum  Maximum  Time of Max    Reported
                                   Depth    Depth      HGL   Occurrence   Max Depth
  Node                 Type         Feet     Feet     Feet  days hr:min        Feet
  ---------------------------------------------------------------------------------
  YI#1                 JUNCTION   471.50   694.43  1398.73     0  23:12      694.43
  JB#4                 JUNCTION   308.08   693.98  1398.73     0  20:30      693.98
  CB#5                 JUNCTION     0.00     0.00   698.37     0  00:00        0.00
  FES#11               JUNCTION     0.00     0.00   699.97     0  00:00        0.00
  HW#19                JUNCTION     0.00     0.00   695.37     0  00:00        0.00
  CB#20                JUNCTION     0.00     0.00   692.40     0  00:00        0.00
  FES#6                JUNCTION   696.48   701.05  1412.93     0  02:26      701.04
  CB#22                JUNCTION   705.55   710.25  1423.10     0  04:40      710.25
  HW#21                JUNCTION   631.80   681.45  1374.73     0  05:33      681.45
  CB#24-A              JUNCTION   683.56   687.93  1377.06     0  04:40      687.93
  X-Sect#24            JUNCTION   632.16   678.67  1368.27     0  08:15      678.67
  DI#26                JUNCTION     0.00     0.00   692.34     0  00:00        0.00
  FES#27               JUNCTION   632.41   679.88  1370.26     0  05:32      679.88
  CB#31                JUNCTION     0.00     0.00   684.00     0  00:00        0.00
  CB#36                JUNCTION   625.01   669.27  1349.27     0  05:32      669.27
  FES#38               JUNCTION     0.00     0.00   685.45     0  00:00        0.00
  YI#2                 JUNCTION   629.37   690.69  1392.42     0  05:20      690.69
  X-Sect#7             JUNCTION   646.77   696.78  1404.74     0  05:32      696.78
  X-Sect#8             JUNCTION   568.09   694.50  1400.18     0  07:18      694.50
  CB#37                JUNCTION     0.00     0.00   682.67     0  00:00        0.00
  X-Sect#12            JUNCTION   637.79   687.02  1386.01     0  05:48      687.02
  X-Sect#13            JUNCTION   561.92   686.42  1384.82     0  07:58      686.42
  FES#9                JUNCTION   500.19   693.17  1396.56     0  09:51      693.17
  X-Sect#23            JUNCTION   556.92   680.27  1371.53     0  07:42      680.27
  X-Sect#28            JUNCTION   558.74   679.42  1369.61     0  09:33      679.42
  X-Sect#29            JUNCTION   492.61   678.35  1367.19     0  10:06      678.35
  YI#36                JUNCTION   632.94   699.21  1406.44     0  05:54      699.19
  YI#20                JUNCTION     0.00     0.00   704.75     0  00:00        0.00
  JB#21                JUNCTION   191.66   691.93  1398.73     0  20:17      691.92
  JB#43                JUNCTION     0.00     0.00   708.50     0  00:00        0.00
  JB#42                JUNCTION   645.26   695.30  1402.74     0  04:53      695.30
  JB#49                JUNCTION   553.23   695.12  1401.71     0  13:00      695.12
  JB#48                JUNCTION   500.84   695.73  1402.41     0  13:00      695.73
  25                   JUNCTION   694.19   698.72  1405.40     0  04:40      698.72
  2301Ent              JUNCTION     0.00     0.00   686.41     0  00:00        0.00
  2301Out              JUNCTION     0.00     0.00   686.33     0  00:00        0.00
  2259Ent              JUNCTION     0.00     0.00   686.41     0  00:00        0.00
  2259Out              JUNCTION     0.00     0.00   686.38     0  00:00        0.00
  X-Sect#39            JUNCTION   625.53   668.14  1353.30     0  04:42      668.14
  X-Sect#40            JUNCTION   664.25   668.49  1353.49     0  02:20      668.37
  X-Sect#41            JUNCTION     0.00     0.00   685.14     0  00:00        0.00
  X-Sect#42            JUNCTION     0.00     0.00   685.01     0  00:00        0.00
  2243Ent              JUNCTION     0.00     0.00   685.00     0  00:00        0.00
  WrenOut              JUNCTION     0.00     0.00   685.00     0  00:00        0.00
  X-Sect#44            JUNCTION     0.00     0.00   685.00     0  00:00        0.00
  WendOut              JUNCTION     0.00     0.00   685.36     0  00:00        0.00
  X-Sect#49            JUNCTION     0.00     0.00   685.30     0  00:00        0.00
  ChadEnt              JUNCTION     0.00     0.00   686.20     0  00:00        0.00
  ChadOut              JUNCTION   657.90   661.94  1348.37     0  02:24      661.94
  X-Sect#50            JUNCTION   620.80   662.65  1347.80     0  04:43      662.65
  2251Ent              JUNCTION     0.00     0.00   685.00     0  00:00        0.00
  2251Out              JUNCTION     0.00     0.00   685.11     0  00:00        0.00
  WendCulv             JUNCTION     0.00     0.00   684.21     0  00:00        0.00
  JB#45                JUNCTION   621.57   664.22  1347.62     0  04:39      664.22
  JB#47                JUNCTION   620.49   664.12  1347.62     0  04:42      664.12
  CB#46                JUNCTION   664.23   668.36  1352.19     0  02:20      668.36
  CB#48                JUNCTION   674.64   678.90  1360.83     0  02:22      678.90
  TyngLP               JUNCTION   693.86   698.38  1397.21     0  05:32      698.38
  YI#3-A               JUNCTION     0.00     0.00   700.30     0  00:00        0.00
  YI#34                JUNCTION     0.00     0.00   709.14     0  00:00        0.00
  223                  JUNCTION   403.96   696.21  1398.71     0  20:17      696.21
  2243Out              JUNCTION     0.00     0.00   684.95     0  00:00        0.00
  X-Sect#43            JUNCTION     0.00     0.00   682.19     0  00:00        0.00
  JB#1                 JUNCTION     0.00     0.00   679.16     0  00:00        0.00
  601                  JUNCTION   693.60   698.20  1392.40     0  05:19      698.20
  188/60"RCP           JUNCTION   689.02   693.51  1382.52     0  02:49      693.51
  14/60"RCP            JUNCTION   689.41   693.86  1383.22     0  02:26      693.86
  215/60"RCP           JUNCTION   684.68   689.11  1373.72     0  02:52      689.11
  50/60"RCP            JUNCTION   683.19   687.57  1370.64     0  02:29      687.57
  Overland26           JUNCTION   681.43   685.78  1371.18     0  04:41      685.78
  Web-Over             JUNCTION   676.64   681.00  1357.00     0  03:08      681.00
  DAN-OVER             JUNCTION   675.52   679.80  1354.60     0  02:29      679.80
  CB#31Over            JUNCTION   674.10   678.38  1353.76     0  02:51      678.38
  HART-OVER            JUNCTION   671.34   675.60  1346.20     0  02:50      675.60
  H2-OVER              JUNCTION   670.82   675.10  1345.20     0  03:08      675.10
  AND-OVER             JUNCTION   670.14   674.35  1343.70     0  02:30      674.35
  Overland2            JUNCTION   666.72   671.12  1340.42     0  05:20      671.11
  2/60"                JUNCTION   627.93   672.19  1340.38     0  05:19      672.19
  600                  JUNCTION   689.53   694.00  1384.00     0  02:32      694.00
  42/30"RCP            JUNCTION   689.24   693.69  1385.38     0  02:25      693.69
  Andover              JUNCTION   672.45   676.68  1353.10     0  02:24      676.68
  18/30"RCP            JUNCTION   689.71   694.17  1386.34     0  02:25      694.17
  28/60"RCP            JUNCTION   685.15   690.02  1375.54     0  04:54      690.02
  ChelmOver            JUNCTION   642.37   690.03  1375.56     0  04:54      690.01
  ChelmOver2           JUNCTION   685.12   690.00  1375.00     0  07:14      690.00
  YI#36Over            JUNCTION   697.14   701.72  1398.94     0  02:32      701.72
  PRO_CHAN6            JUNCTION   664.14   668.44  1336.64     0  02:20      668.26
  PR_CHN1              JUNCTION   628.29   668.42  1335.84     0  04:51      668.42
  2301Over             JUNCTION   668.24   672.42  1339.84     0  02:24      672.42
  EX_CHAN5             JUNCTION   663.03   667.35  1334.40     0  02:19      667.18
  PR_CHN2              JUNCTION   626.21   667.60  1334.20     0  04:42      667.60
  2259Over             JUNCTION   666.17   671.47  1337.94     0  04:40      671.47
  PR_BRIDGE            JUNCTION   617.23   672.28  1339.56     0  04:40      670.66
  EX_CHAN4             JUNCTION   663.38   667.50  1334.00     0  04:48      667.50
  PR_CHN3              JUNCTION   620.15   667.08  1334.02     0  04:49      667.07
  EX_CHAN3             JUNCTION   663.03   667.19  1334.13     0  04:46      667.19
  PR_CHN4              JUNCTION   624.91   667.55  1334.10     0  04:42      667.55
  2251Over             JUNCTION   667.16   671.32  1338.14     0  02:23      671.32
  EX_CHAN2             JUNCTION   662.75   666.93  1333.43     0  23:58      666.93
  PR_CHN5              JUNCTION   624.13   667.20  1333.40     0  04:51      667.20
  PR_CHN6              JUNCTION   663.29   667.50  1334.15     0  04:45      667.49
  BAM_Ex.6             JUNCTION   624.77   667.57  1334.14     0  04:45      667.57
  2243Over             JUNCTION   666.79   670.95  1337.90     0  02:22      670.95
  WrenOver             JUNCTION   664.00   668.32  1334.87     0  04:48      668.31
  PropOver             JUNCTION   626.64   669.18  1334.86     0  04:48      669.18
  72"CMP#2             JUNCTION   665.89   670.53  1336.86     0  05:10      670.52
  72"CMP#3             JUNCTION   627.98   671.42  1336.84     0  05:10      671.42
  Spillway             JUNCTION   664.83   668.96  1336.42     0  02:20      668.96
  PR_72"_RCP           JUNCTION   666.15   670.33  1334.66     0  02:38      670.33
  PR_72"_RC1           JUNCTION   666.02   670.20  1334.40     0  02:42      670.20
  PR_72"_RC2           JUNCTION   665.93   670.10  1334.20     0  02:38      670.10
  YI#34Over            JUNCTION   700.57   705.45  1406.40     0  05:54      705.45
  EX_CHAN1             JUNCTION   661.78   665.97  1331.82     0  02:19      665.88
  PR_CHN7              JUNCTION   620.83   662.00  1323.00     0  04:45      662.00
  EX_CHAN              JUNCTION   657.95   662.00  1323.00     0  02:28      662.00
  PR_CHN8              JUNCTION     0.00     0.00   665.85     0  00:00        0.00
  overland3            JUNCTION   669.78   674.10  1343.20     0  03:33      674.10
  CB#10                OUTFALL      0.00     0.00   703.39     0  00:00        0.00
  CB#3                 STORAGE      0.00     0.00   699.75     0  00:00        0.00
  HW#25                STORAGE      8.13    10.00   700.00     0  07:27       10.00
  CB#30                STORAGE      0.00     0.00   690.00     0  00:00        0.00
  DI#33                STORAGE      0.00     0.00   683.00     0  00:00        0.00
  DI#34                STORAGE      0.00     0.00   682.00     0  00:00        0.00
  CB#35                STORAGE      0.00     0.00   683.00     0  00:00        0.00
  CB#15                STORAGE      7.17    10.00   704.50     0  10:04       10.00
  CB#16                STORAGE      0.00     0.00   694.50     0  00:00        0.00
  YI#39                STORAGE      0.00     0.00   707.00     0  00:00        0.00
  WrenEnt              STORAGE      0.66     0.66   685.66     0  00:00        0.66
  WrenPond             STORAGE      0.00     0.00   685.00     0  00:00        0.00
  
  
  *******************
  Node Inflow Summary
  *******************
  
  -------------------------------------------------------------------------------------------------
                                  Maximum  Maximum                  Lateral       Total        Flow
                                  Lateral    Total  Time of Max      Inflow      Inflow     Balance
                                   Inflow   Inflow   Occurrence      Volume      Volume       Error
  Node                 Type           CFS      CFS  days hr:min    10^6 gal    10^6 gal     Percent
  -------------------------------------------------------------------------------------------------
  YI#1                 JUNCTION      0.00     1.03     0  13:00           0       0.384      20.549
  JB#4                 JUNCTION      0.00     1.48     0  20:10           0        0.16      86.988
  CB#5                 JUNCTION      0.00     0.00     0  00:00           0           0       0.000 gal
  FES#11               JUNCTION      0.00     0.00     0  00:00           0           0       0.000 gal
  HW#19                JUNCTION      0.00     0.00     0  00:00           0           0       0.000 gal
  CB#20                JUNCTION      0.00     0.00     0  00:00           0           0       0.000 gal
  FES#6                JUNCTION      1.00     1.00     0  00:00       0.646       0.646      11.344
  CB#22                JUNCTION      1.00     1.00     0  00:00       0.646       0.646      11.603
  HW#21                JUNCTION      0.00     1.00     0  05:48           0       0.579      12.568
  CB#24-A              JUNCTION      1.00     1.00     0  00:00       0.646       0.646      11.147
  X-Sect#24            JUNCTION      0.00     2.00     0  07:42           0        1.03       6.857
  DI#26                JUNCTION      0.00     0.00     0  00:00           0           0       0.000 gal
  FES#27               JUNCTION      0.00     1.00     0  06:40           0       0.581      12.398
  CB#31                JUNCTION      0.00     0.00     0  00:00           0           0       0.000 gal
  CB#36                JUNCTION      0.00     1.00     0  02:24           0       0.582       0.000
  FES#38               JUNCTION      0.00     0.00     0  00:00           0           0       0.000 gal
  YI#2                 JUNCTION      0.00     1.14     0  05:18           0      0.0948     230.586
  X-Sect#7             JUNCTION      0.00     1.53     0  02:26           0        0.58      12.780
  X-Sect#8             JUNCTION      0.00     1.00     0  07:18           0       0.515      14.525
  CB#37                JUNCTION      0.00     0.00     0  00:00           0           0       0.000 gal
  X-Sect#12            JUNCTION      0.00     1.00     0  06:04           0        0.58      12.698
  X-Sect#13            JUNCTION      0.00     1.00     0  07:17           0       0.515      14.469
  FES#9                JUNCTION      0.00     1.11     0  07:18           0       0.449       0.000
  X-Sect#23            JUNCTION      0.00     1.00     0  07:17           0       0.514      14.278
  X-Sect#28            JUNCTION      0.00     1.00     0  06:30           0       0.517      14.186
  X-Sect#29            JUNCTION      0.00     1.00     0  09:34           0       0.453      16.996
  YI#36                JUNCTION      0.00     1.06     0  05:50           0       0.136       0.000
  YI#20                JUNCTION      0.00     0.00     0  00:00           0           0       0.000 gal
  JB#21                JUNCTION      0.00     1.03     0  20:14           0      0.0743     756.662
  JB#43                JUNCTION      0.00     0.00     0  00:00           0           0       0.000 gal
  JB#42                JUNCTION      0.00     1.00     0  04:40           0        0.58      12.718
  JB#49                JUNCTION      0.00     1.02     0  13:00           0       0.449      17.019
  JB#48                JUNCTION      0.00     0.30     0  04:53           0       0.154      74.002
  25                   JUNCTION      1.00     1.00     0  00:00       0.646       0.646      11.380
  2301Ent              JUNCTION      0.00     0.00     0  00:00           0           0       0.000 gal
  2301Out              JUNCTION      0.00     0.00     0  00:00           0           0       0.000 gal
  2259Ent              JUNCTION      0.00     0.00     0  00:00           0           0       0.000 gal
  2259Out              JUNCTION      0.00     0.00     0  00:00           0           0       0.000 gal
  X-Sect#39            JUNCTION      0.00     4.52     0  02:20           0       0.584       0.000
  X-Sect#40            JUNCTION      1.00     1.00     0  00:00       0.646       0.646      10.718
  X-Sect#41            JUNCTION      0.00     0.00     0  00:00           0           0       0.000 gal
  X-Sect#42            JUNCTION      0.00     0.00     0  00:00           0           0       0.000 gal
  2243Ent              JUNCTION      0.00     0.00     0  00:00           0           0       0.000 gal
  WrenOut              JUNCTION      0.00     0.00     0  00:00           0           0       0.000 gal
  X-Sect#44            JUNCTION      0.00     0.00     0  00:00           0           0       0.000 gal
  WendOut              JUNCTION      0.00     0.00     0  00:00           0           0       0.000 gal
  X-Sect#49            JUNCTION      0.00     0.00     0  00:00           0           0       0.000 gal
  ChadEnt              JUNCTION      0.00     0.00     0  00:00           0           0       0.000 gal
  ChadOut              JUNCTION      1.00     1.00     0  00:00       0.646       0.646      10.698
  X-Sect#50            JUNCTION      0.00     1.00     0  04:37           0       0.584       0.000
  2251Ent              JUNCTION      0.00     0.00     0  00:00           0           0       0.000 gal
  2251Out              JUNCTION      0.00     0.00     0  00:00           0           0       0.000 gal
  WendCulv             JUNCTION      0.00     0.00     0  00:00           0           0       0.000 gal
  JB#45                JUNCTION      0.00     1.02     0  02:21           0       0.583       0.000
  JB#47                JUNCTION      0.00     1.01     0  02:22           0       0.582       0.000
  CB#46                JUNCTION      1.00     1.00     0  00:00       0.646       0.646      10.796
  CB#48                JUNCTION      1.00     1.00     0  00:00       0.646       0.646      10.963
  TyngLP               JUNCTION      1.00     1.00     0  00:00       0.646       0.646      11.419
  YI#3-A               JUNCTION      0.00     0.00     0  00:00           0           0       0.000 gal
  YI#34                JUNCTION      0.00     0.00     0  00:00           0           0       0.000 gal
  223                  JUNCTION      0.00     2.02     0  20:36           0        0.33       0.000
  2243Out              JUNCTION      0.00     0.00     0  00:00           0           0       0.000 gal
  X-Sect#43            JUNCTION      0.00     0.00     0  00:00           0           0       0.000 gal
  JB#1                 JUNCTION      0.00     0.00     0  00:00           0           0       0.000 gal
  601                  JUNCTION      1.00     1.43     0  05:20       0.646       0.675      12.901
  188/60"RCP           JUNCTION      1.00     1.00     0  00:00       0.646       0.646      13.329
  14/60"RCP            JUNCTION      1.00     1.00     0  00:00       0.646       0.646      11.307
  215/60"RCP           JUNCTION      1.00     1.00     0  00:00       0.646       0.646      13.600
  50/60"RCP            JUNCTION      1.00     1.00     0  00:00       0.646       0.646      11.609
  Overland26           JUNCTION      1.00     1.00     0  00:00       0.646       0.646      11.281
  Web-Over             JUNCTION      1.00     1.00     0  00:00       0.646       0.646      15.038
  DAN-OVER             JUNCTION      1.00     1.00     0  00:00       0.646       0.646      11.566
  CB#31Over            JUNCTION      1.00     1.00     0  00:00       0.646       0.646      13.480
  HART-OVER            JUNCTION      1.00     1.00     0  00:00       0.646       0.646      13.396
  H2-OVER              JUNCTION      1.00     1.00     0  00:00       0.646       0.646      15.017
  AND-OVER             JUNCTION      1.00     2.00     0  05:32       0.646        1.17       6.162
  Overland2            JUNCTION      1.00     1.74     0  05:18       0.646       0.647      11.901
  2/60"                JUNCTION      0.00     2.05     0  05:21           0       0.578       0.000
  600                  JUNCTION      1.00     1.00     0  00:00       0.646       0.646      11.847
  42/30"RCP            JUNCTION      1.00     1.00     0  00:00       0.646       0.646      11.281
  Andover              JUNCTION      1.00     1.00     0  00:00       0.646       0.646      10.965
  18/30"RCP            JUNCTION      1.00     1.00     0  00:00       0.646       0.646      11.237
  28/60"RCP            JUNCTION      1.00     1.78     0  04:48       0.646       0.647      11.404
  ChelmOver            JUNCTION      0.00     1.76     0  04:48           0      0.0664       0.000
  ChelmOver2           JUNCTION      1.00     1.00     0  00:00       0.646       0.646      43.261
  YI#36Over            JUNCTION      1.00     1.00     0  00:00       0.646       0.646      11.883
  PRO_CHAN6            JUNCTION      1.00     1.00     0  00:00       0.646       0.646      10.283
  PR_CHN1              JUNCTION      0.00     6.77     0  02:20           0       0.586       0.000
  2301Over             JUNCTION      1.00     1.00     0  00:00       0.646       0.646      11.142
  EX_CHAN5             JUNCTION      1.00     1.19     0  08:23       0.646       0.657      10.418
  PR_CHN2              JUNCTION      0.00     8.57     0  02:20           0       0.595       0.000
  2259Over             JUNCTION      1.00  1210.63     0  04:40       0.646       0.971      22.625
  PR_BRIDGE            JUNCTION      0.00   327.32     0  07:05           0       0.312       0.000
  EX_CHAN4             JUNCTION      1.00     1.75     0  04:49       0.646       0.663      11.176
  PR_CHN3              JUNCTION      0.00     1.00     0  04:47           0      0.0799       0.000
  EX_CHAN3             JUNCTION      1.00     1.25     0  04:42       0.646       0.655      10.669
  PR_CHN4              JUNCTION      0.00     5.95     0  02:19           0       0.592       0.000
  2251Over             JUNCTION      1.00     1.00     0  00:00       0.646       0.646      11.066
  EX_CHAN2             JUNCTION      1.00     1.43     0  04:50       0.646       0.646      11.050
  PR_CHN5              JUNCTION      0.00     2.01     0  22:22           0       0.582       0.000
  PR_CHN6              JUNCTION      1.00     1.00     0  04:40       0.646       0.646      10.976
  BAM_Ex.6             JUNCTION      0.00     1.49     0  04:45           0       0.582       0.000
  2243Over             JUNCTION      1.00     1.00     0  00:00       0.646       0.646      11.003
  WrenOver             JUNCTION      1.00     1.00     0  00:00       0.646       0.646      10.974
  PropOver             JUNCTION      0.00     5.48     0  02:20           0       0.582       0.000
  72"CMP#2             JUNCTION      1.00     2.12     0  05:00       0.646       0.648      11.881
  72"CMP#3             JUNCTION      0.00     2.08     0  05:01           0       0.579       0.000
  Spillway             JUNCTION      1.00     1.00     0  00:00       0.646       0.646      10.778
  PR_72"_RCP           JUNCTION      1.00     2.34     0  04:39       0.646        1.17       6.480
  PR_72"_RC1           JUNCTION      1.00     2.00     0  04:42       0.646        1.17       6.659
  PR_72"_RC2           JUNCTION      1.00     1.00     0  00:00       0.646       0.646      12.379
  YI#34Over            JUNCTION      1.00     2.01     0  05:55       0.646       0.709      13.797
  EX_CHAN1             JUNCTION      1.00     1.00     0  00:00       0.646       0.646      10.500
  PR_CHN7              JUNCTION      0.00    34.10     0  02:19           0       0.585       0.000
  EX_CHAN              JUNCTION      1.00     1.00     0  00:00       0.646       0.646      11.496
  PR_CHN8              JUNCTION      0.00     0.00     0  00:00           0           0       0.000 gal
  overland3            JUNCTION      1.00     1.00     0  00:00       0.646       0.646      17.433
  CB#10                OUTFALL       0.00     0.00     0  00:00           0           0       0.000 gal
  CB#3                 STORAGE       0.00     0.00     0  00:00           0           0       0.000 gal
  HW#25                STORAGE       0.00     3.00     0  10:07           0        1.35       0.001
  CB#30                STORAGE       0.00     0.00     0  00:00           0           0       0.000 gal
  DI#33                STORAGE       0.00     0.00     0  00:00           0           0       0.000 gal
  DI#34                STORAGE       0.00     0.00     0  00:00           0           0       0.000 gal
  CB#35                STORAGE       0.00     0.00     0  00:00           0           0       0.000 gal
  CB#15                STORAGE       0.00     1.00     0  07:59           0        0.45       0.001
  CB#16                STORAGE       0.00     0.00     0  00:00           0           0       0.000 gal
  YI#39                STORAGE       0.00     0.00     0  00:00           0           0       0.000 gal
  WrenEnt              STORAGE       0.00     0.00     0  00:00           0     0.00494       0.000
  WrenPond             STORAGE       0.00     0.00     0  00:00           0           0       0.000 gal
  
  
  **********************
  Node Surcharge Summary
  **********************
  
  Surcharging occurs when water rises above the top of the highest conduit.
  ---------------------------------------------------------------------
                                               Max. Height   Min. Depth
                                   Hours       Above Crown    Below Rim
  Node                 Type      Surcharged           Feet         Feet
  ---------------------------------------------------------------------
  DI#26                JUNCTION       24.00          0.000        0.000
  FES#38               JUNCTION       24.00          0.000        0.000
  CB#37                JUNCTION       24.00          0.000        0.000
  FES#9                JUNCTION       14.14          0.000        0.000
  2301Ent              JUNCTION       24.00          0.000        0.000
  2259Ent              JUNCTION       24.00          0.000        0.000
  2259Out              JUNCTION       24.00          0.000        0.000
  X-Sect#39            JUNCTION       19.30          0.000        0.000
  2243Ent              JUNCTION       24.00          0.000        0.000
  X-Sect#50            JUNCTION       19.28          0.000        0.000
  2251Ent              JUNCTION       24.00          0.000        0.000
  YI#34                JUNCTION       24.00          0.000        0.000
  223                  JUNCTION        3.71          0.000        0.000
  X-Sect#43            JUNCTION       24.00          0.000        0.000
  601                  JUNCTION       18.68          0.000        0.000
  188/60"RCP           JUNCTION       21.18          0.000        0.000
  14/60"RCP            JUNCTION       21.56          0.000        0.000
  215/60"RCP           JUNCTION       21.13          0.000        0.000
  50/60"RCP            JUNCTION       21.50          0.000        0.000
  Web-Over             JUNCTION       20.86          0.000        0.000
  DAN-OVER             JUNCTION       21.51          0.000        0.000
  CB#31Over            JUNCTION       21.15          0.000        0.000
  HART-OVER            JUNCTION       21.16          0.000        0.000
  H2-OVER              JUNCTION       20.87          0.000        0.000
  AND-OVER             JUNCTION       21.49          0.000        0.000
  2/60"                JUNCTION       18.66          0.000        0.000
  600                  JUNCTION       21.46          0.000        0.000
  42/30"RCP            JUNCTION       21.57          0.000        0.000
  18/30"RCP            JUNCTION       21.58          0.000        0.000
  28/60"RCP            JUNCTION       19.09          0.000        0.000
  ChelmOver2           JUNCTION       16.75          0.000        0.000
  YI#36Over            JUNCTION       21.45          0.000        0.000
  PR_CHN1              JUNCTION       19.15          0.000        0.000
  2301Over             JUNCTION       21.59          0.000        0.000
  PR_CHN2              JUNCTION       14.78          0.000        0.000
  2259Over             JUNCTION       10.98          0.000        0.000
  PR_BRIDGE            JUNCTION        0.01          0.000        0.000
  EX_CHAN4             JUNCTION       19.19          0.000        0.000
  PR_CHN4              JUNCTION       16.06          0.000        0.000
  2251Over             JUNCTION       21.61          0.000        0.000
  PR_CHN5              JUNCTION       19.15          0.000        0.000
  BAM_Ex.6             JUNCTION       19.25          0.000        0.000
  2243Over             JUNCTION       21.62          0.000        0.000
  PropOver             JUNCTION       19.19          0.000        0.000
  72"CMP#3             JUNCTION       18.83          0.000        0.000
  Spillway             JUNCTION       21.67          0.000        0.000
  PR_72"_RCP           JUNCTION       21.36          0.000        0.000
  PR_72"_RC1           JUNCTION       21.30          0.000        0.000
  PR_72"_RC2           JUNCTION       21.36          0.000        0.000
  YI#34Over            JUNCTION       18.10          0.000        0.000
  PR_CHN7              JUNCTION       19.25          0.000        0.000
  EX_CHAN              JUNCTION       21.53          0.000        0.000
  overland3            JUNCTION       20.44          0.000        0.000
  
  
  *********************
  Node Flooding Summary
  *********************
  
  Flooding refers to all water that overflows a node, whether it ponds or not.
  --------------------------------------------------------------------------
                                                             Total   Maximum
                                 Maximum   Time of Max       Flood    Ponded
                        Hours       Rate    Occurrence      Volume     Depth
  Node                 Flooded       CFS   days hr:min    10^6 gal      Feet
  --------------------------------------------------------------------------
  FES#9                  14.14      1.00      0  13:00       0.381     0.000
  X-Sect#39              19.30      1.00      0  05:32       0.520     0.000
  X-Sect#50              19.28      1.00      0  05:32       0.519     0.000
  223                     3.71      2.02      0  20:36       0.100     0.000
  601                    18.68      1.43      0  05:20       0.503     0.000
  188/60"RCP             21.18      1.00      0  02:49       0.570     0.000
  14/60"RCP              21.56      1.00      0  02:26       0.581     0.000
  215/60"RCP             21.13      1.00      0  02:52       0.569     0.000
  50/60"RCP              21.50      1.00      0  02:29       0.579     0.000
  Web-Over               20.86      1.00      0  03:08       0.562     0.000
  DAN-OVER               21.51      1.00      0  02:29       0.579     0.000
  CB#31Over              21.15      1.00      0  02:51       0.570     0.000
  HART-OVER              21.16      1.00      0  02:50       0.570     0.000
  H2-OVER                20.87      1.00      0  03:08       0.562     0.000
  AND-OVER               21.49      2.00      0  05:32       1.098     0.000
  2/60"                  18.65      2.05      0  05:21       0.503     0.000
  600                    21.46      1.00      0  02:32       0.578     0.000
  42/30"RCP              21.57      1.00      0  02:25       0.581     0.000
  18/30"RCP              21.58      1.00      0  02:25       0.581     0.000
  28/60"RCP              19.09      1.22      0  04:54       0.514     0.000
  ChelmOver2             16.75      1.00      0  07:14       0.451     0.000
  YI#36Over              21.45      1.00      0  02:32       0.578     0.000
  PR_CHN1                19.15      1.00      0  04:51       0.516     0.000
  2301Over               21.59      1.00      0  02:24       0.581     0.000
  PR_CHN2                14.61      2.19      0  05:38       0.521     0.000
  2259Over               10.98    756.21      0  04:40       0.521     0.000
  PR_BRIDGE               0.01     97.78      0  07:09       0.015     0.000
  EX_CHAN4               19.19      1.75      0  04:49       0.517     0.000
  PR_CHN4                15.99      2.18      0  04:47       0.521     0.000
  2251Over               21.61      1.00      0  02:23       0.582     0.000
  PR_CHN5                19.00      2.01      0  23:58       0.516     0.000
  BAM_Ex.6               19.25      1.49      0  04:45       0.518     0.000
  2243Over               21.62      1.00      0  02:22       0.582     0.000
  PropOver               19.19      1.41      0  04:48       0.517     0.000
  72"CMP#3               18.83      1.86      0  05:10       0.507     0.000
  Spillway               21.67      1.00      0  02:20       0.583     0.000
  PR_72"_RCP             21.36      2.26      0  04:39       1.096     0.000
  PR_72"_RC1             21.30      2.00      0  04:42       1.093     0.000
  PR_72"_RC2             21.36      1.00      0  02:38       0.575     0.000
  YI#34Over              18.09      2.01      0  05:55       0.487     0.000
  PR_CHN7                19.25      1.00      0  05:32       0.518     0.000
  EX_CHAN                21.53      1.00      0  02:28       0.580     0.000
  overland3              20.44      1.00      0  03:33       0.550     0.000
  HW#25                  16.54      3.00      0  10:07       1.277     0.000
  CB#15                  13.92      1.00      0  13:00       0.375     0.000
  
  
  **********************
  Storage Volume Summary
  **********************
  
  ------------------------------------------------------------------------------------------------
                         Average    Avg   Evap  Exfil     Maximum    Max    Time of Max    Maximum
                          Volume   Pcnt   Pcnt   Pcnt      Volume   Pcnt     Occurrence    Outflow
  Storage Unit          1000 ft³   Full   Loss   Loss    1000 ft³   Full    days hr:min        CFS
  ------------------------------------------------------------------------------------------------
  CB#3                     0.000    0.0    0.0    0.0       0.000    0.0       0  00:00       0.00
  HW#25                    8.134   81.3    0.0    0.0      10.000  100.0       0  07:27       0.00
  CB#30                    0.000    0.0    0.0    0.0       0.000    0.0       0  00:00       0.00
  DI#33                    0.000    0.0    0.0    0.0       0.000    0.0       0  00:00       0.00
  DI#34                    0.000    0.0    0.0    0.0       0.000    0.0       0  00:00       0.00
  CB#35                    0.000    0.0    0.0    0.0       0.000    0.0       0  00:00       0.00
  CB#15                    7.169   71.7    0.0    0.0      10.000  100.0       0  10:04       0.00
  CB#16                    0.000    0.0    0.0    0.0       0.000    0.0       0  00:00       0.00
  YI#39                    0.000    0.0    0.0    0.0       0.000    0.0       0  00:00       0.00
  WrenEnt                  0.660    6.6    0.0    0.0       0.660    6.6       0  00:00       0.00
  WrenPond                 0.000    0.0    0.0    0.0       0.000    0.0       0  00:00       0.00
  
  
  ***********************
  Outfall Loading Summary
  ***********************
  
  -----------------------------------------------------------
                         Flow       Avg       Max       Total
                         Freq      Flow      Flow      Volume
  Outfall Node           Pcnt       CFS       CFS    10^6 gal
  -----------------------------------------------------------
  CB#10                  0.00      0.00      0.00       0.000
  -----------------------------------------------------------
  System                 0.00      0.00      0.00       0.000
  
  
  ********************
  Link Flow Summary
  ********************
  
  -----------------------------------------------------------------------------
                                 Maximum  Time of Max   Maximum    Max/    Max/
                                  |Flow|   Occurrence   |Veloc|    Full    Full
  Link                 Type          CFS  days hr:min    ft/sec    Flow   Depth
  -----------------------------------------------------------------------------
  212.1                CONDUIT      1.14     0  05:18      0.17    0.01    0.59
  188/54"RCP           CONDUIT      0.00     0  00:00      0.00    0.00    0.50
  14/54"RCP            CONDUIT      0.00     0  00:00      0.00    0.00    0.50
  218.1                CONDUIT      0.00     0  00:00      0.00    0.00    0.50
  227.1                CONDUIT      0.00     0  00:00      0.00    0.00    0.50
  490/18"RCP           CONDUIT      1.00     0  05:48      8.17    0.03    0.12
  125/15"RCP           CONDUIT      1.00     0  05:32      6.92    0.07    0.18
  292/42"RCP           CONDUIT      1.00     0  06:40      2.13    0.02    0.10
  Op24-25              CONDUIT      2.00     0  13:01      1.80    0.02    0.11
  247.1                CONDUIT      0.00     0  00:00      0.00    0.00    0.50
  27/36"RCP            CONDUIT      0.00     0  00:00      0.00    0.00    0.50
  254/36"RCP           CONDUIT      0.00     0  00:00      0.00    0.00    0.50
  250.1                CONDUIT      0.00     0  00:00      0.00    0.00    0.50
  251.1                CONDUIT      0.00     0  00:00      0.00    0.00    0.50
  252.1                CONDUIT      1.00     0  05:32      0.05    0.00    0.51
  30/48"RCP            CONDUIT      2.05     0  05:21      3.13    0.02    0.73
  257.1                CONDUIT      0.00     0  00:00      0.00    0.00    0.50
  258.1                CONDUIT      0.00     0  00:00      0.00    0.00    0.50
  Op6-7                CONDUIT      1.53     0  02:26      4.11    0.00    0.04
  Op7-8                CONDUIT      1.00     0  07:18      2.71    0.00    0.04
  Op8-9                CONDUIT      1.11     0  07:18      2.95    0.00    0.52
  138/24"RCP           CONDUIT      1.00     0  02:24      4.08    0.04    0.13
  Op11-12              CONDUIT      0.00     0  00:00      0.00    0.00    0.03
  Op12-13              CONDUIT      1.00     0  07:17      1.46    0.01    0.09
  (2)60"RCP            CONDUIT      1.00     0  07:59      4.11    0.00    0.02
  276.1                CONDUIT      0.00     0  00:00      0.00    0.00    0.50
  28/54"RCP            CONDUIT      1.76     0  04:48      1.95    0.03    1.00
  11/Ellipse           CONDUIT      0.00     0  00:00      0.00    0.00    0.50
  Op#21-23             CONDUIT      1.00     0  07:17      2.06    0.01    0.05
  Op23-24              CONDUIT      1.00     0  07:42      1.27    0.01    0.08
  Op27-28              CONDUIT      1.00     0  06:30      1.60    0.01    0.06
  Op28-29              CONDUIT      1.00     0  09:34      2.28    0.01    0.18
  Op29-25              CONDUIT      1.00     0  10:07      0.50    0.01    0.19
  52/54"RCP            CONDUIT      0.00     0  00:00      0.00    0.00    0.50
  133/54"RCP           CONDUIT      0.00     0  00:00      0.00    0.00    0.00
  76/60"RCP            CONDUIT      0.00     0  00:00      0.00    0.00    0.00
  80/60"RCP            CONDUIT      1.03     0  20:14      0.20    0.00    0.42
  106/30"RCP           CONDUIT      0.00     0  00:00      0.00    0.00    0.00
  124/30"RCP           CONDUIT      0.00     0  00:00      0.00    0.00    0.00
  52/48"RCP            CONDUIT      0.71     0  04:53      3.49    0.00    0.05
  312.1                CONDUIT      1.03     0  13:00      7.98    0.00    0.03
  19/54"RCP            CONDUIT      0.00     0  00:00      0.00    0.00    0.00
  8/30"RCP             CONDUIT      0.32     0  13:00      4.89    0.00    0.04
  52/36"RCP            CONDUIT      1.00     0  04:40      1.12    0.02    0.18
  50/30"RCP            CONDUIT      0.30     0  04:53      1.98    0.01    0.07
  368.1                CONDUIT      6.77     0  02:20      3.38    0.06    0.53
  2301Bridge           CONDUIT      0.00     0  00:00      0.00    0.00    0.50
  370.1                CONDUIT      8.57     0  02:20      4.19    0.06    0.57
  2259Bridge           CONDUIT   1209.63     0  04:40    >50.00    0.38    0.84
  372.1                CONDUIT      1.00     0  04:47      0.18    0.01    0.57
  Op40-39              CONDUIT      4.52     0  02:20      4.12    0.02    0.52
  374.1                CONDUIT      5.95     0  02:19      3.99    0.03    0.63
  2251Bridge           CONDUIT      0.00     0  00:00      0.00    0.00    0.50
  376.1                CONDUIT      2.01     0  22:22      1.93    0.02    0.71
  378.1                CONDUIT      1.49     0  04:45      1.26    0.01    0.92
  2243Bridge           CONDUIT      0.00     0  00:00      0.00    0.00    0.50
  WrenBridge           CONDUIT      5.48     0  02:20      9.75    0.01    0.75
  383.1                CONDUIT      0.00     0  00:00      0.00    0.00    0.00
  OpWend-49            CONDUIT      0.00     0  00:00      0.00    0.00    0.00
  Op49-Chad            CONDUIT      0.00     0  00:00      0.00    0.00    0.00
  72"CMP#1             CONDUIT      2.08     0  05:01      4.47    0.01    0.85
  OpChad-50            CONDUIT      1.00     0  04:37      2.26    0.01    0.52
  Op44-Wend            CONDUIT      0.00     0  00:00      0.00    0.00    0.00
  12/18"RCP            CONDUIT      0.00     0  00:00      0.00    0.00    0.50
  287.1                CONDUIT      1.34     0  04:39      0.04    0.00    0.50
  391.1                CONDUIT      1.00     0  04:42      0.03    0.00    0.50
  392.1                CONDUIT      0.00     0  00:00      0.00    0.00    0.50
  76/15"RCP            CONDUIT      1.02     0  02:21      3.96    0.15    0.26
  60/18"RCP            CONDUIT      1.01     0  02:22      9.23    0.03    0.11
  Op44-Pond            CONDUIT      0.00     0  00:00      0.00    0.00    0.00
  196/60"RCP           CONDUIT      0.00     0  00:00      0.00    0.00    0.00
  TyngOver             CONDUIT      1.00     0  06:04      1.08    0.03    0.11
  YI#2Over             CONDUIT      0.00     0  00:00      0.00    0.00    0.00
  20/12"RCP            CONDUIT      0.00     0  00:00      0.00    0.00    0.00
  316/54"RCP           CONDUIT      1.06     0  05:50      0.20    0.01    0.70
  224                  CONDUIT      1.48     0  20:10      0.20    0.00    0.90
  225                  CONDUIT      1.34     0  23:13      4.98    0.01    0.53
  428.1                CONDUIT     34.10     0  02:19     16.92    0.09    0.51
  429.1                CONDUIT      0.00     0  00:00      0.00    0.00    0.50
  7x4                  CONDUIT      0.00     0  00:00      0.00    0.00    0.00
  224/60"              CONDUIT      0.00     0  00:00      0.00    0.00    0.50
  7x4_2                CONDUIT      0.00     0  00:00      0.00    0.00    0.00
  30"                  CONDUIT      0.00     0  00:00      0.00    0.00    0.00
  
  
  ***************************
  Flow Classification Summary
  ***************************
  
  -------------------------------------------------------------------------------------
                      Adjusted    ---------- Fraction of Time in Flow Class ---------- 
                       /Actual         Up    Down  Sub   Sup   Up    Down  Norm  Inlet 
  Conduit               Length    Dry  Dry   Dry   Crit  Crit  Crit  Crit  Ltd   Ctrl  
  -------------------------------------------------------------------------------------
  212.1                   1.00   0.10  0.01  0.00  0.78  0.00  0.10  0.00  0.00  0.00
  188/54"RCP              1.00   0.10  0.90  0.00  0.00  0.00  0.00  0.00  0.00  0.00
  14/54"RCP               1.00   0.10  0.90  0.00  0.00  0.00  0.00  0.00  0.00  0.00
  218.1                   1.00   0.10  0.90  0.00  0.00  0.00  0.00  0.00  0.00  0.00
  227.1                   1.00   0.10  0.90  0.00  0.00  0.00  0.00  0.00  0.00  0.00
  490/18"RCP              1.00   0.10  0.00  0.00  0.00  0.00  0.00  0.90  0.00  0.00
  125/15"RCP              1.00   0.10  0.00  0.00  0.00  0.00  0.00  0.90  0.00  0.00
  292/42"RCP              1.00   0.10  0.00  0.00  0.00  0.00  0.00  0.90  0.00  0.00
  Op24-25                 1.00   0.20  0.00  0.00  0.00  0.00  0.00  0.80  0.00  0.00
  247.1                   1.00   0.10  0.90  0.00  0.00  0.00  0.00  0.00  0.00  0.00
  27/36"RCP               1.00   0.10  0.90  0.00  0.00  0.00  0.00  0.00  0.00  0.00
  254/36"RCP              1.00   0.10  0.90  0.00  0.00  0.00  0.00  0.00  0.00  0.00
  250.1                   1.00   0.10  0.90  0.00  0.00  0.00  0.00  0.00  0.00  0.00
  251.1                   1.00   0.10  0.90  0.00  0.00  0.00  0.00  0.00  0.00  0.00
  252.1                   1.00   0.10  0.10  0.00  0.80  0.00  0.00  0.00  0.80  0.00
  30/48"RCP               1.00   0.10  0.00  0.00  0.80  0.00  0.00  0.10  0.01  0.00
  257.1                   1.00   0.10  0.90  0.00  0.00  0.00  0.00  0.00  0.00  0.00
  258.1                   1.00   0.10  0.90  0.00  0.00  0.00  0.00  0.00  0.00  0.00
  Op6-7                   1.00   0.10  0.00  0.00  0.00  0.80  0.00  0.10  0.80  0.00
  Op7-8                   1.00   0.20  0.00  0.00  0.00  0.00  0.00  0.80  0.00  0.00
  Op8-9                   1.00   0.30  0.00  0.00  0.59  0.00  0.00  0.10  0.59  0.00
  138/24"RCP              1.00   0.10  0.00  0.00  0.00  0.00  0.00  0.90  0.00  0.00
  Op11-12                 1.00   0.20  0.80  0.00  0.00  0.00  0.00  0.00  0.00  0.00
  Op12-13                 1.00   0.20  0.00  0.00  0.70  0.00  0.00  0.10  0.70  0.00
  (2)60"RCP               1.00   0.30  0.00  0.00  0.00  0.00  0.00  0.70  0.00  0.00
  276.1                   1.00   0.10  0.90  0.00  0.00  0.00  0.00  0.00  0.00  0.00
  28/54"RCP               1.00   0.10  0.00  0.00  0.80  0.00  0.10  0.00  0.00  0.00
  11/Ellipse              1.00   0.10  0.90  0.00  0.00  0.00  0.00  0.00  0.00  0.00
  Op#21-23                1.00   0.20  0.00  0.00  0.00  0.70  0.00  0.10  0.70  0.00
  Op23-24                 1.00   0.20  0.10  0.00  0.70  0.00  0.00  0.00  0.70  0.00
  Op27-28                 1.00   0.20  0.00  0.00  0.00  0.00  0.00  0.80  0.00  0.00
  Op28-29                 1.00   0.30  0.00  0.00  0.60  0.00  0.00  0.10  0.60  0.00
  Op29-25                 1.00   0.40  0.00  0.00  0.00  0.00  0.60  0.00  0.00  0.00
  52/54"RCP               1.00   0.10  0.90  0.00  0.00  0.00  0.00  0.00  0.00  0.00
  133/54"RCP              1.00   1.00  0.00  0.00  0.00  0.00  0.00  0.00  0.00  0.00
  76/60"RCP               1.00   1.00  0.00  0.00  0.00  0.00  0.00  0.00  0.00  0.00
  80/60"RCP               1.00   0.72  0.02  0.00  0.16  0.00  0.10  0.00  0.00  0.00
  106/30"RCP              1.00   1.00  0.00  0.00  0.00  0.00  0.00  0.00  0.00  0.00
  124/30"RCP              1.00   1.00  0.00  0.00  0.00  0.00  0.00  0.00  0.00  0.00
  52/48"RCP               1.00   0.20  0.00  0.00  0.00  0.00  0.00  0.80  0.00  0.00
  312.1                   1.00   0.35  0.00  0.00  0.00  0.04  0.00  0.61  0.03  0.00
  19/54"RCP               1.00   1.00  0.00  0.00  0.00  0.00  0.00  0.00  0.00  0.00
  8/30"RCP                1.00   0.54  0.00  0.00  0.00  0.00  0.00  0.46  0.00  0.00
  52/36"RCP               1.00   0.10  0.00  0.00  0.00  0.00  0.90  0.00  0.00  0.00
  50/30"RCP               1.00   0.20  0.00  0.00  0.00  0.00  0.00  0.80  0.00  0.00
  368.1                   1.00   0.10  0.00  0.00  0.81  0.00  0.00  0.09  0.81  0.00
  2301Bridge              1.00   0.10  0.90  0.00  0.00  0.00  0.00  0.00  0.00  0.00
  370.1                   1.00   0.10  0.00  0.00  0.81  0.00  0.00  0.09  0.06  0.00
  2259Bridge              1.00   0.10  0.01  0.00  0.46  0.10  0.33  0.00  0.00  0.00
  372.1                   1.00   0.10  0.00  0.00  0.80  0.00  0.10  0.00  0.00  0.00
  Op40-39                 1.00   0.10  0.00  0.00  0.81  0.00  0.00  0.10  0.81  0.00
  374.1                   1.00   0.10  0.00  0.00  0.81  0.00  0.00  0.10  0.00  0.00
  2251Bridge              1.00   0.10  0.90  0.00  0.00  0.00  0.00  0.00  0.00  0.00
  376.1                   1.00   0.10  0.00  0.00  0.81  0.00  0.00  0.10  0.00  0.00
  378.1                   1.00   0.10  0.00  0.00  0.81  0.00  0.00  0.10  0.00  0.00
  2243Bridge              1.00   0.10  0.90  0.00  0.00  0.00  0.00  0.00  0.00  0.00
  WrenBridge              1.00   0.10  0.00  0.00  0.81  0.00  0.00  0.10  0.00  0.00
  383.1                   1.00   1.00  0.00  0.00  0.00  0.00  0.00  0.00  0.00  0.00
  OpWend-49               1.00   1.00  0.00  0.00  0.00  0.00  0.00  0.00  0.00  0.00
  Op49-Chad               1.00   1.00  0.00  0.00  0.00  0.00  0.00  0.00  0.00  0.00
  72"CMP#1                1.00   0.10  0.00  0.00  0.81  0.00  0.00  0.10  0.00  0.00
  OpChad-50               1.00   0.10  0.00  0.00  0.81  0.00  0.00  0.10  0.81  0.00
  Op44-Wend               1.00   1.00  0.00  0.00  0.00  0.00  0.00  0.00  0.00  0.00
  12/18"RCP               1.00   0.10  0.90  0.00  0.00  0.00  0.00  0.00  0.00  0.00
  287.1                   1.00   0.10  0.10  0.00  0.81  0.00  0.00  0.00  0.81  0.00
  391.1                   1.00   0.10  0.10  0.00  0.80  0.00  0.00  0.00  0.80  0.00
  392.1                   1.00   0.10  0.90  0.00  0.00  0.00  0.00  0.00  0.00  0.00
  76/15"RCP               1.00   0.10  0.00  0.00  0.00  0.00  0.00  0.90  0.00  0.00
  60/18"RCP               1.00   0.10  0.00  0.00  0.00  0.00  0.00  0.90  0.00  0.00
  Op44-Pond               1.00   1.00  0.00  0.00  0.00  0.00  0.00  0.00  0.00  0.00
  196/60"RCP              1.00   1.00  0.00  0.00  0.00  0.00  0.00  0.00  0.00  0.00
  TyngOver                1.00   0.10  0.00  0.00  0.00  0.00  0.00  0.90  0.00  0.00
  YI#2Over                1.00   1.00  0.00  0.00  0.00  0.00  0.00  0.00  0.00  0.00
  20/12"RCP               1.00   1.00  0.00  0.00  0.00  0.00  0.00  0.00  0.00  0.00
  316/54"RCP              1.00   0.10  0.02  0.00  0.78  0.00  0.11  0.00  0.00  0.00
  224                     1.00   0.61  0.00  0.00  0.29  0.00  0.10  0.00  0.00  0.00
  225                     1.00   0.49  0.00  0.00  0.29  0.00  0.00  0.22  0.14  0.00
  428.1                   1.00   0.10  0.00  0.00  0.81  0.00  0.00  0.09  0.81  0.00
  429.1                   1.00   0.10  0.90  0.00  0.00  0.00  0.00  0.00  0.00  0.00
  7x4                     1.00   1.00  0.00  0.00  0.00  0.00  0.00  0.00  0.00  0.00
  224/60"                 1.00   0.10  0.90  0.00  0.00  0.00  0.00  0.00  0.00  0.00
  7x4_2                   1.00   1.00  0.00  0.00  0.00  0.00  0.00  0.00  0.00  0.00
  30"                     1.00   1.00  0.00  0.00  0.00  0.00  0.00  0.00  0.00  0.00
  
  
  *************************
  Conduit Surcharge Summary
  *************************
  
  ----------------------------------------------------------------------------
                                                           Hours        Hours 
                         --------- Hours Full --------   Above Full   Capacity
  Conduit                Both Ends  Upstream  Dnstream   Normal Flow   Limited
  ----------------------------------------------------------------------------
  212.1                       0.01      0.01     18.68      0.01         0.01
  252.1                       0.01      0.01     19.29      0.01         0.01
  30/48"RCP                   0.01      0.01     18.65      0.01         0.01
  Op8-9                       0.01      0.01     14.14      0.01         0.01
  28/54"RCP                   0.01      0.01     19.09      0.01         0.01
  368.1                       0.01      0.01     19.15      0.01         0.01
  370.1                       0.01      0.01     14.53      0.01         0.01
  2259Bridge                  0.01      0.04     13.31      0.01         0.01
  372.1                       0.01      0.01     19.19      0.01         0.01
  Op40-39                     0.01      0.01     19.30      0.01         0.01
  374.1                       0.01      0.01     15.97      0.01         0.01
  376.1                       0.01      0.01     18.99      0.01         0.01
  378.1                       0.01      0.01     19.25      0.01         0.01
  WrenBridge                  0.01      0.01     19.19      0.01         0.01
  72"CMP#1                    0.01      0.01     18.83      0.01         0.01
  OpChad-50                   0.01      0.01     19.28      0.01         0.01
  287.1                       0.01      0.01     19.34      0.01         0.01
  391.1                       0.01      0.01     19.31      0.01         0.01
  316/54"RCP                  0.01      0.01     18.09      0.01         0.01
  224                         0.01      0.01      6.49      0.01         0.01
  225                         0.01      0.01      3.71      0.01         0.01
  428.1                       0.01      0.01     19.25      0.01         0.01
  

  Analysis begun on:  Wed Jul 22 11:35:11 2026
  Analysis ended on:  Wed Jul 22 11:35:16 2026
  Total elapsed time: 00:00:05