
  EPA STORM WATER MANAGEMENT MODEL - VERSION 5.2 (Build 5.2.4)
  ------------------------------------------------------------

  RMOC - TRANSPORT 
  
  ****************
  Analysis Options
  ****************
  Flow Units ............... CMS
  Process Models:
    Rainfall/Runoff ........ NO
    RDII ................... NO
    Snowmelt ............... NO
    Groundwater ............ NO
    Flow Routing ........... YES
    Ponding Allowed ........ NO
    Water Quality .......... NO
  Flow Routing Method ...... DYNWAVE
  Surcharge Method ......... EXTRAN
  Starting Date ............ 01/01/2001 00:00:00
  Ending Date .............. 01/02/2001 00:00:00
  Antecedent Dry Days ...... 0.0
  Report Time Step ......... 00:15:00
  Routing Time Step ........ 10.00 sec
  Variable Time Step ....... YES
  Maximum Trials ........... 100
  Number of Threads ........ 1
  Head Tolerance ........... 0.001000 m
  
  
  **************************        Volume        Volume
  Flow Routing Continuity        hectare-m      10^6 ltr
  **************************     ---------     ---------
  Dry Weather Inflow .......         0.000         0.000
  Wet Weather Inflow .......         0.000         0.000
  Groundwater Inflow .......         0.000         0.000
  RDII Inflow ..............         0.000         0.000
  External Inflow ..........        34.430       344.306
  External Outflow .........         7.098        70.980
  Flooding Loss ............        95.226       952.265
  Evaporation Loss .........         0.000         0.000
  Exfiltration Loss ........         0.000         0.000
  Initial Stored Volume ....         0.000         0.001
  Final Stored Volume ......        10.257       102.572
  Continuity Error (%) .....      -226.981
  
  
  *************************
  Highest Continuity Errors
  *************************
  Node BOOTH-REG (100.00%)
  Node pr1a (100.00%)
  Node oc2-1 (100.00%)
  Node bk1 (99.86%)
  Node oc1-1 (96.55%)
  
  
  ***************************
  Time-Step Critical Elements
  ***************************
  Link RCAN-TH (74.61%)
  Link CATH-TH (25.17%)
  
  
  ********************************
  Highest Flow Instability Indexes
  ********************************
  Link oc8 (4)
  Link oc9 (4)
  Link TUN-OUT (1)
  
  
  *********************************
  Most Frequent Nonconverging Nodes
  *********************************
  Node ROPEC-OUT (0.11%)
  Node shaft (0.01%)
  Node tr45 (0.01%)
  Node cmc (0.01%)
  Node tr43 (0.01%)
  
  
  *************************
  Routing Time Step Summary
  *************************
  Minimum Time Step           :     0.39 sec
  Average Time Step           :     0.73 sec
  Maximum Time Step           :    10.00 sec
  % of Time in Steady State   :     0.00
  Average Iterations per Step :     2.12
  % of Steps Not Converging   :     0.11
  Time Step Frequencies       :
     10.000 -  5.493 sec      :     0.04 %
      5.493 -  3.017 sec      :     0.00 %
      3.017 -  1.657 sec      :     0.17 %
      1.657 -  0.910 sec      :     0.01 %
      0.910 -  0.500 sec      :    99.79 %
  
  
  ******************
  Node Depth Summary
  ******************
  
  ---------------------------------------------------------------------------------
                                 Average  Maximum  Maximum  Time of Max    Reported
                                   Depth    Depth      HGL   Occurrence   Max Depth
  Node                 Type       Meters   Meters   Meters  days hr:min      Meters
  ---------------------------------------------------------------------------------
  st16a                JUNCTION   100.68   100.71   205.36     0  05:11      100.71
  gs20                 JUNCTION    89.40    89.48   185.19     0  02:13       89.48
  sg14                 JUNCTION    92.25    92.30   189.07     0  07:18       92.30
  gt2                  JUNCTION   112.86   112.86   227.93     0  00:00      112.86
  ma44                 JUNCTION    86.31    86.90   176.72     0  03:18       86.90
  mw13+                JUNCTION    76.12    76.31   156.98     0  06:41       76.31
  efmar                JUNCTION     0.00     0.00    74.98     0  00:24        0.00
  ma59a                JUNCTION    83.70    83.96   170.47     0  00:05       83.71
  tr36                 JUNCTION    81.14    81.58   164.88     0  00:01       81.26
  tr43                 JUNCTION    77.65    77.73   158.59     0  00:07       77.71
  tr45                 JUNCTION    74.35    74.65   151.52     0  00:04       74.65
  wa29                 JUNCTION    67.30    67.33   140.28     0  00:20       67.32
  np26                 JUNCTION    72.31    72.36   147.28     0  07:00       72.36
  wa28                 JUNCTION    66.10    66.13   140.13     0  10:56       66.13
  waacres              JUNCTION     0.00     0.00    66.85     0  00:00        0.00
  wx8a                 JUNCTION    56.15    56.38   121.79     0  02:48       56.38
  gc4                  JUNCTION    60.05    60.14   127.47     0  05:35       60.14
  wx6                  JUNCTION    54.84    55.84   117.59     0  13:33       55.84
  pc29                 JUNCTION    60.99    61.03   128.39     0  07:01       61.03
  pc44                 JUNCTION    58.79    59.04   123.97     0  02:41       59.04
  wn50a                JUNCTION    53.94    54.13   110.61     0  03:58       54.13
  wc21                 JUNCTION    72.56    72.85   159.14     0  06:40       72.85
  wc50                 JUNCTION    69.87    70.35   144.84     0  09:36       70.35
  wn39                 JUNCTION    51.36    51.43   116.05     0  13:55       51.43
  wn19                 JUNCTION    49.68    49.70   111.49     0  13:55       49.70
  bs1                  JUNCTION    80.55    80.91   166.96     0  07:15       80.91
  mb27+                JUNCTION    66.32    66.58   138.39     0  20:07       66.58
  mb9+                 JUNCTION    57.73    59.43   125.42     0  20:07       59.43
  wn6a                 JUNCTION    49.99    50.90   105.82     0  07:15       50.90
  icchbr               JUNCTION    35.28    46.26   106.00     1  00:00       46.26
  pr12                 JUNCTION    52.86    54.94   112.43     0  18:14       54.94
  bo7b                 JUNCTION    34.59    49.58   121.58     0  21:52       49.58
  BOOTH-REG            JUNCTION     4.21    23.71    83.71     1  00:00       23.71
  cc51                 JUNCTION    69.48    69.50   144.68     0  05:32       69.50
  cc72                 JUNCTION    62.51    62.81   129.13     0  05:41       62.81
  cc81                 JUNCTION    56.93    57.50   121.24     0  05:41       57.50
  cc85                 JUNCTION    52.95    54.25   111.10     0  01:39       54.25
  pr13                 JUNCTION    54.24    54.76   112.43     0  18:09       54.76
  cc95a                JUNCTION    51.31    51.81   107.04     0  04:30       51.81
  PREST-REG            JUNCTION     0.00     0.00    57.42     0  00:00        0.00
  ic1b                 JUNCTION    41.10    45.60   106.00     1  00:00       45.60
  ic3                  JUNCTION    41.38    42.93   114.86     0  02:54       42.93
  ic4                  JUNCTION    38.37    41.91   107.96     1  00:00       41.91
  ic5                  JUNCTION    40.69    40.95    97.95     1  00:00       40.95
  rr43                 JUNCTION    56.47    56.49   132.42     0  00:41       56.49
  rr40                 JUNCTION    54.36    54.53   118.48     0  12:07       54.53
  rr10                 JUNCTION    52.94    52.97   111.18     0  22:35       52.97
  ri0400               JUNCTION    54.34    54.38   111.80     0  21:37       54.38
  rr02800              JUNCTION    51.87    51.89   109.02     0  22:36       51.89
  rrr                  JUNCTION    49.21    49.22   105.69     0  22:35       49.22
  os1                  JUNCTION    42.02    42.29    97.76     0  04:47       42.29
  rm22                 JUNCTION    53.15    54.16   112.93     0  03:59       54.16
  xxb                  JUNCTION    42.27    44.49    90.51     0  04:10       44.48
  hl12                 JUNCTION    50.60    59.18   120.90     0  08:31       59.18
  os2                  JUNCTION    31.82    38.64    97.77     0  05:20       38.63
  bd3                  JUNCTION    58.47    59.34   121.70     0  01:47       59.34
  ah1                  JUNCTION    55.78    59.22   120.88     0  09:21       59.22
  aw8                  JUNCTION    60.01    61.93   126.15     0  03:09       61.93
  ah1a                 JUNCTION    53.67    60.15   122.57     0  04:21       60.15
  ah4                  JUNCTION    48.55    58.63   120.93     0  09:21       58.63
  os3                  JUNCTION    33.23    37.19   105.77     0  17:19       37.19
  os4                  JUNCTION    34.98    35.30   119.12     0  02:12       35.30
  os5                  JUNCTION    33.09    34.93   100.57     0  02:38       34.93
  os6                  JUNCTION    34.24    34.58    90.97     0  05:21       34.58
  ac19                 JUNCTION    86.12    86.63   176.24     0  03:47       86.63
  gn21++               JUNCTION    75.35    75.54   158.11     0  02:00       75.54
  gn35a+               JUNCTION    72.79    72.97   154.05     0  22:53       72.97
  gn17+                JUNCTION    68.85    70.13   149.17     0  22:54       70.13
  gn13+                JUNCTION    61.00    63.95   134.85     0  22:54       63.95
  lc1a+                JUNCTION    78.04    78.15   165.55     0  01:57       78.15
  lc6                  JUNCTION    72.80    72.96   158.61     0  13:04       72.96
  wrmacfar             JUNCTION    73.31    73.67   166.67     0  04:35       73.67
  lclynw               JUNCTION    69.35    69.79   154.52     1  00:00       69.79
  gn20                 JUNCTION    43.66    43.75   110.41     1  00:00       43.75
  cr10                 JUNCTION    58.88    60.71   125.60     0  05:19       60.71
  gn3                  JUNCTION    59.22    59.63   121.60     0  09:05       59.63
  gnshft7              JUNCTION    57.33    57.84   121.60     0  09:09       57.84
  gnshft5              JUNCTION    55.82    56.08   122.40     0  11:10       56.08
  gnshft1              JUNCTION    52.18    52.54   111.67     0  22:29       52.54
  cm2                  JUNCTION    44.83    44.85    93.56     0  00:08       44.84
  cmc                  JUNCTION    41.31    42.57    89.66     0  00:07       41.36
  or38                 JUNCTION    53.00    53.12   109.80     0  09:40       53.12
  ocshft5              JUNCTION    40.77    40.95    88.57     0  00:08       40.94
  gl23a                JUNCTION     0.00     0.00    52.30     0  00:00        0.00
  oc4.5                JUNCTION    41.16    41.18    88.42     0  00:07       41.18
  wt12a                JUNCTION    53.70    54.25   113.71     0  08:12       54.25
  ocshft2              JUNCTION    37.59    37.72    89.72     1  00:00       37.72
  cc82                 JUNCTION    55.79    57.08   119.17     0  05:41       57.08
  901                  JUNCTION     0.00     0.00    62.09     0  00:00        0.00
  SC/MERT              JUNCTION     0.00     0.00    62.09     0  00:00        0.00
  mb9                  JUNCTION    62.72    63.10   129.09     0  02:27       63.10
  MBAY                 JUNCTION     0.00     0.00    65.99     0  00:00        0.00
  903                  JUNCTION     0.00     0.00    57.00     0  00:00        0.00
  LL/BO-OUT            JUNCTION     0.00     0.00    57.00     0  00:00        0.00
  KENT-REG             JUNCTION    61.06    61.63   127.47     0  01:19       61.63
  RCAN-REG             JUNCTION    42.53    48.37   114.59     1  00:00       48.37
  CATH-REG             JUNCTION    49.22    49.27   106.27     0  00:15       49.26
  RRIVER-REG           JUNCTION    46.43    46.64   102.11     0  22:35       46.64
  rich                 JUNCTION     0.00     0.00   115.00     0  00:00        0.00
  hra                  JUNCTION    43.13    44.87    91.54     0  02:32       44.87
  HEM1                 JUNCTION     0.00     0.00    46.67     0  00:00        0.00
  HEM2                 JUNCTION    39.96    44.48    90.50     0  04:07       44.48
  457                  JUNCTION    52.62    59.13   120.79     0  06:22       59.13
  HEM4                 JUNCTION    49.58    59.13   120.79     0  06:22       59.13
  HEM3                 JUNCTION     0.00     0.00    58.77     0  00:00        0.00
  OC-OUT               JUNCTION     0.00     0.00    47.62     0  00:07        0.00
  gn20a                JUNCTION    59.62    60.62   127.28     0  18:34       60.62
  shaft                JUNCTION    43.29    49.59   102.13     1  00:00       49.59
  grit                 JUNCTION    44.94    46.97    99.51     1  00:00       46.97
  ROPEC-BY             JUNCTION     0.00     0.00    52.00     0  00:00        0.00
  SCOTT-REG            JUNCTION    48.23    54.52   117.52     0  06:08       54.52
  SCOTT                JUNCTION    54.47    54.79   117.79     0  06:07       54.79
  ss15                 JUNCTION    49.83    52.20   109.23     0  21:46       52.20
  ss14                 JUNCTION    50.56    52.27   109.51     0  02:57       52.27
  ss10                 JUNCTION    51.05    52.88   110.86     0  02:51       52.88
  ss5                  JUNCTION    52.58    53.80   111.21     0  02:33       53.80
  qe7                  JUNCTION    54.91    55.71   123.85     1  00:00       55.71
  cl3                  JUNCTION    58.13    60.49   125.59     0  21:30       60.49
  cl11                 JUNCTION    56.16    59.01   125.20     0  21:31       59.01
  rr1                  JUNCTION    48.39    55.97   115.97     0  21:30       55.97
  ocr21                JUNCTION     0.00     0.00    68.54     0  00:00        0.00
  ocr3                 JUNCTION    57.72    62.41   130.66     0  09:47       62.41
  ocr7                 JUNCTION    58.74    61.91   130.46     0  09:47       61.91
  ar19                 JUNCTION    59.52    62.41   129.59     1  00:00       62.41
  ar25                 JUNCTION    46.71    60.70   129.59     1  00:00       60.70
  ar33                 JUNCTION    51.56    59.04   128.53     1  00:00       59.04
  ar1                  JUNCTION     0.00     0.00    69.71     0  00:00        0.00
  ar5                  JUNCTION    62.13    63.97   132.49     0  03:02       63.97
  ar11                 JUNCTION    61.44    63.45   130.42     0  09:05       63.45
  ar15                 JUNCTION    58.00    62.36   131.25     0  06:05       62.36
  ar16                 JUNCTION    50.92    62.18   130.76     0  23:59       62.18
  lyn3                 JUNCTION    57.23    61.46   128.50     0  09:07       61.46
  cs1                  JUNCTION    58.64    60.24   128.06     0  09:08       60.24
  cs3                  JUNCTION    56.42    60.06   126.79     0  09:14       60.06
  ly6                  JUNCTION    60.77    62.79   131.65     0  03:39       62.79
  ly1                  JUNCTION     0.00     0.00    69.30     0  00:00        0.00
  hw6                  JUNCTION    59.47    62.51   127.74     0  05:49       62.51
  hw1                  JUNCTION     0.00     0.00    68.52     0  00:00        0.00
  ocr1                 JUNCTION     0.00     0.00    67.67     0  00:00        0.00
  fl1                  JUNCTION     0.00     0.00    71.06     0  00:00        0.00
  wa1                  JUNCTION    61.57    66.13   137.52     0  10:32       66.13
  wa6                  JUNCTION    61.91    64.11   133.06     0  10:32       64.11
  bk1                  JUNCTION    47.54    63.66   130.79     1  00:00       63.66
  bk4                  JUNCTION    58.22    63.05   130.79     0  23:57       63.05
  pr5                  JUNCTION    59.15    60.78   127.78     0  08:16       60.78
  pr17                 JUNCTION    57.56    58.75   121.17     0  08:17       58.75
  pr22                 JUNCTION    54.37    56.97   117.57     0  08:19       56.97
  pr1a                 JUNCTION    50.12    62.10   127.18     1  00:00       62.10
  mid                  JUNCTION    53.25    60.19   129.08     1  00:00       60.19
  qe-ic                JUNCTION    51.44    55.10   123.24     1  00:00       55.10
  qe7a                 JUNCTION     0.00     0.00    68.14     0  00:00        0.00
  645                  JUNCTION     0.00     0.00    68.25     0  00:00        0.00
  prmid2               JUNCTION    30.81    53.32   112.39     0  22:26       53.32
  rr1out               JUNCTION     0.00     0.00    57.16     0  00:00        0.00
  ri0500               JUNCTION    53.53    54.72   112.11     0  21:37       54.72
  TUN-1                JUNCTION    23.67    24.37    81.50     0  06:56       24.37
  oc1-1                JUNCTION    44.51    61.38   126.48     0  12:47       61.38
  oc1-2                JUNCTION     0.00     0.00    68.52     0  00:00        0.00
  oc1-3                JUNCTION     0.00     0.00    67.18     0  00:00        0.00
  oc1-4                JUNCTION     0.00     0.00    68.00     0  00:00        0.00
  oc1-end              JUNCTION     0.00     0.00    68.00     0  00:00        0.00
  ri00600              JUNCTION    55.68    55.74   115.74     0  01:18       55.74
  ri0300               JUNCTION    53.70    54.30   111.69     0  21:43       54.30
  ri0200               JUNCTION    50.65    52.64   110.54     0  21:45       52.64
  cl3a                 JUNCTION    51.13    61.25   126.48     0  12:50       61.25
  TUN-2                JUNCTION     0.00     0.00    68.50     0  00:00        0.00
  TUN-3                JUNCTION     0.00     0.00    72.00     0  00:00        0.00
  oc2-1                JUNCTION    41.99    56.16   121.16     1  00:00       56.16
  oc2-2                JUNCTION     0.00     0.00    68.00     0  00:00        0.00
  TUN-5                JUNCTION     0.00     0.00    78.50     0  00:00        0.00
  TUN-4                JUNCTION     0.00     0.00    73.50     0  00:00        0.00
  TUN-6                JUNCTION     0.00     0.00    72.00     0  00:00        0.00
  KENT-OUT             JUNCTION     0.00     0.00    65.84     0  00:00        0.00
  RCAN-OUT             JUNCTION     0.00     0.00    66.22     0  00:00        0.00
  CATH-OUT             JUNCTION     0.00     0.00    57.00     0  00:00        0.00
  RRIVER-OUT           JUNCTION     0.00     0.00    55.47     0  00:00        0.00
  CC100                JUNCTION    52.54    54.25   111.10     0  05:41       54.25
  CC110                JUNCTION    52.55    54.18   111.00     0  07:06       54.18
  CC120                JUNCTION    47.32    49.53   105.86     0  07:25       49.51
  WN/CC                JUNCTION    45.32    48.16   105.84     0  07:20       48.14
  NEW-BO               JUNCTION    34.56    46.26   106.00     1  00:00       46.26
  sc-con               JUNCTION    52.17    54.23   111.05     0  08:54       54.23
  EXIT                 JUNCTION    23.67    24.50    81.50     0  06:51       24.50
  HW_Link_213          JUNCTION     0.00     0.00    65.62     0  00:00        0.00
  TW_Link_213          JUNCTION     0.00     0.00    65.47     0  00:00        0.00
  HW_Link_215          JUNCTION     0.00     0.00    65.47     0  00:00        0.00
  TW_Link_215          JUNCTION     0.00     0.00    57.35     0  00:00        0.00
  HW_Link_216          JUNCTION     0.00     0.00    57.35     0  00:00        0.00
  TW_Link_216          JUNCTION     0.00     0.00    77.40     0  00:00        0.00
  HW_Link_237          JUNCTION     0.00     0.00    69.32     0  00:00        0.00
  TW_Link_237          JUNCTION     0.00     0.00    62.64     0  00:00        0.00
  HW_Link_260          JUNCTION     0.00     0.00    59.13     0  00:00        0.00
  TW_Link_260          JUNCTION     0.00     0.00    56.21     0  00:00        0.00
  HW_Link_261          JUNCTION     0.00     0.00    34.90     0  00:00        0.00
  TW_Link_261          JUNCTION     0.00     0.00    32.93     0  00:00        0.00
  HW_Link_267          JUNCTION     0.00     0.00    34.90     0  00:00        0.00
  TW_Link_267          JUNCTION     0.00     0.00    34.50     0  00:00        0.00
  HW_Link_268          JUNCTION     0.00     0.00    36.49     0  00:00        0.00
  TW_Link_268          JUNCTION     0.00     0.00    34.90     0  00:00        0.00
  HW_Link_269          JUNCTION     0.00     0.00    37.16     0  00:00        0.00
  TW_Link_269          JUNCTION     0.00     0.00    35.27     0  00:00        0.00
  HW_Link_270          JUNCTION     0.00     0.00    38.55     0  00:00        0.00
  TW_Link_270          JUNCTION     0.00     0.00    37.16     0  00:00        0.00
  HW_Link_283          JUNCTION     0.00     0.00    52.45     0  00:00        0.00
  TW_Link_283          JUNCTION     0.00     0.00    46.54     0  00:00        0.00
  HW_Link_289          JUNCTION     0.00     0.00    53.02     0  00:00        0.00
  TW_Link_289          JUNCTION     0.00     0.00    45.90     0  00:00        0.00
  CC-5                 JUNCTION     0.00     0.00    47.42     0  00:00        0.00
  ROPEC-OUT            OUTFALL      0.00     0.00    52.42     0  00:00        0.00
  hfhaz                STORAGE      0.00     0.00    95.20     0  00:16        0.00
  lfhem                STORAGE      0.00     0.00    46.72     0  00:00        0.00
  oschbr               STORAGE      0.00     0.00    52.42     0  00:51        0.00
  cs6                  STORAGE      0.77     1.76    69.95     1  00:00        1.76
  
  
  *******************
  Node Inflow Summary
  *******************
  
  -------------------------------------------------------------------------------------------------
                                  Maximum  Maximum                  Lateral       Total        Flow
                                  Lateral    Total  Time of Max      Inflow      Inflow     Balance
                                   Inflow   Inflow   Occurrence      Volume      Volume       Error
  Node                 Type           CMS      CMS  days hr:min    10^6 ltr    10^6 ltr     Percent
  -------------------------------------------------------------------------------------------------
  st16a                JUNCTION     0.232    0.232     0  00:00          20          20       1.232
  gs20                 JUNCTION     0.108    0.108     0  00:00        9.33        9.33       1.618
  sg14                 JUNCTION     0.151    0.151     0  00:00          13          13       2.471
  gt2                  JUNCTION     0.184   10.675     0  10:08        15.9         922       0.012
  ma44                 JUNCTION     0.041    0.041     0  00:00        3.54        3.54       3.754
  mw13+                JUNCTION     0.060    0.060     0  00:00        5.18        5.18       3.397
  efmar                JUNCTION     0.213    0.273     0  12:35        18.4        23.4      -0.000
  ma59a                JUNCTION     0.094    0.408     0  12:35        8.12        34.9      -0.092
  tr36                 JUNCTION     0.000    2.421     0  00:06           0         155      -0.231
  tr43                 JUNCTION     0.000    2.309     0  00:02           0         155       0.152
  tr45                 JUNCTION     0.000    2.228     0  00:07           0         155      -0.099
  wa29                 JUNCTION     0.000    2.253     0  00:04           0         155       0.200
  np26                 JUNCTION     0.097    0.097     0  00:00        8.38        8.38       2.922
  wa28                 JUNCTION     0.000    2.841     0  00:05           0         163       2.470
  waacres              JUNCTION     0.000    1.890     0  11:55           0         159       0.000
  wx8a                 JUNCTION     0.035    0.035     0  00:00        3.02        3.02       3.126
  gc4                  JUNCTION     0.059    0.059     0  00:00         5.1         5.1       2.701
  wx6                  JUNCTION     0.000    0.094     0  16:02           0         7.9       4.397
  pc29                 JUNCTION     0.090    0.090     0  00:00        7.78        7.78       2.683
  pc44                 JUNCTION     0.032    0.122     0  22:30        2.76        10.3       0.785
  wn50a                JUNCTION     0.066    0.379     0  13:55         5.7        31.4      14.762
  wc21                 JUNCTION     0.046    0.046     0  00:00        3.97        3.97       4.740
  wc50                 JUNCTION     0.033    0.079     0  06:40        2.85        6.65       2.907
  wn39                 JUNCTION     0.052    0.131     0  10:37        4.49        10.9       3.534
  wn19                 JUNCTION     0.107    0.141     0  22:05        9.24          12       2.389
  bs1                  JUNCTION     0.048    0.048     0  00:00        4.15        4.15       4.749
  mb27+                JUNCTION     0.042    0.090     0  07:15        3.63        7.59       6.128
  mb9+                 JUNCTION     0.000    0.122     0  23:49           0        9.83       1.775
  wn6a                 JUNCTION     0.000    0.462     0  07:26           0        29.2      29.675
  icchbr               JUNCTION     0.000    0.008     0  07:06           0       0.156   11951.481
  pr12                 JUNCTION     0.000    0.109     0  07:46           0        3.83      44.360
  bo7b                 JUNCTION     0.001    0.001     0  00:00      0.0864      0.0864     212.057
  BOOTH-REG            JUNCTION     0.000    0.001     0  22:04           0      0.0277   27684.203 ltr
  cc51                 JUNCTION     0.124    0.124     0  00:00        10.7        10.7       2.077
  cc72                 JUNCTION     0.023    0.147     0  07:06        1.99        12.5       1.459
  cc81                 JUNCTION     0.017    0.164     0  13:52        1.47        13.8       0.578
  cc85                 JUNCTION     0.006    0.085     0  05:41       0.518        7.09       0.973
  pr13                 JUNCTION     0.027    0.110     0  08:35        2.33        4.71      22.981
  cc95a                JUNCTION     0.023    0.144     0  22:26        1.99        10.4      14.114
  PREST-REG            JUNCTION     0.000    0.000     0  00:00           0           0       0.000 ltr
  ic1b                 JUNCTION     0.000    0.032     0  22:42           0        1.81     718.214
  ic3                  JUNCTION     0.000    0.024     0  23:29           0           2       4.209
  ic4                  JUNCTION     0.000    0.072     1  00:00           0        4.18       3.048
  ic5                  JUNCTION     0.000    0.135     1  00:00           0        9.44       2.178
  rr43                 JUNCTION     0.111    0.111     0  00:00        9.59        9.59       0.817
  rr40                 JUNCTION     0.000    0.111     0  10:57           0        9.51       3.751
  rr10                 JUNCTION     0.126    0.237     0  12:07        10.9        20.1       7.236
  ri0400               JUNCTION     0.083    0.166     0  21:37        7.17        13.5       1.156
  rr02800              JUNCTION     0.120    0.553     0  22:39        10.4        44.1       0.618
  rrr                  JUNCTION     0.127    0.288     0  22:36          11        23.8       1.313
  os1                  JUNCTION     0.041    0.477     0  23:40        3.54        36.8      16.341
  rm22                 JUNCTION     0.013    0.013     0  00:00        1.12        1.12       6.945
  xxb                  JUNCTION     0.003    0.026     0  04:05       0.259        1.31       7.539
  hl12                 JUNCTION     0.000    0.006     0  02:32           0       0.466      18.523
  os2                  JUNCTION     0.000    0.042     0  05:11           0       0.727      11.004
  bd3                  JUNCTION     0.017    0.017     0  00:00        1.47        1.47       5.120
  ah1                  JUNCTION     0.000    0.027     0  09:21           0        2.04       4.229
  aw8                  JUNCTION     0.010    0.010     0  00:00       0.864       0.864       9.439
  ah1a                 JUNCTION     0.000    0.010     0  10:28           0       0.789       9.857
  ah4                  JUNCTION     0.000    0.011     0  05:55           0        0.73      13.464
  os3                  JUNCTION     0.000    0.004     0  07:18           0       0.299      22.855
  os4                  JUNCTION     0.014    0.014     0  00:00        1.21        1.21       4.649
  os5                  JUNCTION     0.000    0.012     0  02:16           0       0.857       5.450
  os6                  JUNCTION     0.013    0.024     0  02:38        1.12        1.94       5.785
  ac19                 JUNCTION     0.044    0.044     0  00:00         3.8         3.8       3.547
  gn21++               JUNCTION     0.059    0.103     0  03:47         5.1        8.77       3.685
  gn35a+               JUNCTION     0.059    0.166     0  02:07         5.1        13.6       6.494
  gn17+                JUNCTION     0.015    0.177     0  23:29         1.3          14       0.730
  gn13+                JUNCTION     0.000    0.177     0  22:54           0        13.9       2.468
  lc1a+                JUNCTION     0.035    1.925     0  11:55        3.02         162       2.245
  lc6                  JUNCTION     0.064    2.005     0  02:07        5.53         164       2.145
  wrmacfar             JUNCTION     0.042    0.042     0  00:00        3.63        3.63       7.511
  lclynw               JUNCTION     0.036    2.069     0  05:47        3.11         167       6.964
  gn20                 JUNCTION     0.056    2.300     1  00:00        4.84         174       2.728
  cr10                 JUNCTION     0.010    0.010     0  00:00       0.864       0.864      10.321
  gn3                  JUNCTION     0.045    0.132     0  06:01        3.89        9.23      44.582
  gnshft7              JUNCTION     0.031    0.085     0  07:50        2.68           4      20.484
  gnshft5              JUNCTION     0.033    0.033     0  00:33        2.85        2.85       5.287
  gnshft1              JUNCTION     0.025    0.044     0  11:10        2.16        3.69       4.198
  cm2                  JUNCTION     0.202    0.202     0  00:00        17.5        17.5       0.153
  cmc                  JUNCTION     0.007    2.132     0  00:07       0.605        18.1      -0.245
  or38                 JUNCTION     0.042    0.042     0  00:00        3.63        3.63       4.144
  ocshft5              JUNCTION     0.018    3.099     0  00:07        1.56        61.9       0.212
  gl23a                JUNCTION     0.000    0.000     0  00:00           0           0       0.000 ltr
  oc4.5                JUNCTION     0.000    3.254     0  00:07           0        64.4      -1.739
  wt12a                JUNCTION     0.020    0.020     0  00:00        1.73        1.73       5.753
  ocshft2              JUNCTION     0.026    0.046     0  10:43        2.25        3.88      10.771
  cc82                 JUNCTION     0.000    0.164     0  14:26           0        13.7       0.646
  901                  JUNCTION     0.000    0.000     0  00:00           0           0       0.000 ltr
  SC/MERT              JUNCTION     0.000    0.000     0  00:00           0           0       0.000 ltr
  mb9                  JUNCTION     0.032    0.032     0  00:00        2.76        2.76       3.166
  MBAY                 JUNCTION     0.000    0.000     0  00:00           0           0       0.000 ltr
  903                  JUNCTION     0.000    0.000     0  00:00           0           0       0.000 ltr
  LL/BO-OUT            JUNCTION     0.000    0.000     0  00:00           0           0       0.000 ltr
  KENT-REG             JUNCTION     0.024    0.024     0  00:00        2.07        2.07       3.716
  RCAN-REG             JUNCTION     0.000    0.061     1  00:00           0        3.36       1.707
  CATH-REG             JUNCTION     0.063    0.063     0  00:00        5.44        5.44       1.069
  RRIVER-REG           JUNCTION     0.000    0.288     0  23:49           0        23.5       0.263
  rich                 JUNCTION     0.000    0.000     0  00:00           0           0    -100.000
  hra                  JUNCTION     0.006    0.006     0  00:00       0.518       0.518      11.262
  HEM1                 JUNCTION     0.000    0.000     0  00:00           0           0       0.000 ltr
  HEM2                 JUNCTION     0.000    0.026     0  04:12           0        1.22       0.000
  457                  JUNCTION     0.000    0.039     0  06:21           0        1.95       6.903
  HEM4                 JUNCTION     0.000    0.028     0  06:36           0        1.83       0.000
  HEM3                 JUNCTION     0.000    0.000     0  00:00           0           0       0.000 ltr
  OC-OUT               JUNCTION     0.000    0.000     0  00:00           0           0       0.000 ltr
  gn20a                JUNCTION     0.016    0.016     0  00:00        1.38        1.38      10.934
  shaft                JUNCTION     0.000    2.300     1  00:00           0         170     159.740
  grit                 JUNCTION     0.000    2.379     1  00:00           0        71.6       0.808
  ROPEC-BY             JUNCTION     0.000    0.000     0  00:00           0           0       0.000 ltr
  SCOTT-REG            JUNCTION     0.000    0.003     0  05:49           0        0.25      34.254
  SCOTT                JUNCTION     0.028    0.028     0  00:00        2.42        2.42       2.815
  ss15                 JUNCTION     0.003    0.196     0  22:13       0.267        15.2       0.632
  ss14                 JUNCTION     0.008    0.027     0  02:52       0.695        2.17       3.282
  ss10                 JUNCTION     0.008    0.019     0  02:43       0.665        1.54       4.776
  ss5                  JUNCTION     0.011    0.011     0  00:00       0.964       0.964       9.801
  qe7                  JUNCTION     0.017    0.061     1  00:00        1.43        3.62       3.346
  cl3                  JUNCTION     0.008    0.015     0  12:51       0.698        1.06      11.681
  cl11                 JUNCTION     0.007    0.021     0  21:40       0.562        1.51       5.359
  rr1                  JUNCTION     0.000    0.021     0  22:13           0        1.43       4.776
  ocr21                JUNCTION     0.000    0.000     0  00:00           0           0       0.000 ltr
  ocr3                 JUNCTION     0.005    0.005     0  00:00       0.402       0.402      24.357
  ocr7                 JUNCTION     0.007    0.011     0  09:51       0.562       0.885       9.768
  ar19                 JUNCTION     0.007    0.026     0  23:59       0.642        1.65      47.717
  ar25                 JUNCTION     0.001    0.028     1  00:00        0.12        1.24      11.241
  ar33                 JUNCTION     0.002    0.044     1  00:00       0.204        2.26       3.620
  ar1                  JUNCTION     0.000    0.000     0  00:00           0           0       0.000 ltr
  ar5                  JUNCTION     0.011    0.011     0  00:00       0.949       0.949       9.929
  ar11                 JUNCTION     0.010    0.011     0  06:05       0.873       0.913      23.024
  ar15                 JUNCTION     0.005    0.005     0  00:00       0.428       0.428      21.076
  ar16                 JUNCTION     0.002    0.008     0  23:57       0.152       0.281      37.834
  lyn3                 JUNCTION     0.003    0.025     0  09:06         0.3        1.91       8.329
  cs1                  JUNCTION     0.011    0.046     0  09:07       0.955        3.48       2.579
  cs3                  JUNCTION     0.004    0.050     0  09:08       0.325        3.72       6.532
  ly6                  JUNCTION     0.010    0.010     0  00:00       0.847       0.847       9.939
  ly1                  JUNCTION     0.000    0.000     0  00:00           0           0       0.000 ltr
  hw6                  JUNCTION     0.007    0.007     0  00:00       0.594       0.594      14.939
  hw1                  JUNCTION     0.000    0.000     0  00:00           0           0       0.000 ltr
  ocr1                 JUNCTION     0.000    0.000     0  00:00           0           0       0.000 ltr
  fl1                  JUNCTION     0.000    0.000     0  00:00           0           0       0.000 ltr
  wa1                  JUNCTION     0.005    0.005     0  00:00        0.46        0.46      22.999
  wa6                  JUNCTION     0.010    0.015     0  13:17       0.822         1.2       6.791
  bk1                  JUNCTION     0.000    0.009     0  08:58           0       0.163   69522.744
  bk4                  JUNCTION     0.005    0.005     0  22:30       0.422       0.422      91.385
  pr5                  JUNCTION     0.011    0.011     0  00:00       0.955       0.955       9.850
  pr17                 JUNCTION     0.013    0.021     0  08:16        1.15        1.72       6.075
  pr22                 JUNCTION     0.006    0.027     0  08:17       0.486         2.1       4.052
  pr1a                 JUNCTION     0.000    0.004     0  08:17           0       0.303  303143.789 ltr
  mid                  JUNCTION     0.000    0.042     1  00:00           0        2.23       8.546
  qe-ic                JUNCTION     0.000    0.061     1  00:00           0         3.5       4.029
  qe7a                 JUNCTION     0.000    0.000     0  00:00           0           0       0.000 ltr
  645                  JUNCTION     0.000    0.000     0  00:00           0           0       0.000 ltr
  prmid2               JUNCTION     0.000    0.053     0  18:41           0         2.3       4.185
  rr1out               JUNCTION     0.000    0.000     0  00:00           0           0       0.000 ltr
  ri0500               JUNCTION     0.000    0.083     0  21:31           0        6.56       3.106
  TUN-1                JUNCTION     0.000    1.328     0  06:48           0        34.4      21.330
  oc1-1                JUNCTION     0.000    0.021     0  09:17           0      0.0853    2799.410
  oc1-2                JUNCTION     0.000    0.000     0  00:00           0           0       0.000 ltr
  oc1-3                JUNCTION     0.000    0.000     0  00:00           0           0       0.000 ltr
  oc1-4                JUNCTION     0.000    0.000     0  00:00           0           0       0.000 ltr
  oc1-end              JUNCTION     0.000    0.000     0  00:00           0           0       0.000 ltr
  ri00600              JUNCTION     0.062    0.062     0  00:00        5.36        5.36       3.269
  ri0300               JUNCTION     0.000    0.166     0  21:37           0        13.4       3.097
  ri0200               JUNCTION     0.000    0.166     0  23:49           0          13       1.264
  cl3a                 JUNCTION     0.000    0.021     0  09:18           0        0.52      16.201
  TUN-2                JUNCTION     0.000    0.000     0  00:00           0           0       0.000 ltr
  TUN-3                JUNCTION     0.000    0.000     0  00:00           0           0       0.000 ltr
  oc2-1                JUNCTION     0.000    0.004     0  19:08           0       0.243  242859.746 ltr
  oc2-2                JUNCTION     0.000    0.000     0  00:00           0           0       0.000 ltr
  TUN-5                JUNCTION     0.000    0.000     0  00:00           0           0       0.000 ltr
  TUN-4                JUNCTION     0.000    0.000     0  00:00           0           0       0.000 ltr
  TUN-6                JUNCTION     0.000    0.000     0  00:00           0           0       0.000 ltr
  KENT-OUT             JUNCTION     0.000    0.000     0  00:00           0           0       0.000 ltr
  RCAN-OUT             JUNCTION     0.000    0.000     0  00:00           0           0       0.000 ltr
  CATH-OUT             JUNCTION     0.000    0.000     0  00:00           0           0       0.000 ltr
  RRIVER-OUT           JUNCTION     0.000    0.000     0  00:00           0           0       0.000 ltr
  CC100                JUNCTION     0.000    0.085     0  05:41           0        7.04       0.965
  CC110                JUNCTION     0.000    0.110     0  11:21           0        9.07       0.991
  CC120                JUNCTION     0.000    0.172     0  22:30           0        13.9       2.824
  WN/CC                JUNCTION     0.000    0.241     0  07:30           0        13.6       6.393
  NEW-BO               JUNCTION     0.000    0.020     0  22:29           0       0.892      16.453
  sc-con               JUNCTION     0.000    0.088     0  06:08           0         7.2       1.793
  EXIT                 JUNCTION     0.000    1.001     0  06:49           0        28.3       0.000
  HW_Link_213          JUNCTION     0.000    0.000     0  00:00           0           0       0.000 ltr
  TW_Link_213          JUNCTION     0.000    0.000     0  00:00           0           0       0.000 ltr
  HW_Link_215          JUNCTION     0.000    0.000     0  00:00           0           0       0.000 ltr
  TW_Link_215          JUNCTION     0.000    0.000     0  00:00           0           0       0.000 ltr
  HW_Link_216          JUNCTION     0.000    0.000     0  00:00           0           0       0.000 ltr
  TW_Link_216          JUNCTION     0.000    0.000     0  00:00           0           0       0.000 ltr
  HW_Link_237          JUNCTION     0.000    0.000     0  00:00           0           0       0.000 ltr
  TW_Link_237          JUNCTION     0.000    0.000     0  00:00           0           0       0.000 ltr
  HW_Link_260          JUNCTION     0.000    0.000     0  00:00           0           0       0.000 ltr
  TW_Link_260          JUNCTION     0.000    0.000     0  00:00           0           0       0.000 ltr
  HW_Link_261          JUNCTION     0.000    0.000     0  00:00           0           0       0.000 ltr
  TW_Link_261          JUNCTION     0.000    0.000     0  00:00           0           0       0.000 ltr
  HW_Link_267          JUNCTION     0.000    0.000     0  00:00           0           0       0.000 ltr
  TW_Link_267          JUNCTION     0.000    0.000     0  00:00           0           0       0.000 ltr
  HW_Link_268          JUNCTION     0.000    0.000     0  00:00           0           0       0.000 ltr
  TW_Link_268          JUNCTION     0.000    0.000     0  00:00           0           0       0.000 ltr
  HW_Link_269          JUNCTION     0.000    0.000     0  00:00           0           0       0.000 ltr
  TW_Link_269          JUNCTION     0.000    0.000     0  00:00           0           0       0.000 ltr
  HW_Link_270          JUNCTION     0.000    0.000     0  00:00           0           0       0.000 ltr
  TW_Link_270          JUNCTION     0.000    0.000     0  00:00           0           0       0.000 ltr
  HW_Link_283          JUNCTION     0.000    0.000     0  00:00           0           0       0.000 ltr
  TW_Link_283          JUNCTION     0.000    0.000     0  00:00           0           0       0.000 ltr
  HW_Link_289          JUNCTION     0.000    0.000     0  00:00           0           0       0.000 ltr
  TW_Link_289          JUNCTION     0.000    0.000     0  00:00           0           0       0.000 ltr
  CC-5                 JUNCTION     0.000    0.000     0  00:00           0           0       0.000 ltr
  ROPEC-OUT            OUTFALL      0.000    2.379     1  00:00           0          71       0.000
  hfhaz                STORAGE      0.000    0.491     0  12:29           0        41.7      -0.000
  lfhem                STORAGE      0.000    0.006     0  02:32           0       0.466       0.000
  oschbr               STORAGE      0.000    0.034     0  06:31           0        2.67      -0.000
  cs6                  STORAGE      0.000    0.050     0  09:14      0.0363        3.53       0.011
  
  
  **********************
  Node Surcharge Summary
  **********************
  
  Surcharging occurs when water rises above the top of the highest conduit.
  ---------------------------------------------------------------------
                                               Max. Height   Min. Depth
                                   Hours       Above Crown    Below Rim
  Node                 Type      Surcharged         Meters       Meters
  ---------------------------------------------------------------------
  gt2                  JUNCTION       24.00          0.000        0.000
  tr36                 JUNCTION        0.01          0.000        0.000
  tr45                 JUNCTION        0.17          0.000        0.000
  wn50a                JUNCTION       20.03          0.000        0.000
  wn6a                 JUNCTION       16.74          0.000        0.000
  cc95a                JUNCTION       19.49          0.000        0.000
  os1                  JUNCTION       19.21          0.000        0.000
  gn3                  JUNCTION       14.91          0.000        0.000
  oc4.5                JUNCTION        6.15          0.000        0.000
  rich                 JUNCTION       24.00          0.000        0.000
  HEM2                 JUNCTION       19.88          0.000        0.000
  HEM4                 JUNCTION       17.63          0.000        0.000
  EXIT                 JUNCTION       17.08          0.000        0.000
  
  
  *********************
  Node Flooding Summary
  *********************
  
  Flooding refers to all water that overflows a node, whether it ponds or not.
  --------------------------------------------------------------------------
                                                             Total   Maximum
                                 Maximum   Time of Max       Flood    Ponded
                        Hours       Rate    Occurrence      Volume     Depth
  Node                 Flooded       CMS   days hr:min    10^6 ltr    Meters
  --------------------------------------------------------------------------
  gt2                    24.00     9.835      0  00:00     801.755     0.000
  tr36                    0.01     1.318      0  00:01       0.015     0.000
  tr45                    0.16     1.741      0  00:04       0.074     0.000
  wn50a                  20.03     0.379      0  14:12      27.329     0.000
  wn6a                   16.74     0.462      0  07:26      22.461     0.000
  cc95a                  19.49     0.144      0  22:26       9.152     0.000
  os1                    19.21     0.477      0  23:40      31.575     0.000
  gn3                    14.91     0.122      0  09:11       6.246     0.000
  oc4.5                   5.80     2.814      0  00:08      26.782     0.000
  HEM2                   19.88     0.026      0  04:12       1.144     0.000
  HEM4                   17.63     0.028      0  06:36       1.713     0.000
  EXIT                   17.08     0.609      0  06:57      24.025     0.000
  
  
  **********************
  Storage Volume Summary
  **********************
  
  ------------------------------------------------------------------------------------------------
                         Average    Avg   Evap  Exfil     Maximum    Max    Time of Max    Maximum
                          Volume   Pcnt   Pcnt   Pcnt      Volume   Pcnt     Occurrence    Outflow
  Storage Unit           1000 m³   Full   Loss   Loss     1000 m³   Full    days hr:min        CMS
  ------------------------------------------------------------------------------------------------
  hfhaz                    0.000    0.0    0.0    0.0       0.000    0.0       0  00:16      0.491
  lfhem                    0.000    0.0    0.0    0.0       0.000    0.0       0  00:00      0.006
  oschbr                   0.000    0.0    0.0    0.0       0.000    0.0       0  00:51      0.034
  cs6                      1.548    7.7    0.0    0.0       3.530   17.6       1  00:00      0.000
  
  
  ***********************
  Outfall Loading Summary
  ***********************
  
  -----------------------------------------------------------
                         Flow       Avg       Max       Total
                         Freq      Flow      Flow      Volume
  Outfall Node           Pcnt       CMS       CMS    10^6 ltr
  -----------------------------------------------------------
  ROPEC-OUT             95.08     0.946     2.379      70.980
  -----------------------------------------------------------
  System                95.08     0.946     2.379      70.980
  
  
  ********************
  Link Flow Summary
  ********************
  
  -----------------------------------------------------------------------------
                                 Maximum  Time of Max   Maximum    Max/    Max/
                                  |Flow|   Occurrence   |Veloc|    Full    Full
  Link                 Type          CMS  days hr:min     m/sec    Flow   Depth
  -----------------------------------------------------------------------------
  Link_213             CONDUIT     0.000     0  00:00      0.00    0.00    0.00
  Link_215             CONDUIT     0.000     0  00:00      0.00    0.00    0.00
  Link_216             CONDUIT     0.000     0  00:00      0.00    0.00    0.00
  Link_237             CONDUIT     0.000     0  00:00      0.00    0.00    0.00
  Link_260             CONDUIT     0.000     0  00:00      0.00    0.00    0.00
  Link_261             CONDUIT     0.000     0  00:00      0.00    0.00    0.00
  Link_267             CONDUIT     0.000     0  00:00      0.00    0.00    0.00
  Link_268             CONDUIT     0.000     0  00:00      0.00    0.00    0.00
  Link_269             CONDUIT     0.000     0  00:00      0.00    0.00    0.00
  Link_270             CONDUIT     0.000     0  00:00      0.00    0.00    0.00
  Link_283             CONDUIT     0.000     0  00:00      0.00    0.00    0.00
  Link_289             CONDUIT     0.000     0  00:00      0.00    0.00    0.00
  wa109                CONDUIT     0.232     0  11:03      1.82    0.23    0.32
  gs6                  CONDUIT     0.108     0  13:52      1.04    0.19    0.28
  sg16                 CONDUIT     0.151     0  10:56      1.08    0.17    0.27
  wa83                 CONDUIT     1.403     0  00:06      3.11    1.04    1.00
  ma23                 CONDUIT     0.041     0  03:18      0.44    0.09    0.46
  mw29                 CONDUIT     0.060     0  12:35      1.06    0.04    0.14
  ma7                  CONDUIT     1.017     0  00:06      2.12    0.64    0.71
  wa49                 CONDUIT     2.309     0  00:02      2.74    1.09    1.00
  wa42                 CONDUIT     2.228     0  00:07      4.72    0.50    0.75
  wa40                 CONDUIT     2.253     0  00:04      2.79    1.10    1.00
  wa29+                CONDUIT     2.841     0  00:05      1.90    0.25    0.61
  np19                 CONDUIT     0.097     0  07:00      0.33    0.11    0.47
  wa28+                CONDUIT     1.890     0  11:55      2.14    0.25    0.34
  wn83                 CONDUIT     0.035     0  02:49      0.86    0.03    0.17
  wn80                 CONDUIT     0.094     0  13:33      0.24    0.08    0.59
  pc17                 CONDUIT     0.090     0  22:30      0.96    0.10    0.20
  pc2                  CONDUIT     0.122     0  02:41      2.66    0.03    0.56
  wn52                 CONDUIT     0.097     0  13:55      0.28    0.03    0.56
  wc55                 CONDUIT     0.046     0  06:40      0.90    0.04    0.14
  wc26                 CONDUIT     0.079     0  10:37      1.41    0.04    0.14
  wn41                 CONDUIT     0.034     0  22:05      0.49    0.01    0.08
  wn21                 CONDUIT     0.141     0  13:55      0.87    0.03    0.56
  mb81                 CONDUIT     0.048     0  07:15      0.99    0.03    0.16
  mb42                 CONDUIT     0.090     0  23:49      1.00    0.06    0.16
  mb11                 CONDUIT     0.060     0  20:07      1.39    0.02    0.55
  wn6                  CONDUIT     0.000     0  00:00      0.00    0.00    0.50
  os16                 CONDUIT     0.008     0  07:06      0.09    0.00    0.85
  bo5                  CONDUIT     0.001     0  22:04      0.58    0.00    0.00
  cc51+                CONDUIT     0.124     0  07:06      1.46    0.13    0.24
  ca8                  CONDUIT     0.147     0  13:52      1.33    0.03    0.11
  pr3                  CONDUIT     0.109     0  07:46      0.61    0.01    0.61
  cc4                  CONDUIT     0.000     0  00:00      0.00    0.00    0.50
  os15                 CONDUIT     0.015     0  02:56      0.76    0.00    0.47
  os11                 CONDUIT     0.011     0  03:59      0.70    0.00    0.04
  os10                 CONDUIT     0.072     1  00:00      0.67    0.01    0.07
  os9                  CONDUIT     0.134     1  00:00      0.24    0.02    0.54
  rr70                 CONDUIT     0.111     0  10:57      2.35    0.01    0.07
  rr67                 CONDUIT     0.111     0  12:07      0.56    0.05    0.24
  rr36                 CONDUIT     0.237     0  22:39      0.78    0.12    0.22
  os7                  CONDUIT     0.041     0  05:11      0.02    0.00    0.52
  hl38                 CONDUIT     0.013     0  03:59      1.19    0.10    0.61
  hl26                 CONDUIT     0.000     0  00:00      0.00    0.00    0.50
  hl12+                CONDUIT     0.006     0  10:57      0.71    0.03    0.13
  os6+                 CONDUIT     0.004     0  17:19      0.15    0.00    0.02
  bd2                  CONDUIT     0.017     0  02:22      0.82    0.05    0.30
  ah11                 CONDUIT     0.010     0  09:21      0.20    0.21    0.65
  aw2                  CONDUIT     0.010     0  10:28      0.81    0.00    0.05
  aw1                  CONDUIT     0.010     0  12:47      0.76    0.27    0.35
  ah8                  CONDUIT     0.000     0  00:00      0.00    0.00    0.34
  os5+                 CONDUIT     0.004     0  07:18      0.55    0.00    0.01
  os4+                 CONDUIT     0.012     0  02:16      1.20    0.00    0.01
  os3+                 CONDUIT     0.011     0  02:38      0.48    0.00    0.02
  os2+                 CONDUIT     0.024     0  05:21      0.70    0.00    0.03
  ac18                 CONDUIT     0.044     0  03:47      0.79    0.04    0.23
  gn89                 CONDUIT     0.107     0  02:07      0.78    0.15    0.30
  gn66                 CONDUIT     0.162     0  23:29      0.89    0.11    0.21
  gn48                 CONDUIT     0.177     0  22:54      2.76    0.05    0.15
  gn43                 CONDUIT     0.177     0  23:13      1.17    0.06    0.16
  so16                 CONDUIT     1.941     0  02:07      1.67    0.23    0.34
  so10                 CONDUIT     1.989     0  21:19      1.77    0.24    0.32
  wr4                  CONDUIT     0.044     0  05:47      0.77    0.00    0.04
  so8                  CONDUIT     2.067     1  00:00      1.94    0.13    0.24
  cr9                  CONDUIT     0.010     0  05:19      0.64    0.02    0.54
  gn12                 CONDUIT     0.061     0  06:01      0.46    0.01    0.78
  gn10                 CONDUIT     0.014     0  11:10      0.32    0.00    0.31
  gn8                  CONDUIT     0.019     0  11:10      0.48    0.00    0.05
  oc10                 CONDUIT     2.125     0  00:07      7.47    0.40    0.45
  oc9                  CONDUIT     3.081     0  00:07      2.79    2.23    0.89
  or38+                CONDUIT     0.042     0  11:29      1.02    0.03    0.11
  oc8                  CONDUIT     3.254     0  00:07      5.98    0.21    0.90
  gl22                 CONDUIT     0.000     0  00:00      0.00    0.00    0.50
  oc7                  CONDUIT     0.035     1  00:00      0.03    0.01    0.54
  wt13                 CONDUIT     0.020     0  10:43      0.91    0.01    0.08
  oc4                  CONDUIT     0.011     1  00:00      0.28    0.00    0.05
  gc8                  CONDUIT     0.059     0  16:02      1.00    0.02    0.10
  cc81+                CONDUIT     0.164     0  14:26      1.70    0.01    0.08
  cc82+                CONDUIT     0.079     0  05:41      1.67    0.00    0.06
  9001                 CONDUIT     0.000     0  00:00      0.00    0.00    0.00
  902                  CONDUIT     0.000     0  00:00      0.00    0.00    0.00
  MOONEY               CONDUIT     0.032     0  12:40      0.69    0.01    0.05
  PRESTN               CONDUIT     0.000     0  00:00      0.00    0.00    0.00
  LL/BO-OV             CONDUIT     0.000     0  00:00      0.00    0.00    0.00
  BOOTH-TH             CONDUIT     0.000     0  00:00      0.00    0.00    0.50
  PREST-TH             CONDUIT     0.000     0  00:00      0.00    0.00    0.50
  KENT-TH              CONDUIT     0.024     0  23:29      1.90    0.27    0.32
  RCAN-TH              CONDUIT     0.061     1  00:00      3.88    0.10    0.16
  CATH-TH              CONDUIT     0.070     0  00:15      3.90    0.10    0.17
  rr7                  CONDUIT     0.288     0  23:49      1.28    0.03    0.11
  RRIVER-TH            CONDUIT     0.288     0  22:35      3.09    0.28    0.67
  hra-ovf              CONDUIT     0.000     0  00:00      0.00    0.00    0.00
  hraa                 CONDUIT     0.006     0  02:32      0.35    0.18    0.38
  xxb-ovf              CONDUIT     0.026     0  04:12      0.67    0.04    0.67
  458                  CONDUIT     0.027     0  09:21      0.74    0.03    0.56
  459                  CONDUIT     0.000     0  00:00      0.00    0.00    0.33
  ah-ovf               CONDUIT     0.028     0  06:36      0.65    0.02    0.75
  rm-ovf               CONDUIT     0.000     0  00:00      0.00    0.00    0.00
  oc-ovf               CONDUIT     0.000     0  00:00      0.00    0.00    0.00
  gn29                 CONDUIT     0.016     0  18:34      0.04    0.00    0.52
  south                CONDUIT     2.300     1  00:00      1.36    0.11    0.61
  sh-gr                CONDUIT     2.300     1  00:00      1.77    1.03    0.51
  gn3+                 CONDUIT     0.044     0  22:29      1.01    0.01    0.15
  outfall              CONDUIT     2.379     1  00:00      3.83    0.04    0.14
  BY-ROPEC             CONDUIT     0.000     0  00:00      0.00    0.00    0.00
  SC-OVR               CONDUIT     0.000     0  00:00      0.00    0.00    0.00
  SC-IN                CONDUIT     0.003     0  05:49      0.45    0.00    0.02
  493                  CONDUIT     0.196     0  21:46      0.71    0.04    0.13
  496                  CONDUIT     0.011     0  02:43      0.28    0.00    0.04
  497                  CONDUIT     0.019     0  02:52      0.53    0.00    0.04
  498                  CONDUIT     0.027     0  02:57      0.32    0.00    0.08
  502                  CONDUIT     0.015     0  21:40      0.31    0.02    0.10
  504                  CONDUIT     0.021     0  22:13      1.25    0.00    0.05
  507                  CONDUIT     0.000     0  00:00      0.00    0.00    0.06
  513                  CONDUIT     0.011     0  09:48      0.20    0.00    0.42
  515                  CONDUIT     0.026     1  00:00      0.05    0.01    0.32
  518                  CONDUIT     0.044     1  00:00      0.95    0.00    0.05
  521                  CONDUIT     0.000     0  00:00      0.00    0.00    0.00
  528                  CONDUIT     0.008     0  23:59      0.02    0.00    0.29
  530                  CONDUIT     0.000     0  00:00      0.00    0.00    0.03
  538                  CONDUIT     0.025     0  09:07      0.20    0.01    0.14
  540                  CONDUIT     0.046     0  09:08      0.69    0.01    0.15
  541                  CONDUIT     0.050     0  09:14      0.20    0.01    0.15
  544                  CONDUIT     0.010     0  03:39      0.52    0.00    0.06
  546                  CONDUIT     0.000     0  00:00      0.00    0.00    0.02
  551                  CONDUIT     0.000     0  00:00      0.00    0.00    0.04
  555                  CONDUIT     0.000     0  00:00      0.00    0.00    0.00
  558                  CONDUIT     0.000     0  00:00      0.00    0.00    0.02
  560                  CONDUIT     0.005     0  13:17      0.52    0.00    0.04
  561                  CONDUIT     0.000     0  00:00      0.00    0.00    0.00
  564                  CONDUIT     0.009     0  08:58      0.22    0.01    0.73
  565                  CONDUIT     0.005     0  23:57      0.02    0.00    0.36
  568                  CONDUIT     0.008     0  08:16      0.27    0.00    0.03
  570                  CONDUIT     0.021     0  08:17      0.58    0.00    0.03
  577                  CONDUIT     0.004     0  08:17      0.36    0.00    0.32
  589                  CONDUIT     0.042     1  00:00      0.47    0.02    0.10
  599                  CONDUIT     0.015     0  12:47      0.77    0.00    0.05
  600                  CONDUIT     0.027     0  08:19      0.43    0.00    0.27
  602                  CONDUIT     0.061     1  00:00      0.77    0.01    0.05
  607                  CONDUIT     0.000     0  00:00      0.00    0.00    0.02
  ar25cs6              CONDUIT     0.000     0  00:00      0.00    0.00    0.00
  ar11lyn3             CONDUIT     0.011     0  09:06      0.66    0.01    0.05
  647                  CONDUIT     0.000     0  00:00      0.00    0.00    0.02
  657                  CONDUIT     0.033     0  22:26      0.03    0.00    0.52
  CL-TH                CONDUIT     0.000     0  00:00      0.00    0.00    0.00
  664                  CONDUIT     0.083     0  21:37      0.42    0.07    0.19
  665                  CONDUIT     0.021     0  21:31      0.34    0.00    0.15
  672                  CONDUIT     0.000     0  00:00      0.00    0.00    0.07
  674                  CONDUIT     0.000     0  00:00      0.00    0.00    0.00
  684                  CONDUIT     0.000     0  00:00      0.00    0.00    0.00
  686                  CONDUIT     0.000     0  00:00      0.00    0.00    0.00
  OC-2                 CONDUIT     0.000     0  00:00      0.00    0.00    0.00
  689                  CONDUIT     0.063     0  01:19      0.77    0.03    0.17
  691                  CONDUIT     0.166     0  21:37      0.72    0.09    0.24
  693                  CONDUIT     0.166     0  23:49      0.68    0.12    0.22
  696                  CONDUIT     0.166     0  22:13      1.08    0.06    0.16
  698                  CONDUIT     0.007     0  12:13      0.58    0.01    0.07
  699                  CONDUIT     0.007     0  12:52      0.62    0.01    0.07
  CL-DIV               CONDUIT     0.021     0  09:17      0.82    0.01    0.22
  701                  CONDUIT     0.005     0  09:51      0.20    0.01    0.06
  OC-1_v               CONDUIT     0.000     0  00:00      0.00    0.00    0.00
  730                  CONDUIT     0.000     0  00:00      0.00    0.00    0.00
  736.1                CONDUIT     0.000     0  00:00      0.00    0.00    0.00
  738                  CONDUIT     0.000     0  00:00      0.00    0.00    0.18
  740                  CONDUIT     0.000     0  00:00      0.00    0.00    0.18
  ar-div               CONDUIT     0.004     0  19:08      1.05    0.00    0.04
  744                  CONDUIT     0.000     0  00:00      0.00    0.00    0.00
  757                  CONDUIT     0.000     0  00:00      0.00    0.00    0.00
  758                  CONDUIT     0.000     0  00:00      0.00    0.00    0.00
  765                  CONDUIT     0.000     0  00:00      0.00    0.00    0.44
  wa-div               CONDUIT     0.000     0  00:00      0.00    0.00    0.00
  777                  CONDUIT     0.000     0  00:00      0.00    0.00    0.00
  781                  CONDUIT     0.000     0  00:00      0.00    0.00    0.00
  CC-1                 CONDUIT     0.085     0  05:41      1.81    0.00    0.06
  CC-2                 CONDUIT     0.085     0  11:21      0.97    0.01    0.07
  CC-3                 CONDUIT     0.110     0  07:07      1.51    0.01    0.11
  CC-4                 CONDUIT     0.241     0  07:30      0.55    0.09    0.36
  WN-2                 CONDUIT     0.000     0  00:00      0.00    0.00    0.00
  THRU                 CONDUIT     0.019     0  22:42      0.10    0.01    1.00
  SC-1                 CONDUIT     0.025     0  07:06      1.66    0.00    0.02
  MB-1                 CONDUIT     0.062     0  22:30      1.44    0.02    0.09
  WN-1                 CONDUIT     0.261     0  07:26      0.40    0.04    0.72
  PR-1                 CONDUIT     0.020     0  22:29      0.66    0.00    0.05
  843                  CONDUIT     0.000     0  00:00      0.00    0.00    0.10
  844                  CONDUIT     0.000     0  00:00      0.00    0.00    0.00
  cs-div               CONDUIT     0.000     0  00:00      0.00    0.00    0.00
  847                  CONDUIT     0.085     0  05:41      0.97    0.01    0.08
  848                  CONDUIT     0.088     0  08:54      0.87    0.05    0.58
  sc-thru              CONDUIT     0.003     0  06:08      0.22    0.01    0.24
  KENT-OV              CONDUIT     0.000     0  00:00      0.00    0.00    0.00
  RCAN-OV              CONDUIT     0.000     0  00:00      0.00    0.00    0.00
  CATH-OV              CONDUIT     0.000     0  00:00      0.00    0.00    0.00
  RRIVER-OV            CONDUIT     0.000     0  00:00      0.00    0.00    0.00
  866                  CONDUIT     0.001     0  09:15      0.43    0.00    0.02
  867                  CONDUIT     0.027     1  00:00      0.26    0.01    0.11
  868                  CONDUIT     0.001     0  06:05      0.01    0.00    0.13
  869                  CONDUIT     0.011     0  03:02      0.62    0.01    0.17
  870                  CONDUIT     0.000     0  00:00      0.00    0.00    0.13
  734.1                CONDUIT     0.061     1  00:00      0.96    0.00    0.04
  726.1                CONDUIT     0.161     0  22:36      0.78    0.03    0.12
  873.1                CONDUIT     0.392     0  23:00      1.97    0.03    0.11
  874                  CONDUIT     0.053     0  18:41      0.08    0.02    0.40
  875                  CONDUIT     0.000     0  00:00      0.00    0.00    0.37
  TUN-OUT              CONDUIT     1.001     0  06:49      1.17    0.01    0.94
  ocr3-21_2            ORIFICE     0.000     0  00:00                      0.00
  MERT-OVR             WEIR        0.000     0  00:00                      0.00
  ocr3-21              WEIR        0.000     0  00:00                      0.00
  ar15cs3              WEIR        0.000     0  00:00                      0.00
  SS-div               WEIR        0.000     0  00:00                      0.00
  841                  WEIR        0.000     0  00:00                      0.00
  wa92                 PUMP        0.491     0  12:29              0.05
  mw4                  PUMP        0.273     0  12:35              0.03
  hl25                 PUMP        0.006     0  02:32              0.00
  acres                PUMP        1.890     0  11:55              0.19
  r-pump               PUMP       10.000     0  00:00              1.00
  pump                 PUMP        0.034     0  06:31              0.00
  
  
  ***************************
  Flow Classification Summary
  ***************************
  
  -------------------------------------------------------------------------------------
                      Adjusted    ---------- Fraction of Time in Flow Class ---------- 
                       /Actual         Up    Down  Sub   Sup   Up    Down  Norm  Inlet 
  Conduit               Length    Dry  Dry   Dry   Crit  Crit  Crit  Crit  Ltd   Ctrl  
  -------------------------------------------------------------------------------------
  Link_213                1.00   1.00  0.00  0.00  0.00  0.00  0.00  0.00  0.00  0.00
  Link_215                1.00   1.00  0.00  0.00  0.00  0.00  0.00  0.00  0.00  0.00
  Link_216                1.00   1.00  0.00  0.00  0.00  0.00  0.00  0.00  0.00  0.00
  Link_237                1.00   1.00  0.00  0.00  0.00  0.00  0.00  0.00  0.00  0.00
  Link_260                1.00   1.00  0.00  0.00  0.00  0.00  0.00  0.00  0.00  0.00
  Link_261                1.00   1.00  0.00  0.00  0.00  0.00  0.00  0.00  0.00  0.00
  Link_267                1.00   1.00  0.00  0.00  0.00  0.00  0.00  0.00  0.00  0.00
  Link_268                1.00   1.00  0.00  0.00  0.00  0.00  0.00  0.00  0.00  0.00
  Link_269                1.00   1.00  0.00  0.00  0.00  0.00  0.00  0.00  0.00  0.00
  Link_270                1.00   1.00  0.00  0.00  0.00  0.00  0.00  0.00  0.00  0.00
  Link_283                1.00   1.00  0.00  0.00  0.00  0.00  0.00  0.00  0.00  0.00
  Link_289                1.00   1.00  0.00  0.00  0.00  0.00  0.00  0.00  0.00  0.00
  wa109                   1.00   0.01  0.00  0.00  0.00  0.00  0.00  0.99  0.00  0.00
  gs6                     1.00   0.01  0.00  0.00  0.00  0.00  0.00  0.99  0.00  0.00
  sg16                    1.00   0.01  0.00  0.00  0.00  0.00  0.00  0.99  0.00  0.00
  wa83                    1.00   0.00  0.00  0.00  0.01  0.00  0.00  0.99  0.00  0.00
  ma23                    1.00   0.00  0.02  0.00  0.97  0.00  0.00  0.00  0.97  0.00
  mw29                    1.00   0.02  0.00  0.00  0.00  0.00  0.00  0.98  0.00  0.00
  ma7                     1.00   0.00  0.00  0.00  1.00  0.00  0.00  0.00  1.00  0.00
  wa49                    1.00   0.00  0.00  0.00  0.00  0.00  0.00  1.00  0.00  0.00
  wa42                    1.00   0.00  0.00  0.00  0.00  1.00  0.00  0.00  1.00  0.00
  wa40                    1.00   0.00  0.00  0.00  0.00  0.00  0.00  1.00  0.00  0.00
  wa29+                   1.00   0.00  0.00  0.00  0.97  0.00  0.02  0.00  0.00  0.00
  np19                    1.00   0.01  0.00  0.00  0.99  0.00  0.00  0.00  0.99  0.00
  wa28+                   1.00   0.01  0.00  0.00  0.00  0.00  0.00  0.99  0.00  0.00
  wn83                    1.00   0.02  0.00  0.00  0.95  0.00  0.00  0.03  0.95  0.00
  wn80                    1.00   0.01  0.02  0.00  0.97  0.00  0.00  0.00  0.97  0.00
  pc17                    1.00   0.01  0.00  0.00  0.00  0.00  0.00  0.99  0.00  0.00
  pc2                     1.00   0.02  0.00  0.00  0.88  0.01  0.00  0.09  0.89  0.00
  wn52                    1.00   0.01  0.00  0.00  0.99  0.00  0.00  0.00  0.99  0.00
  wc55                    1.00   0.02  0.00  0.00  0.92  0.03  0.00  0.03  0.93  0.00
  wc26                    1.00   0.03  0.00  0.00  0.00  0.00  0.00  0.97  0.00  0.00
  wn41                    1.00   0.01  0.00  0.00  0.02  0.00  0.00  0.96  0.00  0.00
  wn21                    1.00   0.01  0.00  0.00  0.97  0.00  0.00  0.03  0.96  0.00
  mb81                    1.00   0.02  0.00  0.00  0.92  0.04  0.00  0.01  0.95  0.00
  mb42                    1.00   0.02  0.00  0.00  0.00  0.00  0.00  0.98  0.00  0.00
  mb11                    1.00   0.05  0.00  0.00  0.79  0.00  0.00  0.16  0.79  0.00
  wn6                     1.00   0.03  0.97  0.00  0.00  0.00  0.00  0.00  0.00  0.00
  os16                    1.00   0.12  0.08  0.00  0.70  0.00  0.10  0.00  0.00  0.00
  bo5                     1.00   0.67  0.00  0.00  0.00  0.00  0.00  0.33  0.00  0.00
  cc51+                   1.00   0.01  0.00  0.00  0.00  0.00  0.00  0.99  0.00  0.00
  ca8                     1.00   0.02  0.00  0.00  0.00  0.00  0.00  0.98  0.00  0.00
  pr3                     1.00   0.03  0.00  0.00  0.93  0.00  0.00  0.04  0.07  0.00
  cc4                     1.00   0.03  0.97  0.00  0.00  0.00  0.00  0.00  0.00  0.00
  os15                    1.00   0.06  0.00  0.00  0.87  0.00  0.00  0.06  0.88  0.00
  os11                    1.00   0.06  0.00  0.00  0.83  0.02  0.00  0.08  0.83  0.00
  os10                    1.00   0.02  0.11  0.00  0.87  0.00  0.00  0.00  0.87  0.00
  os9                     1.00   0.01  0.01  0.00  0.98  0.00  0.00  0.00  0.98  0.00
  rr70                    1.00   0.01  0.00  0.00  0.00  0.00  0.00  0.99  0.00  0.00
  rr67                    1.00   0.01  0.01  0.00  0.99  0.00  0.00  0.00  0.99  0.00
  rr36                    1.00   0.01  0.00  0.00  0.00  0.00  0.00  0.99  0.00  0.00
  os7                     1.00   0.01  0.18  0.00  0.78  0.00  0.02  0.00  0.02  0.00
  hl38                    1.00   0.06  0.00  0.00  0.91  0.00  0.00  0.03  0.91  0.00
  hl26                    1.00   0.09  0.91  0.00  0.00  0.00  0.00  0.00  0.00  0.00
  hl12+                   1.00   0.23  0.00  0.00  0.00  0.00  0.00  0.77  0.00  0.00
  os6+                    1.00   0.21  0.00  0.00  0.79  0.00  0.00  0.00  0.79  0.00
  bd2                     1.00   0.05  0.00  0.00  0.90  0.00  0.00  0.05  0.90  0.00
  ah11                    1.00   0.10  0.01  0.00  0.75  0.00  0.14  0.00  0.75  0.00
  aw2                     1.00   0.08  0.00  0.00  0.00  0.00  0.00  0.92  0.00  0.00
  aw1                     1.00   0.17  0.00  0.00  0.00  0.00  0.00  0.83  0.00  0.00
  ah8                     1.00   0.24  0.76  0.00  0.00  0.00  0.00  0.00  0.00  0.00
  os5+                    1.00   0.03  0.00  0.00  0.76  0.03  0.00  0.18  0.70  0.00
  os4+                    1.00   0.03  0.00  0.00  0.00  0.91  0.00  0.06  0.91  0.00
  os3+                    1.00   0.04  0.05  0.00  0.91  0.00  0.00  0.00  0.91  0.00
  os2+                    1.00   0.04  0.00  0.00  0.00  0.00  0.00  0.96  0.00  0.00
  ac18                    1.00   0.02  0.01  0.00  0.97  0.00  0.00  0.00  0.97  0.00
  gn89                    1.00   0.02  0.00  0.00  0.98  0.00  0.00  0.00  0.91  0.00
  gn66                    1.00   0.02  0.00  0.00  0.00  0.00  0.00  0.98  0.00  0.00
  gn48                    1.00   0.05  0.00  0.00  0.00  0.00  0.00  0.95  0.00  0.00
  gn43                    1.00   0.07  0.00  0.00  0.00  0.00  0.00  0.93  0.00  0.00
  so16                    1.00   0.01  0.00  0.00  0.95  0.00  0.00  0.04  0.91  0.00
  so10                    1.00   0.01  0.00  0.00  0.00  0.00  0.00  0.99  0.00  0.00
  wr4                     1.00   0.02  0.00  0.00  0.81  0.01  0.00  0.16  0.76  0.00
  so8                     1.00   0.02  0.00  0.00  0.00  0.00  0.00  0.98  0.00  0.00
  cr9                     1.00   0.08  0.00  0.00  0.87  0.00  0.00  0.05  0.87  0.00
  gn12                    1.00   0.02  0.01  0.00  0.98  0.00  0.00  0.00  0.14  0.00
  gn10                    1.00   0.02  0.00  0.00  0.98  0.00  0.00  0.00  0.97  0.00
  gn8                     1.00   0.02  0.00  0.00  0.97  0.00  0.00  0.01  0.94  0.00
  oc10                    1.00   0.00  0.00  0.00  0.00  0.00  0.00  1.00  0.00  0.00
  oc9                     1.00   0.00  0.00  0.00  0.99  0.00  0.00  0.00  0.00  0.00
  or38+                   1.00   0.02  0.00  0.00  0.00  0.00  0.00  0.98  0.00  0.00
  oc8                     1.00   0.01  0.00  0.00  0.99  0.00  0.00  0.00  0.00  0.00
  gl22                    1.00   0.01  0.99  0.00  0.00  0.00  0.00  0.00  0.00  0.00
  oc7                     1.00   0.01  0.01  0.00  0.98  0.00  0.00  0.00  0.98  0.00
  wt13                    1.00   0.04  0.00  0.00  0.00  0.00  0.00  0.96  0.00  0.00
  oc4                     1.00   0.02  0.00  0.00  0.00  0.00  0.00  0.98  0.00  0.00
  gc8                     1.00   0.01  0.00  0.00  0.00  0.00  0.00  0.99  0.00  0.00
  cc81+                   1.00   0.03  0.00  0.00  0.00  0.00  0.00  0.97  0.00  0.00
  cc82+                   1.00   0.04  0.00  0.00  0.00  0.96  0.00  0.01  0.96  0.00
  9001                    1.00   1.00  0.00  0.00  0.00  0.00  0.00  0.00  0.00  0.00
  902                     1.00   1.00  0.00  0.00  0.00  0.00  0.00  0.00  0.00  0.00
  MOONEY                  1.00   0.03  0.00  0.00  0.00  0.00  0.00  0.97  0.00  0.00
  PRESTN                  1.00   1.00  0.00  0.00  0.00  0.00  0.00  0.00  0.00  0.00
  LL/BO-OV                1.00   1.00  0.00  0.00  0.00  0.00  0.00  0.00  0.00  0.00
  BOOTH-TH                1.00   0.40  0.60  0.00  0.00  0.00  0.00  0.00  0.00  0.00
  PREST-TH                1.00   0.40  0.60  0.00  0.00  0.00  0.00  0.00  0.00  0.00
  KENT-TH                 1.00   0.03  0.00  0.00  0.00  0.00  0.00  0.97  0.00  0.00
  RCAN-TH                 1.00   0.16  0.00  0.00  0.00  0.00  0.00  0.84  0.00  0.00
  CATH-TH                 1.00   0.01  0.00  0.00  0.00  0.00  0.00  0.99  0.00  0.00
  rr7                     1.00   0.01  0.00  0.00  0.00  0.00  0.00  0.99  0.00  0.00
  RRIVER-TH               1.00   0.02  0.00  0.00  0.89  0.03  0.00  0.06  0.92  0.00
  hra-ovf                 1.00   1.00  0.00  0.00  0.00  0.00  0.00  0.00  0.00  0.00
  hraa                    1.00   0.10  0.00  0.00  0.00  0.00  0.90  0.00  0.00  0.00
  xxb-ovf                 1.00   0.09  0.00  0.00  0.86  0.00  0.00  0.05  0.01  0.00
  458                     1.00   0.10  0.00  0.00  0.85  0.00  0.00  0.05  0.85  0.00
  459                     1.00   0.16  0.84  0.00  0.00  0.00  0.00  0.00  0.00  0.00
  ah-ovf                  1.00   0.16  0.00  0.00  0.79  0.00  0.00  0.05  0.01  0.00
  rm-ovf                  1.00   1.00  0.00  0.00  0.00  0.00  0.00  0.00  0.00  0.00
  oc-ovf                  1.00   1.00  0.00  0.00  0.00  0.00  0.00  0.00  0.00  0.00
  gn29                    1.00   0.02  0.03  0.00  0.95  0.00  0.00  0.00  0.95  0.00
  south                   1.00   0.01  0.00  0.00  0.93  0.00  0.00  0.06  0.89  0.00
  sh-gr                   1.00   0.63  0.00  0.00  0.00  0.00  0.00  0.37  0.00  0.00
  gn3+                    1.00   0.03  0.00  0.00  0.36  0.01  0.00  0.60  0.37  0.00
  outfall                 1.00   0.06  0.00  0.00  0.00  0.00  0.00  0.94  0.00  0.00
  BY-ROPEC                1.00   1.00  0.00  0.00  0.00  0.00  0.00  0.00  0.00  0.00
  SC-OVR                  1.00   1.00  0.00  0.00  0.00  0.00  0.00  0.00  0.00  0.00
  SC-IN                   1.00   0.03  0.00  0.00  0.76  0.00  0.00  0.22  0.00  0.00
  493                     1.00   0.01  0.07  0.00  0.93  0.00  0.00  0.00  0.90  0.00
  496                     1.00   0.07  0.00  0.00  0.91  0.00  0.00  0.02  0.00  0.00
  497                     1.00   0.09  0.00  0.00  0.91  0.00  0.00  0.00  0.91  0.00
  498                     1.00   0.07  0.01  0.00  0.91  0.00  0.00  0.00  0.91  0.00
  502                     1.00   0.10  0.00  0.00  0.02  0.00  0.00  0.88  0.00  0.00
  504                     1.00   0.12  0.00  0.00  0.00  0.00  0.00  0.88  0.00  0.00
  507                     1.00   0.11  0.89  0.00  0.00  0.00  0.00  0.00  0.00  0.00
  513                     1.00   0.11  0.02  0.00  0.87  0.00  0.00  0.00  0.87  0.00
  515                     1.00   0.11  0.25  0.00  0.59  0.00  0.05  0.00  0.00  0.00
  518                     1.00   0.23  0.00  0.00  0.00  0.00  0.00  0.77  0.00  0.00
  521                     1.00   1.00  0.00  0.00  0.00  0.00  0.00  0.00  0.00  0.00
  528                     1.00   0.11  0.27  0.00  0.62  0.00  0.00  0.00  0.62  0.00
  530                     1.00   0.05  0.95  0.00  0.00  0.00  0.00  0.00  0.00  0.00
  538                     1.00   0.13  0.03  0.00  0.00  0.00  0.84  0.00  0.00  0.00
  540                     1.00   0.07  0.00  0.00  0.89  0.00  0.00  0.03  0.89  0.00
  541                     1.00   0.11  0.04  0.00  0.00  0.00  0.86  0.00  0.00  0.00
  544                     1.00   0.07  0.01  0.00  0.91  0.00  0.00  0.00  0.91  0.00
  546                     1.00   0.09  0.91  0.00  0.00  0.00  0.00  0.00  0.00  0.00
  551                     1.00   0.12  0.88  0.00  0.00  0.00  0.00  0.00  0.00  0.00
  555                     1.00   1.00  0.00  0.00  0.00  0.00  0.00  0.00  0.00  0.00
  558                     1.00   0.17  0.83  0.00  0.00  0.00  0.00  0.00  0.00  0.00
  560                     1.00   0.17  0.00  0.00  0.00  0.00  0.00  0.83  0.00  0.00
  561                     1.00   1.00  0.00  0.00  0.00  0.00  0.00  0.00  0.00  0.00
  564                     1.00   0.17  0.00  0.00  0.63  0.00  0.00  0.20  0.01  0.00
  565                     1.00   0.17  0.67  0.00  0.00  0.00  0.16  0.00  0.00  0.00
  568                     1.00   0.06  0.01  0.00  0.93  0.00  0.00  0.00  0.93  0.00
  570                     1.00   0.06  0.00  0.00  0.00  0.90  0.00  0.04  0.00  0.00
  577                     1.00   0.07  0.00  0.00  0.66  0.00  0.00  0.27  0.65  0.00
  589                     1.00   0.18  0.00  0.00  0.03  0.00  0.00  0.79  0.00  0.00
  599                     1.00   0.09  0.00  0.00  0.00  0.00  0.00  0.91  0.00  0.00
  600                     1.00   0.03  0.07  0.00  0.91  0.00  0.00  0.00  0.91  0.00
  602                     1.00   0.05  0.00  0.00  0.32  0.01  0.00  0.63  0.00  0.00
  607                     1.00   0.07  0.93  0.00  0.00  0.00  0.00  0.00  0.00  0.00
  ar25cs6                 1.00   1.00  0.00  0.00  0.00  0.00  0.00  0.00  0.00  0.00
  ar11lyn3                1.00   0.17  0.00  0.00  0.00  0.00  0.00  0.83  0.00  0.00
  647                     1.00   0.13  0.87  0.00  0.00  0.00  0.00  0.00  0.00  0.00
  657                     1.00   0.03  0.46  0.00  0.51  0.00  0.00  0.00  0.51  0.00
  CL-TH                   1.00   1.00  0.00  0.00  0.00  0.00  0.00  0.00  0.00  0.00
  664                     1.00   0.01  0.03  0.00  0.96  0.00  0.00  0.00  0.96  0.00
  665                     1.00   0.04  0.14  0.00  0.81  0.00  0.00  0.00  0.81  0.00
  672                     1.00   0.37  0.63  0.00  0.00  0.00  0.00  0.00  0.00  0.00
  674                     1.00   1.00  0.00  0.00  0.00  0.00  0.00  0.00  0.00  0.00
  684                     1.00   1.00  0.00  0.00  0.00  0.00  0.00  0.00  0.00  0.00
  686                     1.00   1.00  0.00  0.00  0.00  0.00  0.00  0.00  0.00  0.00
  OC-2                    1.00   1.00  0.00  0.00  0.00  0.00  0.00  0.00  0.00  0.00
  689                     1.00   0.01  0.00  0.00  0.95  0.00  0.00  0.04  0.94  0.00
  691                     1.00   0.01  0.00  0.00  0.96  0.00  0.00  0.03  0.94  0.00
  693                     1.00   0.03  0.00  0.00  0.93  0.00  0.00  0.04  0.00  0.00
  696                     1.00   0.06  0.00  0.00  0.92  0.00  0.00  0.02  0.00  0.00
  698                     1.00   0.12  0.00  0.00  0.00  0.00  0.00  0.88  0.00  0.00
  699                     1.00   0.38  0.00  0.00  0.00  0.00  0.00  0.62  0.00  0.00
  CL-DIV                  1.00   0.25  0.00  0.00  0.63  0.00  0.00  0.12  0.01  0.00
  701                     1.00   0.13  0.05  0.00  0.82  0.00  0.00  0.00  0.01  0.00
  OC-1_v                  1.00   1.00  0.00  0.00  0.00  0.00  0.00  0.00  0.00  0.00
  730                     1.00   1.00  0.00  0.00  0.00  0.00  0.00  0.00  0.00  0.00
  736.1                   1.00   1.00  0.00  0.00  0.00  0.00  0.00  0.00  0.00  0.00
  738                     1.00   0.39  0.61  0.00  0.00  0.00  0.00  0.00  0.00  0.00
  740                     1.00   0.39  0.61  0.00  0.00  0.00  0.00  0.00  0.00  0.00
  ar-div                  1.00   0.17  0.00  0.00  0.18  0.03  0.00  0.62  0.20  0.00
  744                     1.00   1.00  0.00  0.00  0.00  0.00  0.00  0.00  0.00  0.00
  757                     1.00   1.00  0.00  0.00  0.00  0.00  0.00  0.00  0.00  0.00
  758                     1.00   1.00  0.00  0.00  0.00  0.00  0.00  0.00  0.00  0.00
  765                     1.00   0.01  0.99  0.00  0.00  0.00  0.00  0.00  0.00  0.00
  wa-div                  1.00   1.00  0.00  0.00  0.00  0.00  0.00  0.00  0.00  0.00
  777                     1.00   1.00  0.00  0.00  0.00  0.00  0.00  0.00  0.00  0.00
  781                     1.00   1.00  0.00  0.00  0.00  0.00  0.00  0.00  0.00  0.00
  CC-1                    1.00   0.04  0.00  0.00  0.00  0.95  0.00  0.01  0.95  0.00
  CC-2                    1.00   0.05  0.00  0.00  0.00  0.00  0.00  0.95  0.00  0.00
  CC-3                    1.00   0.05  0.00  0.00  0.71  0.01  0.00  0.23  0.72  0.00
  CC-4                    1.00   0.06  0.00  0.00  0.92  0.00  0.00  0.02  0.01  0.00
  WN-2                    1.00   1.00  0.00  0.00  0.00  0.00  0.00  0.00  0.00  0.00
  THRU                    1.00   0.12  0.08  0.00  0.68  0.00  0.13  0.00  0.00  0.00
  SC-1                    1.00   0.03  0.00  0.00  0.00  0.00  0.00  0.97  0.00  0.00
  MB-1                    1.00   0.05  0.00  0.00  0.00  0.00  0.00  0.95  0.00  0.00
  WN-1                    1.00   0.03  0.05  0.00  0.92  0.00  0.00  0.00  0.16  0.00
  PR-1                    1.00   0.49  0.00  0.00  0.00  0.00  0.00  0.51  0.00  0.00
  843                     1.00   0.08  0.92  0.00  0.00  0.00  0.00  0.00  0.00  0.00
  844                     1.00   1.00  0.00  0.00  0.00  0.00  0.00  0.00  0.00  0.00
  cs-div                  1.00   1.00  0.00  0.00  0.00  0.00  0.00  0.00  0.00  0.00
  847                     1.00   0.04  0.00  0.00  0.94  0.00  0.00  0.02  0.92  0.00
  848                     1.00   0.05  0.01  0.00  0.94  0.00  0.00  0.00  0.94  0.00
  sc-thru                 1.00   0.06  0.19  0.00  0.76  0.00  0.00  0.00  0.76  0.00
  KENT-OV                 1.00   1.00  0.00  0.00  0.00  0.00  0.00  0.00  0.00  0.00
  RCAN-OV                 1.00   1.00  0.00  0.00  0.00  0.00  0.00  0.00  0.00  0.00
  CATH-OV                 1.00   1.00  0.00  0.00  0.00  0.00  0.00  0.00  0.00  0.00
  RRIVER-OV               1.00   1.00  0.00  0.00  0.00  0.00  0.00  0.00  0.00  0.00
  866                     1.00   0.17  0.00  0.00  0.62  0.00  0.00  0.21  0.61  0.00
  867                     1.00   0.18  0.23  0.00  0.60  0.00  0.00  0.00  0.60  0.00
  868                     1.00   0.08  0.09  0.00  0.83  0.00  0.00  0.00  0.83  0.00
  869                     1.00   0.08  0.00  0.00  0.87  0.00  0.00  0.05  0.87  0.00
  870                     1.00   0.08  0.92  0.00  0.00  0.00  0.00  0.00  0.00  0.00
  734.1                   1.00   0.11  0.00  0.00  0.00  0.00  0.00  0.89  0.00  0.00
  726.1                   1.00   0.01  0.00  0.00  0.99  0.00  0.00  0.00  0.99  0.00
  873.1                   1.00   0.01  0.00  0.00  0.00  0.00  0.00  0.99  0.00  0.00
  874                     1.00   0.06  0.37  0.00  0.00  0.00  0.57  0.00  0.00  0.00
  875                     1.00   0.06  0.94  0.00  0.00  0.00  0.00  0.00  0.00  0.00
  TUN-OUT                 1.00   0.01  0.00  0.00  0.98  0.00  0.00  0.01  0.01  0.00
  
  
  *************************
  Conduit Surcharge Summary
  *************************
  
  ----------------------------------------------------------------------------
                                                           Hours        Hours 
                         --------- Hours Full --------   Above Full   Capacity
  Conduit                Both Ends  Upstream  Dnstream   Normal Flow   Limited
  ----------------------------------------------------------------------------
  wa83                        0.06     24.00      0.06     23.92         0.01
  wa49                        0.01      0.05      0.01      0.21         0.01
  wa40                        0.01      0.01      0.01      0.37         0.01
  wa29+                       0.01      0.01      0.01      0.01         0.01
  wn80                        0.01      0.01     21.14      0.01         0.01
  pc2                         0.01      0.01     20.03      0.01         0.01
  wn52                        0.01      0.01     20.65      0.01         0.01
  wn21                        0.01      0.01     19.60      0.01         0.01
  os9                         0.01      0.01     19.70      0.01         0.01
  os7                         0.01      0.01     19.21      0.01         0.01
  hl38                        0.01      0.01     20.00      0.01         0.01
  ah11                        0.01      0.01     21.53      0.01         0.01
  cr9                         0.01      0.01     17.07      0.01         0.01
  oc9                         0.01      0.01      0.03      0.02         0.01
  RRIVER-TH                   0.01      0.01     21.32      0.01         0.01
  xxb-ovf                     0.01      0.01     19.88      0.01         0.01
  458                         0.01      0.01     16.96      0.01         0.01
  gn29                        0.01      0.01     15.79      0.01         0.01
  south                       0.01      0.01     17.20      0.01         0.01
  sh-gr                       0.01      0.01      0.01      6.48         0.01
  657                         0.01      0.01     12.26      0.01         0.01
  THRU                        0.84      0.84      2.90      0.01         0.01
  WN-1                        0.01      0.01     19.60      0.01         0.01
  848                         0.01      0.01     20.05      0.01         0.01
  TUN-OUT                     0.01      0.01     17.08      0.01         0.01
  
  
  ***************
  Pumping Summary
  ***************
  
  ---------------------------------------------------------------------------------------------------------
                                                  Min       Avg       Max     Total     Power    % Time Off
                        Percent   Number of      Flow      Flow      Flow    Volume     Usage    Pump Curve
  Pump                 Utilized   Start-Ups       CMS       CMS       CMS  10^6 ltr     Kw-hr    Low   High
  ---------------------------------------------------------------------------------------------------------
  wa92                    99.42           1      0.00      0.49      0.49    41.711  15074.66    0.0    0.0
  mw4                    100.00           1      0.00      0.27      0.27    23.414   6064.74    0.0    0.0
  hl25                    89.91           1      0.00      0.01      0.01     0.466     88.53    0.0    0.0
  acres                   99.48           1      0.00      1.86      1.89   158.738  42649.40    0.0    0.0
  r-pump                 100.00           1      0.00     10.00     10.00   863.908 265632.75    0.0    0.0
  pump                    98.04           1      0.00      0.03      0.03     2.670    340.24    0.0    0.0
  

  Analysis begun on:  Wed Jul 22 11:35:24 2026
  Analysis ended on:  Wed Jul 22 11:35:43 2026
  Total elapsed time: 00:00:19