
  EPA STORM WATER MANAGEMENT MODEL - VERSION 5.2 (Build 5.2.4)
  ------------------------------------------------------------

  Converted from XPSWMM .xp file 
  WARNING 04: minimum elevation drop used for Conduit 201
  WARNING 04: minimum elevation drop used for Conduit 202
  WARNING 04: minimum elevation drop used for Conduit 204
  WARNING 04: minimum elevation drop used for Conduit 206
  WARNING 08: elevation drop exceeds length for Conduit 208
  WARNING 08: elevation drop exceeds length for Conduit 210
  WARNING 08: elevation drop exceeds length for Conduit 212
  WARNING 04: minimum elevation drop used for Conduit 216
  WARNING 04: minimum elevation drop used for Conduit 218
  WARNING 04: minimum elevation drop used for Conduit 220
  WARNING 04: minimum elevation drop used for Conduit 224
  
  ****************
  Analysis Options
  ****************
  Flow Units ............... CFS
  Process Models:
    Rainfall/Runoff ........ NO
    RDII ................... NO
    Snowmelt ............... NO
    Groundwater ............ NO
    Flow Routing ........... YES
    Ponding Allowed ........ NO
    Water Quality .......... NO
  Flow Routing Method ...... DYNWAVE
  Surcharge Method ......... EXTRAN
  Starting Date ............ 01/01/2001 00:00:00
  Ending Date .............. 01/02/2001 00:00:00
  Antecedent Dry Days ...... 0.0
  Report Time Step ......... 00:15:00
  Routing Time Step ........ 20.00 sec
  Variable Time Step ....... YES
  Maximum Trials ........... 8
  Number of Threads ........ 1
  Head Tolerance ........... 0.005000 ft
  
  
  **************************        Volume        Volume
  Flow Routing Continuity        acre-feet      10^6 gal
  **************************     ---------     ---------
  Dry Weather Inflow .......         0.000         0.000
  Wet Weather Inflow .......         0.000         0.000
  Groundwater Inflow .......         0.000         0.000
  RDII Inflow ..............         0.000         0.000
  External Inflow ..........         9.917         3.232
  External Outflow .........         0.000         0.000
  Flooding Loss ............         9.877         3.219
  Evaporation Loss .........         0.000         0.000
  Exfiltration Loss ........         0.000         0.000
  Initial Stored Volume ....         0.000         0.000
  Final Stored Volume ......         0.014         0.004
  Continuity Error (%) .....         0.265
  
  
  *************************
  Highest Continuity Errors
  *************************
  Node Node2 (15.61%)
  Node Node3 (13.84%)
  Node Node4 (13.73%)
  Node Node5 (13.30%)
  Node Streetl11 (1.32%)
  
  
  ***************************
  Time-Step Critical Elements
  ***************************
  None
  
  
  ********************************
  Highest Flow Instability Indexes
  ********************************
  All links are stable.
  
  
  *********************************
  Most Frequent Nonconverging Nodes
  *********************************
  Node Streetl11 (0.02%)
  Node Outlet (0.02%)
  
  
  *************************
  Routing Time Step Summary
  *************************
  Minimum Time Step           :     3.06 sec
  Average Time Step           :    19.96 sec
  Maximum Time Step           :    20.00 sec
  % of Time in Steady State   :     0.00
  Average Iterations per Step :     2.01
  % of Steps Not Converging   :     0.02
  Time Step Frequencies       :
     20.000 -  9.564 sec      :    99.84 %
      9.564 -  4.573 sec      :     0.14 %
      4.573 -  2.187 sec      :     0.02 %
      2.187 -  1.046 sec      :     0.00 %
      1.046 -  0.500 sec      :     0.00 %
  
  
  ******************
  Node Depth Summary
  ******************
  
  ---------------------------------------------------------------------------------
                                 Average  Maximum  Maximum  Time of Max    Reported
                                   Depth    Depth      HGL   Occurrence   Max Depth
  Node                 Type         Feet     Feet     Feet  days hr:min        Feet
  ---------------------------------------------------------------------------------
  Node1                JUNCTION     1.00     1.00     1.00     0  00:02        1.00
  Node2                JUNCTION     1.00     1.00     1.00     0  00:02        1.00
  Node3                JUNCTION     1.00     1.00     1.00     0  00:02        1.00
  Node4                JUNCTION     1.00     1.00     1.00     0  00:02        1.00
  Node5                JUNCTION     1.00     1.00     1.00     0  00:02        1.00
  Node6                JUNCTION     0.00     0.00   100.00     0  00:00        0.00
  Node7                JUNCTION     0.00     0.00     0.00     0  00:00        0.00
  Pond                 JUNCTION     0.00     0.00   114.00     0  00:00        0.00
  Node9                JUNCTION     1.00     1.00     1.00     0  00:02        1.00
  Node10               JUNCTION     1.00     1.00     1.00     0  00:02        1.00
  Node11               JUNCTION     1.00     1.00     1.00     0  00:02        1.00
  Node12               JUNCTION     0.00     0.00   101.00     0  00:00        0.00
  Riser                JUNCTION     0.00     0.00     0.00     0  00:00        0.00
  Streetl11            JUNCTION    89.42    90.16   180.16     0  00:19       90.16
  Outlet               OUTFALL      0.00     0.00     0.00     0  00:00        0.00
  
  
  *******************
  Node Inflow Summary
  *******************
  
  -------------------------------------------------------------------------------------------------
                                  Maximum  Maximum                  Lateral       Total        Flow
                                  Lateral    Total  Time of Max      Inflow      Inflow     Balance
                                   Inflow   Inflow   Occurrence      Volume      Volume       Error
  Node                 Type           CFS      CFS  days hr:min    10^6 gal    10^6 gal     Percent
  -------------------------------------------------------------------------------------------------
  Node1                JUNCTION      1.00     1.00     0  00:00       0.646       0.646       0.052
  Node2                JUNCTION      0.00     0.97     0  00:01           0     0.00358      18.496
  Node3                JUNCTION      0.00     1.30     0  00:01           0     0.00622      16.061
  Node4                JUNCTION      0.00     1.15     0  00:02           0     0.00619      15.909
  Node5                JUNCTION      0.00     1.14     0  00:02           0     0.00612      15.341
  Node6                JUNCTION      0.00     0.00     0  00:00           0           0       0.000 gal
  Node7                JUNCTION      0.00     0.00     0  00:00           0           0       0.000 gal
  Pond                 JUNCTION      0.00     0.00     0  00:00           0           0       0.000 gal
  Node9                JUNCTION      1.00     1.00     0  00:00       0.646       0.646       0.053
  Node10               JUNCTION      1.00     1.00     0  00:00       0.646       0.646       0.052
  Node11               JUNCTION      1.00     1.00     0  00:00       0.646       0.646       0.053
  Node12               JUNCTION      0.00     0.00     0  00:00           0           0       0.000 gal
  Riser                JUNCTION      0.00     0.00     0  00:00           0           0       0.000 gal
  Streetl11            JUNCTION      1.00     1.00     0  00:00       0.646       0.646       1.339
  Outlet               OUTFALL       0.00     0.00     0  00:00           0           0       0.000 gal
  
  
  **********************
  Node Surcharge Summary
  **********************
  
  Surcharging occurs when water rises above the top of the highest conduit.
  ---------------------------------------------------------------------
                                               Max. Height   Min. Depth
                                   Hours       Above Crown    Below Rim
  Node                 Type      Surcharged           Feet         Feet
  ---------------------------------------------------------------------
  Node1                JUNCTION       23.96          0.000        0.000
  Node2                JUNCTION       23.96          0.000        0.000
  Node3                JUNCTION       23.96          0.000        0.000
  Node4                JUNCTION       23.96          0.000        0.000
  Node5                JUNCTION       23.96          0.000        0.000
  Node9                JUNCTION       23.96          0.000        0.000
  Node10               JUNCTION       23.96          0.000        0.000
  Node11               JUNCTION       23.96          0.000        0.000
  Node12               JUNCTION       24.00          0.000        0.000
  Streetl11            JUNCTION       23.69          0.000        0.000
  
  
  *********************
  Node Flooding Summary
  *********************
  
  Flooding refers to all water that overflows a node, whether it ponds or not.
  --------------------------------------------------------------------------
                                                             Total   Maximum
                                 Maximum   Time of Max       Flood    Ponded
                        Hours       Rate    Occurrence      Volume     Depth
  Node                 Flooded       CFS   days hr:min    10^6 gal      Feet
  --------------------------------------------------------------------------
  Node1                  23.96      1.00      1  00:00       0.642     0.000
  Node2                   1.94      0.45      0  00:02       0.000     0.000
  Node3                  23.96      0.74      0  00:02       0.003     0.000
  Node4                  23.96      0.76      0  00:02       0.003     0.000
  Node5                  23.96      1.13      0  00:02       0.005     0.000
  Node9                  23.96      1.00      1  00:00       0.642     0.000
  Node10                 23.96      1.00      1  00:00       0.642     0.000
  Node11                 23.96      1.00      1  00:00       0.642     0.000
  Streetl11              23.69      1.00      0  00:19       0.638     0.000
  
  
  ***********************
  Outfall Loading Summary
  ***********************
  
  -----------------------------------------------------------
                         Flow       Avg       Max       Total
                         Freq      Flow      Flow      Volume
  Outfall Node           Pcnt       CFS       CFS    10^6 gal
  -----------------------------------------------------------
  Outlet                 0.00      0.00      0.00       0.000
  -----------------------------------------------------------
  System                 0.00      0.00      0.00       0.000
  
  
  ********************
  Link Flow Summary
  ********************
  
  -----------------------------------------------------------------------------
                                 Maximum  Time of Max   Maximum    Max/    Max/
                                  |Flow|   Occurrence   |Veloc|    Full    Full
  Link                 Type          CFS  days hr:min    ft/sec    Flow   Depth
  -----------------------------------------------------------------------------
  201                  CONDUIT      0.97     0  00:01      2.86    8.60    1.00
  202                  CONDUIT      0.41     0  00:01      0.79    3.60    1.00
  204                  CONDUIT      0.39     0  00:02      0.52    3.42    1.00
  206                  CONDUIT      0.38     0  00:02      0.49    3.39    1.00
  208                  CONDUIT      0.00     0  00:00      0.00    0.00    0.50
  210                  CONDUIT      0.00     0  00:00      0.00    0.00    0.00
  212                  CONDUIT      0.00     0  00:00      0.00    0.00    0.00
  216                  CONDUIT      1.00     0  00:00      3.26    8.88    1.00
  218                  CONDUIT      1.01     0  00:00      3.32    8.95    1.00
  220                  CONDUIT      1.00     0  00:00      3.28    8.90    1.00
  SewerL11             CONDUIT      0.00     0  00:00      0.00    0.00    0.50
  224                  CONDUIT      0.00     0  00:00      0.00    0.00    0.00
  214                  ORIFICE      0.00     0  00:00                      0.00
  
  
  ***************************
  Flow Classification Summary
  ***************************
  
  -------------------------------------------------------------------------------------
                      Adjusted    ---------- Fraction of Time in Flow Class ---------- 
                       /Actual         Up    Down  Sub   Sup   Up    Down  Norm  Inlet 
  Conduit               Length    Dry  Dry   Dry   Crit  Crit  Crit  Crit  Ltd   Ctrl  
  -------------------------------------------------------------------------------------
  201                     1.00   0.00  0.00  0.00  1.00  0.00  0.00  0.00  0.00  0.00
  202                     1.00   0.00  0.00  0.00  1.00  0.00  0.00  0.00  0.00  0.00
  204                     1.00   0.00  0.00  0.00  1.00  0.00  0.00  0.00  0.00  0.00
  206                     1.00   0.00  0.00  0.00  1.00  0.00  0.00  0.00  0.00  0.00
  208                     1.00   0.00  1.00  0.00  0.00  0.00  0.00  0.00  0.00  0.00
  210                     1.00   1.00  0.00  0.00  0.00  0.00  0.00  0.00  0.00  0.00
  212                     1.00   1.00  0.00  0.00  0.00  0.00  0.00  0.00  0.00  0.00
  216                     1.00   0.00  0.00  0.00  1.00  0.00  0.00  0.00  0.00  0.00
  218                     1.00   0.00  0.00  0.00  1.00  0.00  0.00  0.00  0.00  0.00
  220                     1.00   0.00  0.00  0.00  1.00  0.00  0.00  0.00  0.00  0.00
  SewerL11                1.00   0.01  0.99  0.00  0.00  0.00  0.00  0.00  0.00  0.00
  224                     1.00   1.00  0.00  0.00  0.00  0.00  0.00  0.00  0.00  0.00
  
  
  *************************
  Conduit Surcharge Summary
  *************************
  
  ----------------------------------------------------------------------------
                                                           Hours        Hours 
                         --------- Hours Full --------   Above Full   Capacity
  Conduit                Both Ends  Upstream  Dnstream   Normal Flow   Limited
  ----------------------------------------------------------------------------
  201                        23.96     23.96     23.96      0.15         0.01
  202                        23.96     23.96     23.96      0.11         0.01
  204                        23.96     23.96     23.96      0.11         0.01
  206                        23.96     23.96     23.96      0.10         0.01
  216                        23.96     23.96     23.96      0.15         0.01
  218                        23.96     23.96     23.96      0.15         0.01
  220                        23.96     23.96     23.96      0.15         0.01
  

  Analysis begun on:  Wed Jul 22 11:39:54 2026
  Analysis ended on:  Wed Jul 22 11:39:54 2026
  Total elapsed time: < 1 sec