
  EPA STORM WATER MANAGEMENT MODEL - VERSION 5.2 (Build 5.2.4)
  ------------------------------------------------------------

  Converted from XPSWMM .xp file 
  WARNING 04: minimum elevation drop used for Conduit 217
  
  ****************
  Analysis Options
  ****************
  Flow Units ............... CFS
  Process Models:
    Rainfall/Runoff ........ NO
    RDII ................... NO
    Snowmelt ............... NO
    Groundwater ............ NO
    Flow Routing ........... YES
    Ponding Allowed ........ NO
    Water Quality .......... NO
  Flow Routing Method ...... DYNWAVE
  Surcharge Method ......... EXTRAN
  Starting Date ............ 01/01/2001 00:00:00
  Ending Date .............. 01/02/2001 00:00:00
  Antecedent Dry Days ...... 0.0
  Report Time Step ......... 00:15:00
  Routing Time Step ........ 300.00 sec
  Variable Time Step ....... YES
  Maximum Trials ........... 50
  Number of Threads ........ 1
  Head Tolerance ........... 0.003300 ft
  
  
  **************************        Volume        Volume
  Flow Routing Continuity        acre-feet      10^6 gal
  **************************     ---------     ---------
  Dry Weather Inflow .......         0.000         0.000
  Wet Weather Inflow .......         0.000         0.000
  Groundwater Inflow .......         0.000         0.000
  RDII Inflow ..............         0.000         0.000
  External Inflow ..........         3.967         1.293
  External Outflow .........         3.541         1.154
  Flooding Loss ............         0.000         0.000
  Evaporation Loss .........         0.000         0.000
  Exfiltration Loss ........         0.000         0.000
  Initial Stored Volume ....         0.000         0.000
  Final Stored Volume ......         0.437         0.142
  Continuity Error (%) .....        -0.263
  
  
  ***************************
  Time-Step Critical Elements
  ***************************
  Link pipe (92.50%)
  Link Conduit (6.93%)
  
  
  ********************************
  Highest Flow Instability Indexes
  ********************************
  All links are stable.
  
  
  *********************************
  Most Frequent Nonconverging Nodes
  *********************************
  Convergence obtained at all time steps.
  
  
  *************************
  Routing Time Step Summary
  *************************
  Minimum Time Step           :     6.31 sec
  Average Time Step           :    11.29 sec
  Maximum Time Step           :    81.68 sec
  % of Time in Steady State   :     0.00
  Average Iterations per Step :     2.01
  % of Steps Not Converging   :     0.01
  Time Step Frequencies       :
     300.000 - 83.462 sec      :     0.00 %
     83.462 - 23.220 sec      :     0.04 %
     23.220 -  6.460 sec      :    99.95 %
      6.460 -  1.797 sec      :     0.01 %
      1.797 -  0.500 sec      :     0.00 %
  
  
  ******************
  Node Depth Summary
  ******************
  
  ---------------------------------------------------------------------------------
                                 Average  Maximum  Maximum  Time of Max    Reported
                                   Depth    Depth      HGL   Occurrence   Max Depth
  Node                 Type         Feet     Feet     Feet  days hr:min        Feet
  ---------------------------------------------------------------------------------
  inlet                JUNCTION    10.19    11.45    26.45     0  00:02       10.19
  outfall              OUTFALL      0.00     0.00    15.00     0  00:00        0.00
  Pond                 STORAGE      9.02     9.37    24.37     0  04:56        9.37
  fuzzyq=6             STORAGE      9.09     9.45    24.45     0  04:55        9.45
  
  
  *******************
  Node Inflow Summary
  *******************
  
  -------------------------------------------------------------------------------------------------
                                  Maximum  Maximum                  Lateral       Total        Flow
                                  Lateral    Total  Time of Max      Inflow      Inflow     Balance
                                   Inflow   Inflow   Occurrence      Volume      Volume       Error
  Node                 Type           CFS      CFS  days hr:min    10^6 gal    10^6 gal     Percent
  -------------------------------------------------------------------------------------------------
  inlet                JUNCTION      1.00     1.00     0  00:00       0.646       0.646      -0.515
  outfall              OUTFALL       0.00     2.00     0  04:57           0        1.15       0.000
  Pond                 STORAGE       0.00    24.19     0  00:03           0        1.23      -0.011
  fuzzyq=6             STORAGE       1.00     2.49     0  00:04       0.646        0.65       0.239
  
  
  **********************
  Node Surcharge Summary
  **********************
  
  No nodes were surcharged.
  
  
  *********************
  Node Flooding Summary
  *********************
  
  No nodes were flooded.
  
  
  **********************
  Storage Volume Summary
  **********************
  
  ------------------------------------------------------------------------------------------------
                         Average    Avg   Evap  Exfil     Maximum    Max    Time of Max    Maximum
                          Volume   Pcnt   Pcnt   Pcnt      Volume   Pcnt     Occurrence    Outflow
  Storage Unit          1000 ft³   Full   Loss   Loss    1000 ft³   Full    days hr:min        CFS
  ------------------------------------------------------------------------------------------------
  Pond                     9.021   90.2    0.0    0.0       9.370   93.7       0  04:56       2.00
  fuzzyq=6                 9.093   90.9    0.0    0.0       9.448   94.5       0  04:55       1.00
  
  
  ***********************
  Outfall Loading Summary
  ***********************
  
  -----------------------------------------------------------
                         Flow       Avg       Max       Total
                         Freq      Flow      Flow      Volume
  Outfall Node           Pcnt       CFS       CFS    10^6 gal
  -----------------------------------------------------------
  outfall               92.69      1.99      2.00       1.154
  -----------------------------------------------------------
  System                92.69      1.99      2.00       1.154
  
  
  ********************
  Link Flow Summary
  ********************
  
  -----------------------------------------------------------------------------
                                 Maximum  Time of Max   Maximum    Max/    Max/
                                  |Flow|   Occurrence   |Veloc|    Full    Full
  Link                 Type          CFS  days hr:min    ft/sec    Flow   Depth
  -----------------------------------------------------------------------------
  Conduit              CONDUIT     24.19     0  00:03      7.19    0.20    0.36
  pipe                 CONDUIT      2.00     0  04:57      4.02    0.03    0.12
  217                  CONDUIT      1.49     0  00:04      3.08   13.25    1.00
  
  
  ***************************
  Flow Classification Summary
  ***************************
  
  -------------------------------------------------------------------------------------
                      Adjusted    ---------- Fraction of Time in Flow Class ---------- 
                       /Actual         Up    Down  Sub   Sup   Up    Down  Norm  Inlet 
  Conduit               Length    Dry  Dry   Dry   Crit  Crit  Crit  Crit  Ltd   Ctrl  
  -------------------------------------------------------------------------------------
  Conduit                 1.00   0.00  0.00  0.00  0.89  0.00  0.00  0.10  0.90  0.00
  pipe                    1.00   0.10  0.00  0.00  0.00  0.00  0.00  0.90  0.00  0.00
  217                     1.00   0.00  0.00  0.00  1.00  0.00  0.00  0.00  0.00  0.00
  
  
  *************************
  Conduit Surcharge Summary
  *************************
  
  ----------------------------------------------------------------------------
                                                           Hours        Hours 
                         --------- Hours Full --------   Above Full   Capacity
  Conduit                Both Ends  Upstream  Dnstream   Normal Flow   Limited
  ----------------------------------------------------------------------------
  217                        23.81     23.81     23.82     21.69        22.27
  

  Analysis begun on:  Wed Jul 22 11:37:34 2026
  Analysis ended on:  Wed Jul 22 11:37:34 2026
  Total elapsed time: < 1 sec