
  EPA STORM WATER MANAGEMENT MODEL - VERSION 5.2 (Build 5.2.4)
  ------------------------------------------------------------

  B-15 COOLING WATER RETURN MODEL 
  WARNING 08: elevation drop exceeds length for Conduit 82
  WARNING 08: elevation drop exceeds length for Conduit 103
  WARNING 08: elevation drop exceeds length for Conduit 161
  WARNING 04: minimum elevation drop used for Conduit 176
  WARNING 08: elevation drop exceeds length for Conduit 209
  WARNING 08: elevation drop exceeds length for Conduit 272
  WARNING 04: minimum elevation drop used for Conduit 287
  WARNING 08: elevation drop exceeds length for Conduit 335
  WARNING 08: elevation drop exceeds length for Conduit 350
  WARNING 08: elevation drop exceeds length for Conduit 361
  WARNING 08: elevation drop exceeds length for Conduit 357
  WARNING 08: elevation drop exceeds length for Conduit 356
  
  ****************
  Analysis Options
  ****************
  Flow Units ............... CFS
  Process Models:
    Rainfall/Runoff ........ NO
    RDII ................... NO
    Snowmelt ............... NO
    Groundwater ............ NO
    Flow Routing ........... YES
    Ponding Allowed ........ NO
    Water Quality .......... NO
  Flow Routing Method ...... DYNWAVE
  Surcharge Method ......... EXTRAN
  Starting Date ............ 01/01/2001 00:00:00
  Ending Date .............. 01/02/2001 00:00:00
  Antecedent Dry Days ...... 0.0
  Report Time Step ......... 00:15:00
  Routing Time Step ........ 1.00 sec
  Variable Time Step ....... YES
  Maximum Trials ........... 50
  Number of Threads ........ 1
  Head Tolerance ........... 0.005000 ft
  
  
  **************************        Volume        Volume
  Flow Routing Continuity        acre-feet      10^6 gal
  **************************     ---------     ---------
  Dry Weather Inflow .......         0.000         0.000
  Wet Weather Inflow .......         0.000         0.000
  Groundwater Inflow .......         0.000         0.000
  RDII Inflow ..............         0.000         0.000
  External Inflow ..........        57.518        18.743
  External Outflow .........        11.784         3.840
  Flooding Loss ............        39.256        12.792
  Evaporation Loss .........         0.000         0.000
  Exfiltration Loss ........         0.000         0.000
  Initial Stored Volume ....         0.000         0.000
  Final Stored Volume ......         0.170         0.055
  Continuity Error (%) .....        10.968
  
  
  *************************
  Highest Continuity Errors
  *************************
  Node 15 (99.45%)
  Node 355 (96.00%)
  Node 7 (29.67%)
  Node 194 (23.15%)
  Node 5 (22.87%)
  
  
  ***************************
  Time-Step Critical Elements
  ***************************
  Link 322 (87.17%)
  Link 161 (6.33%)
  Link 146 (3.29%)
  
  
  ********************************
  Highest Flow Instability Indexes
  ********************************
  All links are stable.
  
  
  *********************************
  Most Frequent Nonconverging Nodes
  *********************************
  Node 259 (0.01%)
  Node 50 (0.00%)
  Node 40 (0.00%)
  Node 229 (0.00%)
  Node 242 (0.00%)
  
  
  *************************
  Routing Time Step Summary
  *************************
  Minimum Time Step           :     0.50 sec
  Average Time Step           :     0.78 sec
  Maximum Time Step           :     1.00 sec
  % of Time in Steady State   :     0.00
  Average Iterations per Step :     2.01
  % of Steps Not Converging   :     0.01
  Time Step Frequencies       :
      1.000 -  0.871 sec      :     3.16 %
      0.871 -  0.758 sec      :    87.17 %
      0.758 -  0.660 sec      :     0.00 %
      0.660 -  0.574 sec      :     0.01 %
      0.574 -  0.500 sec      :     9.65 %
  
  
  ******************
  Node Depth Summary
  ******************
  
  ---------------------------------------------------------------------------------
                                 Average  Maximum  Maximum  Time of Max    Reported
                                   Depth    Depth      HGL   Occurrence   Max Depth
  Node                 Type         Feet     Feet     Feet  days hr:min        Feet
  ---------------------------------------------------------------------------------
  2                    JUNCTION   278.04   282.56   569.66     0  04:35      282.56
  3                    JUNCTION   256.96   279.25   565.25     0  02:26      279.25
  5                    JUNCTION   235.15   278.33   564.33     0  03:54      278.33
  7                    JUNCTION   191.48   277.38   561.97     0  10:13      277.38
  11                   JUNCTION   264.17   277.21   561.75     0  10:17      277.21
  13                   JUNCTION     0.00     0.00   300.00     0  00:00        0.00
  15                   JUNCTION   246.70   274.59   555.76     0  02:41      274.55
  17                   JUNCTION   278.48   283.00   570.50     0  00:59      283.00
  23                   JUNCTION     0.00     0.00   300.00     0  00:00        0.00
  34                   JUNCTION     0.00     0.00   300.00     0  00:00        0.00
  40                   JUNCTION   261.90   274.73   555.73     0  02:42      274.71
  43                   JUNCTION     0.00     0.00   300.00     0  00:00        0.00
  46                   JUNCTION   239.41   272.83   552.08     0  02:55      272.83
  50                   JUNCTION   226.39   273.00   546.00     0  03:49      273.00
  55                   JUNCTION   276.78   281.25   568.75     0  00:58      281.25
  57                   JUNCTION     0.00     0.00   300.00     0  00:00        0.00
  63                   JUNCTION     0.00     0.00   300.00     0  00:00        0.00
  75                   JUNCTION   215.10   279.04   560.79     0  06:04      279.04
  79                   JUNCTION   236.87   278.30   560.80     0  06:04      278.29
  81                   JUNCTION   258.55   276.55   576.55     0  02:01      276.55
  83                   JUNCTION   233.83   272.63   551.63     0  10:18      272.63
  89                   JUNCTION   273.61   277.97   577.97     0  00:58      277.97
  99                   JUNCTION   246.54   276.09   564.09     0  03:26      276.09
  100                  JUNCTION   257.87   275.08   556.08     0  03:26      275.08
  102                  JUNCTION   241.16   274.54   553.79     0  02:53      274.54
  105                  JUNCTION   271.38   275.74   575.74     0  00:57      275.67
  106                  JUNCTION   258.13   275.11   575.11     0  01:55      275.11
  109                  JUNCTION   275.41   279.83   560.16     0  00:58      279.83
  111                  JUNCTION   247.59   271.40   550.73     0  02:42      271.39
  122                  JUNCTION   261.03   278.51   559.44     0  02:50      278.51
  128                  JUNCTION   230.23   279.78   579.78     0  04:36      279.78
  130                  JUNCTION   256.19   278.32   560.44     0  02:29      278.24
  134                  JUNCTION   248.60   279.50   560.34     0  02:28      279.50
  141                  JUNCTION   274.77   279.17   560.65     0  00:59      279.17
  143                  JUNCTION   276.06   280.53   563.51     0  00:58      280.50
  144                  JUNCTION   261.91   279.64   562.59     0  01:57      279.62
  147                  JUNCTION   277.02   281.50   581.50     0  00:59      281.50
  148                  JUNCTION   255.80   280.95   580.95     0  02:47      280.94
  153                  JUNCTION   276.37   280.86   564.37     0  00:59      280.83
  154                  JUNCTION   262.52   280.32   563.39     0  01:59      280.32
  156                  JUNCTION   262.74   280.50   562.90     0  01:57      280.50
  158                  JUNCTION     0.00     0.00   300.00     0  00:00        0.00
  160                  JUNCTION   275.70   280.14   580.14     0  00:58      280.14
  164                  JUNCTION   273.47   277.84   577.84     0  00:58      277.83
  170                  JUNCTION   273.11   277.48   559.74     0  00:58      277.46
  174                  JUNCTION   278.48   283.00   567.50     0  00:59      283.00
  175                  JUNCTION   248.39   282.50   567.50     0  04:01      282.50
  180                  JUNCTION     0.00     0.00   300.00     0  00:00        0.00
  183                  JUNCTION     0.00     0.00   300.00     0  00:00        0.00
  185                  JUNCTION     0.00     0.00   300.00     0  00:00        0.00
  188                  JUNCTION     0.00     0.00   300.00     0  00:00        0.00
  191                  JUNCTION     0.00     0.00   300.00     0  00:00        0.00
  194                  JUNCTION   247.97   282.69   569.69     0  04:08      282.67
  203                  JUNCTION     0.00     0.00   300.00     0  00:00        0.00
  223                  JUNCTION     0.00     0.00   284.27     0  00:00        0.00
  229                  JUNCTION   235.31   271.25   550.04     0  04:03      271.25
  230                  JUNCTION   216.06   267.82   547.32     0  06:14      267.82
  238                  JUNCTION   242.05   275.87   557.69     0  02:48      275.85
  240                  JUNCTION   232.32   274.53   556.53     0  03:31      274.53
  242                  JUNCTION   238.31   271.60   552.60     0  03:27      271.60
  244                  JUNCTION   255.07   272.20   552.60     0  03:27      272.20
  246                  JUNCTION   227.03   271.99   551.99     0  03:38      271.98
  248                  JUNCTION   222.04   271.60   551.69     0  04:03      271.60
  255                  JUNCTION   224.64   270.85   548.02     0  04:04      270.85
  257                  JUNCTION   255.25   270.65   547.65     0  04:04      270.65
  266                  JUNCTION   274.55   278.95   578.95     0  00:58      278.95
  268                  JUNCTION   274.25   278.64   578.64     0  00:58      278.64
  271                  JUNCTION   278.48   283.00   567.22     0  00:59      283.00
  273                  JUNCTION   274.26   278.67   561.67     0  00:58      278.64
  278                  JUNCTION   275.33   279.75   561.87     0  00:58      279.75
  281                  JUNCTION   272.61   276.94   556.44     0  00:59      276.94
  282                  JUNCTION   263.71   276.70   555.53     0  01:28      276.70
  283                  JUNCTION   272.63   276.97   555.80     0  00:58      276.97
  284                  JUNCTION   271.90   276.21   554.12     0  00:58      276.20
  289                  JUNCTION   276.04   280.48   568.98     0  00:59      280.48
  292                  JUNCTION   228.41   270.99   549.37     0  04:04      270.99
  294                  JUNCTION   254.81   277.01   561.51     0  10:17      277.01
  295                  JUNCTION     0.00     0.00   284.50     0  00:00        0.00
  301                  JUNCTION     0.00     0.00   284.50     0  00:00        0.00
  307                  JUNCTION   244.68   275.56   559.56     0  10:17      275.56
  308                  JUNCTION   236.68   274.46   558.46     0  10:17      274.46
  309                  JUNCTION   229.35   272.18   555.68     0  10:17      272.18
  317                  JUNCTION   260.63   278.24   560.24     0  01:57      278.20
  320                  JUNCTION   275.46   279.91   563.41     0  00:58      279.89
  321                  JUNCTION   258.99   276.35   559.85     0  01:56      276.35
  325                  JUNCTION   202.75   268.68   538.68     0  06:37      268.68
  327                  JUNCTION     0.00     0.00   281.00     0  00:00        0.00
  328                  JUNCTION     0.00     0.00   281.00     0  00:00        0.00
  329                  JUNCTION     0.00     0.00   281.00     0  00:00        0.00
  334                  JUNCTION   277.99   282.50   566.62     0  00:59      282.50
  349                  JUNCTION     0.00     0.00   300.00     0  00:00        0.00
  363                  JUNCTION   273.59   277.96   577.96     0  02:27      277.96
  351                  JUNCTION   275.41   279.83   560.16     0  00:58      279.83
  352                  JUNCTION   242.30   276.09   276.09     0  02:53      276.09
  358                  JUNCTION   275.00   279.41   579.41     0  00:58      279.41
  359                  JUNCTION   235.86   277.34   577.34     0  05:19      277.34
  372                  JUNCTION     0.00     0.00   300.00     0  00:00        0.00
  373                  JUNCTION     0.00     0.00   278.00     0  00:00        0.00
  355                  JUNCTION   108.55   276.08   576.08     0  23:15      276.08
  366                  JUNCTION   279.38   283.93   583.93     0  01:01      283.93
  365                  JUNCTION   256.52   280.27   568.27     0  02:43      280.27
  259                  OUTFALL      0.00     0.00   273.50     0  00:00        0.00
  
  
  *******************
  Node Inflow Summary
  *******************
  
  -------------------------------------------------------------------------------------------------
                                  Maximum  Maximum                  Lateral       Total        Flow
                                  Lateral    Total  Time of Max      Inflow      Inflow     Balance
                                   Inflow   Inflow   Occurrence      Volume      Volume       Error
  Node                 Type           CFS      CFS  days hr:min    10^6 gal    10^6 gal     Percent
  -------------------------------------------------------------------------------------------------
  2                    JUNCTION      1.00     1.21     0  04:35       0.646       0.736       3.754
  3                    JUNCTION      0.00     1.21     0  04:35           0       0.682       4.009
  5                    JUNCTION      0.00     0.68     0  02:26           0       0.114      29.658
  7                    JUNCTION      0.00     0.68     0  03:54           0      0.0881      42.179
  11                   JUNCTION      0.00     2.09     0  10:13           0        1.28       2.211
  13                   JUNCTION      0.00     0.00     0  00:00           0           0       0.000 gal
  15                   JUNCTION      0.00     0.79     0  02:40           0      0.0264   17919.830
  17                   JUNCTION      1.00     1.00     0  00:00       0.646       0.646       4.316
  23                   JUNCTION      0.00     0.00     0  00:00           0           0       0.000 gal
  34                   JUNCTION      0.00     0.00     0  00:00           0           0       0.000 gal
  40                   JUNCTION      0.00     2.50     0  02:42           0        1.24       2.156
  43                   JUNCTION      0.00     0.00     0  00:00           0           0       0.000 gal
  46                   JUNCTION      0.00     1.02     0  03:26           0       0.608       4.437
  50                   JUNCTION      0.00     3.62     0  10:18           0        1.98       0.000
  55                   JUNCTION      1.00     1.00     0  00:00       0.646       0.646       4.265
  57                   JUNCTION      0.00     0.00     0  00:00           0           0       0.000 gal
  63                   JUNCTION      0.00     0.00     0  00:00           0           0       0.000 gal
  75                   JUNCTION      0.00     0.62     0  06:03           0       0.266      11.518
  79                   JUNCTION      0.00     0.50     0  02:01           0       0.293       9.969
  81                   JUNCTION      0.00     0.92     0  01:57           0       0.571       4.770
  83                   JUNCTION      0.00     2.73     0  10:17           0        1.52       1.787
  89                   JUNCTION      1.00     1.00     0  00:00       0.646       0.646       4.214
  99                   JUNCTION      0.00     0.39     0  02:27           0       0.244      11.882
  100                  JUNCTION      0.00     1.40     0  03:26           0       0.838       3.182
  102                  JUNCTION      0.00     1.02     0  01:55           0       0.594       4.538
  105                  JUNCTION      1.00     1.00     0  00:00       0.646       0.646       4.177
  106                  JUNCTION      0.00     1.11     0  00:57           0        0.62       4.350
  109                  JUNCTION      1.00     1.17     0  05:19       0.646       0.731       3.732
  111                  JUNCTION      0.00     2.21     0  02:42           0        1.19       2.196
  122                  JUNCTION      0.00     1.61     0  02:43           0       0.969       2.804
  128                  JUNCTION      0.00     0.56     0  02:47           0       0.312       9.231
  130                  JUNCTION      0.00     2.32     0  02:27           0       0.605       4.637
  134                  JUNCTION      0.00     3.50     0  02:29           0        1.77       1.636
  141                  JUNCTION      1.00     1.00     0  00:00       0.646       0.646       4.255
  143                  JUNCTION      1.00     1.00     0  00:00       0.646       0.646       4.255
  144                  JUNCTION      0.00     1.14     0  00:58           0        0.62       4.428
  147                  JUNCTION      1.00     1.00     0  00:00       0.646       0.646       4.270
  148                  JUNCTION      0.00     0.55     0  02:52           0       0.338       8.481
  153                  JUNCTION      1.00     1.00     0  00:00       0.646       0.646       4.262
  154                  JUNCTION      0.00     1.11     0  00:59           0        0.62       4.444
  156                  JUNCTION      0.00     2.00     0  02:27           0        1.21       2.235
  158                  JUNCTION      0.00     0.00     0  00:00           0           0       0.000 gal
  160                  JUNCTION      1.00     1.00     0  00:00       0.646       0.646       4.247
  164                  JUNCTION      1.00     1.00     0  00:00       0.646       0.646       4.211
  170                  JUNCTION      1.00     1.00     0  00:00       0.646       0.646       4.208
  174                  JUNCTION      1.00     1.00     0  00:00       0.646       0.646       4.294
  175                  JUNCTION      0.00     1.09     0  04:01           0       0.568       4.902
  180                  JUNCTION      0.00     0.00     0  00:00           0           0       0.000 gal
  183                  JUNCTION      0.00     0.00     0  00:00           0           0       0.000 gal
  185                  JUNCTION      0.00     0.00     0  00:00           0           0       0.000 gal
  188                  JUNCTION      0.00     0.00     0  00:00           0           0       0.000 gal
  191                  JUNCTION      0.00     0.00     0  00:00           0           0       0.000 gal
  194                  JUNCTION      0.00     0.32     0  00:59           0       0.116      30.120
  203                  JUNCTION      0.00     0.00     0  00:00           0           0       0.000 gal
  223                  JUNCTION      0.00     0.00     0  00:00           0           0       0.000 gal
  229                  JUNCTION      0.00     4.61     0  04:03           0        2.57       1.074
  230                  JUNCTION      0.00     0.83     0  04:03           0       0.454       6.051
  238                  JUNCTION      0.00     1.61     0  02:48           0       0.942       2.834
  240                  JUNCTION      0.00     1.79     0  02:48           0       0.916       2.942
  242                  JUNCTION      0.00     1.61     0  03:31           0       0.918       3.026
  244                  JUNCTION      0.00     2.64     0  03:26           0        1.51       1.883
  246                  JUNCTION      0.00     2.61     0  03:28           0        1.46       1.809
  248                  JUNCTION      0.00     2.67     0  03:38           0        1.43       1.839
  255                  JUNCTION      0.00     3.78     0  04:04           0        2.06       1.281
  257                  JUNCTION      0.00     6.78     0  04:04           0        3.87       0.688
  266                  JUNCTION      1.00     1.00     0  00:00       0.646       0.646       4.231
  268                  JUNCTION      1.00     1.00     0  00:00       0.646       0.646       4.225
  271                  JUNCTION      1.00     1.00     0  00:00       0.646       0.646       4.293
  273                  JUNCTION      1.00     1.00     0  00:00       0.646       0.646       4.224
  278                  JUNCTION      1.00     1.00     0  00:00       0.646       0.646       4.241
  281                  JUNCTION      1.00     1.00     0  00:00       0.646       0.646       4.227
  282                  JUNCTION      0.00     2.00     0  00:59           0        1.24       2.163
  283                  JUNCTION      1.00     1.00     0  00:00       0.646       0.646       4.219
  284                  JUNCTION      1.00     1.00     0  00:00       0.646       0.646       4.195
  289                  JUNCTION      1.00     1.00     0  00:00       0.646       0.646       4.257
  292                  JUNCTION      0.00     3.78     0  04:03           0        2.08       1.277
  294                  JUNCTION      0.00     2.16     0  10:17           0        1.27       2.137
  295                  JUNCTION      0.00     0.00     0  00:00           0           0       0.000 gal
  301                  JUNCTION      0.00     0.00     0  00:00           0           0       0.000 gal
  307                  JUNCTION      0.00     2.16     0  10:17           0        1.25       2.154
  308                  JUNCTION      0.00     2.16     1  00:00           0        1.22       2.186
  309                  JUNCTION      0.00     2.16     0  10:18           0         1.2       2.218
  317                  JUNCTION      0.00     1.00     0  00:59           0        0.62       4.404
  320                  JUNCTION      1.00     1.00     0  00:00       0.646       0.646       4.243
  321                  JUNCTION      0.00     1.06     0  00:58           0        0.62       4.379
  325                  JUNCTION      0.00     0.83     0  06:14           0       0.428       0.000
  327                  JUNCTION      0.00     0.00     0  00:00           0           0       0.000 gal
  328                  JUNCTION      0.00     0.00     0  00:00           0           0       0.000 gal
  329                  JUNCTION      0.00     0.00     0  00:00           0           0       0.000 gal
  334                  JUNCTION      1.00     1.00     0  00:00       0.646       0.646       4.285
  349                  JUNCTION      0.00     0.00     0  00:00           0           0       0.000 gal
  363                  JUNCTION      1.00     1.00     0  00:00       0.646       0.646       4.236
  351                  JUNCTION      1.00     1.01     0  23:15       0.646       0.647       4.241
  352                  JUNCTION      0.00     2.41     0  23:15           0        1.37       1.956
  358                  JUNCTION      1.00     1.00     0  00:00       0.646       0.646       4.235
  359                  JUNCTION      0.00     0.22     0  01:57           0       0.138      23.306
  372                  JUNCTION      0.00     0.00     0  00:00           0           0       0.000 gal
  373                  JUNCTION      0.00     0.00     0  00:00           0           0       0.000 gal
  355                  JUNCTION      0.00     0.05     0  05:19           0       0.027    2398.030
  366                  JUNCTION      1.00     1.00     0  00:00       0.646       0.646       4.316
  365                  JUNCTION      0.00     0.61     0  03:26           0       0.375       7.578
  259                  OUTFALL       0.00     6.78     0  04:05           0        3.84       0.000
  
  
  **********************
  Node Surcharge Summary
  **********************
  
  Surcharging occurs when water rises above the top of the highest conduit.
  ---------------------------------------------------------------------
                                               Max. Height   Min. Depth
                                   Hours       Above Crown    Below Rim
  Node                 Type      Surcharged           Feet         Feet
  ---------------------------------------------------------------------
  17                   JUNCTION       23.01          0.000        0.000
  50                   JUNCTION       20.17          0.000        0.000
  55                   JUNCTION       23.02          0.000        0.000
  75                   JUNCTION       17.93          0.000        0.000
  79                   JUNCTION        0.01          0.000        0.000
  89                   JUNCTION       23.03          0.000        0.000
  109                  JUNCTION       23.02          0.000        0.000
  134                  JUNCTION       21.52          0.000        0.000
  147                  JUNCTION       23.02          0.000        0.000
  156                  JUNCTION       22.04          0.000        0.000
  174                  JUNCTION       23.01          0.000        0.000
  175                  JUNCTION       19.98          0.000        0.000
  271                  JUNCTION       23.01          0.000        0.000
  278                  JUNCTION       23.02          0.000        0.000
  325                  JUNCTION       17.38          0.000        0.000
  334                  JUNCTION       23.01          0.000        0.000
  351                  JUNCTION       23.02          0.000        0.000
  352                  JUNCTION       21.10          0.000        0.000
  358                  JUNCTION       23.02          0.000        0.000
  
  
  *********************
  Node Flooding Summary
  *********************
  
  Flooding refers to all water that overflows a node, whether it ponds or not.
  --------------------------------------------------------------------------
                                                             Total   Maximum
                                 Maximum   Time of Max       Flood    Ponded
                        Hours       Rate    Occurrence      Volume     Depth
  Node                 Flooded       CFS   days hr:min    10^6 gal      Feet
  --------------------------------------------------------------------------
  17                     23.01      1.00      0  00:59       0.620     0.000
  50                     20.17      3.62      0  10:18       1.937     0.000
  55                     23.02      1.00      0  00:58       0.620     0.000
  75                     17.93      0.54      0  06:04       0.239     0.000
  79                      0.01      0.30      0  06:04       0.000     0.000
  89                     23.03      0.15      0  00:58       0.049     0.000
  109                    23.02      1.17      0  05:19       0.705     0.000
  134                    21.52      3.50      0  02:29       1.737     0.000
  147                    23.02      0.63      0  00:59       0.282     0.000
  156                    22.04      2.00      0  02:27       1.187     0.000
  174                    23.01      1.00      1  00:00       0.593     0.000
  175                    19.98      1.09      0  04:01       0.542     0.000
  271                    23.01      1.00      0  00:59       0.620     0.000
  278                    23.02      0.50      0  00:58       0.211     0.000
  325                    17.38      0.83      0  06:37       0.388     0.000
  334                    23.01      1.00      0  00:59       0.620     0.000
  351                    23.02      1.01      0  23:15       0.620     0.000
  352                    21.10      2.41      0  23:15       1.342     0.000
  358                    23.02      0.88      0  00:58       0.482     0.000
  
  
  ***********************
  Outfall Loading Summary
  ***********************
  
  -----------------------------------------------------------
                         Flow       Avg       Max       Total
                         Freq      Flow      Flow      Volume
  Outfall Node           Pcnt       CFS       CFS    10^6 gal
  -----------------------------------------------------------
  259                   92.74      6.29      6.78       3.840
  -----------------------------------------------------------
  System                92.74      6.29      6.78       3.840
  
  
  ********************
  Link Flow Summary
  ********************
  
  -----------------------------------------------------------------------------
                                 Maximum  Time of Max   Maximum    Max/    Max/
                                  |Flow|   Occurrence   |Veloc|    Full    Full
  Link                 Type          CFS  days hr:min    ft/sec    Flow   Depth
  -----------------------------------------------------------------------------
  4                    CONDUIT      1.21     0  04:35      6.46    0.06    0.16
  6                    CONDUIT      0.68     0  02:26      3.15    0.03    0.12
  8                    CONDUIT      0.68     0  03:54      4.25    0.02    0.10
  14                   CONDUIT      0.00     0  00:00      0.00    0.00    0.30
  18                   CONDUIT      0.00     0  00:00      0.00    0.00    0.50
  35                   CONDUIT      0.00     0  00:00      0.00    0.00    0.00
  42                   CONDUIT      0.79     0  02:40      3.75    0.03    0.34
  44                   CONDUIT      0.00     0  00:00      0.00    0.00    0.18
  47                   CONDUIT      0.00     0  00:00      0.00    0.00    0.05
  58                   CONDUIT      0.00     0  00:00      0.00    0.00    0.50
  59                   CONDUIT      0.00     0  00:00      0.00    0.00    0.04
  82                   CONDUIT      0.50     0  02:01     14.24    0.00    0.52
  84                   CONDUIT      1.02     0  03:26      3.17    0.02    0.10
  85                   CONDUIT      2.73     0  10:18      5.80    0.03    0.56
  86                   CONDUIT      0.43     0  02:01     14.91    0.00    0.04
  90                   CONDUIT      0.92     0  01:57      4.75    1.04    0.96
  101                  CONDUIT      0.40     0  03:26     11.09    0.02    0.09
  103                  CONDUIT      1.40     0  03:26     45.08    0.01    0.53
  104                  CONDUIT      0.02     0  03:26      1.33    0.00    0.03
  107                  CONDUIT      1.11     0  00:57      3.90    0.98    0.77
  108                  CONDUIT      1.02     0  01:55     19.00    0.02    0.12
  110                  CONDUIT      0.17     0  05:19      0.41    0.01    0.53
  125                  CONDUIT      1.61     0  02:48      5.27    0.11    0.23
  131                  CONDUIT      0.37     0  04:36      0.86    0.02    0.54
  133                  CONDUIT      1.66     0  02:27      0.92    0.05    1.00
  142                  CONDUIT      1.00     0  00:59      2.29    1.62    0.54
  145                  CONDUIT      1.14     0  00:58      5.43    0.07    0.18
  146                  CONDUIT      1.13     0  01:57     13.74    0.02    0.54
  149                  CONDUIT      0.55     0  02:52      2.99    1.17    0.88
  151                  CONDUIT      0.56     0  02:47      4.40    0.18    0.29
  155                  CONDUIT      1.11     0  00:59      5.22    0.36    0.42
  157                  CONDUIT      1.00     0  01:59      1.81    0.23    0.66
  159                  CONDUIT      0.00     0  00:00      0.00    0.00    0.50
  161                  CONDUIT      1.02     0  00:58     23.19    0.17    0.64
  162                  CONDUIT      0.00     0  00:00      0.00    0.00    0.50
  163                  CONDUIT      0.00     0  00:00      0.00    0.00    0.00
  171                  CONDUIT      1.09     0  00:58      6.39    0.16    0.27
  176                  CONDUIT      0.34     0  04:00      1.96   12.79    1.00
  177                  CONDUIT      1.01     0  04:03      3.60    0.46    0.74
  178                  CONDUIT      2.21     0  02:42      6.93    0.05    0.16
  181                  CONDUIT      0.00     0  00:00      0.00    0.00    0.50
  182                  CONDUIT      0.00     0  00:00      0.00    0.00    0.00
  186                  CONDUIT      0.00     0  00:00      0.00    0.00    0.00
  189                  CONDUIT      0.00     0  00:00      0.00    0.00    0.00
  192                  CONDUIT      0.00     0  00:00      0.00    0.00    0.00
  193                  CONDUIT      0.00     0  00:00      0.00    0.00    0.06
  195                  CONDUIT      0.32     0  00:59      3.16    0.08    0.61
  196                  CONDUIT      0.17     0  04:36      0.41    0.02    0.53
  197                  CONDUIT      0.00     0  00:00      0.00    0.00    0.17
  209                  CONDUIT      0.00     0  00:00      0.00    0.00    0.00
  217                  CONDUIT      0.00     0  00:00      0.00    0.00    0.14
  226                  CONDUIT      0.00     0  00:00      0.00    0.00    0.00
  228                  CONDUIT      1.03     0  00:58     17.68    0.03    0.13
  232                  CONDUIT      2.22     0  02:42      7.42    0.05    0.22
  233                  CONDUIT      0.83     0  04:03      1.53    0.08    0.23
  234                  CONDUIT      0.62     0  06:03      2.51    0.08    1.00
  235                  CONDUIT      0.00     0  00:00      0.00    0.00    0.00
  241                  CONDUIT      1.79     0  02:48      6.19    0.11    0.24
  243                  CONDUIT      1.61     0  03:31      4.04    0.17    0.28
  245                  CONDUIT      1.64     0  03:26      0.92    0.02    0.73
  247                  CONDUIT      2.61     0  03:28      4.12    0.03    0.14
  249                  CONDUIT      2.67     0  03:38      3.09    0.06    0.15
  251                  CONDUIT      2.61     0  04:03      3.73    0.02    0.14
  256                  CONDUIT      3.78     0  04:03      3.51    0.06    0.17
  258                  CONDUIT      3.78     0  04:04      3.47    0.07    0.17
  260                  CONDUIT      6.78     0  04:05      7.65    0.05    0.15
  263                  CONDUIT      0.09     0  10:13      0.11    0.00    0.32
  264                  CONDUIT      0.00     0  00:00      0.00    0.00    0.00
  267                  CONDUIT      1.02     0  01:28     12.97    0.02    0.19
  270                  CONDUIT      0.00     0  00:00      0.00    0.00    0.00
  272                  CONDUIT      0.00     0  00:00      0.00    0.00    0.50
  276                  CONDUIT      1.14     0  00:58     10.18    0.27    0.42
  280                  CONDUIT      0.66     0  00:59      3.52    1.15    0.91
  285                  CONDUIT      1.00     0  00:59      3.35    0.11    0.23
  286                  CONDUIT      2.00     0  01:29      6.01    0.13    0.24
  287                  CONDUIT      1.01     0  00:59      2.39    7.29    0.53
  288                  CONDUIT      1.01     0  00:58      5.23    0.19    0.30
  290                  CONDUIT      1.00     0  00:59     10.26    0.07    0.18
  293                  CONDUIT      3.78     0  04:04      3.82    0.05    0.16
  296                  CONDUIT      0.00     0  00:00      0.00    0.00    0.00
  297                  CONDUIT      0.00     0  00:00      0.00    0.00    0.00
  299                  CONDUIT      0.07     0  10:13      0.33    0.00    0.12
  300                  CONDUIT      2.09     0  10:17      1.93    0.11    0.38
  302                  CONDUIT      0.00     0  00:00      0.00    0.00    0.00
  303                  CONDUIT      0.00     0  00:00      0.00    0.00    0.50
  304                  CONDUIT      0.00     0  00:00      0.00    0.00    0.00
  312                  CONDUIT      1.27     0  10:17      4.22    0.01    0.09
  313                  CONDUIT      0.89     0  10:17      4.96    0.01    0.53
  314                  CONDUIT      2.16     0  10:17      4.33    0.05    0.16
  315                  CONDUIT      2.16     1  00:00      4.00    0.06    0.17
  316                  CONDUIT      2.16     0  10:18      4.59    0.05    0.15
  319                  CONDUIT      1.17     0  01:57      9.25    0.11    0.60
  322                  CONDUIT      1.06     0  00:58      3.83    0.93    0.74
  323                  CONDUIT      1.00     0  01:56      7.75    0.01    0.08
  326                  CONDUIT      0.83     0  06:14      4.04    0.01    0.53
  330                  CONDUIT      0.00     0  00:00      0.00    0.00    0.00
  331                  CONDUIT      0.00     0  00:00      0.00    0.00    0.00
  332                  CONDUIT      0.00     0  00:00      0.00    0.00    0.00
  333                  CONDUIT      0.00     0  00:00      0.00    0.00    0.03
  335                  CONDUIT      0.00     0  00:00      0.00    0.00    0.50
  269                  CONDUIT      1.02     0  00:58     14.82    0.03    0.12
  350                  CONDUIT      0.00     0  00:00      0.00    0.00    0.00
  364                  CONDUIT      1.00     1  00:00      8.62    0.09    0.21
  360                  CONDUIT      0.22     0  01:57      2.74    1.29    0.90
  374                  CONDUIT      0.00     0  00:00      0.00    0.00    0.50
  375                  CONDUIT      0.00     0  00:00      0.00    0.00    0.00
  376                  CONDUIT      0.00     0  00:00      0.00    0.00    0.50
  361                  CONDUIT      1.06     0  02:52    >50.00    0.00    0.52
  362                  CONDUIT      0.05     0  05:19      3.50    0.01    0.05
  357                  CONDUIT      0.04     0  23:15      0.10    0.00    0.51
  356                  CONDUIT      0.01     0  23:15      0.04    0.00    0.51
  371                  CONDUIT      0.39     0  02:27      6.43    0.04    0.13
  370                  CONDUIT      0.61     0  03:26     15.35    0.13    0.25
  369                  CONDUIT      0.61     0  02:43      4.77    0.27    0.39
  
  
  ***************************
  Flow Classification Summary
  ***************************
  
  -------------------------------------------------------------------------------------
                      Adjusted    ---------- Fraction of Time in Flow Class ---------- 
                       /Actual         Up    Down  Sub   Sup   Up    Down  Norm  Inlet 
  Conduit               Length    Dry  Dry   Dry   Crit  Crit  Crit  Crit  Ltd   Ctrl  
  -------------------------------------------------------------------------------------
  4                       1.00   0.04  0.00  0.00  0.00  0.00  0.00  0.96  0.00  0.00
  6                       1.00   0.10  0.03  0.00  0.00  0.00  0.00  0.87  0.03  0.00
  8                       1.00   0.16  0.00  0.00  0.00  0.00  0.00  0.84  0.00  0.00
  14                      1.00   0.06  0.94  0.00  0.00  0.00  0.00  0.00  0.00  0.00
  18                      1.00   0.04  0.96  0.00  0.00  0.00  0.00  0.00  0.00  0.00
  35                      1.00   1.00  0.00  0.00  0.00  0.00  0.00  0.00  0.00  0.00
  42                      1.00   0.06  0.00  0.00  0.89  0.00  0.00  0.05  0.00  0.00
  44                      1.00   0.11  0.89  0.00  0.00  0.00  0.00  0.00  0.00  0.00
  47                      1.00   0.12  0.88  0.00  0.00  0.00  0.00  0.00  0.00  0.00
  58                      1.00   0.04  0.96  0.00  0.00  0.00  0.00  0.00  0.00  0.00
  59                      1.00   0.08  0.92  0.00  0.00  0.00  0.00  0.00  0.00  0.00
  82                      1.00   0.08  0.00  0.00  0.75  0.08  0.00  0.08  0.83  0.00
  84                      1.00   0.12  0.00  0.00  0.58  0.27  0.00  0.02  0.86  0.00
  85                      1.00   0.14  0.00  0.00  0.85  0.00  0.00  0.02  0.85  0.00
  86                      1.00   0.08  0.00  0.00  0.00  0.00  0.00  0.92  0.00  0.00
  90                      1.00   0.04  0.00  0.00  0.00  0.00  0.00  0.96  0.00  0.00
  101                     1.00   0.14  0.00  0.00  0.00  0.00  0.00  0.86  0.00  0.00
  103                     1.00   0.08  0.00  0.00  0.88  0.00  0.00  0.04  0.88  0.00
  104                     1.00   0.12  0.00  0.00  0.00  0.00  0.00  0.88  0.00  0.00
  107                     1.00   0.04  0.00  0.00  0.00  0.00  0.00  0.96  0.00  0.00
  108                     1.00   0.08  0.00  0.00  0.00  0.00  0.00  0.92  0.00  0.00
  110                     1.00   0.04  0.18  0.00  0.78  0.00  0.00  0.00  0.78  0.00
  125                     1.00   0.08  0.00  0.00  0.00  0.00  0.00  0.92  0.00  0.00
  131                     1.00   0.10  0.09  0.00  0.81  0.00  0.00  0.00  0.81  0.00
  133                     1.00   0.10  0.00  0.00  0.90  0.00  0.00  0.00  0.00  0.00
  142                     1.00   0.04  0.00  0.00  0.00  0.00  0.96  0.00  0.00  0.00
  145                     1.00   0.04  0.00  0.00  0.00  0.00  0.00  0.96  0.00  0.00
  146                     1.00   0.08  0.00  0.00  0.90  0.00  0.00  0.02  0.90  0.00
  149                     1.00   0.04  0.00  0.00  0.00  0.00  0.00  0.96  0.00  0.00
  151                     1.00   0.12  0.00  0.00  0.00  0.00  0.00  0.88  0.00  0.00
  155                     1.00   0.04  0.00  0.00  0.00  0.00  0.00  0.96  0.00  0.00
  157                     1.00   0.08  0.00  0.00  0.92  0.00  0.00  0.00  0.92  0.00
  159                     1.00   0.08  0.92  0.00  0.00  0.00  0.00  0.00  0.00  0.00
  161                     1.00   0.04  0.00  0.00  0.00  0.92  0.00  0.04  0.92  0.00
  162                     1.00   0.10  0.90  0.00  0.00  0.00  0.00  0.00  0.00  0.00
  163                     1.00   1.00  0.00  0.00  0.00  0.00  0.00  0.00  0.00  0.00
  171                     1.00   0.04  0.00  0.00  0.00  0.00  0.00  0.96  0.00  0.00
  176                     1.00   0.04  0.00  0.00  0.83  0.00  0.00  0.13  0.00  0.00
  177                     1.00   0.17  0.00  0.00  0.00  0.00  0.83  0.00  0.00  0.00
  178                     1.00   0.06  0.00  0.00  0.00  0.00  0.00  0.94  0.00  0.00
  181                     1.00   0.04  0.96  0.00  0.00  0.00  0.00  0.00  0.00  0.00
  182                     1.00   1.00  0.00  0.00  0.00  0.00  0.00  0.00  0.00  0.00
  186                     1.00   1.00  0.00  0.00  0.00  0.00  0.00  0.00  0.00  0.00
  189                     1.00   1.00  0.00  0.00  0.00  0.00  0.00  0.00  0.00  0.00
  192                     1.00   1.00  0.00  0.00  0.00  0.00  0.00  0.00  0.00  0.00
  193                     1.00   0.11  0.89  0.00  0.00  0.00  0.00  0.00  0.00  0.00
  195                     1.00   0.04  0.00  0.00  0.83  0.00  0.00  0.13  0.00  0.00
  196                     1.00   0.17  0.02  0.00  0.81  0.00  0.00  0.00  0.81  0.00
  197                     1.00   0.08  0.92  0.00  0.00  0.00  0.00  0.00  0.00  0.00
  209                     1.00   1.00  0.00  0.00  0.00  0.00  0.00  0.00  0.00  0.00
  217                     1.00   0.06  0.94  0.00  0.00  0.00  0.00  0.00  0.00  0.00
  226                     1.00   1.00  0.00  0.00  0.00  0.00  0.00  0.00  0.00  0.00
  228                     1.00   0.04  0.00  0.00  0.00  0.00  0.00  0.96  0.00  0.00
  232                     1.00   0.09  0.00  0.00  0.00  0.88  0.00  0.03  0.88  0.00
  233                     1.00   0.12  0.00  0.00  0.00  0.00  0.88  0.00  0.00  0.00
  234                     1.00   0.17  0.00  0.00  0.75  0.00  0.00  0.08  0.00  0.00
  235                     1.00   1.00  0.00  0.00  0.00  0.00  0.00  0.00  0.00  0.00
  241                     1.00   0.12  0.00  0.00  0.00  0.86  0.00  0.03  0.86  0.00
  243                     1.00   0.14  0.00  0.00  0.00  0.00  0.00  0.86  0.00  0.00
  245                     1.00   0.08  0.00  0.00  0.88  0.00  0.04  0.00  0.00  0.00
  247                     1.00   0.12  0.00  0.00  0.00  0.85  0.00  0.03  0.85  0.00
  249                     1.00   0.15  0.00  0.00  0.00  0.00  0.00  0.85  0.00  0.00
  251                     1.00   0.12  0.05  0.00  0.83  0.00  0.00  0.00  0.83  0.00
  256                     1.00   0.12  0.00  0.00  0.00  0.00  0.00  0.88  0.00  0.00
  258                     1.00   0.07  0.00  0.00  0.00  0.00  0.10  0.83  0.00  0.00
  260                     1.00   0.07  0.00  0.00  0.00  0.00  0.00  0.93  0.00  0.00
  263                     1.00   0.06  0.35  0.00  0.58  0.00  0.00  0.00  0.58  0.00
  264                     1.00   1.00  0.00  0.00  0.00  0.00  0.00  0.00  0.00  0.00
  267                     1.00   0.04  0.00  0.00  0.00  0.94  0.00  0.02  0.94  0.00
  270                     1.00   1.00  0.00  0.00  0.00  0.00  0.00  0.00  0.00  0.00
  272                     1.00   0.04  0.96  0.00  0.00  0.00  0.00  0.00  0.00  0.00
  276                     1.00   0.04  0.00  0.00  0.00  0.92  0.00  0.04  0.92  0.00
  280                     1.00   0.04  0.00  0.00  0.00  0.00  0.00  0.96  0.00  0.00
  285                     1.00   0.04  0.00  0.00  0.00  0.94  0.00  0.02  0.94  0.00
  286                     1.00   0.06  0.00  0.00  0.00  0.00  0.00  0.94  0.00  0.00
  287                     1.00   0.04  0.00  0.00  0.00  0.00  0.00  0.96  0.00  0.00
  288                     1.00   0.04  0.00  0.00  0.00  0.00  0.00  0.96  0.00  0.00
  290                     1.00   0.04  0.00  0.00  0.00  0.00  0.00  0.96  0.00  0.00
  293                     1.00   0.14  0.00  0.00  0.00  0.83  0.00  0.02  0.84  0.00
  296                     1.00   1.00  0.00  0.00  0.00  0.00  0.00  0.00  0.00  0.00
  297                     1.00   1.00  0.00  0.00  0.00  0.00  0.00  0.00  0.00  0.00
  299                     1.00   0.08  0.33  0.00  0.58  0.00  0.00  0.00  0.58  0.00
  300                     1.00   0.06  0.00  0.00  0.00  0.00  0.94  0.00  0.00  0.00
  302                     1.00   1.00  0.00  0.00  0.00  0.00  0.00  0.00  0.00  0.00
  303                     1.00   0.25  0.75  0.00  0.00  0.00  0.00  0.00  0.00  0.00
  304                     1.00   1.00  0.00  0.00  0.00  0.00  0.00  0.00  0.00  0.00
  312                     1.00   0.14  0.01  0.00  0.00  0.86  0.00  0.00  0.86  0.00
  313                     1.00   0.14  0.00  0.00  0.85  0.00  0.00  0.01  0.85  0.00
  314                     1.00   0.08  0.00  0.00  0.00  0.90  0.00  0.02  0.90  0.00
  315                     1.00   0.10  0.00  0.00  0.00  0.00  0.00  0.90  0.00  0.00
  316                     1.00   0.12  0.00  0.00  0.00  0.00  0.00  0.88  0.00  0.00
  319                     1.00   0.08  0.00  0.00  0.90  0.00  0.00  0.02  0.90  0.00
  322                     1.00   0.04  0.00  0.00  0.00  0.00  0.00  0.96  0.00  0.00
  323                     1.00   0.08  0.00  0.00  0.00  0.00  0.00  0.92  0.00  0.00
  326                     1.00   0.20  0.00  0.00  0.75  0.00  0.00  0.05  0.75  0.00
  330                     1.00   1.00  0.00  0.00  0.00  0.00  0.00  0.00  0.00  0.00
  331                     1.00   1.00  0.00  0.00  0.00  0.00  0.00  0.00  0.00  0.00
  332                     1.00   1.00  0.00  0.00  0.00  0.00  0.00  0.00  0.00  0.00
  333                     1.00   0.20  0.80  0.00  0.00  0.00  0.00  0.00  0.00  0.00
  335                     1.00   0.04  0.96  0.00  0.00  0.00  0.00  0.00  0.00  0.00
  269                     1.00   0.04  0.00  0.00  0.00  0.00  0.00  0.96  0.00  0.00
  350                     1.00   1.00  0.00  0.00  0.00  0.00  0.00  0.00  0.00  0.00
  364                     1.00   0.04  0.00  0.00  0.00  0.00  0.00  0.96  0.00  0.00
  360                     1.00   0.04  0.00  0.00  0.00  0.00  0.00  0.96  0.00  0.00
  374                     1.00   0.04  0.96  0.00  0.00  0.00  0.00  0.00  0.00  0.00
  375                     1.00   1.00  0.00  0.00  0.00  0.00  0.00  0.00  0.00  0.00
  376                     1.00   0.04  0.96  0.00  0.00  0.00  0.00  0.00  0.00  0.00
  361                     1.00   0.12  0.00  0.00  0.88  0.00  0.00  0.00  0.88  0.00
  362                     1.00   0.22  0.00  0.00  0.00  0.00  0.00  0.78  0.00  0.00
  357                     1.00   0.12  0.85  0.00  0.03  0.00  0.00  0.00  0.03  0.00
  356                     1.00   0.04  0.93  0.00  0.03  0.00  0.00  0.00  0.03  0.00
  371                     1.00   0.04  0.00  0.00  0.00  0.00  0.00  0.96  0.00  0.00
  370                     1.00   0.04  0.00  0.00  0.00  0.00  0.00  0.96  0.00  0.00
  369                     1.00   0.08  0.03  0.00  0.00  0.89  0.00  0.00  0.89  0.00
  
  
  *************************
  Conduit Surcharge Summary
  *************************
  
  ----------------------------------------------------------------------------
                                                           Hours        Hours 
                         --------- Hours Full --------   Above Full   Capacity
  Conduit                Both Ends  Upstream  Dnstream   Normal Flow   Limited
  ----------------------------------------------------------------------------
  85                          0.01      0.01     20.17      0.01         0.01
  90                          0.01     23.03      0.01     23.03         0.01
  103                         0.01      0.01     21.10      0.01         0.01
  110                         0.01      0.01     18.67      0.01         0.01
  131                         0.01      0.01     19.43      0.01         0.01
  133                         0.01      0.01     21.54      0.01         0.01
  142                         0.01      0.01      0.01     23.02         0.01
  146                         0.01      0.01     21.52      0.01         0.01
  149                         0.01     23.02      0.01     23.02         0.01
  157                         0.01      0.01     22.04      0.01         0.01
  161                         0.01      0.01     22.04      0.01         0.01
  176                        19.98     23.01     19.98      3.07         0.01
  177                         0.01      0.01     19.98      0.01         0.01
  234                        17.93     17.93     17.96      0.01         0.01
  280                         0.01     23.02      0.01     23.02         0.01
  287                         0.01      0.01      0.01     23.03         0.01
  313                         0.01      0.01     20.17      0.01         0.01
  319                         0.01      0.01     21.53      0.01         0.01
  326                         0.01      0.01     17.38      0.01         0.01
  360                         0.01     23.02      0.01     23.02         0.01
  361                         0.01      0.01     21.10      0.01         0.01
  357                         0.01      0.01      0.75      0.01         0.01
  356                         0.01      0.01      0.75      0.01         0.01
  

  Analysis begun on:  Wed Jul 22 11:39:54 2026
  Analysis ended on:  Wed Jul 22 11:39:59 2026
  Total elapsed time: 00:00:05