
  EPA STORM WATER MANAGEMENT MODEL - VERSION 5.2 (Build 5.2.4)
  ------------------------------------------------------------

  Converted from XPSWMM .xp file 
  WARNING 04: minimum elevation drop used for Conduit 10
  WARNING 04: minimum elevation drop used for Conduit 12
  WARNING 04: minimum elevation drop used for Conduit 15
  WARNING 04: minimum elevation drop used for Conduit 17
  
  ****************
  Analysis Options
  ****************
  Flow Units ............... CFS
  Process Models:
    Rainfall/Runoff ........ NO
    RDII ................... NO
    Snowmelt ............... NO
    Groundwater ............ NO
    Flow Routing ........... YES
    Ponding Allowed ........ NO
    Water Quality .......... NO
  Flow Routing Method ...... DYNWAVE
  Surcharge Method ......... EXTRAN
  Starting Date ............ 01/01/2001 00:00:00
  Ending Date .............. 01/02/2001 00:00:00
  Antecedent Dry Days ...... 0.0
  Report Time Step ......... 00:15:00
  Routing Time Step ........ 20.00 sec
  Variable Time Step ....... YES
  Maximum Trials ........... 8
  Number of Threads ........ 1
  Head Tolerance ........... 0.005000 ft
  
  
  **************************        Volume        Volume
  Flow Routing Continuity        acre-feet      10^6 gal
  **************************     ---------     ---------
  Dry Weather Inflow .......         0.000         0.000
  Wet Weather Inflow .......         0.000         0.000
  Groundwater Inflow .......         0.000         0.000
  RDII Inflow ..............         0.000         0.000
  External Inflow ..........         3.967         1.293
  External Outflow .........         1.981         0.646
  Flooding Loss ............         1.980         0.645
  Evaporation Loss .........         0.000         0.000
  Exfiltration Loss ........         0.000         0.000
  Initial Stored Volume ....         0.000         0.000
  Final Stored Volume ......         0.006         0.002
  Continuity Error (%) .....        -0.007
  
  
  *************************
  Highest Continuity Errors
  *************************
  Node 14 (15.32%)
  
  
  ***************************
  Time-Step Critical Elements
  ***************************
  Link 10 (99.84%)
  
  
  ********************************
  Highest Flow Instability Indexes
  ********************************
  All links are stable.
  
  
  *********************************
  Most Frequent Nonconverging Nodes
  *********************************
  Node 14 (0.01%)
  Node 16 (0.01%)
  Node 11 (0.01%)
  
  
  *************************
  Routing Time Step Summary
  *************************
  Minimum Time Step           :     0.96 sec
  Average Time Step           :    11.63 sec
  Maximum Time Step           :    14.49 sec
  % of Time in Steady State   :     0.00
  Average Iterations per Step :     2.00
  % of Steps Not Converging   :     0.01
  Time Step Frequencies       :
     20.000 -  9.564 sec      :    99.92 %
      9.564 -  4.573 sec      :     0.07 %
      4.573 -  2.187 sec      :     0.00 %
      2.187 -  1.046 sec      :     0.00 %
      1.046 -  0.500 sec      :     0.01 %
  
  
  ******************
  Node Depth Summary
  ******************
  
  ---------------------------------------------------------------------------------
                                 Average  Maximum  Maximum  Time of Max    Reported
                                   Depth    Depth      HGL   Occurrence   Max Depth
  Node                 Type         Feet     Feet     Feet  days hr:min        Feet
  ---------------------------------------------------------------------------------
  8                    JUNCTION     0.80     0.80     0.80     0  00:10        0.80
  9                    JUNCTION     0.70     0.70     0.70     0  00:12        0.70
  13                   JUNCTION     1.00     1.00     1.00     0  00:02        1.00
  14                   JUNCTION     1.00     1.00     1.00     0  00:02        1.00
  16                   JUNCTION     1.00     1.00     1.00     0  00:02        1.00
  11                   OUTFALL      0.42     0.42     0.42     0  00:13        0.42
  
  
  *******************
  Node Inflow Summary
  *******************
  
  -------------------------------------------------------------------------------------------------
                                  Maximum  Maximum                  Lateral       Total        Flow
                                  Lateral    Total  Time of Max      Inflow      Inflow     Balance
                                   Inflow   Inflow   Occurrence      Volume      Volume       Error
  Node                 Type           CFS      CFS  days hr:min    10^6 gal    10^6 gal     Percent
  -------------------------------------------------------------------------------------------------
  8                    JUNCTION      1.00     1.00     0  00:00       0.646       0.646       0.038
  9                    JUNCTION      0.00     1.00     0  00:08           0       0.646       0.071
  13                   JUNCTION      1.00     1.00     0  00:00       0.646       0.646       0.050
  14                   JUNCTION      0.00     0.97     0  00:01           0     0.00366      18.093
  16                   JUNCTION      0.00     0.69     0  00:01           0     0.00268       0.000
  11                   OUTFALL       0.00     1.00     0  00:13           0       0.646       0.000
  
  
  **********************
  Node Surcharge Summary
  **********************
  
  Surcharging occurs when water rises above the top of the highest conduit.
  ---------------------------------------------------------------------
                                               Max. Height   Min. Depth
                                   Hours       Above Crown    Below Rim
  Node                 Type      Surcharged           Feet         Feet
  ---------------------------------------------------------------------
  13                   JUNCTION       23.96          0.000        0.000
  16                   JUNCTION       23.96          0.000        0.000
  
  
  *********************
  Node Flooding Summary
  *********************
  
  Flooding refers to all water that overflows a node, whether it ponds or not.
  --------------------------------------------------------------------------
                                                             Total   Maximum
                                 Maximum   Time of Max       Flood    Ponded
                        Hours       Rate    Occurrence      Volume     Depth
  Node                 Flooded       CFS   days hr:min    10^6 gal      Feet
  --------------------------------------------------------------------------
  13                     23.96      1.00      1  00:00       0.642     0.000
  14                      2.04      0.48      0  00:02       0.000     0.000
  16                     23.96      0.33      0  00:02       0.002     0.000
  
  
  ***********************
  Outfall Loading Summary
  ***********************
  
  -----------------------------------------------------------
                         Flow       Avg       Max       Total
                         Freq      Flow      Flow      Volume
  Outfall Node           Pcnt       CFS       CFS    10^6 gal
  -----------------------------------------------------------
  11                    99.96      1.00      1.00       0.646
  -----------------------------------------------------------
  System                99.96      1.00      1.00       0.646
  
  
  ********************
  Link Flow Summary
  ********************
  
  -----------------------------------------------------------------------------
                                 Maximum  Time of Max   Maximum    Max/    Max/
                                  |Flow|   Occurrence   |Veloc|    Full    Full
  Link                 Type          CFS  days hr:min    ft/sec    Flow   Depth
  -----------------------------------------------------------------------------
  10                   CONDUIT      1.00     0  00:08      2.86    8.88    0.75
  12                   CONDUIT      1.00     0  00:13      2.22    8.88    0.56
  15                   CONDUIT      0.97     0  00:01      2.82    8.59    1.00
  17                   CONDUIT      0.69     0  00:01      1.67    6.12    1.00
  18                   WEIR         0.00     0  00:00                      0.00
  
  
  ***************************
  Flow Classification Summary
  ***************************
  
  -------------------------------------------------------------------------------------
                      Adjusted    ---------- Fraction of Time in Flow Class ---------- 
                       /Actual         Up    Down  Sub   Sup   Up    Down  Norm  Inlet 
  Conduit               Length    Dry  Dry   Dry   Crit  Crit  Crit  Crit  Ltd   Ctrl  
  -------------------------------------------------------------------------------------
  10                      1.00   0.00  0.00  0.00  1.00  0.00  0.00  0.00  0.00  0.00
  12                      1.00   0.00  0.00  0.00  1.00  0.00  0.00  0.00  0.00  0.00
  15                      1.00   0.00  0.00  0.00  1.00  0.00  0.00  0.00  0.00  0.00
  17                      1.00   0.00  0.00  0.00  1.00  0.00  0.00  0.00  0.00  0.00
  
  
  *************************
  Conduit Surcharge Summary
  *************************
  
  ----------------------------------------------------------------------------
                                                           Hours        Hours 
                         --------- Hours Full --------   Above Full   Capacity
  Conduit                Both Ends  Upstream  Dnstream   Normal Flow   Limited
  ----------------------------------------------------------------------------
  10                          0.01      0.01      0.01     24.00         0.01
  12                          0.01      0.01      0.01     23.99         0.01
  15                         23.96     23.96     23.96      0.15         0.01
  17                         23.96     23.96     23.96      0.11         0.01
  

  Analysis begun on:  Wed Jul 22 11:40:03 2026
  Analysis ended on:  Wed Jul 22 11:40:03 2026
  Total elapsed time: < 1 sec