
  EPA STORM WATER MANAGEMENT MODEL - VERSION 5.2 (Build 5.2.4)
  ------------------------------------------------------------

  Delta Sanitary Sewer Project Syphon 
  WARNING 04: minimum elevation drop used for Conduit SYPH250B
  
  ****************
  Analysis Options
  ****************
  Flow Units ............... CMS
  Process Models:
    Rainfall/Runoff ........ NO
    RDII ................... NO
    Snowmelt ............... NO
    Groundwater ............ NO
    Flow Routing ........... YES
    Ponding Allowed ........ NO
    Water Quality .......... NO
  Flow Routing Method ...... DYNWAVE
  Surcharge Method ......... EXTRAN
  Starting Date ............ 01/01/2001 00:00:00
  Ending Date .............. 01/02/2001 00:00:00
  Antecedent Dry Days ...... 0.0
  Report Time Step ......... 00:15:00
  Routing Time Step ........ 10.00 sec
  Variable Time Step ....... YES
  Maximum Trials ........... 100
  Number of Threads ........ 1
  Head Tolerance ........... 0.000000 m
  
  
  **************************        Volume        Volume
  Flow Routing Continuity        hectare-m      10^6 ltr
  **************************     ---------     ---------
  Dry Weather Inflow .......         0.000         0.000
  Wet Weather Inflow .......         0.000         0.000
  Groundwater Inflow .......         0.000         0.000
  RDII Inflow ..............         0.000         0.000
  External Inflow ..........         0.778         7.775
  External Outflow .........         0.000         0.000
  Flooding Loss ............         0.477         4.773
  Evaporation Loss .........         0.000         0.000
  Exfiltration Loss ........         0.000         0.000
  Initial Stored Volume ....         0.000         0.000
  Final Stored Volume ......         0.239         2.386
  Continuity Error (%) .....         7.915
  
  
  *************************
  Highest Continuity Errors
  *************************
  Node WEIR (4.17%)
  
  
  ***************************
  Time-Step Critical Elements
  ***************************
  Link Link_211 (98.98%)
  
  
  ********************************
  Highest Flow Instability Indexes
  ********************************
  All links are stable.
  
  
  *********************************
  Most Frequent Nonconverging Nodes
  *********************************
  Node OUTFLOW (0.01%)
  Node HW_Link_211 (0.00%)
  Node TW_Link_211 (0.00%)
  Node WEIR (0.00%)
  
  
  *************************
  Routing Time Step Summary
  *************************
  Minimum Time Step           :     0.63 sec
  Average Time Step           :     2.61 sec
  Maximum Time Step           :    10.00 sec
  % of Time in Steady State   :     0.00
  Average Iterations per Step :     2.05
  % of Steps Not Converging   :     0.01
  Time Step Frequencies       :
     10.000 -  5.493 sec      :     1.02 %
      5.493 -  3.017 sec      :     0.00 %
      3.017 -  1.657 sec      :    98.98 %
      1.657 -  0.910 sec      :     0.00 %
      0.910 -  0.500 sec      :     0.00 %
  
  
  ******************
  Node Depth Summary
  ******************
  
  ---------------------------------------------------------------------------------
                                 Average  Maximum  Maximum  Time of Max    Reported
                                   Depth    Depth      HGL   Occurrence   Max Depth
  Node                 Type       Meters   Meters   Meters  days hr:min      Meters
  ---------------------------------------------------------------------------------
  WEIR                 JUNCTION    84.96    88.40   179.89     0  01:59       88.40
  CONFLUENCE           JUNCTION     0.00     0.00    87.62     0  00:00        0.00
  SMH1                 JUNCTION     0.00     0.00    91.00     0  00:00        0.00
  INFLOW               JUNCTION    88.10    88.57   180.27     0  00:57       88.57
  HW_Link_210          JUNCTION    88.21    88.73   177.23     0  01:55       88.68
  TW_Link_210          JUNCTION    85.32    88.79   177.18     0  01:55       88.79
  HW_Link_211          JUNCTION    86.19    86.65   173.21     0  00:56       86.64
  TW_Link_211          JUNCTION    83.47    86.69   173.08     0  01:52       86.69
  OUTFLOW              OUTFALL      0.00     0.00    88.00     0  00:00        0.00
  TRANS1               STORAGE      1.11     2.38    87.01     1  00:00        2.38
  TRANS2               STORAGE      0.00     0.00    84.93     0  00:00        0.00
  OVERFLOW             STORAGE      0.00     0.00    91.48     0  00:00        0.00
  TRANS3               STORAGE      0.00     0.00    84.63     0  00:00        0.00
  TRANS4               STORAGE      0.00     0.00    84.63     0  00:00        0.00
  
  
  *******************
  Node Inflow Summary
  *******************
  
  -------------------------------------------------------------------------------------------------
                                  Maximum  Maximum                  Lateral       Total        Flow
                                  Lateral    Total  Time of Max      Inflow      Inflow     Balance
                                   Inflow   Inflow   Occurrence      Volume      Volume       Error
  Node                 Type           CMS      CMS  days hr:min    10^6 ltr    10^6 ltr     Percent
  -------------------------------------------------------------------------------------------------
  WEIR                 JUNCTION     0.000    0.033     0  00:57           0        2.49       4.346
  CONFLUENCE           JUNCTION     0.000    0.000     0  00:00           0           0       0.000 ltr
  SMH1                 JUNCTION     0.000    0.000     0  00:00           0           0       0.000 ltr
  INFLOW               JUNCTION     0.030    0.030     0  00:00        2.59        2.59       4.160
  HW_Link_210          JUNCTION     0.030    0.030     0  01:55        2.59        2.59       4.169
  TW_Link_210          JUNCTION     0.000    0.047     0  01:55           0        2.49       0.000
  HW_Link_211          JUNCTION     0.030    0.030     0  00:00        2.59        2.59       4.062
  TW_Link_211          JUNCTION     0.000    0.033     0  00:56           0        2.49       0.000
  OUTFLOW              OUTFALL      0.000    0.000     0  00:00           0           0       0.000 ltr
  TRANS1               STORAGE      0.000    0.030     0  02:00           0        2.38       0.011
  TRANS2               STORAGE      0.000    0.000     0  00:00           0           0       0.000 ltr
  OVERFLOW             STORAGE      0.000    0.000     0  00:00           0           0       0.000 ltr
  TRANS3               STORAGE      0.000    0.000     0  00:00           0           0       0.000 ltr
  TRANS4               STORAGE      0.000    0.000     0  00:00           0           0       0.000 ltr
  
  
  **********************
  Node Surcharge Summary
  **********************
  
  Surcharging occurs when water rises above the top of the highest conduit.
  ---------------------------------------------------------------------
                                               Max. Height   Min. Depth
                                   Hours       Above Crown    Below Rim
  Node                 Type      Surcharged         Meters       Meters
  ---------------------------------------------------------------------
  SMH1                 JUNCTION       24.00          0.000        0.000
  TW_Link_210          JUNCTION       22.08          0.000        0.000
  TW_Link_211          JUNCTION       22.13          0.000        0.000
  
  
  *********************
  Node Flooding Summary
  *********************
  
  Flooding refers to all water that overflows a node, whether it ponds or not.
  --------------------------------------------------------------------------
                                                             Total   Maximum
                                 Maximum   Time of Max       Flood    Ponded
                        Hours       Rate    Occurrence      Volume     Depth
  Node                 Flooded       CMS   days hr:min    10^6 ltr    Meters
  --------------------------------------------------------------------------
  TW_Link_210            22.08     0.046      0  01:55       2.384     0.000
  TW_Link_211            22.13     0.030      0  01:52       2.389     0.000
  
  
  **********************
  Storage Volume Summary
  **********************
  
  ------------------------------------------------------------------------------------------------
                         Average    Avg   Evap  Exfil     Maximum    Max    Time of Max    Maximum
                          Volume   Pcnt   Pcnt   Pcnt      Volume   Pcnt     Occurrence    Outflow
  Storage Unit           1000 m³   Full   Loss   Loss     1000 m³   Full    days hr:min        CMS
  ------------------------------------------------------------------------------------------------
  TRANS1                   1.114   11.1    0.0    0.0       2.385   23.8       1  00:00      0.000
  TRANS2                   0.000    0.0    0.0    0.0       0.000    0.0       0  00:00      0.000
  OVERFLOW                 0.000    0.0    0.0    0.0       0.000    0.0       0  00:00      0.000
  TRANS3                   0.000    0.0    0.0    0.0       0.000    0.0       0  00:00      0.000
  TRANS4                   0.000    0.0    0.0    0.0       0.000    0.0       0  00:00      0.000
  
  
  ***********************
  Outfall Loading Summary
  ***********************
  
  -----------------------------------------------------------
                         Flow       Avg       Max       Total
                         Freq      Flow      Flow      Volume
  Outfall Node           Pcnt       CMS       CMS    10^6 ltr
  -----------------------------------------------------------
  OUTFLOW                0.00     0.000     0.000       0.000
  -----------------------------------------------------------
  System                 0.00     0.000     0.000       0.000
  
  
  ********************
  Link Flow Summary
  ********************
  
  -----------------------------------------------------------------------------
                                 Maximum  Time of Max   Maximum    Max/    Max/
                                  |Flow|   Occurrence   |Veloc|    Full    Full
  Link                 Type          CMS  days hr:min     m/sec    Flow   Depth
  -----------------------------------------------------------------------------
  Link_210             CONDUIT     0.047     0  01:55      1.56    0.16    0.79
  Link_211             CONDUIT     0.033     0  00:56      2.18    0.16    0.63
  INFLOWp              CONDUIT     0.033     0  00:57      1.82    0.09    0.21
  SYPH250B             CONDUIT     0.000     0  00:00      0.00    0.00    0.00
  SYPH250A             CONDUIT     0.000     0  00:00      0.00    0.00    0.00
  SYPH150B             CONDUIT     0.000     0  00:00      0.00    0.00    0.00
  SYPH150C             CONDUIT     0.000     0  00:00      0.00    0.00    0.00
  SYPH150A             CONDUIT     0.030     0  02:00      3.75    0.44    0.46
  OUTFLOWp             CONDUIT     0.000     0  00:00      0.00    0.00    0.00
  SYPH250C             CONDUIT     0.000     0  00:00      0.00    0.00    0.00
  aq                   WEIR        0.000     0  00:00                      0.00
  
  
  ***************************
  Flow Classification Summary
  ***************************
  
  -------------------------------------------------------------------------------------
                      Adjusted    ---------- Fraction of Time in Flow Class ---------- 
                       /Actual         Up    Down  Sub   Sup   Up    Down  Norm  Inlet 
  Conduit               Length    Dry  Dry   Dry   Crit  Crit  Crit  Crit  Ltd   Ctrl  
  -------------------------------------------------------------------------------------
  Link_210                1.00   0.04  0.00  0.00  0.92  0.00  0.00  0.04  0.00  0.00
  Link_211                1.00   0.04  0.00  0.00  0.92  0.00  0.00  0.04  0.92  0.00
  INFLOWp                 1.00   0.04  0.00  0.00  0.00  0.00  0.00  0.96  0.00  0.00
  SYPH250B                1.00   1.00  0.00  0.00  0.00  0.00  0.00  0.00  0.00  0.00
  SYPH250A                1.00   1.00  0.00  0.00  0.00  0.00  0.00  0.00  0.00  0.00
  SYPH150B                1.00   1.00  0.00  0.00  0.00  0.00  0.00  0.00  0.00  0.00
  SYPH150C                1.00   1.00  0.00  0.00  0.00  0.00  0.00  0.00  0.00  0.00
  SYPH150A                1.00   0.08  0.00  0.00  0.00  0.00  0.00  0.92  0.00  0.00
  OUTFLOWp                1.00   1.00  0.00  0.00  0.00  0.00  0.00  0.00  0.00  0.00
  SYPH250C                1.00   1.00  0.00  0.00  0.00  0.00  0.00  0.00  0.00  0.00
  
  
  *************************
  Conduit Surcharge Summary
  *************************
  
  ----------------------------------------------------------------------------
                                                           Hours        Hours 
                         --------- Hours Full --------   Above Full   Capacity
  Conduit                Both Ends  Upstream  Dnstream   Normal Flow   Limited
  ----------------------------------------------------------------------------
  Link_211                    0.01      0.01     22.13      0.01         0.01
  

  Analysis begun on:  Wed Jul 22 11:40:22 2026
  Analysis ended on:  Wed Jul 22 11:40:22 2026
  Total elapsed time: < 1 sec