
  EPA STORM WATER MANAGEMENT MODEL - VERSION 5.2 (Build 5.2.4)
  ------------------------------------------------------------

  Converted from XPSWMM .xp file 
  
  ****************
  Analysis Options
  ****************
  Flow Units ............... CMS
  Process Models:
    Rainfall/Runoff ........ NO
    RDII ................... NO
    Snowmelt ............... NO
    Groundwater ............ NO
    Flow Routing ........... YES
    Ponding Allowed ........ NO
    Water Quality .......... NO
  Flow Routing Method ...... DYNWAVE
  Surcharge Method ......... EXTRAN
  Starting Date ............ 01/01/2001 00:00:00
  Ending Date .............. 01/02/2001 00:00:00
  Antecedent Dry Days ...... 0.0
  Report Time Step ......... 00:15:00
  Routing Time Step ........ 15.00 sec
  Variable Time Step ....... YES
  Maximum Trials ........... 50
  Number of Threads ........ 1
  Head Tolerance ........... 0.001000 m
  
  
  **************************        Volume        Volume
  Flow Routing Continuity        hectare-m      10^6 ltr
  **************************     ---------     ---------
  Dry Weather Inflow .......         0.000         0.000
  Wet Weather Inflow .......         0.000         0.000
  Groundwater Inflow .......         0.000         0.000
  RDII Inflow ..............         0.000         0.000
  External Inflow ..........         0.778         7.775
  External Outflow .........         0.000         0.000
  Flooding Loss ............        86.716       867.174
  Evaporation Loss .........         0.000         0.000
  Exfiltration Loss ........         0.000         0.000
  Initial Stored Volume ....         0.000         0.000
  Final Stored Volume ......         0.197         1.971
  Continuity Error (%) .....    -11078.368
  
  
  *************************
  Highest Continuity Errors
  *************************
  Node DAMY2 (39.56%)
  
  
  ***************************
  Time-Step Critical Elements
  ***************************
  None
  
  
  ********************************
  Highest Flow Instability Indexes
  ********************************
  Link 31 (41)
  
  
  *********************************
  Most Frequent Nonconverging Nodes
  *********************************
  Node inlet4 (0.07%)
  Node 30 (0.03%)
  Node DAMY2 (0.03%)
  Node 24 (0.03%)
  
  
  *************************
  Routing Time Step Summary
  *************************
  Minimum Time Step           :     6.37 sec
  Average Time Step           :    14.99 sec
  Maximum Time Step           :    15.00 sec
  % of Time in Steady State   :     0.00
  Average Iterations per Step :     2.04
  % of Steps Not Converging   :     0.07
  Time Step Frequencies       :
     15.000 -  7.597 sec      :    99.98 %
      7.597 -  3.848 sec      :     0.02 %
      3.848 -  1.949 sec      :     0.00 %
      1.949 -  0.987 sec      :     0.00 %
      0.987 -  0.500 sec      :     0.00 %
  
  
  ******************
  Node Depth Summary
  ******************
  
  ---------------------------------------------------------------------------------
                                 Average  Maximum  Maximum  Time of Max    Reported
                                   Depth    Depth      HGL   Occurrence   Max Depth
  Node                 Type       Meters   Meters   Meters  days hr:min      Meters
  ---------------------------------------------------------------------------------
  Inlet                JUNCTION     0.00     0.00    10.00     0  00:00        0.00
  Inlet_2              JUNCTION     0.00     0.00    10.00     0  00:00        0.00
  Inlet_3              JUNCTION     0.00     0.00    10.00     0  00:00        0.00
  24                   JUNCTION     8.51     8.80    18.80     0  13:54        8.80
  27                   JUNCTION     0.00     0.00    10.00     0  00:00        0.00
  30                   JUNCTION     8.50     8.80    18.80     0  07:48        8.80
  pump.2               JUNCTION     0.00     0.00     0.00     0  00:00        0.00
  PIMP.3               JUNCTION     0.00     0.00     0.00     0  00:00        0.00
  DAMY2                JUNCTION     8.73     9.42    15.44     0  09:29        9.42
  inlet4               OUTFALL      0.00     0.00    10.00     0  00:00        0.00
  
  
  *******************
  Node Inflow Summary
  *******************
  
  -------------------------------------------------------------------------------------------------
                                  Maximum  Maximum                  Lateral       Total        Flow
                                  Lateral    Total  Time of Max      Inflow      Inflow     Balance
                                   Inflow   Inflow   Occurrence      Volume      Volume       Error
  Node                 Type           CMS      CMS  days hr:min    10^6 ltr    10^6 ltr     Percent
  -------------------------------------------------------------------------------------------------
  Inlet                JUNCTION     0.000    0.000     0  00:00           0           0       0.000 ltr
  Inlet_2              JUNCTION     0.000    0.000     0  00:00           0           0       0.000 ltr
  Inlet_3              JUNCTION     0.000    0.000     0  00:00           0           0       0.000 ltr
  24                   JUNCTION     0.030    0.387     0  00:06        2.59        2.81      18.425
  27                   JUNCTION     0.000    0.000     0  00:00           0           0       0.000 ltr
  30                   JUNCTION     0.000    0.606     0  00:05           0        2.37       0.000
  pump.2               JUNCTION     0.030    0.030     0  00:00        2.59        2.59     -99.700
  PIMP.3               JUNCTION     0.000   10.000     0  00:00           0         864       0.000
  DAMY2                JUNCTION     0.030    0.030     0  00:00        2.59        2.59      65.447
  inlet4               OUTFALL      0.000    0.000     0  00:00           0           0       0.000 ltr
  
  
  **********************
  Node Surcharge Summary
  **********************
  
  Surcharging occurs when water rises above the top of the highest conduit.
  ---------------------------------------------------------------------
                                               Max. Height   Min. Depth
                                   Hours       Above Crown    Below Rim
  Node                 Type      Surcharged         Meters       Meters
  ---------------------------------------------------------------------
  Inlet_2              JUNCTION       24.00          0.000        0.000
  Inlet_3              JUNCTION       24.00          0.000        0.000
  30                   JUNCTION       13.88          0.000        0.000
  pump.2               JUNCTION       24.00          0.000        0.000
  PIMP.3               JUNCTION       24.00          0.000        0.000
  DAMY2                JUNCTION       14.51          0.000        0.000
  
  
  *********************
  Node Flooding Summary
  *********************
  
  Flooding refers to all water that overflows a node, whether it ponds or not.
  --------------------------------------------------------------------------
                                                             Total   Maximum
                                 Maximum   Time of Max       Flood    Ponded
                        Hours       Rate    Occurrence      Volume     Depth
  Node                 Flooded       CMS   days hr:min    10^6 ltr    Meters
  --------------------------------------------------------------------------
  30                     13.88     0.060      0  13:55       1.736     0.000
  PIMP.3                 24.00    10.000      0  00:00     863.906     0.000
  DAMY2                  14.51     0.030      0  09:29       1.567     0.000
  
  
  ***********************
  Outfall Loading Summary
  ***********************
  
  -----------------------------------------------------------
                         Flow       Avg       Max       Total
                         Freq      Flow      Flow      Volume
  Outfall Node           Pcnt       CMS       CMS    10^6 ltr
  -----------------------------------------------------------
  inlet4                 0.00     0.000     0.000       0.000
  -----------------------------------------------------------
  System                 0.00     0.000     0.000       0.000
  
  
  ********************
  Link Flow Summary
  ********************
  
  -----------------------------------------------------------------------------
                                 Maximum  Time of Max   Maximum    Max/    Max/
                                  |Flow|   Occurrence   |Veloc|    Full    Full
  Link                 Type          CMS  days hr:min     m/sec    Flow   Depth
  -----------------------------------------------------------------------------
  1                    CONDUIT     0.000     0  00:00      0.00    0.00    0.00
  2                    CONDUIT     0.000     0  00:00      0.00    0.00    0.00
  3                    CONDUIT     0.000     0  00:00      0.00    0.00    0.00
  damy                 CONDUIT     0.000     0  00:00      0.00    0.00    0.50
  31                   CONDUIT     0.606     0  00:05      0.95    0.02    0.95
  pump.1               PUMP       10.000     0  00:00              1.00
  
  
  ***************************
  Flow Classification Summary
  ***************************
  
  -------------------------------------------------------------------------------------
                      Adjusted    ---------- Fraction of Time in Flow Class ---------- 
                       /Actual         Up    Down  Sub   Sup   Up    Down  Norm  Inlet 
  Conduit               Length    Dry  Dry   Dry   Crit  Crit  Crit  Crit  Ltd   Ctrl  
  -------------------------------------------------------------------------------------
  1                       1.00   1.00  0.00  0.00  0.00  0.00  0.00  0.00  0.00  0.00
  2                       1.00   1.00  0.00  0.00  0.00  0.00  0.00  0.00  0.00  0.00
  3                       1.00   1.00  0.00  0.00  0.00  0.00  0.00  0.00  0.00  0.00
  damy                    1.00   0.00  1.00  0.00  0.00  0.00  0.00  0.00  0.00  0.00
  31                      1.00   0.00  0.00  0.00  1.00  0.00  0.00  0.00  0.00  0.00
  
  
  *************************
  Conduit Surcharge Summary
  *************************
  
  ----------------------------------------------------------------------------
                                                           Hours        Hours 
                         --------- Hours Full --------   Above Full   Capacity
  Conduit                Both Ends  Upstream  Dnstream   Normal Flow   Limited
  ----------------------------------------------------------------------------
  31                          0.01      0.01     13.88      0.01         0.01
  
  
  ***************
  Pumping Summary
  ***************
  
  ---------------------------------------------------------------------------------------------------------
                                                  Min       Avg       Max     Total     Power    % Time Off
                        Percent   Number of      Flow      Flow      Flow    Volume     Usage    Pump Curve
  Pump                 Utilized   Start-Ups       CMS       CMS       CMS  10^6 ltr     Kw-hr    Low   High
  ---------------------------------------------------------------------------------------------------------
  pump.1                 100.00           1      0.00     10.00     10.00   863.908      0.00    0.0    0.0
  

  Analysis begun on:  Wed Jul 22 11:40:22 2026
  Analysis ended on:  Wed Jul 22 11:40:22 2026
  Total elapsed time: < 1 sec