
  EPA STORM WATER MANAGEMENT MODEL - VERSION 5.2 (Build 5.2.4)
  ------------------------------------------------------------

  Converted from XPSWMM .xp file 
  WARNING 04: minimum elevation drop used for Conduit 486
  WARNING 04: minimum elevation drop used for Conduit 2465
  WARNING 04: minimum elevation drop used for Conduit 490
  WARNING 04: minimum elevation drop used for Conduit 2490
  WARNING 04: minimum elevation drop used for Conduit 498
  WARNING 04: minimum elevation drop used for Conduit 2498
  WARNING 04: minimum elevation drop used for Conduit 3498
  WARNING 04: minimum elevation drop used for Conduit 2390
  WARNING 04: minimum elevation drop used for Conduit 2485
  WARNING 04: minimum elevation drop used for Conduit 3485
  WARNING 04: minimum elevation drop used for Conduit 2479
  WARNING 04: minimum elevation drop used for Conduit 3479
  WARNING 04: minimum elevation drop used for Conduit 485
  WARNING 04: minimum elevation drop used for Conduit 430
  WARNING 04: minimum elevation drop used for Conduit 406
  WARNING 04: minimum elevation drop used for Conduit 2476
  WARNING 04: minimum elevation drop used for Conduit 3413
  WARNING 04: minimum elevation drop used for Conduit 2483
  WARNING 04: minimum elevation drop used for Conduit 2429
  WARNING 04: minimum elevation drop used for Conduit 429
  WARNING 04: minimum elevation drop used for Conduit 3429
  WARNING 04: minimum elevation drop used for Conduit 404
  WARNING 08: elevation drop exceeds length for Conduit 4408
  WARNING 04: minimum elevation drop used for Conduit 1305
  WARNING 04: minimum elevation drop used for Conduit 11305
  WARNING 04: minimum elevation drop used for Conduit 409
  WARNING 04: minimum elevation drop used for Conduit 1409
  WARNING 04: minimum elevation drop used for Conduit 437
  WARNING 04: minimum elevation drop used for Conduit 3476
  WARNING 04: minimum elevation drop used for Conduit 403
  WARNING 04: minimum elevation drop used for Conduit 483
  
  ****************
  Analysis Options
  ****************
  Flow Units ............... CFS
  Process Models:
    Rainfall/Runoff ........ NO
    RDII ................... NO
    Snowmelt ............... NO
    Groundwater ............ NO
    Flow Routing ........... YES
    Ponding Allowed ........ NO
    Water Quality .......... NO
  Flow Routing Method ...... DYNWAVE
  Surcharge Method ......... EXTRAN
  Starting Date ............ 01/01/2001 00:00:00
  Ending Date .............. 01/02/2001 00:00:00
  Antecedent Dry Days ...... 0.0
  Report Time Step ......... 00:15:00
  Routing Time Step ........ 4.00 sec
  Variable Time Step ....... YES
  Maximum Trials ........... 50
  Number of Threads ........ 1
  Head Tolerance ........... 0.000100 ft
  
  
  **************************        Volume        Volume
  Flow Routing Continuity        acre-feet      10^6 gal
  **************************     ---------     ---------
  Dry Weather Inflow .......         0.000         0.000
  Wet Weather Inflow .......         0.000         0.000
  Groundwater Inflow .......         0.000         0.000
  RDII Inflow ..............         0.000         0.000
  External Inflow ..........         1.732         0.564
  External Outflow .........         0.000         0.000
  Flooding Loss ............       100.769        32.837
  Evaporation Loss .........         0.000         0.000
  Exfiltration Loss ........         0.000         0.000
  Initial Stored Volume ....         0.004         0.001
  Final Stored Volume ......         0.095         0.031
  Continuity Error (%) .....     -5713.044
  
  
  *************************
  Highest Continuity Errors
  *************************
  Node J428 (99.96%)
  Node J3413 (99.74%)
  Node J3485 (98.60%)
  Node J429 (85.61%)
  Node J2498 (61.89%)
  
  
  ***************************
  Time-Step Critical Elements
  ***************************
  None
  
  
  ********************************
  Highest Flow Instability Indexes
  ********************************
  All links are stable.
  
  
  *********************************
  Most Frequent Nonconverging Nodes
  *********************************
  Node J437 (0.05%)
  Node J428 (0.01%)
  Node J390 (0.01%)
  Node J2490 (0.01%)
  Node J4437-P (0.00%)
  
  
  *************************
  Routing Time Step Summary
  *************************
  Minimum Time Step           :     3.50 sec
  Average Time Step           :     4.00 sec
  Maximum Time Step           :     4.00 sec
  % of Time in Steady State   :     0.00
  Average Iterations per Step :     2.03
  % of Steps Not Converging   :     0.05
  Time Step Frequencies       :
      4.000 -  2.639 sec      :   100.00 %
      2.639 -  1.741 sec      :     0.00 %
      1.741 -  1.149 sec      :     0.00 %
      1.149 -  0.758 sec      :     0.00 %
      0.758 -  0.500 sec      :     0.00 %
  
  
  ******************
  Node Depth Summary
  ******************
  
  ---------------------------------------------------------------------------------
                                 Average  Maximum  Maximum  Time of Max    Reported
                                   Depth    Depth      HGL   Occurrence   Max Depth
  Node                 Type         Feet     Feet     Feet  days hr:min        Feet
  ---------------------------------------------------------------------------------
  J3429                JUNCTION     2.77     3.25    13.25     1  00:00        3.25
  J1409                JUNCTION     0.00     0.00    10.00     0  00:00        0.00
  J409                 JUNCTION     0.00     0.00     7.00     0  00:00        0.00
  J485                 JUNCTION     0.00     0.00    10.00     0  00:00        0.00
  J486                 JUNCTION     0.00     0.00    10.00     0  00:00        0.00
  J490                 JUNCTION     0.00     0.00    10.00     0  00:00        0.00
  J498                 JUNCTION     0.00     0.00    10.00     0  00:00        0.00
  J404                 JUNCTION     0.00     0.00    10.00     0  00:00        0.00
  S416                 JUNCTION     0.00     0.00   150.00     0  00:00        0.00
  Node_486             JUNCTION     0.00     0.00     5.00     0  00:00        0.00
  Node_20131934        JUNCTION     0.00     0.00     5.00     0  00:00        0.00
  Node_90              JUNCTION     0.00     0.00     5.00     0  00:00        0.00
  Node_2015764         JUNCTION     0.00     0.00     5.00     0  00:00        0.00
  Node_98              JUNCTION     0.00     0.00     5.00     0  00:00        0.00
  Node_2017765         JUNCTION     0.00     0.00     5.00     0  00:00        0.00
  Node_408             JUNCTION     0.00     0.00     5.00     0  00:00        0.00
  Node_2027784         JUNCTION     0.00     0.00     5.00     0  00:00        0.00
  Node_85              JUNCTION     0.00     0.00     5.00     0  00:00        0.00
  Node_2011760         JUNCTION     0.00     0.00     5.00     0  00:00        0.00
  406-a                JUNCTION     0.00     0.00     5.00     0  00:00        0.00
  Node_2024803         JUNCTION     0.00     0.00     5.00     0  00:00        0.00
  HW_404               JUNCTION     0.00     0.00     5.00     0  00:00        0.00
  Node_2019781         JUNCTION     0.00     0.00     5.00     0  00:00        0.00
  Node_81305           JUNCTION     0.00     0.00     0.00     0  00:00        0.00
  Node_19311932        JUNCTION     0.00     0.00     0.00     0  00:00        0.00
  Node_1305            JUNCTION     0.00     0.00     5.00     0  00:00        0.00
  Node_19321934        JUNCTION     0.00     0.00     5.00     0  00:00        0.00
  Node_1934759         JUNCTION     0.00     0.00     5.00     0  00:00        0.00
  Node_409             JUNCTION     0.00     0.00     5.00     0  00:00        0.00
  Node_19811948        JUNCTION     0.00     0.00     5.00     0  00:00        0.00
  Node_1948781         JUNCTION     0.00     0.00     5.00     0  00:00        0.00
  HW_437               JUNCTION     0.00     0.00     5.00     0  00:00        0.00
  Node_1953801         JUNCTION     0.00     0.00     5.00     0  00:00        0.00
  Node_8403            JUNCTION     0.00     0.00     5.00     0  00:00        0.00
  Node_19611962        JUNCTION     0.00     0.00     5.00     0  00:00        0.00
  HW_403               JUNCTION     0.00     0.00     5.00     0  00:00        0.00
  Node_1962803         JUNCTION     0.00     0.00     5.00     0  00:00        0.00
  Node_83              JUNCTION     0.00     0.00     5.00     0  00:00        0.00
  Node_1983815         JUNCTION     0.00     0.00     5.00     0  00:00        0.00
  Node_8406            JUNCTION     0.00     0.00     0.00     0  00:00        0.00
  Node_19372024        JUNCTION     0.00     0.00     0.00     0  00:00        0.00
  Node_8409            JUNCTION     0.00     0.00     5.00     0  00:00        0.00
  Node_20301981        JUNCTION     0.00     0.00     5.00     0  00:00        0.00
  J437                 OUTFALL      0.00     0.00     7.00     0  00:00        0.00
  S486                 STORAGE      0.00     0.00     6.80     0  00:00        0.00
  J2465                STORAGE      1.00     1.00    16.00     0  00:00        1.00
  J2485                STORAGE      1.00     1.00    16.00     0  00:00        1.00
  S485                 STORAGE      0.00     0.00     8.70     0  00:00        0.00
  S490                 STORAGE      0.00     4.91    12.51     0  00:00        0.00
  J2490                STORAGE      3.78     5.19    20.19     1  00:00        5.19
  J2498                STORAGE      4.73     5.19    20.19     1  00:00        5.19
  S498                 STORAGE      0.00     0.00     7.50     0  00:00        0.00
  J3498-P              STORAGE      5.11     5.19    20.19     1  00:00        5.19
  J2390                STORAGE      4.65     5.06    20.06     1  00:00        5.06
  J3485                STORAGE      1.45     2.30    17.30     1  00:00        2.30
  J2479                STORAGE      1.00     1.00    16.00     0  00:00        1.00
  S479                 STORAGE      0.00     0.00     8.10     0  00:00        0.00
  J479                 STORAGE      1.00     1.00     8.00     0  00:00        1.00
  J3479                STORAGE      1.33     1.33    16.33     0  00:00        1.33
  J3476                STORAGE      1.33     1.33    16.33     0  00:00        1.33
  S476                 STORAGE      0.00     0.00     7.00     0  00:00        0.00
  J476                 STORAGE      1.00     1.00    11.00     0  00:00        1.00
  J2476                STORAGE      1.00     1.00    16.00     0  00:00        1.00
  S410                 STORAGE      0.00     0.00     6.80     0  00:00        0.00
  J410                 STORAGE      0.50     0.50     7.50     0  00:00        0.50
  J2410                STORAGE      1.00     1.00    11.00     0  00:00        1.00
  J2408                STORAGE      1.00     1.00    21.00     0  00:00        1.00
  J408                 STORAGE      0.50     0.50     7.50     0  00:00        0.50
  J2436                STORAGE      1.00     1.00    16.00     0  00:00        1.00
  J2431                STORAGE      0.67     0.67    10.67     0  00:00        0.67
  J2430                STORAGE      1.00     1.00     8.00     0  00:00        1.00
  S431                 STORAGE      0.00     0.00     7.80     0  00:00        0.00
  J431                 STORAGE      1.00     1.00     8.00     0  00:00        1.00
  S436                 STORAGE      0.00     0.00     8.10     0  00:00        0.00
  J436                 STORAGE      2.00     2.00     9.00     0  00:00        2.00
  S430                 STORAGE      0.00     0.00     8.30     0  00:00        0.00
  J430                 STORAGE      0.50     0.50     7.50     0  00:00        0.50
  J2437                STORAGE      1.00     1.00    16.00     0  00:00        1.00
  J3437                STORAGE      4.97     5.20    15.20     1  00:00        5.20
  S437                 STORAGE      0.00     0.00     7.50     0  00:00        0.00
  J1437                STORAGE      1.00     1.00    11.00     0  00:00        1.00
  J4437-P              STORAGE      5.03     5.06    20.06     0  02:12        5.06
  J3413                STORAGE      5.48     6.11    13.11     1  00:00        6.11
  J2413                STORAGE      1.00     1.00    16.00     0  00:00        1.00
  S413                 STORAGE      0.00     0.00     7.10     0  00:00        0.00
  J413                 STORAGE      1.00     1.00     8.00     0  00:00        1.00
  J4408                STORAGE      1.33     1.33    16.33     0  00:00        1.33
  S390                 STORAGE      0.00     0.00     8.00     0  00:00        0.00
  J390                 STORAGE      6.93    10.00    17.00     0  15:04       10.00
  S483                 STORAGE      0.00     0.00     8.70     0  00:00        0.00
  J2483                STORAGE      5.04     5.15    15.15     1  00:00        5.15
  J428                 STORAGE      2.38     4.53    11.53     1  00:00        4.53
  J2429                STORAGE      2.46     3.10    13.10     1  00:00        3.10
  S429                 STORAGE      0.00     0.00     6.90     0  00:00        0.00
  J429                 STORAGE      1.94     3.10    13.10     0  22:14        3.10
  S404                 STORAGE      0.00     0.00     6.80     0  00:00        0.00
  S428                 STORAGE      0.00     0.00     7.20     0  00:00        0.00
  S465                 STORAGE      0.00     0.00     6.80     0  00:00        0.00
  J465                 STORAGE      0.50     0.50     7.50     0  00:00        0.50
  S1305                STORAGE      0.00     0.00    10.00     0  00:00        0.00
  J1305                STORAGE      0.67     0.67     7.67     0  00:00        0.67
  J11305               STORAGE      1.00     1.00    16.00     0  00:00        1.00
  S406                 STORAGE      0.00     0.00     7.00     0  00:00        0.00
  S403                 STORAGE      0.00     0.00     6.50     0  00:00        0.00
  J403                 STORAGE      0.67     0.67     7.67     0  00:00        0.67
  J483                 STORAGE      0.50     0.50     7.50     0  00:00        0.50
  J406                 STORAGE      1.00     1.00     9.00     0  00:00        1.00
  S408                 STORAGE      0.00     0.00     6.40     0  00:00        0.00
  S409                 STORAGE      9.97    10.00    16.60     0  00:08       10.00
  
  
  *******************
  Node Inflow Summary
  *******************
  
  -------------------------------------------------------------------------------------------------
                                  Maximum  Maximum                  Lateral       Total        Flow
                                  Lateral    Total  Time of Max      Inflow      Inflow     Balance
                                   Inflow   Inflow   Occurrence      Volume      Volume       Error
  Node                 Type           CFS      CFS  days hr:min    10^6 gal    10^6 gal     Percent
  -------------------------------------------------------------------------------------------------
  J3429                JUNCTION      0.00     0.02     1  00:00           0      0.0111      25.672
  J1409                JUNCTION      0.40     0.40     0  00:00       0.259       0.259       0.000
  J409                 JUNCTION      0.00     0.00     0  00:00           0           0       0.000 gal
  J485                 JUNCTION      0.00     0.00     0  00:00           0           0       0.000 gal
  J486                 JUNCTION      0.00     0.00     0  00:00           0           0       0.000 gal
  J490                 JUNCTION      0.00    10.00     0  00:00           0      0.0012       0.000
  J498                 JUNCTION      0.00     0.00     0  00:00           0           0       0.000 gal
  J404                 JUNCTION      0.00     0.00     0  00:00           0           0       0.000 gal
  S416                 JUNCTION      0.00     0.00     0  00:00           0           0       0.000 gal
  Node_486             JUNCTION      0.00     0.00     0  00:00           0           0       0.000 gal
  Node_20131934        JUNCTION      0.00     0.00     0  00:00           0           0       0.000 gal
  Node_90              JUNCTION      0.00     0.00     0  00:00           0           0       0.000 gal
  Node_2015764         JUNCTION      0.00     0.00     0  00:00           0           0       0.000 gal
  Node_98              JUNCTION      0.00     0.00     0  00:00           0           0       0.000 gal
  Node_2017765         JUNCTION      0.00     0.00     0  00:00           0           0       0.000 gal
  Node_408             JUNCTION      0.00     0.00     0  00:00           0           0    -100.000
  Node_2027784         JUNCTION      0.00    10.00     0  00:00           0        6.46       0.000
  Node_85              JUNCTION      0.00     0.00     0  00:00           0           0       0.000 gal
  Node_2011760         JUNCTION      0.00     0.00     0  00:00           0           0       0.000 gal
  406-a                JUNCTION      0.00     0.00     0  00:00           0           0       0.000 gal
  Node_2024803         JUNCTION      0.00     0.00     0  00:00           0           0       0.000 gal
  HW_404               JUNCTION      0.00     0.00     0  00:00           0           0       0.000 gal
  Node_2019781         JUNCTION      0.00     0.00     0  00:00           0           0       0.000 gal
  Node_81305           JUNCTION      0.00     0.00     0  00:00           0           0    -100.000
  Node_19311932        JUNCTION      0.00    10.00     0  00:00           0        6.46       0.000
  Node_1305            JUNCTION      0.00     0.00     0  00:00           0           0       0.000 gal
  Node_19321934        JUNCTION      0.00     0.00     0  00:00           0           0       0.000 gal
  Node_1934759         JUNCTION      0.00     0.00     0  00:00           0           0       0.000 gal
  Node_409             JUNCTION      0.00     0.00     0  00:00           0           0       0.000 gal
  Node_19811948        JUNCTION      0.00     0.00     0  00:00           0           0       0.000 gal
  Node_1948781         JUNCTION      0.00     0.00     0  00:00           0           0       0.000 gal
  HW_437               JUNCTION      0.00     0.00     0  00:00           0           0       0.000 gal
  Node_1953801         JUNCTION      0.00     0.00     0  00:00           0           0       0.000 gal
  Node_8403            JUNCTION      0.00     0.00     0  00:00           0           0    -100.000
  Node_19611962        JUNCTION      0.00    10.00     0  00:00           0        6.46       0.000
  HW_403               JUNCTION      0.00     0.00     0  00:00           0           0       0.000 gal
  Node_1962803         JUNCTION      0.00     0.00     0  00:00           0           0       0.000 gal
  Node_83              JUNCTION      0.00     0.00     0  00:00           0           0       0.000 gal
  Node_1983815         JUNCTION      0.00     0.00     0  00:00           0           0       0.000 gal
  Node_8406            JUNCTION      0.00     0.00     0  00:00           0           0    -100.000
  Node_19372024        JUNCTION      0.00    10.00     0  00:00           0        6.46       0.000
  Node_8409            JUNCTION      0.00     0.00     0  00:00           0           0    -100.000
  Node_20301981        JUNCTION      0.00    10.00     0  00:00           0        6.46       0.000
  J437                 OUTFALL       0.00     0.00     0  00:00           0           0       0.000 gal
  S486                 STORAGE       0.00     0.00     0  00:00           0           0       0.000 gal
  J2465                STORAGE       0.00     0.00     0  00:00           0    7.48e-07       0.000 gal
  J2485                STORAGE       0.00     0.00     0  00:00           0    7.48e-07       0.000 gal
  S485                 STORAGE       0.00     0.00     0  00:00           0           0       0.000 gal
  S490                 STORAGE       0.00     0.00     0  00:00           0     0.00105     -12.500
  J2490                STORAGE       0.00     0.01     0  10:27           0    0.000978     973.998 gal
  J2498                STORAGE       0.00     0.01     0  04:39           0     0.00258     162.423
  S498                 STORAGE       0.00     0.00     0  00:00           0           0       0.000 gal
  J3498-P              STORAGE       0.02     0.02     0  00:00      0.0136      0.0136      10.461
  J2390                STORAGE       0.00     0.02     1  00:00           0     0.00971       7.486
  J3485                STORAGE       0.00     0.00     1  00:00           0    0.000123     121.350 gal
  J2479                STORAGE       0.00     0.00     0  00:00           0    7.48e-07       0.000 gal
  S479                 STORAGE       0.00     0.00     0  00:00           0           0       0.000 gal
  J479                 STORAGE       0.00     0.00     0  00:00           0    7.48e-06       0.000
  J3479                STORAGE       0.00     0.00     0  00:00           0    9.95e-07       0.000 gal
  J3476                STORAGE       0.00     0.00     0  00:00           0    9.95e-07       0.000 gal
  S476                 STORAGE       0.00     0.00     0  00:00           0           0       0.000 gal
  J476                 STORAGE       0.00     0.00     0  00:00           0    7.48e-06       0.000
  J2476                STORAGE       0.00     0.00     0  00:00           0    7.48e-07       0.000 gal
  S410                 STORAGE       0.00     0.00     0  00:00           0           0       0.000 gal
  J410                 STORAGE       0.00     0.00     0  00:00           0    3.74e-06       0.000 gal
  J2410                STORAGE       0.00     0.00     0  00:00           0    7.48e-07       0.000 gal
  J2408                STORAGE       0.00     0.00     0  00:00           0    7.48e-07       0.000 gal
  J408                 STORAGE       0.00     0.00     0  00:00           0    3.74e-06       0.000 gal
  J2436                STORAGE       0.00     0.00     0  00:00           0    7.48e-07       0.000 gal
  J2431                STORAGE       0.00     0.00     0  00:00           0    5.01e-07       0.000 gal
  J2430                STORAGE       0.00     0.00     0  00:00           0    7.48e-07       0.000 gal
  S431                 STORAGE       0.00     0.00     0  00:00           0           0       0.000 gal
  J431                 STORAGE       0.00     0.00     0  00:00           0    7.48e-06       0.000
  S436                 STORAGE       0.00     0.00     0  00:00           0           0       0.000 gal
  J436                 STORAGE       0.00     0.00     0  00:00           0     1.5e-05       0.000
  S430                 STORAGE       0.00     0.00     0  00:00           0           0       0.000 gal
  J430                 STORAGE       0.00     0.00     0  00:00           0    3.74e-06       0.000 gal
  J2437                STORAGE       0.00     0.00     0  00:00           0    7.48e-07       0.000 gal
  J3437                STORAGE       0.00     0.02     0  03:00           0     0.00905      60.709
  S437                 STORAGE       0.00     0.00     0  00:00           0           0       0.000 gal
  J1437                STORAGE       0.00     0.00     0  00:00           0    7.48e-07       0.000 gal
  J4437-P              STORAGE       0.04     0.04     0  00:00      0.0271      0.0271       2.742
  J3413                STORAGE       0.00     0.03     0  02:12           0      0.0174   37930.584
  J2413                STORAGE       0.00     0.00     0  00:00           0    3.74e-06       0.000 gal
  S413                 STORAGE       0.00     0.00     0  00:00           0           0       0.000 gal
  J413                 STORAGE       0.00     0.00     0  00:00           0    3.74e-06       0.000 gal
  J4408                STORAGE       0.00     0.00     0  00:00           0    9.95e-06       0.000
  S390                 STORAGE       0.00     0.00     0  00:00           0           0       0.000 gal
  J390                 STORAGE       0.00     0.02     1  00:00           0     0.00891      80.586
  S483                 STORAGE       0.00     0.00     0  00:00           0           0       0.000 gal
  J2483                STORAGE       0.01     0.01     0  00:00     0.00646     0.00646      16.443
  J428                 STORAGE       0.00     0.02     1  00:00           0     0.00759    7588.300 gal
  J2429                STORAGE       0.00     0.03     0  22:12           0     0.00891      12.839
  S429                 STORAGE       0.00     0.00     0  00:00           0           0       0.000 gal
  J429                 STORAGE       0.00     0.01     0  11:35           0    0.000283     594.962
  S404                 STORAGE       0.00     0.00     0  00:00           0           0       0.000 gal
  S428                 STORAGE       0.00     0.00     0  00:00           0           0       0.000 gal
  S465                 STORAGE       0.00     0.00     0  00:00           0           0       0.000 gal
  J465                 STORAGE       0.00     0.00     0  00:00           0    3.74e-06       0.000 gal
  S1305                STORAGE       0.00     0.00     0  00:00           0           0       0.000 gal
  J1305                STORAGE       0.00     0.00     0  00:00           0    5.01e-06       0.000 gal
  J11305               STORAGE       0.00     0.00     0  00:00           0    7.48e-07       0.000 gal
  S406                 STORAGE       0.00     0.00     0  00:00           0           0       0.000 gal
  S403                 STORAGE       0.00     0.00     0  00:00           0           0       0.000 gal
  J403                 STORAGE       0.00     0.00     0  00:00           0    5.01e-07       0.000 gal
  J483                 STORAGE       0.00     0.00     0  00:00           0    1.87e-06       0.000 gal
  J406                 STORAGE       0.00     0.00     0  00:00           0    7.48e-06       0.000
  S408                 STORAGE       0.00     0.00     0  00:00           0           0       0.000 gal
  S409                 STORAGE       0.40     0.40     0  00:00       0.259       0.259      -0.002
  
  
  **********************
  Node Surcharge Summary
  **********************
  
  Surcharging occurs when water rises above the top of the highest conduit.
  ---------------------------------------------------------------------
                                               Max. Height   Min. Depth
                                   Hours       Above Crown    Below Rim
  Node                 Type      Surcharged           Feet         Feet
  ---------------------------------------------------------------------
  J1409                JUNCTION       24.00          0.000        0.000
  J409                 JUNCTION       24.00          0.000        0.000
  J485                 JUNCTION       24.00          0.000        0.000
  J486                 JUNCTION       24.00          0.000        0.000
  J490                 JUNCTION       24.00          0.000        0.000
  J498                 JUNCTION       24.00          0.000        0.000
  J404                 JUNCTION       24.00          0.000        0.000
  Node_408             JUNCTION       24.00          0.000        0.000
  Node_2027784         JUNCTION       24.00          0.000        0.000
  Node_81305           JUNCTION       24.00          0.000        0.000
  Node_19311932        JUNCTION       24.00          0.000        0.000
  Node_8403            JUNCTION       24.00          0.000        0.000
  Node_19611962        JUNCTION       24.00          0.000        0.000
  Node_8406            JUNCTION       24.00          0.000        0.000
  Node_19372024        JUNCTION       24.00          0.000        0.000
  Node_8409            JUNCTION       24.00          0.000        0.000
  Node_20301981        JUNCTION       24.00          0.000        0.000
  
  
  *********************
  Node Flooding Summary
  *********************
  
  Flooding refers to all water that overflows a node, whether it ponds or not.
  --------------------------------------------------------------------------
                                                             Total   Maximum
                                 Maximum   Time of Max       Flood    Ponded
                        Hours       Rate    Occurrence      Volume     Depth
  Node                 Flooded       CFS   days hr:min    10^6 gal      Feet
  --------------------------------------------------------------------------
  J1409                  24.00      0.40      0  00:00       0.259     0.000
  J490                    0.01     10.00      0  00:00       0.001     0.000
  Node_2027784           24.00     10.00      0  00:00       6.463     0.000
  Node_19311932          24.00     10.00      0  00:00       6.463     0.000
  Node_19611962          24.00     10.00      0  00:00       6.463     0.000
  Node_19372024          24.00     10.00      0  00:00       6.463     0.000
  Node_20301981          24.00     10.00      0  00:00       6.463     0.000
  J390                    8.92      0.02      1  00:00       0.005     0.000
  S409                   23.86      0.40      0  00:08       0.257     0.000
  
  
  **********************
  Storage Volume Summary
  **********************
  
  ------------------------------------------------------------------------------------------------
                         Average    Avg   Evap  Exfil     Maximum    Max    Time of Max    Maximum
                          Volume   Pcnt   Pcnt   Pcnt      Volume   Pcnt     Occurrence    Outflow
  Storage Unit          1000 ft³   Full   Loss   Loss    1000 ft³   Full    days hr:min        CFS
  ------------------------------------------------------------------------------------------------
  S486                     0.000    0.0    0.0    0.0       0.000    0.0       0  00:00       0.00
  J2465                    0.000   10.0    0.0    0.0       0.000   10.0       0  00:00       0.00
  J2485                    0.000   10.0    0.0    0.0       0.000   10.0       0  00:00       0.00
  S485                     0.000    0.0    0.0    0.0       0.000    0.0       0  00:00       0.00
  S490                     0.000    0.0    0.0    0.0       0.138   49.1       0  00:00      10.00
  J2490                    0.000   37.8    0.0    0.0       0.001   51.9       1  00:00       0.00
  J2498                    0.000   47.3    0.0    0.0       0.001   51.9       1  00:00       0.01
  S498                     0.000    0.0    0.0    0.0       0.000    0.0       0  00:00       0.00
  J3498-P                  0.001   51.1    0.0    0.0       0.001   51.9       1  00:00       0.02
  J2390                    0.000   46.5    0.0    0.0       0.001   50.6       1  00:00       0.02
  J3485                    0.000   14.5    0.0    0.0       0.000   23.0       1  00:00       0.00
  J2479                    0.000   10.0    0.0    0.0       0.000   10.0       0  00:00       0.00
  S479                     0.000    0.0    0.0    0.0       0.000    0.0       0  00:00       0.00
  J479                     0.001   10.0    0.0    0.0       0.001   10.0       0  00:00       0.00
  J3479                    0.000   13.3    0.0    0.0       0.000   13.3       0  00:00       0.00
  J3476                    0.000   13.3    0.0    0.0       0.000   13.3       0  00:00       0.00
  S476                     0.000    0.0    0.0    0.0       0.000    0.0       0  00:00       0.00
  J476                     0.001   10.0    0.0    0.0       0.001   10.0       0  00:00       0.00
  J2476                    0.000   10.0    0.0    0.0       0.000   10.0       0  00:00       0.00
  S410                     0.000    0.0    0.0    0.0       0.000    0.0       0  00:00       0.00
  J410                     0.001    5.0    0.0    0.0       0.001    5.0       0  00:00       0.00
  J2410                    0.000   10.0    0.0    0.0       0.000   10.0       0  00:00       0.00
  J2408                    0.000   10.0    0.0    0.0       0.000   10.0       0  00:00       0.00
  J408                     0.001    5.0    0.0    0.0       0.001    5.0       0  00:00       0.00
  J2436                    0.000   10.0    0.0    0.0       0.000   10.0       0  00:00       0.00
  J2431                    0.000    6.7    0.0    0.0       0.000    6.7       0  00:00       0.00
  J2430                    0.000   10.0    0.0    0.0       0.000   10.0       0  00:00       0.00
  S431                     0.000    0.0    0.0    0.0       0.000    0.0       0  00:00       0.00
  J431                     0.001   10.0    0.0    0.0       0.001   10.0       0  00:00       0.00
  S436                     0.000    0.0    0.0    0.0       0.000    0.0       0  00:00       0.00
  J436                     0.002   20.0    0.0    0.0       0.002   20.0       0  00:00       0.00
  S430                     0.000    0.0    0.0    0.0       0.000    0.0       0  00:00       0.00
  J430                     0.001    5.0    0.0    0.0       0.001    5.0       0  00:00       0.00
  J2437                    0.000   10.0    0.0    0.0       0.000   10.0       0  00:00       0.00
  J3437                    0.005   49.7    0.0    0.0       0.005   52.0       1  00:00       0.01
  S437                     0.000    0.0    0.0    0.0       0.000    0.0       0  00:00       0.00
  J1437                    0.000   10.0    0.0    0.0       0.000   10.0       0  00:00       0.00
  J4437-P                  0.001   50.3    0.0    0.0       0.001   50.6       0  02:12       0.04
  J3413                    0.005   54.8    0.0    0.0       0.006   61.1       1  00:00       0.00
  J2413                    0.001   10.0    0.0    0.0       0.001   10.0       0  00:00       0.00
  S413                     0.000    0.0    0.0    0.0       0.000    0.0       0  00:00       0.00
  J413                     0.001   10.0    0.0    0.0       0.001   10.0       0  00:00       0.00
  J4408                    0.001   13.3    0.0    0.0       0.001   13.3       0  00:00       0.00
  S390                     0.000    0.0    0.0    0.0       0.000    0.0       0  00:00       0.00
  J390                     0.007   69.3    0.0    0.0       0.010  100.0       0  15:04       0.00
  S483                     0.000    0.0    0.0    0.0       0.000    0.0       0  00:00       0.00
  J2483                    0.001   50.4    0.0    0.0       0.001   51.5       1  00:00       0.01
  J428                     0.000   23.8    0.0    0.0       0.000   45.3       1  00:00       0.00
  J2429                    0.002   24.6    0.0    0.0       0.003   31.0       1  00:00       0.03
  S429                     0.000    0.0    0.0    0.0       0.000    0.0       0  00:00       0.00
  J429                     0.000   19.4    0.0    0.0       0.000   31.0       0  22:14       0.00
  S404                     0.000    0.0    0.0    0.0       0.000    0.0       0  00:00       0.00
  S428                     0.000    0.0    0.0    0.0       0.000    0.0       0  00:00       0.00
  S465                     0.000    0.0    0.0    0.0       0.000    0.0       0  00:00       0.00
  J465                     0.001    5.0    0.0    0.0       0.001    5.0       0  00:00       0.00
  S1305                    0.000    0.0    0.0    0.0       0.000    0.0       0  00:00       0.00
  J1305                    0.001    6.7    0.0    0.0       0.001    6.7       0  00:00       0.00
  J11305                   0.000   10.0    0.0    0.0       0.000   10.0       0  00:00       0.00
  S406                     0.000    0.0    0.0    0.0       0.000    0.0       0  00:00       0.00
  S403                     0.000    0.0    0.0    0.0       0.000    0.0       0  00:00       0.00
  J403                     0.000    6.7    0.0    0.0       0.000    6.7       0  00:00       0.00
  J483                     0.000    5.0    0.0    0.0       0.000    5.0       0  00:00       0.00
  J406                     0.001   10.0    0.0    0.0       0.001   10.0       0  00:00       0.00
  S408                     0.000    0.0    0.0    0.0       0.000    0.0       0  00:00       0.00
  S409                     0.199   99.7    0.0    0.0       0.200  100.0       0  00:08       0.00
  
  
  ***********************
  Outfall Loading Summary
  ***********************
  
  -----------------------------------------------------------
                         Flow       Avg       Max       Total
                         Freq      Flow      Flow      Volume
  Outfall Node           Pcnt       CFS       CFS    10^6 gal
  -----------------------------------------------------------
  J437                   0.00      0.00      0.00       0.000
  -----------------------------------------------------------
  System                 0.00      0.00      0.00       0.000
  
  
  ********************
  Link Flow Summary
  ********************
  
  -----------------------------------------------------------------------------
                                 Maximum  Time of Max   Maximum    Max/    Max/
                                  |Flow|   Occurrence   |Veloc|    Full    Full
  Link                 Type          CFS  days hr:min    ft/sec    Flow   Depth
  -----------------------------------------------------------------------------
  486                  CONDUIT      0.00     0  00:00      0.00    0.00    0.00
  2465                 CONDUIT      0.00     0  00:00      0.00    0.00    0.00
  490                  CONDUIT      0.00     0  00:00      0.00    0.00    0.00
  2490                 CONDUIT      0.01     0  10:27      0.16    0.68    0.29
  498                  CONDUIT      0.00     0  00:00      0.00    0.00    0.00
  2498                 CONDUIT      0.01     0  04:39      0.26    0.22    0.19
  3498                 CONDUIT      0.02     1  00:00      0.37    0.38    0.13
  2390                 CONDUIT      0.00     1  00:00      0.05    0.01    0.03
  2485                 CONDUIT      0.00     0  00:00      0.00    0.00    0.00
  3485                 CONDUIT      0.00     0  00:00      0.00    0.00    0.00
  479                  CONDUIT      0.00     0  00:00      0.00    0.00    0.00
  2479                 CONDUIT      0.00     0  00:00      0.00    0.00    0.00
  3479                 CONDUIT      0.00     0  00:00      0.00    0.00    0.00
  476                  CONDUIT      0.00     0  00:00      0.00    0.00    0.00
  410                  CONDUIT      0.00     0  00:00      0.00    0.00    0.00
  2410                 CONDUIT      0.00     0  00:00      0.00    0.00    0.00
  408                  CONDUIT      0.00     0  00:00      0.00    0.00    0.00
  485                  CONDUIT      0.00     0  00:00      0.00    0.00    0.00
  2408                 CONDUIT      0.00     0  00:00      0.00    0.00    0.00
  2436                 CONDUIT      0.00     0  00:00      0.00    0.00    0.00
  2431                 CONDUIT      0.00     0  00:00      0.00    0.00    0.00
  436_2                CONDUIT      0.00     0  00:00      0.00    0.00    0.00
  430                  CONDUIT      0.00     0  00:00      0.00    0.00    0.00
  2430                 CONDUIT      0.00     0  00:00      0.00    0.00    0.00
  2437                 CONDUIT      0.00     0  00:00      0.00    0.00    0.10
  1437                 CONDUIT      0.00     0  00:00      0.00    0.00    0.00
  3437                 CONDUIT      0.02     0  03:00      0.77    0.00    0.10
  5437                 CONDUIT      0.00     0  00:00      0.00    0.00    0.42
  406                  CONDUIT      0.00     0  00:00      0.00    0.00    0.00
  2476                 CONDUIT      0.00     0  00:00      0.00    0.00    0.00
  4413                 CONDUIT      0.00     0  00:00      0.00    0.00    0.50
  3413                 CONDUIT      0.00     0  00:00      0.00    0.00    0.00
  413                  CONDUIT      0.00     0  00:00      0.00    0.00    0.00
  390                  CONDUIT      0.02     1  00:00      1.32    0.03    0.56
  2483                 CONDUIT      0.01     1  00:00      0.25    0.10    0.07
  428                  CONDUIT      0.02     1  00:00      0.64    0.04    0.57
  2429                 CONDUIT      0.02     1  00:00      0.26    0.83    0.18
  429                  CONDUIT      0.01     0  11:35      0.47    0.08    0.15
  3429                 CONDUIT      0.01     1  00:00      0.24    0.20    0.09
  404                  CONDUIT      0.00     0  00:00      0.00    0.00    0.00
  4408                 CONDUIT      0.00     0  00:00      0.00    0.00    0.00
  465                  CONDUIT      0.00     0  00:00      0.00    0.00    0.00
  1305                 CONDUIT      0.00     0  00:00      0.00    0.00    0.00
  11305                CONDUIT      0.00     0  00:00      0.00    0.00    0.00
  NL436                CONDUIT      0.00     0  00:00      0.00    0.00    0.00
  409                  CONDUIT      0.00     0  00:00      0.00    0.00    0.00
  1409                 CONDUIT      0.00     0  00:00      0.00    0.00    0.00
  437                  CONDUIT      0.00     0  00:00      0.00    0.00    0.00
  4437                 CONDUIT      0.03     0  02:12      1.33    0.00    0.44
  3476                 CONDUIT      0.00     0  00:00      0.00    0.00    0.00
  403                  CONDUIT      0.00     0  00:00      0.00    0.00    0.00
  483                  CONDUIT      0.00     0  00:00      0.00    0.00    0.00
  431                  CONDUIT      0.00     0  00:00      0.00    0.00    0.00
  8486                 PUMP         0.00     0  00:00              0.00
  8490                 PUMP        10.00     0  00:00              1.00
  8498                 PUMP         0.00     0  00:00              0.00
  8479                 PUMP         0.00     0  00:00              0.00
  8476                 PUMP         0.00     0  00:00              0.00
  8410                 PUMP         0.00     0  00:00              0.00
  8408                 PUMP        10.00     0  00:00              1.00
  8485                 PUMP         0.00     0  00:00              0.00
  8431                 PUMP         0.00     0  00:00              0.00
  436                  PUMP         0.00     0  00:00              0.00
  8430                 PUMP         0.00     0  00:00              0.00
  8437                 PUMP         0.00     0  00:00              0.00
  8413P                PUMP         0.00     0  00:00              0.00
  8390                 PUMP         0.00     0  00:00              0.00
  8483                 PUMP         0.00     0  00:00              0.00
  8429                 PUMP         0.00     0  00:00              0.00
  8404                 PUMP         0.00     0  00:00              0.00
  8428                 PUMP         0.00     0  00:00              0.00
  8465                 PUMP         0.00     0  00:00              0.00
  81305                PUMP        10.00     0  00:00              1.00
  8403                 PUMP        10.00     0  00:00              1.00
  8406                 PUMP        10.00     0  00:00              1.00
  8409                 PUMP        10.00     0  00:00              1.00
  
  
  ***************************
  Flow Classification Summary
  ***************************
  
  -------------------------------------------------------------------------------------
                      Adjusted    ---------- Fraction of Time in Flow Class ---------- 
                       /Actual         Up    Down  Sub   Sup   Up    Down  Norm  Inlet 
  Conduit               Length    Dry  Dry   Dry   Crit  Crit  Crit  Crit  Ltd   Ctrl  
  -------------------------------------------------------------------------------------
  486                     1.00   1.00  0.00  0.00  0.00  0.00  0.00  0.00  0.00  0.00
  2465                    1.00   1.00  0.00  0.00  0.00  0.00  0.00  0.00  0.00  0.00
  490                     1.00   1.00  0.00  0.00  0.00  0.00  0.00  0.00  0.00  0.00
  2490                    1.00   0.14  0.00  0.00  0.62  0.00  0.24  0.00  0.00  0.00
  498                     1.00   1.00  0.00  0.00  0.00  0.00  0.00  0.00  0.00  0.00
  2498                    1.00   0.03  0.00  0.00  0.85  0.00  0.13  0.00  0.00  0.00
  3498                    1.00   0.03  0.00  0.00  0.77  0.00  0.00  0.21  0.00  0.00
  2390                    1.00   0.13  0.00  0.00  0.00  0.00  0.00  0.87  0.00  0.00
  2485                    1.00   1.00  0.00  0.00  0.00  0.00  0.00  0.00  0.00  0.00
  3485                    1.00   1.00  0.00  0.00  0.00  0.00  0.00  0.00  0.00  0.00
  479                     1.00   1.00  0.00  0.00  0.00  0.00  0.00  0.00  0.00  0.00
  2479                    1.00   1.00  0.00  0.00  0.00  0.00  0.00  0.00  0.00  0.00
  3479                    1.00   1.00  0.00  0.00  0.00  0.00  0.00  0.00  0.00  0.00
  476                     1.00   1.00  0.00  0.00  0.00  0.00  0.00  0.00  0.00  0.00
  410                     1.00   1.00  0.00  0.00  0.00  0.00  0.00  0.00  0.00  0.00
  2410                    1.00   1.00  0.00  0.00  0.00  0.00  0.00  0.00  0.00  0.00
  408                     1.00   1.00  0.00  0.00  0.00  0.00  0.00  0.00  0.00  0.00
  485                     1.00   1.00  0.00  0.00  0.00  0.00  0.00  0.00  0.00  0.00
  2408                    1.00   1.00  0.00  0.00  0.00  0.00  0.00  0.00  0.00  0.00
  2436                    1.00   1.00  0.00  0.00  0.00  0.00  0.00  0.00  0.00  0.00
  2431                    1.00   1.00  0.00  0.00  0.00  0.00  0.00  0.00  0.00  0.00
  436_2                   1.00   1.00  0.00  0.00  0.00  0.00  0.00  0.00  0.00  0.00
  430                     1.00   1.00  0.00  0.00  0.00  0.00  0.00  0.00  0.00  0.00
  2430                    1.00   1.00  0.00  0.00  0.00  0.00  0.00  0.00  0.00  0.00
  2437                    1.00   0.07  0.93  0.00  0.00  0.00  0.00  0.00  0.00  0.00
  1437                    1.00   1.00  0.00  0.00  0.00  0.00  0.00  0.00  0.00  0.00
  3437                    1.00   0.01  0.00  0.00  0.91  0.00  0.00  0.08  0.87  0.00
  5437                    1.00   0.04  0.96  0.00  0.00  0.00  0.00  0.00  0.00  0.00
  406                     1.00   1.00  0.00  0.00  0.00  0.00  0.00  0.00  0.00  0.00
  2476                    1.00   1.00  0.00  0.00  0.00  0.00  0.00  0.00  0.00  0.00
  4413                    1.00   0.04  0.96  0.00  0.00  0.00  0.00  0.00  0.00  0.00
  3413                    1.00   1.00  0.00  0.00  0.00  0.00  0.00  0.00  0.00  0.00
  413                     1.00   1.00  0.00  0.00  0.00  0.00  0.00  0.00  0.00  0.00
  390                     1.00   0.13  0.00  0.00  0.78  0.00  0.00  0.09  0.78  0.00
  2483                    1.00   0.05  0.00  0.00  0.00  0.00  0.00  0.95  0.00  0.00
  428                     1.00   0.34  0.00  0.00  0.54  0.00  0.00  0.13  0.52  0.00
  2429                    1.00   0.17  0.00  0.00  0.64  0.00  0.19  0.00  0.00  0.00
  429                     1.00   0.34  0.00  0.00  0.52  0.00  0.14  0.00  0.00  0.00
  3429                    1.00   0.07  0.00  0.00  0.00  0.00  0.93  0.00  0.00  0.00
  404                     1.00   1.00  0.00  0.00  0.00  0.00  0.00  0.00  0.00  0.00
  4408                    1.00   1.00  0.00  0.00  0.00  0.00  0.00  0.00  0.00  0.00
  465                     1.00   1.00  0.00  0.00  0.00  0.00  0.00  0.00  0.00  0.00
  1305                    1.00   1.00  0.00  0.00  0.00  0.00  0.00  0.00  0.00  0.00
  11305                   1.00   1.00  0.00  0.00  0.00  0.00  0.00  0.00  0.00  0.00
  NL436                   1.00   1.00  0.00  0.00  0.00  0.00  0.00  0.00  0.00  0.00
  409                     1.00   1.00  0.00  0.00  0.00  0.00  0.00  0.00  0.00  0.00
  1409                    1.00   1.00  0.00  0.00  0.00  0.00  0.00  0.00  0.00  0.00
  437                     1.00   1.00  0.00  0.00  0.00  0.00  0.00  0.00  0.00  0.00
  4437                    1.00   0.01  0.00  0.00  0.94  0.00  0.00  0.04  0.95  0.00
  3476                    1.00   1.00  0.00  0.00  0.00  0.00  0.00  0.00  0.00  0.00
  403                     1.00   1.00  0.00  0.00  0.00  0.00  0.00  0.00  0.00  0.00
  483                     1.00   1.00  0.00  0.00  0.00  0.00  0.00  0.00  0.00  0.00
  431                     1.00   1.00  0.00  0.00  0.00  0.00  0.00  0.00  0.00  0.00
  
  
  *************************
  Conduit Surcharge Summary
  *************************
  
  ----------------------------------------------------------------------------
                                                           Hours        Hours 
                         --------- Hours Full --------   Above Full   Capacity
  Conduit                Both Ends  Upstream  Dnstream   Normal Flow   Limited
  ----------------------------------------------------------------------------
  390                         0.01      0.01     17.20      0.01         0.01
  428                         0.01      0.01      6.12      0.01         0.01
  
  
  ***************
  Pumping Summary
  ***************
  
  ---------------------------------------------------------------------------------------------------------
                                                  Min       Avg       Max     Total     Power    % Time Off
                        Percent   Number of      Flow      Flow      Flow    Volume     Usage    Pump Curve
  Pump                 Utilized   Start-Ups       CFS       CFS       CFS  10^6 gal     Kw-hr    Low   High
  ---------------------------------------------------------------------------------------------------------
  8486                     0.00           0      0.00      0.00      0.00     0.000      0.00    0.0    0.0
  8490                     0.02           1      0.00      8.87     10.00     0.001      0.00    0.0   75.8
  8498                     0.00           0      0.00      0.00      0.00     0.000      0.00    0.0    0.0
  8479                     0.00           0      0.00      0.00      0.00     0.000      0.00    0.0    0.0
  8476                     0.00           0      0.00      0.00      0.00     0.000      0.00    0.0    0.0
  8410                     0.00           0      0.00      0.00      0.00     0.000      0.00    0.0    0.0
  8408                   100.00           1      0.00     10.00     10.00     6.463      0.00    0.0    0.0
  8485                     0.00           0      0.00      0.00      0.00     0.000      0.00    0.0    0.0
  8431                     0.00           0      0.00      0.00      0.00     0.000      0.00    0.0    0.0
  436                      0.00           0      0.00      0.00      0.00     0.000      0.00    0.0    0.0
  8430                     0.00           0      0.00      0.00      0.00     0.000      0.00    0.0    0.0
  8437                     0.00           0      0.00      0.00      0.00     0.000      0.00    0.0    0.0
  8413P                    0.00           0      0.00      0.00      0.00     0.000      0.00    0.0    0.0
  8390                     0.00           0      0.00      0.00      0.00     0.000      0.00    0.0    0.0
  8483                     0.00           0      0.00      0.00      0.00     0.000      0.00    0.0    0.0
  8429                     0.00           0      0.00      0.00      0.00     0.000      0.00    0.0    0.0
  8404                     0.00           0      0.00      0.00      0.00     0.000      0.00    0.0    0.0
  8428                     0.00           0      0.00      0.00      0.00     0.000      0.00    0.0    0.0
  8465                     0.00           0      0.00      0.00      0.00     0.000      0.00    0.0    0.0
  81305                  100.00           1      0.00     10.00     10.00     6.463      0.00    0.0    0.0
  8403                   100.00           1      0.00     10.00     10.00     6.463      0.00    0.0    0.0
  8406                   100.00           1      0.00     10.00     10.00     6.463      0.00    0.0    0.0
  8409                   100.00           1      0.00     10.00     10.00     6.463      0.00    0.0    0.0
  

  Analysis begun on:  Wed Jul 22 11:40:24 2026
  Analysis ended on:  Wed Jul 22 11:40:25 2026
  Total elapsed time: 00:00:01