
  EPA STORM WATER MANAGEMENT MODEL - VERSION 5.2 (Build 5.2.4)
  ------------------------------------------------------------

  Converted from XPSWMM .xp file 
  WARNING 04: minimum elevation drop used for Conduit C102-C-1
  WARNING 04: minimum elevation drop used for Conduit C102-C-2
  WARNING 04: minimum elevation drop used for Conduit C102-C-3
  WARNING 04: minimum elevation drop used for Conduit C102-C-4
  WARNING 04: minimum elevation drop used for Conduit C102-C-5
  WARNING 04: minimum elevation drop used for Conduit C102-C-6
  WARNING 04: minimum elevation drop used for Conduit C102-C-7
  WARNING 04: minimum elevation drop used for Conduit C102-C-8
  WARNING 04: minimum elevation drop used for Conduit C102-C-9
  WARNING 04: minimum elevation drop used for Conduit C102-C-10
  WARNING 04: minimum elevation drop used for Conduit S-165
  WARNING 04: minimum elevation drop used for Conduit C102-C-11
  WARNING 04: minimum elevation drop used for Conduit C102-C-11A
  WARNING 04: minimum elevation drop used for Conduit C102-C-12
  WARNING 04: minimum elevation drop used for Conduit C102-C-13
  WARNING 04: minimum elevation drop used for Conduit C102N-C-5
  WARNING 04: minimum elevation drop used for Conduit C102N-C-4
  WARNING 04: minimum elevation drop used for Conduit C102N-C-3
  WARNING 04: minimum elevation drop used for Conduit C102N-C-2
  WARNING 04: minimum elevation drop used for Conduit U1
  WARNING 04: minimum elevation drop used for Conduit C102N-C-1
  WARNING 04: minimum elevation drop used for Conduit GOULDS-C-2
  WARNING 10: crest elevation raised to downstream invert for regulator Link GLDS-W-S-3
  WARNING 10: crest elevation raised to downstream invert for regulator Link WN-13-14
  WARNING 10: crest elevation raised to downstream invert for regulator Link WS-11-12
  WARNING 10: crest elevation raised to downstream invert for regulator Link WS-12-13
  WARNING 10: crest elevation raised to downstream invert for regulator Link WN-14-15
  WARNING 10: crest elevation raised to downstream invert for regulator Link WS-15-14
  WARNING 10: crest elevation raised to downstream invert for regulator Link WS-14-13
  WARNING 10: crest elevation raised to downstream invert for regulator Link WN-14-GS-2
  WARNING 10: crest elevation raised to downstream invert for regulator Link WN-15-GS-2
  
  ****************
  Analysis Options
  ****************
  Flow Units ............... CFS
  Process Models:
    Rainfall/Runoff ........ NO
    RDII ................... NO
    Snowmelt ............... NO
    Groundwater ............ NO
    Flow Routing ........... YES
    Ponding Allowed ........ NO
    Water Quality .......... NO
  Flow Routing Method ...... DYNWAVE
  Surcharge Method ......... EXTRAN
  Starting Date ............ 01/01/2001 00:00:00
  Ending Date .............. 01/02/2001 00:00:00
  Antecedent Dry Days ...... 0.0
  Report Time Step ......... 00:15:00
  Routing Time Step ........ 120.00 sec
  Variable Time Step ....... YES
  Maximum Trials ........... 50
  Number of Threads ........ 1
  Head Tolerance ........... 0.005000 ft
  
  
  **************************        Volume        Volume
  Flow Routing Continuity        acre-feet      10^6 gal
  **************************     ---------     ---------
  Dry Weather Inflow .......         0.000         0.000
  Wet Weather Inflow .......         0.000         0.000
  Groundwater Inflow .......         0.000         0.000
  RDII Inflow ..............         0.000         0.000
  External Inflow ..........        59.502        19.390
  External Outflow .........         4.175         1.360
  Flooding Loss ............      5476.081      1784.463
  Evaporation Loss .........         0.000         0.000
  Exfiltration Loss ........         0.000         0.000
  Initial Stored Volume ....      1038.590       338.440
  Final Stored Volume ......      2265.188       738.145
  Continuity Error (%) .....      -605.355
  
  
  *************************
  Highest Continuity Errors
  *************************
  Node U5-W (48.38%)
  Node U5-E (17.96%)
  Node B13-W (14.53%)
  Node B16-S (13.49%)
  Node GLDS-2 (5.09%)
  
  
  ***************************
  Time-Step Critical Elements
  ***************************
  Node NN-14-GS-2 (57.86%)
  Node NS-11-12 (25.26%)
  Node NS-15-14 (6.48%)
  Link L31-E-10 (3.25%)
  Node NS-14-13 (2.50%)
  
  
  ********************************
  Highest Flow Instability Indexes
  ********************************
  Link GLDS-W-S-3 (150)
  Link GOULDS-C-3 (149)
  Link L31-E-10 (148)
  Link WS-12-13 (99)
  Link WN-15-GS-2 (97)
  
  
  *********************************
  Most Frequent Nonconverging Nodes
  *********************************
  Node S21A (95.27%)
  Node NS-11-12 (93.61%)
  Node NN-14-GS-2 (82.90%)
  Node NS-15-14 (23.69%)
  Node NS-14-13 (8.07%)
  
  
  *************************
  Routing Time Step Summary
  *************************
  Minimum Time Step           :     0.50 sec
  Average Time Step           :     0.69 sec
  Maximum Time Step           :    21.68 sec
  % of Time in Steady State   :     0.00
  Average Iterations per Step :    47.85
  % of Steps Not Converging   :    95.27
  Time Step Frequencies       :
     120.000 - 40.100 sec      :     0.00 %
     40.100 - 13.400 sec      :     0.00 %
     13.400 -  4.478 sec      :     0.00 %
      4.478 -  1.496 sec      :     3.44 %
      1.496 -  0.500 sec      :    96.56 %
  
  
  ******************
  Node Depth Summary
  ******************
  
  ---------------------------------------------------------------------------------
                                 Average  Maximum  Maximum  Time of Max    Reported
                                   Depth    Depth      HGL   Occurrence   Max Depth
  Node                 Type         Feet     Feet     Feet  days hr:min        Feet
  ---------------------------------------------------------------------------------
  PR08                 JUNCTION     0.16     0.16     7.96     0  01:27        0.16
  B1-E                 JUNCTION     0.00     0.00     8.30     0  00:00        0.00
  B2-N                 JUNCTION     0.00     0.00     8.30     0  00:00        0.00
  B2-S                 JUNCTION     0.00     0.00     9.20     0  00:00        0.00
  B3-W                 JUNCTION     0.00     0.00     9.20     0  00:00        0.00
  B3-E                 JUNCTION     0.00     0.00     8.67     0  00:00        0.00
  S-194-W              JUNCTION     0.00     0.00     8.67     0  00:00        0.00
  S194-E               JUNCTION     0.00     0.00    11.40     0  00:00        0.00
  B4-W                 JUNCTION     0.00     0.00    10.20     0  00:00        0.00
  B4-E                 JUNCTION     0.00     0.00    11.30     0  00:00        0.00
  B5-N                 JUNCTION     0.00     0.00    11.30     0  00:00        0.00
  B5-S                 JUNCTION     0.00     0.00     9.80     0  00:00        0.00
  B6-W                 JUNCTION     0.00     0.00     9.80     0  00:00        0.00
  B6-E                 JUNCTION     0.00     0.00     9.30     0  00:00        0.00
  B7-N                 JUNCTION     0.00     0.00     9.30     0  00:00        0.00
  B7-S                 JUNCTION     0.00     0.00     9.50     0  00:00        0.00
  B8-N                 JUNCTION     0.00     0.00     9.50     0  00:00        0.00
  B8-S                 JUNCTION     0.00     0.00     8.50     0  00:00        0.00
  S-165-N              JUNCTION     0.00     0.00     8.50     0  00:00        0.00
  S-165-S              JUNCTION     0.00     0.00     8.50     0  00:00        0.00
  B9-N                 JUNCTION     0.00     0.00     8.50     0  00:00        0.00
  B9-S                 JUNCTION     0.00     0.00     7.40     0  00:00        0.00
  B10-N                JUNCTION     0.00     0.00     7.40     0  00:00        0.00
  B10-S                JUNCTION     0.00     0.00     8.70     0  00:00        0.00
  B11-N                JUNCTION     0.00     0.00     8.70     0  00:00        0.00
  B11-S                JUNCTION     0.00     0.00     9.10     0  00:00        0.00
  B12-W                JUNCTION     0.00     0.00     9.10     0  00:00        0.00
  B12-E                JUNCTION     0.16     0.16     7.26     0  01:50        0.16
  C102-1               JUNCTION     0.08     0.12     8.28     0  02:52        0.12
  B13-W                JUNCTION     0.16     0.16     5.64     0  00:01        0.16
  B13-E                JUNCTION     0.01     0.01     7.01     0  05:58        0.01
  PR03                 JUNCTION     0.07     0.16     7.32     0  00:01        0.15
  B14-E                JUNCTION     0.16     0.16     5.86     0  00:12        0.16
  C102-2               JUNCTION     0.11     0.16     6.06     0  00:43        0.16
  B16-S                JUNCTION     0.15     0.16     6.96     0  03:53        0.16
  PR04A                JUNCTION     0.00     0.00    10.50     0  00:00        0.00
  B15-E                JUNCTION     0.00     0.00    10.50     0  00:00        0.00
  B15-W                JUNCTION     0.00     0.00     7.47     0  00:00        0.00
  S195-E               JUNCTION     0.00     0.00     7.47     0  00:00        0.00
  S195-W               JUNCTION     0.00     0.00     6.90     0  00:00        0.00
  U3-S                 JUNCTION     0.00     0.00     6.90     0  00:00        0.00
  U3-N                 JUNCTION     0.00     0.00     7.74     0  00:00        0.00
  U2-S                 JUNCTION     0.00     0.00     7.74     0  00:00        0.00
  U2-N                 JUNCTION     0.00     0.00     8.20     0  00:00        0.00
  U1-S                 JUNCTION     0.00     0.00     8.20     0  00:00        0.00
  U1-N                 JUNCTION     0.00     0.00     8.20     0  00:00        0.00
  PR07                 JUNCTION     0.00     0.00    11.40     0  00:00        0.00
  L31E-5               JUNCTION     0.00     0.00     7.50     0  00:00        0.00
  L31E-4               JUNCTION     0.00     0.00     7.90     0  00:00        0.00
  GLDS-2               JUNCTION     0.16     0.16     6.08     0  02:49        0.16
  U5-W                 JUNCTION     0.73     1.15     7.07     1  00:00        1.15
  GLDS-1               JUNCTION     0.15     0.16     6.94     0  00:27        0.16
  U5-E                 JUNCTION     1.93     2.37     7.07     1  00:00        2.37
  GLDS-3               JUNCTION     0.16     0.16     8.56     0  00:01        0.16
  L31E-6               JUNCTION     0.16     0.16     7.66     0  00:12        0.16
  C102N-S-13           JUNCTION     4.73     5.70    11.40     0  11:51        5.69
  C102N-S-12           JUNCTION     6.15     7.00    14.00     0  19:25        7.00
  C102N-S-11           JUNCTION     4.34     5.30    10.60     0  20:55        5.29
  C102N-S-10           JUNCTION     7.36     8.00    16.00     0  01:56        8.00
  C102N-N-14           JUNCTION     6.15     7.00    14.00     0  19:25        7.00
  C102N-N-13           JUNCTION     4.36     5.30    10.30     0  19:30        5.28
  GOULDSN-S3           JUNCTION     0.00     4.41     7.91     0  00:00        0.00
  WN-13-14             JUNCTION     9.34    10.34    10.34     0  01:41       10.05
  NS-11-12             JUNCTION     5.00     6.90    11.00     0  00:18        6.48
  NS-12-13             JUNCTION     2.54     7.30    11.00     0  00:50        7.30
  NN-14-15             JUNCTION     2.68     7.80    11.00     0  02:53        7.80
  NS-15-14             JUNCTION     3.71     8.80    11.00     0  00:01        8.80
  NS-14-13             JUNCTION     3.10     8.40    11.00     0  01:00        7.90
  NN-14-GS-2           JUNCTION     5.53     8.00    11.00     0  01:46        7.52
  NN-15-GS-2           JUNCTION     3.08     8.80    11.00     0  01:39        8.80
  S21A                 OUTFALL      0.10     0.15     5.85     0  04:22        0.15
  C102-N-1             STORAGE      0.01     0.01    10.01     1  00:00        0.01
  C102-S-1             STORAGE      0.00     0.00    10.00     0  00:00        0.00
  L31-N                STORAGE      5.10     5.83    13.63     0  00:56        5.83
  C102-N-3             STORAGE      0.00     0.00    10.00     0  00:00        0.00
  CC102-S-1            STORAGE      0.00     0.00    10.00     1  00:00        0.00
  C102-N-2             STORAGE      0.00     0.00    10.00     0  00:00        0.00
  C102-S-2             STORAGE      0.00     0.00    10.00     0  00:00        0.00
  CC102-S-2            STORAGE      0.00     0.00    10.00     0  00:00        0.00
  C102-S-3             STORAGE      0.00     0.00    10.00     0  00:00        0.00
  CC102-S-3            STORAGE      0.00     0.00    10.00     0  00:00        0.00
  C102-N-4             STORAGE      0.00     0.00    10.00     0  00:00        0.00
  C102-S-4             STORAGE      0.00     0.00    15.00     0  00:00        0.00
  C102-N-5             STORAGE      0.00     0.00    15.00     0  00:00        0.00
  C102-S-5             STORAGE      0.00     0.00    15.00     0  00:00        0.00
  CC102-N-1            STORAGE      0.00     0.01    15.01     1  00:00        0.01
  CC102-S-4            STORAGE      0.00     0.00    15.00     0  00:00        0.00
  C102-N-6             STORAGE      0.00     0.00    15.00     0  00:00        0.00
  C102-S-6             STORAGE      0.00     0.00    15.00     1  00:00        0.00
  C102-N-7             STORAGE      0.00     0.00    15.00     1  00:00        0.00
  C102-N-8             STORAGE      0.00     0.00    15.00     0  00:00        0.00
  C102-S-7             STORAGE      0.00     0.00    15.00     0  00:00        0.00
  C102N-N-2            STORAGE      0.00     0.01    15.01     1  00:00        0.01
  C102N-N-3            STORAGE      0.00     0.00    15.00     0  00:00        0.00
  C102N-S-1            STORAGE      0.00     0.00    15.00     0  00:00        0.00
  C102N-N-4            STORAGE      0.00     0.00    15.00     0  00:00        0.00
  C102N-S-2            STORAGE      0.00     0.00    15.00     0  00:00        0.00
  C102N-N-5            STORAGE      0.01     0.01    15.01     1  00:00        0.01
  C102N-S-3            STORAGE      0.00     0.00    15.00     0  00:00        0.00
  C102N-N-6            STORAGE      0.00     0.00    15.00     0  00:00        0.00
  C102N-S-4            STORAGE      0.00     0.00    15.00     0  00:00        0.00
  C102N-N-7            STORAGE      0.00     0.00    15.00     0  00:00        0.00
  C102-S-15            STORAGE      0.21     0.22    10.22     1  00:00        0.22
  C102-S-14            STORAGE      0.48     0.51    10.51     0  06:08        0.51
  C102-S-13            STORAGE      0.46     0.49    10.49     0  06:48        0.49
  C102-S-8             STORAGE      0.00     0.01    15.01     1  00:00        0.01
  C102-S-9             STORAGE      0.00     0.00    15.00     0  00:00        0.00
  C102-S-10            STORAGE      0.00     0.01    15.01     1  00:00        0.01
  C102-S-11            STORAGE      0.00     0.00    15.00     0  00:00        0.00
  C102-S-12            STORAGE      0.47     0.50    10.50     0  06:11        0.50
  C102-N-10            STORAGE      0.00     0.00    15.00     0  00:00        0.00
  C102-N-11            STORAGE      0.00     0.00    15.00     0  00:00        0.00
  C102-N-12            STORAGE      0.00     0.00    15.00     0  00:00        0.00
  C102-N-9             STORAGE      0.01     0.01    15.01     1  00:00        0.01
  C102-N-13            STORAGE      0.00     0.00    10.00     0  00:00        0.00
  C102-N-14            STORAGE      0.00     0.00    10.00     0  23:59        0.00
  C102-N-15            STORAGE      0.41     0.48    10.48     0  23:59        0.48
  GOULDS-N-1           STORAGE      0.00     0.00    10.00     1  00:00        0.00
  GOULDS-S-1           STORAGE      0.00     0.00    10.00     0  00:00        0.00
  GOULDS-N-2           STORAGE      1.70     1.70    11.70     1  00:00        1.70
  GOULDS-S-2           STORAGE      0.45     0.49    10.49     0  06:48        0.49
  GOULDS-S-3           STORAGE      0.10     0.10    10.10     0  00:00        0.10
  
  
  *******************
  Node Inflow Summary
  *******************
  
  -------------------------------------------------------------------------------------------------
                                  Maximum  Maximum                  Lateral       Total        Flow
                                  Lateral    Total  Time of Max      Inflow      Inflow     Balance
                                   Inflow   Inflow   Occurrence      Volume      Volume       Error
  Node                 Type           CFS      CFS  days hr:min    10^6 gal    10^6 gal     Percent
  -------------------------------------------------------------------------------------------------
  PR08                 JUNCTION      0.00     1.59     0  01:28           0       0.941       3.921
  B1-E                 JUNCTION      0.00     0.00     0  00:00           0           0       0.000 gal
  B2-N                 JUNCTION      0.00     0.00     0  00:00           0           0       0.000 gal
  B2-S                 JUNCTION      0.00     0.00     0  00:00           0           0       0.000 gal
  B3-W                 JUNCTION      0.00     0.00     0  00:00           0           0       0.000 gal
  B3-E                 JUNCTION      0.00     0.00     0  00:00           0           0       0.000 gal
  S-194-W              JUNCTION      0.00     0.00     0  00:00           0           0       0.000 gal
  S194-E               JUNCTION      0.00     0.00     0  00:00           0           0       0.000 gal
  B4-W                 JUNCTION      0.00     0.00     0  00:00           0           0       0.000 gal
  B4-E                 JUNCTION      0.00     0.00     0  00:00           0           0       0.000 gal
  B5-N                 JUNCTION      0.00     0.00     0  00:00           0           0       0.000 gal
  B5-S                 JUNCTION      0.00     0.00     0  00:00           0           0       0.000 gal
  B6-W                 JUNCTION      0.00     0.00     0  00:00           0           0       0.000 gal
  B6-E                 JUNCTION      0.00     0.00     0  00:00           0           0       0.000 gal
  B7-N                 JUNCTION      0.00     0.00     0  00:00           0           0       0.000 gal
  B7-S                 JUNCTION      0.00     0.00     0  00:00           0           0       0.000 gal
  B8-N                 JUNCTION      0.00     0.00     0  00:00           0           0       0.000 gal
  B8-S                 JUNCTION      0.00     0.00     0  00:00           0           0       0.000 gal
  S-165-N              JUNCTION      0.00     0.00     0  00:00           0           0       0.000 gal
  S-165-S              JUNCTION      0.00     0.00     0  00:00           0           0       0.000 gal
  B9-N                 JUNCTION      0.00     0.00     0  00:00           0           0       0.000 gal
  B9-S                 JUNCTION      0.00     0.00     0  00:00           0           0       0.000 gal
  B10-N                JUNCTION      0.00     0.00     0  00:00           0           0       0.000 gal
  B10-S                JUNCTION      0.00     0.00     0  00:00           0           0       0.000 gal
  B11-N                JUNCTION      0.00     0.00     0  00:00           0           0       0.000 gal
  B11-S                JUNCTION      0.00     0.00     0  00:00           0           0       0.000 gal
  B12-W                JUNCTION      0.00     0.00     0  00:00           0           0       0.000 gal
  B12-E                JUNCTION      0.00     0.78     0  02:52           0       0.281       4.470
  C102-1               JUNCTION      0.00   144.99     0  03:14           0       0.759       4.893
  B13-W                JUNCTION      0.00  2359.69     0  00:01           0        3.29      17.004
  B13-E                JUNCTION      0.00     0.14     0  05:52           0      0.0276       3.025
  PR03                 JUNCTION      0.00  1739.26     0  00:01           0         2.2      -0.574
  B14-E                JUNCTION      0.00    12.04     0  00:01           0        2.06       1.814
  C102-2               JUNCTION      0.00   484.49     0  00:48           0        1.88      -1.463
  B16-S                JUNCTION      0.00     0.57     0  04:54           0       0.201      15.593
  PR04A                JUNCTION      0.00     0.00     0  00:00           0           0       0.000 gal
  B15-E                JUNCTION      0.00     0.00     0  00:00           0           0       0.000 gal
  B15-W                JUNCTION      0.00     0.00     0  00:00           0           0       0.000 gal
  S195-E               JUNCTION      0.00     0.00     0  00:00           0           0       0.000 gal
  S195-W               JUNCTION      0.00     0.00     0  00:00           0           0       0.000 gal
  U3-S                 JUNCTION      0.00     0.00     0  00:00           0           0       0.000 gal
  U3-N                 JUNCTION      0.00     0.00     0  00:00           0           0       0.000 gal
  U2-S                 JUNCTION      0.00     0.00     0  00:00           0           0       0.000 gal
  U2-N                 JUNCTION      0.00     0.00     0  00:00           0           0       0.000 gal
  U1-S                 JUNCTION      0.00     0.00     0  00:00           0           0       0.000 gal
  U1-N                 JUNCTION      0.00     0.00     0  00:00           0           0       0.000 gal
  PR07                 JUNCTION      0.00     0.00     0  00:00           0           0       0.000 gal
  L31E-5               JUNCTION      0.00     0.00     0  00:00           0           0       0.000 gal
  L31E-4               JUNCTION      0.00     0.00     0  00:00           0           0       0.000 gal
  GLDS-2               JUNCTION      0.00     1.71     1  00:00           0       0.905       5.360
  U5-W                 JUNCTION      0.00     1.17     0  03:47           0       0.555      93.722
  GLDS-1               JUNCTION      1.00     1.00     0  00:00       0.646       0.646       1.446
  U5-E                 JUNCTION      0.00     1.95     0  01:01           0        0.67      21.890
  GLDS-3               JUNCTION      0.00  1333.32     0  00:01           0         431       0.006
  L31E-6               JUNCTION      0.00     7.81     0  02:08           0         4.5       0.638
  C102N-S-13           JUNCTION      1.00     1.00     0  00:00       0.646       0.646     -49.884
  C102N-S-12           JUNCTION      1.00     1.00     0  00:00       0.646       0.646     -41.323
  C102N-S-11           JUNCTION      1.00     1.00     0  00:00       0.646       0.646     -57.317
  C102N-S-10           JUNCTION      1.00     1.00     0  00:00       0.646       0.646     -14.816
  C102N-N-14           JUNCTION      1.00     1.00     0  00:00       0.646       0.646     -41.323
  C102N-N-13           JUNCTION      1.00     1.00     0  00:00       0.646       0.646     -57.263
  GOULDSN-S3           JUNCTION      1.00   392.43     0  00:01       0.646         127     -70.498
  WN-13-14             JUNCTION      1.00     1.36     0  23:59       0.646       0.709     -19.661
  NS-11-12             JUNCTION      1.00  4717.40     0  06:10       0.646        64.1     -59.694
  NS-12-13             JUNCTION      1.00  3379.38     0  06:48       0.646         634     -36.944
  NN-14-15             JUNCTION      1.00  2172.06     0  23:59       0.646         338     -41.492
  NS-15-14             JUNCTION      1.00  5199.35     0  05:37       0.646         688     -38.823
  NS-14-13             JUNCTION      1.00  3310.75     0  06:20       0.646         578     -36.898
  NN-14-GS-2           JUNCTION      1.00  1688.13     0  06:48       0.646        55.9     -46.144
  NN-15-GS-2           JUNCTION      1.00  3376.38     0  06:48       0.646         595     -38.261
  S21A                 OUTFALL       0.00     3.43     0  04:22           0        1.36       0.000
  C102-N-1             STORAGE       1.00     1.00     0  00:00       0.646       0.646       0.000
  C102-S-1             STORAGE       0.00     0.00     0  00:00           0           0       0.000 gal
  L31-N                STORAGE       1.00     1.00     0  00:00       0.646        0.69     -29.265
  C102-N-3             STORAGE       0.00     0.00     0  00:00           0           0       0.000 gal
  CC102-S-1            STORAGE       1.00     1.00     0  00:00       0.646       0.646       0.000
  C102-N-2             STORAGE       0.00     0.00     0  00:00           0           0       0.000 gal
  C102-S-2             STORAGE       0.00     0.00     0  00:00           0           0       0.000 gal
  CC102-S-2            STORAGE       0.00     0.00     0  00:00           0           0       0.000 gal
  C102-S-3             STORAGE       0.00     0.00     0  00:00           0           0       0.000 gal
  CC102-S-3            STORAGE       0.00     0.00     0  00:00           0           0       0.000 gal
  C102-N-4             STORAGE       0.00     0.00     0  00:00           0           0       0.000 gal
  C102-S-4             STORAGE       0.00     0.00     0  00:00           0           0       0.000 gal
  C102-N-5             STORAGE       0.00     0.00     0  00:00           0           0       0.000 gal
  C102-S-5             STORAGE       0.00     0.00     0  00:00           0           0       0.000 gal
  CC102-N-1            STORAGE       1.00     1.00     0  00:00       0.646       0.646       0.000
  CC102-S-4            STORAGE       0.00     0.00     0  00:00           0           0       0.000 gal
  C102-N-6             STORAGE       0.00     0.00     0  00:00           0           0       0.000 gal
  C102-S-6             STORAGE       1.00     1.00     0  00:00       0.646       0.646       0.000
  C102-N-7             STORAGE       1.00     1.00     0  00:00       0.646       0.646       0.000
  C102-N-8             STORAGE       0.00     0.00     0  00:00           0           0       0.000 gal
  C102-S-7             STORAGE       0.00     0.00     0  00:00           0           0       0.000 gal
  C102N-N-2            STORAGE       1.00     1.00     0  00:00       0.646       0.646       0.000
  C102N-N-3            STORAGE       0.00     0.00     0  00:00           0           0       0.000 gal
  C102N-S-1            STORAGE       0.00     0.00     0  00:00           0           0       0.000 gal
  C102N-N-4            STORAGE       0.00     0.00     0  00:00           0           0       0.000 gal
  C102N-S-2            STORAGE       0.00     0.00     0  00:00           0           0       0.000 gal
  C102N-N-5            STORAGE       1.00     1.00     0  00:00       0.646       0.646       0.000
  C102N-S-3            STORAGE       0.00     0.00     0  00:00           0           0       0.000 gal
  C102N-N-6            STORAGE       0.00     0.00     0  00:00           0           0       0.000 gal
  C102N-S-4            STORAGE       0.00     0.00     0  00:00           0           0       0.000 gal
  C102N-N-7            STORAGE       0.00     0.00     0  00:00           0           0       0.000 gal
  C102-S-15            STORAGE       1.00     1.00     0  00:00       0.646        16.1       0.000
  C102-S-14            STORAGE       0.00  6860.28     0  00:01           0         811       3.301
  C102-S-13            STORAGE       0.00  9708.00     0  01:10           0    1.32e+03      -0.363
  C102-S-8             STORAGE       1.00     1.00     0  00:00       0.646       0.646       0.000
  C102-S-9             STORAGE       0.00     0.00     0  00:00           0           0       0.000 gal
  C102-S-10            STORAGE       1.00     1.00     0  00:00       0.646       0.646       0.000
  C102-S-11            STORAGE       0.00     0.00     0  00:00           0           0       0.000 gal
  C102-S-12            STORAGE       0.00  6602.38     0  00:18           0         128      -0.865
  C102-N-10            STORAGE       0.00     0.00     0  00:00           0           0       0.000 gal
  C102-N-11            STORAGE       0.00     0.00     0  00:00           0           0       0.000 gal
  C102-N-12            STORAGE       0.00     0.00     0  00:00           0           0       0.000 gal
  C102-N-9             STORAGE       1.00     1.00     0  00:00       0.646       0.646       0.000
  C102-N-13            STORAGE       0.00     0.00     0  00:00           0           0       0.000 gal
  C102-N-14            STORAGE       0.00   409.88     0  02:08           0       0.883      -1.097
  C102-N-15            STORAGE       0.00  3254.07     0  02:53           0         409      -0.100
  GOULDS-N-1           STORAGE       1.00     1.00     0  00:00       0.646       0.646       0.000
  GOULDS-S-1           STORAGE       0.00     0.00     0  00:00           0           0       0.000 gal
  GOULDS-N-2           STORAGE       1.00     1.00     0  00:00       0.646         289      -0.000
  GOULDS-S-2           STORAGE       0.00  7210.80     0  02:00           0         742       2.415
  GOULDS-S-3           STORAGE       0.00     0.00     0  00:00           0        3.53       0.000
  
  
  **********************
  Node Surcharge Summary
  **********************
  
  Surcharging occurs when water rises above the top of the highest conduit.
  ---------------------------------------------------------------------
                                               Max. Height   Min. Depth
                                   Hours       Above Crown    Below Rim
  Node                 Type      Surcharged           Feet         Feet
  ---------------------------------------------------------------------
  B12-E                JUNCTION       22.16          0.000        0.000
  B14-E                JUNCTION       23.79          0.000        0.000
  B16-S                JUNCTION       20.12          0.000        0.000
  GLDS-1               JUNCTION        2.08          0.000        0.000
  L31E-6               JUNCTION       23.80          0.000        0.000
  NS-11-12             JUNCTION        0.79          0.000        0.000
  NS-12-13             JUNCTION        7.53          0.000        0.000
  NN-14-15             JUNCTION        6.47          0.000        0.000
  NS-15-14             JUNCTION        5.55          0.000        0.000
  NS-14-13             JUNCTION        6.97          0.000        0.000
  NN-14-GS-2           JUNCTION        1.53          0.000        0.000
  NN-15-GS-2           JUNCTION        7.29          0.000        0.000
  
  
  *********************
  Node Flooding Summary
  *********************
  
  Flooding refers to all water that overflows a node, whether it ponds or not.
  --------------------------------------------------------------------------
                                                             Total   Maximum
                                 Maximum   Time of Max       Flood    Ponded
                        Hours       Rate    Occurrence      Volume     Depth
  Node                 Flooded       CFS   days hr:min    10^6 gal      Feet
  --------------------------------------------------------------------------
  PR08                   22.55      1.59      0  01:28       0.906     0.000
  B12-E                  22.16      0.78      0  02:52       0.269     0.000
  B13-W                  23.98   1179.85      0  00:01       3.295     0.000
  PR03                    0.04    863.60      0  00:01       0.366     0.000
  B14-E                  23.79     10.60      0  05:44       2.023     0.000
  C102-2                  0.15    239.18      0  00:48       0.522     0.000
  B16-S                  20.12      0.57      0  04:54       0.174     0.000
  GLDS-2                 21.18      1.71      1  00:00       0.853     0.000
  GLDS-1                  2.05      0.58      0  00:27       0.019     0.000
  GLDS-3                 23.98    641.80      0  00:01     299.011     0.000
  L31E-6                 23.80      6.49      0  00:29       3.892     0.000
  NS-11-12                0.79   2359.20      0  06:10      30.391     0.000
  NS-12-13                7.53   1690.19      0  06:48     315.479     0.000
  NN-14-15                6.47   1086.53      0  23:59     167.656     0.000
  NS-15-14                5.55   2600.17      0  05:37     342.291     0.000
  NS-14-13                6.97   1655.88      0  06:20     288.340     0.000
  NN-14-GS-2              1.53    844.57      0  06:48      26.677     0.000
  NN-15-GS-2              7.29   1688.69      0  06:48     296.054     0.000
  
  
  **********************
  Storage Volume Summary
  **********************
  
  ------------------------------------------------------------------------------------------------
                         Average    Avg   Evap  Exfil     Maximum    Max    Time of Max    Maximum
                          Volume   Pcnt   Pcnt   Pcnt      Volume   Pcnt     Occurrence    Outflow
  Storage Unit          1000 ft³   Full   Loss   Loss    1000 ft³   Full    days hr:min        CFS
  ------------------------------------------------------------------------------------------------
  C102-N-1                47.917    0.1    0.0    0.0      86.400    0.1       1  00:00       0.00
  C102-S-1                 0.000    0.0    0.0    0.0       0.000    0.0       0  00:00       0.00
  L31-N                    5.099   51.0    0.0    0.0       5.832   58.3       0  00:56       1.59
  C102-N-3                 0.000    0.0    0.0    0.0       0.000    0.0       0  00:00       0.00
  CC102-S-1               47.917    0.0    0.0    0.0      86.400    0.0       1  00:00       0.00
  C102-N-2                 0.000    0.0    0.0    0.0       0.000    0.0       0  00:00       0.00
  C102-S-2                 0.000    0.0    0.0    0.0       0.000    0.0       0  00:00       0.00
  CC102-S-2                0.000    0.0    0.0    0.0       0.000    0.0       0  00:00       0.00
  C102-S-3                 0.000    0.0    0.0    0.0       0.000    0.0       0  00:00       0.00
  CC102-S-3                0.000    0.0    0.0    0.0       0.000    0.0       0  00:00       0.00
  C102-N-4                 0.000    0.0    0.0    0.0       0.000    0.0       0  00:00       0.00
  C102-S-4                 0.000    0.0    0.0    0.0       0.000    0.0       0  00:00       0.00
  C102-N-5                 0.000    0.0    0.0    0.0       0.000    0.0       0  00:00       0.00
  C102-S-5                 0.000    0.0    0.0    0.0       0.000    0.0       0  00:00       0.00
  CC102-N-1               47.917    0.0    0.0    0.0      86.400    0.1       1  00:00       0.00
  CC102-S-4                0.000    0.0    0.0    0.0       0.000    0.0       0  00:00       0.00
  C102-N-6                 0.000    0.0    0.0    0.0       0.000    0.0       0  00:00       0.00
  C102-S-6                47.917    0.0    0.0    0.0      86.400    0.0       1  00:00       0.00
  C102-N-7                47.917    0.0    0.0    0.0      86.400    0.0       1  00:00       0.00
  C102-N-8                 0.000    0.0    0.0    0.0       0.000    0.0       0  00:00       0.00
  C102-S-7                 0.000    0.0    0.0    0.0       0.000    0.0       0  00:00       0.00
  C102N-N-2               47.917    0.0    0.0    0.0      86.400    0.1       1  00:00       0.00
  C102N-N-3                0.000    0.0    0.0    0.0       0.000    0.0       0  00:00       0.00
  C102N-S-1                0.000    0.0    0.0    0.0       0.000    0.0       0  00:00       0.00
  C102N-N-4                0.000    0.0    0.0    0.0       0.000    0.0       0  00:00       0.00
  C102N-S-2                0.000    0.0    0.0    0.0       0.000    0.0       0  00:00       0.00
  C102N-N-5               47.917    0.1    0.0    0.0      86.400    0.1       1  00:00       0.00
  C102N-S-3                0.000    0.0    0.0    0.0       0.000    0.0       0  00:00       0.00
  C102N-N-6                0.000    0.0    0.0    0.0       0.000    0.0       0  00:00       0.00
  C102N-S-4                0.000    0.0    0.0    0.0       0.000    0.0       0  00:00       0.00
  C102N-N-7                0.000    0.0    0.0    0.0       0.000    0.0       0  00:00       0.00
  C102-S-15             2108.017    2.1    0.0    0.0    2146.500    2.2       1  00:00       0.00
  C102-S-14            13106.606    4.8    0.0    0.0   13933.210    5.1       0  06:08    5198.35
  C102-S-13            14113.970    4.6    0.0    0.0   14988.165    4.9       0  06:48    6535.94
  C102-S-8                47.917    0.0    0.0    0.0      86.400    0.1       1  00:00       0.00
  C102-S-9                 0.000    0.0    0.0    0.0       0.000    0.0       0  00:00       0.00
  C102-S-10               47.917    0.0    0.0    0.0      86.400    0.1       1  00:00       0.00
  C102-S-11                0.000    0.0    0.0    0.0       0.000    0.0       0  00:00       0.00
  C102-S-12             8539.298    4.7    0.0    0.0    9214.533    5.0       0  06:11    4716.40
  C102-N-10                0.000    0.0    0.0    0.0       0.000    0.0       0  00:00       0.00
  C102-N-11                0.000    0.0    0.0    0.0       0.000    0.0       0  00:00       0.00
  C102-N-12                0.000    0.0    0.0    0.0       0.000    0.0       0  00:00       0.00
  C102-N-9                47.917    0.1    0.0    0.0      86.400    0.1       1  00:00       0.00
  C102-N-13                0.000    0.0    0.0    0.0       0.000    0.0       0  00:00       0.00
  C102-N-14               70.646    0.0    0.0    0.0     110.912    0.0       0  23:59       0.36
  C102-N-15             8110.544    4.1    0.0    0.0    9614.569    4.8       0  23:59    2171.06
  GOULDS-N-1              47.917    0.0    0.0    0.0      86.400    0.0       1  00:00       0.00
  GOULDS-S-1               0.000    0.0    0.0    0.0       0.000    0.0       0  00:00       0.00
  GOULDS-N-2           38637.917   17.0    0.0    0.0   38676.400   17.0       1  00:00       0.00
  GOULDS-S-2            9616.634    4.5    0.0    0.0   10576.378    4.9       0  06:48    3375.38
  GOULDS-S-3             472.000    1.0    0.0    0.0     472.000    1.0       0  00:00       0.00
  
  
  ***********************
  Outfall Loading Summary
  ***********************
  
  -----------------------------------------------------------
                         Flow       Avg       Max       Total
                         Freq      Flow      Flow      Volume
  Outfall Node           Pcnt       CFS       CFS    10^6 gal
  -----------------------------------------------------------
  S21A                  99.99      1.97      3.43       1.360
  -----------------------------------------------------------
  System                99.99      1.97      3.43       1.360
  
  
  ********************
  Link Flow Summary
  ********************
  
  -----------------------------------------------------------------------------
                                 Maximum  Time of Max   Maximum    Max/    Max/
                                  |Flow|   Occurrence   |Veloc|    Full    Full
  Link                 Type          CFS  days hr:min    ft/sec    Flow   Depth
  -----------------------------------------------------------------------------
  C102-C-1             CONDUIT      1.59     0  01:28      0.96   75.20    1.00
  B1                   CONDUIT      0.00     0  00:00      0.00    0.00    0.50
  C102-C-2             CONDUIT      0.00     0  00:00      0.00    0.00    0.00
  B2                   CONDUIT      0.00     0  00:00      0.00    0.00    0.00
  C102-C-3             CONDUIT      0.00     0  00:00      0.00    0.00    0.00
  B3                   CONDUIT      0.00     0  00:00      0.00    0.00    0.00
  C102-C-4             CONDUIT      0.00     0  00:00      0.00    0.00    0.00
  S-194                CONDUIT      0.00     0  00:00      0.00    0.00    0.00
  C102-C-5             CONDUIT      0.00     0  00:00      0.00    0.00    0.00
  B4                   CONDUIT      0.00     0  00:00      0.00    0.00    0.00
  C102-C-6             CONDUIT      0.00     0  00:00      0.00    0.00    0.00
  B5                   CONDUIT      0.00     0  00:00      0.00    0.00    0.00
  C102-C-7             CONDUIT      0.00     0  00:00      0.00    0.00    0.00
  B6                   CONDUIT      0.00     0  00:00      0.00    0.00    0.00
  C102-C-8             CONDUIT      0.00     0  00:00      0.00    0.00    0.00
  B7                   CONDUIT      0.00     0  00:00      0.00    0.00    0.00
  C102-C-9             CONDUIT      0.00     0  00:00      0.00    0.00    0.00
  B8                   CONDUIT      0.00     0  00:00      0.00    0.00    0.00
  C102-C-10            CONDUIT      0.00     0  00:00      0.00    0.00    0.00
  S-165                CONDUIT      0.00     0  00:00      0.00    0.00    0.00
  C102-C-11            CONDUIT      0.00     0  00:00      0.00    0.00    0.00
  B9                   CONDUIT      0.00     0  00:00      0.00    0.00    0.00
  C102-C-11A           CONDUIT      0.00     0  00:00      0.00    0.00    0.00
  B10                  CONDUIT      0.00     0  00:00      0.00    0.00    0.00
  C102-C-12            CONDUIT      0.00     0  00:00      0.00    0.00    0.00
  B11                  CONDUIT      0.00     0  00:00      0.00    0.00    0.00
  C102-C-13            CONDUIT      0.00     0  00:00      0.00    0.00    0.00
  B12                  CONDUIT      0.00     0  00:00      0.00    0.00    0.50
  C102-C-14            CONDUIT      0.78     0  02:52      0.57    0.61    0.87
  C102-C-15            CONDUIT      0.66     0  02:52      0.46    0.61    0.87
  B13                  CONDUIT      0.11     0  05:58      0.12    0.01    0.54
  C102-C-16            CONDUIT      0.14     0  05:52      0.17    0.41    0.54
  B14                  CONDUIT     12.04     0  00:01     14.80    1.13    1.00
  C102-C-17            CONDUIT      0.32     0  05:09      0.19    0.99    1.00
  S21A-C               CONDUIT      3.43     0  04:22      2.13    1.00    0.98
  C102N-C-6            CONDUIT      0.57     0  04:54      0.46    0.60    0.87
  B16                  CONDUIT      0.00     0  00:00      0.00    0.00    0.50
  C102N-C-5            CONDUIT      0.00     0  00:00      0.00    0.00    0.00
  B15                  CONDUIT      0.00     0  00:00      0.00    0.00    0.00
  C102N-C-4            CONDUIT      0.00     0  00:00      0.00    0.00    0.00
  S-195                CONDUIT      0.00     0  00:00      0.00    0.00    0.00
  C102N-C-3            CONDUIT      0.00     0  00:00      0.00    0.00    0.00
  U3                   CONDUIT      0.00     0  00:00      0.00    0.00    0.00
  C102N-C-2            CONDUIT      0.00     0  00:00      0.00    0.00    0.00
  U1                   CONDUIT      0.00     0  00:00      0.00    0.00    0.00
  C102N-C-1            CONDUIT      0.00     0  00:00      0.00    0.00    0.00
  U2                   CONDUIT      0.00     0  00:00      0.00    0.00    0.00
  C102-C-5A            CONDUIT      0.00     0  00:00      0.00    0.00    0.00
  L31-E-7              CONDUIT      0.00     0  00:00      0.00    0.00    0.00
  L31-E-8              CONDUIT      0.00     0  00:00      0.00    0.00    0.50
  C102N-S-15           CONDUIT      0.00     0  00:00      0.00    0.00    0.00
  C102N-S-14           CONDUIT      0.00     0  00:00      0.00    0.00    0.00
  GOULDS-C-1           CONDUIT      1.09     0  02:45      0.68    0.95    0.98
  GOULDS-C-2           CONDUIT      0.71     1  00:00      0.43   31.46    1.00
  U5                   CONDUIT      1.16     0  06:10      0.41    0.00    0.19
  GOULDS-C-3           CONDUIT      1.95     0  01:01      2.13    0.64    1.00
  L31-E-10             CONDUIT      7.81     0  02:08      9.58    0.94    1.00
  L31-E-9              CONDUIT      1.14     0  03:42      0.69    1.01    1.00
  GOULDS-S2            CONDUIT      0.00     0  00:00      0.00    0.00    0.00
  C102-W-N-1           WEIR         0.00     0  00:00                      0.00
  C102-W-S-1           WEIR         0.00     0  00:00                      0.00
  C102-W-N-3           WEIR         0.00     0  00:00                      0.00
  WS-C1-1              WEIR         0.00     0  00:00                      0.00
  C102-W-N-2           WEIR         0.00     0  00:00                      0.00
  WS-C2-2              WEIR         0.00     0  00:00                      0.00
  C102-W-S-2           WEIR         0.00     0  00:00                      0.00
  WS-C3-3              WEIR         0.00     0  00:00                      0.00
  C102-W-S-3           WEIR         0.00     0  00:00                      0.00
  C102-W-N-4           WEIR         0.00     0  00:00                      0.00
  C102-W-S-4           WEIR         0.00     0  00:00                      0.00
  C102-W-N-5           WEIR         0.00     0  00:00                      0.00
  C102-W-S-5           WEIR         0.00     0  00:00                      0.00
  WSC-4-5              WEIR         0.00     0  00:00                      0.00
  WNC1-5               WEIR         0.00     0  00:00                      0.00
  C102-W-N-6           WEIR         0.00     0  00:00                      0.00
  C102-W-S-6           WEIR         0.00     0  00:00                      0.00
  C102-W-N-7           WEIR         0.00     0  00:00                      0.00
  C102-W-N-8           WEIR         0.00     0  00:00                      0.00
  C102-W-S-7           WEIR         0.00     0  00:00                      0.00
  C103NW-N-2           WEIR         0.00     0  00:00                      0.00
  C102N-W-N5           WEIR         0.00     0  00:00                      0.00
  C102NW-S-1           WEIR         0.00     0  00:00                      0.00
  C102NW-N-4           WEIR         0.00     0  00:00                      0.00
  C102NW-S-2           WEIR         0.00     0  00:00                      0.00
  C102NW-N-5           WEIR         0.00     0  00:00                      0.00
  C102NW-S-3           WEIR         0.00     0  00:00                      0.00
  C102NW-N-6           WEIR         0.00     0  00:00                      0.00
  C102NW-S-4           WEIR         0.00     0  00:00                      0.00
  C102NW-N-7           WEIR         0.00     0  00:00                      0.00
  C102W-S-13           WEIR       483.38     0  00:48                      0.00
  C102W-S-12           WEIR       869.63     0  00:01                      0.00
  C102W-S-11           WEIR      1179.85     0  00:01                      0.00
  C102W-S-10           WEIR       144.99     0  03:14                      0.00
  C102W-S-8            WEIR         0.00     0  00:00                      0.00
  C102-W-S-9           WEIR         0.00     0  00:00                      0.00
  C102W-N-12           WEIR         0.00     0  00:00                      0.00
  C102W-N-11           WEIR         0.00     0  00:00                      0.00
  C102W-N-10           WEIR         0.00     0  00:00                      0.00
  C102-W-N-9           WEIR         0.00     0  00:00                      0.00
  C102W-N-15           WEIR         0.00     0  00:00                      0.00
  C102W-N-14           WEIR       869.63     0  00:01                      0.00
  C102W-N-13           WEIR      1179.85     0  00:01                      0.00
  GOULDS-WN1           WEIR         0.00     0  00:00                      0.00
  GOULDS-S1            WEIR         0.00     0  00:00                      0.00
  GOULDS-WN2           WEIR         0.00     0  00:00                      0.00
  GLDS-W-S-3           WEIR      1333.32     0  00:01                      0.16
  WCS-1-2              WEIR         0.00     0  00:00                      0.00
  WN-1-2               WEIR         0.00     0  00:00                      0.00
  WS-1-2               WEIR         0.00     0  00:00                      0.00
  WN-3-4               WEIR         0.00     0  00:00                      0.00
  WN-2-3               WEIR         0.00     0  00:00                      0.00
  WS-2-3               WEIR         0.00     0  00:00                      0.00
  WS-3-4               WEIR         0.00     0  00:00                      0.00
  WCS-2-3              WEIR         0.00     0  00:00                      0.00
  WN-5-6               WEIR         0.00     0  00:00                      0.00
  WS-6-5               WEIR         0.00     0  00:00                      0.00
  WSC-6-4              WEIR         0.00     0  00:00                      0.00
  WN-7-6               WEIR         0.00     0  00:00                      0.00
  WS-6-7               WEIR         0.00     0  00:00                      0.00
  WN-7-8               WEIR         0.00     0  00:00                      0.00
  WN-9-10              WEIR         0.00     0  00:00                      0.00
  WS-8-9               WEIR         0.00     0  00:00                      0.00
  WN-10-11             WEIR         0.00     0  00:00                      0.00
  WN-10-12             WEIR         0.00     0  00:00                      0.00
  WS-10-11             WEIR         0.00     0  00:00                      0.00
  WN-6-N1              WEIR         0.00     0  00:00                      0.00
  WS-7-N-1             WEIR         0.00     0  00:00                      0.00
  WNN-2-3              WEIR         0.00     0  00:00                      0.00
  WNN-3-4              WEIR         0.00     0  00:00                      0.00
  WNS-2-1              WEIR         0.00     0  00:00                      0.00
  WN-8-NS-2            WEIR         0.00     0  00:00                      0.00
  WN-9-NS-3            WEIR         0.00     0  00:00                      0.00
  WNN-5-6              WEIR         0.00     0  00:00                      0.00
  WNS-3-4              WEIR         0.00     0  00:00                      0.00
  WN-9-NS-4            WEIR         0.00     0  00:00                      0.00
  WNS-4-N-12           WEIR         0.00     0  00:00                      0.00
  WNN-6-7              WEIR         0.00     0  00:00                      0.00
  WN-13-14             WEIR       409.88     0  02:08                      0.34
  WS-11-12             WEIR      6602.38     0  00:18                      1.00
  WS-12-13             WEIR      4900.90     0  00:50                      1.00
  WN-14-15             WEIR      3254.07     0  02:53                      1.00
  WS-15-14             WEIR      6860.28     0  00:01                      1.00
  WS-14-13             WEIR      4846.30     0  01:00                      1.00
  WNN-7-GS-1           WEIR         0.00     0  00:00                      0.00
  WN-14-GS-2           WEIR      2424.18     0  01:46                      1.00
  WN-15-GS-2           WEIR      4854.03     0  01:39                      1.00
  
  
  ***************************
  Flow Classification Summary
  ***************************
  
  -------------------------------------------------------------------------------------
                      Adjusted    ---------- Fraction of Time in Flow Class ---------- 
                       /Actual         Up    Down  Sub   Sup   Up    Down  Norm  Inlet 
  Conduit               Length    Dry  Dry   Dry   Crit  Crit  Crit  Crit  Ltd   Ctrl  
  -------------------------------------------------------------------------------------
  C102-C-1                1.00   0.00  0.00  0.00  1.00  0.00  0.00  0.00  0.00  0.00
  B1                      1.00   0.00  1.00  0.00  0.00  0.00  0.00  0.00  0.00  0.00
  C102-C-2                1.00   1.00  0.00  0.00  0.00  0.00  0.00  0.00  0.00  0.00
  B2                      1.00   1.00  0.00  0.00  0.00  0.00  0.00  0.00  0.00  0.00
  C102-C-3                1.00   1.00  0.00  0.00  0.00  0.00  0.00  0.00  0.00  0.00
  B3                      1.00   1.00  0.00  0.00  0.00  0.00  0.00  0.00  0.00  0.00
  C102-C-4                1.00   1.00  0.00  0.00  0.00  0.00  0.00  0.00  0.00  0.00
  S-194                   1.00   1.00  0.00  0.00  0.00  0.00  0.00  0.00  0.00  0.00
  C102-C-5                1.00   1.00  0.00  0.00  0.00  0.00  0.00  0.00  0.00  0.00
  B4                      1.00   1.00  0.00  0.00  0.00  0.00  0.00  0.00  0.00  0.00
  C102-C-6                1.00   1.00  0.00  0.00  0.00  0.00  0.00  0.00  0.00  0.00
  B5                      1.00   1.00  0.00  0.00  0.00  0.00  0.00  0.00  0.00  0.00
  C102-C-7                1.00   1.00  0.00  0.00  0.00  0.00  0.00  0.00  0.00  0.00
  B6                      1.00   1.00  0.00  0.00  0.00  0.00  0.00  0.00  0.00  0.00
  C102-C-8                1.00   1.00  0.00  0.00  0.00  0.00  0.00  0.00  0.00  0.00
  B7                      1.00   1.00  0.00  0.00  0.00  0.00  0.00  0.00  0.00  0.00
  C102-C-9                1.00   1.00  0.00  0.00  0.00  0.00  0.00  0.00  0.00  0.00
  B8                      1.00   1.00  0.00  0.00  0.00  0.00  0.00  0.00  0.00  0.00
  C102-C-10               1.00   1.00  0.00  0.00  0.00  0.00  0.00  0.00  0.00  0.00
  S-165                   1.00   1.00  0.00  0.00  0.00  0.00  0.00  0.00  0.00  0.00
  C102-C-11               1.00   1.00  0.00  0.00  0.00  0.00  0.00  0.00  0.00  0.00
  B9                      1.00   1.00  0.00  0.00  0.00  0.00  0.00  0.00  0.00  0.00
  C102-C-11A              1.00   1.00  0.00  0.00  0.00  0.00  0.00  0.00  0.00  0.00
  B10                     1.00   1.00  0.00  0.00  0.00  0.00  0.00  0.00  0.00  0.00
  C102-C-12               1.00   1.00  0.00  0.00  0.00  0.00  0.00  0.00  0.00  0.00
  B11                     1.00   1.00  0.00  0.00  0.00  0.00  0.00  0.00  0.00  0.00
  C102-C-13               1.00   1.00  0.00  0.00  0.00  0.00  0.00  0.00  0.00  0.00
  B12                     1.00   0.01  0.99  0.00  0.00  0.00  0.00  0.00  0.00  0.00
  C102-C-14               1.00   0.00  0.00  0.00  1.00  0.00  0.00  0.00  0.93  0.00
  C102-C-15               1.00   0.00  0.00  0.00  1.00  0.00  0.00  0.00  1.00  0.00
  B13                     1.00   0.00  0.00  0.00  1.00  0.00  0.00  0.00  1.00  0.00
  C102-C-16               1.00   0.00  0.00  0.00  1.00  0.00  0.00  0.00  0.00  0.00
  B14                     1.00   0.00  0.00  0.00  0.73  0.27  0.00  0.00  0.98  0.00
  C102-C-17               1.00   0.00  0.00  0.00  1.00  0.00  0.00  0.00  0.88  0.00
  S21A-C                  1.00   0.00  0.00  0.00  1.00  0.00  0.00  0.00  0.00  0.00
  C102N-C-6               1.00   0.00  0.00  0.00  1.00  0.00  0.00  0.00  0.87  0.00
  B16                     1.00   0.01  0.99  0.00  0.00  0.00  0.00  0.00  0.00  0.00
  C102N-C-5               1.00   1.00  0.00  0.00  0.00  0.00  0.00  0.00  0.00  0.00
  B15                     1.00   1.00  0.00  0.00  0.00  0.00  0.00  0.00  0.00  0.00
  C102N-C-4               1.00   1.00  0.00  0.00  0.00  0.00  0.00  0.00  0.00  0.00
  S-195                   1.00   1.00  0.00  0.00  0.00  0.00  0.00  0.00  0.00  0.00
  C102N-C-3               1.00   1.00  0.00  0.00  0.00  0.00  0.00  0.00  0.00  0.00
  U3                      1.00   1.00  0.00  0.00  0.00  0.00  0.00  0.00  0.00  0.00
  C102N-C-2               1.00   1.00  0.00  0.00  0.00  0.00  0.00  0.00  0.00  0.00
  U1                      1.00   1.00  0.00  0.00  0.00  0.00  0.00  0.00  0.00  0.00
  C102N-C-1               1.00   1.00  0.00  0.00  0.00  0.00  0.00  0.00  0.00  0.00
  U2                      1.00   1.00  0.00  0.00  0.00  0.00  0.00  0.00  0.00  0.00
  C102-C-5A               1.00   1.00  0.00  0.00  0.00  0.00  0.00  0.00  0.00  0.00
  L31-E-7                 1.00   1.00  0.00  0.00  0.00  0.00  0.00  0.00  0.00  0.00
  L31-E-8                 1.00   0.00  1.00  0.00  0.00  0.00  0.00  0.00  0.00  0.00
  C102N-S-15              1.00   1.00  0.00  0.00  0.00  0.00  0.00  0.00  0.00  0.00
  C102N-S-14              1.00   1.00  0.00  0.00  0.00  0.00  0.00  0.00  0.00  0.00
  GOULDS-C-1              1.00   0.00  0.00  0.00  1.00  0.00  0.00  0.00  0.89  0.00
  GOULDS-C-2              1.00   0.00  0.00  0.00  1.00  0.00  0.00  0.00  0.00  0.00
  U5                      1.00   0.00  0.04  0.00  0.96  0.00  0.00  0.00  0.06  0.00
  GOULDS-C-3              1.00   0.00  0.00  0.00  1.00  0.00  0.00  0.00  0.00  0.00
  L31-E-10                1.00   0.00  0.00  0.00  0.11  0.89  0.00  0.00  0.00  0.00
  L31-E-9                 1.00   0.00  0.00  0.00  1.00  0.00  0.00  0.00  0.00  0.00
  GOULDS-S2               1.00   1.00  0.00  0.00  0.00  0.00  0.00  0.00  0.00  0.00
  
  
  *************************
  Conduit Surcharge Summary
  *************************
  
  ----------------------------------------------------------------------------
                                                           Hours        Hours 
                         --------- Hours Full --------   Above Full   Capacity
  Conduit                Both Ends  Upstream  Dnstream   Normal Flow   Limited
  ----------------------------------------------------------------------------
  C102-C-1                   22.55     24.00     22.55     24.00        22.55
  C102-C-14                   0.01      0.01     22.16      0.01         0.01
  C102-C-15                   0.01      0.01     23.97      0.01         0.01
  B13                         0.01      0.01     23.96      0.01         0.01
  C102-C-16                   0.01      0.04      0.01      0.01         0.01
  B14                         0.03      0.04     23.79      0.01         0.01
  C102-C-17                   0.06      0.06     23.79      0.01         0.01
  S21A-C                      0.01      0.15      0.01      0.01         0.01
  C102N-C-6                   0.01      0.01     20.12      0.01         0.01
  GOULDS-C-1                  0.01      2.05     21.18      0.01         0.01
  GOULDS-C-2                 19.96     21.18     19.96     22.02         0.01
  GOULDS-C-3                 23.57     23.98     23.57      0.01         0.01
  L31-E-10                   23.80     23.98     23.80      0.01         0.01
  L31-E-9                     0.06     23.80      0.06      0.63         0.01
  

  Analysis begun on:  Wed Jul 22 11:40:57 2026
  Analysis ended on:  Wed Jul 22 11:41:25 2026
  Total elapsed time: 00:00:28