
  EPA STORM WATER MANAGEMENT MODEL - VERSION 5.2 (Build 5.2.4)
  ------------------------------------------------------------

  Converted from XPSWMM .xp file 
  WARNING 04: minimum elevation drop used for Conduit MH7P
  WARNING 04: minimum elevation drop used for Conduit 281P
  WARNING 04: minimum elevation drop used for Conduit 280P
  WARNING 04: minimum elevation drop used for Conduit MH3P
  WARNING 04: minimum elevation drop used for Conduit 276P
  WARNING 04: minimum elevation drop used for Conduit 277P
  WARNING 04: minimum elevation drop used for Conduit 310P
  WARNING 04: minimum elevation drop used for Conduit MH1P
  WARNING 04: minimum elevation drop used for Conduit 309P
  WARNING 04: minimum elevation drop used for Conduit MH2P
  WARNING 04: minimum elevation drop used for Conduit 307P
  WARNING 04: minimum elevation drop used for Conduit 299P
  WARNING 04: minimum elevation drop used for Conduit 295P
  WARNING 04: minimum elevation drop used for Conduit 294P
  WARNING 04: minimum elevation drop used for Conduit 292P
  WARNING 04: minimum elevation drop used for Conduit 291P
  WARNING 08: elevation drop exceeds length for Conduit 287P
  WARNING 04: minimum elevation drop used for Conduit SMH22P
  WARNING 04: minimum elevation drop used for Conduit 278P
  WARNING 04: minimum elevation drop used for Conduit OP
  
  ****************
  Analysis Options
  ****************
  Flow Units ............... CMS
  Process Models:
    Rainfall/Runoff ........ NO
    RDII ................... NO
    Snowmelt ............... NO
    Groundwater ............ NO
    Flow Routing ........... YES
    Ponding Allowed ........ NO
    Water Quality .......... NO
  Flow Routing Method ...... DYNWAVE
  Surcharge Method ......... EXTRAN
  Starting Date ............ 01/01/2001 00:00:00
  Ending Date .............. 01/02/2001 00:00:00
  Antecedent Dry Days ...... 0.0
  Report Time Step ......... 00:15:00
  Routing Time Step ........ 60.00 sec
  Variable Time Step ....... YES
  Maximum Trials ........... 50
  Number of Threads ........ 1
  Head Tolerance ........... 0.001524 m
  
  
  **************************        Volume        Volume
  Flow Routing Continuity        hectare-m      10^6 ltr
  **************************     ---------     ---------
  Dry Weather Inflow .......         0.000         0.000
  Wet Weather Inflow .......         0.000         0.000
  Groundwater Inflow .......         0.000         0.000
  RDII Inflow ..............         0.000         0.000
  External Inflow ..........         3.888        38.876
  External Outflow .........         0.000         0.000
  Flooding Loss ............         3.538        35.376
  Evaporation Loss .........         0.000         0.000
  Exfiltration Loss ........         0.000         0.000
  Initial Stored Volume ....         0.000         0.000
  Final Stored Volume ......         0.083         0.830
  Continuity Error (%) .....         6.867
  
  
  *************************
  Highest Continuity Errors
  *************************
  Node 57 (4.73%)
  Node 281 (2.83%)
  Node 280 (2.75%)
  Node 282 (2.74%)
  Node MH7 (2.00%)
  
  
  ***************************
  Time-Step Critical Elements
  ***************************
  Link MH6P (97.15%)
  Link 277P (2.81%)
  
  
  ********************************
  Highest Flow Instability Indexes
  ********************************
  All links are stable.
  
  
  *********************************
  Most Frequent Nonconverging Nodes
  *********************************
  Node O (0.05%)
  Node 276 (0.00%)
  Node MH2 (0.00%)
  Node 89 (0.00%)
  Node 47 (0.00%)
  
  
  *************************
  Routing Time Step Summary
  *************************
  Minimum Time Step           :     0.61 sec
  Average Time Step           :     0.80 sec
  Maximum Time Step           :    60.00 sec
  % of Time in Steady State   :     0.00
  Average Iterations per Step :     2.03
  % of Steps Not Converging   :     0.05
  Time Step Frequencies       :
     60.000 - 23.031 sec      :     0.02 %
     23.031 -  8.841 sec      :     0.00 %
      8.841 -  3.393 sec      :     0.01 %
      3.393 -  1.303 sec      :     0.00 %
      1.303 -  0.500 sec      :    99.96 %
  
  
  ******************
  Node Depth Summary
  ******************
  
  ---------------------------------------------------------------------------------
                                 Average  Maximum  Maximum  Time of Max    Reported
                                   Depth    Depth      HGL   Occurrence   Max Depth
  Node                 Type       Meters   Meters   Meters  days hr:min      Meters
  ---------------------------------------------------------------------------------
  MH5                  JUNCTION    36.51    36.52    74.12     0  01:21       36.52
  MH6                  JUNCTION    36.32    36.51    74.11     0  01:21       36.51
  MH7                  JUNCTION    35.84    36.51    74.11     0  01:21       36.51
  282                  JUNCTION    35.19    36.46    74.06     0  02:44       36.46
  281                  JUNCTION    34.44    36.43    74.03     0  02:44       36.43
  280                  JUNCTION    34.00    36.39    73.99     0  02:43       36.39
  313                  JUNCTION    36.08    36.28    73.88     0  02:57       36.28
  278                  JUNCTION    36.42    36.42    74.02     0  00:40       36.42
  312                  JUNCTION    35.09    35.42    72.62     0  03:19       35.42
  MH3                  JUNCTION    35.18    35.43    72.63     0  03:19       35.43
  MH4                  JUNCTION    35.47    35.47    72.67     0  03:18       35.47
  311                  JUNCTION    34.95    35.00    72.60     0  03:18       35.00
  277                  JUNCTION    35.00    35.01    72.61     0  03:20       35.01
  276                  JUNCTION    35.04    35.04    72.64     0  03:19       35.04
  310                  JUNCTION    34.66    35.13    72.03     0  04:08       35.13
  MH1                  JUNCTION    35.10    35.11    72.01     0  01:10       35.11
  309                  JUNCTION    34.83    35.10    72.00     0  04:08       35.10
  308                  JUNCTION    34.42    35.09    71.99     0  04:08       35.09
  305                  JUNCTION    34.37    35.01    71.91     0  04:08       35.01
  307                  JUNCTION    35.16    35.35    72.25     0  01:08       35.35
  MH2                  JUNCTION    35.39    35.40    72.30     0  01:08       35.40
  304                  JUNCTION    34.37    35.21    71.91     0  04:09       35.21
  303                  JUNCTION    34.03    34.97    71.87     0  04:09       34.97
  302                  JUNCTION    33.87    34.93    71.83     0  04:10       34.93
  301                  JUNCTION    33.50    34.72    71.72     0  04:10       34.72
  300                  JUNCTION    33.36    34.73    71.63     0  04:14       34.73
  299                  JUNCTION    33.16    34.67    71.57     0  04:15       34.67
  298                  JUNCTION    33.01    34.64    71.54     0  04:14       34.64
  297                  JUNCTION    32.74    34.53    71.43     0  04:14       34.53
  296                  JUNCTION    32.35    34.31    71.21     0  02:07       34.30
  295                  JUNCTION    32.28    34.40    71.00     0  02:47       34.40
  294                  JUNCTION    32.16    34.39    70.99     0  02:47       34.39
  293                  JUNCTION    31.99    34.36    70.96     0  02:46       34.34
  292                  JUNCTION    31.84    34.35    70.95     0  02:46       34.32
  291                  JUNCTION    31.72    34.33    70.93     0  02:45       34.31
  290                  JUNCTION    31.61    34.32    70.92     0  02:46       34.29
  289                  JUNCTION    31.87    34.71    70.91     0  02:43       34.69
  288                  JUNCTION    31.76    34.68    70.88     0  02:42       34.68
  287                  JUNCTION     0.00     0.00    39.00     0  00:00        0.00
  72                   JUNCTION     0.00     0.00    36.20     0  00:00        0.00
  73                   JUNCTION     0.00     0.00    37.90     0  00:00        0.00
  68                   JUNCTION    33.24    35.05    70.95     0  02:12       35.05
  67                   JUNCTION    33.26    34.89    70.99     0  02:13       34.86
  66                   JUNCTION    33.31    34.71    71.01     0  02:14       34.70
  SMH65                JUNCTION    33.64    34.77    71.37     0  03:09       34.77
  62                   JUNCTION    34.58    35.01    71.71     0  03:05       35.01
  61                   JUNCTION    35.36    35.36    71.96     0  00:25       35.36
  SMH59                JUNCTION    34.27    35.12    72.02     0  03:05       35.12
  89                   JUNCTION    34.68    35.26    72.26     0  03:04       35.26
  57                   JUNCTION    35.54    35.63    72.63     0  00:25       35.55
  56                   JUNCTION    35.24    35.73    92.73     0  00:24       35.44
  SMH55                JUNCTION    34.78    35.31    72.31     0  03:04       35.31
  166                  JUNCTION    35.36    35.36    72.36     0  00:26       35.36
  48                   JUNCTION    35.00    35.34    72.54     0  03:02       35.34
  47                   JUNCTION    35.32    35.39    72.59     0  03:04       35.39
  MH9                  JUNCTION    35.32    35.37    72.67     0  00:25       35.32
  263                  JUNCTION    35.44    35.45    72.95     0  00:35       35.45
  SMH190               JUNCTION    33.80    35.36    72.56     0  03:03       35.36
  PMH189               JUNCTION    34.37    35.52    72.82     0  01:42       35.52
  MH8                  JUNCTION    34.95    35.62    73.02     0  01:14       35.62
  196                  JUNCTION    35.57    35.75    73.25     0  00:51       35.75
  207                  JUNCTION    35.94    35.96    73.56     0  00:47       35.96
  23                   JUNCTION    33.98    35.28    72.78     0  02:47       35.28
  SMH22                JUNCTION    32.79    35.41    72.81     0  02:48       35.41
  SMH20                JUNCTION    33.91    35.78    73.18     0  02:11       35.78
  19                   JUNCTION    34.78    35.99    73.39     0  02:04       35.99
  SMH217               JUNCTION    35.38    36.06    73.66     0  01:37       36.06
  SMH218               JUNCTION    36.00    36.19    73.79     0  00:52       36.19
  SMH219               JUNCTION    36.39    36.41    74.01     0  00:41       36.41
  18                   JUNCTION    34.74    35.51    73.01     0  02:28       35.51
  SMH17                JUNCTION    35.47    35.72    73.22     0  01:17       35.72
  SMH16                JUNCTION    35.99    36.03    73.53     0  00:50       36.03
  21                   JUNCTION    33.05    35.56    72.96     0  02:34       35.54
  O                    OUTFALL      0.00     0.00    36.20     0  00:00        0.00
  
  
  *******************
  Node Inflow Summary
  *******************
  
  -------------------------------------------------------------------------------------------------
                                  Maximum  Maximum                  Lateral       Total        Flow
                                  Lateral    Total  Time of Max      Inflow      Inflow     Balance
                                   Inflow   Inflow   Occurrence      Volume      Volume       Error
  Node                 Type           CMS      CMS  days hr:min    10^6 ltr    10^6 ltr     Percent
  -------------------------------------------------------------------------------------------------
  MH5                  JUNCTION     0.030    0.030     0  00:00        2.59        2.59       1.554
  MH6                  JUNCTION     0.000    0.222     0  00:24           0        2.55       1.819
  MH7                  JUNCTION     0.000    0.031     0  00:47           0        2.51       2.043
  282                  JUNCTION     0.000    0.030     0  01:40           0        1.67       2.814
  281                  JUNCTION     0.000    0.026     0  02:10           0        1.63       2.913
  280                  JUNCTION     0.000    0.025     0  02:34           0         1.6       2.824
  313                  JUNCTION     0.000    0.101     0  00:24           0         4.1       1.185
  278                  JUNCTION     0.030    0.030     0  00:00        2.59        2.59       1.666
  312                  JUNCTION     0.000    0.094     0  00:53           0        6.58       1.048
  MH3                  JUNCTION     0.000    0.083     0  00:24           0        2.54       1.880
  MH4                  JUNCTION     0.030    0.030     0  00:00        2.59        2.59       1.988
  311                  JUNCTION     0.000    0.325     0  00:25           0        11.6       0.401
  277                  JUNCTION     0.030    0.030     0  00:00        2.59        2.59       1.900
  276                  JUNCTION     0.030    0.030     0  00:00        2.59        2.59       1.344
  310                  JUNCTION     0.000    0.140     0  03:19           0        11.5       0.472
  MH1                  JUNCTION     0.030    0.030     0  00:00        2.59        2.59       2.064
  309                  JUNCTION     0.000    0.157     0  02:43           0        12.9       0.401
  308                  JUNCTION     0.000    0.157     0  02:43           0        12.9       0.456
  305                  JUNCTION     0.000    0.186     0  02:45           0        15.3       0.330
  307                  JUNCTION     0.000    0.075     0  00:25           0        2.55       1.768
  MH2                  JUNCTION     0.030    0.030     0  00:00        2.59        2.59       1.628
  304                  JUNCTION     0.000    0.190     0  01:16           0        15.3       0.429
  303                  JUNCTION     0.000    0.186     0  04:09           0        15.2       0.449
  302                  JUNCTION     0.000    0.186     0  04:10           0        15.1       0.486
  301                  JUNCTION     0.000    0.186     1  00:00           0        15.1       0.369
  300                  JUNCTION     0.000    0.186     0  04:10           0          15       0.412
  299                  JUNCTION     0.000    0.186     0  04:15           0        14.9       0.371
  298                  JUNCTION     0.000    0.186     0  04:16           0        14.9       0.484
  297                  JUNCTION     0.000    0.186     0  04:16           0        14.8       0.498
  296                  JUNCTION     0.000    0.186     0  04:15           0        14.7       0.414
  295                  JUNCTION     0.000    0.187     0  02:07           0        14.7       0.364
  294                  JUNCTION     0.000    0.193     0  02:48           0        14.6       0.373
  293                  JUNCTION     0.000    0.196     0  02:48           0        14.6       0.374
  292                  JUNCTION     0.000    0.203     0  02:47           0        14.5       0.348
  291                  JUNCTION     0.000    0.232     0  02:46           0        14.5       0.314
  290                  JUNCTION     0.000    0.225     0  02:45           0        14.4       0.338
  289                  JUNCTION     0.000    0.219     0  02:47           0        14.4       0.428
  288                  JUNCTION     0.000    0.239     0  02:47           0        14.3       0.397
  287                  JUNCTION     0.000    0.000     0  00:00           0           0       0.000 ltr
  72                   JUNCTION     0.000    0.000     0  00:00           0           0       0.000 ltr
  73                   JUNCTION     0.000    0.000     0  00:00           0           0       0.000 ltr
  68                   JUNCTION     0.000    0.221     0  02:14           0        15.3       0.853
  67                   JUNCTION     0.000    0.221     0  02:15           0        15.4       0.725
  66                   JUNCTION     0.000    0.195     0  03:09           0        15.5       0.454
  SMH65                JUNCTION     0.000    0.195     0  03:06           0        15.6       0.392
  62                   JUNCTION     0.000    0.195     0  03:05           0        15.7       0.588
  61                   JUNCTION     0.030    0.030     0  00:00        2.59        2.59       1.566
  SMH59                JUNCTION     0.000    0.183     0  03:04           0        14.7       0.396
  89                   JUNCTION     0.000    0.183     0  03:04           0        14.7       0.349
  57                   JUNCTION     0.000   10.545     0  00:25           0        2.87       4.966
  56                   JUNCTION     0.030    0.030     0  00:00        2.59        2.59      -9.908
  SMH55                JUNCTION     0.000    0.153     0  03:02           0        12.3       0.420
  166                  JUNCTION     0.030    0.030     0  00:00        2.59        2.59       1.788
  48                   JUNCTION     0.000    0.150     0  02:56           0        12.1       0.557
  47                   JUNCTION     0.000    0.073     0  00:24           0         5.1       1.016
  MH9                  JUNCTION     0.030    0.030     0  00:00        2.59        2.59       1.630
  263                  JUNCTION     0.030    0.030     0  00:00        2.59        2.59       1.676
  SMH190               JUNCTION     0.000    0.036     0  01:53           0        2.43       1.801
  PMH189               JUNCTION     0.000    0.031     0  01:37           0        2.46       1.798
  MH8                  JUNCTION     0.000    0.031     0  00:51           0        2.51       1.740
  196                  JUNCTION     0.000    0.317     0  00:24           0        2.55       1.908
  207                  JUNCTION     0.030    0.030     0  00:00        2.59        2.59       1.517
  23                   JUNCTION     0.000    0.062     0  02:42           0        4.75       1.032
  SMH22                JUNCTION     0.000    0.039     0  02:40           0        2.35       1.909
  SMH20                JUNCTION     0.000    0.035     0  02:07           0        2.41       1.969
  19                   JUNCTION     0.000    0.032     0  01:39           0        2.46       1.968
  SMH217               JUNCTION     0.000    0.030     0  01:13           0        2.51       1.824
  SMH218               JUNCTION     0.000    0.119     0  00:24           0        2.55       1.782
  SMH219               JUNCTION     0.030    0.030     0  00:00        2.59        2.59       1.622
  18                   JUNCTION     0.000    0.034     0  01:19           0         2.5       1.919
  SMH17                JUNCTION     0.000    0.093     0  00:24           0        2.55       1.917
  SMH16                JUNCTION     0.030    0.030     0  00:00        2.59        2.59       1.793
  21                   JUNCTION     0.000    0.034     0  02:32           0        2.37       1.923
  O                    OUTFALL      0.000    0.000     0  00:00           0           0       0.000 ltr
  
  
  **********************
  Node Surcharge Summary
  **********************
  
  Surcharging occurs when water rises above the top of the highest conduit.
  ---------------------------------------------------------------------
                                               Max. Height   Min. Depth
                                   Hours       Above Crown    Below Rim
  Node                 Type      Surcharged         Meters       Meters
  ---------------------------------------------------------------------
  MH7                  JUNCTION       22.64          0.000        0.000
  MH1                  JUNCTION       22.83          0.000        0.000
  288                  JUNCTION       21.28          0.000        0.000
  68                   JUNCTION       21.79          0.000        0.000
  61                   JUNCTION       23.60          0.000        0.000
  57                   JUNCTION        0.02          0.000        0.000
  56                   JUNCTION        0.03          0.000        0.000
  166                  JUNCTION       23.57          0.000        0.000
  
  
  *********************
  Node Flooding Summary
  *********************
  
  Flooding refers to all water that overflows a node, whether it ponds or not.
  --------------------------------------------------------------------------
                                                             Total   Maximum
                                 Maximum   Time of Max       Flood    Ponded
                        Hours       Rate    Occurrence      Volume     Depth
  Node                 Flooded       CMS   days hr:min    10^6 ltr    Meters
  --------------------------------------------------------------------------
  MH7                    22.64     0.010      0  02:44       0.782     0.000
  MH1                    22.83     0.014      1  00:00       1.087     0.000
  288                    21.28     0.239      0  02:47      14.255     0.000
  68                     21.79     0.221      0  02:14      15.201     0.000
  61                     23.58     0.020      0  00:25       1.522     0.000
  57                      0.02     5.273      0  00:25       0.370     0.000
  56                      0.02     0.030      0  00:24       0.002     0.000
  166                    23.57     0.027      0  03:04       2.295     0.000
  
  
  ***********************
  Outfall Loading Summary
  ***********************
  
  -----------------------------------------------------------
                         Flow       Avg       Max       Total
                         Freq      Flow      Flow      Volume
  Outfall Node           Pcnt       CMS       CMS    10^6 ltr
  -----------------------------------------------------------
  O                      0.00     0.000     0.000       0.000
  -----------------------------------------------------------
  System                 0.00     0.000     0.000       0.000
  
  
  ********************
  Link Flow Summary
  ********************
  
  -----------------------------------------------------------------------------
                                 Maximum  Time of Max   Maximum    Max/    Max/
                                  |Flow|   Occurrence   |Veloc|    Full    Full
  Link                 Type          CMS  days hr:min     m/sec    Flow   Depth
  -----------------------------------------------------------------------------
  MH5P                 CONDUIT     0.222     0  00:24     16.54    2.37    0.88
  MH6P                 CONDUIT     0.031     0  00:47      0.89    0.52    0.98
  MH7P                 CONDUIT     0.030     0  01:40      0.46   20.92    0.92
  282P                 CONDUIT     0.026     0  02:10      0.53    1.97    0.82
  281P                 CONDUIT     0.023     0  02:34      0.46   11.88    0.73
  280P                 CONDUIT     0.020     0  02:44      0.47    8.50    0.50
  313P                 CONDUIT     0.050     0  02:57      0.74    0.03    0.37
  MH4P                 CONDUIT     0.083     0  00:24      1.34    5.81    0.85
  MH3P                 CONDUIT     0.030     0  02:34      0.45    6.92    0.79
  312P                 CONDUIT     0.080     0  03:19      1.52    0.02    0.42
  311P                 CONDUIT     0.140     0  03:19      1.11    0.10    0.32
  276P                 CONDUIT     0.325     0  00:25    >50.00   68.02    0.55
  277P                 CONDUIT     0.031     0  00:27      0.82    1.99    0.50
  310P                 CONDUIT     0.140     0  04:08      0.58    3.58    0.42
  MH1P                 CONDUIT     0.036     0  00:24      1.14   14.95    0.98
  309P                 CONDUIT     0.157     0  02:43      1.02    1.83    0.40
  308P                 CONDUIT     0.156     0  02:45      0.74    0.32    0.40
  305P                 CONDUIT     0.190     0  01:16      1.27    0.13    0.52
  304P                 CONDUIT     0.186     0  04:09      0.70    0.31    0.55
  303P                 CONDUIT     0.186     0  04:10      0.84    0.35    0.51
  302P                 CONDUIT     0.186     1  00:00      0.65    0.36    0.43
  301P                 CONDUIT     0.186     0  04:10      0.98    0.23    0.38
  300P                 CONDUIT     0.186     0  04:15      0.87    0.33    0.46
  MH2P                 CONDUIT     0.075     0  00:25      2.83   30.95    0.82
  307P                 CONDUIT     0.030     0  01:08      0.60   10.61    0.57
  299P                 CONDUIT     0.186     0  04:16      0.87    4.38    0.46
  298P                 CONDUIT     0.186     0  04:16      0.75    0.42    0.44
  297P                 CONDUIT     0.186     0  04:15      0.76    0.41    0.37
  296P                 CONDUIT     0.187     0  02:07      1.01    0.21    0.41
  295P                 CONDUIT     0.193     0  02:48      1.03    2.77    0.51
  294P                 CONDUIT     0.196     0  02:48      0.82    5.28    0.49
  293P                 CONDUIT     0.203     0  02:47      0.97    0.30    0.52
  292P                 CONDUIT     0.232     0  02:46      0.95    4.24    0.55
  291P                 CONDUIT     0.225     0  02:45      1.02    3.29    0.53
  290P                 CONDUIT     0.219     0  02:47      1.38    0.14    0.72
  289P                 CONDUIT     0.239     0  02:47      1.07    0.28    0.97
  288P                 CONDUIT     0.000     0  00:00      0.00    0.00    0.50
  287P                 CONDUIT     0.000     0  00:00      0.00    0.00    0.00
  SMH65P               CONDUIT     0.195     0  03:09      0.93    0.12    0.28
  66P                  CONDUIT     0.221     0  02:15      0.86    0.16    0.52
  67P                  CONDUIT     0.221     0  02:14      0.88    0.16    0.84
  68P                  CONDUIT     0.000     0  00:00      0.00    0.00    0.50
  73P                  CONDUIT     0.000     0  00:00      0.00    0.00    0.00
  48P                  CONDUIT     0.150     0  03:02      0.70    0.14    0.26
  SMH55P               CONDUIT     0.153     0  03:04      0.72    0.18    0.26
  89P                  CONDUIT     0.183     0  03:04      0.91    0.14    0.25
  SMH59P               CONDUIT     0.183     0  03:05      0.79    0.13    0.31
  62P                  CONDUIT     0.195     0  03:06      0.75    0.24    0.30
  61P                  CONDUIT     0.061     0  00:24      6.02    5.58    0.85
  56P                  CONDUIT    10.545     0  00:25    >50.00   11.33    0.50
  57P                  CONDUIT     0.075     0  00:25      1.00    3.85    0.81
  166P                 CONDUIT     0.014     0  00:24      1.39    2.57    1.00
  207P                 CONDUIT     0.317     0  00:24      2.67    1.11    0.38
  196P                 CONDUIT     0.031     0  00:51      0.67    0.10    0.20
  MH8P                 CONDUIT     0.031     0  01:37      0.72    0.04    0.14
  PMH189P              CONDUIT     0.032     0  01:53      0.71    0.05    0.17
  SMH190P              CONDUIT     0.030     0  01:58      0.42    0.06    0.24
  MH9P                 CONDUIT     0.056     0  00:25      2.68    0.14    0.31
  47P                  CONDUIT     0.061     0  00:54      0.62    0.44    0.43
  263P                 CONDUIT     0.073     0  00:24      3.23    0.62    0.52
  SMH16P               CONDUIT     0.093     0  00:24      2.17    2.03    0.63
  SMH17P               CONDUIT     0.034     0  01:19      0.57    0.49    0.49
  18P                  CONDUIT     0.034     0  02:43      0.55    0.31    0.37
  23P                  CONDUIT     0.060     0  02:47      0.46    0.07    0.23
  SMH219P              CONDUIT     0.119     0  00:24      4.84    3.77    0.77
  SMH218P              CONDUIT     0.030     0  01:13      0.74    0.60    0.52
  SMH2217P             CONDUIT     0.032     0  01:39      0.70    0.21    0.34
  19P                  CONDUIT     0.035     0  02:07      0.54    0.14    0.25
  SMH22P               CONDUIT     0.030     0  02:48      0.38    1.16    0.23
  SMH20P               CONDUIT     0.034     0  02:32      0.56    0.13    0.24
  21P                  CONDUIT     0.036     0  02:40      0.64    0.12    0.26
  278P                 CONDUIT     0.101     0  00:24      3.11   37.76    0.58
  OP                   CONDUIT     0.000     0  00:00      0.00    0.00    0.00
  
  
  ***************************
  Flow Classification Summary
  ***************************
  
  -------------------------------------------------------------------------------------
                      Adjusted    ---------- Fraction of Time in Flow Class ---------- 
                       /Actual         Up    Down  Sub   Sup   Up    Down  Norm  Inlet 
  Conduit               Length    Dry  Dry   Dry   Crit  Crit  Crit  Crit  Ltd   Ctrl  
  -------------------------------------------------------------------------------------
  MH5P                    1.00   0.02  0.00  0.00  0.97  0.00  0.00  0.01  0.00  0.00
  MH6P                    1.00   0.03  0.00  0.00  0.95  0.00  0.00  0.02  0.00  0.00
  MH7P                    1.00   0.05  0.00  0.00  0.93  0.00  0.00  0.02  0.00  0.00
  282P                    1.00   0.07  0.00  0.00  0.91  0.00  0.00  0.02  0.00  0.00
  281P                    1.00   0.09  0.00  0.00  0.89  0.00  0.00  0.02  0.00  0.00
  280P                    1.00   0.03  0.00  0.00  0.89  0.00  0.07  0.00  0.00  0.00
  313P                    1.00   0.03  0.00  0.00  0.97  0.00  0.00  0.00  0.97  0.00
  MH4P                    1.00   0.02  0.00  0.00  0.96  0.00  0.00  0.02  0.00  0.00
  MH3P                    1.00   0.04  0.00  0.00  0.96  0.00  0.00  0.00  0.00  0.00
  312P                    1.00   0.02  0.00  0.00  0.96  0.00  0.00  0.01  0.00  0.00
  311P                    1.00   0.02  0.00  0.00  0.96  0.00  0.00  0.02  0.96  0.00
  276P                    1.00   0.02  0.00  0.00  0.96  0.00  0.00  0.02  0.00  0.00
  277P                    1.00   0.02  0.00  0.00  0.96  0.00  0.00  0.02  0.00  0.00
  310P                    1.00   0.04  0.00  0.00  0.96  0.00  0.00  0.00  0.00  0.00
  MH1P                    1.00   0.02  0.00  0.00  0.96  0.00  0.00  0.02  0.00  0.00
  309P                    1.00   0.04  0.00  0.00  0.96  0.00  0.00  0.01  0.00  0.00
  308P                    1.00   0.04  0.00  0.00  0.95  0.00  0.00  0.00  0.00  0.00
  305P                    1.00   0.05  0.00  0.00  0.95  0.00  0.00  0.00  0.00  0.00
  304P                    1.00   0.05  0.00  0.00  0.95  0.00  0.00  0.00  0.00  0.00
  303P                    1.00   0.05  0.00  0.00  0.94  0.00  0.00  0.00  0.00  0.00
  302P                    1.00   0.06  0.00  0.00  0.94  0.00  0.01  0.00  0.00  0.00
  301P                    1.00   0.06  0.00  0.00  0.93  0.00  0.00  0.00  0.93  0.00
  300P                    1.00   0.07  0.00  0.00  0.93  0.00  0.00  0.00  0.00  0.00
  MH2P                    1.00   0.02  0.00  0.00  0.97  0.00  0.00  0.02  0.00  0.00
  307P                    1.00   0.03  0.00  0.00  0.00  0.00  0.00  0.97  0.00  0.00
  299P                    1.00   0.07  0.00  0.00  0.93  0.00  0.00  0.00  0.00  0.00
  298P                    1.00   0.07  0.00  0.00  0.92  0.00  0.00  0.01  0.00  0.00
  297P                    1.00   0.08  0.00  0.00  0.92  0.00  0.00  0.01  0.00  0.00
  296P                    1.00   0.08  0.00  0.00  0.91  0.00  0.00  0.00  0.91  0.00
  295P                    1.00   0.09  0.00  0.00  0.91  0.00  0.00  0.00  0.00  0.00
  294P                    1.00   0.09  0.00  0.00  0.90  0.00  0.00  0.00  0.00  0.00
  293P                    1.00   0.09  0.00  0.00  0.90  0.00  0.00  0.00  0.00  0.00
  292P                    1.00   0.10  0.00  0.00  0.90  0.00  0.00  0.00  0.00  0.00
  291P                    1.00   0.10  0.00  0.00  0.89  0.00  0.00  0.01  0.00  0.00
  290P                    1.00   0.10  0.00  0.00  0.89  0.00  0.00  0.00  0.00  0.00
  289P                    1.00   0.11  0.00  0.00  0.89  0.00  0.00  0.00  0.00  0.00
  288P                    1.00   0.11  0.89  0.00  0.00  0.00  0.00  0.00  0.00  0.00
  287P                    1.00   1.00  0.00  0.00  0.00  0.00  0.00  0.00  0.00  0.00
  SMH65P                  1.00   0.06  0.00  0.00  0.93  0.00  0.00  0.01  0.93  0.00
  66P                     1.00   0.07  0.00  0.00  0.93  0.00  0.00  0.01  0.01  0.00
  67P                     1.00   0.07  0.00  0.00  0.92  0.00  0.00  0.01  0.00  0.00
  68P                     1.00   0.08  0.92  0.00  0.00  0.00  0.00  0.00  0.00  0.00
  73P                     1.00   1.00  0.00  0.00  0.00  0.00  0.00  0.00  0.00  0.00
  48P                     1.00   0.03  0.00  0.00  0.96  0.00  0.00  0.01  0.96  0.00
  SMH55P                  1.00   0.04  0.00  0.00  0.95  0.00  0.00  0.00  0.00  0.00
  89P                     1.00   0.05  0.00  0.00  0.95  0.00  0.00  0.01  0.00  0.00
  SMH59P                  1.00   0.05  0.00  0.00  0.95  0.00  0.00  0.00  0.94  0.00
  62P                     1.00   0.05  0.00  0.00  0.94  0.00  0.00  0.01  0.00  0.00
  61P                     1.00   0.02  0.00  0.00  0.88  0.00  0.00  0.10  0.00  0.00
  56P                     1.00   0.02  0.02  0.00  0.97  0.00  0.00  0.00  0.98  0.00
  57P                     1.00   0.02  0.00  0.00  0.00  0.00  0.00  0.98  0.00  0.00
  166P                    1.00   0.02  0.00  0.00  0.96  0.00  0.00  0.03  0.00  0.00
  207P                    1.00   0.02  0.00  0.00  0.97  0.00  0.00  0.01  0.02  0.00
  196P                    1.00   0.03  0.00  0.00  0.95  0.00  0.00  0.02  0.00  0.00
  MH8P                    1.00   0.05  0.00  0.00  0.93  0.00  0.00  0.02  0.93  0.00
  PMH189P                 1.00   0.07  0.00  0.00  0.92  0.00  0.00  0.01  0.92  0.00
  SMH190P                 1.00   0.03  0.00  0.00  0.92  0.00  0.04  0.00  0.03  0.00
  MH9P                    1.00   0.02  0.00  0.00  0.98  0.00  0.00  0.01  0.98  0.00
  47P                     1.00   0.02  0.00  0.00  0.96  0.00  0.00  0.01  0.00  0.00
  263P                    1.00   0.02  0.00  0.00  0.98  0.00  0.00  0.01  0.98  0.00
  SMH16P                  1.00   0.02  0.00  0.00  0.96  0.00  0.00  0.02  0.02  0.00
  SMH17P                  1.00   0.03  0.00  0.00  0.95  0.00  0.00  0.02  0.06  0.00
  18P                     1.00   0.05  0.00  0.00  0.89  0.00  0.00  0.06  0.88  0.00
  23P                     1.00   0.03  0.04  0.00  0.93  0.00  0.00  0.00  0.93  0.00
  SMH219P                 1.00   0.02  0.00  0.00  0.97  0.00  0.00  0.02  0.00  0.00
  SMH218P                 1.00   0.03  0.00  0.00  0.95  0.00  0.00  0.02  0.00  0.00
  SMH2217P                1.00   0.05  0.00  0.00  0.93  0.00  0.00  0.02  0.93  0.00
  19P                     1.00   0.07  0.00  0.00  0.91  0.00  0.00  0.02  0.90  0.00
  SMH22P                  1.00   0.07  0.00  0.00  0.89  0.00  0.04  0.00  0.00  0.00
  SMH20P                  1.00   0.09  0.00  0.00  0.90  0.00  0.00  0.02  0.01  0.00
  21P                     1.00   0.10  0.00  0.00  0.89  0.00  0.00  0.01  0.89  0.00
  278P                    1.00   0.02  0.00  0.00  0.00  0.00  0.00  0.98  0.00  0.00
  OP                      1.00   1.00  0.00  0.00  0.00  0.00  0.00  0.00  0.00  0.00
  
  
  *************************
  Conduit Surcharge Summary
  *************************
  
  ----------------------------------------------------------------------------
                                                           Hours        Hours 
                         --------- Hours Full --------   Above Full   Capacity
  Conduit                Both Ends  Upstream  Dnstream   Normal Flow   Limited
  ----------------------------------------------------------------------------
  MH5P                        0.01      0.01      0.01      0.02         0.01
  MH6P                        0.01      0.01     22.64      0.01         0.01
  MH7P                        0.01     22.64      0.01     22.81         0.01
  282P                        0.01      0.01      0.01     22.32         0.01
  281P                        0.01      0.01      0.01     21.84         0.01
  280P                        0.01      0.01      0.01     21.43         0.01
  MH4P                        0.01      0.01      0.01     23.52         0.01
  MH3P                        0.01      0.01      0.48     23.15         0.01
  311P                        0.01      0.19      0.01      0.01         0.01
  276P                        0.01      0.04      0.01     23.61         0.01
  277P                        0.01      0.01      0.01     23.55         0.01
  310P                        0.01      0.01      0.01     23.02         0.01
  MH1P                        0.01     22.83      0.01     23.60         0.01
  309P                        0.01      0.01      0.01     23.00         0.01
  MH2P                        0.01      0.01      0.01     23.63         0.01
  307P                        0.01      0.01      0.01     23.22         0.01
  299P                        0.01      0.01      0.01     22.30         0.01
  295P                        0.01      0.01      0.01     21.88         0.01
  294P                        0.01      0.01      0.01     21.81         0.01
  292P                        0.01      0.01      0.01     21.64         0.01
  291P                        0.01      0.01      0.01     21.55         0.01
  289P                        0.01      0.01     21.28      0.01         0.01
  61P                         0.01      0.01      0.01     23.62         0.01
  56P                         0.01      0.02      0.40      0.02         0.01
  57P                         0.01      0.04      0.01     23.18         0.01
  166P                        0.01      0.01     22.95      0.64         0.01
  207P                        0.01      0.01      0.01      0.02         0.01
  SMH16P                      0.01      0.04      0.01      0.02         0.01
  SMH219P                     0.01      0.05      0.01      0.02         0.01
  SMH22P                      0.01      0.01      0.01     21.31         0.01
  278P                        0.01      0.01      0.01     23.58         0.01
  

  Analysis begun on:  Wed Jul 22 11:52:35 2026
  Analysis ended on:  Wed Jul 22 11:52:38 2026
  Total elapsed time: 00:00:03