
  EPA STORM WATER MANAGEMENT MODEL - VERSION 5.2 (Build 5.2.4)
  ------------------------------------------------------------

  Windsor/Tecumseh/St.Clair Beach Sanitary Trunk 
  
  ****************
  Analysis Options
  ****************
  Flow Units ............... CFS
  Process Models:
    Rainfall/Runoff ........ NO
    RDII ................... NO
    Snowmelt ............... NO
    Groundwater ............ NO
    Flow Routing ........... YES
    Ponding Allowed ........ NO
    Water Quality .......... NO
  Flow Routing Method ...... DYNWAVE
  Surcharge Method ......... EXTRAN
  Starting Date ............ 01/01/2001 00:00:00
  Ending Date .............. 01/02/2001 00:00:00
  Antecedent Dry Days ...... 0.0
  Report Time Step ......... 00:15:00
  Routing Time Step ........ 30.00 sec
  Variable Time Step ....... YES
  Maximum Trials ........... 100
  Number of Threads ........ 1
  Head Tolerance ........... 0.003300 ft
  
  
  **************************        Volume        Volume
  Flow Routing Continuity        acre-feet      10^6 gal
  **************************     ---------     ---------
  Dry Weather Inflow .......         0.000         0.000
  Wet Weather Inflow .......         0.000         0.000
  Groundwater Inflow .......         0.000         0.000
  RDII Inflow ..............         0.000         0.000
  External Inflow ..........         0.000         0.000
  External Outflow .........         0.000         0.000
  Flooding Loss ............         0.000         0.000
  Evaporation Loss .........         0.000         0.000
  Exfiltration Loss ........         0.000         0.000
  Initial Stored Volume ....         0.000         0.000
  Final Stored Volume ......         0.000         0.000
  Continuity Error (%) .....         0.000
  
  
  ***************************
  Time-Step Critical Elements
  ***************************
  None
  
  
  ********************************
  Highest Flow Instability Indexes
  ********************************
  All links are stable.
  
  
  *********************************
  Most Frequent Nonconverging Nodes
  *********************************
  Convergence obtained at all time steps.
  
  
  *************************
  Routing Time Step Summary
  *************************
  Minimum Time Step           :    29.50 sec
  Average Time Step           :    29.99 sec
  Maximum Time Step           :    30.00 sec
  % of Time in Steady State   :     0.00
  Average Iterations per Step :     2.00
  % of Steps Not Converging   :     0.00
  Time Step Frequencies       :
     30.000 - 13.228 sec      :   100.00 %
     13.228 -  5.833 sec      :     0.00 %
      5.833 -  2.572 sec      :     0.00 %
      2.572 -  1.134 sec      :     0.00 %
      1.134 -  0.500 sec      :     0.00 %
  
  
  ******************
  Node Depth Summary
  ******************
  
  ---------------------------------------------------------------------------------
                                 Average  Maximum  Maximum  Time of Max    Reported
                                   Depth    Depth      HGL   Occurrence   Max Depth
  Node                 Type         Feet     Feet     Feet  days hr:min        Feet
  ---------------------------------------------------------------------------------
  6S2018               JUNCTION     0.00     0.00   578.40     0  00:00        0.00
  6S2019               JUNCTION     0.00     0.00   576.60     0  00:00        0.00
  6S2020               JUNCTION     0.00     0.00   576.20     0  00:00        0.00
  6S2021               JUNCTION     0.00     0.00   576.00     0  00:00        0.00
  6S2022               JUNCTION     0.00     0.00   575.50     0  00:00        0.00
  6S2023               JUNCTION     0.00     0.00   575.20     0  00:00        0.00
  6S2024               JUNCTION     0.00     0.00   575.20     0  00:00        0.00
  6S2025               JUNCTION     0.00     0.00   576.00     0  00:00        0.00
  6S2026               JUNCTION     0.00     0.00   576.00     0  00:00        0.00
  6S2027               JUNCTION     0.00     0.00   575.80     0  00:00        0.00
  6S2028               JUNCTION     0.00     0.00   576.40     0  00:00        0.00
  6S2029               JUNCTION     0.00     0.00   576.00     0  00:00        0.00
  6S2030               JUNCTION     0.00     0.00   576.20     0  00:00        0.00
  6S2031               JUNCTION     0.00     0.00   576.00     0  00:00        0.00
  6S2032               JUNCTION     0.00     0.00   575.80     0  00:00        0.00
  6S2033               JUNCTION     0.00     0.00   575.40     0  00:00        0.00
  6S2034               JUNCTION     0.00     0.00   575.00     0  00:00        0.00
  6S2036               JUNCTION     0.00     0.00   575.20     0  00:00        0.00
  6S2037               JUNCTION     0.00     0.00   576.00     0  00:00        0.00
  6S2038               JUNCTION     0.00     0.00   576.00     0  00:00        0.00
  6S552                JUNCTION     0.00     0.00   576.00     0  00:00        0.00
  6S881                JUNCTION     0.00     0.00   579.00     0  00:00        0.00
  6S2035               JUNCTION     0.00     0.00   574.80     0  00:00        0.00
  6S553                JUNCTION     0.00     0.00   576.00     0  00:00        0.00
  6S2050               JUNCTION     0.00     0.00   576.00     0  00:00        0.00
  6S1066               JUNCTION     0.00     0.00   574.80     0  00:00        0.00
  6S2045               JUNCTION     0.00     0.00   576.57     0  00:00        0.00
  6S2019A              JUNCTION     0.00     0.00   576.60     0  00:00        0.00
  6S2020A              JUNCTION     0.00     0.00   576.20     0  00:00        0.00
  6S2021A              JUNCTION     0.00     0.00   576.00     0  00:00        0.00
  6S2022A              JUNCTION     0.00     0.00   575.50     0  00:00        0.00
  6S2023A              JUNCTION     0.00     0.00   575.20     0  00:00        0.00
  6S2024A              JUNCTION     0.00     0.00   575.20     0  00:00        0.00
  6S430                JUNCTION     0.00     0.00   579.00     0  00:00        0.00
  OUT2                 JUNCTION     0.00     0.00   580.00     0  00:00        0.00
  C2CHAMBER            JUNCTION     0.00     0.00   579.00     0  00:00        0.00
  OUT1                 JUNCTION     0.00     0.00   579.00     0  00:00        0.00
  PONTIACINL           JUNCTION     0.00     0.00   579.00     0  00:00        0.00
  6S879                JUNCTION     0.00     0.00   579.00     0  00:00        0.00
  MH                   JUNCTION     0.00     0.00   578.00     0  00:00        0.00
  PONTIAC              JUNCTION     0.00     0.00   579.00     0  00:00        0.00
  6S3301               JUNCTION     0.00     0.00   578.00     0  00:00        0.00
  6S3302               JUNCTION     0.00     0.00   577.00     0  00:00        0.00
  6S3303               JUNCTION     0.00     0.00   577.00     0  00:00        0.00
  6S3304               JUNCTION     0.00     0.00   577.00     0  00:00        0.00
  6S3305               JUNCTION     0.00     0.00   577.00     0  00:00        0.00
  6S3309               JUNCTION     0.00     0.00   577.00     0  00:00        0.00
  6S3308               JUNCTION     0.00     0.00   577.00     0  00:00        0.00
  6S3307               JUNCTION     0.00     0.00   577.50     0  00:00        0.00
  6S3107               JUNCTION     0.00     0.00   576.10     0  00:00        0.00
  6S3105               JUNCTION     0.00     0.00   577.40     0  00:00        0.00
  6S3104               JUNCTION     0.00     0.00   576.60     0  00:00        0.00
  6S3101               JUNCTION     0.00     0.00   576.30     0  00:00        0.00
  6S3099               JUNCTION     0.00     0.00   576.30     0  00:00        0.00
  6S3097               JUNCTION     0.00     0.00   576.60     0  00:00        0.00
  6S3095               JUNCTION     0.00     0.00   576.40     0  00:00        0.00
  MH_2                 JUNCTION     0.00     0.00   581.66     0  00:00        0.00
  MH_3                 JUNCTION     0.00     0.00   581.41     0  00:00        0.00
  MH_4                 JUNCTION     0.00     0.00   580.62     0  00:00        0.00
  MH_5                 JUNCTION     0.00     0.00   580.82     0  00:00        0.00
  MH_6                 JUNCTION     0.00     0.00   580.64     0  00:00        0.00
  MH_7                 JUNCTION     0.00     0.00   580.23     0  00:00        0.00
  MH_8                 JUNCTION     0.00     0.00   579.88     0  00:00        0.00
  MH_9                 JUNCTION     0.00     0.00   579.19     0  00:00        0.00
  MH_10                JUNCTION     0.00     0.00   579.12     0  00:00        0.00
  MH_11                JUNCTION     0.00     0.00   579.48     0  00:00        0.00
  MH_12                JUNCTION     0.00     0.00   579.27     0  00:00        0.00
  6S2046               JUNCTION     0.00     0.00   579.08     0  00:00        0.00
  6S2047               JUNCTION     0.00     0.00   578.81     0  00:00        0.00
  6S2048               JUNCTION     0.00     0.00   578.01     0  00:00        0.00
  6S2049               JUNCTION     0.00     0.00   577.88     0  00:00        0.00
  MH_13                JUNCTION     0.00     0.00   581.67     0  00:00        0.00
  MH_14                JUNCTION     0.00     0.00   581.66     0  00:00        0.00
  MH_15                JUNCTION     0.00     0.00   584.57     0  00:00        0.00
  MH_16                JUNCTION     0.00     0.00   583.29     0  00:00        0.00
  MH_17                JUNCTION     0.00     0.00   583.04     0  00:00        0.00
  MH_18                JUNCTION     0.00     0.00   581.77     0  00:00        0.00
  7S1511               JUNCTION     0.00     0.00   585.42     0  00:00        0.00
  6S875                JUNCTION     0.00     0.00   580.00     0  00:00        0.00
  6S876                JUNCTION     0.00     0.00   579.00     0  00:00        0.00
  6S877                JUNCTION     0.00     0.00   579.00     0  00:00        0.00
  6S878                JUNCTION     0.00     0.00   579.00     0  00:00        0.00
  6S2361               JUNCTION     0.00     0.00   576.00     0  00:00        0.00
  213                  JUNCTION     0.00     0.00   580.00     0  00:00        0.00
  LRPCP                OUTFALL      0.00     0.00   580.00     0  00:00        0.00
  INLET                STORAGE      0.00     0.00   579.00     0  00:00        0.00
  RELIEF               STORAGE      0.00     0.00   579.00     0  00:00        0.00
  
  
  *******************
  Node Inflow Summary
  *******************
  
  -------------------------------------------------------------------------------------------------
                                  Maximum  Maximum                  Lateral       Total        Flow
                                  Lateral    Total  Time of Max      Inflow      Inflow     Balance
                                   Inflow   Inflow   Occurrence      Volume      Volume       Error
  Node                 Type           CFS      CFS  days hr:min    10^6 gal    10^6 gal     Percent
  -------------------------------------------------------------------------------------------------
  6S2018               JUNCTION      0.00     0.00     0  00:00           0           0       0.000 gal
  6S2019               JUNCTION      0.00     0.00     0  00:00           0           0       0.000 gal
  6S2020               JUNCTION      0.00     0.00     0  00:00           0           0       0.000 gal
  6S2021               JUNCTION      0.00     0.00     0  00:00           0           0       0.000 gal
  6S2022               JUNCTION      0.00     0.00     0  00:00           0           0       0.000 gal
  6S2023               JUNCTION      0.00     0.00     0  00:00           0           0       0.000 gal
  6S2024               JUNCTION      0.00     0.00     0  00:00           0           0       0.000 gal
  6S2025               JUNCTION      0.00     0.00     0  00:00           0           0       0.000 gal
  6S2026               JUNCTION      0.00     0.00     0  00:00           0           0       0.000 gal
  6S2027               JUNCTION      0.00     0.00     0  00:00           0           0       0.000 gal
  6S2028               JUNCTION      0.00     0.00     0  00:00           0           0       0.000 gal
  6S2029               JUNCTION      0.00     0.00     0  00:00           0           0       0.000 gal
  6S2030               JUNCTION      0.00     0.00     0  00:00           0           0       0.000 gal
  6S2031               JUNCTION      0.00     0.00     0  00:00           0           0       0.000 gal
  6S2032               JUNCTION      0.00     0.00     0  00:00           0           0       0.000 gal
  6S2033               JUNCTION      0.00     0.00     0  00:00           0           0       0.000 gal
  6S2034               JUNCTION      0.00     0.00     0  00:00           0           0       0.000 gal
  6S2036               JUNCTION      0.00     0.00     0  00:00           0           0       0.000 gal
  6S2037               JUNCTION      0.00     0.00     0  00:00           0           0       0.000 gal
  6S2038               JUNCTION      0.00     0.00     0  00:00           0           0       0.000 gal
  6S552                JUNCTION      0.00     0.00     0  00:00           0           0       0.000 gal
  6S881                JUNCTION      0.00     0.00     0  00:00           0           0       0.000 gal
  6S2035               JUNCTION      0.00     0.00     0  00:00           0           0       0.000 gal
  6S553                JUNCTION      0.00     0.00     0  00:00           0           0       0.000 gal
  6S2050               JUNCTION      0.00     0.00     0  00:00           0           0       0.000 gal
  6S1066               JUNCTION      0.00     0.00     0  00:00           0           0       0.000 gal
  6S2045               JUNCTION      0.00     0.00     0  00:00           0           0       0.000 gal
  6S2019A              JUNCTION      0.00     0.00     0  00:00           0           0       0.000 gal
  6S2020A              JUNCTION      0.00     0.00     0  00:00           0           0       0.000 gal
  6S2021A              JUNCTION      0.00     0.00     0  00:00           0           0       0.000 gal
  6S2022A              JUNCTION      0.00     0.00     0  00:00           0           0       0.000 gal
  6S2023A              JUNCTION      0.00     0.00     0  00:00           0           0       0.000 gal
  6S2024A              JUNCTION      0.00     0.00     0  00:00           0           0       0.000 gal
  6S430                JUNCTION      0.00     0.00     0  00:00           0           0       0.000 gal
  OUT2                 JUNCTION      0.00     0.00     0  00:00           0           0       0.000 gal
  C2CHAMBER            JUNCTION      0.00     0.00     0  00:00           0           0       0.000 gal
  OUT1                 JUNCTION      0.00     0.00     0  00:00           0           0       0.000 gal
  PONTIACINL           JUNCTION      0.00     0.00     0  00:00           0           0       0.000 gal
  6S879                JUNCTION      0.00     0.00     0  00:00           0           0       0.000 gal
  MH                   JUNCTION      0.00     0.00     0  00:00           0           0       0.000 gal
  PONTIAC              JUNCTION      0.00     0.00     0  00:00           0           0       0.000 gal
  6S3301               JUNCTION      0.00     0.00     0  00:00           0           0       0.000 gal
  6S3302               JUNCTION      0.00     0.00     0  00:00           0           0       0.000 gal
  6S3303               JUNCTION      0.00     0.00     0  00:00           0           0       0.000 gal
  6S3304               JUNCTION      0.00     0.00     0  00:00           0           0       0.000 gal
  6S3305               JUNCTION      0.00     0.00     0  00:00           0           0       0.000 gal
  6S3309               JUNCTION      0.00     0.00     0  00:00           0           0       0.000 gal
  6S3308               JUNCTION      0.00     0.00     0  00:00           0           0       0.000 gal
  6S3307               JUNCTION      0.00     0.00     0  00:00           0           0       0.000 gal
  6S3107               JUNCTION      0.00     0.00     0  00:00           0           0       0.000 gal
  6S3105               JUNCTION      0.00     0.00     0  00:00           0           0       0.000 gal
  6S3104               JUNCTION      0.00     0.00     0  00:00           0           0       0.000 gal
  6S3101               JUNCTION      0.00     0.00     0  00:00           0           0       0.000 gal
  6S3099               JUNCTION      0.00     0.00     0  00:00           0           0       0.000 gal
  6S3097               JUNCTION      0.00     0.00     0  00:00           0           0       0.000 gal
  6S3095               JUNCTION      0.00     0.00     0  00:00           0           0       0.000 gal
  MH_2                 JUNCTION      0.00     0.00     0  00:00           0           0       0.000 gal
  MH_3                 JUNCTION      0.00     0.00     0  00:00           0           0       0.000 gal
  MH_4                 JUNCTION      0.00     0.00     0  00:00           0           0       0.000 gal
  MH_5                 JUNCTION      0.00     0.00     0  00:00           0           0       0.000 gal
  MH_6                 JUNCTION      0.00     0.00     0  00:00           0           0       0.000 gal
  MH_7                 JUNCTION      0.00     0.00     0  00:00           0           0       0.000 gal
  MH_8                 JUNCTION      0.00     0.00     0  00:00           0           0       0.000 gal
  MH_9                 JUNCTION      0.00     0.00     0  00:00           0           0       0.000 gal
  MH_10                JUNCTION      0.00     0.00     0  00:00           0           0       0.000 gal
  MH_11                JUNCTION      0.00     0.00     0  00:00           0           0       0.000 gal
  MH_12                JUNCTION      0.00     0.00     0  00:00           0           0       0.000 gal
  6S2046               JUNCTION      0.00     0.00     0  00:00           0           0       0.000 gal
  6S2047               JUNCTION      0.00     0.00     0  00:00           0           0       0.000 gal
  6S2048               JUNCTION      0.00     0.00     0  00:00           0           0       0.000 gal
  6S2049               JUNCTION      0.00     0.00     0  00:00           0           0       0.000 gal
  MH_13                JUNCTION      0.00     0.00     0  00:00           0           0       0.000 gal
  MH_14                JUNCTION      0.00     0.00     0  00:00           0           0       0.000 gal
  MH_15                JUNCTION      0.00     0.00     0  00:00           0           0       0.000 gal
  MH_16                JUNCTION      0.00     0.00     0  00:00           0           0       0.000 gal
  MH_17                JUNCTION      0.00     0.00     0  00:00           0           0       0.000 gal
  MH_18                JUNCTION      0.00     0.00     0  00:00           0           0       0.000 gal
  7S1511               JUNCTION      0.00     0.00     0  00:00           0           0       0.000 gal
  6S875                JUNCTION      0.00     0.00     0  00:00           0           0       0.000 gal
  6S876                JUNCTION      0.00     0.00     0  00:00           0           0       0.000 gal
  6S877                JUNCTION      0.00     0.00     0  00:00           0           0       0.000 gal
  6S878                JUNCTION      0.00     0.00     0  00:00           0           0       0.000 gal
  6S2361               JUNCTION      0.00     0.00     0  00:00           0           0       0.000 gal
  213                  JUNCTION      0.00     0.00     0  00:00           0           0       0.000 gal
  LRPCP                OUTFALL       0.00     0.00     0  00:00           0           0       0.000 gal
  INLET                STORAGE       0.00     0.00     0  00:00           0           0       0.000 gal
  RELIEF               STORAGE       0.00     0.00     0  00:00           0           0       0.000 gal
  
  
  **********************
  Node Surcharge Summary
  **********************
  
  Surcharging occurs when water rises above the top of the highest conduit.
  ---------------------------------------------------------------------
                                               Max. Height   Min. Depth
                                   Hours       Above Crown    Below Rim
  Node                 Type      Surcharged           Feet         Feet
  ---------------------------------------------------------------------
  MH_2                 JUNCTION       24.00          0.000        0.000
  MH_3                 JUNCTION       24.00          0.000        0.000
  MH_4                 JUNCTION       24.00          0.000        0.000
  MH_5                 JUNCTION       24.00          0.000        0.000
  MH_6                 JUNCTION       24.00          0.000        0.000
  MH_7                 JUNCTION       24.00          0.000        0.000
  MH_8                 JUNCTION       24.00          0.000        0.000
  MH_9                 JUNCTION       24.00          0.000        0.000
  MH_10                JUNCTION       24.00          0.000        0.000
  MH_11                JUNCTION       24.00          0.000        0.000
  MH_12                JUNCTION       24.00          0.000        0.000
  MH_13                JUNCTION       24.00          0.000        0.000
  MH_14                JUNCTION       24.00          0.000        0.000
  MH_15                JUNCTION       24.00          0.000        0.000
  MH_16                JUNCTION       24.00          0.000        0.000
  MH_17                JUNCTION       24.00          0.000        0.000
  MH_18                JUNCTION       24.00          0.000        0.000
  
  
  *********************
  Node Flooding Summary
  *********************
  
  No nodes were flooded.
  
  
  **********************
  Storage Volume Summary
  **********************
  
  ------------------------------------------------------------------------------------------------
                         Average    Avg   Evap  Exfil     Maximum    Max    Time of Max    Maximum
                          Volume   Pcnt   Pcnt   Pcnt      Volume   Pcnt     Occurrence    Outflow
  Storage Unit          1000 ft³   Full   Loss   Loss    1000 ft³   Full    days hr:min        CFS
  ------------------------------------------------------------------------------------------------
  INLET                    0.000    0.0    0.0    0.0       0.000    0.0       0  00:00       0.00
  RELIEF                   0.000    0.0    0.0    0.0       0.000    0.0       0  00:00       0.00
  
  
  ***********************
  Outfall Loading Summary
  ***********************
  
  -----------------------------------------------------------
                         Flow       Avg       Max       Total
                         Freq      Flow      Flow      Volume
  Outfall Node           Pcnt       CFS       CFS    10^6 gal
  -----------------------------------------------------------
  LRPCP                  0.00      0.00      0.00       0.000
  -----------------------------------------------------------
  System                 0.00      0.00      0.00       0.000
  
  
  ********************
  Link Flow Summary
  ********************
  
  -----------------------------------------------------------------------------
                                 Maximum  Time of Max   Maximum    Max/    Max/
                                  |Flow|   Occurrence   |Veloc|    Full    Full
  Link                 Type          CFS  days hr:min    ft/sec    Flow   Depth
  -----------------------------------------------------------------------------
  22                   CONDUIT      0.00     0  00:00      0.00    0.00    0.00
  21                   CONDUIT      0.00     0  00:00      0.00    0.00    0.00
  20                   CONDUIT      0.00     0  00:00      0.00    0.00    0.00
  19                   CONDUIT      0.00     0  00:00      0.00    0.00    0.00
  18                   CONDUIT      0.00     0  00:00      0.00    0.00    0.00
  17                   CONDUIT      0.00     0  00:00      0.00    0.00    0.00
  16                   CONDUIT      0.00     0  00:00      0.00    0.00    0.00
  15                   CONDUIT      0.00     0  00:00      0.00    0.00    0.00
  14                   CONDUIT      0.00     0  00:00      0.00    0.00    0.00
  13                   CONDUIT      0.00     0  00:00      0.00    0.00    0.00
  12                   CONDUIT      0.00     0  00:00      0.00    0.00    0.00
  11                   CONDUIT      0.00     0  00:00      0.00    0.00    0.00
  10                   CONDUIT      0.00     0  00:00      0.00    0.00    0.00
  9                    CONDUIT      0.00     0  00:00      0.00    0.00    0.00
  8                    CONDUIT      0.00     0  00:00      0.00    0.00    0.00
  7                    CONDUIT      0.00     0  00:00      0.00    0.00    0.00
  4                    CONDUIT      0.00     0  00:00      0.00    0.00    0.00
  3                    CONDUIT      0.00     0  00:00      0.00    0.00    0.00
  2                    CONDUIT      0.00     0  00:00      0.00    0.00    0.00
  1                    CONDUIT      0.00     0  00:00      0.00    0.00    0.00
  6                    CONDUIT      0.00     0  00:00      0.00    0.00    0.00
  5                    CONDUIT      0.00     0  00:00      0.00    0.00    0.00
  101                  CONDUIT      0.00     0  00:00      0.00    0.00    0.00
  LR                   CONDUIT      0.00     0  00:00      0.00    0.00    0.00
  301                  CONDUIT      0.00     0  00:00      0.00    0.00    0.00
  401                  CONDUIT      0.00     0  00:00      0.00    0.00    0.00
  22A                  CONDUIT      0.00     0  00:00      0.00    0.00    0.00
  21A                  CONDUIT      0.00     0  00:00      0.00    0.00    0.00
  20A                  CONDUIT      0.00     0  00:00      0.00    0.00    0.00
  19A                  CONDUIT      0.00     0  00:00      0.00    0.00    0.00
  18A                  CONDUIT      0.00     0  00:00      0.00    0.00    0.00
  17A                  CONDUIT      0.00     0  00:00      0.00    0.00    0.00
  16A                  CONDUIT      0.00     0  00:00      0.00    0.00    0.00
  PLANTINLET           CONDUIT      0.00     0  00:00      0.00    0.00    0.00
  287.1                CONDUIT      0.00     0  00:00      0.00    0.00    0.00
  PLANT                CONDUIT      0.00     0  00:00      0.00    0.00    0.00
  JEROME1              CONDUIT      0.00     0  00:00      0.00    0.00    0.00
  C1CHAMBER            CONDUIT      0.00     0  00:00      0.00    0.00    0.00
  PONTIACOVE           CONDUIT      0.00     0  00:00      0.00    0.00    0.00
  EDGAR1               CONDUIT      0.00     0  00:00      0.00    0.00    0.00
  JEROME2              CONDUIT      0.00     0  00:00      0.00    0.00    0.00
  WYANBYPASS           CONDUIT      0.00     0  00:00      0.00    0.00    0.00
  P1                   CONDUIT      0.00     0  00:00      0.00    0.00    0.00
  REND1                CONDUIT      0.00     0  00:00      0.00    0.00    0.00
  REND2                CONDUIT      0.00     0  00:00      0.00    0.00    0.00
  REND3                CONDUIT      0.00     0  00:00      0.00    0.00    0.00
  REND4                CONDUIT      0.00     0  00:00      0.00    0.00    0.00
  REND5                CONDUIT      0.00     0  00:00      0.00    0.00    0.00
  REND8                CONDUIT      0.00     0  00:00      0.00    0.00    0.00
  REND7                CONDUIT      0.00     0  00:00      0.00    0.00    0.00
  REND6                CONDUIT      0.00     0  00:00      0.00    0.00    0.00
  CGT7                 CONDUIT      0.00     0  00:00      0.00    0.00    0.00
  CGT6                 CONDUIT      0.00     0  00:00      0.00    0.00    0.00
  CGT5                 CONDUIT      0.00     0  00:00      0.00    0.00    0.00
  CGT4                 CONDUIT      0.00     0  00:00      0.00    0.00    0.00
  CGT3                 CONDUIT      0.00     0  00:00      0.00    0.00    0.00
  CGT2                 CONDUIT      0.00     0  00:00      0.00    0.00    0.00
  CGT1                 CONDUIT      0.00     0  00:00      0.00    0.00    0.00
  LR_2                 CONDUIT      0.00     0  00:00      0.00    0.00    0.00
  LR_3                 CONDUIT      0.00     0  00:00      0.00    0.00    0.00
  LR_4                 CONDUIT      0.00     0  00:00      0.00    0.00    0.00
  LR_5                 CONDUIT      0.00     0  00:00      0.00    0.00    0.00
  LR_6                 CONDUIT      0.00     0  00:00      0.00    0.00    0.00
  LR_7                 CONDUIT      0.00     0  00:00      0.00    0.00    0.00
  LR_8                 CONDUIT      0.00     0  00:00      0.00    0.00    0.00
  LR_9                 CONDUIT      0.00     0  00:00      0.00    0.00    0.00
  LR_10                CONDUIT      0.00     0  00:00      0.00    0.00    0.00
  174                  CONDUIT      0.00     0  00:00      0.00    0.00    0.00
  LR_11                CONDUIT      0.00     0  00:00      0.00    0.00    0.00
  LR_12                CONDUIT      0.00     0  00:00      0.00    0.00    0.00
  LR_13                CONDUIT      0.00     0  00:00      0.00    0.00    0.00
  LR_14                CONDUIT      0.00     0  00:00      0.00    0.00    0.00
  LR_15                CONDUIT      0.00     0  00:00      0.00    0.00    0.00
  LR_16                CONDUIT      0.00     0  00:00      0.00    0.00    0.00
  LR_17                CONDUIT      0.00     0  00:00      0.00    0.00    0.00
  LR_18                CONDUIT      0.00     0  00:00      0.00    0.00    0.00
  LR_19                CONDUIT      0.00     0  00:00      0.00    0.00    0.00
  LR_20                CONDUIT      0.00     0  00:00      0.00    0.00    0.00
  LR_21                CONDUIT      0.00     0  00:00      0.00    0.00    0.00
  LR_22                CONDUIT      0.00     0  00:00      0.00    0.00    0.00
  202                  CONDUIT      0.00     0  00:00      0.00    0.00    0.00
  204                  CONDUIT      0.00     0  00:00      0.00    0.00    0.00
  206                  CONDUIT      0.00     0  00:00      0.00    0.00    0.00
  207                  CONDUIT      0.00     0  00:00      0.00    0.00    0.00
  211                  CONDUIT      0.00     0  00:00      0.00    0.00    0.00
  283.1                ORIFICE      0.00     0  00:00                      0.00
  293.1                PUMP         0.00     0  00:00              0.00
  
  
  ***************************
  Flow Classification Summary
  ***************************
  
  -------------------------------------------------------------------------------------
                      Adjusted    ---------- Fraction of Time in Flow Class ---------- 
                       /Actual         Up    Down  Sub   Sup   Up    Down  Norm  Inlet 
  Conduit               Length    Dry  Dry   Dry   Crit  Crit  Crit  Crit  Ltd   Ctrl  
  -------------------------------------------------------------------------------------
  22                      1.00   1.00  0.00  0.00  0.00  0.00  0.00  0.00  0.00  0.00
  21                      1.00   1.00  0.00  0.00  0.00  0.00  0.00  0.00  0.00  0.00
  20                      1.00   1.00  0.00  0.00  0.00  0.00  0.00  0.00  0.00  0.00
  19                      1.00   1.00  0.00  0.00  0.00  0.00  0.00  0.00  0.00  0.00
  18                      1.00   1.00  0.00  0.00  0.00  0.00  0.00  0.00  0.00  0.00
  17                      1.00   1.00  0.00  0.00  0.00  0.00  0.00  0.00  0.00  0.00
  16                      1.00   1.00  0.00  0.00  0.00  0.00  0.00  0.00  0.00  0.00
  15                      1.00   1.00  0.00  0.00  0.00  0.00  0.00  0.00  0.00  0.00
  14                      1.00   1.00  0.00  0.00  0.00  0.00  0.00  0.00  0.00  0.00
  13                      1.00   1.00  0.00  0.00  0.00  0.00  0.00  0.00  0.00  0.00
  12                      1.00   1.00  0.00  0.00  0.00  0.00  0.00  0.00  0.00  0.00
  11                      1.00   1.00  0.00  0.00  0.00  0.00  0.00  0.00  0.00  0.00
  10                      1.00   1.00  0.00  0.00  0.00  0.00  0.00  0.00  0.00  0.00
  9                       1.00   1.00  0.00  0.00  0.00  0.00  0.00  0.00  0.00  0.00
  8                       1.00   1.00  0.00  0.00  0.00  0.00  0.00  0.00  0.00  0.00
  7                       1.00   1.00  0.00  0.00  0.00  0.00  0.00  0.00  0.00  0.00
  4                       1.00   1.00  0.00  0.00  0.00  0.00  0.00  0.00  0.00  0.00
  3                       1.00   1.00  0.00  0.00  0.00  0.00  0.00  0.00  0.00  0.00
  2                       1.00   1.00  0.00  0.00  0.00  0.00  0.00  0.00  0.00  0.00
  1                       1.00   1.00  0.00  0.00  0.00  0.00  0.00  0.00  0.00  0.00
  6                       1.00   1.00  0.00  0.00  0.00  0.00  0.00  0.00  0.00  0.00
  5                       1.00   1.00  0.00  0.00  0.00  0.00  0.00  0.00  0.00  0.00
  101                     1.00   1.00  0.00  0.00  0.00  0.00  0.00  0.00  0.00  0.00
  LR                      1.00   1.00  0.00  0.00  0.00  0.00  0.00  0.00  0.00  0.00
  301                     1.00   1.00  0.00  0.00  0.00  0.00  0.00  0.00  0.00  0.00
  401                     1.00   1.00  0.00  0.00  0.00  0.00  0.00  0.00  0.00  0.00
  22A                     1.00   1.00  0.00  0.00  0.00  0.00  0.00  0.00  0.00  0.00
  21A                     1.00   1.00  0.00  0.00  0.00  0.00  0.00  0.00  0.00  0.00
  20A                     1.00   1.00  0.00  0.00  0.00  0.00  0.00  0.00  0.00  0.00
  19A                     1.00   1.00  0.00  0.00  0.00  0.00  0.00  0.00  0.00  0.00
  18A                     1.00   1.00  0.00  0.00  0.00  0.00  0.00  0.00  0.00  0.00
  17A                     1.00   1.00  0.00  0.00  0.00  0.00  0.00  0.00  0.00  0.00
  16A                     1.00   1.00  0.00  0.00  0.00  0.00  0.00  0.00  0.00  0.00
  PLANTINLET              1.00   1.00  0.00  0.00  0.00  0.00  0.00  0.00  0.00  0.00
  287.1                   1.00   1.00  0.00  0.00  0.00  0.00  0.00  0.00  0.00  0.00
  PLANT                   1.00   1.00  0.00  0.00  0.00  0.00  0.00  0.00  0.00  0.00
  JEROME1                 1.00   1.00  0.00  0.00  0.00  0.00  0.00  0.00  0.00  0.00
  C1CHAMBER               1.00   1.00  0.00  0.00  0.00  0.00  0.00  0.00  0.00  0.00
  PONTIACOVE              1.00   1.00  0.00  0.00  0.00  0.00  0.00  0.00  0.00  0.00
  EDGAR1                  1.00   1.00  0.00  0.00  0.00  0.00  0.00  0.00  0.00  0.00
  JEROME2                 1.00   1.00  0.00  0.00  0.00  0.00  0.00  0.00  0.00  0.00
  WYANBYPASS              1.00   1.00  0.00  0.00  0.00  0.00  0.00  0.00  0.00  0.00
  P1                      1.00   1.00  0.00  0.00  0.00  0.00  0.00  0.00  0.00  0.00
  REND1                   1.00   1.00  0.00  0.00  0.00  0.00  0.00  0.00  0.00  0.00
  REND2                   1.00   1.00  0.00  0.00  0.00  0.00  0.00  0.00  0.00  0.00
  REND3                   1.00   1.00  0.00  0.00  0.00  0.00  0.00  0.00  0.00  0.00
  REND4                   1.00   1.00  0.00  0.00  0.00  0.00  0.00  0.00  0.00  0.00
  REND5                   1.00   1.00  0.00  0.00  0.00  0.00  0.00  0.00  0.00  0.00
  REND8                   1.00   1.00  0.00  0.00  0.00  0.00  0.00  0.00  0.00  0.00
  REND7                   1.00   1.00  0.00  0.00  0.00  0.00  0.00  0.00  0.00  0.00
  REND6                   1.00   1.00  0.00  0.00  0.00  0.00  0.00  0.00  0.00  0.00
  CGT7                    1.00   1.00  0.00  0.00  0.00  0.00  0.00  0.00  0.00  0.00
  CGT6                    1.00   1.00  0.00  0.00  0.00  0.00  0.00  0.00  0.00  0.00
  CGT5                    1.00   1.00  0.00  0.00  0.00  0.00  0.00  0.00  0.00  0.00
  CGT4                    1.00   1.00  0.00  0.00  0.00  0.00  0.00  0.00  0.00  0.00
  CGT3                    1.00   1.00  0.00  0.00  0.00  0.00  0.00  0.00  0.00  0.00
  CGT2                    1.00   1.00  0.00  0.00  0.00  0.00  0.00  0.00  0.00  0.00
  CGT1                    1.00   1.00  0.00  0.00  0.00  0.00  0.00  0.00  0.00  0.00
  LR_2                    1.00   1.00  0.00  0.00  0.00  0.00  0.00  0.00  0.00  0.00
  LR_3                    1.00   1.00  0.00  0.00  0.00  0.00  0.00  0.00  0.00  0.00
  LR_4                    1.00   1.00  0.00  0.00  0.00  0.00  0.00  0.00  0.00  0.00
  LR_5                    1.00   1.00  0.00  0.00  0.00  0.00  0.00  0.00  0.00  0.00
  LR_6                    1.00   1.00  0.00  0.00  0.00  0.00  0.00  0.00  0.00  0.00
  LR_7                    1.00   1.00  0.00  0.00  0.00  0.00  0.00  0.00  0.00  0.00
  LR_8                    1.00   1.00  0.00  0.00  0.00  0.00  0.00  0.00  0.00  0.00
  LR_9                    1.00   1.00  0.00  0.00  0.00  0.00  0.00  0.00  0.00  0.00
  LR_10                   1.00   1.00  0.00  0.00  0.00  0.00  0.00  0.00  0.00  0.00
  174                     1.00   1.00  0.00  0.00  0.00  0.00  0.00  0.00  0.00  0.00
  LR_11                   1.00   1.00  0.00  0.00  0.00  0.00  0.00  0.00  0.00  0.00
  LR_12                   1.00   1.00  0.00  0.00  0.00  0.00  0.00  0.00  0.00  0.00
  LR_13                   1.00   1.00  0.00  0.00  0.00  0.00  0.00  0.00  0.00  0.00
  LR_14                   1.00   1.00  0.00  0.00  0.00  0.00  0.00  0.00  0.00  0.00
  LR_15                   1.00   1.00  0.00  0.00  0.00  0.00  0.00  0.00  0.00  0.00
  LR_16                   1.00   1.00  0.00  0.00  0.00  0.00  0.00  0.00  0.00  0.00
  LR_17                   1.00   1.00  0.00  0.00  0.00  0.00  0.00  0.00  0.00  0.00
  LR_18                   1.00   1.00  0.00  0.00  0.00  0.00  0.00  0.00  0.00  0.00
  LR_19                   1.00   1.00  0.00  0.00  0.00  0.00  0.00  0.00  0.00  0.00
  LR_20                   1.00   1.00  0.00  0.00  0.00  0.00  0.00  0.00  0.00  0.00
  LR_21                   1.00   1.00  0.00  0.00  0.00  0.00  0.00  0.00  0.00  0.00
  LR_22                   1.00   1.00  0.00  0.00  0.00  0.00  0.00  0.00  0.00  0.00
  202                     1.00   1.00  0.00  0.00  0.00  0.00  0.00  0.00  0.00  0.00
  204                     1.00   1.00  0.00  0.00  0.00  0.00  0.00  0.00  0.00  0.00
  206                     1.00   1.00  0.00  0.00  0.00  0.00  0.00  0.00  0.00  0.00
  207                     1.00   1.00  0.00  0.00  0.00  0.00  0.00  0.00  0.00  0.00
  211                     1.00   1.00  0.00  0.00  0.00  0.00  0.00  0.00  0.00  0.00
  
  
  *************************
  Conduit Surcharge Summary
  *************************
  
  No conduits were surcharged.
  
  
  ***************
  Pumping Summary
  ***************
  
  ---------------------------------------------------------------------------------------------------------
                                                  Min       Avg       Max     Total     Power    % Time Off
                        Percent   Number of      Flow      Flow      Flow    Volume     Usage    Pump Curve
  Pump                 Utilized   Start-Ups       CFS       CFS       CFS  10^6 gal     Kw-hr    Low   High
  ---------------------------------------------------------------------------------------------------------
  293.1                    0.00           0      0.00      0.00      0.00     0.000      0.00    0.0    0.0
  

  Analysis begun on:  Sun Jul 19 15:15:50 2026
  Analysis ended on:  Sun Jul 19 15:15:50 2026
  Total elapsed time: < 1 sec