
  EPA STORM WATER MANAGEMENT MODEL - VERSION 5.2 (Build 5.2.4)
  ------------------------------------------------------------

  American Airlines North Terminal Development Stormwater System No. 2430 
  WARNING 04: minimum elevation drop used for Conduit 51
  WARNING 04: minimum elevation drop used for Conduit 56
  WARNING 04: minimum elevation drop used for Conduit 58
  WARNING 04: minimum elevation drop used for Conduit 60
  WARNING 04: minimum elevation drop used for Conduit 61
  WARNING 04: minimum elevation drop used for Conduit 68
  WARNING 04: minimum elevation drop used for Conduit 70
  WARNING 04: minimum elevation drop used for Conduit 73
  WARNING 04: minimum elevation drop used for Conduit 110
  
  ****************
  Analysis Options
  ****************
  Flow Units ............... CFS
  Process Models:
    Rainfall/Runoff ........ NO
    RDII ................... NO
    Snowmelt ............... NO
    Groundwater ............ NO
    Flow Routing ........... YES
    Ponding Allowed ........ NO
    Water Quality .......... NO
  Flow Routing Method ...... DYNWAVE
  Surcharge Method ......... EXTRAN
  Starting Date ............ 01/01/2001 00:00:00
  Ending Date .............. 01/02/2001 00:00:00
  Antecedent Dry Days ...... 0.0
  Report Time Step ......... 00:15:00
  Routing Time Step ........ 5.00 sec
  Variable Time Step ....... YES
  Maximum Trials ........... 50
  Number of Threads ........ 1
  Head Tolerance ........... 0.003300 ft
  
  
  **************************        Volume        Volume
  Flow Routing Continuity        acre-feet      10^6 gal
  **************************     ---------     ---------
  Dry Weather Inflow .......         0.000         0.000
  Wet Weather Inflow .......         0.000         0.000
  Groundwater Inflow .......         0.000         0.000
  RDII Inflow ..............         0.000         0.000
  External Inflow ..........         0.000         0.000
  External Outflow .........         0.000         0.000
  Flooding Loss ............         0.000         0.000
  Evaporation Loss .........         0.000         0.000
  Exfiltration Loss ........         0.000         0.000
  Initial Stored Volume ....         0.000         0.000
  Final Stored Volume ......         0.000         0.000
  Continuity Error (%) .....         0.000
  
  
  ***************************
  Time-Step Critical Elements
  ***************************
  None
  
  
  ********************************
  Highest Flow Instability Indexes
  ********************************
  All links are stable.
  
  
  *********************************
  Most Frequent Nonconverging Nodes
  *********************************
  Convergence obtained at all time steps.
  
  
  *************************
  Routing Time Step Summary
  *************************
  Minimum Time Step           :     4.50 sec
  Average Time Step           :     5.00 sec
  Maximum Time Step           :     5.00 sec
  % of Time in Steady State   :     0.00
  Average Iterations per Step :     2.00
  % of Steps Not Converging   :     0.00
  Time Step Frequencies       :
      5.000 -  3.155 sec      :   100.00 %
      3.155 -  1.991 sec      :     0.00 %
      1.991 -  1.256 sec      :     0.00 %
      1.256 -  0.792 sec      :     0.00 %
      0.792 -  0.500 sec      :     0.00 %
  
  
  ******************
  Node Depth Summary
  ******************
  
  ---------------------------------------------------------------------------------
                                 Average  Maximum  Maximum  Time of Max    Reported
                                   Depth    Depth      HGL   Occurrence   Max Depth
  Node                 Type         Feet     Feet     Feet  days hr:min        Feet
  ---------------------------------------------------------------------------------
  52                   JUNCTION     0.00     0.00     8.50     0  00:00        0.00
  54                   JUNCTION     0.00     0.00     8.50     0  00:00        0.00
  55                   JUNCTION     0.00     0.00     8.50     0  00:00        0.00
  57                   JUNCTION     0.00     0.00     8.50     0  00:00        0.00
  59                   JUNCTION     0.00     0.00     8.50     0  00:00        0.00
  62                   JUNCTION     0.00     0.00     7.60     0  00:00        0.00
  66                   JUNCTION     0.00     0.00     8.40     0  00:00        0.00
  67                   JUNCTION     0.00     0.00     8.40     0  00:00        0.00
  69                   JUNCTION     0.00     0.00     8.40     0  00:00        0.00
  71                   JUNCTION     0.00     0.00     8.50     0  00:00        0.00
  74                   JUNCTION     0.00     0.00     7.30     0  00:00        0.00
  75                   JUNCTION     0.00     0.00     7.30     0  00:00        0.00
  77                   JUNCTION     0.00     0.00     7.30     0  00:00        0.00
  79                   JUNCTION     0.00     0.00     7.30     0  00:00        0.00
  92                   JUNCTION     0.00     0.00     7.30     0  00:00        0.00
  99                   JUNCTION     0.00     0.00     7.30     0  00:00        0.00
  101                  JUNCTION     0.00     0.00     6.30     0  00:00        0.00
  107                  JUNCTION     0.00     0.00     7.30     0  00:00        0.00
  109                  JUNCTION     0.00     0.00     7.30     0  00:00        0.00
  111                  JUNCTION     0.00     0.00     8.00     0  00:00        0.00
  64                   OUTFALL      0.00     0.00     9.20     0  00:00        0.00
  49                   STORAGE      0.00     0.00    10.00     0  00:00        0.00
  50                   STORAGE      0.00     0.00    10.00     0  00:00        0.00
  81                   STORAGE      0.00     0.00     7.30     0  00:00        0.00
  82                   STORAGE      0.00     0.00     7.30     0  00:00        0.00
  85                   STORAGE      0.00     0.00     7.31     0  00:00        0.00
  88                   STORAGE      0.00     0.00     7.31     0  00:00        0.00
  
  
  *******************
  Node Inflow Summary
  *******************
  
  -------------------------------------------------------------------------------------------------
                                  Maximum  Maximum                  Lateral       Total        Flow
                                  Lateral    Total  Time of Max      Inflow      Inflow     Balance
                                   Inflow   Inflow   Occurrence      Volume      Volume       Error
  Node                 Type           CFS      CFS  days hr:min    10^6 gal    10^6 gal     Percent
  -------------------------------------------------------------------------------------------------
  52                   JUNCTION      0.00     0.00     0  00:00           0           0       0.000 gal
  54                   JUNCTION      0.00     0.00     0  00:00           0           0       0.000 gal
  55                   JUNCTION      0.00     0.00     0  00:00           0           0       0.000 gal
  57                   JUNCTION      0.00     0.00     0  00:00           0           0       0.000 gal
  59                   JUNCTION      0.00     0.00     0  00:00           0           0       0.000 gal
  62                   JUNCTION      0.00     0.00     0  00:00           0           0       0.000 gal
  66                   JUNCTION      0.00     0.00     0  00:00           0           0       0.000 gal
  67                   JUNCTION      0.00     0.00     0  00:00           0           0       0.000 gal
  69                   JUNCTION      0.00     0.00     0  00:00           0           0       0.000 gal
  71                   JUNCTION      0.00     0.00     0  00:00           0           0       0.000 gal
  74                   JUNCTION      0.00     0.00     0  00:00           0           0       0.000 gal
  75                   JUNCTION      0.00     0.00     0  00:00           0           0       0.000 gal
  77                   JUNCTION      0.00     0.00     0  00:00           0           0       0.000 gal
  79                   JUNCTION      0.00     0.00     0  00:00           0           0       0.000 gal
  92                   JUNCTION      0.00     0.00     0  00:00           0           0       0.000 gal
  99                   JUNCTION      0.00     0.00     0  00:00           0           0       0.000 gal
  101                  JUNCTION      0.00     0.00     0  00:00           0           0       0.000 gal
  107                  JUNCTION      0.00     0.00     0  00:00           0           0       0.000 gal
  109                  JUNCTION      0.00     0.00     0  00:00           0           0       0.000 gal
  111                  JUNCTION      0.00     0.00     0  00:00           0           0       0.000 gal
  64                   OUTFALL       0.00     0.00     0  00:00           0           0       0.000 gal
  49                   STORAGE       0.00     0.00     0  00:00           0           0       0.000 gal
  50                   STORAGE       0.00     0.00     0  00:00           0           0       0.000 gal
  81                   STORAGE       0.00     0.00     0  00:00           0           0       0.000 gal
  82                   STORAGE       0.00     0.00     0  00:00           0           0       0.000 gal
  85                   STORAGE       0.00     0.00     0  00:00           0           0       0.000 gal
  88                   STORAGE       0.00     0.00     0  00:00           0           0       0.000 gal
  
  
  **********************
  Node Surcharge Summary
  **********************
  
  No nodes were surcharged.
  
  
  *********************
  Node Flooding Summary
  *********************
  
  No nodes were flooded.
  
  
  **********************
  Storage Volume Summary
  **********************
  
  ------------------------------------------------------------------------------------------------
                         Average    Avg   Evap  Exfil     Maximum    Max    Time of Max    Maximum
                          Volume   Pcnt   Pcnt   Pcnt      Volume   Pcnt     Occurrence    Outflow
  Storage Unit          1000 ft³   Full   Loss   Loss    1000 ft³   Full    days hr:min        CFS
  ------------------------------------------------------------------------------------------------
  49                       0.000    0.0    0.0    0.0       0.000    0.0       0  00:00       0.00
  50                       0.000    0.0    0.0    0.0       0.000    0.0       0  00:00       0.00
  81                       0.000    0.0    0.0    0.0       0.000    0.0       0  00:00       0.00
  82                       0.000    0.0    0.0    0.0       0.000    0.0       0  00:00       0.00
  85                       0.000    0.0    0.0    0.0       0.000    0.0       0  00:00       0.00
  88                       0.000    0.0    0.0    0.0       0.000    0.0       0  00:00       0.00
  
  
  ***********************
  Outfall Loading Summary
  ***********************
  
  -----------------------------------------------------------
                         Flow       Avg       Max       Total
                         Freq      Flow      Flow      Volume
  Outfall Node           Pcnt       CFS       CFS    10^6 gal
  -----------------------------------------------------------
  64                     0.00      0.00      0.00       0.000
  -----------------------------------------------------------
  System                 0.00      0.00      0.00       0.000
  
  
  ********************
  Link Flow Summary
  ********************
  
  -----------------------------------------------------------------------------
                                 Maximum  Time of Max   Maximum    Max/    Max/
                                  |Flow|   Occurrence   |Veloc|    Full    Full
  Link                 Type          CFS  days hr:min    ft/sec    Flow   Depth
  -----------------------------------------------------------------------------
  51                   CONDUIT      0.00     0  00:00      0.00    0.00    0.00
  53                   CONDUIT      0.00     0  00:00      0.00    0.00    0.00
  56                   CONDUIT      0.00     0  00:00      0.00    0.00    0.00
  58                   CONDUIT      0.00     0  00:00      0.00    0.00    0.00
  60                   CONDUIT      0.00     0  00:00      0.00    0.00    0.00
  61                   CONDUIT      0.00     0  00:00      0.00    0.00    0.00
  63                   CONDUIT      0.00     0  00:00      0.00    0.00    0.00
  65                   CONDUIT      0.00     0  00:00      0.00    0.00    0.00
  68                   CONDUIT      0.00     0  00:00      0.00    0.00    0.00
  70                   CONDUIT      0.00     0  00:00      0.00    0.00    0.00
  72                   CONDUIT      0.00     0  00:00      0.00    0.00    0.00
  73                   CONDUIT      0.00     0  00:00      0.00    0.00    0.00
  76                   CONDUIT      0.00     0  00:00      0.00    0.00    0.00
  78                   CONDUIT      0.00     0  00:00      0.00    0.00    0.00
  83                   CONDUIT      0.00     0  00:00      0.00    0.00    0.00
  86                   CONDUIT      0.00     0  00:00      0.00    0.00    0.00
  90                   CONDUIT      0.00     0  00:00      0.00    0.00    0.00
  91                   CONDUIT      0.00     0  00:00      0.00    0.00    0.00
  93                   CONDUIT      0.00     0  00:00      0.00    0.00    0.00
  94                   CONDUIT      0.00     0  00:00      0.00    0.00    0.00
  100                  CONDUIT      0.00     0  00:00      0.00    0.00    0.00
  108                  CONDUIT      0.00     0  00:00      0.00    0.00    0.00
  110                  CONDUIT      0.00     0  00:00      0.00    0.00    0.00
  112                  CONDUIT      0.00     0  00:00      0.00    0.00    0.00
  113                  CONDUIT      0.00     0  00:00      0.00    0.00    0.00
  295.1                WEIR         0.00     0  00:00                      0.00
  295.1_2              WEIR         0.00     0  00:00                      0.00
  295.1_3              WEIR         0.00     0  00:00                      0.00
  295.1_4              WEIR         0.00     0  00:00                      0.00
  302.1                WEIR         0.00     0  00:00                      0.00
  
  
  ***************************
  Flow Classification Summary
  ***************************
  
  -------------------------------------------------------------------------------------
                      Adjusted    ---------- Fraction of Time in Flow Class ---------- 
                       /Actual         Up    Down  Sub   Sup   Up    Down  Norm  Inlet 
  Conduit               Length    Dry  Dry   Dry   Crit  Crit  Crit  Crit  Ltd   Ctrl  
  -------------------------------------------------------------------------------------
  51                      1.00   1.00  0.00  0.00  0.00  0.00  0.00  0.00  0.00  0.00
  53                      1.00   1.00  0.00  0.00  0.00  0.00  0.00  0.00  0.00  0.00
  56                      1.00   1.00  0.00  0.00  0.00  0.00  0.00  0.00  0.00  0.00
  58                      1.00   1.00  0.00  0.00  0.00  0.00  0.00  0.00  0.00  0.00
  60                      1.00   1.00  0.00  0.00  0.00  0.00  0.00  0.00  0.00  0.00
  61                      1.00   1.00  0.00  0.00  0.00  0.00  0.00  0.00  0.00  0.00
  63                      1.00   1.00  0.00  0.00  0.00  0.00  0.00  0.00  0.00  0.00
  65                      1.00   1.00  0.00  0.00  0.00  0.00  0.00  0.00  0.00  0.00
  68                      1.00   1.00  0.00  0.00  0.00  0.00  0.00  0.00  0.00  0.00
  70                      1.00   1.00  0.00  0.00  0.00  0.00  0.00  0.00  0.00  0.00
  72                      1.00   1.00  0.00  0.00  0.00  0.00  0.00  0.00  0.00  0.00
  73                      1.00   1.00  0.00  0.00  0.00  0.00  0.00  0.00  0.00  0.00
  76                      1.00   1.00  0.00  0.00  0.00  0.00  0.00  0.00  0.00  0.00
  78                      1.00   1.00  0.00  0.00  0.00  0.00  0.00  0.00  0.00  0.00
  83                      1.00   1.00  0.00  0.00  0.00  0.00  0.00  0.00  0.00  0.00
  86                      1.00   1.00  0.00  0.00  0.00  0.00  0.00  0.00  0.00  0.00
  90                      1.00   1.00  0.00  0.00  0.00  0.00  0.00  0.00  0.00  0.00
  91                      1.00   1.00  0.00  0.00  0.00  0.00  0.00  0.00  0.00  0.00
  93                      1.00   1.00  0.00  0.00  0.00  0.00  0.00  0.00  0.00  0.00
  94                      1.00   1.00  0.00  0.00  0.00  0.00  0.00  0.00  0.00  0.00
  100                     1.00   1.00  0.00  0.00  0.00  0.00  0.00  0.00  0.00  0.00
  108                     1.00   1.00  0.00  0.00  0.00  0.00  0.00  0.00  0.00  0.00
  110                     1.00   1.00  0.00  0.00  0.00  0.00  0.00  0.00  0.00  0.00
  112                     1.00   1.00  0.00  0.00  0.00  0.00  0.00  0.00  0.00  0.00
  113                     1.00   1.00  0.00  0.00  0.00  0.00  0.00  0.00  0.00  0.00
  
  
  *************************
  Conduit Surcharge Summary
  *************************
  
  No conduits were surcharged.
  

  Analysis begun on:  Sun Jul 19 15:15:50 2026
  Analysis ended on:  Sun Jul 19 15:15:50 2026
  Total elapsed time: < 1 sec