
  EPA STORM WATER MANAGEMENT MODEL - VERSION 5.2 (Build 5.2.4)
  ------------------------------------------------------------

  Converted from XPSWMM .xp file 
  WARNING 04: minimum elevation drop used for Conduit 203
  WARNING 04: minimum elevation drop used for Conduit 205
  WARNING 04: minimum elevation drop used for Conduit 207
  WARNING 04: minimum elevation drop used for Conduit 209
  WARNING 04: minimum elevation drop used for Conduit 211
  WARNING 04: minimum elevation drop used for Conduit 213
  WARNING 04: minimum elevation drop used for Conduit 215
  WARNING 04: minimum elevation drop used for Conduit 224
  WARNING 04: minimum elevation drop used for Conduit 226
  WARNING 04: minimum elevation drop used for Conduit 227
  WARNING 04: minimum elevation drop used for Conduit 229
  WARNING 04: minimum elevation drop used for Conduit 231
  
  ****************
  Analysis Options
  ****************
  Flow Units ............... CFS
  Process Models:
    Rainfall/Runoff ........ NO
    RDII ................... NO
    Snowmelt ............... NO
    Groundwater ............ NO
    Flow Routing ........... YES
    Ponding Allowed ........ NO
    Water Quality .......... NO
  Flow Routing Method ...... DYNWAVE
  Surcharge Method ......... EXTRAN
  Starting Date ............ 01/01/2001 00:00:00
  Ending Date .............. 01/02/2001 00:00:00
  Antecedent Dry Days ...... 0.0
  Report Time Step ......... 00:15:00
  Routing Time Step ........ 60.00 sec
  Variable Time Step ....... YES
  Maximum Trials ........... 8
  Number of Threads ........ 1
  Head Tolerance ........... 0.005000 ft
  
  
  **************************        Volume        Volume
  Flow Routing Continuity        acre-feet      10^6 gal
  **************************     ---------     ---------
  Dry Weather Inflow .......         0.000         0.000
  Wet Weather Inflow .......         0.000         0.000
  Groundwater Inflow .......         0.000         0.000
  RDII Inflow ..............         0.000         0.000
  External Inflow ..........         5.950         1.939
  External Outflow .........         5.558         1.811
  Flooding Loss ............         0.000         0.000
  Evaporation Loss .........         0.000         0.000
  Exfiltration Loss ........         0.000         0.000
  Initial Stored Volume ....         0.000         0.000
  Final Stored Volume ......         0.395         0.129
  Continuity Error (%) .....        -0.050
  
  
  *************************
  Highest Continuity Errors
  *************************
  Node 505 (1.87%)
  Node 504 (1.85%)
  Node 503 (1.82%)
  Node 502 (1.80%)
  Node 511 (1.80%)
  
  
  ***************************
  Time-Step Critical Elements
  ***************************
  Link 215 (94.61%)
  
  
  ********************************
  Highest Flow Instability Indexes
  ********************************
  All links are stable.
  
  
  *********************************
  Most Frequent Nonconverging Nodes
  *********************************
  Convergence obtained at all time steps.
  
  
  *************************
  Routing Time Step Summary
  *************************
  Minimum Time Step           :    14.53 sec
  Average Time Step           :    52.33 sec
  Maximum Time Step           :    60.00 sec
  % of Time in Steady State   :     0.00
  Average Iterations per Step :     2.00
  % of Steps Not Converging   :     0.00
  Time Step Frequencies       :
     60.000 - 23.031 sec      :    99.94 %
     23.031 -  8.841 sec      :     0.06 %
      8.841 -  3.393 sec      :     0.00 %
      3.393 -  1.303 sec      :     0.00 %
      1.303 -  0.500 sec      :     0.00 %
  
  
  ******************
  Node Depth Summary
  ******************
  
  ---------------------------------------------------------------------------------
                                 Average  Maximum  Maximum  Time of Max    Reported
                                   Depth    Depth      HGL   Occurrence   Max Depth
  Node                 Type         Feet     Feet     Feet  days hr:min        Feet
  ---------------------------------------------------------------------------------
  501                  JUNCTION     0.48     0.49    50.49     0  23:53        0.49
  502                  JUNCTION     0.47     0.49    50.49     0  23:58        0.49
  503                  JUNCTION     0.47     0.49    50.49     0  23:57        0.49
  504                  JUNCTION     0.46     0.48    50.48     0  23:54        0.48
  505                  JUNCTION     0.46     0.48    50.48     0  23:57        0.48
  506                  JUNCTION     0.46     0.48    50.48     0  23:56        0.48
  507                  JUNCTION     0.45     0.46    50.46     0  23:59        0.46
  508                  JUNCTION     0.41     0.43    50.43     1  00:00        0.43
  509                  JUNCTION     0.47     0.49    50.49     1  00:00        0.49
  510                  JUNCTION     0.47     0.48    50.48     0  23:53        0.48
  511                  JUNCTION     0.46     0.48    50.48     0  23:54        0.48
  512                  JUNCTION     0.45     0.47    50.47     1  00:00        0.47
  OUT                  OUTFALL      0.04     0.05    50.05     0  23:54        0.05
  
  
  *******************
  Node Inflow Summary
  *******************
  
  -------------------------------------------------------------------------------------------------
                                  Maximum  Maximum                  Lateral       Total        Flow
                                  Lateral    Total  Time of Max      Inflow      Inflow     Balance
                                   Inflow   Inflow   Occurrence      Volume      Volume       Error
  Node                 Type           CFS      CFS  days hr:min    10^6 gal    10^6 gal     Percent
  -------------------------------------------------------------------------------------------------
  501                  JUNCTION      1.00     1.00     0  00:00       0.646       0.646       0.857
  502                  JUNCTION      0.00     1.04     0  00:12           0       0.641       1.835
  503                  JUNCTION      0.00     1.00     0  23:52           0       0.629       1.854
  504                  JUNCTION      0.00     1.00     0  23:33           0       0.618       1.885
  505                  JUNCTION      0.00     1.01     0  00:38           0        0.61       1.905
  506                  JUNCTION      0.00     2.00     0  23:30           0        1.22       1.401
  507                  JUNCTION      0.00     3.00     0  23:40           0        1.84       0.893
  508                  JUNCTION      0.00     3.00     1  00:00           0        1.82       0.546
  509                  JUNCTION      1.00     1.00     0  00:00       0.646       0.646       0.846
  510                  JUNCTION      0.00     1.04     0  00:12           0       0.641       1.811
  511                  JUNCTION      0.00     1.00     0  23:50           0       0.629       1.832
  512                  JUNCTION      1.00     1.00     0  00:00       0.646       0.646       0.809
  OUT                  OUTFALL       0.00     3.00     0  23:54           0        1.81       0.000
  
  
  **********************
  Node Surcharge Summary
  **********************
  
  No nodes were surcharged.
  
  
  *********************
  Node Flooding Summary
  *********************
  
  No nodes were flooded.
  
  
  ***********************
  Outfall Loading Summary
  ***********************
  
  -----------------------------------------------------------
                         Flow       Avg       Max       Total
                         Freq      Flow      Flow      Volume
  Outfall Node           Pcnt       CFS       CFS    10^6 gal
  -----------------------------------------------------------
  OUT                   99.03      2.85      3.00       1.811
  -----------------------------------------------------------
  System                99.03      2.85      3.00       1.811
  
  
  ********************
  Link Flow Summary
  ********************
  
  -----------------------------------------------------------------------------
                                 Maximum  Time of Max   Maximum    Max/    Max/
                                  |Flow|   Occurrence   |Veloc|    Full    Full
  Link                 Type          CFS  days hr:min    ft/sec    Flow   Depth
  -----------------------------------------------------------------------------
  203                  CONDUIT      1.04     0  00:12      0.63    0.00    0.02
  205                  CONDUIT      1.00     0  23:52      0.53    0.00    0.02
  207                  CONDUIT      1.00     0  23:33      0.50    0.00    0.02
  209                  CONDUIT      1.00     0  23:55      0.29    0.00    0.02
  211                  CONDUIT      1.00     0  23:42      0.44    0.00    0.02
  213                  CONDUIT      2.00     0  23:58      0.42    0.00    0.02
  215                  CONDUIT      3.00     1  00:00      0.65    0.00    0.01
  224                  CONDUIT      1.04     0  00:12      0.63    0.00    0.02
  226                  CONDUIT      1.00     0  23:50      0.53    0.00    0.02
  227                  CONDUIT      1.00     0  23:30      0.40    0.00    0.02
  229                  CONDUIT      1.05     0  00:13      0.66    0.00    0.02
  231                  CONDUIT      3.00     0  23:54      1.25    0.00    0.01
  
  
  ***************************
  Flow Classification Summary
  ***************************
  
  -------------------------------------------------------------------------------------
                      Adjusted    ---------- Fraction of Time in Flow Class ---------- 
                       /Actual         Up    Down  Sub   Sup   Up    Down  Norm  Inlet 
  Conduit               Length    Dry  Dry   Dry   Crit  Crit  Crit  Crit  Ltd   Ctrl  
  -------------------------------------------------------------------------------------
  203                     1.00   0.00  0.00  0.00  1.00  0.00  0.00  0.00  0.00  0.00
  205                     1.00   0.00  0.00  0.00  1.00  0.00  0.00  0.00  0.00  0.00
  207                     1.00   0.00  0.00  0.00  1.00  0.00  0.00  0.00  0.00  0.00
  209                     1.00   0.01  0.00  0.00  0.99  0.00  0.00  0.00  0.00  0.00
  211                     1.00   0.00  0.00  0.00  1.00  0.00  0.00  0.00  0.00  0.00
  213                     1.00   0.00  0.00  0.00  1.00  0.00  0.00  0.00  0.00  0.00
  215                     1.00   0.00  0.00  0.00  1.00  0.00  0.00  0.00  0.00  0.00
  224                     1.00   0.00  0.00  0.00  1.00  0.00  0.00  0.00  0.00  0.00
  226                     1.00   0.00  0.00  0.00  1.00  0.00  0.00  0.00  0.00  0.00
  227                     1.00   0.00  0.00  0.00  1.00  0.00  0.00  0.00  0.00  0.00
  229                     1.00   0.00  0.00  0.00  1.00  0.00  0.00  0.00  0.00  0.00
  231                     1.00   0.00  0.00  0.00  1.00  0.00  0.00  0.00  0.00  0.00
  
  
  *************************
  Conduit Surcharge Summary
  *************************
  
  No conduits were surcharged.
  

  Analysis begun on:  Wed Jul 22 11:54:20 2026
  Analysis ended on:  Wed Jul 22 11:54:20 2026
  Total elapsed time: < 1 sec