
  EPA STORM WATER MANAGEMENT MODEL - VERSION 5.2 (Build 5.2.4)
  ------------------------------------------------------------

  chute test - rapidly varied flow !!! 
  WARNING 04: minimum elevation drop used for Conduit 211
  WARNING 04: minimum elevation drop used for Conduit 217
  
  ****************
  Analysis Options
  ****************
  Flow Units ............... CMS
  Process Models:
    Rainfall/Runoff ........ NO
    RDII ................... NO
    Snowmelt ............... NO
    Groundwater ............ NO
    Flow Routing ........... YES
    Ponding Allowed ........ NO
    Water Quality .......... NO
  Flow Routing Method ...... DYNWAVE
  Surcharge Method ......... EXTRAN
  Starting Date ............ 01/01/2001 00:00:00
  Ending Date .............. 01/02/2001 00:00:00
  Antecedent Dry Days ...... 0.0
  Report Time Step ......... 00:15:00
  Routing Time Step ........ 30.00 sec
  Variable Time Step ....... YES
  Maximum Trials ........... 50
  Number of Threads ........ 1
  Head Tolerance ........... 0.001000 m
  
  
  **************************        Volume        Volume
  Flow Routing Continuity        hectare-m      10^6 ltr
  **************************     ---------     ---------
  Dry Weather Inflow .......         0.000         0.000
  Wet Weather Inflow .......         0.000         0.000
  Groundwater Inflow .......         0.000         0.000
  RDII Inflow ..............         0.000         0.000
  External Inflow ..........         0.259         2.592
  External Outflow .........       108.942      1089.432
  Flooding Loss ............        33.186       331.860
  Evaporation Loss .........         0.000         0.000
  Exfiltration Loss ........         0.000         0.000
  Initial Stored Volume ....         0.000         0.000
  Final Stored Volume ......         0.000         0.000
  Continuity Error (%) .....    -54739.100
  
  
  *************************
  Highest Continuity Errors
  *************************
  Node 206 (-4651.47%)
  Node 216 (-4219.66%)
  Node 210 (43.63%)
  Node 204 (41.49%)
  Node 202 (41.19%)
  
  
  ***************************
  Time-Step Critical Elements
  ***************************
  Link 217 (28.53%)
  Link 215 (11.57%)
  Link 203 (8.04%)
  Link 205 (7.60%)
  Link 219 (6.50%)
  
  
  ********************************
  Highest Flow Instability Indexes
  ********************************
  Link 217 (10)
  Link 219 (8)
  Link 211 (8)
  Link 213 (7)
  Link 215 (7)
  
  
  *********************************
  Most Frequent Nonconverging Nodes
  *********************************
  Node 218 (9.78%)
  Node 214 (5.55%)
  Node 216 (4.66%)
  Node 212 (4.12%)
  Node 210 (4.00%)
  
  
  *************************
  Routing Time Step Summary
  *************************
  Minimum Time Step           :     0.50 sec
  Average Time Step           :    12.39 sec
  Maximum Time Step           :    30.00 sec
  % of Time in Steady State   :     0.00
  Average Iterations per Step :     8.92
  % of Steps Not Converging   :     9.78
  Time Step Frequencies       :
     30.000 - 13.228 sec      :    36.90 %
     13.228 -  5.833 sec      :    18.82 %
      5.833 -  2.572 sec      :     2.52 %
      2.572 -  1.134 sec      :    12.49 %
      1.134 -  0.500 sec      :    29.27 %
  
  
  ******************
  Node Depth Summary
  ******************
  
  ---------------------------------------------------------------------------------
                                 Average  Maximum  Maximum  Time of Max    Reported
                                   Depth    Depth      HGL   Occurrence   Max Depth
  Node                 Type       Meters   Meters   Meters  days hr:min      Meters
  ---------------------------------------------------------------------------------
  201                  JUNCTION    52.46   100.00   205.00     0  20:02      100.00
  202                  JUNCTION    72.15   103.00   208.00     0  01:05       99.19
  204                  JUNCTION    49.74   100.15   205.15     0  17:33       98.00
  206                  JUNCTION    91.50   101.00   206.00     0  01:54       97.53
  208                  JUNCTION    48.90   100.00   205.00     0  01:53       99.00
  210                  JUNCTION    94.53   100.00   205.00     0  01:05       98.59
  212                  JUNCTION    93.92    99.90   204.90     0  01:05       97.64
  214                  JUNCTION    51.58    99.74   204.74     0  22:38       97.82
  216                  JUNCTION    90.96    99.31   204.31     0  06:02       96.81
  218                  OUTFALL      0.00     0.00   105.00     0  00:00        0.00
  
  
  *******************
  Node Inflow Summary
  *******************
  
  -------------------------------------------------------------------------------------------------
                                  Maximum  Maximum                  Lateral       Total        Flow
                                  Lateral    Total  Time of Max      Inflow      Inflow     Balance
                                   Inflow   Inflow   Occurrence      Volume      Volume       Error
  Node                 Type           CMS      CMS  days hr:min    10^6 ltr    10^6 ltr     Percent
  -------------------------------------------------------------------------------------------------
  201                  JUNCTION     0.030   21.078     0  05:13        2.59         3.3     -98.312
  202                  JUNCTION     0.000  599.899     0  13:27           0         196      70.049
  204                  JUNCTION     0.000  279.798     0  10:58           0        16.6      70.906
  206                  JUNCTION     0.000  201.047     0  22:38           0        12.3     -97.895
  208                  JUNCTION     0.000 1503.805     0  01:05           0         585      41.694
  210                  JUNCTION     0.000  883.411     0  22:38           0         357      77.404
  212                  JUNCTION     0.000  126.090     0  01:05           0        21.2     -26.384
  214                  JUNCTION     0.000  167.500     0  16:44           0        27.6       6.716
  216                  JUNCTION     0.000  183.305     0  17:33           0        25.2     -97.685
  218                  OUTFALL      0.000 2754.042     0  22:38           0    1.09e+03       0.000
  
  
  **********************
  Node Surcharge Summary
  **********************
  
  Surcharging occurs when water rises above the top of the highest conduit.
  ---------------------------------------------------------------------
                                               Max. Height   Min. Depth
                                   Hours       Above Crown    Below Rim
  Node                 Type      Surcharged         Meters       Meters
  ---------------------------------------------------------------------
  202                  JUNCTION        0.21          0.000        0.000
  206                  JUNCTION        0.01          0.000        0.000
  208                  JUNCTION        0.09          0.000        0.000
  210                  JUNCTION        0.21          0.000        0.000
  212                  JUNCTION        0.01          0.000        0.000
  
  
  *********************
  Node Flooding Summary
  *********************
  
  Flooding refers to all water that overflows a node, whether it ponds or not.
  --------------------------------------------------------------------------
                                                             Total   Maximum
                                 Maximum   Time of Max       Flood    Ponded
                        Hours       Rate    Occurrence      Volume     Depth
  Node                 Flooded       CMS   days hr:min    10^6 ltr    Meters
  --------------------------------------------------------------------------
  202                     0.21   299.949      0  13:27     192.038     0.000
  206                     0.01   168.457      0  22:38       0.524     0.000
  208                     0.09   310.197      0  03:34     103.997     0.000
  210                     0.21   844.230      0  08:30     341.835     0.000
  212                     0.01    83.197      0  01:05       0.760     0.000
  
  
  ***********************
  Outfall Loading Summary
  ***********************
  
  -----------------------------------------------------------
                         Flow       Avg       Max       Total
                         Freq      Flow      Flow      Volume
  Outfall Node           Pcnt       CMS       CMS    10^6 ltr
  -----------------------------------------------------------
  218                   49.91    37.099  2754.042    1089.427
  -----------------------------------------------------------
  System                49.91    37.099  2754.042    1089.427
  
  
  ********************
  Link Flow Summary
  ********************
  
  -----------------------------------------------------------------------------
                                 Maximum  Time of Max   Maximum    Max/    Max/
                                  |Flow|   Occurrence   |Veloc|    Full    Full
  Link                 Type          CMS  days hr:min     m/sec    Flow   Depth
  -----------------------------------------------------------------------------
  203                  CONDUIT   599.899     0  13:27    >50.00    0.22    0.70
  205                  CONDUIT   279.798     0  10:58     23.86    0.10    0.95
  207                  CONDUIT   142.258     0  17:33     21.11    0.05    1.00
  209                  CONDUIT  1503.805     0  01:05     28.82    0.56    0.95
  211                  CONDUIT   883.411     0  22:38    >50.00   38.30    1.00
  213                  CONDUIT   126.090     0  01:05     10.55    0.30    1.00
  215                  CONDUIT   167.500     0  16:44     18.52    0.40    0.98
  217                  CONDUIT   183.305     0  17:33     12.11    5.90    1.00
  219                  CONDUIT  2754.042     0  22:38    >50.00    0.72    0.59
  
  
  ***************************
  Flow Classification Summary
  ***************************
  
  -------------------------------------------------------------------------------------
                      Adjusted    ---------- Fraction of Time in Flow Class ---------- 
                       /Actual         Up    Down  Sub   Sup   Up    Down  Norm  Inlet 
  Conduit               Length    Dry  Dry   Dry   Crit  Crit  Crit  Crit  Ltd   Ctrl  
  -------------------------------------------------------------------------------------
  203                     1.00   0.79  0.12  0.00  0.00  0.04  0.00  0.05  0.00  0.00
  205                     1.00   0.81  0.03  0.00  0.01  0.03  0.00  0.11  0.30  0.00
  207                     1.00   0.78  0.15  0.00  0.03  0.03  0.00  0.01  0.41  0.00
  209                     1.00   0.61  0.17  0.00  0.04  0.00  0.01  0.18  0.17  0.00
  211                     1.00   0.46  0.00  0.00  0.20  0.00  0.32  0.02  0.00  0.00
  213                     1.00   0.27  0.20  0.00  0.50  0.02  0.00  0.01  0.50  0.00
  215                     1.00   0.25  0.02  0.00  0.28  0.01  0.00  0.44  0.29  0.00
  217                     1.00   0.61  0.00  0.00  0.00  0.00  0.08  0.31  0.00  0.00
  219                     1.00   0.61  0.00  0.00  0.00  0.00  0.00  0.39  0.00  0.00
  
  
  *************************
  Conduit Surcharge Summary
  *************************
  
  ----------------------------------------------------------------------------
                                                           Hours        Hours 
                         --------- Hours Full --------   Above Full   Capacity
  Conduit                Both Ends  Upstream  Dnstream   Normal Flow   Limited
  ----------------------------------------------------------------------------
  211                         0.01      0.01      0.01      0.24         0.01
  217                         0.01      0.01      0.01      0.07         0.01
  219                         0.01      0.26      0.01      0.01         0.01
  

  Analysis begun on:  Wed Jul 22 11:54:20 2026
  Analysis ended on:  Wed Jul 22 11:54:20 2026
  Total elapsed time: < 1 sec