
  EPA STORM WATER MANAGEMENT MODEL - VERSION 5.2 (Build 5.2.4)
  ------------------------------------------------------------

  Oak Park, IL. - Macro & micro (NE) Combined System 
  WARNING 04: minimum elevation drop used for Conduit 1115
  WARNING 04: minimum elevation drop used for Conduit 1140
  WARNING 04: minimum elevation drop used for Conduit 1145
  WARNING 08: elevation drop exceeds length for Conduit 94001
  WARNING 08: elevation drop exceeds length for Conduit 94006
  WARNING 08: elevation drop exceeds length for Conduit 94011
  WARNING 08: elevation drop exceeds length for Conduit 94015
  
  ****************
  Analysis Options
  ****************
  Flow Units ............... CFS
  Process Models:
    Rainfall/Runoff ........ NO
    RDII ................... NO
    Snowmelt ............... NO
    Groundwater ............ NO
    Flow Routing ........... YES
    Ponding Allowed ........ NO
    Water Quality .......... NO
  Flow Routing Method ...... DYNWAVE
  Surcharge Method ......... EXTRAN
  Starting Date ............ 01/01/2001 00:00:00
  Ending Date .............. 01/02/2001 00:00:00
  Antecedent Dry Days ...... 0.0
  Report Time Step ......... 00:15:00
  Routing Time Step ........ 30.00 sec
  Variable Time Step ....... YES
  Maximum Trials ........... 50
  Number of Threads ........ 1
  Head Tolerance ........... 0.005000 ft
  
  
  **************************        Volume        Volume
  Flow Routing Continuity        acre-feet      10^6 gal
  **************************     ---------     ---------
  Dry Weather Inflow .......         0.000         0.000
  Wet Weather Inflow .......         0.000         0.000
  Groundwater Inflow .......         0.000         0.000
  RDII Inflow ..............         0.000         0.000
  External Inflow ..........        18.588         6.057
  External Outflow .........         1.857         0.605
  Flooding Loss ............         5.570         1.815
  Evaporation Loss .........         0.000         0.000
  Exfiltration Loss ........         0.000         0.000
  Initial Stored Volume ....         0.000         0.000
  Final Stored Volume ......        12.264         3.997
  Continuity Error (%) .....        -5.930
  
  
  *************************
  Highest Continuity Errors
  *************************
  Node 22 (100.00%)
  Node 29178 (100.00%)
  Node 29287 (100.00%)
  Node 28894 (100.00%)
  Node 19645 (99.98%)
  
  
  ***************************
  Time-Step Critical Elements
  ***************************
  Link 99810 (99.84%)
  
  
  ********************************
  Highest Flow Instability Indexes
  ********************************
  Link 14030 (5)
  Link 3112 (5)
  Link 14031 (4)
  Link 14032 (2)
  Link 14020 (2)
  
  
  *********************************
  Most Frequent Nonconverging Nodes
  *********************************
  Node 19 (0.12%)
  Node 14881 (0.01%)
  Node 96881 (0.01%)
  Node 14800 (0.01%)
  Node 14878 (0.01%)
  
  
  *************************
  Routing Time Step Summary
  *************************
  Minimum Time Step           :     0.50 sec
  Average Time Step           :     2.42 sec
  Maximum Time Step           :    30.00 sec
  % of Time in Steady State   :     0.00
  Average Iterations per Step :     2.07
  % of Steps Not Converging   :     0.12
  Time Step Frequencies       :
     30.000 - 13.228 sec      :     0.14 %
     13.228 -  5.833 sec      :     0.01 %
      5.833 -  2.572 sec      :     0.79 %
      2.572 -  1.134 sec      :    98.77 %
      1.134 -  0.500 sec      :     0.29 %
  
  
  ******************
  Node Depth Summary
  ******************
  
  ---------------------------------------------------------------------------------
                                 Average  Maximum  Maximum  Time of Max    Reported
                                   Depth    Depth      HGL   Occurrence   Max Depth
  Node                 Type         Feet     Feet     Feet  days hr:min        Feet
  ---------------------------------------------------------------------------------
  10                   JUNCTION    11.27    14.49    53.29     0  15:33       14.49
  18044                JUNCTION     1.52     3.29    42.29     1  00:00        3.29
  12                   JUNCTION    20.49    25.56    64.56     0  13:10       25.56
  18054                JUNCTION    12.04    15.66    54.06     0  12:52       15.66
  18                   JUNCTION     0.06     0.09    38.59     0  23:58        0.09
  16410                JUNCTION    22.59    24.33    62.83     0  23:56       24.33
  16412                JUNCTION    24.51    24.84    64.04     0  00:15       24.53
  13666                JUNCTION    35.75    36.72    86.72     1  00:00       36.72
  20                   JUNCTION    20.55    22.40    72.40     1  00:00       22.40
  12881                JUNCTION    38.45    38.81    86.71     0  01:26       38.81
  23                   JUNCTION    26.93    28.14    76.04     0  21:54       28.14
  24                   JUNCTION    20.46    22.08    61.78     0  08:55       22.08
  14809                JUNCTION    11.07    11.10    50.80     0  08:59       11.10
  25                   JUNCTION     8.38     9.17    48.67     0  03:48        9.17
  14811                JUNCTION     0.00     0.00    39.50     0  00:00        0.00
  14812                JUNCTION    11.71    12.01    52.51     0  01:14       12.01
  26                   JUNCTION     7.43     8.20    48.70     0  03:52        8.20
  27                   JUNCTION    25.73    27.58    67.58     0  02:11       27.58
  14833                JUNCTION    15.38    15.92    55.92     0  00:51       15.80
  28                   JUNCTION    26.31    28.77    69.27     0  20:51       28.77
  14839                JUNCTION    16.55    17.21    57.71     0  00:45       17.21
  30                   JUNCTION    22.87    24.43    63.93     0  22:30       24.43
  13200                JUNCTION     9.22    10.07    49.57     1  00:00       10.07
  31                   JUNCTION     0.00     0.00    38.50     0  00:00        0.00
  18027                JUNCTION     2.00     3.79    42.29     1  00:00        3.79
  32                   JUNCTION    19.73    21.09    60.09     0  09:17       21.09
  18036                JUNCTION     1.52     3.29    42.29     1  00:00        3.29
  13642                JUNCTION    30.49    30.94    72.04     0  20:51       30.94
  34                   JUNCTION     0.00     0.00    41.10     0  00:00        0.00
  16442                JUNCTION    19.26    20.02    59.02     0  03:23       20.02
  35                   JUNCTION     0.00     0.00    39.00     0  00:00        0.00
  18000                JUNCTION     1.85     3.33    41.33     1  00:00        3.33
  1                    JUNCTION     1.65     3.13    41.33     1  00:00        3.13
  18003                JUNCTION     0.05     0.19    42.29     1  00:00        0.19
  18009                JUNCTION     1.59     3.39    42.29     1  00:00        3.39
  18012                JUNCTION     1.58     3.39    42.29     1  00:00        3.39
  18018                JUNCTION     2.06     3.89    42.29     1  00:00        3.89
  18024                JUNCTION     1.50     3.29    42.29     1  00:00        3.29
  18042                JUNCTION     1.53     3.29    42.29     1  00:00        3.29
  17954                JUNCTION    27.88    28.43    67.13     0  12:47       28.43
  18046                JUNCTION    26.99    28.52    67.12     0  14:27       28.52
  17960                JUNCTION    22.21    28.33    67.13     0  11:49       28.33
  29                   JUNCTION    16.08    16.95    59.45     0  00:29       16.94
  15360                JUNCTION    13.87    14.35    56.85     0  00:31       14.30
  13760                JUNCTION    22.85    23.08    70.58     1  00:00       23.08
  14857                JUNCTION    18.96    20.44    62.94     0  00:28       20.22
  11660                JUNCTION    31.73    31.87    82.37     1  00:00       31.87
  33                   JUNCTION     6.60    34.62    85.12     1  00:00       34.62
  19612                JUNCTION     2.89     4.89    42.29     1  00:00        4.89
  19645                JUNCTION     2.11     3.99    42.29     1  00:00        3.99
  16436                JUNCTION    25.90    26.04    65.54     0  13:33       26.04
  11                   JUNCTION    12.01    14.80    53.60     0  19:03       14.80
  16854                JUNCTION    27.04    28.89    67.59     0  13:10       28.89
  16400                JUNCTION    25.19    25.62    64.22     0  22:23       25.62
  2                    JUNCTION    24.09    25.62    64.22     0  21:13       25.62
  16406                JUNCTION    24.12    24.22    64.22     0  23:56       24.22
  16427                JUNCTION    25.64    25.68    64.48     1  00:00       25.68
  16445                JUNCTION    27.50    27.58    67.68     0  01:52       27.58
  13630                JUNCTION    27.22    27.44    67.74     0  13:17       27.44
  10830                JUNCTION    28.91    29.90    71.40     0  01:59       29.90
  13633                JUNCTION    28.51    29.00    69.50     0  01:49       29.00
  13636                JUNCTION    29.08    29.16    71.96     0  01:02       29.16
  13639                JUNCTION    29.34    30.42    71.92     0  20:51       30.42
  13648                JUNCTION    30.61    30.93    73.43     0  20:50       30.93
  13654                JUNCTION    31.57    32.58    75.18     0  20:50       32.58
  13659                JUNCTION    30.95    33.68    78.18     0  13:04       33.68
  21                   JUNCTION     0.00     0.00    50.00     0  00:00        0.00
  12867                JUNCTION    34.39    37.85    88.45     0  13:18       37.85
  22                   JUNCTION     4.17    10.44    60.34     1  00:00       10.44
  12884                JUNCTION    38.70    38.98    87.98     0  01:16       38.98
  10836                JUNCTION    32.18    32.49    74.99     0  04:16       32.49
  14800                JUNCTION     9.40    10.57    49.57     0  23:58       10.56
  3                    JUNCTION     9.18    10.57    49.57     1  00:00       10.57
  14806                JUNCTION    10.77    11.37    49.57     1  00:00       11.37
  14815                JUNCTION    13.14    13.53    53.23     0  01:13       13.53
  14824                JUNCTION    13.90    14.59    54.29     0  00:58       14.58
  14842                JUNCTION    17.35    18.37    58.27     0  00:38       18.19
  14848                JUNCTION    17.63    18.54    60.64     0  00:32       18.33
  14854                JUNCTION    18.34    19.53    62.03     0  00:30       19.52
  14866                JUNCTION    19.83    21.26    69.46     0  00:26       20.49
  14878                JUNCTION    20.66    24.11    74.11     0  00:23       21.34
  14881                JUNCTION    22.47    23.81    72.01     0  00:27       23.67
  14884                JUNCTION    22.92    23.21    72.31     0  00:21       23.06
  14890                JUNCTION    24.64    24.75    78.15     0  00:18       24.66
  13293                JUNCTION    28.51    28.60    78.10     0  15:01       28.60
  11600                JUNCTION     9.58     9.77    49.57     1  00:00        9.77
  13206                JUNCTION    26.82    26.93    66.43     0  22:30       26.93
  13209                JUNCTION    24.28    24.69    64.49     0  08:55       24.69
  11609                JUNCTION    27.39    27.61    67.81     0  08:37       27.61
  13212                JUNCTION    15.37    15.57    55.27     0  20:10       15.57
  13615                JUNCTION    18.76    18.97    58.77     0  21:54       18.97
  13215                JUNCTION    19.23    19.56    59.46     0  21:54       19.56
  12317                JUNCTION    22.15    22.23    62.23     0  20:08       22.23
  11221                JUNCTION    25.30    26.04    67.04     0  09:07       26.04
  11224                JUNCTION    26.72    28.24    69.24     0  02:19       28.24
  10833                JUNCTION    29.94    30.98    72.98     0  01:37       30.97
  12878                JUNCTION    27.43    28.75    78.65     1  00:00       28.75
  12478                JUNCTION    29.43    29.62    79.12     1  00:00       29.62
  12481                JUNCTION    29.62    30.69    80.19     1  00:00       30.69
  10881                JUNCTION    31.03    32.22    81.52     1  00:00       32.22
  10887                JUNCTION    32.22    33.11    82.61     0  02:07       33.11
  10490                JUNCTION    31.07    35.72    84.42     1  00:00       35.72
  10066                JUNCTION    34.04    37.04    87.04     0  23:59       37.04
  4                    JUNCTION    32.79    37.74    87.04     0  23:57       37.74
  10866                JUNCTION    35.45    36.54    87.04     0  23:57       36.54
  11666                JUNCTION    33.71    36.54    87.04     1  00:00       36.54
  12866                JUNCTION    34.76    36.44    87.04     1  00:00       36.44
  28090                JUNCTION    26.02    32.30    73.35     0  11:37       32.30
  28190                JUNCTION    18.87    32.22    73.17     0  12:02       32.22
  26087                JUNCTION     0.00     0.00    50.80     0  00:00        0.00
  26987                JUNCTION    29.67    35.18    79.18     0  13:14       35.18
  29566                JUNCTION     0.00     0.00    39.45     0  00:00        0.00
  29670                JUNCTION    17.08    30.06    69.56     0  21:53       30.06
  29672                JUNCTION    25.79    31.52    71.07     0  10:21       31.52
  29172                JUNCTION    25.85    28.83    68.38     0  11:22       28.83
  28172                JUNCTION    26.00    28.84    68.34     0  14:17       28.84
  28066                JUNCTION    26.74    28.66    67.85     0  22:40       28.66
  28178                JUNCTION    25.49    29.22    69.12     0  06:34       29.22
  28181                JUNCTION    26.36    29.77    70.82     0  05:55       29.77
  28084                JUNCTION    28.80    30.75    71.90     0  04:04       30.75
  28087                JUNCTION    26.91    31.38    72.03     0  12:23       31.38
  28093                JUNCTION    24.82    32.32    73.82     0  17:19       32.32
  28095                JUNCTION     0.00     0.00    43.50     0  00:00        0.00
  28389                JUNCTION     0.00     0.00    40.85     0  00:00        0.00
  77287                JUNCTION    14.46    29.15    70.15     0  12:53       29.15
  27287                JUNCTION    24.01    24.86    65.86     0  22:25       24.86
  27687                JUNCTION    20.36    30.42    70.87     0  12:37       30.42
  29166                JUNCTION    28.80    32.06    71.46     0  06:16       32.06
  98566                JUNCTION    20.80    26.54    66.24     0  22:40       26.54
  29665                JUNCTION    24.39    30.83    70.33     0  13:41       30.83
  27566                JUNCTION    29.06    32.24    71.24     0  13:06       32.24
  28572                JUNCTION    17.49    18.48    58.13     0  15:24       18.48
  28566                JUNCTION    15.50    16.31    56.01     0  22:39       16.31
  98572                JUNCTION    19.82    27.44    67.09     0  14:17       27.44
  28878                JUNCTION    20.32    22.15    62.00     0  22:37       22.15
  29178                JUNCTION     7.18    14.44    54.29     1  00:00       14.44
  98878                JUNCTION     0.00     0.00    39.85     0  00:00        0.00
  29278                JUNCTION     0.00     0.00    39.90     0  00:00        0.00
  28881                JUNCTION    21.37    23.85    63.87     0  22:37       23.85
  28884                JUNCTION    22.60    24.88    65.63     0  12:57       24.88
  29284                JUNCTION    29.79    34.78    75.83     0  07:51       34.78
  29584                JUNCTION     0.00     0.00    41.15     0  00:00        0.00
  28887                JUNCTION    20.43    25.90    67.05     0  21:55       25.90
  29287                JUNCTION     8.21    16.50    57.65     1  00:00       16.50
  29687                JUNCTION     0.00     0.00    41.20     0  00:00        0.00
  29688                JUNCTION     0.00     0.00    41.00     0  00:00        0.00
  29685                JUNCTION     0.00     0.00    41.30     0  00:00        0.00
  28487                JUNCTION    23.33    26.34    67.14     0  21:55       26.34
  27165                JUNCTION    20.01    21.75    57.20     0  00:26       21.75
  26863                JUNCTION    16.07    17.27    56.61     0  00:29       17.27
  26063                JUNCTION    27.52    32.27    72.68     0  09:29       32.27
  96060                JUNCTION    17.05    30.81    70.91     0  14:00       30.81
  26663                JUNCTION     0.00     0.00    39.48     0  00:00        0.00
  26660                JUNCTION     0.00     0.00    39.50     0  00:00        0.00
  26664                JUNCTION     0.00     0.00    39.60     0  00:00        0.00
  26665                JUNCTION     0.00     0.00    39.78     0  00:00        0.00
  26563                JUNCTION    25.13    28.99    68.97     0  20:45       28.99
  96560                JUNCTION    16.48    28.61    68.11     0  20:46       28.61
  26266                JUNCTION     0.00     0.00    41.00     0  00:00        0.00
  26560                JUNCTION    14.17    14.58    54.08     0  13:56       14.57
  26860                JUNCTION    14.13    14.49    54.08     0  12:31       14.49
  27563                JUNCTION    26.13    31.17    70.06     0  20:45       31.17
  97560                JUNCTION    15.31    30.01    68.57     0  15:24       30.01
  98060                JUNCTION    14.42    28.98    67.76     1  00:00       28.98
  28060                JUNCTION    14.89    15.31    54.09     0  12:53       15.31
  28063                JUNCTION    25.15    28.42    67.76     0  23:59       28.42
  88563                JUNCTION    17.57    25.64    65.44     0  23:59       25.64
  29163                JUNCTION    28.62    32.79    71.79     0  07:11       32.79
  98563                JUNCTION    16.54    30.58    70.38     0  15:30       30.58
  29160                JUNCTION    27.79    32.21    71.09     0  07:38       32.21
  29164                JUNCTION     0.00     0.00    39.00     0  00:00        0.00
  28460                JUNCTION    14.29    15.15    54.07     0  13:44       15.14
  28563                JUNCTION    14.20    15.19    54.99     1  00:00       15.19
  27560                JUNCTION    15.12    15.56    54.12     0  12:37       15.55
  26060                JUNCTION    13.67    13.97    54.07     0  13:54       13.97
  26866                JUNCTION     0.00     0.00    40.00     0  00:00        0.00
  27172                JUNCTION    19.17    21.65    61.50     0  00:24       20.28
  26672                JUNCTION    27.89    31.28    71.28     0  07:05       31.28
  97172                JUNCTION    21.99    29.52    69.37     0  06:42       29.52
  27572                JUNCTION    27.35    30.86    70.46     0  06:40       30.86
  26678                JUNCTION    28.79    32.88    74.88     0  05:43       32.88
  26681                JUNCTION    31.39    34.44    77.94     0  05:15       34.44
  26784                JUNCTION     0.00     0.00    43.00     0  00:00        0.00
  27178                JUNCTION    20.65    24.74    64.99     0  00:24       22.05
  27578                JUNCTION     0.00     0.00    39.95     0  00:00        0.00
  97178                JUNCTION     0.00     0.00    40.25     0  00:00        0.00
  26881                JUNCTION    21.44    25.78    66.63     0  00:24       22.47
  27282                JUNCTION    22.78    25.09    65.54     0  00:25       23.29
  27582                JUNCTION    29.19    31.44    73.29     0  10:17       31.44
  27684                JUNCTION    27.90    32.57    73.52     0  10:17       32.57
  27284                JUNCTION    23.85    24.12    64.97     0  00:27       24.05
  27084                JUNCTION    30.36    34.70    76.45     0  09:08       34.70
  87287                JUNCTION    12.14    32.61    73.61     0  22:16       32.61
  27690                JUNCTION    26.96    27.07    68.87     1  00:00       27.07
  27693                JUNCTION    25.83    28.61    72.81     0  22:59       28.61
  27695                JUNCTION     0.00     0.00    50.00     0  00:00        0.00
  27293                JUNCTION    30.05    38.80    87.80     0  12:11       38.80
  27493                JUNCTION    11.86    34.05    78.25     0  20:21       34.05
  27890                JUNCTION    28.25    32.67    74.17     0  07:57       32.67
  87690                JUNCTION    22.84    32.73    74.53     0  14:27       32.73
  28191                JUNCTION     0.00     0.00    41.00     0  00:00        0.00
  28390                JUNCTION     0.00     0.00    41.00     0  00:00        0.00
  27190                JUNCTION    29.87    33.07    78.47     0  17:55       33.07
  27089                JUNCTION    30.19    33.68    78.48     0  14:26       33.68
  26089                JUNCTION     0.00     0.00    50.80     0  00:00        0.00
  27296                JUNCTION    11.29    22.69    81.19     1  00:00       22.69
  28478                JUNCTION     0.00     0.00    39.95     0  00:00        0.00
  28481                JUNCTION    28.01    30.13    70.63     0  04:19       30.13
  96881                JUNCTION    27.38    30.08    70.93     0  00:23       27.63
  28081                JUNCTION    29.08    29.21    70.31     0  04:51       29.21
  28590                JUNCTION    22.92    26.73    67.23     0  21:54       26.73
  28493                JUNCTION    25.64    28.08    69.03     0  07:49       28.08
  28490                JUNCTION    19.97    27.46    68.21     0  07:59       27.46
  28495                JUNCTION     0.00     0.00    41.65     0  00:00        0.00
  28494                JUNCTION     0.00     0.00    41.00     0  00:00        0.00
  28893                JUNCTION    25.13    29.05    70.00     0  13:56       29.05
  29293                JUNCTION    25.79    29.74    70.39     0  13:55       29.74
  29693                JUNCTION     0.00     0.00    41.20     0  00:00        0.00
  88881                JUNCTION     0.00     0.00    40.02     0  00:00        0.00
  29281                JUNCTION    27.45    29.76    69.76     0  17:37       29.76
  98881                JUNCTION    21.68    28.37    68.39     0  17:37       28.37
  29681                JUNCTION    24.08    31.65    72.15     0  22:25       31.65
  29684                JUNCTION     0.00     0.00    40.50     0  00:00        0.00
  29290                JUNCTION    26.78    31.27    71.82     0  21:54       31.27
  29690                JUNCTION     0.00     0.00    40.85     0  00:00        0.00
  29678                JUNCTION     0.00     0.00    40.50     0  00:00        0.00
  29289                JUNCTION    28.06    33.08    73.68     0  08:04       33.08
  28890                JUNCTION    28.34    30.86    71.31     0  07:49       30.86
  28790                JUNCTION    22.93    30.52    71.02     0  09:23       30.52
  28895                JUNCTION    26.39    35.96    77.41     0  16:00       35.96
  28894                JUNCTION     7.27    31.65    72.60     1  00:00       31.65
  29295                JUNCTION     0.00     0.00    41.15     0  00:00        0.00
  89293                JUNCTION     0.00     0.00    40.65     0  00:00        0.00
  88893                JUNCTION     0.00     0.00    40.95     0  00:00        0.00
  2108                 JUNCTION     3.10     7.00     5.26     0  19:12        7.00
  94023                JUNCTION     0.00     0.00    28.17     0  00:00        0.00
  19                   OUTFALL      0.13     0.34    39.54     0  00:16        0.13
  
  
  *******************
  Node Inflow Summary
  *******************
  
  -------------------------------------------------------------------------------------------------
                                  Maximum  Maximum                  Lateral       Total        Flow
                                  Lateral    Total  Time of Max      Inflow      Inflow     Balance
                                   Inflow   Inflow   Occurrence      Volume      Volume       Error
  Node                 Type           CFS      CFS  days hr:min    10^6 gal    10^6 gal     Percent
  -------------------------------------------------------------------------------------------------
  10                   JUNCTION      0.00     0.22     0  15:11           0       0.107       1.417
  18044                JUNCTION      0.00     3.15     0  12:52           0        1.28      11.870
  12                   JUNCTION      0.00     0.04     0  13:21           0      0.0211      13.042
  18054                JUNCTION      0.00     3.56     0  12:40           0        1.14      -1.344
  18                   JUNCTION      0.00     0.38     0  23:56           0       0.144       0.345
  16410                JUNCTION      0.00     0.38     0  23:56           0       0.146       1.734
  16412                JUNCTION      0.33     1.00     1  00:00       0.213       0.604      -0.155
  13666                JUNCTION      0.09     0.21     1  00:00      0.0582      0.0807       4.735
  20                   JUNCTION      0.00     0.21     1  00:00           0      0.0771       4.479
  12881                JUNCTION      0.17     0.36     0  01:20        0.11       0.228       1.870
  23                   JUNCTION      0.00     0.36     0  01:26           0       0.224       3.474
  24                   JUNCTION      0.00     0.21     0  13:07           0       0.126       1.723
  14809                JUNCTION      0.07     0.28     0  08:55      0.0452       0.169       0.917
  25                   JUNCTION      0.00     9.94     0  01:57           0        1.99       8.771
  14811                JUNCTION      0.00     0.00     0  00:00           0           0       0.000 gal
  14812                JUNCTION      0.04     8.16     0  01:13      0.0259        2.02       0.077
  26                   JUNCTION      0.00    10.18     0  03:40           0        2.14       7.280
  27                   JUNCTION      0.00     0.15     0  02:03           0      0.0887       3.117
  14833                JUNCTION      0.13    13.47     0  00:48       0.084        1.55       0.614
  28                   JUNCTION      0.00     0.43     0  22:37           0       0.252       1.161
  14839                JUNCTION      0.08    16.61     0  00:39      0.0517         1.4       1.533
  30                   JUNCTION      0.00     0.16     0  22:37           0      0.0962       2.523
  13200                JUNCTION      0.10     0.48     0  08:41      0.0646       0.274      73.732
  31                   JUNCTION      0.00     0.00     0  00:00           0           0       0.000 gal
  18027                JUNCTION      0.26     2.29     0  13:39       0.168       0.969      28.705
  32                   JUNCTION      0.00     0.08     1  00:00           0      0.0472       4.459
  18036                JUNCTION      0.13     2.83     0  14:34       0.084        1.05      29.905
  13642                JUNCTION      0.11     0.34     0  20:50      0.0711       0.209       3.784
  34                   JUNCTION      0.00     0.00     0  00:00           0           0       0.000 gal
  16442                JUNCTION      0.02     0.15     0  01:52      0.0129      0.0593       8.047
  35                   JUNCTION      0.00     0.00     0  00:00           0           0       0.000 gal
  18000                JUNCTION      0.06     0.97     1  00:00      0.0388       0.111     339.697
  1                    JUNCTION      0.00     0.23     1  00:00           0      0.0253       0.000
  18003                JUNCTION      0.15     1.10     1  00:00      0.0969       0.113       5.632
  18009                JUNCTION      0.02     1.30     0  23:59      0.0129       0.229     970.012
  18012                JUNCTION      0.20     1.77     1  00:00       0.129       0.648      92.565
  18018                JUNCTION      0.03     1.86     0  23:59      0.0194       0.729      42.059
  18024                JUNCTION      0.11     2.00     0  23:59      0.0711       0.823      16.599
  18042                JUNCTION      0.07     3.02     0  13:30      0.0452        1.08      15.542
  17954                JUNCTION      0.09     0.10     0  06:01      0.0582      0.0583      14.355
  18046                JUNCTION      0.02     0.31     0  02:01      0.0129       0.127      16.653
  17960                JUNCTION      0.00     0.08     0  05:50           0     0.00301    5339.434
  29                   JUNCTION      0.00    10.05     0  00:28           0      0.0183       8.288
  15360                JUNCTION      0.08     6.57     0  00:29      0.0517      0.0686       4.556
  13760                JUNCTION      0.10     0.46     1  00:00      0.0646       0.202       2.118
  14857                JUNCTION      0.07    74.65     0  00:26      0.0452        1.05      -0.673
  11660                JUNCTION      0.20     0.36     1  00:00       0.129       0.142       3.536
  33                   JUNCTION      0.00     0.16     1  00:00           0       0.017      31.504
  19612                JUNCTION      0.00     0.70     0  04:38           0        0.15   50335.086
  19645                JUNCTION      0.00     0.47     0  14:17           0       0.117  518683.732
  16436                JUNCTION      0.14     0.14     0  00:00      0.0905      0.0905       4.670
  11                   JUNCTION      0.00     0.22     0  14:27           0       0.109       1.914
  16854                JUNCTION      0.03     0.04     0  03:50      0.0194      0.0244      15.451
  16400                JUNCTION      0.21     0.34     0  01:45       0.136       0.166      65.162
  2                    JUNCTION      0.00     0.48     0  01:29           0      0.0279       0.000
  16406                JUNCTION      0.17     0.38     0  21:00        0.11       0.182       3.778
  16427                JUNCTION      0.38     0.67     0  13:33       0.246       0.422       8.053
  16445                JUNCTION      0.19     0.19     0  00:30       0.123       0.123       4.017
  13630                JUNCTION      0.13     0.23     0  01:49       0.084       0.142       3.757
  10830                JUNCTION      0.06     0.28     0  01:44      0.0388       0.154       2.688
  13633                JUNCTION      0.08     0.28     0  01:07      0.0517       0.153       3.696
  13636                JUNCTION      0.20     0.20     0  00:00       0.129       0.129       2.956
  13639                JUNCTION      0.05     0.43     0  10:49      0.0323       0.259       2.657
  13648                JUNCTION      0.13     0.23     0  20:50       0.084       0.142       2.754
  13654                JUNCTION      0.07     0.10     0  22:36      0.0452      0.0613       5.915
  13659                JUNCTION      0.03     0.03     0  00:00      0.0194      0.0194      20.450
  21                   JUNCTION      0.00     0.00     0  00:00           0           0       0.000 gal
  12867                JUNCTION      0.03     0.03     0  00:00      0.0194      0.0194      24.431
  22                   JUNCTION      0.00     0.00     0  13:19           0    0.000982     981.670 gal
  12884                JUNCTION      0.19     0.19     0  00:00       0.123       0.123       3.723
  10836                JUNCTION      0.14     0.14     0  00:00      0.0905      0.0905       4.322
  14800                JUNCTION      0.00     1.37     0  08:29           0       0.417     132.029
  3                    JUNCTION      0.00     0.85     0  08:09           0        0.18       0.000
  14806                JUNCTION      0.11     0.39     0  08:59      0.0711       0.239      25.607
  14815                JUNCTION      0.10    12.07     0  00:59      0.0646        1.99       1.625
  14824                JUNCTION      0.03    12.55     0  00:55      0.0194        1.56       0.245
  14842                JUNCTION      0.04    30.15     0  00:32      0.0259        1.12       1.769
  14848                JUNCTION      0.02    32.04     0  00:30      0.0129        1.04       0.452
  14854                JUNCTION      0.01    39.08     0  00:28     0.00646        1.05       1.649
  14866                JUNCTION      0.23   124.51     0  00:23       0.149       0.838       3.372
  14878                JUNCTION      0.04    66.74     0  00:23      0.0259       0.432     -34.219
  14881                JUNCTION      0.08    40.85     0  00:25      0.0517       0.634      -9.911
  14884                JUNCTION      0.13     0.98     0  00:19       0.084       0.319      -1.932
  14890                JUNCTION      0.29     0.64     0  15:05       0.187       0.387      -0.775
  13293                JUNCTION      0.35     0.55     0  00:18       0.226       0.229      14.532
  11600                JUNCTION      0.19     0.19     0  00:00       0.123       0.123       6.377
  13206                JUNCTION      0.16     0.16     0  00:00       0.103       0.103       7.510
  13209                JUNCTION      0.08     0.21     0  09:00      0.0517       0.131       4.053
  11609                JUNCTION      0.13     0.13     0  00:00       0.084       0.084       5.406
  13212                JUNCTION      0.06     0.06     0  00:00      0.0388      0.0388       9.481
  13615                JUNCTION      0.08     0.62     0  21:54      0.0517       0.373       1.577
  13215                JUNCTION      0.06     0.54     0  20:08      0.0388       0.325       1.150
  12317                JUNCTION      0.14     0.48     0  13:10      0.0905        0.29       1.441
  11221                JUNCTION      0.06     0.35     0  02:19      0.0388       0.205       2.630
  11224                JUNCTION      0.03     0.32     0  02:06      0.0194        0.17       2.213
  10833                JUNCTION      0.05     0.19     0  04:28      0.0323       0.119       3.080
  12878                JUNCTION      0.02     0.39     1  00:00      0.0129       0.231       2.992
  12478                JUNCTION      0.15     0.37     1  00:00      0.0969       0.223       2.016
  12481                JUNCTION      0.06     0.22     1  00:00      0.0388        0.13       3.151
  10881                JUNCTION      0.06     0.16     1  00:00      0.0388      0.0954       4.848
  10887                JUNCTION      0.08     0.10     1  00:00      0.0517      0.0607       7.170
  10490                JUNCTION      0.02     0.02     0  00:00      0.0129      0.0129      44.248
  10066                JUNCTION      0.02     0.27     0  07:58      0.0129      0.0873     121.698
  4                    JUNCTION      0.00     0.39     0  03:07           0      0.0386       0.000
  10866                JUNCTION      0.14     0.25     0  09:22      0.0905       0.117      30.367
  11666                JUNCTION      0.04     0.19     0  23:58      0.0259      0.0692      50.096
  12866                JUNCTION      0.06     0.12     1  00:00      0.0388      0.0542      15.814
  28090                JUNCTION      0.01     0.04     0  22:20     0.00737      0.0209      17.857
  28190                JUNCTION      0.00     0.05     0  11:49           0      0.0177      22.612
  26087                JUNCTION      0.00     0.00     0  00:00           0           0       0.000 gal
  26987                JUNCTION      0.02     0.02     0  00:00      0.0106      0.0106      47.627
  29566                JUNCTION      0.00     0.00     0  00:00           0           0       0.000 gal
  29670                JUNCTION      0.00     0.01     0  15:24       0.002     0.00536     738.127
  29672                JUNCTION      0.01     0.01     0  00:00     0.00821     0.00821      57.340
  29172                JUNCTION      0.02     0.02     0  10:21      0.0131       0.015      23.786
  28172                JUNCTION      0.02     0.07     0  13:59      0.0138      0.0348       9.953
  28066                JUNCTION      0.03     0.09     0  14:17        0.02        0.05       7.721
  28178                JUNCTION      0.02     0.05     0  06:00      0.0107      0.0241      14.396
  28181                JUNCTION      0.02     0.03     0  12:38       0.012      0.0164      22.351
  28084                JUNCTION      0.03     0.04     0  12:24      0.0226      0.0252      14.101
  28087                JUNCTION      0.02     0.06     0  12:12      0.0104      0.0249      15.039
  28093                JUNCTION      0.01     0.01     0  00:00     0.00659     0.00659      90.685
  28095                JUNCTION      0.00     0.00     0  00:00           0           0       0.000 gal
  28389                JUNCTION      0.00     0.00     0  00:00           0           0       0.000 gal
  77287                JUNCTION      0.00     0.07     0  12:37           0      0.0234      13.266
  27287                JUNCTION      0.02     0.44     1  00:00     0.00982        0.22       1.552
  27687                JUNCTION      0.00     0.07     0  12:23     0.00162      0.0268      14.469
  29166                JUNCTION      0.02     0.02     0  00:00      0.0148      0.0148      26.317
  98566                JUNCTION      0.00     0.09     0  22:41           0      0.0442       5.991
  29665                JUNCTION      0.01     0.02     0  08:06     0.00607      0.0109     106.311
  27566                JUNCTION      0.02     0.02     0  00:00      0.0154      0.0154      33.107
  28572                JUNCTION      0.03     0.36     0  15:23      0.0165       0.162       2.500
  28566                JUNCTION      0.02     0.47     0  22:40      0.0157       0.216       1.115
  98572                JUNCTION      0.00     0.05     0  14:17           0      0.0254      11.306
  28878                JUNCTION      0.02     0.28     0  23:00      0.0127       0.126       2.281
  29178                JUNCTION      0.00     0.00     0  00:00     0.00136     0.00136    1357.167 gal
  98878                JUNCTION      0.00     0.00     0  00:00           0           0       0.000 gal
  29278                JUNCTION      0.00     0.00     0  00:00           0           0       0.000 gal
  28881                JUNCTION      0.02     0.26     0  21:55      0.0107       0.116       2.791
  28884                JUNCTION      0.02     0.21     0  12:38      0.0124      0.0936       3.865
  29284                JUNCTION      0.02     0.02     0  00:00      0.0114      0.0114      40.418
  29584                JUNCTION      0.00     0.00     0  00:00           0           0       0.000 gal
  28887                JUNCTION      0.01     0.15     0  22:25     0.00504      0.0675       4.733
  29287                JUNCTION      0.00     0.00     0  00:00     0.00155     0.00155    1551.048 gal
  29687                JUNCTION      0.00     0.00     0  00:00           0           0       0.000 gal
  29688                JUNCTION      0.00     0.00     0  00:00           0           0       0.000 gal
  29685                JUNCTION      0.00     0.00     0  00:00           0           0       0.000 gal
  28487                JUNCTION      0.02     0.15     0  21:54      0.0109      0.0668       6.982
  27165                JUNCTION      0.02   108.31     0  00:25      0.0149        1.11       3.643
  26863                JUNCTION      0.02    36.56     0  00:29      0.0101        1.06       0.228
  26063                JUNCTION      0.02     0.02     0  00:00      0.0103      0.0103      43.308
  96060                JUNCTION      0.00     0.02     0  22:25           0     0.00722      67.027
  26663                JUNCTION      0.00     0.00     0  00:00           0           0       0.000 gal
  26660                JUNCTION      0.00     0.00     0  00:00           0           0       0.000 gal
  26664                JUNCTION      0.00     0.00     0  00:00           0           0       0.000 gal
  26665                JUNCTION      0.00     0.00     0  00:00           0           0       0.000 gal
  26563                JUNCTION      0.02     0.02     0  00:00      0.0103      0.0103      40.732
  96560                JUNCTION      0.00     0.02     0  22:25           0      0.0073      58.313
  26266                JUNCTION      0.00     0.00     0  00:00           0           0       0.000 gal
  26560                JUNCTION      0.02     4.09     0  00:33      0.0119       0.179      27.772
  26860                JUNCTION      0.02    36.68     0  00:30      0.0116        1.45       6.230
  27563                JUNCTION      0.01     0.01     0  00:00     0.00911     0.00911      49.434
  97560                JUNCTION      0.00     0.01     0  21:27           0      0.0061      86.093
  98060                JUNCTION      0.00     0.02     0  17:45           0     0.00546       0.000
  28060                JUNCTION      0.02    33.11     0  00:32      0.0134        1.62       3.814
  28063                JUNCTION      0.02     0.04     0  23:56      0.0114      0.0205      17.069
  88563                JUNCTION      0.00     0.03     0  23:59           0       0.012      25.069
  29163                JUNCTION      0.02     0.02     0  00:00      0.0121      0.0121      36.539
  98563                JUNCTION      0.00     0.01     0  07:11           0     0.00557     106.506
  29160                JUNCTION      0.02     0.02     0  07:26      0.0111      0.0144      27.554
  29164                JUNCTION      0.00     0.00     0  00:00           0           0       0.000 gal
  28460                JUNCTION      0.02     0.58     0  05:36     0.00976        0.27       7.439
  28563                JUNCTION      0.02     0.53     0  23:59      0.0109       0.237       1.066
  27560                JUNCTION      0.02    35.59     0  00:31      0.0111        1.73       7.027
  26060                JUNCTION      0.02     5.61     0  00:31      0.0121      0.0984      11.950
  26866                JUNCTION      0.00     0.00     0  00:00           0           0       0.000 gal
  27172                JUNCTION      0.03   151.86     0  00:24      0.0181         1.1       0.223
  26672                JUNCTION      0.02     0.07     0  05:43      0.0136       0.037       9.615
  97172                JUNCTION      0.00     0.09     0  06:40           0      0.0435       6.820
  27572                JUNCTION      0.02     0.02     0  00:00      0.0127      0.0127      30.986
  26678                JUNCTION      0.02     0.05     0  05:18      0.0118      0.0266      13.765
  26681                JUNCTION      0.03     0.03     0  00:00      0.0182      0.0182      23.050
  26784                JUNCTION      0.00     0.00     0  00:00           0           0       0.000 gal
  27178                JUNCTION      0.02    87.01     0  00:24       0.015        0.93     -10.516
  27578                JUNCTION      0.00     0.00     0  00:00           0           0       0.000 gal
  97178                JUNCTION      0.00     0.00     0  00:00           0           0       0.000 gal
  26881                JUNCTION      0.02   284.68     0  00:24      0.0116       0.913      -5.306
  27282                JUNCTION      0.02    74.42     0  00:24      0.0126       0.303      -2.566
  27582                JUNCTION      0.03     0.03     0  10:17      0.0205      0.0218      15.977
  27684                JUNCTION      0.02     0.02     0  00:00      0.0107      0.0107      42.680
  27284                JUNCTION      0.02     4.89     0  00:25      0.0114       0.241       0.693
  27084                JUNCTION      0.02     0.03     0  13:14      0.0132      0.0154       0.000
  87287                JUNCTION      0.00     0.01     0  20:40           0     0.00344     809.386
  27690                JUNCTION      0.01     0.64     0  00:19     0.00944       0.194       2.450
  27693                JUNCTION      0.02     0.03     0  20:35      0.0138      0.0151      22.915
  27695                JUNCTION      0.00     0.00     0  00:00           0           0       0.000 gal
  27293                JUNCTION      0.01     0.01     0  00:00     0.00814     0.00814      82.274
  27493                JUNCTION      0.00     0.01     0  20:27           0     0.00447     252.709
  27890                JUNCTION      0.02     0.02     0  17:55      0.0114      0.0132      31.493
  87690                JUNCTION      0.00     0.05     0  19:09           0      0.0246      14.336
  28191                JUNCTION      0.00     0.00     0  00:00           0           0       0.000 gal
  28390                JUNCTION      0.00     0.00     0  00:00           0           0       0.000 gal
  27190                JUNCTION      0.02     0.05     0  17:55       0.016      0.0282      13.027
  27089                JUNCTION      0.02     0.03     0  04:58      0.0153      0.0173      42.481
  26089                JUNCTION      0.00     0.00     0  00:00           0           0       0.000 gal
  27296                JUNCTION      0.00     0.00     0  00:00     0.00213     0.00213    2132.691 gal
  28478                JUNCTION      0.00     0.00     0  00:00           0           0       0.000 gal
  28481                JUNCTION      0.03     0.03     0  00:00        0.02        0.02      18.571
  96881                JUNCTION      0.00    13.57     0  00:23           0       0.541      -9.351
  28081                JUNCTION      0.00    35.07     0  00:24       0.002      0.0214      15.958
  28590                JUNCTION      0.01     0.14     0  07:59     0.00885      0.0592       5.886
  28493                JUNCTION      0.02     0.06     0  20:41      0.0153        0.03      11.499
  28490                JUNCTION      0.00     0.07     0  07:56           0      0.0269      11.018
  28495                JUNCTION      0.00     0.00     0  00:00           0           0       0.000 gal
  28494                JUNCTION      0.00     0.00     0  00:00           0           0       0.000 gal
  28893                JUNCTION      0.02     0.03     0  20:08      0.0101      0.0177      20.049
  29293                JUNCTION      0.02     0.02     0  00:00      0.0105      0.0105      39.864
  29693                JUNCTION      0.00     0.00     0  00:00           0           0       0.000 gal
  88881                JUNCTION      0.00     0.00     0  00:00           0           0       0.000 gal
  29281                JUNCTION      0.03     0.04     0  23:00       0.018      0.0212      15.775
  98881                JUNCTION      0.00     0.04     0  17:37           0      0.0183      17.062
  29681                JUNCTION      0.01     0.01     0  00:00     0.00627     0.00627      95.053
  29684                JUNCTION      0.00     0.00     0  00:00           0           0       0.000 gal
  29290                JUNCTION      0.02     0.02     0  00:00      0.0103      0.0103      42.446
  29690                JUNCTION      0.00     0.00     0  00:00           0           0       0.000 gal
  29678                JUNCTION      0.00     0.00     0  00:00           0           0       0.000 gal
  29289                JUNCTION      0.02     0.02     0  00:00      0.0103      0.0103      43.747
  28890                JUNCTION      0.03     0.04     0  08:04      0.0176      0.0248      13.432
  28790                JUNCTION      0.00     0.04     0  07:53           0      0.0219      15.781
  28895                JUNCTION      0.01     0.01     0  00:00      0.0064      0.0064     115.064
  28894                JUNCTION      0.00     0.01     0  19:49           0     0.00297    2974.968 gal
  29295                JUNCTION      0.00     0.00     0  00:00           0           0       0.000 gal
  89293                JUNCTION      0.00     0.00     0  00:00           0           0       0.000 gal
  88893                JUNCTION      0.00     0.00     0  00:00           0           0       0.000 gal
  2108                 JUNCTION      0.00     0.38     0  23:58           0       0.143     191.892
  94023                JUNCTION      0.00     0.00     0  00:00           0           0       0.000 gal
  19                   OUTFALL       0.00     7.92     0  00:16           0       0.605       0.000
  
  
  **********************
  Node Surcharge Summary
  **********************
  
  Surcharging occurs when water rises above the top of the highest conduit.
  ---------------------------------------------------------------------
                                               Max. Height   Min. Depth
                                   Hours       Above Crown    Below Rim
  Node                 Type      Surcharged           Feet         Feet
  ---------------------------------------------------------------------
  25                   JUNCTION       20.15          0.000        0.000
  29670                JUNCTION        2.10          0.000        0.000
  29665                JUNCTION       10.31          0.000        0.000
  27165                JUNCTION        0.05          0.000        0.000
  27178                JUNCTION        0.01          0.000        0.000
  26881                JUNCTION        0.01          0.000        0.000
  27084                JUNCTION       14.85          0.000        0.000
  2108                 JUNCTION        4.79          0.000        0.000
  
  
  *********************
  Node Flooding Summary
  *********************
  
  Flooding refers to all water that overflows a node, whether it ponds or not.
  --------------------------------------------------------------------------
                                                             Total   Maximum
                                 Maximum   Time of Max       Flood    Ponded
                        Hours       Rate    Occurrence      Volume     Depth
  Node                 Flooded       CFS   days hr:min    10^6 gal      Feet
  --------------------------------------------------------------------------
  25                     20.14      8.50      0  03:49       1.711     0.000
  29670                   2.10      0.01      0  21:53       0.001     0.000
  29665                  10.31      0.02      0  13:41       0.005     0.000
  27165                   0.05     43.16      0  00:26       0.021     0.000
  27178                   0.01     55.96      0  00:24       0.002     0.000
  26881                   0.01    157.45      0  00:24       0.017     0.000
  27084                  14.85      0.03      0  13:14       0.010     0.000
  2108                    4.79      0.38      0  23:58       0.049     0.000
  
  
  ***********************
  Outfall Loading Summary
  ***********************
  
  -----------------------------------------------------------
                         Flow       Avg       Max       Total
                         Freq      Flow      Flow      Volume
  Outfall Node           Pcnt       CFS       CFS    10^6 gal
  -----------------------------------------------------------
  19                    99.91      0.94      7.92       0.605
  -----------------------------------------------------------
  System                99.91      0.94      7.92       0.605
  
  
  ********************
  Link Flow Summary
  ********************
  
  -----------------------------------------------------------------------------
                                 Maximum  Time of Max   Maximum    Max/    Max/
                                  |Flow|   Occurrence   |Veloc|    Full    Full
  Link                 Type          CFS  days hr:min    ft/sec    Flow   Depth
  -----------------------------------------------------------------------------
  10                   CONDUIT      0.22     0  18:34      3.16    0.00    0.09
  12                   CONDUIT      0.04     0  13:10      1.47    0.00    0.03
  18                   CONDUIT      0.38     0  23:56      4.23    0.00    0.01
  19                   CONDUIT      7.92     0  00:16     11.26    0.00    0.05
  20                   CONDUIT      0.21     1  00:00      2.92    0.00    0.03
  23                   CONDUIT      0.36     0  01:26      3.68    0.00    0.06
  24                   CONDUIT      0.21     0  08:55      2.95    0.00    0.02
  25                   CONDUIT      0.00     0  00:00      0.00    0.00    0.50
  26                   CONDUIT      8.16     0  01:14      4.43    0.00    0.48
  27                   CONDUIT      0.15     0  02:11      2.64    0.00    0.02
  28                   CONDUIT      0.43     1  00:00      3.71    0.00    0.05
  30                   CONDUIT      0.16     0  22:36      3.22    0.00    0.03
  31                   CONDUIT      0.00     0  00:00      0.00    0.00    0.42
  32                   CONDUIT      0.08     0  09:18      0.73    0.00    0.51
  34                   CONDUIT      0.00     0  00:00      0.00    0.00    0.00
  35                   CONDUIT      0.00     0  00:00      0.00    0.00    0.00
  1000                 CONDUIT      0.23     1  00:00      0.09    0.00    0.22
  1100                 CONDUIT      0.91     1  00:00      1.29    0.00    0.12
  1110                 CONDUIT      0.95     1  00:00      1.15    0.00    0.12
  1115                 CONDUIT      1.28     0  23:59      0.27    0.03    0.23
  1120                 CONDUIT      1.57     1  00:00      0.52    0.00    0.33
  1125                 CONDUIT      1.83     0  23:59      0.69    0.00    0.33
  1127                 CONDUIT      1.89     0  23:59      0.62    0.00    0.32
  1130                 CONDUIT      2.03     0  13:39      0.44    0.01    0.32
  1140                 CONDUIT      2.62     0  14:34      0.65    0.16    0.30
  1145                 CONDUIT      2.95     0  13:30      0.60    0.10    0.30
  1155                 CONDUIT      0.14     0  02:01      0.60    0.01    0.19
  1160                 CONDUIT      0.08     0  05:50      0.29    0.00    0.08
  1300                 CONDUIT      2.93     0  12:52      3.72    0.00    0.04
  1320                 CONDUIT      6.49     0  00:29      3.33    0.03    0.11
  1325                 CONDUIT      0.46     1  00:00      2.22    0.00    0.09
  1330                 CONDUIT      0.36     1  00:00      1.75    0.00    0.04
  1340                 CONDUIT      0.16     1  00:00      1.40    0.00    0.03
  1500                 CONDUIT      0.70     0  04:38      0.71    0.00    0.52
  1600                 CONDUIT      0.47     0  14:17      0.32    0.00    0.46
  1700                 CONDUIT      0.08     1  00:00      1.31    0.00    0.03
  1800                 CONDUIT      0.22     0  15:11      0.84    0.01    0.04
  1900                 CONDUIT      0.04     0  13:21      0.84    0.00    0.04
  2000                 CONDUIT      0.48     0  01:29      0.74    0.00    0.30
  2100                 CONDUIT      0.21     0  21:00      0.36    0.00    0.16
  2105                 CONDUIT      0.38     0  23:56      1.53    0.00    0.02
  2106                 CONDUIT      0.38     0  23:58      1.98    0.00    0.51
  2110                 CONDUIT      0.67     1  00:00      0.81    0.02    0.06
  2115                 CONDUIT      0.06     0  13:33      0.19    0.00    0.08
  2120                 CONDUIT      0.00     0  00:00      0.00    0.00    0.01
  2125                 CONDUIT      0.13     0  01:52      1.55    0.00    0.02
  2130                 CONDUIT      0.01     0  03:50      0.17    0.01    0.05
  2200                 CONDUIT      0.23     0  13:17      0.36    0.00    0.10
  2210                 CONDUIT      0.00     0  00:00      0.00    0.00    0.00
  2300                 CONDUIT      0.15     0  02:00      0.72    0.00    0.14
  2400                 CONDUIT      0.10     0  01:49      0.79    0.00    0.03
  2405                 CONDUIT      0.20     0  01:07      1.63    0.00    0.04
  2410                 CONDUIT      0.04     0  01:42      0.32    0.00    0.05
  2415                 CONDUIT      0.34     0  21:27      0.52    0.02    0.09
  2420                 CONDUIT      0.23     0  20:50      0.95    0.00    0.08
  2425                 CONDUIT      0.10     0  20:50      0.69    0.00    0.03
  2430                 CONDUIT      0.03     0  22:36      0.48    0.00    0.02
  2435                 CONDUIT      0.00     0  00:00      0.00    0.00    0.01
  2440                 CONDUIT      0.00     1  00:00      0.32    0.00    0.01
  2445                 CONDUIT      0.00     0  13:19      0.15    0.00    0.01
  2450                 CONDUIT      0.00     0  00:00      0.00    0.00    0.02
  2455                 CONDUIT      0.19     0  01:20      1.04    0.00    0.05
  2500                 CONDUIT      0.00     0  00:00      0.00    0.00    0.00
  2600                 CONDUIT      0.00     0  00:00      0.00    0.00    0.06
  3000                 CONDUIT      0.85     0  08:09      1.15    0.00    0.31
  3100                 CONDUIT      0.55     0  08:25      0.70    0.00    0.14
  3105                 CONDUIT      0.28     0  08:59      0.62    0.00    0.06
  3110                 CONDUIT      0.00     0  00:00      0.00    0.00    0.01
  3112                 CONDUIT      9.94     0  01:57      1.67    0.02    0.95
  3115                 CONDUIT      8.11     0  01:13      1.75    0.04    0.10
  3120                 CONDUIT     11.95     0  00:59      2.34    0.03    0.12
  3125                 CONDUIT     12.52     0  00:55      2.65    0.03    0.10
  3130                 CONDUIT     13.34     0  00:48      2.87    0.04    0.11
  3135                 CONDUIT     16.53     0  00:39      2.55    0.19    0.14
  3140                 CONDUIT     30.11     0  00:32      5.48    0.06    0.16
  3145                 CONDUIT     32.02     0  00:30      4.60    0.11    0.18
  3150                 CONDUIT     39.07     0  00:28      4.52    0.17    0.21
  3155                 CONDUIT     74.58     0  00:26      8.34    0.13    0.22
  3160                 CONDUIT    124.28     0  00:23      7.35    0.65    0.51
  3165                 CONDUIT     66.70     0  00:23      4.74    0.79    0.42
  3170                 CONDUIT      2.68     0  00:22      2.37    0.02    0.20
  3175                 CONDUIT      0.85     0  00:19      1.96    0.00    0.06
  3180                 CONDUIT      0.35     0  15:05      0.78    0.02    0.24
  3200                 CONDUIT      0.46     0  03:30      0.83    0.00    0.18
  3210                 CONDUIT      0.28     0  00:15      0.68    0.00    0.08
  3250                 CONDUIT      0.16     0  22:37      0.67    0.00    0.04
  3260                 CONDUIT      0.00     0  00:00      0.00    0.00    0.04
  3300                 CONDUIT      0.21     0  13:07      1.11    0.00    0.04
  3310                 CONDUIT      0.13     0  09:00      1.10    0.00    0.03
  3400                 CONDUIT      0.06     0  20:50      0.60    0.00    0.02
  3450                 CONDUIT      0.62     0  22:20      1.77    0.00    0.03
  3455                 CONDUIT      0.54     0  21:54      1.13    0.00    0.04
  3460                 CONDUIT      0.48     0  20:08      1.22    0.00    0.03
  3465                 CONDUIT      0.34     0  13:10      1.72    0.00    0.03
  3470                 CONDUIT      0.29     0  02:19      1.60    0.00    0.04
  3475                 CONDUIT      0.29     0  02:06      1.44    0.00    0.04
  3480                 CONDUIT      0.22     0  01:44      1.37    0.00    0.04
  3485                 CONDUIT      0.14     0  04:28      1.26    0.00    0.03
  3500                 CONDUIT      0.15     0  02:03      1.04    0.00    0.04
  3550                 CONDUIT      0.43     0  22:37      1.66    0.01    0.08
  3600                 CONDUIT      0.00     0  00:00      0.00    0.00    0.07
  3650                 CONDUIT      0.09     0  03:23      0.63    0.00    0.07
  3700                 CONDUIT      0.21     1  00:00      1.40    0.00    0.05
  3750                 CONDUIT      0.39     1  00:00      1.46    0.00    0.05
  3755                 CONDUIT      0.37     1  00:00      1.03    0.01    0.06
  3760                 CONDUIT      0.22     1  00:00      0.74    0.00    0.05
  3765                 CONDUIT      0.16     1  00:00      0.75    0.00    0.04
  3770                 CONDUIT      0.10     1  00:00      0.61    0.00    0.04
  3775                 CONDUIT      0.02     1  00:00      0.46    0.00    0.02
  3800                 CONDUIT      0.36     0  22:25      1.32    0.01    0.08
  4000                 CONDUIT      0.39     0  03:07      1.14    0.00    0.57
  4100                 CONDUIT      0.25     0  07:58      0.91    0.00    0.37
  4110                 CONDUIT      0.15     0  23:58      0.43    0.00    0.26
  4120                 CONDUIT      0.07     0  13:18      0.53    0.00    0.15
  4125                 CONDUIT      0.02     0  13:18      0.37    0.00    0.04
  4130                 CONDUIT      0.11     1  00:00      0.47    0.00    0.04
  11102                CONDUIT      0.05     0  11:49      0.88    0.01    0.05
  11462                CONDUIT      0.00     0  00:00      0.00    0.00    0.02
  11656                CONDUIT      0.00     0  00:00      0.00    0.00    0.50
  11657                CONDUIT      0.01     0  15:24      0.97    0.00    0.52
  11658                CONDUIT      0.00     0  10:21      0.81    0.00    0.02
  11660                CONDUIT      0.04     0  14:17      0.36    0.00    0.03
  11670                CONDUIT      0.04     0  13:59      0.57    0.00    0.03
  11680                CONDUIT      0.03     0  06:00      0.98    0.00    0.03
  11690                CONDUIT      0.01     0  12:38      0.38    0.00    0.02
  11700                CONDUIT      0.01     0  12:24      0.18    0.00    0.03
  11701                CONDUIT      0.05     0  12:12      0.66    0.00    0.04
  11703                CONDUIT      0.01     0  22:20      0.31    0.01    0.09
  11704                CONDUIT      0.00     0  00:00      0.00    0.00    0.00
  11706                CONDUIT      0.00     0  00:00      0.00    0.00    0.03
  11800a               CONDUIT      0.07     0  12:53      0.61    0.00    0.07
  11800                CONDUIT      0.07     0  12:37      0.82    0.01    0.05
  11810                CONDUIT      0.05     0  12:23      0.94    0.00    0.06
  12051                CONDUIT      0.01     0  08:05      1.18    0.00    0.03
  12052                CONDUIT      0.01     0  08:06      0.95    0.00    0.51
  12056                CONDUIT      0.07     0  22:41      1.18    0.01    0.08
  12057                CONDUIT      0.02     0  13:06      0.58    0.00    0.07
  12060                CONDUIT      0.36     0  15:24      1.48    0.00    0.04
  12061                CONDUIT      0.02     0  13:07      0.69    0.00    0.03
  12070                CONDUIT      0.28     0  22:37      1.16    0.00    0.05
  12081                CONDUIT      0.00     0  00:00      0.00    0.00    0.00
  12082                CONDUIT      0.00     0  00:00      0.00    0.00    0.00
  12090                CONDUIT      0.26     0  23:00      1.30    0.00    0.04
  12100                CONDUIT      0.21     0  12:57      1.06    0.00    0.04
  12101                CONDUIT      0.02     0  04:09      1.12    0.00    0.07
  12103                CONDUIT      0.02     0  07:51      0.79    0.00    0.07
  12104                CONDUIT      0.00     0  00:00      0.00    0.00    0.01
  12110                CONDUIT      0.15     0  21:55      0.92    0.00    0.04
  12111                CONDUIT      0.00     0  00:00      0.00    0.00    0.00
  12112                CONDUIT      0.00     0  00:00      0.00    0.00    0.00
  12113                CONDUIT      0.00     0  00:00      0.00    0.00    0.00
  12114                CONDUIT      0.00     0  00:00      0.00    0.00    0.00
  12115                CONDUIT      0.15     0  22:25      0.46    0.01    0.06
  14000                CONDUIT     36.54     0  00:29      2.67    0.21    0.66
  14001                CONDUIT      0.02     0  22:25      0.72    0.00    0.05
  14003                CONDUIT      0.00     0  00:00      0.00    0.00    0.00
  14004                CONDUIT      0.00     0  00:00      0.00    0.00    0.00
  14005                CONDUIT      0.00     0  00:00      0.00    0.00    0.00
  14006                CONDUIT      0.02     0  22:25      0.51    0.00    0.04
  14007                CONDUIT      0.00     0  00:00      0.00    0.00    0.03
  14008                CONDUIT      0.00     0  00:00      0.00    0.00    0.00
  14009                CONDUIT      0.00     0  00:00      0.00    0.00    0.50
  14010                CONDUIT     36.66     0  00:30      7.81    0.18    0.33
  14011                CONDUIT      0.01     0  21:27      0.67    0.00    0.05
  14012                CONDUIT      0.00     0  00:00      0.00    0.00    0.46
  14013                CONDUIT      0.00     0  00:00      0.00    0.00    0.50
  14014                CONDUIT      0.03     0  23:59      1.05    0.00    0.04
  14015                CONDUIT      0.01     0  07:11      0.69    0.00    0.03
  14016                CONDUIT      0.01     0  07:26      0.40    0.01    0.06
  14017                CONDUIT      0.00     0  00:00      0.00    0.00    0.02
  14018                CONDUIT      0.00     0  00:00      0.00    0.00    0.04
  14019                CONDUIT      0.02     0  07:38      0.03    0.00    0.49
  14020                CONDUIT      1.51     0  14:10      0.20    0.01    0.43
  14021                CONDUIT      0.53     1  00:00      0.26    0.00    0.16
  14022                CONDUIT      0.47     0  15:31      1.30    0.00    0.05
  14023                CONDUIT      0.02     0  17:45      0.50    0.00    0.12
  14024                CONDUIT      0.02     0  23:58      0.22    0.00    0.03
  14025                CONDUIT      3.53     0  12:40      0.16    0.00    0.38
  14030                CONDUIT     33.09     0  00:32      4.10    0.09    0.67
  14031                CONDUIT     35.58     0  00:31      5.80    0.05    0.52
  14032                CONDUIT      3.26     0  00:35      1.70    0.01    0.33
  14033                CONDUIT      4.07     0  00:33      2.79    0.01    0.20
  14034                CONDUIT      5.59     0  00:31      4.14    0.01    0.06
  14404                CONDUIT      0.00     0  00:00      0.00    0.00    0.50
  14410                CONDUIT    108.28     0  00:25     10.17    0.65    0.74
  14411                CONDUIT      0.07     0  07:05      1.18    0.01    0.07
  14412                CONDUIT      0.02     0  06:40      0.70    0.00    0.04
  14414                CONDUIT      0.05     0  05:43      1.13    0.02    0.11
  14415                CONDUIT      0.03     0  05:18      1.05    0.01    0.09
  14416                CONDUIT      0.00     0  00:00      0.00    0.00    0.04
  14420                CONDUIT    151.83     0  00:24     10.06    1.75    0.90
  14421                CONDUIT      0.00     0  00:00      0.00    0.00    0.00
  14430                CONDUIT     86.99     0  00:24      5.89    1.04    1.00
  14440                CONDUIT     74.40     0  00:24      6.26    1.65    1.00
  14442                CONDUIT      0.03     0  10:17      0.29    0.00    0.50
  14443                CONDUIT      0.00     0  10:17      0.18    0.01    0.06
  14445                CONDUIT      0.02     0  10:21      0.77    0.01    0.11
  14450                CONDUIT      4.87     0  00:25      1.10    0.08    0.50
  14451                CONDUIT      0.02     0  04:04      0.25    0.00    0.13
  14456                CONDUIT      0.00     0  13:14      0.02    0.00    0.52
  14460                CONDUIT      0.44     0  22:31      1.19    0.01    0.07
  14461                CONDUIT      0.01     0  20:40      1.16    0.00    0.02
  14470                CONDUIT      0.35     1  00:00      1.65    0.01    0.06
  14471                CONDUIT      0.03     0  23:00      1.36    0.00    0.02
  14472                CONDUIT      0.00     0  00:00      0.00    0.00    0.00
  14473                CONDUIT      0.01     0  20:27      1.46    0.00    0.02
  14474                CONDUIT      0.00     0  00:00      0.00    0.00    0.02
  14475                CONDUIT      0.01     0  23:00      2.05    0.00    0.02
  14476                CONDUIT      0.03     0  08:04      0.68    0.00    0.05
  14477                CONDUIT      0.00     0  17:55      0.22    0.00    0.03
  14478                CONDUIT      0.00     0  00:00      0.00    0.00    0.00
  14479                CONDUIT      0.00     0  00:00      0.00    0.00    0.00
  14482                CONDUIT      0.05     0  19:09      1.39    0.00    0.04
  14483                CONDUIT      0.03     0  17:55      0.33    0.02    0.22
  14484                CONDUIT      0.00     0  13:14      0.02    0.00    0.25
  14485                CONDUIT      0.00     0  00:00      0.00    0.00    0.24
  14487                CONDUIT      0.00     0  00:00      0.00    0.00    0.02
  15000                CONDUIT      0.03     0  14:17      0.79    0.00    0.04
  38921                CONDUIT      0.00     0  00:00      0.00    0.00    0.07
  39800                CONDUIT     13.57     0  00:23      4.12    0.69    0.69
  39810                CONDUIT     35.07     0  00:24      6.07    1.23    0.76
  39820                CONDUIT      0.03     0  04:34      0.49    0.01    0.05
  39824                CONDUIT      0.13     0  21:54      0.38    0.01    0.07
  39825                CONDUIT      0.07     0  07:56      0.71    0.00    0.04
  39826                CONDUIT      0.00     0  00:00      0.00    0.00    0.00
  39827                CONDUIT      0.03     0  20:41      0.62    0.00    0.03
  39828                CONDUIT      0.02     0  20:08      0.39    0.00    0.03
  39829                CONDUIT      0.00     0  00:00      0.00    0.00    0.00
  39830                CONDUIT      0.00     0  00:00      0.00    0.00    0.03
  39831                CONDUIT      0.04     0  17:37      1.05    0.00    0.04
  39832                CONDUIT      0.01     0  23:00      0.87    0.00    0.03
  39833                CONDUIT      0.00     0  00:00      0.00    0.00    0.02
  39836                CONDUIT      0.00     0  00:00      0.00    0.00    0.00
  39838                CONDUIT      0.02     0  21:55      0.98    0.00    0.02
  39839                CONDUIT      0.00     0  00:00      0.00    0.00    0.02
  39840                CONDUIT      0.07     0  07:59      1.44    0.00    0.03
  39843                CONDUIT      0.00     0  00:00      0.00    0.00    0.02
  39850                CONDUIT      0.02     0  08:04      0.63    0.00    0.05
  39851                CONDUIT      0.04     0  07:53      1.18    0.00    0.05
  39852                CONDUIT      0.04     0  13:02      1.22    0.00    0.05
  39900                CONDUIT      0.62     0  00:19      2.33    0.01    0.07
  39927                CONDUIT      0.01     0  19:49      0.86    0.00    0.04
  39935                CONDUIT      0.00     0  00:00      0.00    0.00    0.00
  39939                CONDUIT      0.00     0  00:00      0.00    0.00    0.04
  39949                CONDUIT      0.00     0  00:00      0.00    0.00    0.07
  84461                CONDUIT      0.01     0  22:16      0.08    0.00    0.10
  84482                CONDUIT      0.05     0  17:55      0.64    0.00    0.06
  89830                CONDUIT      0.00     0  00:00      0.00    0.00    0.05
  89934                CONDUIT      0.00     0  00:00      0.00    0.00    0.05
  89939                CONDUIT      0.00     0  00:00      0.00    0.00    0.07
  92051                CONDUIT      0.09     0  22:40      1.48    0.00    0.10
  92061                CONDUIT      0.05     0  14:17      1.32    0.00    0.11
  92081                CONDUIT      0.00     0  00:00      0.00    0.00    0.07
  94001                CONDUIT      0.02     0  14:00      0.04    0.00    0.35
  94006                CONDUIT      0.02     0  20:46      0.01    0.00    0.50
  94011                CONDUIT      0.01     0  15:24      0.02    0.00    0.51
  94014                CONDUIT      0.03     0  23:59      0.46    0.00    0.07
  94015                CONDUIT      0.01     0  15:30      0.19    0.00    0.08
  94411                CONDUIT      0.09     0  06:42      0.88    0.00    0.50
  94421                CONDUIT      0.00     0  00:00      0.00    0.00    0.50
  99810                CONDUIT    284.66     0  00:24     43.60    0.73    0.94
  99831                CONDUIT      0.04     0  17:37      1.03    0.00    0.05
  MUL3                 WEIR         0.22     0  14:27                      0.25
  MUL4                 WEIR         0.00     0  00:00                      0.00
  MUL5                 WEIR         0.00     0  00:00                      0.00
  MUL6                 WEIR        10.05     0  00:28                      0.94
  MUL7                 WEIR         0.16     1  00:00                      0.24
  
  
  ***************************
  Flow Classification Summary
  ***************************
  
  -------------------------------------------------------------------------------------
                      Adjusted    ---------- Fraction of Time in Flow Class ---------- 
                       /Actual         Up    Down  Sub   Sup   Up    Down  Norm  Inlet 
  Conduit               Length    Dry  Dry   Dry   Crit  Crit  Crit  Crit  Ltd   Ctrl  
  -------------------------------------------------------------------------------------
  10                      1.00   0.23  0.00  0.00  0.20  0.03  0.00  0.54  0.23  0.00
  12                      1.00   0.25  0.00  0.00  0.00  0.00  0.00  0.75  0.00  0.00
  18                      1.00   0.11  0.00  0.00  0.00  0.89  0.00  0.00  0.89  0.00
  19                      1.00   0.01  0.00  0.00  0.00  0.99  0.00  0.00  0.12  0.00
  20                      1.00   0.06  0.00  0.00  0.88  0.03  0.00  0.04  0.90  0.00
  23                      1.00   0.03  0.00  0.00  0.94  0.01  0.00  0.02  0.95  0.00
  24                      1.00   0.02  0.06  0.00  0.00  0.91  0.00  0.00  0.91  0.00
  25                      1.00   0.03  0.97  0.00  0.00  0.00  0.00  0.00  0.00  0.00
  26                      1.00   0.03  0.00  0.00  0.95  0.01  0.00  0.00  0.97  0.00
  27                      1.00   0.08  0.00  0.00  0.00  0.00  0.00  0.92  0.00  0.00
  28                      1.00   0.09  0.00  0.00  0.00  0.00  0.00  0.91  0.00  0.00
  30                      1.00   0.08  0.00  0.00  0.00  0.00  0.00  0.92  0.00  0.00
  31                      1.00   0.00  1.00  0.00  0.00  0.00  0.00  0.00  0.00  0.00
  32                      1.00   0.00  0.08  0.00  0.92  0.00  0.00  0.00  0.92  0.00
  34                      1.00   1.00  0.00  0.00  0.00  0.00  0.00  0.00  0.00  0.00
  35                      1.00   1.00  0.00  0.00  0.00  0.00  0.00  0.00  0.00  0.00
  1000                    1.00   0.00  0.01  0.00  0.99  0.00  0.00  0.00  0.00  0.00
  1100                    1.00   0.00  0.00  0.00  1.00  0.00  0.00  0.00  1.00  0.00
  1110                    1.00   0.00  0.00  0.00  1.00  0.00  0.00  0.00  0.94  0.00
  1115                    1.00   0.00  0.00  0.00  1.00  0.00  0.00  0.00  0.00  0.00
  1120                    1.00   0.00  0.00  0.00  1.00  0.00  0.00  0.00  0.08  0.00
  1125                    1.00   0.00  0.00  0.00  1.00  0.00  0.00  0.00  0.18  0.00
  1127                    1.00   0.00  0.00  0.00  1.00  0.00  0.00  0.00  0.05  0.00
  1130                    1.00   0.00  0.00  0.00  1.00  0.00  0.00  0.00  0.07  0.00
  1140                    1.00   0.00  0.00  0.00  1.00  0.00  0.00  0.00  0.00  0.00
  1145                    1.00   0.00  0.00  0.00  1.00  0.00  0.00  0.00  0.00  0.00
  1155                    1.00   0.05  0.00  0.00  0.92  0.00  0.00  0.03  0.05  0.00
  1160                    1.00   0.05  0.12  0.00  0.76  0.00  0.08  0.00  0.00  0.00
  1300                    1.00   0.23  0.00  0.00  0.00  0.00  0.00  0.77  0.00  0.00
  1320                    1.00   0.02  0.00  0.00  0.00  0.00  0.00  0.98  0.00  0.00
  1325                    1.00   0.02  0.01  0.00  0.00  0.00  0.00  0.97  0.00  0.00
  1330                    1.00   0.02  0.00  0.00  0.96  0.01  0.00  0.01  0.81  0.00
  1340                    1.00   0.84  0.00  0.00  0.00  0.00  0.00  0.16  0.00  0.00
  1500                    1.00   0.00  0.00  0.00  1.00  0.00  0.00  0.00  0.17  0.00
  1600                    1.00   0.00  0.00  0.00  1.00  0.00  0.00  0.00  0.21  0.00
  1700                    1.00   0.03  0.00  0.00  0.00  0.00  0.00  0.97  0.00  0.00
  1800                    1.00   0.20  0.00  0.00  0.77  0.00  0.00  0.03  0.00  0.00
  1900                    1.00   0.13  0.00  0.00  0.00  0.00  0.00  0.87  0.00  0.00
  2000                    1.00   0.02  0.00  0.00  0.94  0.00  0.00  0.04  0.00  0.00
  2100                    1.00   0.02  0.00  0.00  0.98  0.00  0.00  0.00  0.39  0.00
  2105                    1.00   0.02  0.00  0.00  0.38  0.00  0.00  0.60  0.00  0.00
  2106                    1.00   0.11  0.00  0.00  0.89  0.00  0.00  0.00  0.89  0.00
  2110                    1.00   0.01  0.00  0.00  0.15  0.00  0.00  0.84  0.00  0.00
  2115                    1.00   0.01  0.02  0.00  0.97  0.00  0.00  0.00  0.97  0.00
  2120                    1.00   0.03  0.97  0.00  0.00  0.00  0.00  0.00  0.00  0.00
  2125                    1.00   0.02  0.00  0.00  0.00  0.00  0.00  0.98  0.00  0.00
  2130                    1.00   0.02  0.00  0.00  0.87  0.00  0.00  0.10  0.84  0.00
  2200                    1.00   0.01  0.02  0.00  0.97  0.00  0.00  0.00  0.97  0.00
  2210                    1.00   1.00  0.00  0.00  0.00  0.00  0.00  0.00  0.00  0.00
  2300                    1.00   0.02  0.00  0.00  0.92  0.00  0.00  0.06  0.92  0.00
  2400                    1.00   0.04  0.00  0.00  0.00  0.00  0.00  0.96  0.00  0.00
  2405                    1.00   0.02  0.00  0.00  0.96  0.00  0.00  0.02  0.95  0.00
  2410                    1.00   0.02  0.00  0.00  0.94  0.00  0.00  0.04  0.13  0.00
  2415                    1.00   0.04  0.00  0.00  0.94  0.00  0.02  0.00  0.00  0.00
  2420                    1.00   0.03  0.00  0.00  0.96  0.00  0.00  0.01  0.96  0.00
  2425                    1.00   0.03  0.03  0.00  0.93  0.00  0.00  0.00  0.93  0.00
  2430                    1.00   0.07  0.10  0.00  0.84  0.00  0.00  0.00  0.84  0.00
  2435                    1.00   0.16  0.84  0.00  0.00  0.00  0.00  0.00  0.00  0.00
  2440                    1.00   0.18  0.00  0.00  0.00  0.00  0.00  0.82  0.00  0.00
  2445                    1.00   0.18  0.00  0.00  0.00  0.00  0.00  0.82  0.00  0.00
  2450                    1.00   0.03  0.97  0.00  0.00  0.00  0.00  0.00  0.00  0.00
  2455                    1.00   0.03  0.00  0.00  0.97  0.00  0.00  0.00  0.00  0.00
  2500                    1.00   1.00  0.00  0.00  0.00  0.00  0.00  0.00  0.00  0.00
  2600                    1.00   0.01  0.99  0.00  0.00  0.00  0.00  0.00  0.00  0.00
  3000                    1.00   0.02  0.00  0.00  0.97  0.00  0.00  0.01  0.12  0.00
  3100                    1.00   0.01  0.00  0.00  0.69  0.00  0.00  0.30  0.17  0.00
  3105                    1.00   0.01  0.01  0.00  0.98  0.00  0.00  0.00  0.98  0.00
  3110                    1.00   0.02  0.98  0.00  0.00  0.00  0.00  0.00  0.00  0.00
  3112                    1.00   0.03  0.00  0.00  0.97  0.00  0.00  0.00  0.01  0.00
  3115                    1.00   0.02  0.01  0.00  0.00  0.00  0.97  0.00  0.00  0.00
  3120                    1.00   0.02  0.01  0.00  0.97  0.00  0.00  0.00  0.96  0.00
  3125                    1.00   0.02  0.00  0.00  0.97  0.00  0.00  0.01  0.96  0.00
  3130                    1.00   0.02  0.00  0.00  0.97  0.00  0.00  0.01  0.97  0.00
  3135                    1.00   0.02  0.00  0.00  0.97  0.00  0.00  0.01  0.00  0.00
  3140                    1.00   0.02  0.00  0.00  0.98  0.00  0.00  0.00  0.98  0.00
  3145                    1.00   0.02  0.00  0.00  0.98  0.00  0.00  0.01  0.00  0.00
  3150                    1.00   0.02  0.00  0.00  0.98  0.00  0.00  0.00  0.10  0.00
  3155                    1.00   0.01  0.00  0.00  0.98  0.00  0.00  0.01  0.98  0.00
  3160                    1.00   0.01  0.00  0.00  0.97  0.00  0.00  0.01  0.00  0.00
  3165                    1.00   0.02  0.00  0.00  0.98  0.00  0.00  0.00  0.00  0.00
  3170                    1.00   0.01  0.00  0.00  0.98  0.00  0.00  0.00  0.98  0.00
  3175                    1.00   0.01  0.00  0.00  0.99  0.00  0.00  0.00  0.99  0.00
  3180                    1.00   0.01  0.00  0.00  0.09  0.00  0.89  0.00  0.09  0.00
  3200                    1.00   0.01  0.00  0.00  0.98  0.00  0.00  0.01  0.21  0.00
  3210                    1.00   0.01  0.00  0.00  0.99  0.00  0.00  0.00  0.86  0.00
  3250                    1.00   0.02  0.00  0.00  0.00  0.00  0.00  0.98  0.00  0.00
  3260                    1.00   0.02  0.98  0.00  0.00  0.00  0.00  0.00  0.00  0.00
  3300                    1.00   0.04  0.00  0.00  0.00  0.00  0.00  0.96  0.00  0.00
  3310                    1.00   0.03  0.00  0.00  0.00  0.00  0.00  0.97  0.00  0.00
  3400                    1.00   0.04  0.00  0.00  0.00  0.00  0.00  0.96  0.00  0.00
  3450                    1.00   0.03  0.00  0.00  0.00  0.00  0.00  0.97  0.00  0.00
  3455                    1.00   0.03  0.00  0.00  0.96  0.00  0.00  0.00  0.96  0.00
  3460                    1.00   0.02  0.00  0.00  0.96  0.00  0.00  0.02  0.95  0.00
  3465                    1.00   0.06  0.00  0.00  0.00  0.00  0.00  0.94  0.00  0.00
  3470                    1.00   0.08  0.00  0.00  0.00  0.00  0.00  0.92  0.00  0.00
  3475                    1.00   0.06  0.00  0.00  0.92  0.00  0.00  0.02  0.91  0.00
  3480                    1.00   0.05  0.00  0.00  0.94  0.00  0.00  0.01  0.93  0.00
  3485                    1.00   0.03  0.00  0.00  0.00  0.00  0.00  0.97  0.00  0.00
  3500                    1.00   0.04  0.00  0.00  0.92  0.00  0.00  0.04  0.00  0.00
  3550                    1.00   0.06  0.00  0.00  0.00  0.00  0.00  0.94  0.00  0.00
  3600                    1.00   0.98  0.02  0.00  0.00  0.00  0.00  0.00  0.00  0.00
  3650                    1.00   0.04  0.02  0.00  0.00  0.00  0.00  0.94  0.00  0.00
  3700                    1.00   0.09  0.00  0.00  0.00  0.00  0.00  0.90  0.00  0.00
  3750                    1.00   0.06  0.00  0.00  0.00  0.00  0.00  0.94  0.00  0.00
  3755                    1.00   0.03  0.00  0.00  0.93  0.00  0.00  0.04  0.00  0.00
  3760                    1.00   0.03  0.05  0.00  0.93  0.00  0.00  0.00  0.93  0.00
  3765                    1.00   0.07  0.00  0.00  0.92  0.00  0.00  0.00  0.91  0.00
  3770                    1.00   0.06  0.00  0.00  0.92  0.00  0.00  0.02  0.91  0.00
  3775                    1.00   0.26  0.00  0.00  0.00  0.00  0.00  0.74  0.00  0.00
  3800                    1.00   0.05  0.00  0.00  0.00  0.00  0.00  0.95  0.00  0.00
  4000                    1.00   0.08  0.00  0.00  0.87  0.00  0.00  0.04  0.06  0.00
  4100                    1.00   0.04  0.00  0.00  0.92  0.00  0.00  0.05  0.19  0.00
  4110                    1.00   0.04  0.08  0.00  0.88  0.00  0.00  0.00  0.27  0.00
  4120                    1.00   0.09  0.00  0.00  0.88  0.00  0.00  0.03  0.60  0.00
  4125                    1.00   0.09  0.10  0.00  0.82  0.00  0.00  0.00  0.82  0.00
  4130                    1.00   0.06  0.03  0.00  0.91  0.00  0.00  0.00  0.01  0.00
  11102                   1.00   0.33  0.00  0.00  0.52  0.00  0.00  0.15  0.51  0.00
  11462                   1.00   0.31  0.69  0.00  0.00  0.00  0.00  0.00  0.00  0.00
  11656                   1.00   0.64  0.36  0.00  0.00  0.00  0.00  0.00  0.00  0.00
  11657                   1.00   0.36  0.00  0.00  0.36  0.00  0.00  0.28  0.36  0.00
  11658                   1.00   0.36  0.00  0.00  0.00  0.00  0.00  0.64  0.00  0.00
  11660                   1.00   0.13  0.06  0.00  0.80  0.00  0.00  0.00  0.80  0.00
  11670                   1.00   0.20  0.05  0.00  0.76  0.00  0.00  0.00  0.01  0.00
  11680                   1.00   0.22  0.00  0.00  0.76  0.00  0.00  0.02  0.75  0.00
  11690                   1.00   0.13  0.00  0.00  0.78  0.00  0.00  0.09  0.77  0.00
  11700                   1.00   0.13  0.15  0.00  0.72  0.00  0.00  0.00  0.01  0.00
  11701                   1.00   0.28  0.20  0.00  0.52  0.00  0.00  0.00  0.00  0.00
  11703                   1.00   0.33  0.13  0.00  0.54  0.00  0.00  0.00  0.54  0.00
  11704                   1.00   1.00  0.00  0.00  0.00  0.00  0.00  0.00  0.00  0.00
  11706                   1.00   0.48  0.52  0.00  0.00  0.00  0.00  0.00  0.00  0.00
  11800a                  1.00   0.05  0.49  0.00  0.46  0.00  0.00  0.00  0.46  0.00
  11800                   1.00   0.43  0.00  0.00  0.00  0.00  0.00  0.57  0.00  0.00
  11810                   1.00   0.28  0.00  0.00  0.57  0.00  0.00  0.14  0.57  0.00
  12051                   1.00   0.20  0.00  0.00  0.00  0.74  0.00  0.06  0.00  0.00
  12052                   1.00   0.20  0.00  0.00  0.66  0.00  0.00  0.13  0.66  0.00
  12056                   1.00   0.13  0.00  0.00  0.00  0.00  0.00  0.87  0.00  0.00
  12057                   1.00   0.13  0.11  0.00  0.76  0.00  0.00  0.00  0.76  0.00
  12060                   1.00   0.10  0.00  0.00  0.00  0.00  0.00  0.90  0.00  0.00
  12061                   1.00   0.21  0.00  0.00  0.00  0.00  0.00  0.79  0.00  0.00
  12070                   1.00   0.10  0.06  0.00  0.84  0.00  0.00  0.00  0.84  0.00
  12081                   1.00   1.00  0.00  0.00  0.00  0.00  0.00  0.00  0.00  0.00
  12082                   1.00   1.00  0.00  0.00  0.00  0.00  0.00  0.00  0.00  0.00
  12090                   1.00   0.16  0.03  0.00  0.81  0.00  0.00  0.00  0.10  0.00
  12100                   1.00   0.17  0.00  0.00  0.81  0.00  0.00  0.03  0.80  0.00
  12101                   1.00   0.13  0.00  0.00  0.83  0.00  0.00  0.04  0.83  0.00
  12103                   1.00   0.17  0.12  0.00  0.71  0.00  0.00  0.00  0.71  0.00
  12104                   1.00   0.29  0.71  0.00  0.00  0.00  0.00  0.00  0.00  0.00
  12110                   1.00   0.17  0.17  0.00  0.67  0.00  0.00  0.00  0.66  0.00
  12111                   1.00   1.00  0.00  0.00  0.00  0.00  0.00  0.00  0.00  0.00
  12112                   1.00   1.00  0.00  0.00  0.00  0.00  0.00  0.00  0.00  0.00
  12113                   1.00   1.00  0.00  0.00  0.00  0.00  0.00  0.00  0.00  0.00
  12114                   1.00   1.00  0.00  0.00  0.00  0.00  0.00  0.00  0.00  0.00
  12115                   1.00   0.22  0.02  0.00  0.67  0.00  0.09  0.00  0.00  0.00
  14000                   1.00   0.02  0.00  0.00  0.02  0.00  0.96  0.00  0.00  0.00
  14001                   1.00   0.29  0.00  0.00  0.00  0.00  0.00  0.71  0.00  0.00
  14003                   1.00   1.00  0.00  0.00  0.00  0.00  0.00  0.00  0.00  0.00
  14004                   1.00   1.00  0.00  0.00  0.00  0.00  0.00  0.00  0.00  0.00
  14005                   1.00   1.00  0.00  0.00  0.00  0.00  0.00  0.00  0.00  0.00
  14006                   1.00   0.26  0.00  0.00  0.00  0.00  0.00  0.74  0.00  0.00
  14007                   1.00   0.26  0.74  0.00  0.00  0.00  0.00  0.00  0.00  0.00
  14008                   1.00   1.00  0.00  0.00  0.00  0.00  0.00  0.00  0.00  0.00
  14009                   1.00   0.02  0.98  0.00  0.00  0.00  0.00  0.00  0.00  0.00
  14010                   1.00   0.02  0.00  0.00  0.97  0.00  0.00  0.01  0.97  0.00
  14011                   1.00   0.32  0.00  0.00  0.00  0.00  0.00  0.68  0.00  0.00
  14012                   1.00   0.19  0.81  0.00  0.00  0.00  0.00  0.00  0.00  0.00
  14013                   1.00   0.02  0.98  0.00  0.00  0.00  0.00  0.00  0.00  0.00
  14014                   1.00   0.22  0.00  0.00  0.00  0.00  0.00  0.78  0.00  0.00
  14015                   1.00   0.25  0.00  0.00  0.00  0.00  0.00  0.75  0.00  0.00
  14016                   1.00   0.25  0.00  0.00  0.73  0.00  0.00  0.02  0.00  0.00
  14017                   1.00   0.20  0.80  0.00  0.00  0.00  0.00  0.00  0.00  0.00
  14018                   1.00   0.25  0.75  0.00  0.00  0.00  0.00  0.00  0.00  0.00
  14019                   1.00   0.06  0.21  0.00  0.73  0.00  0.00  0.00  0.73  0.00
  14020                   1.00   0.03  0.02  0.00  0.94  0.00  0.01  0.00  0.00  0.00
  14021                   1.00   0.06  0.06  0.00  0.88  0.00  0.00  0.00  0.88  0.00
  14022                   1.00   0.10  0.00  0.00  0.88  0.00  0.00  0.02  0.00  0.00
  14023                   1.00   0.22  0.00  0.00  0.26  0.00  0.00  0.52  0.23  0.00
  14024                   1.00   0.13  0.00  0.00  0.78  0.00  0.00  0.09  0.00  0.00
  14025                   1.00   0.02  0.20  0.00  0.64  0.00  0.14  0.00  0.00  0.00
  14030                   1.00   0.02  0.00  0.00  0.98  0.00  0.00  0.00  0.00  0.00
  14031                   1.00   0.02  0.00  0.00  0.98  0.00  0.00  0.00  0.01  0.00
  14032                   1.00   0.02  0.00  0.00  0.98  0.00  0.00  0.00  0.01  0.00
  14033                   1.00   0.02  0.00  0.00  0.98  0.00  0.00  0.00  0.13  0.00
  14034                   1.00   0.02  0.00  0.00  0.98  0.00  0.00  0.00  0.98  0.00
  14404                   1.00   0.02  0.98  0.00  0.00  0.00  0.00  0.00  0.00  0.00
  14410                   1.00   0.02  0.00  0.00  0.98  0.00  0.00  0.00  0.98  0.00
  14411                   1.00   0.22  0.00  0.00  0.00  0.00  0.00  0.78  0.00  0.00
  14412                   1.00   0.23  0.00  0.00  0.72  0.00  0.00  0.05  0.00  0.00
  14414                   1.00   0.22  0.00  0.00  0.78  0.00  0.00  0.00  0.77  0.00
  14415                   1.00   0.18  0.00  0.00  0.78  0.00  0.00  0.04  0.78  0.00
  14416                   1.00   0.18  0.82  0.00  0.00  0.00  0.00  0.00  0.00  0.00
  14420                   1.00   0.02  0.00  0.00  0.00  0.00  0.00  0.98  0.00  0.00
  14421                   1.00   1.00  0.00  0.00  0.00  0.00  0.00  0.00  0.00  0.00
  14430                   1.00   0.02  0.00  0.00  0.98  0.00  0.00  0.00  0.98  0.00
  14440                   1.00   0.02  0.00  0.00  0.00  0.00  0.00  0.98  0.00  0.00
  14442                   1.00   0.02  0.13  0.00  0.86  0.00  0.00  0.00  0.86  0.00
  14443                   1.00   0.14  0.14  0.00  0.72  0.00  0.00  0.00  0.01  0.00
  14445                   1.00   0.28  0.00  0.00  0.57  0.00  0.00  0.14  0.57  0.00
  14450                   1.00   0.02  0.00  0.00  0.98  0.00  0.00  0.00  0.98  0.00
  14451                   1.00   0.02  0.11  0.00  0.87  0.00  0.00  0.00  0.87  0.00
  14456                   1.00   0.24  0.07  0.00  0.69  0.00  0.00  0.00  0.69  0.00
  14460                   1.00   0.02  0.03  0.00  0.95  0.00  0.00  0.00  0.00  0.00
  14461                   1.00   0.31  0.00  0.00  0.00  0.00  0.00  0.69  0.00  0.00
  14470                   1.00   0.02  0.00  0.00  0.00  0.00  0.00  0.98  0.00  0.00
  14471                   1.00   0.19  0.00  0.00  0.00  0.00  0.00  0.81  0.00  0.00
  14472                   1.00   1.00  0.00  0.00  0.00  0.00  0.00  0.00  0.00  0.00
  14473                   1.00   0.45  0.00  0.00  0.00  0.00  0.00  0.55  0.00  0.00
  14474                   1.00   0.46  0.54  0.00  0.00  0.00  0.00  0.00  0.00  0.00
  14475                   1.00   0.84  0.00  0.00  0.00  0.00  0.00  0.16  0.00  0.00
  14476                   1.00   0.27  0.00  0.00  0.67  0.00  0.00  0.06  0.66  0.00
  14477                   1.00   0.27  0.10  0.00  0.64  0.00  0.00  0.00  0.64  0.00
  14478                   1.00   1.00  0.00  0.00  0.00  0.00  0.00  0.00  0.00  0.00
  14479                   1.00   1.00  0.00  0.00  0.00  0.00  0.00  0.00  0.00  0.00
  14482                   1.00   0.19  0.00  0.00  0.00  0.00  0.00  0.81  0.00  0.00
  14483                   1.00   0.19  0.00  0.00  0.80  0.00  0.00  0.01  0.09  0.00
  14484                   1.00   0.20  0.11  0.00  0.69  0.00  0.00  0.00  0.69  0.00
  14485                   1.00   0.20  0.80  0.00  0.00  0.00  0.00  0.00  0.00  0.00
  14487                   1.00   0.45  0.55  0.00  0.00  0.00  0.00  0.00  0.00  0.00
  15000                   1.00   0.20  0.00  0.00  0.00  0.00  0.00  0.80  0.00  0.00
  38921                   1.00   0.14  0.86  0.00  0.00  0.00  0.00  0.00  0.00  0.00
  39800                   1.00   0.02  0.00  0.00  0.00  0.00  0.00  0.98  0.00  0.00
  39810                   1.00   0.02  0.07  0.00  0.92  0.00  0.00  0.00  0.92  0.00
  39820                   1.00   0.08  0.06  0.00  0.86  0.00  0.00  0.00  0.00  0.00
  39824                   1.00   0.22  0.06  0.00  0.72  0.00  0.00  0.00  0.72  0.00
  39825                   1.00   0.17  0.00  0.00  0.67  0.00  0.00  0.15  0.00  0.00
  39826                   1.00   1.00  0.00  0.00  0.00  0.00  0.00  0.00  0.00  0.00
  39827                   1.00   0.27  0.00  0.00  0.00  0.00  0.00  0.73  0.00  0.00
  39828                   1.00   0.26  0.00  0.00  0.00  0.00  0.00  0.74  0.00  0.00
  39829                   1.00   1.00  0.00  0.00  0.00  0.00  0.00  0.00  0.00  0.00
  39830                   1.00   0.14  0.86  0.00  0.00  0.00  0.00  0.00  0.00  0.00
  39831                   1.00   0.16  0.00  0.00  0.00  0.00  0.00  0.84  0.00  0.00
  39832                   1.00   0.47  0.00  0.00  0.00  0.00  0.00  0.53  0.00  0.00
  39833                   1.00   0.47  0.53  0.00  0.00  0.00  0.00  0.00  0.00  0.00
  39836                   1.00   1.00  0.00  0.00  0.00  0.00  0.00  0.00  0.00  0.00
  39838                   1.00   0.29  0.00  0.00  0.00  0.00  0.00  0.71  0.00  0.00
  39839                   1.00   0.29  0.71  0.00  0.00  0.00  0.00  0.00  0.00  0.00
  39840                   1.00   0.33  0.00  0.00  0.00  0.00  0.00  0.67  0.00  0.00
  39843                   1.00   0.47  0.53  0.00  0.00  0.00  0.00  0.00  0.00  0.00
  39850                   1.00   0.16  0.14  0.00  0.70  0.00  0.00  0.00  0.70  0.00
  39851                   1.00   0.16  0.00  0.00  0.67  0.00  0.00  0.16  0.00  0.00
  39852                   1.00   0.32  0.00  0.00  0.00  0.00  0.00  0.68  0.00  0.00
  39900                   1.00   0.01  0.00  0.00  0.97  0.00  0.00  0.01  0.97  0.00
  39927                   1.00   0.53  0.00  0.00  0.00  0.00  0.00  0.47  0.00  0.00
  39935                   1.00   1.00  0.00  0.00  0.00  0.00  0.00  0.00  0.00  0.00
  39939                   1.00   0.32  0.68  0.00  0.00  0.00  0.00  0.00  0.00  0.00
  39949                   1.00   0.27  0.73  0.00  0.00  0.00  0.00  0.00  0.00  0.00
  84461                   1.00   0.05  0.88  0.00  0.07  0.00  0.00  0.00  0.07  0.00
  84482                   1.00   0.02  0.34  0.00  0.64  0.00  0.00  0.00  0.64  0.00
  89830                   1.00   0.19  0.81  0.00  0.00  0.00  0.00  0.00  0.00  0.00
  89934                   1.00   0.26  0.74  0.00  0.00  0.00  0.00  0.00  0.00  0.00
  89939                   1.00   0.27  0.73  0.00  0.00  0.00  0.00  0.00  0.00  0.00
  92051                   1.00   0.10  0.16  0.00  0.74  0.00  0.00  0.00  0.74  0.00
  92061                   1.00   0.10  0.22  0.00  0.68  0.00  0.00  0.00  0.68  0.00
  92081                   1.00   0.16  0.84  0.00  0.00  0.00  0.00  0.00  0.00  0.00
  94001                   1.00   0.02  0.56  0.00  0.42  0.00  0.00  0.00  0.42  0.00
  94006                   1.00   0.02  0.53  0.00  0.45  0.00  0.00  0.00  0.45  0.00
  94011                   1.00   0.02  0.62  0.00  0.36  0.00  0.00  0.00  0.36  0.00
  94014                   1.00   0.12  0.26  0.00  0.62  0.00  0.00  0.00  0.62  0.00
  94015                   1.00   0.12  0.53  0.00  0.36  0.00  0.00  0.00  0.36  0.00
  94411                   1.00   0.02  0.26  0.00  0.72  0.00  0.00  0.00  0.72  0.00
  94421                   1.00   0.02  0.98  0.00  0.00  0.00  0.00  0.00  0.00  0.00
  99810                   1.00   0.02  0.00  0.00  0.00  0.98  0.00  0.00  0.98  0.00
  99831                   1.00   0.19  0.11  0.00  0.69  0.00  0.00  0.00  0.69  0.00
  
  
  *************************
  Conduit Surcharge Summary
  *************************
  
  ----------------------------------------------------------------------------
                                                           Hours        Hours 
                         --------- Hours Full --------   Above Full   Capacity
  Conduit                Both Ends  Upstream  Dnstream   Normal Flow   Limited
  ----------------------------------------------------------------------------
  32                          0.01      0.01      2.37      0.01         0.01
  2106                        0.01      0.01      4.79      0.01         0.01
  3112                        0.01      0.01     20.13      0.01         0.01
  11657                       0.01      0.01      2.10      0.01         0.01
  12052                       0.01      0.01     10.31      0.01         0.01
  14000                       0.01      0.01      0.05      0.01         0.01
  14410                       0.01      0.01      0.13      0.01         0.01
  14420                       0.01      0.01      0.01      0.02         0.01
  14430                       0.01      0.01      0.01      0.01         0.01
  14440                       0.01      0.01      0.01      0.02         0.01
  14450                       0.01      0.01      0.01      0.01         0.01
  14456                       0.01      0.01     14.85      0.01         0.01
  39810                       0.01      0.01      0.01      0.01         0.01
  94006                       0.01      0.01     10.78      0.01         0.01
  94011                       0.01      0.01      8.63      0.01         0.01
  99810                       0.01      0.01      0.02      0.01         0.01
  

  Analysis begun on:  Wed Jul 22 11:55:12 2026
  Analysis ended on:  Wed Jul 22 11:55:20 2026
  Total elapsed time: 00:00:08