
  EPA STORM WATER MANAGEMENT MODEL - VERSION 5.2 (Build 5.2.4)
  ------------------------------------------------------------

  Converted from XPSWMM .xp file 
  
  ****************
  Analysis Options
  ****************
  Flow Units ............... CMS
  Process Models:
    Rainfall/Runoff ........ NO
    RDII ................... NO
    Snowmelt ............... NO
    Groundwater ............ NO
    Flow Routing ........... YES
    Ponding Allowed ........ NO
    Water Quality .......... NO
  Flow Routing Method ...... DYNWAVE
  Surcharge Method ......... EXTRAN
  Starting Date ............ 01/01/2001 00:00:00
  Ending Date .............. 01/02/2001 00:00:00
  Antecedent Dry Days ...... 0.0
  Report Time Step ......... 00:15:00
  Routing Time Step ........ 20.00 sec
  Variable Time Step ....... YES
  Maximum Trials ........... 50
  Number of Threads ........ 1
  Head Tolerance ........... 0.001000 m
  
  
  **************************        Volume        Volume
  Flow Routing Continuity        hectare-m      10^6 ltr
  **************************     ---------     ---------
  Dry Weather Inflow .......         0.000         0.000
  Wet Weather Inflow .......         0.000         0.000
  Groundwater Inflow .......         0.000         0.000
  RDII Inflow ..............         0.000         0.000
  External Inflow ..........         0.259         2.592
  External Outflow .........         0.000         0.000
  Flooding Loss ............         0.186         1.863
  Evaporation Loss .........         0.000         0.000
  Exfiltration Loss ........         0.000         0.000
  Initial Stored Volume ....         0.000         0.001
  Final Stored Volume ......         0.042         0.420
  Continuity Error (%) .....        11.951
  
  
  *************************
  Highest Continuity Errors
  *************************
  Node O1 (25.09%)
  Node P7 (6.49%)
  Node P5 (5.24%)
  Node P6 (4.46%)
  Node P4 (2.40%)
  
  
  ***************************
  Time-Step Critical Elements
  ***************************
  Link LF6 (1.39%)
  
  
  ********************************
  Highest Flow Instability Indexes
  ********************************
  Link MH1 (141)
  Link LF1 (130)
  Link LF2 (129)
  Link LF3 (4)
  Link LF6 (4)
  
  
  *********************************
  Most Frequent Nonconverging Nodes
  *********************************
  Node O1 (92.65%)
  Node LOOUT (92.65%)
  Node P1 (92.60%)
  Node P2 (0.42%)
  Node P6 (0.09%)
  
  
  *************************
  Routing Time Step Summary
  *************************
  Minimum Time Step           :     1.05 sec
  Average Time Step           :    19.97 sec
  Maximum Time Step           :    20.00 sec
  % of Time in Steady State   :     0.00
  Average Iterations per Step :    46.68
  % of Steps Not Converging   :    92.65
  Time Step Frequencies       :
     20.000 -  9.564 sec      :    99.98 %
      9.564 -  4.573 sec      :     0.00 %
      4.573 -  2.187 sec      :     0.00 %
      2.187 -  1.046 sec      :     0.02 %
      1.046 -  0.500 sec      :     0.00 %
  
  
  ******************
  Node Depth Summary
  ******************
  
  ---------------------------------------------------------------------------------
                                 Average  Maximum  Maximum  Time of Max    Reported
                                   Depth    Depth      HGL   Occurrence   Max Depth
  Node                 Type       Meters   Meters   Meters  days hr:min      Meters
  ---------------------------------------------------------------------------------
  P1                   JUNCTION     1.28     1.38     6.38     0  04:46        1.38
  P2                   JUNCTION     1.16     1.35     4.22     0  04:49        1.35
  P3                   JUNCTION     1.20     1.43     4.16     0  07:11        1.42
  P4                   JUNCTION     1.26     1.53     4.16     0  07:11        1.52
  O1                   JUNCTION     2.28     2.38     6.38     0  04:40        2.38
  02                   JUNCTION     0.00     0.00     4.00     0  00:00        0.00
  O3                   JUNCTION     0.00     0.00     4.00     0  00:00        0.00
  O4                   JUNCTION     0.00     0.00     4.00     0  00:00        0.00
  O5                   JUNCTION     0.00     0.00     4.00     0  00:00        0.00
  P5                   JUNCTION     1.40     1.71     4.15     0  07:23        1.71
  O6                   JUNCTION     0.00     0.00     4.00     0  00:00        0.00
  P6                   JUNCTION     1.54     1.88     4.15     0  07:23        1.88
  O7                   JUNCTION     0.00     0.00     4.00     0  00:00        0.00
  P7                   JUNCTION     1.56     1.91     4.15     0  07:08        1.91
  O8                   JUNCTION     0.00     0.00     4.00     0  00:00        0.00
  P8                   JUNCTION     0.00     0.00     6.00     0  00:00        0.00
  P9                   JUNCTION     0.00     0.00    11.00     0  00:00        0.00
  O8A                  JUNCTION     0.00     0.00     4.00     0  00:00        0.00
  HIOUT                JUNCTION     0.00     0.00     6.00     0  00:00        0.00
  LOOUT                OUTFALL      0.00     0.00     2.90     0  00:00        0.00
  O9                   STORAGE      0.00     0.00    11.00     0  00:00        0.00
  
  
  *******************
  Node Inflow Summary
  *******************
  
  -------------------------------------------------------------------------------------------------
                                  Maximum  Maximum                  Lateral       Total        Flow
                                  Lateral    Total  Time of Max      Inflow      Inflow     Balance
                                   Inflow   Inflow   Occurrence      Volume      Volume       Error
  Node                 Type           CMS      CMS  days hr:min    10^6 ltr    10^6 ltr     Percent
  -------------------------------------------------------------------------------------------------
  P1                   JUNCTION     0.030    1.008     0  03:16        2.59        3.27       2.454
  P2                   JUNCTION     0.000    0.035     0  04:46           0        2.29       0.354
  P3                   JUNCTION     0.000    0.031     0  06:11           0        2.28       1.030
  P4                   JUNCTION     0.000    0.039     0  07:13           0        2.25       2.457
  O1                   JUNCTION     0.000    0.978     0  03:14           0       0.907      33.496
  02                   JUNCTION     0.000    0.000     0  00:00           0           0       0.000 ltr
  O3                   JUNCTION     0.000    0.000     0  00:00           0           0       0.000 ltr
  O4                   JUNCTION     0.000    0.000     0  00:00           0           0       0.000 ltr
  O5                   JUNCTION     0.000    0.000     0  00:00           0           0       0.000 ltr
  P5                   JUNCTION     0.000    0.044     0  07:14           0         2.2       5.527
  O6                   JUNCTION     0.000    0.000     0  00:00           0           0       0.000 ltr
  P6                   JUNCTION     0.000    0.050     0  07:14           0        2.09       4.669
  O7                   JUNCTION     0.000    0.000     0  00:00           0           0       0.000 ltr
  P7                   JUNCTION     0.000    0.050     0  07:14           0        1.99       6.943
  O8                   JUNCTION     0.000    0.000     0  00:00           0           0       0.000 ltr
  P8                   JUNCTION     0.000    0.000     0  00:00           0           0       0.000 ltr
  P9                   JUNCTION     0.000    0.000     0  00:00           0           0       0.000 ltr
  O8A                  JUNCTION     0.000    0.000     0  00:00           0           0       0.000 ltr
  HIOUT                JUNCTION     0.000    0.000     0  00:00           0           0       0.000 ltr
  LOOUT                OUTFALL      0.000    0.000     0  00:00           0           0       0.000 ltr
  O9                   STORAGE      0.000    0.000     0  00:00           0           0       0.000 ltr
  
  
  **********************
  Node Surcharge Summary
  **********************
  
  Surcharging occurs when water rises above the top of the highest conduit.
  ---------------------------------------------------------------------
                                               Max. Height   Min. Depth
                                   Hours       Above Crown    Below Rim
  Node                 Type      Surcharged         Meters       Meters
  ---------------------------------------------------------------------
  P7                   JUNCTION       16.86          0.000        0.000
  
  
  *********************
  Node Flooding Summary
  *********************
  
  Flooding refers to all water that overflows a node, whether it ponds or not.
  --------------------------------------------------------------------------
                                                             Total   Maximum
                                 Maximum   Time of Max       Flood    Ponded
                        Hours       Rate    Occurrence      Volume     Depth
  Node                 Flooded       CMS   days hr:min    10^6 ltr    Meters
  --------------------------------------------------------------------------
  P7                     16.86     0.050      0  07:14       1.863     0.000
  
  
  **********************
  Storage Volume Summary
  **********************
  
  ------------------------------------------------------------------------------------------------
                         Average    Avg   Evap  Exfil     Maximum    Max    Time of Max    Maximum
                          Volume   Pcnt   Pcnt   Pcnt      Volume   Pcnt     Occurrence    Outflow
  Storage Unit           1000 m³   Full   Loss   Loss     1000 m³   Full    days hr:min        CMS
  ------------------------------------------------------------------------------------------------
  O9                       0.000    0.0    0.0    0.0       0.000    0.0       0  00:00      0.000
  
  
  ***********************
  Outfall Loading Summary
  ***********************
  
  -----------------------------------------------------------
                         Flow       Avg       Max       Total
                         Freq      Flow      Flow      Volume
  Outfall Node           Pcnt       CMS       CMS    10^6 ltr
  -----------------------------------------------------------
  LOOUT                  0.00     0.000     0.000       0.000
  -----------------------------------------------------------
  System                 0.00     0.000     0.000       0.000
  
  
  ********************
  Link Flow Summary
  ********************
  
  -----------------------------------------------------------------------------
                                 Maximum  Time of Max   Maximum    Max/    Max/
                                  |Flow|   Occurrence   |Veloc|    Full    Full
  Link                 Type          CMS  days hr:min     m/sec    Flow   Depth
  -----------------------------------------------------------------------------
  LF1                  CONDUIT     0.035     0  04:46      3.97    0.01    0.07
  LF2                  CONDUIT     0.031     0  06:11      0.61    0.02    0.17
  LF3                  CONDUIT     0.039     0  07:13      0.63    0.02    0.33
  OC1                  CONDUIT     0.000     0  00:00      0.00    0.00    0.00
  OC2                  CONDUIT     0.000     0  00:00      0.00    0.00    0.00
  OC3                  CONDUIT     0.000     0  00:00      0.00    0.00    0.00
  OC4                  CONDUIT     0.000     0  00:00      0.00    0.00    0.00
  LF4                  CONDUIT     0.044     0  07:14      0.62    0.02    0.55
  OC5                  CONDUIT     0.000     0  00:00      0.00    0.00    0.00
  LF5                  CONDUIT     0.050     0  07:14      0.59    0.03    0.81
  OC6                  CONDUIT     0.000     0  00:00      0.00    0.00    0.00
  LF6                  CONDUIT     0.050     0  07:14      1.20    0.03    0.97
  OC7                  CONDUIT     0.000     0  00:00      0.00    0.00    0.00
  LF7                  CONDUIT     0.000     0  00:00      0.00    0.00    0.50
  LF8                  CONDUIT     0.000     0  00:00      0.00    0.00    0.00
  CULV                 CONDUIT     0.000     0  00:00      0.00    0.00    0.00
  OC8                  CONDUIT     0.000     0  00:00      0.00    0.00    0.00
  PIPE                 CONDUIT     0.000     0  00:00      0.00    0.00    0.00
  MH1                  ORIFICE     0.978     0  03:16                      0.85
  MH8                  ORIFICE     0.000     0  00:00                      0.00
  MH9                  ORIFICE     0.000     0  00:00                      0.00
  WEIR                 WEIR        0.000     0  00:00                      0.00
  
  
  ***************************
  Flow Classification Summary
  ***************************
  
  -------------------------------------------------------------------------------------
                      Adjusted    ---------- Fraction of Time in Flow Class ---------- 
                       /Actual         Up    Down  Sub   Sup   Up    Down  Norm  Inlet 
  Conduit               Length    Dry  Dry   Dry   Crit  Crit  Crit  Crit  Ltd   Ctrl  
  -------------------------------------------------------------------------------------
  LF1                     1.00   0.13  0.00  0.00  0.43  0.43  0.00  0.00  0.86  0.00
  LF2                     1.00   0.14  0.00  0.00  0.86  0.00  0.00  0.00  0.75  0.00
  LF3                     1.00   0.14  0.00  0.00  0.86  0.00  0.00  0.01  0.11  0.00
  OC1                     1.00   1.00  0.00  0.00  0.00  0.00  0.00  0.00  0.00  0.00
  OC2                     1.00   1.00  0.00  0.00  0.00  0.00  0.00  0.00  0.00  0.00
  OC3                     1.00   1.00  0.00  0.00  0.00  0.00  0.00  0.00  0.00  0.00
  OC4                     1.00   1.00  0.00  0.00  0.00  0.00  0.00  0.00  0.00  0.00
  LF4                     1.00   0.14  0.00  0.00  0.85  0.00  0.00  0.01  0.05  0.00
  OC5                     1.00   1.00  0.00  0.00  0.00  0.00  0.00  0.00  0.00  0.00
  LF5                     1.00   0.14  0.00  0.00  0.85  0.00  0.00  0.00  0.02  0.00
  OC6                     1.00   1.00  0.00  0.00  0.00  0.00  0.00  0.00  0.00  0.00
  LF6                     1.00   0.15  0.00  0.00  0.85  0.00  0.00  0.00  0.00  0.00
  OC7                     1.00   1.00  0.00  0.00  0.00  0.00  0.00  0.00  0.00  0.00
  LF7                     1.00   0.15  0.85  0.00  0.00  0.00  0.00  0.00  0.00  0.00
  LF8                     1.00   1.00  0.00  0.00  0.00  0.00  0.00  0.00  0.00  0.00
  CULV                    1.00   1.00  0.00  0.00  0.00  0.00  0.00  0.00  0.00  0.00
  OC8                     1.00   1.00  0.00  0.00  0.00  0.00  0.00  0.00  0.00  0.00
  PIPE                    1.00   1.00  0.00  0.00  0.00  0.00  0.00  0.00  0.00  0.00
  
  
  *************************
  Conduit Surcharge Summary
  *************************
  
  ----------------------------------------------------------------------------
                                                           Hours        Hours 
                         --------- Hours Full --------   Above Full   Capacity
  Conduit                Both Ends  Upstream  Dnstream   Normal Flow   Limited
  ----------------------------------------------------------------------------
  LF6                         0.01      0.01     16.86      0.01         0.01
  

  Analysis begun on:  Wed Jul 22 11:56:44 2026
  Analysis ended on:  Wed Jul 22 11:56:44 2026
  Total elapsed time: < 1 sec