
  EPA STORM WATER MANAGEMENT MODEL - VERSION 5.2 (Build 5.2.4)
  ------------------------------------------------------------

  LAKE CITY DRAINAGE BASIN - EXISTING CONDITION 1992 
  
  ****************
  Analysis Options
  ****************
  Flow Units ............... CFS
  Process Models:
    Rainfall/Runoff ........ NO
    RDII ................... NO
    Snowmelt ............... NO
    Groundwater ............ NO
    Flow Routing ........... YES
    Ponding Allowed ........ NO
    Water Quality .......... NO
  Flow Routing Method ...... DYNWAVE
  Surcharge Method ......... EXTRAN
  Starting Date ............ 01/01/2001 00:00:00
  Ending Date .............. 01/02/2001 00:00:00
  Antecedent Dry Days ...... 0.0
  Report Time Step ......... 00:15:00
  Routing Time Step ........ 30.00 sec
  Variable Time Step ....... YES
  Maximum Trials ........... 50
  Number of Threads ........ 1
  Head Tolerance ........... 0.005000 ft
  
  
  **************************        Volume        Volume
  Flow Routing Continuity        acre-feet      10^6 gal
  **************************     ---------     ---------
  Dry Weather Inflow .......         0.000         0.000
  Wet Weather Inflow .......         0.000         0.000
  Groundwater Inflow .......         0.000         0.000
  RDII Inflow ..............         0.000         0.000
  External Inflow ..........         5.950         1.939
  External Outflow .........         0.000         0.000
  Flooding Loss ............         5.315         1.732
  Evaporation Loss .........         0.000         0.000
  Exfiltration Loss ........         0.000         0.000
  Initial Stored Volume ....         0.000         0.000
  Final Stored Volume ......         0.478         0.156
  Continuity Error (%) .....         2.631
  
  
  *************************
  Highest Continuity Errors
  *************************
  Node 695 (-8.94%)
  Node 675 (3.31%)
  Node 585 (2.96%)
  Node 595 (2.95%)
  Node 645 (2.93%)
  
  
  ***************************
  Time-Step Critical Elements
  ***************************
  Link 670 (71.78%)
  Link 690 (27.51%)
  
  
  ********************************
  Highest Flow Instability Indexes
  ********************************
  All links are stable.
  
  
  *********************************
  Most Frequent Nonconverging Nodes
  *********************************
  Node 6550 (0.32%)
  Node 700 (0.12%)
  Node 695 (0.12%)
  Node 735 (0.05%)
  Node 475 (0.02%)
  
  
  *************************
  Routing Time Step Summary
  *************************
  Minimum Time Step           :     1.02 sec
  Average Time Step           :     5.20 sec
  Maximum Time Step           :    30.00 sec
  % of Time in Steady State   :     0.00
  Average Iterations per Step :     2.18
  % of Steps Not Converging   :     0.32
  Time Step Frequencies       :
     30.000 - 13.228 sec      :     0.69 %
     13.228 -  5.833 sec      :    27.26 %
      5.833 -  2.572 sec      :    72.03 %
      2.572 -  1.134 sec      :     0.01 %
      1.134 -  0.500 sec      :     0.01 %
  
  
  ******************
  Node Depth Summary
  ******************
  
  ---------------------------------------------------------------------------------
                                 Average  Maximum  Maximum  Time of Max    Reported
                                   Depth    Depth      HGL   Occurrence   Max Depth
  Node                 Type         Feet     Feet     Feet  days hr:min        Feet
  ---------------------------------------------------------------------------------
  495                  JUNCTION   153.21   161.99   330.89     0  03:25      161.99
  5050                 JUNCTION     0.00     0.00   170.40     0  00:00        0.00
  5750                 JUNCTION     0.00     0.00   170.30     0  00:00        0.00
  8130                 JUNCTION     0.00     0.00   170.00     0  00:00        0.00
  8090                 JUNCTION     0.00     0.00   169.00     0  00:00        0.00
  6050                 JUNCTION     0.00     0.00   155.20     0  00:00        0.00
  6250                 JUNCTION     0.00     0.00   154.00     0  00:00        0.00
  6350                 JUNCTION     0.00     0.00   152.20     0  00:00        0.00
  6450                 JUNCTION     0.00     0.00   150.10     0  00:00        0.00
  465                  JUNCTION   185.37   185.82   379.02     0  01:36      185.82
  475                  JUNCTION   181.88   184.09   375.59     0  02:14      184.09
  485                  JUNCTION   162.29   167.88   343.38     0  02:31      167.88
  505                  JUNCTION   149.10   161.17   329.27     0  03:25      161.17
  515                  JUNCTION   145.46   160.74   328.74     0  04:15      160.74
  565                  JUNCTION   141.86   160.30   328.20     0  04:20      160.30
  575                  JUNCTION   138.17   159.70   326.80     0  05:26      159.70
  585                  JUNCTION   134.61   159.22   324.92     0  05:41      159.22
  595                  JUNCTION   130.13   157.69   323.19     0  05:56      157.64
  605                  JUNCTION   123.53   153.34   313.84     0  06:28      153.23
  625                  JUNCTION   114.96   145.30   300.80     0  07:43      145.30
  635                  JUNCTION   109.77   141.87   294.37     0  07:51      141.87
  645                  JUNCTION   104.13   137.65   288.15     0  07:53      137.65
  655                  JUNCTION    99.57   134.68   275.18     0  08:20      134.63
  665                  JUNCTION    86.74   119.63   254.63     0  08:54      119.63
  675                  JUNCTION    82.59   116.64   241.64     0  10:48      116.64
  679                  JUNCTION    68.63   100.10   224.10     0  09:52      100.10
  685                  JUNCTION    55.37    83.20   173.70     0  13:17       83.20
  695                  JUNCTION    72.79    79.50   160.00     0  00:36       73.04
  725                  JUNCTION    83.59    83.95   175.45     0  00:18       83.68
  735                  JUNCTION    78.86    79.21   169.91     0  00:57       79.17
  705                  JUNCTION    74.77    75.00   150.50     0  00:24       75.00
  700                  JUNCTION    78.17    81.20   159.40     0  00:37       78.37
  6550                 OUTFALL      0.00     0.00   150.00     0  00:00        0.00
  5950                 STORAGE      0.00     0.00   168.50     0  00:00        0.00
  
  
  *******************
  Node Inflow Summary
  *******************
  
  -------------------------------------------------------------------------------------------------
                                  Maximum  Maximum                  Lateral       Total        Flow
                                  Lateral    Total  Time of Max      Inflow      Inflow     Balance
                                   Inflow   Inflow   Occurrence      Volume      Volume       Error
  Node                 Type           CFS      CFS  days hr:min    10^6 gal    10^6 gal     Percent
  -------------------------------------------------------------------------------------------------
  495                  JUNCTION      0.00     3.40     0  01:56           0       0.593       2.736
  5050                 JUNCTION      0.00     0.00     0  00:00           0           0       0.000 gal
  5750                 JUNCTION      0.00     0.00     0  00:00           0           0       0.000 gal
  8130                 JUNCTION      0.00     0.00     0  00:00           0           0       0.000 gal
  8090                 JUNCTION      0.00     0.00     0  00:00           0           0       0.000 gal
  6050                 JUNCTION      0.00     0.00     0  00:00           0           0       0.000 gal
  6250                 JUNCTION      0.00     0.00     0  00:00           0           0       0.000 gal
  6350                 JUNCTION      0.00     0.00     0  00:00           0           0       0.000 gal
  6450                 JUNCTION      0.00     0.00     0  00:00           0           0       0.000 gal
  465                  JUNCTION      1.00     1.00     0  00:00       0.646       0.646       2.993
  475                  JUNCTION      0.00     1.47     0  00:39           0       0.627       2.918
  485                  JUNCTION      0.00     1.00     0  01:57           0        0.61       2.743
  505                  JUNCTION      0.00     1.00     0  03:06           0       0.578       2.756
  515                  JUNCTION      0.00     1.00     0  03:25           0       0.562       2.788
  565                  JUNCTION      0.00     1.00     0  04:15           0       0.547       2.861
  575                  JUNCTION      0.00     1.00     0  04:49           0       0.532       2.931
  585                  JUNCTION      0.00     1.00     0  05:22           0       0.517       3.049
  595                  JUNCTION      0.00     1.00     0  05:41           0       0.501       3.041
  605                  JUNCTION      0.00     2.45     0  05:56           0       0.486       2.446
  625                  JUNCTION      0.00     7.32     0  06:28           0       0.475       3.005
  635                  JUNCTION      0.00     1.28     0  06:52           0       0.461       2.993
  645                  JUNCTION      0.00     1.31     0  07:22           0       0.448       3.023
  655                  JUNCTION      0.00     1.05     0  07:53           0       0.434       2.754
  665                  JUNCTION      0.00     2.23     0  08:20           0       0.423       2.750
  675                  JUNCTION      0.00     1.18     0  08:43           0       0.411       3.420
  679                  JUNCTION      0.00     1.00     0  10:49           0       0.398       2.567
  685                  JUNCTION      0.00     1.00     0  09:52           0       0.388       0.000
  695                  JUNCTION      0.00   124.14     0  00:36           0        1.33      -8.204
  725                  JUNCTION      1.00     1.00     0  00:00       0.646       0.646       0.369
  735                  JUNCTION      0.00    24.61     0  00:18           0       0.644      -2.775
  705                  JUNCTION      0.00   198.87     0  00:37           0        1.42       0.000
  700                  JUNCTION      1.00    61.49     0  00:37       0.646       0.663      -1.964
  6550                 OUTFALL       0.00     0.00     0  00:00           0           0       0.000 gal
  5950                 STORAGE       0.00     0.00     0  00:00           0           0       0.000 gal
  
  
  **********************
  Node Surcharge Summary
  **********************
  
  Surcharging occurs when water rises above the top of the highest conduit.
  ---------------------------------------------------------------------
                                               Max. Height   Min. Depth
                                   Hours       Above Crown    Below Rim
  Node                 Type      Surcharged           Feet         Feet
  ---------------------------------------------------------------------
  685                  JUNCTION       10.72          0.000        0.000
  695                  JUNCTION        0.01          0.000        0.000
  705                  JUNCTION       23.60          0.000        0.000
  700                  JUNCTION        0.01          0.000        0.000
  
  
  *********************
  Node Flooding Summary
  *********************
  
  Flooding refers to all water that overflows a node, whether it ponds or not.
  --------------------------------------------------------------------------
                                                             Total   Maximum
                                 Maximum   Time of Max       Flood    Ponded
                        Hours       Rate    Occurrence      Volume     Depth
  Node                 Flooded       CFS   days hr:min    10^6 gal      Feet
  --------------------------------------------------------------------------
  685                    10.72      1.00      0  13:17       0.289     0.000
  695                     0.01     62.07      0  00:36       0.014     0.000
  705                    23.42    198.73      0  00:37       1.419     0.000
  700                     0.01     59.70      0  00:37       0.009     0.000
  
  
  **********************
  Storage Volume Summary
  **********************
  
  ------------------------------------------------------------------------------------------------
                         Average    Avg   Evap  Exfil     Maximum    Max    Time of Max    Maximum
                          Volume   Pcnt   Pcnt   Pcnt      Volume   Pcnt     Occurrence    Outflow
  Storage Unit          1000 ft³   Full   Loss   Loss    1000 ft³   Full    days hr:min        CFS
  ------------------------------------------------------------------------------------------------
  5950                     0.000    0.0    0.0    0.0       0.000    0.0       0  00:00       0.00
  
  
  ***********************
  Outfall Loading Summary
  ***********************
  
  -----------------------------------------------------------
                         Flow       Avg       Max       Total
                         Freq      Flow      Flow      Volume
  Outfall Node           Pcnt       CFS       CFS    10^6 gal
  -----------------------------------------------------------
  6550                   0.00      0.00      0.00       0.000
  -----------------------------------------------------------
  System                 0.00      0.00      0.00       0.000
  
  
  ********************
  Link Flow Summary
  ********************
  
  -----------------------------------------------------------------------------
                                 Maximum  Time of Max   Maximum    Max/    Max/
                                  |Flow|   Occurrence   |Veloc|    Full    Full
  Link                 Type          CFS  days hr:min    ft/sec    Flow   Depth
  -----------------------------------------------------------------------------
  5100                 CONDUIT      0.00     0  00:00      0.00    0.00    0.02
  5120                 CONDUIT      0.00     0  00:00      0.00    0.00    0.00
  5320                 CONDUIT      0.00     0  00:00      0.00    0.00    0.00
  8100                 CONDUIT      0.00     0  00:00      0.00    0.00    0.00
  8080                 CONDUIT      0.00     0  00:00      0.00    0.00    0.00
  6000                 CONDUIT      0.00     0  00:00      0.00    0.00    0.00
  6200                 CONDUIT      0.00     0  00:00      0.00    0.00    0.00
  6300                 CONDUIT      0.00     0  00:00      0.00    0.00    0.00
  6400                 CONDUIT      0.00     0  00:00      0.00    0.00    0.00
  6500                 CONDUIT      0.00     0  00:00      0.00    0.00    0.00
  480                  CONDUIT      1.47     0  00:39      3.59    0.08    0.19
  490                  CONDUIT      1.00     0  01:57      5.97    0.01    0.08
  500                  CONDUIT      3.40     0  01:56      8.41    0.00    0.03
  510                  CONDUIT      1.00     0  03:06      4.45    0.00    0.06
  520                  CONDUIT      1.00     0  03:25      2.53    0.01    0.05
  530                  CONDUIT      1.00     0  04:15      3.66    0.00    0.05
  570                  CONDUIT      1.00     0  04:49      3.92    0.00    0.04
  580                  CONDUIT      1.00     0  05:22      4.56    0.00    0.04
  590                  CONDUIT      1.00     0  05:41      3.15    0.00    0.05
  600                  CONDUIT      2.45     0  05:56      9.43    0.00    0.04
  620                  CONDUIT      7.32     0  06:28      3.78    0.01    0.05
  630                  CONDUIT      1.28     0  06:52      7.86    0.03    0.10
  640                  CONDUIT      1.31     0  07:22      2.03    0.00    0.03
  650                  CONDUIT      1.05     0  07:53      8.44    0.01    0.07
  660                  CONDUIT      2.23     0  08:20      2.75    0.00    0.04
  670                  CONDUIT      1.18     0  08:43     11.00    0.01    0.06
  680                  CONDUIT      1.00     0  10:49      2.09    0.00    0.03
  6802                 CONDUIT      1.00     0  09:52      2.53    0.00    0.51
  690                  CONDUIT    114.69     0  00:37    >50.00    0.73    1.00
  720                  CONDUIT     24.61     0  00:18      9.30    0.06    0.12
  730                  CONDUIT    124.14     0  00:36    >50.00    0.19    0.50
  710                  CONDUIT    198.87     0  00:37     14.01    1.23    1.00
  
  
  ***************************
  Flow Classification Summary
  ***************************
  
  -------------------------------------------------------------------------------------
                      Adjusted    ---------- Fraction of Time in Flow Class ---------- 
                       /Actual         Up    Down  Sub   Sup   Up    Down  Norm  Inlet 
  Conduit               Length    Dry  Dry   Dry   Crit  Crit  Crit  Crit  Ltd   Ctrl  
  -------------------------------------------------------------------------------------
  5100                    1.00   0.11  0.89  0.00  0.00  0.00  0.00  0.00  0.00  0.00
  5120                    1.00   1.00  0.00  0.00  0.00  0.00  0.00  0.00  0.00  0.00
  5320                    1.00   1.00  0.00  0.00  0.00  0.00  0.00  0.00  0.00  0.00
  8100                    1.00   1.00  0.00  0.00  0.00  0.00  0.00  0.00  0.00  0.00
  8080                    1.00   1.00  0.00  0.00  0.00  0.00  0.00  0.00  0.00  0.00
  6000                    1.00   1.00  0.00  0.00  0.00  0.00  0.00  0.00  0.00  0.00
  6200                    1.00   1.00  0.00  0.00  0.00  0.00  0.00  0.00  0.00  0.00
  6300                    1.00   1.00  0.00  0.00  0.00  0.00  0.00  0.00  0.00  0.00
  6400                    1.00   1.00  0.00  0.00  0.00  0.00  0.00  0.00  0.00  0.00
  6500                    1.00   1.00  0.00  0.00  0.00  0.00  0.00  0.00  0.00  0.00
  480                     1.00   0.03  0.00  0.00  0.00  0.00  0.00  0.97  0.00  0.00
  490                     1.00   0.06  0.00  0.00  0.00  0.00  0.00  0.94  0.00  0.00
  500                     1.00   0.08  0.00  0.00  0.89  0.00  0.00  0.02  0.89  0.00
  510                     1.00   0.11  0.00  0.00  0.00  0.87  0.00  0.02  0.87  0.00
  520                     1.00   0.13  0.00  0.00  0.00  0.00  0.00  0.87  0.00  0.00
  530                     1.00   0.15  0.00  0.00  0.00  0.00  0.00  0.85  0.00  0.00
  570                     1.00   0.18  0.00  0.00  0.00  0.80  0.00  0.02  0.80  0.00
  580                     1.00   0.20  0.00  0.00  0.00  0.78  0.00  0.02  0.78  0.00
  590                     1.00   0.22  0.00  0.00  0.00  0.00  0.00  0.78  0.00  0.00
  600                     1.00   0.25  0.00  0.00  0.00  0.00  0.00  0.75  0.00  0.00
  620                     1.00   0.27  0.00  0.00  0.71  0.00  0.00  0.02  0.71  0.00
  630                     1.00   0.29  0.00  0.00  0.00  0.00  0.00  0.71  0.00  0.00
  640                     1.00   0.31  0.00  0.00  0.67  0.00  0.00  0.02  0.00  0.00
  650                     1.00   0.33  0.00  0.00  0.00  0.00  0.00  0.67  0.00  0.00
  660                     1.00   0.35  0.00  0.00  0.64  0.00  0.00  0.02  0.64  0.00
  670                     1.00   0.36  0.00  0.00  0.00  0.61  0.00  0.03  0.61  0.00
  680                     1.00   0.38  0.00  0.00  0.00  0.00  0.00  0.62  0.00  0.00
  6802                    1.00   0.40  0.00  0.00  0.59  0.00  0.00  0.01  0.59  0.00
  690                     1.00   0.02  0.01  0.00  0.00  0.96  0.00  0.00  0.96  0.00
  720                     1.00   0.01  0.00  0.00  0.00  0.00  0.00  0.99  0.00  0.00
  730                     1.00   0.02  0.01  0.00  0.96  0.00  0.00  0.00  0.96  0.00
  710                     1.00   0.02  0.01  0.00  0.97  0.00  0.00  0.00  0.97  0.00
  
  
  *************************
  Conduit Surcharge Summary
  *************************
  
  ----------------------------------------------------------------------------
                                                           Hours        Hours 
                         --------- Hours Full --------   Above Full   Capacity
  Conduit                Both Ends  Upstream  Dnstream   Normal Flow   Limited
  ----------------------------------------------------------------------------
  6802                        0.01      0.01     10.72      0.01         0.01
  690                         0.01      0.05      0.32      0.01         0.01
  710                         0.16      0.32     23.52      0.02         0.02
  

  Analysis begun on:  Wed Jul 22 11:56:47 2026
  Analysis ended on:  Wed Jul 22 11:56:48 2026
  Total elapsed time: 00:00:01