
  EPA STORM WATER MANAGEMENT MODEL - VERSION 5.2 (Build 5.2.4)
  ------------------------------------------------------------

  Converted from XPSWMM .xp file 
  
  ****************
  Analysis Options
  ****************
  Flow Units ............... CMS
  Process Models:
    Rainfall/Runoff ........ NO
    RDII ................... NO
    Snowmelt ............... NO
    Groundwater ............ NO
    Flow Routing ........... YES
    Ponding Allowed ........ NO
    Water Quality .......... NO
  Flow Routing Method ...... DYNWAVE
  Surcharge Method ......... EXTRAN
  Starting Date ............ 01/01/2001 00:00:00
  Ending Date .............. 01/02/2001 00:00:00
  Antecedent Dry Days ...... 0.0
  Report Time Step ......... 00:15:00
  Routing Time Step ........ 30.00 sec
  Variable Time Step ....... YES
  Maximum Trials ........... 50
  Number of Threads ........ 1
  Head Tolerance ........... 0.001000 m
  
  
  **************************        Volume        Volume
  Flow Routing Continuity        hectare-m      10^6 ltr
  **************************     ---------     ---------
  Dry Weather Inflow .......         0.000         0.000
  Wet Weather Inflow .......         0.000         0.000
  Groundwater Inflow .......         0.000         0.000
  RDII Inflow ..............         0.000         0.000
  External Inflow ..........         0.778         7.775
  External Outflow .........         0.000         0.000
  Flooding Loss ............         0.658         6.580
  Evaporation Loss .........         0.000         0.000
  Exfiltration Loss ........         0.000         0.000
  Initial Stored Volume ....         0.010         0.100
  Final Stored Volume ......         0.100         1.004
  Continuity Error (%) .....         3.706
  
  
  ***************************
  Time-Step Critical Elements
  ***************************
  Link 205 (96.54%)
  
  
  ********************************
  Highest Flow Instability Indexes
  ********************************
  All links are stable.
  
  
  *********************************
  Most Frequent Nonconverging Nodes
  *********************************
  Convergence obtained at all time steps.
  
  
  *************************
  Routing Time Step Summary
  *************************
  Minimum Time Step           :    11.91 sec
  Average Time Step           :    21.35 sec
  Maximum Time Step           :    30.00 sec
  % of Time in Steady State   :     0.00
  Average Iterations per Step :     2.07
  % of Steps Not Converging   :     0.12
  Time Step Frequencies       :
     30.000 - 13.228 sec      :    99.93 %
     13.228 -  5.833 sec      :     0.07 %
      5.833 -  2.572 sec      :     0.00 %
      2.572 -  1.134 sec      :     0.00 %
      1.134 -  0.500 sec      :     0.00 %
  
  
  ******************
  Node Depth Summary
  ******************
  
  ---------------------------------------------------------------------------------
                                 Average  Maximum  Maximum  Time of Max    Reported
                                   Depth    Depth      HGL   Occurrence   Max Depth
  Node                 Type       Meters   Meters   Meters  days hr:min      Meters
  ---------------------------------------------------------------------------------
  Inlet1               JUNCTION    98.44   100.24   210.24     0  01:09      100.05
  Inlet2               JUNCTION    98.44   100.24   210.24     0  01:09      100.05
  Mid                  JUNCTION     0.00     0.00   110.00     0  00:00        0.00
  Inlet3               JUNCTION    98.44   100.24   210.24     0  01:09      100.05
  Outfal               OUTFALL      0.00     0.00   110.00     0  00:00        0.00
  Conflu               STORAGE      9.25    10.00   120.00     0  03:41       10.00
  
  
  *******************
  Node Inflow Summary
  *******************
  
  -------------------------------------------------------------------------------------------------
                                  Maximum  Maximum                  Lateral       Total        Flow
                                  Lateral    Total  Time of Max      Inflow      Inflow     Balance
                                   Inflow   Inflow   Occurrence      Volume      Volume       Error
  Node                 Type           CMS      CMS  days hr:min    10^6 ltr    10^6 ltr     Percent
  -------------------------------------------------------------------------------------------------
  Inlet1               JUNCTION     0.030    0.030     0  00:00        2.59        2.59       4.030
  Inlet2               JUNCTION     0.030    0.030     0  00:00        2.59        2.59       4.030
  Mid                  JUNCTION     0.000    0.000     0  00:00           0           0       0.000 ltr
  Inlet3               JUNCTION     0.030    0.030     0  00:00        2.59        2.59       4.030
  Outfal               OUTFALL      0.000    0.000     0  00:00           0           0       0.000 ltr
  Conflu               STORAGE      0.000    1.190     0  01:05           0        7.57      -0.074
  
  
  **********************
  Node Surcharge Summary
  **********************
  
  No nodes were surcharged.
  
  
  *********************
  Node Flooding Summary
  *********************
  
  Flooding refers to all water that overflows a node, whether it ponds or not.
  --------------------------------------------------------------------------
                                                             Total   Maximum
                                 Maximum   Time of Max       Flood    Ponded
                        Hours       Rate    Occurrence      Volume     Depth
  Node                 Flooded       CMS   days hr:min    10^6 ltr    Meters
  --------------------------------------------------------------------------
  Conflu                 20.31     0.090      1  00:00       6.581     0.000
  
  
  **********************
  Storage Volume Summary
  **********************
  
  ------------------------------------------------------------------------------------------------
                         Average    Avg   Evap  Exfil     Maximum    Max    Time of Max    Maximum
                          Volume   Pcnt   Pcnt   Pcnt      Volume   Pcnt     Occurrence    Outflow
  Storage Unit           1000 m³   Full   Loss   Loss     1000 m³   Full    days hr:min        CMS
  ------------------------------------------------------------------------------------------------
  Conflu                   0.925   92.5    0.0    0.0       1.000  100.0       0  03:41      0.000
  
  
  ***********************
  Outfall Loading Summary
  ***********************
  
  -----------------------------------------------------------
                         Flow       Avg       Max       Total
                         Freq      Flow      Flow      Volume
  Outfall Node           Pcnt       CMS       CMS    10^6 ltr
  -----------------------------------------------------------
  Outfal                 0.00     0.000     0.000       0.000
  -----------------------------------------------------------
  System                 0.00     0.000     0.000       0.000
  
  
  ********************
  Link Flow Summary
  ********************
  
  -----------------------------------------------------------------------------
                                 Maximum  Time of Max   Maximum    Max/    Max/
                                  |Flow|   Occurrence   |Veloc|    Full    Full
  Link                 Type          CMS  days hr:min     m/sec    Flow   Depth
  -----------------------------------------------------------------------------
  205                  CONDUIT     0.397     0  01:05      3.37    0.01    0.06
  MIDCON               CONDUIT     0.000     0  00:00      0.00    0.00    0.00
  207                  CONDUIT     0.397     0  01:05      3.37    0.01    0.06
  209                  CONDUIT     0.397     0  01:05      3.37    0.01    0.06
  ENDCON               CONDUIT     0.000     0  00:00      0.00    0.00    0.00
  
  
  ***************************
  Flow Classification Summary
  ***************************
  
  -------------------------------------------------------------------------------------
                      Adjusted    ---------- Fraction of Time in Flow Class ---------- 
                       /Actual         Up    Down  Sub   Sup   Up    Down  Norm  Inlet 
  Conduit               Length    Dry  Dry   Dry   Crit  Crit  Crit  Crit  Ltd   Ctrl  
  -------------------------------------------------------------------------------------
  205                     1.00   0.05  0.00  0.00  0.00  0.00  0.00  0.95  0.00  0.00
  MIDCON                  1.00   1.00  0.00  0.00  0.00  0.00  0.00  0.00  0.00  0.00
  207                     1.00   0.05  0.00  0.00  0.00  0.00  0.00  0.95  0.00  0.00
  209                     1.00   0.05  0.00  0.00  0.00  0.00  0.00  0.95  0.00  0.00
  ENDCON                  1.00   1.00  0.00  0.00  0.00  0.00  0.00  0.00  0.00  0.00
  
  
  *************************
  Conduit Surcharge Summary
  *************************
  
  No conduits were surcharged.
  

  Analysis begun on:  Wed Jul 22 11:56:48 2026
  Analysis ended on:  Wed Jul 22 11:56:48 2026
  Total elapsed time: < 1 sec