
  EPA STORM WATER MANAGEMENT MODEL - VERSION 5.2 (Build 5.2.4)
  ------------------------------------------------------------

  Cole Street Area 5 Year Storm 
  
  ****************
  Analysis Options
  ****************
  Flow Units ............... CFS
  Process Models:
    Rainfall/Runoff ........ NO
    RDII ................... NO
    Snowmelt ............... NO
    Groundwater ............ NO
    Flow Routing ........... YES
    Ponding Allowed ........ NO
    Water Quality .......... NO
  Flow Routing Method ...... DYNWAVE
  Surcharge Method ......... EXTRAN
  Starting Date ............ 01/01/2001 00:00:00
  Ending Date .............. 01/02/2001 00:00:00
  Antecedent Dry Days ...... 0.0
  Report Time Step ......... 00:15:00
  Routing Time Step ........ 60.00 sec
  Variable Time Step ....... YES
  Maximum Trials ........... 8
  Number of Threads ........ 1
  Head Tolerance ........... 0.003300 ft
  
  
  **************************        Volume        Volume
  Flow Routing Continuity        acre-feet      10^6 gal
  **************************     ---------     ---------
  Dry Weather Inflow .......         0.000         0.000
  Wet Weather Inflow .......         0.000         0.000
  Groundwater Inflow .......         0.000         0.000
  RDII Inflow ..............         0.000         0.000
  External Inflow ..........         0.377         0.123
  External Outflow .........         0.093         0.030
  Flooding Loss ............         0.013         0.004
  Evaporation Loss .........         0.000         0.000
  Exfiltration Loss ........         0.000         0.000
  Initial Stored Volume ....         0.000         0.000
  Final Stored Volume ......         0.006         0.002
  Continuity Error (%) .....        70.142
  
  
  *************************
  Highest Continuity Errors
  *************************
  Node CS080 (100.00%)
  Node CS132 (100.00%)
  Node CS081 (84.69%)
  Node CS082 (76.70%)
  Node CS250 (50.75%)
  
  
  ***************************
  Time-Step Critical Elements
  ***************************
  Link OFCS088 (75.85%)
  Link CS002CS001 (15.97%)
  Link CS003CS002 (5.81%)
  
  
  ********************************
  Highest Flow Instability Indexes
  ********************************
  All links are stable.
  
  
  *********************************
  Most Frequent Nonconverging Nodes
  *********************************
  Node Basin (0.02%)
  Node CS003 (0.01%)
  Node PS (0.01%)
  Node CS002 (0.01%)
  
  
  *************************
  Routing Time Step Summary
  *************************
  Minimum Time Step           :     1.43 sec
  Average Time Step           :     9.20 sec
  Maximum Time Step           :    60.00 sec
  % of Time in Steady State   :     0.00
  Average Iterations per Step :     2.00
  % of Steps Not Converging   :     0.02
  Time Step Frequencies       :
     60.000 - 23.031 sec      :     8.05 %
     23.031 -  8.841 sec      :     0.14 %
      8.841 -  3.393 sec      :    91.80 %
      3.393 -  1.303 sec      :     0.01 %
      1.303 -  0.500 sec      :     0.00 %
  
  
  ******************
  Node Depth Summary
  ******************
  
  ---------------------------------------------------------------------------------
                                 Average  Maximum  Maximum  Time of Max    Reported
                                   Depth    Depth      HGL   Occurrence   Max Depth
  Node                 Type         Feet     Feet     Feet  days hr:min        Feet
  ---------------------------------------------------------------------------------
  CS002                JUNCTION    89.16    94.08   198.08     0  07:19       94.08
  CS003                JUNCTION    93.20    94.36   198.60     0  03:41       94.32
  CS004                JUNCTION     0.00     0.00   105.80     0  00:00        0.00
  CS005                JUNCTION     0.00     0.00   106.82     0  00:00        0.00
  CS006                JUNCTION     0.00     0.00   108.23     0  00:00        0.00
  CS007                JUNCTION     0.00     0.00   104.00     0  00:00        0.00
  CS008                JUNCTION     0.00     0.00   104.00     0  00:00        0.00
  CS020                JUNCTION     0.00     0.00   108.00     0  00:00        0.00
  CS021                JUNCTION     0.00     0.00   110.00     0  00:00        0.00
  CS022                JUNCTION     0.00     0.00   113.00     0  00:00        0.00
  CS050                JUNCTION     0.00     0.00   110.00     0  00:00        0.00
  CS051                JUNCTION     0.00     0.00   108.49     0  00:00        0.00
  CS052                JUNCTION     0.00     0.00   109.77     0  00:00        0.00
  CS053                JUNCTION     0.00     0.00   111.07     0  00:00        0.00
  CS054                JUNCTION     0.00     0.00   112.28     0  00:00        0.00
  CS055                JUNCTION     0.00     0.00   112.59     0  00:00        0.00
  CS056                JUNCTION     0.00     0.00   113.14     0  00:00        0.00
  CS070                JUNCTION     0.00     0.00   114.00     0  00:00        0.00
  CS071                JUNCTION     0.00     0.00   114.00     0  00:00        0.00
  CS072                JUNCTION     0.00     0.00   114.00     0  00:00        0.00
  CS073                JUNCTION     0.00     0.00   114.00     0  00:00        0.00
  CS074                JUNCTION     0.00     0.00   114.00     0  00:00        0.00
  CS080                JUNCTION     0.91    20.46   133.46     1  00:00       20.46
  CS081                JUNCTION    38.08   102.67   214.67     1  00:00      102.67
  CS082                JUNCTION    80.14   104.91   220.91     0  20:14      104.91
  CS083                JUNCTION     0.00     0.00   119.00     0  00:00        0.00
  CS084                JUNCTION     0.00     0.00   122.00     0  00:00        0.00
  CS085                JUNCTION     0.00     0.00   119.00     0  00:00        0.00
  CS086                JUNCTION     0.00     0.00   122.00     0  00:00        0.00
  CS087                JUNCTION     0.00     0.00   125.00     0  00:00        0.00
  CS088                JUNCTION   105.12   111.95   234.45     0  20:40      111.95
  CS089                JUNCTION     0.00     0.00   122.50     0  00:00        0.00
  CS090                JUNCTION     0.00     0.00   131.00     0  00:00        0.00
  CS091                JUNCTION     0.00     0.00   135.00     0  00:00        0.00
  CS092                JUNCTION     0.00     0.00   137.00     0  00:00        0.00
  CS093                JUNCTION     0.00     0.00   137.00     0  00:00        0.00
  CS094                JUNCTION     0.00     0.00   137.00     0  00:00        0.00
  CS100                JUNCTION     0.00     0.00   125.00     0  00:00        0.00
  CS101                JUNCTION     0.00     0.00   125.00     0  00:00        0.00
  CS102                JUNCTION     0.00     0.00   125.00     0  00:00        0.00
  CS110                JUNCTION     0.00     0.00   129.00     0  00:00        0.00
  CS111                JUNCTION     0.00     0.00   129.00     0  00:00        0.00
  CS112                JUNCTION     0.00     0.00   129.00     0  00:00        0.00
  CS120                JUNCTION     0.00     0.00   129.00     0  00:00        0.00
  CS121                JUNCTION     0.00     0.00   133.00     0  00:00        0.00
  CS130                JUNCTION     0.00     0.00   124.06     0  00:00        0.00
  CS131                JUNCTION     0.00     0.00   125.26     0  00:00        0.00
  CS132                JUNCTION    42.88    68.76   197.59     1  00:00       68.76
  CS133                JUNCTION     0.00     0.00   129.00     0  00:00        0.00
  CS134                JUNCTION     0.00     0.00   129.00     0  00:00        0.00
  CS140                JUNCTION     0.00     0.00   135.00     0  00:00        0.00
  CS180                JUNCTION     0.00     0.00   126.83     0  00:00        0.00
  CS181                JUNCTION     0.00     0.00   128.70     0  00:00        0.00
  CS182                JUNCTION     0.00     0.00   131.47     0  00:00        0.00
  CS183                JUNCTION     0.00     0.00   133.46     0  00:00        0.00
  CS184                JUNCTION     0.00     0.00   135.00     0  00:00        0.00
  CS185                JUNCTION     0.00     0.00   135.00     0  00:00        0.00
  CS190                JUNCTION     0.00     0.00   139.25     0  00:00        0.00
  CS200                JUNCTION     0.00     0.00   129.00     0  00:00        0.00
  CS201                JUNCTION     0.00     0.00   129.00     0  00:00        0.00
  CS220                JUNCTION     0.00     0.00   131.00     0  00:00        0.00
  CS221                JUNCTION     0.00     0.00   131.00     0  00:00        0.00
  CS250                JUNCTION    93.43   103.95   216.05     0  13:45      103.95
  CS251                JUNCTION     0.00     0.00   114.70     0  00:00        0.00
  CS252                JUNCTION     0.00     0.00   115.90     0  00:00        0.00
  CS253                JUNCTION     0.00     0.00   115.60     0  00:00        0.00
  CS254                JUNCTION     0.00     0.00   115.36     0  00:00        0.00
  CS255                JUNCTION     0.00     0.00   118.10     0  00:00        0.00
  CS256                JUNCTION     0.00     0.00   122.11     0  00:00        0.00
  CS257                JUNCTION     0.00     0.00   125.00     0  00:00        0.00
  CS270                JUNCTION     0.00     0.00   117.12     0  00:00        0.00
  CS271                JUNCTION     0.00     0.00   121.11     0  00:00        0.00
  CS272                JUNCTION     0.00     0.00   125.00     0  00:00        0.00
  CS273                JUNCTION     0.00     0.00   118.61     0  00:00        0.00
  CS290                JUNCTION     0.00     0.00   114.95     0  00:00        0.00
  CS291                JUNCTION     0.00     0.00   113.39     0  00:00        0.00
  CS300                JUNCTION     0.00     0.00   115.60     0  00:00        0.00
  CS301                JUNCTION     0.00     0.00   118.15     0  00:00        0.00
  CS302                JUNCTION     0.00     0.00   118.00     0  00:00        0.00
  CS303                JUNCTION     0.00     0.00   118.00     0  00:00        0.00
  CS310                JUNCTION     0.00     0.00   119.45     0  00:00        0.00
  CS319                JUNCTION     0.00     0.00   117.56     0  00:00        0.00
  CS320                JUNCTION     0.00     0.00   119.38     0  00:00        0.00
  CS321                JUNCTION     0.00     0.00   122.71     0  00:00        0.00
  CS322                JUNCTION     0.00     0.00   120.72     0  00:00        0.00
  CS323                JUNCTION     0.00     0.00   122.98     0  00:00        0.00
  CS324                JUNCTION     0.00     0.00   122.44     0  00:00        0.00
  CS325                JUNCTION     0.00     0.00   123.00     0  00:00        0.00
  CS330                JUNCTION     0.00     0.00   124.77     0  00:00        0.00
  CS331                JUNCTION     0.00     0.00   124.79     0  00:00        0.00
  CS350                JUNCTION     0.00     0.00   121.30     0  00:00        0.00
  CS351                JUNCTION     0.00     0.00   126.48     0  00:00        0.00
  CS360                JUNCTION     0.00     0.00   124.30     0  00:00        0.00
  CS361                JUNCTION     0.00     0.00   128.08     0  00:00        0.00
  CS370                JUNCTION     0.00     0.00   123.39     0  00:00        0.00
  CS371                JUNCTION     0.00     0.00   128.03     0  00:00        0.00
  CS372                JUNCTION     0.00     0.00   130.45     0  00:00        0.00
  CS373                JUNCTION     0.00     0.00   131.17     0  00:00        0.00
  CS374                JUNCTION     0.00     0.00   134.27     0  00:00        0.00
  CS380                JUNCTION     0.00     0.00   132.77     0  00:00        0.00
  PS                   JUNCTION    87.62   108.09   226.09     0  11:44      108.09
  CS088OF              JUNCTION    56.39   112.00   234.00     0  20:03      112.00
  CS132OF              JUNCTION     0.00     0.00   128.00     0  00:00        0.00
  Basin                OUTFALL      0.00     0.00   118.00     0  00:00        0.00
  CS001                STORAGE      0.00     0.00   104.00     0  07:16        0.00
  
  
  *******************
  Node Inflow Summary
  *******************
  
  -------------------------------------------------------------------------------------------------
                                  Maximum  Maximum                  Lateral       Total        Flow
                                  Lateral    Total  Time of Max      Inflow      Inflow     Balance
                                   Inflow   Inflow   Occurrence      Volume      Volume       Error
  Node                 Type           CFS      CFS  days hr:min    10^6 gal    10^6 gal     Percent
  -------------------------------------------------------------------------------------------------
  CS002                JUNCTION      0.00     0.17     0  03:41           0      0.0494      21.813
  CS003                JUNCTION      0.09     0.09     0  00:00      0.0582      0.0582      17.830
  CS004                JUNCTION      0.00     0.00     0  00:00           0           0       0.000 gal
  CS005                JUNCTION      0.00     0.00     0  00:00           0           0       0.000 gal
  CS006                JUNCTION      0.00     0.00     0  00:00           0           0       0.000 gal
  CS007                JUNCTION      0.00     0.00     0  00:00           0           0       0.000 gal
  CS008                JUNCTION      0.00     0.00     0  00:00           0           0       0.000 gal
  CS020                JUNCTION      0.00     0.00     0  00:00           0           0       0.000 gal
  CS021                JUNCTION      0.00     0.00     0  00:00           0           0       0.000 gal
  CS022                JUNCTION      0.00     0.00     0  00:00           0           0       0.000 gal
  CS050                JUNCTION      0.00     0.00     0  00:00           0           0       0.000 gal
  CS051                JUNCTION      0.00     0.00     0  00:00           0           0       0.000 gal
  CS052                JUNCTION      0.00     0.00     0  00:00           0           0       0.000 gal
  CS053                JUNCTION      0.00     0.00     0  00:00           0           0       0.000 gal
  CS054                JUNCTION      0.00     0.00     0  00:00           0           0       0.000 gal
  CS055                JUNCTION      0.00     0.00     0  00:00           0           0       0.000 gal
  CS056                JUNCTION      0.00     0.00     0  00:00           0           0       0.000 gal
  CS070                JUNCTION      0.00     0.00     0  00:00           0           0       0.000 gal
  CS071                JUNCTION      0.00     0.00     0  00:00           0           0       0.000 gal
  CS072                JUNCTION      0.00     0.00     0  00:00           0           0       0.000 gal
  CS073                JUNCTION      0.00     0.00     0  00:00           0           0       0.000 gal
  CS074                JUNCTION      0.00     0.00     0  00:00           0           0       0.000 gal
  CS080                JUNCTION      0.00     0.05     1  00:00           0     0.00192    1922.883 gal
  CS081                JUNCTION      0.00     0.05     0  21:49           0      0.0126     553.224
  CS082                JUNCTION      0.02     0.02     0  00:00      0.0129      0.0129     329.095
  CS083                JUNCTION      0.00     0.00     0  00:00           0           0       0.000 gal
  CS084                JUNCTION      0.00     0.00     0  00:00           0           0       0.000 gal
  CS085                JUNCTION      0.00     0.00     0  00:00           0           0       0.000 gal
  CS086                JUNCTION      0.00     0.00     0  00:00           0           0       0.000 gal
  CS087                JUNCTION      0.00     0.00     0  00:00           0           0       0.000 gal
  CS088                JUNCTION      0.04     0.04     0  00:00      0.0259      0.0259      74.869
  CS089                JUNCTION      0.00     0.00     0  00:00           0           0       0.000 gal
  CS090                JUNCTION      0.00     0.00     0  00:00           0           0       0.000 gal
  CS091                JUNCTION      0.00     0.00     0  00:00           0           0       0.000 gal
  CS092                JUNCTION      0.00     0.00     0  00:00           0           0       0.000 gal
  CS093                JUNCTION      0.00     0.00     0  00:00           0           0       0.000 gal
  CS094                JUNCTION      0.00     0.00     0  00:00           0           0       0.000 gal
  CS100                JUNCTION      0.00     0.00     0  00:00           0           0       0.000 gal
  CS101                JUNCTION      0.00     0.00     0  00:00           0           0       0.000 gal
  CS102                JUNCTION      0.00     0.00     0  00:00           0           0       0.000 gal
  CS110                JUNCTION      0.00     0.00     0  00:00           0           0       0.000 gal
  CS111                JUNCTION      0.00     0.00     0  00:00           0           0       0.000 gal
  CS112                JUNCTION      0.00     0.00     0  00:00           0           0       0.000 gal
  CS120                JUNCTION      0.00     0.00     0  00:00           0           0       0.000 gal
  CS121                JUNCTION      0.00     0.00     0  00:00           0           0       0.000 gal
  CS130                JUNCTION      0.00     0.00     0  00:00           0           0       0.000 gal
  CS131                JUNCTION      0.00     0.00     0  00:00           0           0       0.000 gal
  CS132                JUNCTION      0.01     0.01     0  00:00     0.00646     0.00646    6462.701 gal
  CS133                JUNCTION      0.00     0.00     0  00:00           0           0       0.000 gal
  CS134                JUNCTION      0.00     0.00     0  00:00           0           0       0.000 gal
  CS140                JUNCTION      0.00     0.00     0  00:00           0           0       0.000 gal
  CS180                JUNCTION      0.00     0.00     0  00:00           0           0       0.000 gal
  CS181                JUNCTION      0.00     0.00     0  00:00           0           0       0.000 gal
  CS182                JUNCTION      0.00     0.00     0  00:00           0           0       0.000 gal
  CS183                JUNCTION      0.00     0.00     0  00:00           0           0       0.000 gal
  CS184                JUNCTION      0.00     0.00     0  00:00           0           0       0.000 gal
  CS185                JUNCTION      0.00     0.00     0  00:00           0           0       0.000 gal
  CS190                JUNCTION      0.00     0.00     0  00:00           0           0       0.000 gal
  CS200                JUNCTION      0.00     0.00     0  00:00           0           0       0.000 gal
  CS201                JUNCTION      0.00     0.00     0  00:00           0           0       0.000 gal
  CS220                JUNCTION      0.00     0.00     0  00:00           0           0       0.000 gal
  CS221                JUNCTION      0.00     0.00     0  00:00           0           0       0.000 gal
  CS250                JUNCTION      0.03     0.03     0  00:00      0.0194      0.0194     103.049
  CS251                JUNCTION      0.00     0.00     0  00:00           0           0       0.000 gal
  CS252                JUNCTION      0.00     0.00     0  00:00           0           0       0.000 gal
  CS253                JUNCTION      0.00     0.00     0  00:00           0           0       0.000 gal
  CS254                JUNCTION      0.00     0.00     0  00:00           0           0       0.000 gal
  CS255                JUNCTION      0.00     0.00     0  00:00           0           0       0.000 gal
  CS256                JUNCTION      0.00     0.00     0  00:00           0           0       0.000 gal
  CS257                JUNCTION      0.00     0.00     0  00:00           0           0       0.000 gal
  CS270                JUNCTION      0.00     0.00     0  00:00           0           0       0.000 gal
  CS271                JUNCTION      0.00     0.00     0  00:00           0           0       0.000 gal
  CS272                JUNCTION      0.00     0.00     0  00:00           0           0       0.000 gal
  CS273                JUNCTION      0.00     0.00     0  00:00           0           0       0.000 gal
  CS290                JUNCTION      0.00     0.00     0  00:00           0           0       0.000 gal
  CS291                JUNCTION      0.00     0.00     0  00:00           0           0       0.000 gal
  CS300                JUNCTION      0.00     0.00     0  00:00           0           0       0.000 gal
  CS301                JUNCTION      0.00     0.00     0  00:00           0           0       0.000 gal
  CS302                JUNCTION      0.00     0.00     0  00:00           0           0       0.000 gal
  CS303                JUNCTION      0.00     0.00     0  00:00           0           0       0.000 gal
  CS310                JUNCTION      0.00     0.00     0  00:00           0           0       0.000 gal
  CS319                JUNCTION      0.00     0.00     0  00:00           0           0       0.000 gal
  CS320                JUNCTION      0.00     0.00     0  00:00           0           0       0.000 gal
  CS321                JUNCTION      0.00     0.00     0  00:00           0           0       0.000 gal
  CS322                JUNCTION      0.00     0.00     0  00:00           0           0       0.000 gal
  CS323                JUNCTION      0.00     0.00     0  00:00           0           0       0.000 gal
  CS324                JUNCTION      0.00     0.00     0  00:00           0           0       0.000 gal
  CS325                JUNCTION      0.00     0.00     0  00:00           0           0       0.000 gal
  CS330                JUNCTION      0.00     0.00     0  00:00           0           0       0.000 gal
  CS331                JUNCTION      0.00     0.00     0  00:00           0           0       0.000 gal
  CS350                JUNCTION      0.00     0.00     0  00:00           0           0       0.000 gal
  CS351                JUNCTION      0.00     0.00     0  00:00           0           0       0.000 gal
  CS360                JUNCTION      0.00     0.00     0  00:00           0           0       0.000 gal
  CS361                JUNCTION      0.00     0.00     0  00:00           0           0       0.000 gal
  CS370                JUNCTION      0.00     0.00     0  00:00           0           0       0.000 gal
  CS371                JUNCTION      0.00     0.00     0  00:00           0           0       0.000 gal
  CS372                JUNCTION      0.00     0.00     0  00:00           0           0       0.000 gal
  CS373                JUNCTION      0.00     0.00     0  00:00           0           0       0.000 gal
  CS374                JUNCTION      0.00     0.00     0  00:00           0           0       0.000 gal
  CS380                JUNCTION      0.00     0.00     0  00:00           0           0       0.000 gal
  PS                   JUNCTION      0.00     0.09     0  07:19           0      0.0405      33.589
  CS088OF              JUNCTION      0.00     0.04     0  11:15           0      0.0148       0.000
  CS132OF              JUNCTION      0.00     0.00     0  00:00           0           0       0.000 gal
  Basin                OUTFALL       0.00     0.09     0  20:03           0      0.0303       0.000
  CS001                STORAGE       0.00     0.09     0  07:19           0      0.0405      -0.002
  
  
  **********************
  Node Surcharge Summary
  **********************
  
  Surcharging occurs when water rises above the top of the highest conduit.
  ---------------------------------------------------------------------
                                               Max. Height   Min. Depth
                                   Hours       Above Crown    Below Rim
  Node                 Type      Surcharged           Feet         Feet
  ---------------------------------------------------------------------
  CS088OF              JUNCTION        3.94          0.000        0.000
  
  
  *********************
  Node Flooding Summary
  *********************
  
  Flooding refers to all water that overflows a node, whether it ponds or not.
  --------------------------------------------------------------------------
                                                             Total   Maximum
                                 Maximum   Time of Max       Flood    Ponded
                        Hours       Rate    Occurrence      Volume     Depth
  Node                 Flooded       CFS   days hr:min    10^6 gal      Feet
  --------------------------------------------------------------------------
  CS088OF                 3.94      0.04      0  20:41       0.004     0.000
  
  
  **********************
  Storage Volume Summary
  **********************
  
  ------------------------------------------------------------------------------------------------
                         Average    Avg   Evap  Exfil     Maximum    Max    Time of Max    Maximum
                          Volume   Pcnt   Pcnt   Pcnt      Volume   Pcnt     Occurrence    Outflow
  Storage Unit          1000 ft³   Full   Loss   Loss    1000 ft³   Full    days hr:min        CFS
  ------------------------------------------------------------------------------------------------
  CS001                    0.000    0.0    0.0    0.0       0.000    0.0       0  07:16       0.09
  
  
  ***********************
  Outfall Loading Summary
  ***********************
  
  -----------------------------------------------------------
                         Flow       Avg       Max       Total
                         Freq      Flow      Flow      Volume
  Outfall Node           Pcnt       CFS       CFS    10^6 gal
  -----------------------------------------------------------
  Basin                 70.13      0.09      0.09       0.030
  -----------------------------------------------------------
  System                70.13      0.09      0.09       0.030
  
  
  ********************
  Link Flow Summary
  ********************
  
  -----------------------------------------------------------------------------
                                 Maximum  Time of Max   Maximum    Max/    Max/
                                  |Flow|   Occurrence   |Veloc|    Full    Full
  Link                 Type          CFS  days hr:min    ft/sec    Flow   Depth
  -----------------------------------------------------------------------------
  CS002CS001           CONDUIT      0.09     0  07:19      1.32    0.03    0.10
  CS003CS002           CONDUIT      0.17     0  03:41      1.77    0.04    0.14
  CS004CS003           CONDUIT      0.00     0  00:00      0.00    0.00    0.07
  CS005CS004           CONDUIT      0.00     0  00:00      0.00    0.00    0.00
  CS006CS005           CONDUIT      0.00     0  00:00      0.00    0.00    0.00
  CS007CS006           CONDUIT      0.00     0  00:00      0.00    0.00    0.00
  CS008CS007           CONDUIT      0.00     0  00:00      0.00    0.00    0.00
  CS020CS006           CONDUIT      0.00     0  00:00      0.00    0.00    0.00
  CS021CS020           CONDUIT      0.00     0  00:00      0.00    0.00    0.00
  CS022CS021           CONDUIT      0.00     0  00:00      0.00    0.00    0.00
  CS050CS020           CONDUIT      0.00     0  00:00      0.00    0.00    0.00
  CS051CS050           CONDUIT      0.00     0  00:00      0.00    0.00    0.00
  CS052CS051           CONDUIT      0.00     0  00:00      0.00    0.00    0.00
  CS053CS052           CONDUIT      0.00     0  00:00      0.00    0.00    0.00
  CS054CS053           CONDUIT      0.00     0  00:00      0.00    0.00    0.00
  CS055CS054           CONDUIT      0.00     0  00:00      0.00    0.00    0.00
  CS056CS055           CONDUIT      0.00     0  00:00      0.00    0.00    0.00
  CS070CS050           CONDUIT      0.00     0  00:00      0.00    0.00    0.00
  CS071CS070           CONDUIT      0.00     0  00:00      0.00    0.00    0.00
  CS072CS071           CONDUIT      0.00     0  00:00      0.00    0.00    0.00
  CS073CS072           CONDUIT      0.00     0  00:00      0.00    0.00    0.00
  CS074CS073           CONDUIT      0.00     0  00:00      0.00    0.00    0.00
  CS080CS070           CONDUIT      0.00     0  00:00      0.00    0.00    0.00
  CS081CS080           CONDUIT      0.05     1  00:00      0.19    0.02    0.26
  CS082CS081           CONDUIT      0.02     0  20:15      1.32    0.01    0.07
  CS083CS082           CONDUIT      0.00     0  00:00      0.00    0.00    0.03
  CS084CS083           CONDUIT      0.00     0  00:00      0.00    0.00    0.00
  CS085CS084           CONDUIT      0.00     0  00:00      0.00    0.00    0.00
  CS086CS085           CONDUIT      0.00     0  00:00      0.00    0.00    0.00
  CS087CS086           CONDUIT      0.00     0  00:00      0.00    0.00    0.00
  CS088CS087           CONDUIT      0.00     0  00:00      0.00    0.00    0.50
  CS089CS088           CONDUIT      0.00     0  00:00      0.00    0.00    0.00
  CS090CS087           CONDUIT      0.00     0  00:00      0.00    0.00    0.00
  CS091CS090           CONDUIT      0.00     0  00:00      0.00    0.00    0.00
  CS092CS091           CONDUIT      0.00     0  00:00      0.00    0.00    0.00
  CS093CS092           CONDUIT      0.00     0  00:00      0.00    0.00    0.00
  CS094CS093           CONDUIT      0.00     0  00:00      0.00    0.00    0.00
  CS100CS088           CONDUIT      0.00     0  00:00      0.00    0.00    0.17
  CS101CS100           CONDUIT      0.00     0  00:00      0.00    0.00    0.00
  CS102CS101           CONDUIT      0.00     0  00:00      0.00    0.00    0.00
  CS110CS100           CONDUIT      0.00     0  00:00      0.00    0.00    0.00
  CS111CS110           CONDUIT      0.00     0  00:00      0.00    0.00    0.00
  CS112CS111           CONDUIT      0.00     0  00:00      0.00    0.00    0.00
  CS120CS110           CONDUIT      0.00     0  00:00      0.00    0.00    0.00
  CS121CS110           CONDUIT      0.00     0  00:00      0.00    0.00    0.00
  CS130CS088           CONDUIT      0.00     0  00:00      0.00    0.00    0.41
  CS131CS130           CONDUIT      0.00     0  00:00      0.00    0.00    0.00
  CS132CS131           CONDUIT      0.00     0  00:00      0.00    0.00    0.00
  CS133CS132           CONDUIT      0.00     0  00:00      0.00    0.00    0.00
  CS134CS133           CONDUIT      0.00     0  00:00      0.00    0.00    0.00
  CS140CS132           CONDUIT      0.00     0  00:00      0.00    0.00    0.00
  CS180CS131           CONDUIT      0.00     0  00:00      0.00    0.00    0.00
  CS181CS180           CONDUIT      0.00     0  00:00      0.00    0.00    0.00
  CS182CS181           CONDUIT      0.00     0  00:00      0.00    0.00    0.00
  CS183CS182           CONDUIT      0.00     0  00:00      0.00    0.00    0.00
  CS184CS183           CONDUIT      0.00     0  00:00      0.00    0.00    0.00
  CS185CS184           CONDUIT      0.00     0  00:00      0.00    0.00    0.00
  CS190CS183           CONDUIT      0.00     0  00:00      0.00    0.00    0.00
  CS200CS181           CONDUIT      0.00     0  00:00      0.00    0.00    0.00
  CS201CS200           CONDUIT      0.00     0  00:00      0.00    0.00    0.00
  CS220CS182           CONDUIT      0.00     0  00:00      0.00    0.00    0.00
  CS221CS220           CONDUIT      0.00     0  00:00      0.00    0.00    0.00
  CS250CS081           CONDUIT      0.03     0  21:49      1.23    0.03    0.49
  CS251CS250           CONDUIT      0.00     0  00:00      0.00    0.00    0.06
  CS252CS251           CONDUIT      0.00     0  00:00      0.00    0.00    0.00
  CS253CS252           CONDUIT      0.00     0  00:00      0.00    0.00    0.00
  CS254CS253           CONDUIT      0.00     0  00:00      0.00    0.00    0.00
  CS255CS254           CONDUIT      0.00     0  00:00      0.00    0.00    0.00
  CS256CS255           CONDUIT      0.00     0  00:00      0.00    0.00    0.00
  CS257CS256           CONDUIT      0.00     0  00:00      0.00    0.00    0.00
  CS270CS255           CONDUIT      0.00     0  00:00      0.00    0.00    0.00
  CS271CS270           CONDUIT      0.00     0  00:00      0.00    0.00    0.00
  CS272CS271           CONDUIT      0.00     0  00:00      0.00    0.00    0.00
  CS273CS270           CONDUIT      0.00     0  00:00      0.00    0.00    0.00
  CS290CS270           CONDUIT      0.00     0  00:00      0.00    0.00    0.00
  CS291CS290           CONDUIT      0.00     0  00:00      0.00    0.00    0.00
  CS300CS253           CONDUIT      0.00     0  00:00      0.00    0.00    0.00
  CS301CS300           CONDUIT      0.00     0  00:00      0.00    0.00    0.00
  CS302CS301           CONDUIT      0.00     0  00:00      0.00    0.00    0.00
  CS303CS302           CONDUIT      0.00     0  00:00      0.00    0.00    0.00
  CS310CS301           CONDUIT      0.00     0  00:00      0.00    0.00    0.00
  CS319CS301           CONDUIT      0.00     0  00:00      0.00    0.00    0.00
  CS320CS319           CONDUIT      0.00     0  00:00      0.00    0.00    0.00
  CS321CS320           CONDUIT      0.00     0  00:00      0.00    0.00    0.00
  CS322CS321           CONDUIT      0.00     0  00:00      0.00    0.00    0.00
  CS323CS322           CONDUIT      0.00     0  00:00      0.00    0.00    0.00
  CS324CS323           CONDUIT      0.00     0  00:00      0.00    0.00    0.00
  CS325CS324           CONDUIT      0.00     0  00:00      0.00    0.00    0.00
  CS330CS323           CONDUIT      0.00     0  00:00      0.00    0.00    0.00
  CS331CS330           CONDUIT      0.00     0  00:00      0.00    0.00    0.00
  CS350CS320           CONDUIT      0.00     0  00:00      0.00    0.00    0.00
  CS351CS350           CONDUIT      0.00     0  00:00      0.00    0.00    0.00
  CS360CS321           CONDUIT      0.00     0  00:00      0.00    0.00    0.00
  CS361CS360           CONDUIT      0.00     0  00:00      0.00    0.00    0.00
  CS370CS321           CONDUIT      0.00     0  00:00      0.00    0.00    0.00
  CS371CS370           CONDUIT      0.00     0  00:00      0.00    0.00    0.00
  CS372CS371           CONDUIT      0.00     0  00:00      0.00    0.00    0.00
  CS373CS372           CONDUIT      0.00     0  00:00      0.00    0.00    0.00
  CS374CS373           CONDUIT      0.00     0  00:00      0.00    0.00    0.00
  CS380CS372           CONDUIT      0.00     0  00:00      0.00    0.00    0.00
  OutPipe              CONDUIT      0.09     0  20:03      1.65    0.00    0.05
  OFCS088              CONDUIT      0.04     0  11:15      2.36    0.01    0.53
  OFCS132              CONDUIT      0.00     0  00:00      0.00    0.00    0.00
  Cole                 PUMP         0.09     0  07:19              0.01
  
  
  ***************************
  Flow Classification Summary
  ***************************
  
  -------------------------------------------------------------------------------------
                      Adjusted    ---------- Fraction of Time in Flow Class ---------- 
                       /Actual         Up    Down  Sub   Sup   Up    Down  Norm  Inlet 
  Conduit               Length    Dry  Dry   Dry   Crit  Crit  Crit  Crit  Ltd   Ctrl  
  -------------------------------------------------------------------------------------
  CS002CS001              1.00   0.30  0.00  0.00  0.00  0.00  0.00  0.70  0.00  0.00
  CS003CS002              1.00   0.15  0.00  0.00  0.70  0.00  0.00  0.15  0.70  0.00
  CS004CS003              1.00   0.15  0.85  0.00  0.00  0.00  0.00  0.00  0.00  0.00
  CS005CS004              1.00   1.00  0.00  0.00  0.00  0.00  0.00  0.00  0.00  0.00
  CS006CS005              1.00   1.00  0.00  0.00  0.00  0.00  0.00  0.00  0.00  0.00
  CS007CS006              1.00   1.00  0.00  0.00  0.00  0.00  0.00  0.00  0.00  0.00
  CS008CS007              1.00   1.00  0.00  0.00  0.00  0.00  0.00  0.00  0.00  0.00
  CS020CS006              1.00   1.00  0.00  0.00  0.00  0.00  0.00  0.00  0.00  0.00
  CS021CS020              1.00   1.00  0.00  0.00  0.00  0.00  0.00  0.00  0.00  0.00
  CS022CS021              1.00   1.00  0.00  0.00  0.00  0.00  0.00  0.00  0.00  0.00
  CS050CS020              1.00   1.00  0.00  0.00  0.00  0.00  0.00  0.00  0.00  0.00
  CS051CS050              1.00   1.00  0.00  0.00  0.00  0.00  0.00  0.00  0.00  0.00
  CS052CS051              1.00   1.00  0.00  0.00  0.00  0.00  0.00  0.00  0.00  0.00
  CS053CS052              1.00   1.00  0.00  0.00  0.00  0.00  0.00  0.00  0.00  0.00
  CS054CS053              1.00   1.00  0.00  0.00  0.00  0.00  0.00  0.00  0.00  0.00
  CS055CS054              1.00   1.00  0.00  0.00  0.00  0.00  0.00  0.00  0.00  0.00
  CS056CS055              1.00   1.00  0.00  0.00  0.00  0.00  0.00  0.00  0.00  0.00
  CS070CS050              1.00   1.00  0.00  0.00  0.00  0.00  0.00  0.00  0.00  0.00
  CS071CS070              1.00   1.00  0.00  0.00  0.00  0.00  0.00  0.00  0.00  0.00
  CS072CS071              1.00   1.00  0.00  0.00  0.00  0.00  0.00  0.00  0.00  0.00
  CS073CS072              1.00   1.00  0.00  0.00  0.00  0.00  0.00  0.00  0.00  0.00
  CS074CS073              1.00   1.00  0.00  0.00  0.00  0.00  0.00  0.00  0.00  0.00
  CS080CS070              1.00   1.00  0.00  0.00  0.00  0.00  0.00  0.00  0.00  0.00
  CS081CS080              1.00   0.91  0.02  0.00  0.00  0.00  0.07  0.00  0.00  0.00
  CS082CS081              1.00   0.76  0.00  0.00  0.00  0.00  0.00  0.24  0.00  0.00
  CS083CS082              1.00   0.76  0.24  0.00  0.00  0.00  0.00  0.00  0.00  0.00
  CS084CS083              1.00   1.00  0.00  0.00  0.00  0.00  0.00  0.00  0.00  0.00
  CS085CS084              1.00   1.00  0.00  0.00  0.00  0.00  0.00  0.00  0.00  0.00
  CS086CS085              1.00   1.00  0.00  0.00  0.00  0.00  0.00  0.00  0.00  0.00
  CS087CS086              1.00   1.00  0.00  0.00  0.00  0.00  0.00  0.00  0.00  0.00
  CS088CS087              1.00   0.40  0.60  0.00  0.00  0.00  0.00  0.00  0.00  0.00
  CS089CS088              1.00   1.00  0.00  0.00  0.00  0.00  0.00  0.00  0.00  0.00
  CS090CS087              1.00   1.00  0.00  0.00  0.00  0.00  0.00  0.00  0.00  0.00
  CS091CS090              1.00   1.00  0.00  0.00  0.00  0.00  0.00  0.00  0.00  0.00
  CS092CS091              1.00   1.00  0.00  0.00  0.00  0.00  0.00  0.00  0.00  0.00
  CS093CS092              1.00   1.00  0.00  0.00  0.00  0.00  0.00  0.00  0.00  0.00
  CS094CS093              1.00   1.00  0.00  0.00  0.00  0.00  0.00  0.00  0.00  0.00
  CS100CS088              1.00   0.42  0.58  0.00  0.00  0.00  0.00  0.00  0.00  0.00
  CS101CS100              1.00   1.00  0.00  0.00  0.00  0.00  0.00  0.00  0.00  0.00
  CS102CS101              1.00   1.00  0.00  0.00  0.00  0.00  0.00  0.00  0.00  0.00
  CS110CS100              1.00   1.00  0.00  0.00  0.00  0.00  0.00  0.00  0.00  0.00
  CS111CS110              1.00   1.00  0.00  0.00  0.00  0.00  0.00  0.00  0.00  0.00
  CS112CS111              1.00   1.00  0.00  0.00  0.00  0.00  0.00  0.00  0.00  0.00
  CS120CS110              1.00   1.00  0.00  0.00  0.00  0.00  0.00  0.00  0.00  0.00
  CS121CS110              1.00   1.00  0.00  0.00  0.00  0.00  0.00  0.00  0.00  0.00
  CS130CS088              1.00   0.41  0.59  0.00  0.00  0.00  0.00  0.00  0.00  0.00
  CS131CS130              1.00   1.00  0.00  0.00  0.00  0.00  0.00  0.00  0.00  0.00
  CS132CS131              1.00   1.00  0.00  0.00  0.00  0.00  0.00  0.00  0.00  0.00
  CS133CS132              1.00   1.00  0.00  0.00  0.00  0.00  0.00  0.00  0.00  0.00
  CS134CS133              1.00   1.00  0.00  0.00  0.00  0.00  0.00  0.00  0.00  0.00
  CS140CS132              1.00   1.00  0.00  0.00  0.00  0.00  0.00  0.00  0.00  0.00
  CS180CS131              1.00   1.00  0.00  0.00  0.00  0.00  0.00  0.00  0.00  0.00
  CS181CS180              1.00   1.00  0.00  0.00  0.00  0.00  0.00  0.00  0.00  0.00
  CS182CS181              1.00   1.00  0.00  0.00  0.00  0.00  0.00  0.00  0.00  0.00
  CS183CS182              1.00   1.00  0.00  0.00  0.00  0.00  0.00  0.00  0.00  0.00
  CS184CS183              1.00   1.00  0.00  0.00  0.00  0.00  0.00  0.00  0.00  0.00
  CS185CS184              1.00   1.00  0.00  0.00  0.00  0.00  0.00  0.00  0.00  0.00
  CS190CS183              1.00   1.00  0.00  0.00  0.00  0.00  0.00  0.00  0.00  0.00
  CS200CS181              1.00   1.00  0.00  0.00  0.00  0.00  0.00  0.00  0.00  0.00
  CS201CS200              1.00   1.00  0.00  0.00  0.00  0.00  0.00  0.00  0.00  0.00
  CS220CS182              1.00   1.00  0.00  0.00  0.00  0.00  0.00  0.00  0.00  0.00
  CS221CS220              1.00   1.00  0.00  0.00  0.00  0.00  0.00  0.00  0.00  0.00
  CS250CS081              1.00   0.50  0.00  0.00  0.09  0.00  0.00  0.41  0.09  0.00
  CS251CS250              1.00   0.50  0.50  0.00  0.00  0.00  0.00  0.00  0.00  0.00
  CS252CS251              1.00   1.00  0.00  0.00  0.00  0.00  0.00  0.00  0.00  0.00
  CS253CS252              1.00   1.00  0.00  0.00  0.00  0.00  0.00  0.00  0.00  0.00
  CS254CS253              1.00   1.00  0.00  0.00  0.00  0.00  0.00  0.00  0.00  0.00
  CS255CS254              1.00   1.00  0.00  0.00  0.00  0.00  0.00  0.00  0.00  0.00
  CS256CS255              1.00   1.00  0.00  0.00  0.00  0.00  0.00  0.00  0.00  0.00
  CS257CS256              1.00   1.00  0.00  0.00  0.00  0.00  0.00  0.00  0.00  0.00
  CS270CS255              1.00   1.00  0.00  0.00  0.00  0.00  0.00  0.00  0.00  0.00
  CS271CS270              1.00   1.00  0.00  0.00  0.00  0.00  0.00  0.00  0.00  0.00
  CS272CS271              1.00   1.00  0.00  0.00  0.00  0.00  0.00  0.00  0.00  0.00
  CS273CS270              1.00   1.00  0.00  0.00  0.00  0.00  0.00  0.00  0.00  0.00
  CS290CS270              1.00   1.00  0.00  0.00  0.00  0.00  0.00  0.00  0.00  0.00
  CS291CS290              1.00   1.00  0.00  0.00  0.00  0.00  0.00  0.00  0.00  0.00
  CS300CS253              1.00   1.00  0.00  0.00  0.00  0.00  0.00  0.00  0.00  0.00
  CS301CS300              1.00   1.00  0.00  0.00  0.00  0.00  0.00  0.00  0.00  0.00
  CS302CS301              1.00   1.00  0.00  0.00  0.00  0.00  0.00  0.00  0.00  0.00
  CS303CS302              1.00   1.00  0.00  0.00  0.00  0.00  0.00  0.00  0.00  0.00
  CS310CS301              1.00   1.00  0.00  0.00  0.00  0.00  0.00  0.00  0.00  0.00
  CS319CS301              1.00   1.00  0.00  0.00  0.00  0.00  0.00  0.00  0.00  0.00
  CS320CS319              1.00   1.00  0.00  0.00  0.00  0.00  0.00  0.00  0.00  0.00
  CS321CS320              1.00   1.00  0.00  0.00  0.00  0.00  0.00  0.00  0.00  0.00
  CS322CS321              1.00   1.00  0.00  0.00  0.00  0.00  0.00  0.00  0.00  0.00
  CS323CS322              1.00   1.00  0.00  0.00  0.00  0.00  0.00  0.00  0.00  0.00
  CS324CS323              1.00   1.00  0.00  0.00  0.00  0.00  0.00  0.00  0.00  0.00
  CS325CS324              1.00   1.00  0.00  0.00  0.00  0.00  0.00  0.00  0.00  0.00
  CS330CS323              1.00   1.00  0.00  0.00  0.00  0.00  0.00  0.00  0.00  0.00
  CS331CS330              1.00   1.00  0.00  0.00  0.00  0.00  0.00  0.00  0.00  0.00
  CS350CS320              1.00   1.00  0.00  0.00  0.00  0.00  0.00  0.00  0.00  0.00
  CS351CS350              1.00   1.00  0.00  0.00  0.00  0.00  0.00  0.00  0.00  0.00
  CS360CS321              1.00   1.00  0.00  0.00  0.00  0.00  0.00  0.00  0.00  0.00
  CS361CS360              1.00   1.00  0.00  0.00  0.00  0.00  0.00  0.00  0.00  0.00
  CS370CS321              1.00   1.00  0.00  0.00  0.00  0.00  0.00  0.00  0.00  0.00
  CS371CS370              1.00   1.00  0.00  0.00  0.00  0.00  0.00  0.00  0.00  0.00
  CS372CS371              1.00   1.00  0.00  0.00  0.00  0.00  0.00  0.00  0.00  0.00
  CS373CS372              1.00   1.00  0.00  0.00  0.00  0.00  0.00  0.00  0.00  0.00
  CS374CS373              1.00   1.00  0.00  0.00  0.00  0.00  0.00  0.00  0.00  0.00
  CS380CS372              1.00   1.00  0.00  0.00  0.00  0.00  0.00  0.00  0.00  0.00
  OutPipe                 1.00   0.48  0.00  0.00  0.00  0.00  0.00  0.52  0.00  0.00
  OFCS088                 1.00   0.42  0.00  0.00  0.17  0.00  0.00  0.41  0.17  0.00
  OFCS132                 1.00   1.00  0.00  0.00  0.00  0.00  0.00  0.00  0.00  0.00
  
  
  *************************
  Conduit Surcharge Summary
  *************************
  
  ----------------------------------------------------------------------------
                                                           Hours        Hours 
                         --------- Hours Full --------   Above Full   Capacity
  Conduit                Both Ends  Upstream  Dnstream   Normal Flow   Limited
  ----------------------------------------------------------------------------
  OFCS088                     0.01      0.01      3.94      0.01         0.01
  
  
  ***************
  Pumping Summary
  ***************
  
  ---------------------------------------------------------------------------------------------------------
                                                  Min       Avg       Max     Total     Power    % Time Off
                        Percent   Number of      Flow      Flow      Flow    Volume     Usage    Pump Curve
  Pump                 Utilized   Start-Ups       CFS       CFS       CFS  10^6 gal     Kw-hr    Low   High
  ---------------------------------------------------------------------------------------------------------
  Cole                    69.73           1      0.00      0.09      0.09     0.041     13.82    0.0    0.0
  

  Analysis begun on:  Sun Jul 19 15:17:10 2026
  Analysis ended on:  Sun Jul 19 15:17:10 2026
  Total elapsed time: < 1 sec