
  EPA STORM WATER MANAGEMENT MODEL - VERSION 5.2 (Build 5.2.4)
  ------------------------------------------------------------

  CORVALLIS CSO ANALYSIS - March 
  
  ****************
  Analysis Options
  ****************
  Flow Units ............... CFS
  Process Models:
    Rainfall/Runoff ........ NO
    RDII ................... NO
    Snowmelt ............... NO
    Groundwater ............ NO
    Flow Routing ........... YES
    Ponding Allowed ........ NO
    Water Quality .......... NO
  Flow Routing Method ...... DYNWAVE
  Surcharge Method ......... EXTRAN
  Starting Date ............ 01/01/2001 00:00:00
  Ending Date .............. 01/02/2001 00:00:00
  Antecedent Dry Days ...... 0.0
  Report Time Step ......... 00:15:00
  Routing Time Step ........ 20.00 sec
  Variable Time Step ....... YES
  Maximum Trials ........... 30
  Number of Threads ........ 1
  Head Tolerance ........... 0.005000 ft
  
  
  **************************        Volume        Volume
  Flow Routing Continuity        acre-feet      10^6 gal
  **************************     ---------     ---------
  Dry Weather Inflow .......         0.000         0.000
  Wet Weather Inflow .......         0.000         0.000
  Groundwater Inflow .......         0.000         0.000
  RDII Inflow ..............         0.000         0.000
  External Inflow ..........        11.900         3.878
  External Outflow .........         0.000         0.000
  Flooding Loss ............         8.298         2.704
  Evaporation Loss .........         0.000         0.000
  Exfiltration Loss ........         0.000         0.000
  Initial Stored Volume ....         0.000         0.000
  Final Stored Volume ......         1.117         0.364
  Continuity Error (%) .....        20.887
  
  
  *************************
  Highest Continuity Errors
  *************************
  Node F10 (96.67%)
  Node F11 (23.39%)
  Node F13 (16.13%)
  Node J13 (10.42%)
  Node W11 (8.84%)
  
  
  ***************************
  Time-Step Critical Elements
  ***************************
  Link J016 (76.00%)
  Link V018 (14.57%)
  Link V021 (7.66%)
  
  
  ********************************
  Highest Flow Instability Indexes
  ********************************
  Link F011 (13)
  Link F012 (11)
  Link F013 (10)
  Link F014 (8)
  
  
  *********************************
  Most Frequent Nonconverging Nodes
  *********************************
  Node I01 (0.61%)
  Node V19 (0.04%)
  Node V14 (0.04%)
  Node V13 (0.04%)
  Node V12 (0.04%)
  
  
  *************************
  Routing Time Step Summary
  *************************
  Minimum Time Step           :     2.34 sec
  Average Time Step           :    10.72 sec
  Maximum Time Step           :    20.00 sec
  % of Time in Steady State   :     0.00
  Average Iterations per Step :     2.30
  % of Steps Not Converging   :     0.61
  Time Step Frequencies       :
     20.000 -  9.564 sec      :    99.98 %
      9.564 -  4.573 sec      :     0.01 %
      4.573 -  2.187 sec      :     0.01 %
      2.187 -  1.046 sec      :     0.00 %
      1.046 -  0.500 sec      :     0.00 %
  
  
  ******************
  Node Depth Summary
  ******************
  
  ---------------------------------------------------------------------------------
                                 Average  Maximum  Maximum  Time of Max    Reported
                                   Depth    Depth      HGL   Occurrence   Max Depth
  Node                 Type         Feet     Feet     Feet  days hr:min        Feet
  ---------------------------------------------------------------------------------
  J21                  JUNCTION   217.93   219.83   446.83     0  00:50      219.83
  J20                  JUNCTION   209.24   217.82   446.02     0  02:41      217.82
  J19                  JUNCTION   198.50   216.32   444.22     0  03:59      216.32
  J18                  JUNCTION   187.30   214.57   442.17     0  06:00      214.57
  J17                  JUNCTION   176.42   213.04   439.74     0  06:47      213.04
  J16                  JUNCTION   166.03   212.15   439.25     0  07:49      212.15
  J15                  JUNCTION   154.83   211.60   438.20     0  08:43      211.60
  J14                  JUNCTION   142.43   211.18   437.68     0  10:05      211.18
  J13                  JUNCTION   130.53   211.50   428.50     0  11:15      211.50
  J12                  JUNCTION     0.00     0.00   228.20     0  00:00        0.00
  J11                  JUNCTION     0.00     0.00   229.00     0  00:00        0.00
  J10                  JUNCTION     0.00     0.00   229.60     0  00:00        0.00
  V21                  JUNCTION   219.81   221.74   449.34     0  01:33      221.74
  V20                  JUNCTION   214.31   220.97   448.57     0  02:21      220.97
  V19                  JUNCTION   206.59   218.84   445.74     0  02:43      218.84
  V18                  JUNCTION   198.43   216.01   441.21     0  03:53      216.01
  V17                  JUNCTION   192.36   215.45   439.95     0  04:16      215.45
  V16                  JUNCTION   186.31   215.27   439.97     0  05:26      215.27
  V15                  JUNCTION   179.48   214.33   439.63     0  05:54      214.33
  V14                  JUNCTION   172.20   212.52   437.12     0  07:00      212.52
  V13                  JUNCTION   165.55   211.16   434.66     0  08:13      211.16
  V12                  JUNCTION   157.72   209.00   433.90     0  08:28      209.00
  V11                  JUNCTION   149.09   206.56   430.46     0  08:34      206.56
  V10                  JUNCTION   141.99   206.10   429.20     0  09:14      206.10
  I42                  JUNCTION     0.00     0.00   220.00     0  00:00        0.00
  I41                  JUNCTION     0.00     0.00   219.00     0  00:00        0.00
  I40                  JUNCTION     0.00     0.00   222.00     0  00:00        0.00
  I39                  JUNCTION     0.00     0.00   223.00     0  00:00        0.00
  I38                  JUNCTION     0.00     0.00   224.00     0  00:00        0.00
  I37                  JUNCTION     0.00     0.00   220.00     0  00:00        0.00
  I36                  JUNCTION     0.00     0.00   221.00     0  00:00        0.00
  I35                  JUNCTION     0.00     0.00   225.00     0  00:00        0.00
  I34                  JUNCTION     0.00     0.00   229.00     0  00:00        0.00
  I33                  JUNCTION     0.00     0.00   228.00     0  00:00        0.00
  I32                  JUNCTION     0.00     0.00   225.00     0  00:00        0.00
  I31                  JUNCTION     0.00     0.00   228.00     0  00:00        0.00
  I29                  JUNCTION     0.00     0.00   216.00     0  00:00        0.00
  I26                  JUNCTION     0.00     0.00   222.00     0  00:00        0.00
  I25                  JUNCTION     0.00     0.00   228.20     0  00:00        0.00
  I24                  JUNCTION     0.00     0.00   228.60     0  00:00        0.00
  I23                  JUNCTION     0.00     0.00   229.20     0  00:00        0.00
  I21                  JUNCTION     0.00     0.00   228.80     0  00:00        0.00
  I20                  JUNCTION     0.00     0.00   228.40     0  00:00        0.00
  I17                  JUNCTION     0.00     0.00   223.40     0  00:00        0.00
  I16                  JUNCTION     0.00     0.00   222.60     0  00:00        0.00
  I14                  JUNCTION     0.00     0.00   220.00     0  00:00        0.00
  I12                  JUNCTION     0.00     0.00   217.50     0  00:00        0.00
  I11                  JUNCTION     0.00     0.00   216.00     0  00:00        0.00
  I10                  JUNCTION     0.00     0.00   221.00     0  00:00        0.00
  W19                  JUNCTION   211.12   212.91   438.91     0  01:49      212.91
  W18                  JUNCTION   201.89   210.08   438.88     0  02:34      210.08
  W17                  JUNCTION   195.89   209.27   437.27     0  03:19      209.27
  W16                  JUNCTION   190.38   208.87   436.27     0  04:08      208.86
  W15                  JUNCTION   183.70   207.83   435.83     0  04:53      207.83
  W14                  JUNCTION   177.49   207.05   435.05     0  05:39      207.05
  W13                  JUNCTION   170.84   206.02   434.62     0  05:49      206.02
  W12                  JUNCTION   164.69   205.00   433.60     0  07:14      205.00
  W11                  JUNCTION   161.57   208.00   431.00     0  07:58      208.00
  A19                  JUNCTION   214.07   215.90   438.90     0  01:32      215.90
  A18                  JUNCTION   207.60   213.98   437.98     0  01:59      213.98
  A17                  JUNCTION   201.72   213.45   436.45     0  02:23      213.45
  A16                  JUNCTION     0.00     0.00   226.00     0  00:00        0.00
  A15                  JUNCTION     0.00     0.00   226.00     0  00:00        0.00
  A14                  JUNCTION     0.00     0.00   226.00     0  00:00        0.00
  A13                  JUNCTION     0.00     0.00   226.00     0  00:00        0.00
  A12                  JUNCTION     0.00     0.00   228.00     0  00:00        0.00
  A11                  JUNCTION     0.00     0.00   228.50     0  00:00        0.00
  F17                  JUNCTION   203.35   205.00   427.00     0  01:29      205.00
  F16                  JUNCTION   198.03   203.87   426.87     0  01:34      203.87
  F15                  JUNCTION   192.46   203.35   423.35     0  02:12      203.10
  F14                  JUNCTION   189.07   205.01   422.01     0  16:12      205.00
  F13                  JUNCTION   185.67   207.01   422.01     0  16:17      207.00
  F12                  JUNCTION   175.40   205.00   422.00     0  16:17      205.00
  F11                  JUNCTION   170.90   206.00   422.00     0  16:11      206.00
  F10                  JUNCTION   161.30   204.00   422.00     0  16:11      204.00
  Fillmore             JUNCTION     0.00     0.00     0.00     0  00:00        0.00
  Michaels             JUNCTION     0.00     0.00   220.00     0  00:00        0.00
  VanBuren             JUNCTION     0.00     0.00     0.00     0  00:00        0.00
  Jackson              JUNCTION     0.00     0.00     0.00     0  00:00        0.00
  Western              JUNCTION     0.00     0.00     0.00     0  00:00        0.00
  I13                  JUNCTION     0.00     0.00     0.00     0  00:00        0.00
  F09                  JUNCTION     0.00     0.00   239.60     0  00:00        0.00
  I18                  JUNCTION     0.00     0.00     0.00     0  00:00        0.00
  V09                  JUNCTION     0.00     0.00     0.00     0  00:00        0.00
  I01                  OUTFALL      0.00     0.00   221.00     0  00:00        0.00
  I22                  STORAGE      0.00     0.00   249.00     0  00:00        0.00
  VOS                  STORAGE      0.00     0.00   243.40     0  00:00        0.00
  I43                  STORAGE      9.91    10.00   232.00     0  00:50       10.00
  I30                  STORAGE      0.00     0.00   221.00     0  00:00        0.00
  I28                  STORAGE      0.00     0.00   238.50     0  00:00        0.00
  I19                  STORAGE      0.00     0.00   248.00     0  00:00        0.00
  I15                  STORAGE      0.00     0.00   228.20     0  00:00        0.00
  FOS                  STORAGE      0.00     0.00   239.60     0  00:00        0.00
  I02                  STORAGE      0.00     0.00   221.00     0  00:00        0.00
  
  
  *******************
  Node Inflow Summary
  *******************
  
  -------------------------------------------------------------------------------------------------
                                  Maximum  Maximum                  Lateral       Total        Flow
                                  Lateral    Total  Time of Max      Inflow      Inflow     Balance
                                   Inflow   Inflow   Occurrence      Volume      Volume       Error
  Node                 Type           CFS      CFS  days hr:min    10^6 gal    10^6 gal     Percent
  -------------------------------------------------------------------------------------------------
  J21                  JUNCTION      1.00     1.00     0  00:00       0.646       0.646       3.536
  J20                  JUNCTION      0.00     0.59     0  00:50           0       0.368       6.041
  J19                  JUNCTION      0.00     0.59     0  02:41           0       0.347       6.328
  J18                  JUNCTION      0.00     0.59     0  03:59           0       0.327       6.601
  J17                  JUNCTION      0.00     1.02     0  04:42           0       0.306       7.160
  J16                  JUNCTION      0.00     0.59     0  07:15           0       0.286       7.553
  J15                  JUNCTION      0.00     0.59     0  07:49           0       0.266       8.160
  J14                  JUNCTION      0.00     0.59     0  08:43           0       0.246       8.864
  J13                  JUNCTION      0.00     0.59     0  11:02           0       0.226      11.633
  J12                  JUNCTION      0.00     0.00     0  00:00           0           0       0.000 gal
  J11                  JUNCTION      0.00     0.00     0  00:00           0           0       0.000 gal
  J10                  JUNCTION      0.00     0.00     0  00:00           0           0       0.000 gal
  V21                  JUNCTION      1.00     1.00     0  00:00       0.646       0.646       3.384
  V20                  JUNCTION      0.00     1.00     0  01:33           0       0.625       3.553
  V19                  JUNCTION      0.00     1.00     0  02:21           0       0.604       3.629
  V18                  JUNCTION      0.00     1.00     0  02:43           0       0.583       3.648
  V17                  JUNCTION      0.00     1.00     0  03:53           0       0.562       3.852
  V16                  JUNCTION      0.00     1.00     0  04:40           0       0.541       4.130
  V15                  JUNCTION      0.00     1.00     0  05:26           0        0.52       4.159
  V14                  JUNCTION      0.00     1.00     0  06:12           0       0.499       4.196
  V13                  JUNCTION      0.00     1.87     0  06:13           0       0.479       4.661
  V12                  JUNCTION      0.00     1.00     0  07:44           0       0.458       4.535
  V11                  JUNCTION      0.00     1.44     0  07:44           0       0.438       4.655
  V10                  JUNCTION      0.00     1.49     0  08:28           0       0.418       5.202
  I42                  JUNCTION      0.00     0.00     0  00:00           0           0       0.000 gal
  I41                  JUNCTION      0.00     0.00     0  00:00           0           0       0.000 gal
  I40                  JUNCTION      0.00     0.00     0  00:00           0           0       0.000 gal
  I39                  JUNCTION      0.00     0.00     0  00:00           0           0       0.000 gal
  I38                  JUNCTION      0.00     0.00     0  00:00           0           0       0.000 gal
  I37                  JUNCTION      0.00     0.00     0  00:00           0           0       0.000 gal
  I36                  JUNCTION      0.00     0.00     0  00:00           0           0       0.000 gal
  I35                  JUNCTION      0.00     0.00     0  00:00           0           0       0.000 gal
  I34                  JUNCTION      0.00     0.00     0  00:00           0           0       0.000 gal
  I33                  JUNCTION      0.00     0.00     0  00:00           0           0       0.000 gal
  I32                  JUNCTION      0.00     0.00     0  00:00           0           0       0.000 gal
  I31                  JUNCTION      0.00     0.00     0  00:00           0           0       0.000 gal
  I29                  JUNCTION      0.00     0.00     0  00:00           0           0       0.000 gal
  I26                  JUNCTION      0.00     0.00     0  00:00           0           0       0.000 gal
  I25                  JUNCTION      0.00     0.00     0  00:00           0           0       0.000 gal
  I24                  JUNCTION      0.00     0.00     0  00:00           0           0       0.000 gal
  I23                  JUNCTION      0.00     0.00     0  00:00           0           0       0.000 gal
  I21                  JUNCTION      0.00     0.00     0  00:00           0           0       0.000 gal
  I20                  JUNCTION      0.00     0.00     0  00:00           0           0       0.000 gal
  I17                  JUNCTION      0.00     0.00     0  00:00           0           0       0.000 gal
  I16                  JUNCTION      0.00     0.00     0  00:00           0           0       0.000 gal
  I14                  JUNCTION      0.00     0.00     0  00:00           0           0       0.000 gal
  I12                  JUNCTION      0.00     0.00     0  00:00           0           0       0.000 gal
  I11                  JUNCTION      0.00     0.00     0  00:00           0           0       0.000 gal
  I10                  JUNCTION      0.00     0.00     0  00:00           0           0       0.000 gal
  W19                  JUNCTION      1.00     1.00     0  00:00       0.646       0.646       4.715
  W18                  JUNCTION      0.00     1.00     0  01:51           0       0.617       3.440
  W17                  JUNCTION      0.00     1.01     0  02:35           0       0.597       3.514
  W16                  JUNCTION      0.00     1.03     0  03:20           0       0.576       3.875
  W15                  JUNCTION      0.00     1.25     0  04:07           0       0.555       3.806
  W14                  JUNCTION      0.00     1.07     0  04:52           0       0.535       4.174
  W13                  JUNCTION      0.00     1.03     0  05:43           0       0.513       4.009
  W12                  JUNCTION      0.00     1.82     0  05:40           0       0.493       4.201
  W11                  JUNCTION      0.00     1.00     0  07:08           0       0.473       9.695
  A19                  JUNCTION      1.00     1.00     0  00:00       0.646       0.646       3.395
  A18                  JUNCTION      0.00     1.00     0  01:33           0       0.625       3.438
  A17                  JUNCTION      0.00     1.00     0  02:19           0       0.604       3.807
  A16                  JUNCTION      0.00     0.00     0  00:00           0           0       0.000 gal
  A15                  JUNCTION      0.00     0.00     0  00:00           0           0       0.000 gal
  A14                  JUNCTION      0.00     0.00     0  00:00           0           0       0.000 gal
  A13                  JUNCTION      0.00     0.00     0  00:00           0           0       0.000 gal
  A12                  JUNCTION      0.00     0.00     0  00:00           0           0       0.000 gal
  A11                  JUNCTION      0.00     0.00     0  00:00           0           0       0.000 gal
  F17                  JUNCTION      1.00     1.00     0  00:00       0.646       0.646       3.319
  F16                  JUNCTION      0.00     1.62     0  00:43           0       0.626       3.200
  F15                  JUNCTION      0.00     1.63     0  01:29           0       0.606       2.767
  F14                  JUNCTION      0.00    14.04     0  02:12           0        0.59       8.584
  F13                  JUNCTION      0.00     1.31     0  16:13           0       0.543      19.233
  F12                  JUNCTION      0.00     1.47     0  16:18           0       0.456      19.835
  F11                  JUNCTION      0.00     1.74     0  16:14           0       0.383      30.526
  F10                  JUNCTION      0.00     1.00     0  06:37           0       0.083    2902.033
  Fillmore             JUNCTION      0.00     0.00     0  00:00           0           0       0.000 gal
  Michaels             JUNCTION      0.00     0.00     0  00:00           0           0       0.000 gal
  VanBuren             JUNCTION      0.00     0.00     0  00:00           0           0       0.000 gal
  Jackson              JUNCTION      0.00     0.00     0  00:00           0           0       0.000 gal
  Western              JUNCTION      0.00     0.00     0  00:00           0           0       0.000 gal
  I13                  JUNCTION      0.00     0.00     0  00:00           0           0       0.000 gal
  F09                  JUNCTION      0.00     0.00     0  00:00           0           0       0.000 gal
  I18                  JUNCTION      0.00     0.00     0  00:00           0           0       0.000 gal
  V09                  JUNCTION      0.00     0.00     0  00:00           0           0       0.000 gal
  I01                  OUTFALL       0.00     0.00     0  00:00           0           0       0.000 gal
  I22                  STORAGE       0.00     0.00     0  00:00           0           0       0.000 gal
  VOS                  STORAGE       0.00     0.00     0  00:00           0           0       0.000 gal
  I43                  STORAGE       1.00     1.00     0  00:00       0.646       0.646      -0.003
  I30                  STORAGE       0.00     0.00     0  00:00           0           0       0.000 gal
  I28                  STORAGE       0.00     0.00     0  00:00           0           0       0.000 gal
  I19                  STORAGE       0.00     0.00     0  00:00           0           0       0.000 gal
  I15                  STORAGE       0.00     0.00     0  00:00           0           0       0.000 gal
  FOS                  STORAGE       0.00     0.00     0  00:00           0           0       0.000 gal
  I02                  STORAGE       0.00     0.00     0  00:00           0           0       0.000 gal
  
  
  **********************
  Node Surcharge Summary
  **********************
  
  Surcharging occurs when water rises above the top of the highest conduit.
  ---------------------------------------------------------------------
                                               Max. Height   Min. Depth
                                   Hours       Above Crown    Below Rim
  Node                 Type      Surcharged           Feet         Feet
  ---------------------------------------------------------------------
  J21                  JUNCTION       23.17          0.000        0.000
  J13                  JUNCTION       12.74          0.000        0.000
  V10                  JUNCTION       14.76          0.000        0.000
  W11                  JUNCTION       16.03          0.000        0.000
  A17                  JUNCTION       21.62          0.000        0.000
  F11                  JUNCTION        7.81          0.000        0.000
  
  
  *********************
  Node Flooding Summary
  *********************
  
  Flooding refers to all water that overflows a node, whether it ponds or not.
  --------------------------------------------------------------------------
                                                             Total   Maximum
                                 Maximum   Time of Max       Flood    Ponded
                        Hours       Rate    Occurrence      Volume     Depth
  Node                 Flooded       CFS   days hr:min    10^6 gal      Feet
  --------------------------------------------------------------------------
  J21                    23.17      0.43      0  00:50       0.256     0.000
  J13                    12.74      0.59      0  11:15       0.202     0.000
  V10                    14.76      1.00      0  09:14       0.398     0.000
  W11                    16.03      1.00      0  07:58       0.432     0.000
  A17                    21.62      1.00      0  02:23       0.582     0.000
  F11                     7.81      1.73      0  16:14       0.210     0.000
  I43                    23.17      1.00      0  00:50       0.624     0.000
  
  
  **********************
  Storage Volume Summary
  **********************
  
  ------------------------------------------------------------------------------------------------
                         Average    Avg   Evap  Exfil     Maximum    Max    Time of Max    Maximum
                          Volume   Pcnt   Pcnt   Pcnt      Volume   Pcnt     Occurrence    Outflow
  Storage Unit          1000 ft³   Full   Loss   Loss    1000 ft³   Full    days hr:min        CFS
  ------------------------------------------------------------------------------------------------
  I22                      0.000    0.0    0.0    0.0       0.000    0.0       0  00:00       0.00
  VOS                      0.000    0.0    0.0    0.0       0.000    0.0       0  00:00       0.00
  I43                      2.972   99.1    0.0    0.0       3.000  100.0       0  00:50       0.00
  I30                      0.000    0.0    0.0    0.0       0.000    0.0       0  00:00       0.00
  I28                      0.000    0.0    0.0    0.0       0.000    0.0       0  00:00       0.00
  I19                      0.000    0.0    0.0    0.0       0.000    0.0       0  00:00       0.00
  I15                      0.000    0.0    0.0    0.0       0.000    0.0       0  00:00       0.00
  FOS                      0.000    0.0    0.0    0.0       0.000    0.0       0  00:00       0.00
  I02                      0.000    0.0    0.0    0.0       0.000    0.0       0  00:00       0.00
  
  
  ***********************
  Outfall Loading Summary
  ***********************
  
  -----------------------------------------------------------
                         Flow       Avg       Max       Total
                         Freq      Flow      Flow      Volume
  Outfall Node           Pcnt       CFS       CFS    10^6 gal
  -----------------------------------------------------------
  I01                    0.00      0.00      0.00       0.000
  -----------------------------------------------------------
  System                 0.00      0.00      0.00       0.000
  
  
  ********************
  Link Flow Summary
  ********************
  
  -----------------------------------------------------------------------------
                                 Maximum  Time of Max   Maximum    Max/    Max/
                                  |Flow|   Occurrence   |Veloc|    Full    Full
  Link                 Type          CFS  days hr:min    ft/sec    Flow   Depth
  -----------------------------------------------------------------------------
  J021                 CONDUIT      0.59     0  00:50      1.46    1.30    0.70
  J020                 CONDUIT      0.59     0  02:41      2.75    0.22    0.32
  J019                 CONDUIT      0.59     0  03:59      2.71    0.22    0.32
  J018                 CONDUIT      1.02     0  04:42      4.44    0.17    0.25
  J017                 CONDUIT      0.59     0  07:15      1.94    0.25    0.30
  J016                 CONDUIT      0.59     0  07:49      3.35    0.07    0.18
  J015                 CONDUIT      0.59     0  08:43      2.45    0.09    0.19
  J014                 CONDUIT      0.59     0  11:02      4.97    0.03    0.56
  J013                 CONDUIT      0.00     0  00:00      0.00    0.00    0.50
  J012                 CONDUIT      0.00     0  00:00      0.00    0.00    0.00
  J011                 CONDUIT      0.00     0  00:00      0.00    0.00    0.00
  J010                 CONDUIT      0.00     0  00:00      0.00    0.00    0.00
  V021                 CONDUIT      1.00     0  01:33      3.11    0.39    0.43
  V020                 CONDUIT      1.00     0  02:21      3.75    0.30    0.37
  V019                 CONDUIT      1.00     0  02:43      4.27    0.25    0.34
  V018                 CONDUIT      1.00     0  03:53      3.83    0.09    0.21
  V017                 CONDUIT      1.00     0  04:40      3.16    0.12    0.36
  V016                 CONDUIT      1.00     0  05:26      1.62    0.24    0.38
  V015                 CONDUIT      1.00     0  06:12      3.48    0.11    0.22
  V014                 CONDUIT      1.87     0  06:13      5.43    0.19    0.26
  V013                 CONDUIT      1.00     0  07:44      2.12    0.26    0.31
  V012                 CONDUIT      1.44     0  07:44      5.44    0.13    0.21
  V011                 CONDUIT      1.49     0  08:28      6.66    0.10    0.59
  V010                 CONDUIT      0.00     0  00:00      0.00    0.00    0.50
  I043                 CONDUIT      0.00     0  00:00      0.00    0.00    0.00
  I042                 CONDUIT      0.00     0  00:00      0.00    0.00    0.00
  I041                 CONDUIT      0.00     0  00:00      0.00    0.00    0.00
  I040                 CONDUIT      0.00     0  00:00      0.00    0.00    0.00
  I039                 CONDUIT      0.00     0  00:00      0.00    0.00    0.00
  I038                 CONDUIT      0.00     0  00:00      0.00    0.00    0.00
  I037                 CONDUIT      0.00     0  00:00      0.00    0.00    0.00
  I036                 CONDUIT      0.00     0  00:00      0.00    0.00    0.00
  I035                 CONDUIT      0.00     0  00:00      0.00    0.00    0.00
  I034                 CONDUIT      0.00     0  00:00      0.00    0.00    0.00
  I033                 CONDUIT      0.00     0  00:00      0.00    0.00    0.00
  I032                 CONDUIT      0.00     0  00:00      0.00    0.00    0.00
  I031                 CONDUIT      0.00     0  00:00      0.00    0.00    0.00
  I030                 CONDUIT      0.00     0  00:00      0.00    0.00    0.00
  I029                 CONDUIT      0.00     0  00:00      0.00    0.00    0.00
  I028                 CONDUIT      0.00     0  00:00      0.00    0.00    0.00
  I026                 CONDUIT      0.00     0  00:00      0.00    0.00    0.00
  I025                 CONDUIT      0.00     0  00:00      0.00    0.00    0.00
  I024                 CONDUIT      0.00     0  00:00      0.00    0.00    0.00
  I023                 CONDUIT      0.00     0  00:00      0.00    0.00    0.00
  I022                 CONDUIT      0.00     0  00:00      0.00    0.00    0.00
  I021                 CONDUIT      0.00     0  00:00      0.00    0.00    0.00
  I020                 CONDUIT      0.00     0  00:00      0.00    0.00    0.00
  I019                 CONDUIT      0.00     0  00:00      0.00    0.00    0.00
  I018                 CONDUIT      0.00     0  00:00      0.00    0.00    0.00
  I017                 CONDUIT      0.00     0  00:00      0.00    0.00    0.00
  I016                 CONDUIT      0.00     0  00:00      0.00    0.00    0.00
  I015                 CONDUIT      0.00     0  00:00      0.00    0.00    0.00
  I014                 CONDUIT      0.00     0  00:00      0.00    0.00    0.00
  I013                 CONDUIT      0.00     0  00:00      0.00    0.00    0.00
  I012                 CONDUIT      0.00     0  00:00      0.00    0.00    0.00
  I011                 CONDUIT      0.00     0  00:00      0.00    0.00    0.00
  I010                 CONDUIT      0.00     0  00:00      0.00    0.00    0.00
  I002                 CONDUIT      0.00     0  00:00      0.00    0.00    0.00
  W019                 CONDUIT      1.00     0  01:51      0.40    0.01    0.28
  W018                 CONDUIT      1.01     0  02:35      2.74    0.01    0.08
  W017                 CONDUIT      1.03     0  03:20      2.85    0.01    0.10
  W016                 CONDUIT      1.25     0  04:07      1.75    0.03    0.12
  W015                 CONDUIT      1.07     0  04:52      2.32    0.01    0.10
  W014                 CONDUIT      1.03     0  05:43      1.74    0.02    0.10
  W013                 CONDUIT      1.82     0  05:40      3.86    0.02    0.08
  W012                 CONDUIT      1.00     0  07:08      5.44    0.00    0.52
  W011                 CONDUIT      0.00     0  00:00      0.00    0.00    0.50
  A019                 CONDUIT      1.00     0  01:33      2.30    1.13    0.75
  A018                 CONDUIT      1.00     0  02:19      3.62    0.31    0.69
  A017                 CONDUIT      0.00     0  00:00      0.00    0.00    0.50
  A016                 CONDUIT      0.00     0  00:00      0.00    0.00    0.00
  A015                 CONDUIT      0.00     0  00:00      0.00    0.00    0.00
  A014                 CONDUIT      0.00     0  00:00      0.00    0.00    0.00
  A013                 CONDUIT      0.00     0  00:00      0.00    0.00    0.00
  A012                 CONDUIT      0.00     0  00:00      0.00    0.00    0.00
  A011                 CONDUIT      0.00     0  00:00      0.00    0.00    0.00
  F017                 CONDUIT      1.62     0  00:43      1.70    0.01    0.08
  F016                 CONDUIT      1.63     0  01:29      3.82    0.00    0.05
  F015                 CONDUIT     14.04     0  02:12      8.97    0.02    0.23
  F014                 CONDUIT      1.31     0  16:13      3.37    0.00    0.66
  F013                 CONDUIT      1.47     0  16:18      0.36    0.00    0.80
  F012                 CONDUIT      1.59     0  16:23      2.74    0.00    0.86
  F011                 CONDUIT      1.00     0  06:37      0.35    0.00    0.91
  F010                 CONDUIT      0.00     0  00:00      0.00    0.00    0.41
  Mich_OF              CONDUIT      0.00     0  00:00      0.00    0.00    0.00
  FOrf                 ORIFICE      0.00     0  00:00                      0.00
  394                  ORIFICE      0.00     0  00:00                      0.00
  Fill_OF              WEIR         0.00     0  00:00                      0.00
  VanB_OF              WEIR         0.00     0  00:00                      0.00
  Jack_OF              WEIR         0.00     0  00:00                      0.00
  West_OF              WEIR         0.00     0  00:00                      0.00
  FillDam              WEIR         0.00     0  00:00                      0.00
  393                  WEIR         0.00     0  00:00                      0.00
  
  
  ***************************
  Flow Classification Summary
  ***************************
  
  -------------------------------------------------------------------------------------
                      Adjusted    ---------- Fraction of Time in Flow Class ---------- 
                       /Actual         Up    Down  Sub   Sup   Up    Down  Norm  Inlet 
  Conduit               Length    Dry  Dry   Dry   Crit  Crit  Crit  Crit  Ltd   Ctrl  
  -------------------------------------------------------------------------------------
  J021                    1.00   0.03  0.00  0.00  0.00  0.00  0.97  0.00  0.00  0.00
  J020                    1.00   0.09  0.00  0.00  0.00  0.00  0.00  0.91  0.00  0.00
  J019                    1.00   0.14  0.00  0.00  0.00  0.00  0.00  0.86  0.00  0.00
  J018                    1.00   0.20  0.00  0.00  0.75  0.00  0.00  0.05  0.75  0.00
  J017                    1.00   0.25  0.00  0.00  0.00  0.00  0.00  0.75  0.00  0.00
  J016                    1.00   0.30  0.00  0.00  0.00  0.00  0.00  0.70  0.00  0.00
  J015                    1.00   0.35  0.00  0.00  0.00  0.00  0.00  0.65  0.00  0.00
  J014                    1.00   0.41  0.00  0.00  0.54  0.00  0.00  0.05  0.54  0.00
  J013                    1.00   0.46  0.54  0.00  0.00  0.00  0.00  0.00  0.00  0.00
  J012                    1.00   1.00  0.00  0.00  0.00  0.00  0.00  0.00  0.00  0.00
  J011                    1.00   1.00  0.00  0.00  0.00  0.00  0.00  0.00  0.00  0.00
  J010                    1.00   1.00  0.00  0.00  0.00  0.00  0.00  0.00  0.00  0.00
  V021                    1.00   0.03  0.00  0.00  0.00  0.00  0.00  0.97  0.00  0.00
  V020                    1.00   0.06  0.00  0.00  0.00  0.00  0.00  0.94  0.00  0.00
  V019                    1.00   0.10  0.00  0.00  0.00  0.00  0.00  0.90  0.00  0.00
  V018                    1.00   0.13  0.00  0.00  0.00  0.00  0.00  0.87  0.00  0.00
  V017                    1.00   0.16  0.00  0.00  0.81  0.00  0.00  0.03  0.81  0.00
  V016                    1.00   0.19  0.00  0.00  0.00  0.00  0.81  0.00  0.00  0.00
  V015                    1.00   0.23  0.00  0.00  0.00  0.00  0.00  0.77  0.00  0.00
  V014                    1.00   0.26  0.00  0.00  0.71  0.00  0.00  0.03  0.71  0.00
  V013                    1.00   0.29  0.00  0.00  0.00  0.00  0.00  0.71  0.00  0.00
  V012                    1.00   0.32  0.00  0.00  0.00  0.00  0.00  0.68  0.00  0.00
  V011                    1.00   0.35  0.00  0.00  0.62  0.00  0.00  0.03  0.62  0.00
  V010                    1.00   0.38  0.62  0.00  0.00  0.00  0.00  0.00  0.00  0.00
  I043                    1.00   1.00  0.00  0.00  0.00  0.00  0.00  0.00  0.00  0.00
  I042                    1.00   1.00  0.00  0.00  0.00  0.00  0.00  0.00  0.00  0.00
  I041                    1.00   1.00  0.00  0.00  0.00  0.00  0.00  0.00  0.00  0.00
  I040                    1.00   1.00  0.00  0.00  0.00  0.00  0.00  0.00  0.00  0.00
  I039                    1.00   1.00  0.00  0.00  0.00  0.00  0.00  0.00  0.00  0.00
  I038                    1.00   1.00  0.00  0.00  0.00  0.00  0.00  0.00  0.00  0.00
  I037                    1.00   1.00  0.00  0.00  0.00  0.00  0.00  0.00  0.00  0.00
  I036                    1.00   1.00  0.00  0.00  0.00  0.00  0.00  0.00  0.00  0.00
  I035                    1.00   1.00  0.00  0.00  0.00  0.00  0.00  0.00  0.00  0.00
  I034                    1.00   1.00  0.00  0.00  0.00  0.00  0.00  0.00  0.00  0.00
  I033                    1.00   1.00  0.00  0.00  0.00  0.00  0.00  0.00  0.00  0.00
  I032                    1.00   1.00  0.00  0.00  0.00  0.00  0.00  0.00  0.00  0.00
  I031                    1.00   1.00  0.00  0.00  0.00  0.00  0.00  0.00  0.00  0.00
  I030                    1.00   1.00  0.00  0.00  0.00  0.00  0.00  0.00  0.00  0.00
  I029                    1.00   1.00  0.00  0.00  0.00  0.00  0.00  0.00  0.00  0.00
  I028                    1.00   1.00  0.00  0.00  0.00  0.00  0.00  0.00  0.00  0.00
  I026                    1.00   1.00  0.00  0.00  0.00  0.00  0.00  0.00  0.00  0.00
  I025                    1.00   1.00  0.00  0.00  0.00  0.00  0.00  0.00  0.00  0.00
  I024                    1.00   1.00  0.00  0.00  0.00  0.00  0.00  0.00  0.00  0.00
  I023                    1.00   1.00  0.00  0.00  0.00  0.00  0.00  0.00  0.00  0.00
  I022                    1.00   1.00  0.00  0.00  0.00  0.00  0.00  0.00  0.00  0.00
  I021                    1.00   1.00  0.00  0.00  0.00  0.00  0.00  0.00  0.00  0.00
  I020                    1.00   1.00  0.00  0.00  0.00  0.00  0.00  0.00  0.00  0.00
  I019                    1.00   1.00  0.00  0.00  0.00  0.00  0.00  0.00  0.00  0.00
  I018                    1.00   1.00  0.00  0.00  0.00  0.00  0.00  0.00  0.00  0.00
  I017                    1.00   1.00  0.00  0.00  0.00  0.00  0.00  0.00  0.00  0.00
  I016                    1.00   1.00  0.00  0.00  0.00  0.00  0.00  0.00  0.00  0.00
  I015                    1.00   1.00  0.00  0.00  0.00  0.00  0.00  0.00  0.00  0.00
  I014                    1.00   1.00  0.00  0.00  0.00  0.00  0.00  0.00  0.00  0.00
  I013                    1.00   1.00  0.00  0.00  0.00  0.00  0.00  0.00  0.00  0.00
  I012                    1.00   1.00  0.00  0.00  0.00  0.00  0.00  0.00  0.00  0.00
  I011                    1.00   1.00  0.00  0.00  0.00  0.00  0.00  0.00  0.00  0.00
  I010                    1.00   1.00  0.00  0.00  0.00  0.00  0.00  0.00  0.00  0.00
  I002                    1.00   1.00  0.00  0.00  0.00  0.00  0.00  0.00  0.00  0.00
  W019                    1.00   0.03  0.01  0.00  0.00  0.00  0.96  0.00  0.00  0.00
  W018                    1.00   0.08  0.00  0.00  0.00  0.00  0.00  0.92  0.00  0.00
  W017                    1.00   0.11  0.00  0.00  0.86  0.00  0.00  0.03  0.86  0.00
  W016                    1.00   0.14  0.00  0.00  0.83  0.00  0.00  0.03  0.00  0.00
  W015                    1.00   0.17  0.00  0.00  0.80  0.00  0.00  0.03  0.80  0.00
  W014                    1.00   0.20  0.00  0.00  0.76  0.00  0.00  0.03  0.00  0.00
  W013                    1.00   0.24  0.00  0.00  0.00  0.00  0.00  0.76  0.00  0.00
  W012                    1.00   0.27  0.00  0.00  0.70  0.00  0.00  0.03  0.70  0.00
  W011                    1.00   0.30  0.70  0.00  0.00  0.00  0.00  0.00  0.00  0.00
  A019                    1.00   0.03  0.00  0.00  0.00  0.00  0.00  0.97  0.00  0.00
  A018                    1.00   0.06  0.00  0.00  0.90  0.00  0.00  0.03  0.90  0.00
  A017                    1.00   0.10  0.90  0.00  0.00  0.00  0.00  0.00  0.00  0.00
  A016                    1.00   1.00  0.00  0.00  0.00  0.00  0.00  0.00  0.00  0.00
  A015                    1.00   1.00  0.00  0.00  0.00  0.00  0.00  0.00  0.00  0.00
  A014                    1.00   1.00  0.00  0.00  0.00  0.00  0.00  0.00  0.00  0.00
  A013                    1.00   1.00  0.00  0.00  0.00  0.00  0.00  0.00  0.00  0.00
  A012                    1.00   1.00  0.00  0.00  0.00  0.00  0.00  0.00  0.00  0.00
  A011                    1.00   1.00  0.00  0.00  0.00  0.00  0.00  0.00  0.00  0.00
  F017                    1.00   0.03  0.00  0.00  0.00  0.00  0.97  0.00  0.00  0.00
  F016                    1.00   0.06  0.00  0.00  0.00  0.91  0.00  0.03  0.03  0.00
  F015                    1.00   0.09  0.00  0.00  0.55  0.33  0.00  0.03  0.88  0.00
  F014                    1.00   0.12  0.00  0.00  0.85  0.00  0.00  0.03  0.29  0.00
  F013                    1.00   0.15  0.02  0.00  0.80  0.00  0.04  0.00  0.00  0.00
  F012                    1.00   0.20  0.00  0.00  0.77  0.00  0.00  0.03  0.07  0.00
  F011                    1.00   0.23  0.01  0.00  0.72  0.00  0.03  0.00  0.00  0.00
  F010                    1.00   0.28  0.72  0.00  0.00  0.00  0.00  0.00  0.00  0.00
  Mich_OF                 1.00   1.00  0.00  0.00  0.00  0.00  0.00  0.00  0.00  0.00
  
  
  *************************
  Conduit Surcharge Summary
  *************************
  
  ----------------------------------------------------------------------------
                                                           Hours        Hours 
                         --------- Hours Full --------   Above Full   Capacity
  Conduit                Both Ends  Upstream  Dnstream   Normal Flow   Limited
  ----------------------------------------------------------------------------
  J021                        0.01      0.01     23.17     23.18         0.01
  J014                        0.01      0.01     12.74      0.01         0.01
  V011                        0.01      0.01     14.76      0.01         0.01
  W012                        0.01      0.01     16.03      0.01         0.01
  A019                        0.01      0.01      0.01     23.17         0.01
  A018                        0.01      0.01     21.63      0.01         0.01
  F012                        0.01      0.01      7.81      0.01         0.01
  F011                        0.01      0.01      7.81      0.01         0.01
  

  Analysis begun on:  Wed Jul 22 11:58:50 2026
  Analysis ended on:  Wed Jul 22 11:58:50 2026
  Total elapsed time: < 1 sec