
  EPA STORM WATER MANAGEMENT MODEL - VERSION 5.2 (Build 5.2.4)
  ------------------------------------------------------------

  Converted from XPSWMM .xp file 
  
  ****************
  Analysis Options
  ****************
  Flow Units ............... CFS
  Process Models:
    Rainfall/Runoff ........ NO
    RDII ................... NO
    Snowmelt ............... NO
    Groundwater ............ NO
    Flow Routing ........... YES
    Ponding Allowed ........ NO
    Water Quality .......... NO
  Flow Routing Method ...... DYNWAVE
  Surcharge Method ......... EXTRAN
  Starting Date ............ 01/01/2001 00:00:00
  Ending Date .............. 01/02/2001 00:00:00
  Antecedent Dry Days ...... 0.0
  Report Time Step ......... 00:15:00
  Routing Time Step ........ 60.00 sec
  Variable Time Step ....... YES
  Maximum Trials ........... 8
  Number of Threads ........ 1
  Head Tolerance ........... 0.005000 ft
  
  
  **************************        Volume        Volume
  Flow Routing Continuity        acre-feet      10^6 gal
  **************************     ---------     ---------
  Dry Weather Inflow .......         0.000         0.000
  Wet Weather Inflow .......         0.000         0.000
  Groundwater Inflow .......         0.000         0.000
  RDII Inflow ..............         0.000         0.000
  External Inflow ..........         1.983         0.646
  External Outflow .........         3.681         1.200
  Flooding Loss ............        21.006         6.845
  Evaporation Loss .........         0.000         0.000
  Exfiltration Loss ........         0.000         0.000
  Initial Stored Volume ....         0.000         0.000
  Final Stored Volume ......         0.005         0.002
  Continuity Error (%) .....     -1144.959
  
  
  *************************
  Highest Continuity Errors
  *************************
  Node 202 (-27.81%)
  Node 204 (-19.96%)
  
  
  ***************************
  Time-Step Critical Elements
  ***************************
  Link 205 (71.86%)
  Link 203 (19.08%)
  
  
  ********************************
  Highest Flow Instability Indexes
  ********************************
  Link 205 (25)
  Link 203 (8)
  Link 207 (1)
  
  
  *********************************
  Most Frequent Nonconverging Nodes
  *********************************
  Node 206 (23.25%)
  Node 204 (21.02%)
  Node 202 (20.09%)
  Node 201 (3.02%)
  
  
  *************************
  Routing Time Step Summary
  *************************
  Minimum Time Step           :     0.12 sec
  Average Time Step           :    10.73 sec
  Maximum Time Step           :    60.00 sec
  % of Time in Steady State   :     0.00
  Average Iterations per Step :     4.60
  % of Steps Not Converging   :    23.25
  Time Step Frequencies       :
     60.000 - 23.031 sec      :     8.55 %
     23.031 -  8.841 sec      :    19.11 %
      8.841 -  3.393 sec      :    33.08 %
      3.393 -  1.303 sec      :     7.94 %
      1.303 -  0.500 sec      :    31.32 %
  
  
  ******************
  Node Depth Summary
  ******************
  
  ---------------------------------------------------------------------------------
                                 Average  Maximum  Maximum  Time of Max    Reported
                                   Depth    Depth      HGL   Occurrence   Max Depth
  Node                 Type         Feet     Feet     Feet  days hr:min        Feet
  ---------------------------------------------------------------------------------
  201                  JUNCTION   478.53   503.00  1013.00     0  02:22      502.24
  202                  JUNCTION   426.84   502.00  1012.00     0  01:56      501.90
  204                  JUNCTION   387.99   503.00  1013.00     0  03:34      495.29
  206                  OUTFALL      0.00     0.00   510.00     0  00:00        0.00
  
  
  *******************
  Node Inflow Summary
  *******************
  
  -------------------------------------------------------------------------------------------------
                                  Maximum  Maximum                  Lateral       Total        Flow
                                  Lateral    Total  Time of Max      Inflow      Inflow     Balance
                                   Inflow   Inflow   Occurrence      Volume      Volume       Error
  Node                 Type           CFS      CFS  days hr:min    10^6 gal    10^6 gal     Percent
  -------------------------------------------------------------------------------------------------
  201                  JUNCTION      1.00    91.63     0  22:00       0.646        1.22     -17.011
  202                  JUNCTION      0.00  1950.97     0  14:26           0        14.9     -21.761
  204                  JUNCTION      0.00  2624.04     0  19:11           0        15.1     -16.637
  206                  OUTFALL       0.00   182.60     0  19:12           0         1.2       0.000
  
  
  **********************
  Node Surcharge Summary
  **********************
  
  Surcharging occurs when water rises above the top of the highest conduit.
  ---------------------------------------------------------------------
                                               Max. Height   Min. Depth
                                   Hours       Above Crown    Below Rim
  Node                 Type      Surcharged           Feet         Feet
  ---------------------------------------------------------------------
  201                  JUNCTION        0.42          0.000        0.000
  202                  JUNCTION        0.69          0.000        0.000
  204                  JUNCTION        0.47          0.000        0.000
  
  
  *********************
  Node Flooding Summary
  *********************
  
  Flooding refers to all water that overflows a node, whether it ponds or not.
  --------------------------------------------------------------------------
                                                             Total   Maximum
                                 Maximum   Time of Max       Flood    Ponded
                        Hours       Rate    Occurrence      Volume     Depth
  Node                 Flooded       CFS   days hr:min    10^6 gal      Feet
  --------------------------------------------------------------------------
  201                     0.42     90.00      0  22:00       0.415     0.000
  202                     0.69   1256.79      0  13:30       4.378     0.000
  204                     0.47   1257.35      0  19:11       4.174     0.000
  
  
  ***********************
  Outfall Loading Summary
  ***********************
  
  -----------------------------------------------------------
                         Flow       Avg       Max       Total
                         Freq      Flow      Flow      Volume
  Outfall Node           Pcnt       CFS       CFS    10^6 gal
  -----------------------------------------------------------
  206                    2.15     73.98    182.60       1.199
  -----------------------------------------------------------
  System                 2.15     73.98    182.60       1.199
  
  
  ********************
  Link Flow Summary
  ********************
  
  -----------------------------------------------------------------------------
                                 Maximum  Time of Max   Maximum    Max/    Max/
                                  |Flow|   Occurrence   |Veloc|    Full    Full
  Link                 Type          CFS  days hr:min    ft/sec    Flow   Depth
  -----------------------------------------------------------------------------
  203                  CONDUIT    173.88     0  19:06     38.64    2.20    1.00
  205                  CONDUIT   2624.04     0  19:11    >50.00  219.38    1.00
  207                  CONDUIT    182.60     0  19:12     38.64    2.32    0.99
  
  
  ***************************
  Flow Classification Summary
  ***************************
  
  -------------------------------------------------------------------------------------
                      Adjusted    ---------- Fraction of Time in Flow Class ---------- 
                       /Actual         Up    Down  Sub   Sup   Up    Down  Norm  Inlet 
  Conduit               Length    Dry  Dry   Dry   Crit  Crit  Crit  Crit  Ltd   Ctrl  
  -------------------------------------------------------------------------------------
  203                     1.00   0.42  0.00  0.00  0.01  0.00  0.02  0.55  0.00  0.00
  205                     1.00   0.47  0.01  0.00  0.15  0.01  0.09  0.28  0.00  0.00
  207                     1.00   0.98  0.00  0.00  0.00  0.00  0.00  0.02  0.00  0.00
  
  
  *************************
  Conduit Surcharge Summary
  *************************
  
  ----------------------------------------------------------------------------
                                                           Hours        Hours 
                         --------- Hours Full --------   Above Full   Capacity
  Conduit                Both Ends  Upstream  Dnstream   Normal Flow   Limited
  ----------------------------------------------------------------------------
  203                         0.05      0.61      7.63      0.37         0.01
  205                         2.48      7.31      8.58      5.57         0.99
  207                         0.01     20.46      0.01      0.36         0.01
  

  Analysis begun on:  Wed Jul 22 12:00:41 2026
  Analysis ended on:  Wed Jul 22 12:00:41 2026
  Total elapsed time: < 1 sec