
  EPA STORM WATER MANAGEMENT MODEL - VERSION 5.2 (Build 5.2.4)
  ------------------------------------------------------------

  Design Tools 
  
  ****************
  Analysis Options
  ****************
  Flow Units ............... CFS
  Process Models:
    Rainfall/Runoff ........ NO
    RDII ................... NO
    Snowmelt ............... NO
    Groundwater ............ NO
    Flow Routing ........... YES
    Ponding Allowed ........ NO
    Water Quality .......... NO
  Flow Routing Method ...... DYNWAVE
  Surcharge Method ......... EXTRAN
  Starting Date ............ 01/01/2001 00:00:00
  Ending Date .............. 01/02/2001 00:00:00
  Antecedent Dry Days ...... 0.0
  Report Time Step ......... 00:15:00
  Routing Time Step ........ 60.00 sec
  Variable Time Step ....... YES
  Maximum Trials ........... 8
  Number of Threads ........ 1
  Head Tolerance ........... 0.005000 ft
  
  
  **************************        Volume        Volume
  Flow Routing Continuity        acre-feet      10^6 gal
  **************************     ---------     ---------
  Dry Weather Inflow .......         0.000         0.000
  Wet Weather Inflow .......         0.000         0.000
  Groundwater Inflow .......         0.000         0.000
  RDII Inflow ..............         0.000         0.000
  External Inflow ..........         1.190         0.388
  External Outflow .........         0.099         0.032
  Flooding Loss ............         0.099         0.032
  Evaporation Loss .........         0.000         0.000
  Exfiltration Loss ........         0.000         0.000
  Initial Stored Volume ....         0.000         0.000
  Final Stored Volume ......         0.000         0.000
  Continuity Error (%) .....        83.335
  
  
  *************************
  Highest Continuity Errors
  *************************
  Node Pond (100.00%)
  Node 3/1 (100.00%)
  Node Junction (100.00%)
  Node 5/1 (100.00%)
  Node 5/2 (100.00%)
  
  
  ***************************
  Time-Step Critical Elements
  ***************************
  None
  
  
  ********************************
  Highest Flow Instability Indexes
  ********************************
  All links are stable.
  
  
  *********************************
  Most Frequent Nonconverging Nodes
  *********************************
  Convergence obtained at all time steps.
  
  
  *************************
  Routing Time Step Summary
  *************************
  Minimum Time Step           :    59.50 sec
  Average Time Step           :    59.96 sec
  Maximum Time Step           :    60.00 sec
  % of Time in Steady State   :     0.00
  Average Iterations per Step :     2.00
  % of Steps Not Converging   :     0.00
  Time Step Frequencies       :
     60.000 - 23.031 sec      :   100.00 %
     23.031 -  8.841 sec      :     0.00 %
      8.841 -  3.393 sec      :     0.00 %
      3.393 -  1.303 sec      :     0.00 %
      1.303 -  0.500 sec      :     0.00 %
  
  
  ******************
  Node Depth Summary
  ******************
  
  ---------------------------------------------------------------------------------
                                 Average  Maximum  Maximum  Time of Max    Reported
                                   Depth    Depth      HGL   Occurrence   Max Depth
  Node                 Type         Feet     Feet     Feet  days hr:min        Feet
  ---------------------------------------------------------------------------------
  4/1                  JUNCTION   171.89   343.78  1636.87     1  00:00      343.78
  Pond                 JUNCTION   171.89   343.78  1622.78     1  00:00      343.78
  3/1                  JUNCTION   171.89   343.78  1624.28     1  00:00      343.78
  Junction             JUNCTION   171.89   343.78  1623.78     1  00:00      343.78
  3/2                  JUNCTION   171.89   343.78  1632.78     1  00:00      343.78
  5/1                  JUNCTION   171.89   343.78  1628.93     1  00:00      343.78
  5/2                  JUNCTION   171.89   343.78  1635.30     1  00:00      343.78
  5/3                  JUNCTION   171.89   343.78  1645.52     1  00:00      343.78
  5/4                  JUNCTION   171.89   343.78  1649.27     1  00:00      343.78
  5/5                  JUNCTION     0.00     0.00  1309.18     0  00:00        0.00
  Riser                JUNCTION   171.89   343.78  1622.28     1  00:00      343.78
  StreetI8             JUNCTION     0.00     0.00  1301.18     0  00:00        0.00
  3/375                OUTFALL      0.00     0.00  1278.00     0  00:00        0.00
  
  
  *******************
  Node Inflow Summary
  *******************
  
  -------------------------------------------------------------------------------------------------
                                  Maximum  Maximum                  Lateral       Total        Flow
                                  Lateral    Total  Time of Max      Inflow      Inflow     Balance
                                   Inflow   Inflow   Occurrence      Volume      Volume       Error
  Node                 Type           CFS      CFS  days hr:min    10^6 gal    10^6 gal     Percent
  -------------------------------------------------------------------------------------------------
  4/1                  JUNCTION      0.05     0.05     0  00:00      0.0323      0.0323   32313.507 gal
  Pond                 JUNCTION      0.05     0.05     0  00:00      0.0323      0.0323   32313.507 gal
  3/1                  JUNCTION      0.05     0.05     0  00:00      0.0323      0.0323   32313.507 gal
  Junction             JUNCTION      0.05     0.05     0  00:00      0.0323      0.0323   32313.507 gal
  3/2                  JUNCTION      0.05     0.05     0  00:00      0.0323      0.0323   32313.507 gal
  5/1                  JUNCTION      0.05     0.05     0  00:00      0.0323      0.0323   32313.507 gal
  5/2                  JUNCTION      0.05     0.05     0  00:00      0.0323      0.0323   32313.507 gal
  5/3                  JUNCTION      0.05     0.05     0  00:00      0.0323      0.0323   32313.507 gal
  5/4                  JUNCTION      0.05     0.05     0  00:00      0.0323      0.0323   32313.507 gal
  5/5                  JUNCTION      0.05     0.05     0  00:00      0.0323      0.0323       0.000
  Riser                JUNCTION      0.05     0.05     0  00:00      0.0323      0.0323   32313.507 gal
  StreetI8             JUNCTION      0.00     0.00     0  00:00           0           0       0.000 gal
  3/375                OUTFALL       0.05     0.05     0  00:00      0.0323      0.0323       0.000
  
  
  **********************
  Node Surcharge Summary
  **********************
  
  Surcharging occurs when water rises above the top of the highest conduit.
  ---------------------------------------------------------------------
                                               Max. Height   Min. Depth
                                   Hours       Above Crown    Below Rim
  Node                 Type      Surcharged           Feet         Feet
  ---------------------------------------------------------------------
  5/5                  JUNCTION       24.00          0.000        0.000
  
  
  *********************
  Node Flooding Summary
  *********************
  
  Flooding refers to all water that overflows a node, whether it ponds or not.
  --------------------------------------------------------------------------
                                                             Total   Maximum
                                 Maximum   Time of Max       Flood    Ponded
                        Hours       Rate    Occurrence      Volume     Depth
  Node                 Flooded       CFS   days hr:min    10^6 gal      Feet
  --------------------------------------------------------------------------
  5/5                    24.00      0.05      0  00:01       0.032     0.000
  
  
  ***********************
  Outfall Loading Summary
  ***********************
  
  -----------------------------------------------------------
                         Flow       Avg       Max       Total
                         Freq      Flow      Flow      Volume
  Outfall Node           Pcnt       CFS       CFS    10^6 gal
  -----------------------------------------------------------
  3/375                100.00      0.05      0.05       0.032
  -----------------------------------------------------------
  System               100.00      0.05      0.05       0.032
  
  
  ********************
  Link Flow Summary
  ********************
  
  -----------------------------------------------------------------------------
                                 Maximum  Time of Max   Maximum    Max/    Max/
                                  |Flow|   Occurrence   |Veloc|    Full    Full
  Link                 Type          CFS  days hr:min    ft/sec    Flow   Depth
  -----------------------------------------------------------------------------
  201                  CONDUIT      0.00     0  00:00      0.00    0.00    0.00
  203                  CONDUIT      0.00     0  00:00      0.00    0.00    0.00
  204                  CONDUIT      0.00     0  00:00      0.00    0.00    0.00
  205                  CONDUIT      0.00     0  00:00      0.00    0.00    0.00
  207                  CONDUIT      0.00     0  00:00      0.00    0.00    0.00
  206                  CONDUIT      0.00     0  00:00      0.00    0.00    0.00
  SewerL8              CONDUIT      0.00     0  00:00      0.00    0.00    0.00
  212                  CONDUIT      0.00     0  00:00      0.00    0.00    0.00
  202                  CONDUIT      0.00     0  00:00      0.00    0.00    0.00
  209                  CONDUIT      0.00     0  00:00      0.00    0.00    0.00
  208                  CONDUIT      0.00     0  00:00      0.00    0.00    0.00
  
  
  ***************************
  Flow Classification Summary
  ***************************
  
  -------------------------------------------------------------------------------------
                      Adjusted    ---------- Fraction of Time in Flow Class ---------- 
                       /Actual         Up    Down  Sub   Sup   Up    Down  Norm  Inlet 
  Conduit               Length    Dry  Dry   Dry   Crit  Crit  Crit  Crit  Ltd   Ctrl  
  -------------------------------------------------------------------------------------
  201                     1.00   1.00  0.00  0.00  0.00  0.00  0.00  0.00  0.00  0.00
  203                     1.00   1.00  0.00  0.00  0.00  0.00  0.00  0.00  0.00  0.00
  204                     1.00   1.00  0.00  0.00  0.00  0.00  0.00  0.00  0.00  0.00
  205                     1.00   1.00  0.00  0.00  0.00  0.00  0.00  0.00  0.00  0.00
  207                     1.00   1.00  0.00  0.00  0.00  0.00  0.00  0.00  0.00  0.00
  206                     1.00   1.00  0.00  0.00  0.00  0.00  0.00  0.00  0.00  0.00
  SewerL8                 1.00   1.00  0.00  0.00  0.00  0.00  0.00  0.00  0.00  0.00
  212                     1.00   1.00  0.00  0.00  0.00  0.00  0.00  0.00  0.00  0.00
  202                     1.00   1.00  0.00  0.00  0.00  0.00  0.00  0.00  0.00  0.00
  209                     1.00   1.00  0.00  0.00  0.00  0.00  0.00  0.00  0.00  0.00
  208                     1.00   1.00  0.00  0.00  0.00  0.00  0.00  0.00  0.00  0.00
  
  
  *************************
  Conduit Surcharge Summary
  *************************
  
  No conduits were surcharged.
  

  Analysis begun on:  Wed Jul 22 12:00:42 2026
  Analysis ended on:  Wed Jul 22 12:00:42 2026
  Total elapsed time: < 1 sec