
  EPA STORM WATER MANAGEMENT MODEL - VERSION 5.2 (Build 5.2.4)
  ------------------------------------------------------------

  LAKE CITY DRAINAGE BASIN - EXISTING CONDITION 1992 
  WARNING 04: minimum elevation drop used for Conduit 872
  WARNING 10: crest elevation raised to downstream invert for regulator Link ORIF
  
  ****************
  Analysis Options
  ****************
  Flow Units ............... CFS
  Process Models:
    Rainfall/Runoff ........ NO
    RDII ................... NO
    Snowmelt ............... NO
    Groundwater ............ NO
    Flow Routing ........... YES
    Ponding Allowed ........ NO
    Water Quality .......... NO
  Flow Routing Method ...... DYNWAVE
  Surcharge Method ......... EXTRAN
  Starting Date ............ 01/01/2001 00:00:00
  Ending Date .............. 01/02/2001 00:00:00
  Antecedent Dry Days ...... 0.0
  Report Time Step ......... 00:15:00
  Routing Time Step ........ 10.00 sec
  Variable Time Step ....... YES
  Maximum Trials ........... 30
  Number of Threads ........ 1
  Head Tolerance ........... 0.003300 ft
  
  
  **************************        Volume        Volume
  Flow Routing Continuity        acre-feet      10^6 gal
  **************************     ---------     ---------
  Dry Weather Inflow .......         0.000         0.000
  Wet Weather Inflow .......         0.000         0.000
  Groundwater Inflow .......         0.000         0.000
  RDII Inflow ..............         0.000         0.000
  External Inflow ..........        37.684        12.280
  External Outflow .........         1.107         0.361
  Flooding Loss ............        31.553        10.282
  Evaporation Loss .........         0.000         0.000
  Exfiltration Loss ........         0.000         0.000
  Initial Stored Volume ....         0.000         0.000
  Final Stored Volume ......         1.917         0.625
  Continuity Error (%) .....         8.246
  
  
  *************************
  Highest Continuity Errors
  *************************
  Node 477 (-11.27%)
  Node 335 (5.30%)
  Node 765 (5.11%)
  Node 325 (5.01%)
  Node 315 (4.89%)
  
  
  ***************************
  Time-Step Critical Elements
  ***************************
  Link 670 (98.44%)
  
  
  ********************************
  Highest Flow Instability Indexes
  ********************************
  Link 401 (142)
  Link 760 (3)
  
  
  *********************************
  Most Frequent Nonconverging Nodes
  *********************************
  Node 345 (85.87%)
  Node 477 (85.58%)
  Node 399 (47.47%)
  Node 735 (0.02%)
  Node 685 (0.01%)
  
  
  *************************
  Routing Time Step Summary
  *************************
  Minimum Time Step           :     0.84 sec
  Average Time Step           :     3.00 sec
  Maximum Time Step           :    10.00 sec
  % of Time in Steady State   :     0.00
  Average Iterations per Step :    26.89
  % of Steps Not Converging   :    85.87
  Time Step Frequencies       :
     10.000 -  5.493 sec      :     1.56 %
      5.493 -  3.017 sec      :    22.02 %
      3.017 -  1.657 sec      :    76.42 %
      1.657 -  0.910 sec      :     0.00 %
      0.910 -  0.500 sec      :     0.00 %
  
  
  ******************
  Node Depth Summary
  ******************
  
  ---------------------------------------------------------------------------------
                                 Average  Maximum  Maximum  Time of Max    Reported
                                   Depth    Depth      HGL   Occurrence   Max Depth
  Node                 Type         Feet     Feet     Feet  days hr:min        Feet
  ---------------------------------------------------------------------------------
  205                  JUNCTION   221.81   222.95   447.95     0  00:55      222.95
  215                  JUNCTION   216.01   220.95   443.95     0  01:46      220.95
  225                  JUNCTION   207.86   218.75   440.25     0  02:31      218.75
  235                  JUNCTION   199.68   216.43   436.93     0  03:52      216.43
  245                  JUNCTION   192.96   215.56   434.46     0  04:12      215.56
  255                  JUNCTION   186.13   214.90   432.70     0  04:47      214.90
  265                  JUNCTION   176.01   210.66   427.76     0  05:54      210.66
  275                  JUNCTION   168.21   208.90   425.40     0  06:47      208.90
  285                  JUNCTION   161.33   208.30   424.00     0  07:36      208.30
  295                  JUNCTION   153.36   206.36   420.46     0  07:56      206.36
  305                  JUNCTION   145.27   204.39   417.49     0  08:44      204.39
  315                  JUNCTION   137.93   203.34   415.84     0  09:48      203.34
  325                  JUNCTION   130.62   202.74   413.54     0  10:40      202.74
  335                  JUNCTION   123.48   201.91   410.71     0  11:13      201.91
  355                  JUNCTION     0.00     0.00   206.80     0  00:00        0.00
  365                  JUNCTION     0.00     0.00   205.50     0  00:00        0.00
  367                  JUNCTION     0.00     0.00   204.70     0  00:00        0.00
  375                  JUNCTION     0.00     0.00   204.30     0  00:00        0.00
  385                  JUNCTION     0.00     0.00   204.10     0  00:00        0.00
  395                  JUNCTION     0.00     0.00   205.90     0  00:00        0.00
  405                  JUNCTION     0.00     0.00   205.60     0  00:00        0.00
  407                  JUNCTION     0.00     0.00   205.10     0  00:00        0.00
  425                  JUNCTION     0.00     0.00   204.50     0  00:00        0.00
  465                  JUNCTION     0.00     0.00   202.00     0  00:00        0.00
  467                  JUNCTION     0.00     0.00   203.50     0  00:00        0.00
  475                  JUNCTION   165.88   172.62   371.22     0  02:24      172.62
  469                  JUNCTION   195.39   196.25   396.75     0  00:56      196.25
  471                  JUNCTION   179.94   183.15   382.65     0  01:40      183.15
  477                  JUNCTION     9.43    10.16   205.66     0  06:46       10.05
  485                  JUNCTION     0.00     0.00   176.80     0  00:00        0.00
  495                  JUNCTION     0.00     0.00   173.50     0  00:00        0.00
  505                  JUNCTION     0.00     0.00   170.40     0  00:00        0.00
  575                  JUNCTION     0.00     0.00   170.30     0  00:00        0.00
  801                  JUNCTION   166.40   167.02   343.22     0  00:42      167.02
  809                  JUNCTION   151.70   153.72   324.22     0  03:21      153.72
  877                  JUNCTION   182.47   183.22   379.02     0  00:48      183.22
  873                  JUNCTION   179.73   182.66   378.26     0  01:26      182.66
  865                  JUNCTION   174.28   177.11   370.71     0  01:29      177.11
  867                  JUNCTION   177.18   177.88   370.88     0  01:30      177.88
  845                  JUNCTION   172.73   176.94   370.14     0  01:53      176.94
  849                  JUNCTION   170.04   176.62   368.62     0  01:53      176.62
  853                  JUNCTION   165.63   173.73   357.23     0  02:07      173.73
  857                  JUNCTION     8.97     9.48   192.48     0  02:51        9.48
  861                  JUNCTION   172.74   173.40   357.40     0  00:45      173.40
  863                  JUNCTION     0.00     0.00   180.00     0  00:00        0.00
  841                  JUNCTION   176.72   177.42   371.22     0  01:27      177.42
  825                  JUNCTION   170.52   174.30   366.20     0  02:25      174.30
  829                  JUNCTION   189.27   190.07   383.47     0  01:21      190.07
  833                  JUNCTION   182.82   185.98   376.38     0  01:37      185.98
  837                  JUNCTION   175.88   183.05   370.45     0  01:59      183.05
  821                  JUNCTION   161.38   170.25   355.05     0  02:35      170.25
  817                  JUNCTION   154.48   165.51   344.31     0  02:38      165.51
  813                  JUNCTION   152.51   154.51   324.51     0  03:21      154.51
  811                  JUNCTION   164.49   165.09   341.29     0  00:38      165.09
  605                  JUNCTION     0.00     0.00   154.20     0  00:00        0.00
  625                  JUNCTION     0.00     0.00   156.00     0  00:00        0.00
  635                  JUNCTION     0.00     0.00   150.50     0  00:00        0.00
  645                  JUNCTION     0.00     0.00   150.10     0  00:00        0.00
  903                  JUNCTION   237.21   238.53   488.53     0  00:55      238.53
  905                  JUNCTION   228.31   234.12   481.12     0  01:50      234.12
  907                  JUNCTION   217.73   230.17   463.17     0  02:50      230.17
  915                  JUNCTION   201.70   219.93   452.93     0  03:32      219.93
  917                  JUNCTION   188.37   211.80   437.80     0  04:11      211.80
  925                  JUNCTION   173.72   201.74   416.74     0  05:03      201.74
  927                  JUNCTION   161.61   194.14   401.14     0  05:46      194.14
  935                  JUNCTION   149.73   186.00   385.00     0  06:18      186.00
  937                  JUNCTION   134.21   172.26   358.26     0  07:09      172.26
  945                  JUNCTION   168.68   171.54   351.04     0  07:09      171.54
  955                  JUNCTION   195.89   196.76   402.36     0  00:51      196.76
  965                  JUNCTION   149.36   155.04   324.04     0  07:09      155.04
  967                  JUNCTION   143.91   152.53   319.93     0  07:10      152.53
  975                  JUNCTION   139.00   150.43   318.43     0  07:10      150.43
  655                  JUNCTION   121.95   134.61   284.61     0  07:11      134.61
  657                  JUNCTION   111.62   125.72   271.22     0  07:25      125.72
  665                  JUNCTION   115.45   117.05   260.55     0  07:26      117.05
  675                  JUNCTION   114.40   116.65   243.65     0  01:11      116.60
  985                  JUNCTION   151.06   151.57   309.57     0  00:54      151.57
  987                  JUNCTION   143.53   144.83   298.83     0  00:59      144.83
  995                  JUNCTION   145.09   145.56   299.56     0  00:41      145.56
  677                  JUNCTION   103.96   106.59   230.59     0  07:32      106.59
  1003                 JUNCTION   138.53   138.95   284.45     0  00:41      138.95
  1015                 JUNCTION   129.43   130.77   274.27     0  01:02      130.77
  1017                 JUNCTION   109.33   111.68   236.18     0  01:26      111.68
  679                  JUNCTION    93.26    96.46   220.46     0  01:29       96.31
  685                  JUNCTION    75.29    77.93   168.43     0  01:30       77.89
  695                  JUNCTION    72.97    73.38   154.88     0  08:05       73.38
  725                  JUNCTION    83.50    83.67   175.17     0  00:34       83.67
  735                  JUNCTION    82.63    83.20   173.90     0  02:20       83.20
  705                  JUNCTION    71.33    72.18   152.68     0  08:05       72.18
  765                  JUNCTION    61.64    62.51   127.01     0  03:43       62.51
  745                  JUNCTION    70.47    70.58   145.58     0  00:29       70.58
  755                  JUNCTION    61.75    62.04   137.04     0  00:46       62.04
  775                  JUNCTION    61.86    63.00   127.00     0  03:43       63.00
  350                  JUNCTION   201.18   202.10   401.70     0  00:49      202.10
  730                  JUNCTION    78.36    78.50   156.70     0  00:23       78.50
  345                  OUTFALL      0.00     0.00   207.70     0  00:00        0.00
  595                  STORAGE      4.50     4.60   174.00     0  01:09        4.60
  859                  STORAGE      9.58    10.00   189.00     0  02:39       10.00
  601                  STORAGE      0.00     0.00   166.40     0  00:00        0.00
  399                  STORAGE      9.45    10.00   205.50     0  02:08       10.00
  
  
  *******************
  Node Inflow Summary
  *******************
  
  -------------------------------------------------------------------------------------------------
                                  Maximum  Maximum                  Lateral       Total        Flow
                                  Lateral    Total  Time of Max      Inflow      Inflow     Balance
                                   Inflow   Inflow   Occurrence      Volume      Volume       Error
  Node                 Type           CFS      CFS  days hr:min    10^6 gal    10^6 gal     Percent
  -------------------------------------------------------------------------------------------------
  205                  JUNCTION      1.00     1.00     0  00:00       0.646       0.646       3.391
  215                  JUNCTION      0.00     1.00     0  01:34           0       0.625       3.475
  225                  JUNCTION      0.00     1.00     0  02:21           0       0.604       3.555
  235                  JUNCTION      0.00     1.00     0  02:31           0       0.583       3.656
  245                  JUNCTION      0.00     1.00     0  03:52           0       0.563       3.818
  255                  JUNCTION      0.00     1.00     0  04:12           0       0.542       3.920
  265                  JUNCTION      0.00     1.00     0  05:21           0       0.522       4.021
  275                  JUNCTION      0.00     1.18     0  06:06           0       0.501       4.253
  285                  JUNCTION      0.00     1.00     0  06:47           0       0.481       4.284
  295                  JUNCTION      0.00     1.00     0  07:36           0       0.461       4.490
  305                  JUNCTION      0.00     1.00     0  08:20           0       0.441       4.674
  315                  JUNCTION      0.00     1.00     0  08:44           0       0.422       5.139
  325                  JUNCTION      0.00     1.32     0  09:49           0       0.401       5.270
  335                  JUNCTION      0.00     1.00     0  10:40           0       0.381       5.594
  355                  JUNCTION      0.00     0.00     0  00:00           0           0       0.000 gal
  365                  JUNCTION      0.00     0.00     0  00:00           0           0       0.000 gal
  367                  JUNCTION      0.00     0.00     0  00:00           0           0       0.000 gal
  375                  JUNCTION      0.00     0.00     0  00:00           0           0       0.000 gal
  385                  JUNCTION      0.00     0.00     0  00:00           0           0       0.000 gal
  395                  JUNCTION      0.00     0.00     0  00:00           0           0       0.000 gal
  405                  JUNCTION      0.00     0.00     0  00:00           0           0       0.000 gal
  407                  JUNCTION      0.00     0.00     0  00:00           0           0       0.000 gal
  425                  JUNCTION      0.00     0.00     0  00:00           0           0       0.000 gal
  465                  JUNCTION      0.00     0.00     0  00:00           0           0       0.000 gal
  467                  JUNCTION      0.00     0.00     0  00:00           0           0       0.000 gal
  475                  JUNCTION      0.00     1.00     0  01:40           0        0.61       2.837
  469                  JUNCTION      1.00     1.00     0  00:00       0.646       0.646       3.007
  471                  JUNCTION      0.00     1.00     0  01:22           0       0.627       2.867
  477                  JUNCTION      0.00    13.94     0  02:08           0        0.68     -10.129
  485                  JUNCTION      0.00     0.00     0  00:00           0           0       0.000 gal
  495                  JUNCTION      0.00     0.00     0  00:00           0           0       0.000 gal
  505                  JUNCTION      0.00     0.00     0  00:00           0           0       0.000 gal
  575                  JUNCTION      0.00     0.00     0  00:00           0           0       0.000 gal
  801                  JUNCTION      1.00     1.00     0  00:00       0.646       0.646       2.524
  809                  JUNCTION      0.00     3.61     0  03:54           0        2.17       0.709
  877                  JUNCTION      1.00     1.00     0  00:00       0.646       0.646       2.776
  873                  JUNCTION      0.00     1.00     0  00:49           0       0.629       2.851
  865                  JUNCTION      0.00     2.01     0  01:18           0        1.24       1.442
  867                  JUNCTION      1.00     1.00     0  00:00       0.646       0.646       2.816
  845                  JUNCTION      0.00     2.39     0  01:27           0        1.47       1.227
  849                  JUNCTION      0.00     2.39     0  01:53           0        1.45       1.173
  853                  JUNCTION      0.00     2.39     0  01:59           0        1.43       1.196
  857                  JUNCTION      0.00     3.39     0  02:07           0        2.05       0.054
  861                  JUNCTION      1.00     1.00     0  00:00       0.646       0.646       2.619
  863                  JUNCTION      0.00     0.00     0  00:00           0           0       0.000 gal
  841                  JUNCTION      1.00     1.00     0  00:00       0.646       0.646       2.737
  825                  JUNCTION      0.00     1.61     0  01:59           0       0.978       1.784
  829                  JUNCTION      1.00     1.00     0  00:00       0.646       0.646       2.896
  833                  JUNCTION      0.00     1.00     0  01:21           0       0.628       2.905
  837                  JUNCTION      0.00     1.00     0  01:37           0        0.61       2.913
  821                  JUNCTION      0.00     1.61     0  02:13           0        0.96       1.716
  817                  JUNCTION      0.00     1.61     0  02:35           0       0.944       1.690
  813                  JUNCTION      0.00     2.61     0  02:38           0        1.56       1.077
  811                  JUNCTION      1.00     1.00     0  00:00       0.646       0.646       2.477
  605                  JUNCTION      0.00     0.00     0  00:00           0           0       0.000 gal
  625                  JUNCTION      0.00     0.00     0  00:00           0           0       0.000 gal
  635                  JUNCTION      0.00     0.00     0  00:00           0           0       0.000 gal
  645                  JUNCTION      0.00     0.00     0  00:00           0           0       0.000 gal
  903                  JUNCTION      1.00     1.00     0  00:00       0.646       0.646       3.622
  905                  JUNCTION      0.00     1.00     0  00:55           0       0.624       3.695
  907                  JUNCTION      0.00     1.00     0  02:29           0       0.601       3.812
  915                  JUNCTION      0.00     1.00     0  02:50           0       0.579       3.778
  917                  JUNCTION      0.00     1.00     0  03:32           0       0.558       3.745
  925                  JUNCTION      0.00     1.00     0  04:44           0       0.538       3.733
  927                  JUNCTION      0.00     1.00     0  05:27           0       0.519       3.712
  935                  JUNCTION      0.00     1.00     0  05:46           0         0.5       3.696
  937                  JUNCTION      0.00     1.00     0  06:41           0       0.482       3.559
  945                  JUNCTION      0.00     2.00     0  07:09           0        1.09       1.561
  955                  JUNCTION      1.00     1.00     0  00:00       0.646       0.646       2.967
  965                  JUNCTION      0.00     2.00     0  07:09           0        1.08       1.433
  967                  JUNCTION      0.00     2.00     0  07:09           0        1.06       1.439
  975                  JUNCTION      0.00     2.00     0  07:10           0        1.05       1.389
  655                  JUNCTION      0.00     2.00     0  07:10           0        1.03       1.438
  657                  JUNCTION      0.00     2.00     0  07:11           0        1.02       1.299
  665                  JUNCTION      0.00     4.00     0  07:25           0        2.25       0.491
  675                  JUNCTION      0.00     6.49     0  00:59           0        2.24       0.457
  985                  JUNCTION      1.00     1.00     0  00:00       0.646       0.646       2.319
  987                  JUNCTION      0.00     2.00     0  00:47           0        1.26       1.119
  995                  JUNCTION      1.00     1.00     0  00:00       0.646       0.646       2.212
  677                  JUNCTION      0.00     8.68     0  01:11           0        2.23       0.647
  1003                 JUNCTION      1.00     1.00     0  00:00       0.646       0.646       2.109
  1015                 JUNCTION      0.00     1.00     0  00:41           0       0.633       1.987
  1017                 JUNCTION      0.00     1.16     0  00:57           0       0.621       1.733
  679                  JUNCTION      0.00     5.00     0  07:32           0        2.83       0.059
  685                  JUNCTION      0.00    32.13     0  01:29           0        2.83       0.267
  695                  JUNCTION      0.00     7.46     0  01:30           0        3.46       0.576
  725                  JUNCTION      1.00     1.00     0  00:00       0.646       0.646       1.260
  735                  JUNCTION      0.00     1.10     0  00:34           0       0.638       0.000
  705                  JUNCTION      0.00     6.00     0  08:06           0        3.44       0.256
  765                  JUNCTION      0.00     7.00     0  08:05           0        4.06       5.384
  745                  JUNCTION      1.00     1.00     0  00:00       0.646       0.646       1.119
  755                  JUNCTION      0.00     1.01     0  00:29           0       0.639       0.976
  775                  JUNCTION      0.00     9.52     0  04:11           0        3.86       0.000
  350                  JUNCTION      1.00     1.00     0  00:00       0.646       0.646       3.534
  730                  JUNCTION      1.00     1.00     0  00:00       0.646       0.646       1.183
  345                  OUTFALL       0.00     1.00     0  11:13           0       0.361       0.000
  595                  STORAGE       0.00     3.61     0  03:21           0        2.16       0.002
  859                  STORAGE       1.00     4.39     0  02:51       0.646        2.69      -0.000
  601                  STORAGE       0.00     0.00     0  00:00           0           0       0.000 gal
  399                  STORAGE       0.00    14.76     0  02:08           0        1.35       0.070
  
  
  **********************
  Node Surcharge Summary
  **********************
  
  Surcharging occurs when water rises above the top of the highest conduit.
  ---------------------------------------------------------------------
                                               Max. Height   Min. Depth
                                   Hours       Above Crown    Below Rim
  Node                 Type      Surcharged           Feet         Feet
  ---------------------------------------------------------------------
  735                  JUNCTION       21.65          0.000        0.000
  775                  JUNCTION       20.28          0.000        0.000
  350                  JUNCTION       23.18          0.000        0.000
  
  
  *********************
  Node Flooding Summary
  *********************
  
  Flooding refers to all water that overflows a node, whether it ponds or not.
  --------------------------------------------------------------------------
                                                             Total   Maximum
                                 Maximum   Time of Max       Flood    Ponded
                        Hours       Rate    Occurrence      Volume     Depth
  Node                 Flooded       CFS   days hr:min    10^6 gal      Feet
  --------------------------------------------------------------------------
  735                    21.65      1.00      0  02:20       0.583     0.000
  775                    20.28      9.50      0  04:11       3.727     0.000
  350                    23.18      1.00      0  00:49       0.624     0.000
  595                    22.85      3.61      0  03:21       2.157     0.000
  859                    21.34      4.39      0  02:51       2.522     0.000
  399                    21.85      2.12      0  02:08       0.668     0.000
  
  
  **********************
  Storage Volume Summary
  **********************
  
  ------------------------------------------------------------------------------------------------
                         Average    Avg   Evap  Exfil     Maximum    Max    Time of Max    Maximum
                          Volume   Pcnt   Pcnt   Pcnt      Volume   Pcnt     Occurrence    Outflow
  Storage Unit          1000 ft³   Full   Loss   Loss    1000 ft³   Full    days hr:min        CFS
  ------------------------------------------------------------------------------------------------
  595                      0.057   97.9    0.0    0.0       0.058  100.0       0  01:09       0.00
  859                     21.559   95.8    0.0    0.0      22.500  100.0       0  02:39       0.00
  601                      0.000    0.0    0.0    0.0       0.000    0.0       0  00:00       0.00
  399                      0.119   94.5    0.0    0.0       0.126  100.0       0  02:08      13.94
  
  
  ***********************
  Outfall Loading Summary
  ***********************
  
  -----------------------------------------------------------
                         Flow       Avg       Max       Total
                         Freq      Flow      Flow      Volume
  Outfall Node           Pcnt       CFS       CFS    10^6 gal
  -----------------------------------------------------------
  345                   59.59      1.00      1.00       0.361
  -----------------------------------------------------------
  System                59.59      1.00      1.00       0.361
  
  
  ********************
  Link Flow Summary
  ********************
  
  -----------------------------------------------------------------------------
                                 Maximum  Time of Max   Maximum    Max/    Max/
                                  |Flow|   Occurrence   |Veloc|    Full    Full
  Link                 Type          CFS  days hr:min    ft/sec    Flow   Depth
  -----------------------------------------------------------------------------
  200                  CONDUIT      1.00     0  01:34      5.24    0.06    0.17
  210                  CONDUIT      1.00     0  02:21      5.12    0.06    0.17
  220                  CONDUIT      1.00     0  02:31      5.11    0.06    0.17
  230                  CONDUIT      1.00     0  03:52      4.05    0.01    0.08
  240                  CONDUIT      1.00     0  04:12      3.33    0.02    0.09
  250                  CONDUIT      1.00     0  05:21      4.94    0.01    0.07
  260                  CONDUIT      1.18     0  06:06      1.58    0.00    0.06
  270                  CONDUIT      1.00     0  06:47      3.46    0.05    0.15
  280                  CONDUIT      1.00     0  07:36      5.01    0.01    0.08
  290                  CONDUIT      1.00     0  08:20      3.81    0.02    0.11
  300                  CONDUIT      1.00     0  08:44      3.19    0.03    0.11
  310                  CONDUIT      1.32     0  09:49      1.19    0.01    0.06
  320                  CONDUIT      1.00     0  10:40      4.27    0.02    0.09
  330                  CONDUIT      1.00     0  11:13      1.30    0.00    0.03
  360                  CONDUIT      0.00     0  00:00      0.00    0.00    0.00
  362                  CONDUIT      0.00     0  00:00      0.00    0.00    0.00
  370                  CONDUIT      0.00     0  00:00      0.00    0.00    0.00
  380                  CONDUIT      0.00     0  00:00      0.00    0.00    0.00
  390                  CONDUIT      0.00     0  00:00      0.00    0.00    0.00
  400                  CONDUIT      0.00     0  00:00      0.00    0.00    0.00
  402                  CONDUIT      0.00     0  00:00      0.00    0.00    0.00
  410                  CONDUIT      0.00     0  00:00      0.00    0.00    0.00
  470                  CONDUIT      0.00     0  00:00      0.00    0.00    0.00
  480                  CONDUIT      0.00     0  00:00      0.00    0.00    0.00
  4802                 CONDUIT      0.00     0  00:00      0.00    0.00    0.06
  482                  CONDUIT      1.00     0  01:22      6.61    0.13    0.25
  484                  CONDUIT      1.00     0  01:40      6.44    0.14    0.25
  490                  CONDUIT      1.00     0  02:24      5.16    0.03    0.11
  4902                 CONDUIT      0.00     0  00:00      0.00    0.00    0.00
  500                  CONDUIT      0.00     0  00:00      0.00    0.00    0.00
  510                  CONDUIT      0.00     0  00:00      0.00    0.00    0.00
  512                  CONDUIT      0.00     0  00:00      0.00    0.00    0.00
  532                  CONDUIT      0.00     0  00:00      0.00    0.00    0.04
  802                  CONDUIT      1.00     0  00:43      7.97    0.10    0.22
  886                  CONDUIT      1.00     0  00:49      3.23    0.36    0.42
  882                  CONDUIT      1.00     0  01:26      3.62    0.10    0.31
  872                  CONDUIT      1.03     0  01:18      1.81    4.15    0.40
  850                  CONDUIT      2.00     0  01:29      3.81    0.25    0.35
  854                  CONDUIT      2.39     0  01:53      4.16    0.28    0.36
  858                  CONDUIT      2.39     0  01:59     11.68    0.14    0.34
  862                  CONDUIT      2.39     0  02:07      8.16    0.37    0.42
  866                  CONDUIT      1.00     0  00:45      3.31    0.02    0.05
  864                  CONDUIT      0.00     0  00:00      0.00    0.00    0.00
  846                  CONDUIT      0.39     0  01:27      2.50    0.04    0.25
  842                  CONDUIT      0.61     0  01:58      3.93    0.04    0.17
  830                  CONDUIT      1.00     0  01:21      5.76    0.16    0.28
  834                  CONDUIT      1.00     0  01:37      5.57    0.17    0.28
  838                  CONDUIT      1.00     0  01:59      6.45    0.14    0.27
  826                  CONDUIT      1.61     0  02:13      6.48    0.09    0.20
  822                  CONDUIT      1.61     0  02:35      9.14    0.09    0.20
  818                  CONDUIT      1.61     0  02:38     11.77    0.06    0.17
  814                  CONDUIT      1.00     0  00:38      9.77    0.08    0.19
  810                  CONDUIT      2.61     0  03:54      1.81    0.03    0.13
  808                  CONDUIT      3.61     0  03:21      5.19    0.01    0.08
  620                  CONDUIT      0.00     0  00:00      0.00    0.00    0.00
  630                  CONDUIT      0.00     0  00:00      0.00    0.00    0.00
  640                  CONDUIT      0.00     0  00:00      0.00    0.00    0.00
  902                  CONDUIT      1.00     0  00:55      7.26    0.12    0.23
  906                  CONDUIT      1.00     0  02:29      7.71    0.11    0.24
  910                  CONDUIT      1.00     0  02:50      5.90    0.16    0.27
  914                  CONDUIT      1.00     0  03:32      6.42    0.07    0.18
  918                  CONDUIT      1.00     0  04:44      7.91    0.06    0.18
  922                  CONDUIT      1.00     0  05:27      6.89    0.13    0.24
  926                  CONDUIT      1.00     0  05:46      6.80    0.13    0.24
  930                  CONDUIT      1.00     0  06:41      7.94    0.06    0.18
  934                  CONDUIT      1.00     0  07:09      4.84    0.07    0.17
  938                  CONDUIT      1.00     0  01:19      9.73    0.02    0.13
  950                  CONDUIT      2.00     0  07:09      7.48    0.03    0.15
  954                  CONDUIT      2.00     0  07:09      4.79    0.06    0.19
  958                  CONDUIT      2.00     0  07:10      4.03    0.10    0.22
  960                  CONDUIT      2.00     0  07:10      9.82    0.00    0.02
  650                  CONDUIT      0.00     0  00:00      0.00    0.00    0.02
  660                  CONDUIT      2.00     0  07:11      2.51    0.00    0.02
  6602                 CONDUIT      2.00     0  07:25      1.26    0.00    0.05
  670                  CONDUIT      6.49     0  00:59     25.51    0.03    0.10
  964                  CONDUIT      1.00     0  00:47      5.84    0.16    0.27
  978                  CONDUIT      1.00     0  00:47      3.12    0.12    0.24
  968                  CONDUIT      2.14     0  01:00     12.59    0.05    0.24
  680                  CONDUIT      8.68     0  01:11      4.20    0.01    0.06
  986                  CONDUIT      1.00     0  00:41      6.52    0.14    0.25
  990                  CONDUIT      1.16     0  00:57     12.31    0.08    0.18
  994                  CONDUIT      1.01     0  01:29     10.43    0.07    0.27
  6802                 CONDUIT      4.00     0  07:32      2.40    0.00    0.04
  6804                 CONDUIT     32.13     0  01:29      9.46    0.01    0.06
  690                  CONDUIT      6.46     0  01:30     17.98    0.03    0.15
  720                  CONDUIT      1.10     0  00:34      1.81    0.00    0.52
  710                  CONDUIT      6.00     0  08:06      1.71    0.04    0.14
  740                  CONDUIT      6.00     0  08:05      1.00    0.00    0.39
  996                  CONDUIT      1.01     0  00:29      5.60    0.17    0.29
  998                  CONDUIT      1.00     0  01:20      7.42    0.13    0.62
  760                  CONDUIT      9.52     0  04:11      1.08    0.01    0.88
  340                  CONDUIT      0.00     0  00:00      0.00    0.00    0.50
  700                  CONDUIT      1.00     0  01:31      5.09    0.19    0.44
  600                  CONDUIT      0.00     0  00:00      0.00    0.00    0.00
  800                  CONDUIT      0.00     0  00:00      0.00    0.00    0.00
  ORIF                 ORIFICE      3.39     0  02:51                      1.00
  401                  ORIFICE     13.94     0  02:08                      1.00
  
  
  ***************************
  Flow Classification Summary
  ***************************
  
  -------------------------------------------------------------------------------------
                      Adjusted    ---------- Fraction of Time in Flow Class ---------- 
                       /Actual         Up    Down  Sub   Sup   Up    Down  Norm  Inlet 
  Conduit               Length    Dry  Dry   Dry   Crit  Crit  Crit  Crit  Ltd   Ctrl  
  -------------------------------------------------------------------------------------
  200                     1.00   0.03  0.00  0.00  0.00  0.93  0.00  0.03  0.93  0.00
  210                     1.00   0.06  0.00  0.00  0.00  0.90  0.00  0.03  0.90  0.00
  220                     1.00   0.10  0.00  0.00  0.00  0.00  0.00  0.90  0.00  0.00
  230                     1.00   0.13  0.00  0.00  0.00  0.84  0.00  0.03  0.84  0.00
  240                     1.00   0.16  0.00  0.00  0.00  0.00  0.00  0.84  0.00  0.00
  250                     1.00   0.19  0.00  0.00  0.00  0.00  0.00  0.81  0.00  0.00
  260                     1.00   0.22  0.00  0.00  0.75  0.00  0.00  0.03  0.75  0.00
  270                     1.00   0.25  0.00  0.00  0.00  0.00  0.00  0.75  0.00  0.00
  280                     1.00   0.29  0.00  0.00  0.00  0.68  0.00  0.03  0.68  0.00
  290                     1.00   0.32  0.00  0.00  0.00  0.65  0.00  0.03  0.65  0.00
  300                     1.00   0.35  0.00  0.00  0.00  0.00  0.00  0.65  0.00  0.00
  310                     1.00   0.38  0.00  0.00  0.59  0.00  0.00  0.03  0.59  0.00
  320                     1.00   0.41  0.00  0.00  0.00  0.00  0.00  0.59  0.00  0.00
  330                     1.00   0.44  0.00  0.00  0.00  0.00  0.00  0.56  0.00  0.00
  360                     1.00   1.00  0.00  0.00  0.00  0.00  0.00  0.00  0.00  0.00
  362                     1.00   1.00  0.00  0.00  0.00  0.00  0.00  0.00  0.00  0.00
  370                     1.00   1.00  0.00  0.00  0.00  0.00  0.00  0.00  0.00  0.00
  380                     1.00   1.00  0.00  0.00  0.00  0.00  0.00  0.00  0.00  0.00
  390                     1.00   1.00  0.00  0.00  0.00  0.00  0.00  0.00  0.00  0.00
  400                     1.00   1.00  0.00  0.00  0.00  0.00  0.00  0.00  0.00  0.00
  402                     1.00   1.00  0.00  0.00  0.00  0.00  0.00  0.00  0.00  0.00
  410                     1.00   1.00  0.00  0.00  0.00  0.00  0.00  0.00  0.00  0.00
  470                     1.00   1.00  0.00  0.00  0.00  0.00  0.00  0.00  0.00  0.00
  480                     1.00   1.00  0.00  0.00  0.00  0.00  0.00  0.00  0.00  0.00
  4802                    1.00   0.08  0.92  0.00  0.00  0.00  0.00  0.00  0.00  0.00
  482                     1.00   0.03  0.00  0.00  0.00  0.94  0.00  0.03  0.94  0.00
  484                     1.00   0.06  0.00  0.00  0.00  0.00  0.00  0.94  0.00  0.00
  490                     1.00   0.08  0.00  0.00  0.00  0.00  0.00  0.92  0.00  0.00
  4902                    1.00   1.00  0.00  0.00  0.00  0.00  0.00  0.00  0.00  0.00
  500                     1.00   1.00  0.00  0.00  0.00  0.00  0.00  0.00  0.00  0.00
  510                     1.00   1.00  0.00  0.00  0.00  0.00  0.00  0.00  0.00  0.00
  512                     1.00   1.00  0.00  0.00  0.00  0.00  0.00  0.00  0.00  0.00
  532                     1.00   0.05  0.95  0.00  0.00  0.00  0.00  0.00  0.00  0.00
  802                     1.00   0.02  0.00  0.00  0.00  0.00  0.00  0.98  0.00  0.00
  886                     1.00   0.03  0.00  0.00  0.00  0.00  0.00  0.97  0.00  0.00
  882                     1.00   0.05  0.00  0.00  0.00  0.95  0.00  0.00  0.95  0.00
  872                     1.00   0.03  0.00  0.00  0.95  0.00  0.00  0.03  0.00  0.00
  850                     1.00   0.05  0.00  0.00  0.00  0.94  0.00  0.01  0.94  0.00
  854                     1.00   0.06  0.00  0.00  0.00  0.00  0.00  0.94  0.00  0.00
  858                     1.00   0.07  0.00  0.00  0.00  0.92  0.00  0.01  0.92  0.00
  862                     1.00   0.08  0.00  0.00  0.00  0.00  0.00  0.92  0.00  0.00
  866                     1.00   0.03  0.00  0.00  0.00  0.00  0.00  0.97  0.00  0.00
  864                     1.00   1.00  0.00  0.00  0.00  0.00  0.00  0.00  0.00  0.00
  846                     1.00   0.03  0.00  0.00  0.94  0.00  0.00  0.03  0.94  0.00
  842                     1.00   0.03  0.00  0.00  0.00  0.92  0.00  0.06  0.92  0.00
  830                     1.00   0.03  0.00  0.00  0.00  0.94  0.00  0.03  0.94  0.00
  834                     1.00   0.06  0.00  0.00  0.00  0.00  0.00  0.94  0.00  0.00
  838                     1.00   0.07  0.01  0.00  0.00  0.92  0.00  0.00  0.92  0.00
  826                     1.00   0.07  0.00  0.00  0.00  0.00  0.00  0.93  0.00  0.00
  822                     1.00   0.09  0.00  0.00  0.00  0.00  0.00  0.91  0.00  0.00
  818                     1.00   0.11  0.00  0.00  0.00  0.00  0.00  0.89  0.00  0.00
  814                     1.00   0.02  0.00  0.00  0.00  0.00  0.00  0.98  0.00  0.00
  810                     1.00   0.05  0.00  0.00  0.06  0.00  0.89  0.00  0.00  0.00
  808                     1.00   0.05  0.00  0.00  0.00  0.00  0.00  0.95  0.00  0.00
  620                     1.00   1.00  0.00  0.00  0.00  0.00  0.00  0.00  0.00  0.00
  630                     1.00   1.00  0.00  0.00  0.00  0.00  0.00  0.00  0.00  0.00
  640                     1.00   1.00  0.00  0.00  0.00  0.00  0.00  0.00  0.00  0.00
  902                     1.00   0.03  0.00  0.00  0.00  0.00  0.00  0.97  0.00  0.00
  906                     1.00   0.07  0.00  0.00  0.00  0.90  0.00  0.03  0.90  0.00
  910                     1.00   0.10  0.00  0.00  0.00  0.00  0.00  0.90  0.00  0.00
  914                     1.00   0.14  0.00  0.00  0.00  0.00  0.00  0.86  0.00  0.00
  918                     1.00   0.17  0.00  0.00  0.00  0.80  0.00  0.03  0.80  0.00
  922                     1.00   0.20  0.00  0.00  0.00  0.77  0.00  0.03  0.77  0.00
  926                     1.00   0.23  0.00  0.00  0.00  0.00  0.00  0.77  0.00  0.00
  930                     1.00   0.25  0.00  0.00  0.00  0.72  0.00  0.03  0.72  0.00
  934                     1.00   0.05  0.22  0.00  0.00  0.00  0.00  0.72  0.00  0.00
  938                     1.00   0.03  0.00  0.00  0.00  0.95  0.00  0.03  0.94  0.00
  950                     1.00   0.05  0.00  0.00  0.00  0.92  0.00  0.02  0.92  0.00
  954                     1.00   0.08  0.00  0.00  0.00  0.90  0.00  0.02  0.90  0.00
  958                     1.00   0.10  0.00  0.00  0.00  0.00  0.00  0.90  0.00  0.00
  960                     1.00   0.12  0.00  0.00  0.00  0.00  0.00  0.88  0.00  0.00
  650                     1.00   0.14  0.86  0.00  0.00  0.00  0.00  0.00  0.00  0.00
  660                     1.00   0.14  0.00  0.00  0.11  0.72  0.00  0.02  0.83  0.00
  6602                    1.00   0.04  0.12  0.00  0.84  0.00  0.00  0.00  0.84  0.00
  670                     1.00   0.04  0.00  0.00  0.00  0.00  0.00  0.96  0.00  0.00
  964                     1.00   0.02  0.00  0.00  0.00  0.00  0.00  0.98  0.00  0.00
  978                     1.00   0.02  0.00  0.00  0.00  0.00  0.00  0.98  0.00  0.00
  968                     1.00   0.03  0.00  0.00  0.00  0.72  0.00  0.25  0.72  0.00
  680                     1.00   0.05  0.00  0.00  0.00  0.00  0.00  0.95  0.00  0.00
  986                     1.00   0.02  0.00  0.00  0.00  0.00  0.00  0.98  0.00  0.00
  990                     1.00   0.04  0.00  0.00  0.00  0.94  0.00  0.02  0.94  0.00
  994                     1.00   0.06  0.00  0.00  0.00  0.00  0.00  0.94  0.00  0.00
  6802                    1.00   0.06  0.00  0.00  0.00  0.00  0.00  0.94  0.00  0.00
  6804                    1.00   0.06  0.00  0.00  0.22  0.72  0.00  0.00  0.94  0.00
  690                     1.00   0.02  0.04  0.00  0.00  0.94  0.00  0.00  0.94  0.00
  720                     1.00   0.01  0.00  0.00  0.98  0.00  0.00  0.01  0.98  0.00
  710                     1.00   0.02  0.00  0.00  0.00  0.00  0.00  0.98  0.00  0.00
  740                     1.00   0.03  0.01  0.00  0.96  0.00  0.00  0.00  0.96  0.00
  996                     1.00   0.01  0.00  0.00  0.00  0.00  0.00  0.99  0.00  0.00
  998                     1.00   0.02  0.00  0.00  0.94  0.01  0.00  0.04  0.94  0.00
  760                     1.00   0.03  0.00  0.00  0.96  0.00  0.00  0.01  0.02  0.00
  340                     1.00   0.03  0.97  0.00  0.00  0.00  0.00  0.00  0.00  0.00
  700                     1.00   0.01  0.00  0.00  0.71  0.22  0.00  0.05  0.94  0.00
  600                     1.00   1.00  0.00  0.00  0.00  0.00  0.00  0.00  0.00  0.00
  800                     1.00   1.00  0.00  0.00  0.00  0.00  0.00  0.00  0.00  0.00
  
  
  *************************
  Conduit Surcharge Summary
  *************************
  
  ----------------------------------------------------------------------------
                                                           Hours        Hours 
                         --------- Hours Full --------   Above Full   Capacity
  Conduit                Both Ends  Upstream  Dnstream   Normal Flow   Limited
  ----------------------------------------------------------------------------
  872                         0.01      0.01      0.01     23.36         0.01
  720                         0.01      0.01     21.65      0.01         0.01
  998                         0.01      0.01     22.35      0.01         0.01
  760                         0.01      0.01     20.28      0.01         0.01
  

  Analysis begun on:  Wed Jul 22 12:02:03 2026
  Analysis ended on:  Wed Jul 22 12:02:06 2026
  Total elapsed time: 00:00:03