
  EPA STORM WATER MANAGEMENT MODEL - VERSION 5.2 (Build 5.2.4)
  ------------------------------------------------------------

  Duwamish: Diagonal Avenue Studies 
  WARNING 04: minimum elevation drop used for Conduit 204
  WARNING 04: minimum elevation drop used for Conduit 206
  WARNING 04: minimum elevation drop used for Conduit 208
  WARNING 04: minimum elevation drop used for Conduit 602
  
  ****************
  Analysis Options
  ****************
  Flow Units ............... CFS
  Process Models:
    Rainfall/Runoff ........ NO
    RDII ................... NO
    Snowmelt ............... NO
    Groundwater ............ NO
    Flow Routing ........... YES
    Ponding Allowed ........ NO
    Water Quality .......... NO
  Flow Routing Method ...... DYNWAVE
  Surcharge Method ......... EXTRAN
  Starting Date ............ 01/01/2001 00:00:00
  Ending Date .............. 01/02/2001 00:00:00
  Antecedent Dry Days ...... 0.0
  Report Time Step ......... 00:15:00
  Routing Time Step ........ 25.00 sec
  Variable Time Step ....... YES
  Maximum Trials ........... 50
  Number of Threads ........ 1
  Head Tolerance ........... 0.005000 ft
  
  
  **************************        Volume        Volume
  Flow Routing Continuity        acre-feet      10^6 gal
  **************************     ---------     ---------
  Dry Weather Inflow .......         0.000         0.000
  Wet Weather Inflow .......         0.000         0.000
  Groundwater Inflow .......         0.000         0.000
  RDII Inflow ..............         0.000         0.000
  External Inflow ..........        15.867         5.171
  External Outflow .........        11.885         3.873
  Flooding Loss ............         0.075         0.024
  Evaporation Loss .........         0.000         0.000
  Exfiltration Loss ........         0.000         0.000
  Initial Stored Volume ....         0.000         0.000
  Final Stored Volume ......         3.648         1.189
  Continuity Error (%) .....         1.634
  
  
  *************************
  Highest Continuity Errors
  *************************
  Node 201 (18.55%)
  Node 551 (17.96%)
  Node 651 (12.30%)
  Node 303 (7.30%)
  Node 905 (-6.31%)
  
  
  ***************************
  Time-Step Critical Elements
  ***************************
  Link 904 (97.34%)
  
  
  ********************************
  Highest Flow Instability Indexes
  ********************************
  All links are stable.
  
  
  *********************************
  Most Frequent Nonconverging Nodes
  *********************************
  Node 703 (0.98%)
  Node 901 (0.42%)
  Node 903 (0.41%)
  Node 905 (0.16%)
  Node 753 (0.12%)
  
  
  *************************
  Routing Time Step Summary
  *************************
  Minimum Time Step           :     1.77 sec
  Average Time Step           :    11.77 sec
  Maximum Time Step           :    25.00 sec
  % of Time in Steady State   :     0.00
  Average Iterations per Step :     2.55
  % of Steps Not Converging   :     0.98
  Time Step Frequencies       :
     25.000 - 11.433 sec      :    99.56 %
     11.433 -  5.228 sec      :     0.27 %
      5.228 -  2.391 sec      :     0.15 %
      2.391 -  1.093 sec      :     0.01 %
      1.093 -  0.500 sec      :     0.00 %
  
  
  ******************
  Node Depth Summary
  ******************
  
  ---------------------------------------------------------------------------------
                                 Average  Maximum  Maximum  Time of Max    Reported
                                   Depth    Depth      HGL   Occurrence   Max Depth
  Node                 Type         Feet     Feet     Feet  days hr:min        Feet
  ---------------------------------------------------------------------------------
  51                   JUNCTION     1.43     1.67     6.67     1  00:00        1.67
  101                  JUNCTION    94.43    96.72   200.72     0  01:09       96.68
  151                  JUNCTION    50.60    52.19   110.19     0  02:28       52.19
  201                  JUNCTION     2.43     2.67    10.67     1  00:00        2.67
  251                  JUNCTION   191.93   210.67   430.67     0  04:46      210.67
  301                  JUNCTION     0.38     1.03    11.03     0  01:17        0.88
  351                  JUNCTION     0.30     2.03    20.03     0  01:11        0.76
  401                  JUNCTION   170.76   178.84   366.84     0  04:53      178.84
  451                  JUNCTION    88.91    89.19   194.19     0  01:31       89.19
  501                  JUNCTION     0.58     0.66     6.66     0  23:53        0.66
  551                  JUNCTION     2.33     2.66     6.66     0  23:53        2.66
  601                  JUNCTION     0.85     0.91     6.91     0  01:27        0.91
  651                  JUNCTION     4.26     4.66     6.66     1  00:00        4.66
  701                  JUNCTION     0.54     0.65     6.65     1  00:00        0.65
  751                  JUNCTION   152.86   157.18   324.18     0  04:53      157.18
  801                  JUNCTION   281.14   284.67   576.67     0  00:59      284.63
  851                  JUNCTION   276.26   279.30   570.30     0  00:59      279.26
  901                  JUNCTION   186.10   188.35   392.35     0  01:03      187.45
  951                  JUNCTION   261.22   263.67   536.67     0  02:11      263.67
  303                  JUNCTION     2.33     2.66     6.66     1  00:00        2.66
  103                  JUNCTION    56.33    57.72   121.72     0  01:51       57.72
  105                  JUNCTION   168.91   170.18   344.18     0  00:35      169.91
  107                  JUNCTION   161.09   164.42   339.42     0  01:07      163.89
  153                  JUNCTION    22.75    23.63    52.63     0  02:45       23.63
  155                  JUNCTION    20.83    21.77    48.77     0  01:40       21.75
  203                  JUNCTION     0.55     0.66    10.66     1  00:00        0.66
  205                  JUNCTION     0.55     0.64    10.64     1  00:00        0.64
  207                  JUNCTION     0.54     0.64    10.64     1  00:00        0.64
  253                  JUNCTION   182.47   207.61   429.61     0  03:51      207.61
  907                  JUNCTION   136.62   142.80   297.80     0  01:10      140.68
  403                  JUNCTION   160.72   174.26   366.26     0  02:48      174.26
  753                  JUNCTION    13.13    13.41    43.41     0  00:33       13.25
  755                  JUNCTION     0.79     0.90    17.90     0  00:35        0.80
  757                  JUNCTION     0.69     0.73     6.73     0  23:46        0.73
  803                  JUNCTION   216.97   222.23   452.23     0  01:25      222.16
  853                  JUNCTION   221.26   227.71   465.71     0  01:38      227.61
  855                  JUNCTION   210.48   223.54   453.54     0  02:23      223.41
  903                  JUNCTION   177.09   183.10   375.10     0  01:15      182.60
  905                  JUNCTION   164.04   169.29   350.29     0  01:41      169.13
  703                  OUTFALL      0.46     0.58     0.58     1  00:00        0.58
  
  
  *******************
  Node Inflow Summary
  *******************
  
  -------------------------------------------------------------------------------------------------
                                  Maximum  Maximum                  Lateral       Total        Flow
                                  Lateral    Total  Time of Max      Inflow      Inflow     Balance
                                   Inflow   Inflow   Occurrence      Volume      Volume       Error
  Node                 Type           CFS      CFS  days hr:min    10^6 gal    10^6 gal     Percent
  -------------------------------------------------------------------------------------------------
  51                   JUNCTION      0.00     3.17     0  04:07           0        1.81       2.417
  101                  JUNCTION      0.00    14.01     0  01:07           0       0.627       0.839
  151                  JUNCTION      0.00     8.78     0  01:10           0       0.612       0.858
  201                  JUNCTION      0.00     1.84     0  01:40           0       0.612      22.778
  251                  JUNCTION      0.00     2.31     0  02:23           0       0.583       3.630
  301                  JUNCTION      0.00    65.31     0  01:11           0        1.74       1.192
  351                  JUNCTION      0.00   245.31     0  01:11           0        1.26       0.067
  401                  JUNCTION      0.00     1.97     0  01:25           0       0.609       3.569
  451                  JUNCTION      1.00     1.00     0  00:00       0.646       0.646       1.802
  501                  JUNCTION      1.00     1.00     0  00:00       0.646       0.646       0.563
  551                  JUNCTION      0.00     2.14     0  02:07           0       0.661      21.897
  601                  JUNCTION      1.00     1.00     0  00:00       0.646       0.646       1.253
  651                  JUNCTION      0.00    12.32     0  01:23           0        3.84      14.026
  701                  JUNCTION      0.00     8.00     1  00:00           0        3.99       0.878
  751                  JUNCTION      0.00     2.67     0  02:47           0        1.19       1.339
  801                  JUNCTION      1.00     1.00     0  00:00       0.646       0.646       2.788
  851                  JUNCTION      1.00     1.00     0  00:00       0.646       0.646       3.631
  901                  JUNCTION      1.00     1.00     0  00:00       0.646       0.646       0.301
  951                  JUNCTION      1.00     1.00     0  00:00       0.646       0.646       4.262
  303                  JUNCTION      0.00    19.72     0  01:18           0        3.47       7.877
  103                  JUNCTION      0.00    61.94     0  01:09           0       0.622       1.606
  105                  JUNCTION      1.00     1.00     0  00:00       0.646       0.646       2.334
  107                  JUNCTION      0.00     2.65     0  00:36           0       0.632       0.730
  153                  JUNCTION      0.00     1.00     0  02:28           0       0.607       0.531
  155                  JUNCTION      0.00     1.00     0  02:45           0       0.604       0.145
  203                  JUNCTION      0.00     1.00     1  00:00           0       0.509       1.687
  205                  JUNCTION      0.00     1.00     1  00:00           0       0.502       0.207
  207                  JUNCTION      0.00     2.42     0  01:18           0       0.509       3.333
  253                  JUNCTION      0.00     1.01     0  03:50           0       0.562       3.590
  907                  JUNCTION      0.00   268.68     0  01:15           0        1.24      -3.642
  403                  JUNCTION      0.00     1.00     0  04:56           0       0.588       2.908
  753                  JUNCTION      0.00     3.43     0  01:31           0        1.81      -0.184
  755                  JUNCTION      0.00    10.34     0  00:28           0        1.81      -0.332
  757                  JUNCTION      0.00    63.69     0  00:27           0        1.82       0.506
  803                  JUNCTION      0.00    14.88     0  01:00           0       0.629       3.279
  853                  JUNCTION      0.00     5.01     0  00:59           0       0.624       3.440
  855                  JUNCTION      0.00     2.01     0  01:38           0       0.603       3.453
  903                  JUNCTION      0.00    24.54     0  00:51           0       0.644      -1.691
  905                  JUNCTION      0.00    93.79     0  01:03           0       0.653      -5.939
  703                  OUTFALL       0.00     8.00     1  00:00           0        3.87       0.000
  
  
  **********************
  Node Surcharge Summary
  **********************
  
  Surcharging occurs when water rises above the top of the highest conduit.
  ---------------------------------------------------------------------
                                               Max. Height   Min. Depth
                                   Hours       Above Crown    Below Rim
  Node                 Type      Surcharged           Feet         Feet
  ---------------------------------------------------------------------
  907                  JUNCTION        0.01          0.000        0.000
  903                  JUNCTION        0.01          0.000        0.000
  
  
  *********************
  Node Flooding Summary
  *********************
  
  Flooding refers to all water that overflows a node, whether it ponds or not.
  --------------------------------------------------------------------------
                                                             Total   Maximum
                                 Maximum   Time of Max       Flood    Ponded
                        Hours       Rate    Occurrence      Volume     Depth
  Node                 Flooded       CFS   days hr:min    10^6 gal      Feet
  --------------------------------------------------------------------------
  907                     0.01    114.99      0  01:10       0.023     0.000
  903                     0.01     12.13      0  01:15       0.002     0.000
  
  
  ***********************
  Outfall Loading Summary
  ***********************
  
  -----------------------------------------------------------
                         Flow       Avg       Max       Total
                         Freq      Flow      Flow      Volume
  Outfall Node           Pcnt       CFS       CFS    10^6 gal
  -----------------------------------------------------------
  703                   99.90      6.16      8.00       3.873
  -----------------------------------------------------------
  System                99.90      6.16      8.00       3.873
  
  
  ********************
  Link Flow Summary
  ********************
  
  -----------------------------------------------------------------------------
                                 Maximum  Time of Max   Maximum    Max/    Max/
                                  |Flow|   Occurrence   |Veloc|    Full    Full
  Link                 Type          CFS  days hr:min    ft/sec    Flow   Depth
  -----------------------------------------------------------------------------
  52                   CONDUIT      3.01     0  08:08      2.75    0.01    0.31
  102                  CONDUIT     61.94     0  01:09     25.23    0.61    0.50
  104                  CONDUIT      8.78     0  01:10      7.73    0.10    0.38
  106                  CONDUIT      2.65     0  00:36      4.89    0.25    0.35
  108                  CONDUIT     14.01     0  01:07     16.31    0.21    0.59
  152                  CONDUIT      1.00     0  02:28      4.84    0.01    0.07
  154                  CONDUIT      1.00     0  02:45      3.48    0.01    0.06
  156                  CONDUIT      1.34     0  01:40      3.41    0.01    0.24
  202                  CONDUIT      1.00     1  00:00      1.25    0.01    0.29
  204                  CONDUIT      1.00     1  00:00      1.38    0.22    0.16
  206                  CONDUIT      1.00     1  00:00      0.68    0.33    0.26
  208                  CONDUIT      2.42     0  01:18      1.24    0.19    0.06
  252                  CONDUIT      1.01     0  03:50      2.30    0.03    0.11
  254                  CONDUIT      4.01     0  03:50     22.49    0.02    0.50
  302                  CONDUIT     18.66     0  01:18      5.55    0.02    0.15
  304                  CONDUIT     10.66     0  01:23      2.19    0.01    0.33
  352                  CONDUIT     65.31     0  01:11     16.38    0.17    0.20
  402                  CONDUIT      1.00     0  04:56      1.50    0.15    0.19
  404                  CONDUIT      1.67     0  02:47      9.17    0.02    0.09
  452                  CONDUIT      1.00     0  01:34      6.67    0.02    0.20
  502                  CONDUIT      1.06     0  06:32      3.24    0.01    0.42
  552                  CONDUIT      1.32     0  00:47      1.45    0.02    0.73
  602                  CONDUIT      1.08     0  05:24      1.15    1.99    0.25
  652                  CONDUIT      7.00     1  00:00      1.38    0.00    0.22
  702                  CONDUIT      8.00     1  00:00      3.60    0.01    0.05
  752                  CONDUIT      2.43     0  01:31     12.00    0.01    0.12
  754                  CONDUIT     10.34     0  00:28     34.34    0.03    0.13
  756                  CONDUIT     63.69     0  00:27     36.41    0.24    0.20
  758                  CONDUIT      3.17     0  04:07      3.23    0.04    0.24
  802                  CONDUIT     14.88     0  01:00     16.98    0.47    0.50
  804                  CONDUIT      1.97     0  01:25     10.74    0.03    0.22
  852                  CONDUIT      5.01     0  00:59    >50.00    0.26    0.36
  854                  CONDUIT      2.01     0  01:38      7.97    0.06    0.16
  856                  CONDUIT      2.31     0  02:23      7.22    0.05    0.16
  902                  CONDUIT     24.54     0  00:51    >50.00    0.12    0.50
  904                  CONDUIT     93.79     0  01:03    >50.00    1.13    0.81
  906                  CONDUIT    268.68     0  01:15    >50.00    1.02    0.57
  908                  CONDUIT    245.31     0  01:11    >50.00    0.84    0.67
  952                  CONDUIT      1.00     0  02:49     48.90    0.03    0.15
  
  
  ***************************
  Flow Classification Summary
  ***************************
  
  -------------------------------------------------------------------------------------
                      Adjusted    ---------- Fraction of Time in Flow Class ---------- 
                       /Actual         Up    Down  Sub   Sup   Up    Down  Norm  Inlet 
  Conduit               Length    Dry  Dry   Dry   Crit  Crit  Crit  Crit  Ltd   Ctrl  
  -------------------------------------------------------------------------------------
  52                      1.00   0.01  0.00  0.00  0.98  0.01  0.00  0.00  0.11  0.00
  102                     1.00   0.05  0.00  0.00  0.00  0.95  0.00  0.00  0.95  0.00
  104                     1.00   0.05  0.00  0.00  0.00  0.00  0.00  0.95  0.00  0.00
  106                     1.00   0.02  0.00  0.00  0.00  0.00  0.00  0.97  0.00  0.00
  108                     1.00   0.05  0.00  0.00  0.00  0.95  0.00  0.01  0.95  0.00
  152                     1.00   0.06  0.00  0.00  0.00  0.93  0.00  0.00  0.93  0.00
  154                     1.00   0.06  0.00  0.00  0.00  0.93  0.00  0.00  0.93  0.00
  156                     1.00   0.06  0.01  0.00  0.93  0.00  0.00  0.00  0.93  0.00
  202                     1.00   0.05  0.00  0.00  0.93  0.00  0.00  0.02  0.09  0.00
  204                     1.00   0.05  0.00  0.00  0.95  0.00  0.00  0.00  0.00  0.00
  206                     1.00   0.05  0.00  0.00  0.95  0.00  0.00  0.00  0.00  0.00
  208                     1.00   0.05  0.00  0.00  0.95  0.00  0.00  0.00  0.00  0.00
  252                     1.00   0.13  0.00  0.00  0.00  0.00  0.00  0.87  0.00  0.00
  254                     1.00   0.05  0.11  0.00  0.00  0.84  0.00  0.00  0.84  0.00
  302                     1.00   0.01  0.04  0.00  0.95  0.01  0.00  0.00  0.95  0.00
  304                     1.00   0.00  0.01  0.00  0.99  0.00  0.00  0.00  0.07  0.00
  352                     1.00   0.05  0.00  0.00  0.02  0.93  0.00  0.00  0.93  0.00
  402                     1.00   0.08  0.00  0.00  0.00  0.00  0.00  0.92  0.00  0.00
  404                     1.00   0.06  0.05  0.00  0.00  0.88  0.00  0.00  0.88  0.00
  452                     1.00   0.01  0.00  0.00  0.00  0.94  0.00  0.05  0.94  0.00
  502                     1.00   0.00  0.00  0.00  0.99  0.01  0.00  0.00  0.22  0.00
  552                     1.00   0.00  0.00  0.00  1.00  0.00  0.00  0.00  0.05  0.00
  602                     1.00   0.00  0.00  0.00  1.00  0.00  0.00  0.00  0.00  0.00
  652                     1.00   0.00  0.00  0.00  1.00  0.00  0.00  0.00  0.20  0.00
  702                     1.00   0.00  0.00  0.00  0.77  0.23  0.00  0.00  0.00  0.00
  752                     1.00   0.02  0.04  0.00  0.00  0.94  0.00  0.00  0.94  0.00
  754                     1.00   0.02  0.00  0.00  0.00  0.98  0.00  0.00  0.98  0.00
  756                     1.00   0.02  0.00  0.00  0.83  0.16  0.00  0.00  0.98  0.00
  758                     1.00   0.01  0.01  0.00  0.98  0.00  0.00  0.00  0.11  0.00
  802                     1.00   0.04  0.00  0.00  0.00  0.00  0.00  0.96  0.00  0.00
  804                     1.00   0.06  0.00  0.00  0.91  0.01  0.00  0.03  0.92  0.00
  852                     1.00   0.04  0.00  0.00  0.00  0.93  0.00  0.03  0.93  0.00
  854                     1.00   0.07  0.00  0.00  0.00  0.90  0.00  0.03  0.90  0.00
  856                     1.00   0.10  0.00  0.00  0.00  0.87  0.00  0.03  0.87  0.00
  902                     1.00   0.04  0.01  0.00  0.00  0.94  0.00  0.01  0.95  0.00
  904                     1.00   0.05  0.00  0.00  0.00  0.00  0.00  0.95  0.00  0.00
  906                     1.00   0.05  0.02  0.00  0.00  0.84  0.00  0.09  0.84  0.00
  908                     1.00   0.05  0.00  0.00  0.02  0.93  0.00  0.00  0.95  0.00
  952                     1.00   0.04  0.00  0.00  0.00  0.88  0.00  0.08  0.88  0.00
  
  
  *************************
  Conduit Surcharge Summary
  *************************
  
  ----------------------------------------------------------------------------
                                                           Hours        Hours 
                         --------- Hours Full --------   Above Full   Capacity
  Conduit                Both Ends  Upstream  Dnstream   Normal Flow   Limited
  ----------------------------------------------------------------------------
  102                         0.01      0.01      0.01      0.01         0.01
  108                         0.01      0.01      0.01      0.01         0.01
  602                         0.01      0.01      0.01     23.68         0.01
  754                         0.01      0.13      0.01      0.01         0.01
  902                         0.01      0.01      0.01      0.01         0.01
  904                         0.01      0.16      0.01      0.01         0.01
  906                         0.01      0.52      0.01      0.01         0.01
  908                         0.01      0.01      0.01      0.01         0.01
  

  Analysis begun on:  Wed Jul 22 12:02:13 2026
  Analysis ended on:  Wed Jul 22 12:02:13 2026
  Total elapsed time: < 1 sec