
  EPA STORM WATER MANAGEMENT MODEL - VERSION 5.2 (Build 5.2.4)
  ------------------------------------------------------------

  Simulation of Tallahassee East Ditch 
  WARNING 04: minimum elevation drop used for Conduit ED875R
  WARNING 04: minimum elevation drop used for Conduit ED370R
  WARNING 04: minimum elevation drop used for Conduit ED130R
  WARNING 08: elevation drop exceeds length for Conduit MS960
  WARNING 08: elevation drop exceeds length for Conduit SE910
  WARNING 08: elevation drop exceeds length for Conduit SE890
  WARNING 08: elevation drop exceeds length for Conduit PR550
  WARNING 08: elevation drop exceeds length for Conduit PR530
  WARNING 04: minimum elevation drop used for Conduit AR630P1
  WARNING 04: minimum elevation drop used for Conduit AR610
  WARNING 08: elevation drop exceeds length for Conduit CC1020
  WARNING 08: elevation drop exceeds length for Conduit CC980
  WARNING 08: elevation drop exceeds length for Conduit KC500
  WARNING 08: elevation drop exceeds length for Conduit KC460
  WARNING 08: elevation drop exceeds length for Conduit KC940
  WARNING 08: elevation drop exceeds length for Conduit KC450
  WARNING 08: elevation drop exceeds length for Conduit KC420
  WARNING 08: elevation drop exceeds length for Conduit IH865
  WARNING 08: elevation drop exceeds length for Conduit IH840
  WARNING 08: elevation drop exceeds length for Conduit IH810
  WARNING 08: elevation drop exceeds length for Conduit IH790
  WARNING 08: elevation drop exceeds length for Conduit IH770
  WARNING 08: elevation drop exceeds length for Conduit 523.1
  WARNING 08: elevation drop exceeds length for Conduit 527.1
  WARNING 08: elevation drop exceeds length for Conduit 537
  
  ****************
  Analysis Options
  ****************
  Flow Units ............... CFS
  Process Models:
    Rainfall/Runoff ........ NO
    RDII ................... NO
    Snowmelt ............... NO
    Groundwater ............ NO
    Flow Routing ........... YES
    Ponding Allowed ........ NO
    Water Quality .......... NO
  Flow Routing Method ...... DYNWAVE
  Surcharge Method ......... EXTRAN
  Starting Date ............ 01/01/2001 00:00:00
  Ending Date .............. 01/02/2001 00:00:00
  Antecedent Dry Days ...... 0.0
  Report Time Step ......... 00:15:00
  Routing Time Step ........ 10.00 sec
  Variable Time Step ....... YES
  Maximum Trials ........... 50
  Number of Threads ........ 1
  Head Tolerance ........... 0.003300 ft
  
  
  **************************        Volume        Volume
  Flow Routing Continuity        acre-feet      10^6 gal
  **************************     ---------     ---------
  Dry Weather Inflow .......         0.000         0.000
  Wet Weather Inflow .......         0.000         0.000
  Groundwater Inflow .......         0.000         0.000
  RDII Inflow ..............         0.000         0.000
  External Inflow ..........        97.186        31.670
  External Outflow .........         0.000         0.000
  Flooding Loss ............       105.399        34.346
  Evaporation Loss .........         0.000         0.000
  Exfiltration Loss ........         0.000         0.000
  Initial Stored Volume ....         0.203         0.066
  Final Stored Volume ......         3.072         1.001
  Continuity Error (%) .....       -11.379
  
  
  *************************
  Highest Continuity Errors
  *************************
  Node 580 (-31.59%)
  Node 560 (-15.12%)
  Node CC1000R (6.07%)
  Node 570 (-3.88%)
  Node 590 (-3.63%)
  
  
  ***************************
  Time-Step Critical Elements
  ***************************
  Link AR610 (53.47%)
  Link AR630P1 (20.17%)
  Node AR610P2 (7.74%)
  Node AR630P2 (3.08%)
  Node AR630R (2.93%)
  
  
  ********************************
  Highest Flow Instability Indexes
  ********************************
  Link AR610 (70)
  Link AR630P1 (54)
  
  
  *********************************
  Most Frequent Nonconverging Nodes
  *********************************
  Node 880 (17.10%)
  Node AR610P2 (14.59%)
  Node AR610P1 (14.59%)
  Node AR630R (12.37%)
  Node AR630P2 (12.37%)
  
  
  *************************
  Routing Time Step Summary
  *************************
  Minimum Time Step           :     0.50 sec
  Average Time Step           :     3.44 sec
  Maximum Time Step           :    10.00 sec
  % of Time in Steady State   :     0.00
  Average Iterations per Step :    14.18
  % of Steps Not Converging   :    17.10
  Time Step Frequencies       :
     10.000 -  5.493 sec      :    17.07 %
      5.493 -  3.017 sec      :    12.00 %
      3.017 -  1.657 sec      :    52.42 %
      1.657 -  0.910 sec      :    11.99 %
      0.910 -  0.500 sec      :     6.53 %
  
  
  ******************
  Node Depth Summary
  ******************
  
  ---------------------------------------------------------------------------------
                                 Average  Maximum  Maximum  Time of Max    Reported
                                   Depth    Depth      HGL   Occurrence   Max Depth
  Node                 Type         Feet     Feet     Feet  days hr:min        Feet
  ---------------------------------------------------------------------------------
  360                  JUNCTION    57.66    57.88   140.88     0  00:29       57.88
  350                  JUNCTION    57.40    58.30   140.30     0  01:04       58.30
  340                  JUNCTION    56.95    57.16   139.16     0  00:46       57.16
  330                  JUNCTION    56.61    57.40   137.40     0  00:54       57.40
  320                  JUNCTION     0.00     0.00    80.00     0  00:00        0.00
  310                  JUNCTION     0.00     0.00    78.00     0  00:00        0.00
  300                  JUNCTION     0.00     0.00    78.00     0  00:00        0.00
  290                  JUNCTION     0.00     0.00    78.00     0  00:00        0.00
  280                  JUNCTION     0.00     0.00    78.00     0  00:00        0.00
  270                  JUNCTION     0.00     0.00    77.60     0  00:00        0.00
  260                  JUNCTION     0.00     0.00    78.00     0  00:00        0.00
  240                  JUNCTION     0.00     0.00    71.00     0  00:00        0.00
  230                  JUNCTION     0.00     0.00    70.00     0  00:00        0.00
  220                  JUNCTION     0.00     0.00    69.00     0  00:00        0.00
  210                  JUNCTION     0.00     0.00    68.00     0  00:00        0.00
  200                  JUNCTION     0.00     0.00    67.00     0  00:00        0.00
  190                  JUNCTION     0.00     0.00    66.00     0  00:00        0.00
  170                  JUNCTION     0.00     0.00    63.00     0  00:00        0.00
  160                  JUNCTION     0.00     0.00    63.00     0  00:00        0.00
  150                  JUNCTION     0.00     0.00    59.00     0  00:00        0.00
  140                  JUNCTION     0.00     0.00    59.00     0  00:00        0.00
  120                  JUNCTION    30.91    31.01    89.01     0  02:47       31.01
  110                  JUNCTION    30.61    31.00    89.00     0  02:43       31.00
  100                  JUNCTION    30.00    30.27    88.27     0  00:06       30.14
  30                   JUNCTION     0.00     0.00    50.00     0  00:00        0.00
  20                   JUNCTION     0.00     0.00    50.20     0  00:00        0.00
  10                   JUNCTION     0.00     0.00    50.00     0  00:00        0.00
  950                  JUNCTION     0.00     0.00   144.00     0  00:00        0.00
  900                  JUNCTION     0.00     0.00   130.00     0  00:00        0.00
  890                  JUNCTION     0.00     0.00    96.00     0  00:00        0.00
  520                  JUNCTION     0.00     0.00    60.00     0  00:00        0.00
  510                  JUNCTION     0.00     0.00    60.00     0  00:00        0.00
  620                  JUNCTION    52.40    52.58   129.58     0  00:31       52.58
  610                  JUNCTION    51.15    52.00   128.00     0  01:33       52.00
  600                  JUNCTION    50.90    51.16   127.16     0  00:10       51.10
  590                  JUNCTION    48.58    49.36   122.36     0  00:14       49.33
  580                  JUNCTION    46.38    51.10   122.10     0  00:15       47.03
  570                  JUNCTION    45.64    50.00   118.00     0  00:17       46.72
  560                  JUNCTION    44.00    47.21   116.21     0  00:16       44.57
  1010                 JUNCTION     0.00     0.00    88.00     0  00:00        0.00
  1000                 JUNCTION     0.00     0.00    84.00     0  00:00        0.00
  990                  JUNCTION     0.00     0.00    83.00     0  00:00        0.00
  980                  JUNCTION     0.00     0.00    83.00     0  00:00        0.00
  970                  JUNCTION     0.00     0.00    79.00     0  00:00        0.00
  490                  JUNCTION     0.00     0.00   179.00     0  00:00        0.00
  480                  JUNCTION     0.00     0.00   159.00     0  00:00        0.00
  470                  JUNCTION     0.00     0.00   143.00     0  00:00        0.00
  930                  JUNCTION     0.00     0.00   185.00     0  00:00        0.00
  430                  JUNCTION     0.00     0.00   107.00     0  00:00        0.00
  420                  JUNCTION     0.00     0.00    98.00     0  00:00        0.00
  410                  JUNCTION     0.00     0.00    95.00     0  00:00        0.00
  390                  JUNCTION     0.00     0.00    99.00     0  00:00        0.00
  865                  JUNCTION     0.00     0.00   160.00     0  00:00        0.00
  860                  JUNCTION     0.00     0.00   160.00     0  00:00        0.00
  850                  JUNCTION     0.00     0.00   150.00     0  00:00        0.00
  840                  JUNCTION     0.00     0.00   140.00     0  00:00        0.00
  830                  JUNCTION     0.00     0.00   140.00     0  00:00        0.00
  820                  JUNCTION     0.00     0.00   140.00     0  00:00        0.00
  810                  JUNCTION     0.00     0.00   115.00     0  00:00        0.00
  800                  JUNCTION     0.00     0.00   110.00     0  00:00        0.00
  790                  JUNCTION     0.00     0.00   100.00     0  00:00        0.00
  780                  JUNCTION     0.00     0.00   100.00     0  00:00        0.00
  770                  JUNCTION     0.00     0.00   100.00     0  00:00        0.00
  754                  JUNCTION     0.00     0.00    95.00     0  00:00        0.00
  756                  JUNCTION     0.00     0.00    95.00     0  00:00        0.00
  758                  JUNCTION     0.00     0.00    95.00     0  00:00        0.00
  798                  JUNCTION     0.00     0.00   100.00     0  00:00        0.00
  828                  JUNCTION     0.00     0.00   140.00     0  00:00        0.00
  752                  JUNCTION     0.00     0.00    95.00     0  00:00        0.00
  759                  JUNCTION     0.00     0.00    95.00     0  00:00        0.00
  855                  JUNCTION     0.00     0.00   150.00     0  00:00        0.00
  757                  JUNCTION     0.00     0.00    95.00     0  00:00        0.00
  755                  JUNCTION     0.00     0.00    95.00     0  00:00        0.00
  760                  JUNCTION     0.00     0.00   100.00     0  00:00        0.00
  758A                 JUNCTION     0.00     0.00    95.00     0  00:00        0.00
  Calibrate            JUNCTION     1.00     1.00     1.00     0  00:00        1.00
  982                  JUNCTION     0.00     0.00    83.00     0  00:00        0.00
  392                  JUNCTION     0.00     0.00    99.00     0  00:00        0.00
  276                  JUNCTION     0.00     0.00    78.00     0  00:00        0.00
  273                  JUNCTION     0.00     0.00    78.00     0  00:00        0.00
  10-25year            JUNCTION     0.00     0.00    50.00     0  00:00        0.00
  10-10year            JUNCTION     0.00     0.00    50.00     0  00:00        0.00
  10-5year             JUNCTION     0.00     0.00    50.00     0  00:00        0.00
  10-2year             JUNCTION     0.00     0.00    50.00     0  00:00        0.00
  271                  JUNCTION     0.00     0.00    77.70     0  00:00        0.00
  259                  JUNCTION     0.00     0.00    78.00     0  00:00        0.00
  ED875p1              JUNCTION    13.88    13.90    26.80     0  00:23       13.90
  ED875p2              JUNCTION    13.85    13.90    26.80     0  00:23       13.90
  ED370                JUNCTION    12.78    12.80    24.60     0  00:43       12.80
  ED370P               JUNCTION    12.75    12.80    24.60     0  00:43       12.80
  ED350                JUNCTION    11.59    11.60    22.20     0  00:30       11.60
  ED350P               JUNCTION    11.31    11.41    22.21     0  00:31       11.40
  ED330                JUNCTION    11.79    11.80    22.60     0  00:11       11.80
  ED310                JUNCTION    10.79    10.80    20.60     0  00:11       10.80
  ED290                JUNCTION    10.49    10.50    20.00     0  00:11       10.50
  ED270                JUNCTION     8.49     8.50    16.00     0  00:10        8.50
  ED240                JUNCTION    11.99    12.00    23.00     0  00:11       12.00
  ED220                JUNCTION    13.68    13.70    26.40     0  00:21       13.70
  ED200                JUNCTION    18.57    18.60    36.20     0  00:20       18.60
  ED170                JUNCTION    16.17    16.20    31.40     0  00:41       16.20
  ED150                JUNCTION    15.28    15.30    29.60     0  00:31       15.30
  ED130                JUNCTION    17.07    17.10    33.20     0  00:44       17.10
  ED130P               JUNCTION    17.02    17.10    33.20     0  00:44       17.10
  ED110                JUNCTION    11.84    11.87    23.27     0  00:43       11.86
  ED110P               JUNCTION    12.10    12.13    23.26     0  00:43       12.13
  ED30                 JUNCTION    13.04    13.05    25.10     0  00:11       13.05
  MS960R               JUNCTION     2.50     2.50     2.50     0  00:01        2.50
  SE910R               JUNCTION     2.00     2.00     2.00     0  00:01        2.00
  SE890R               JUNCTION     2.00     2.00     2.00     0  00:01        2.00
  PR550R               JUNCTION     3.70     3.70     5.40     0  00:01        3.70
  PR530R               JUNCTION     1.64     1.64     1.78     0  00:00        1.64
  AR630P2              JUNCTION     1.98     3.00     3.00     0  00:22        2.95
  AR630R               JUNCTION     1.96     3.00     3.00     0  00:34        3.00
  AR610P1              JUNCTION     1.76     3.00     3.00     0  00:05        3.00
  AR610P2              JUNCTION     1.56     3.00     3.00     0  00:09        2.67
  CC1020R              JUNCTION     2.50     2.50     2.50     0  00:02        2.50
  CC1000R              JUNCTION     5.84     6.00     6.00     0  01:27        6.00
  CC980R               JUNCTION     5.97     6.00     6.00     0  00:16        6.00
  KC500R               JUNCTION     4.99     5.00     5.00     0  00:08        5.00
  KC460R               JUNCTION     2.50     2.50     2.50     0  00:01        2.50
  KC940R               JUNCTION     2.00     2.00     2.00     0  00:01        2.00
  KC450R               JUNCTION     7.67     7.68    12.40     0  00:06        7.68
  KC420R               JUNCTION     5.26     5.29     6.08     0  00:24        5.29
  PR510                JUNCTION    35.38    35.46    69.92     0  00:10       35.46
  IH865R               JUNCTION     4.99     5.00     5.00     0  00:04        5.00
  IH840R               JUNCTION     3.99     4.00     4.00     0  00:05        4.00
  IH810R               JUNCTION     4.98     5.00     5.00     0  00:11        5.00
  IH790R               JUNCTION     4.98     5.00     5.00     0  00:11        5.00
  IH770R               JUNCTION     5.59     5.60     6.50     0  00:05        5.60
  880                  OUTFALL      0.00     0.00    83.00     0  00:00        0.00
  370                  STORAGE      0.00     0.00    83.00     0  00:00        0.00
  130                  STORAGE      0.00     0.00    58.00     0  00:00        0.00
  380                  STORAGE      0.00     0.00    95.00     0  00:00        0.00
  250                  STORAGE      0.00     0.00    73.00     0  00:00        0.00
  180                  STORAGE      9.89    10.00    74.00     0  00:16       10.00
  90                   STORAGE      9.90    10.00    67.00     0  00:37       10.00
  40                   STORAGE      4.50     4.50    55.50     0  00:00        4.50
  960                  STORAGE      0.00     0.00   145.00     0  00:00        0.00
  460                  STORAGE      0.20     0.20   114.20     0  00:00        0.20
  910                  STORAGE      0.00     0.00   130.00     0  00:00        0.00
  550                  STORAGE      0.00     0.00    72.00     0  00:00        0.00
  540                  STORAGE      0.00     0.00    72.00     0  00:00        0.00
  530                  STORAGE      0.00     0.00    60.00     0  00:00        0.00
  630                  STORAGE      0.00     0.00    77.00     0  00:00        0.00
  1020                 STORAGE      0.00     0.00    90.00     0  00:00        0.00
  500                  STORAGE      0.00     0.00   180.00     0  00:00        0.00
  450                  STORAGE      2.12     2.12   109.12     0  00:00        2.12
  940                  STORAGE      0.00     0.00   189.00     0  00:00        0.00
  920                  STORAGE      0.00     0.00   150.00     0  00:00        0.00
  440                  STORAGE      1.24     1.24   108.24     0  00:00        1.24
  400                  STORAGE      0.00     0.00    88.00     0  00:00        0.00
  870                  STORAGE      9.43    10.00   173.00     0  02:46       10.00
  394                  STORAGE      9.43    10.00   109.00     0  02:46       10.00
  404                  STORAGE      9.43    10.00    94.00     0  02:46       10.00
  416                  STORAGE      9.43    10.00   163.00     0  02:46       10.00
  446                  STORAGE      9.43    10.00   154.00     0  02:46       10.00
  456                  STORAGE      9.43    10.00   196.00     0  02:46       10.00
  
  
  *******************
  Node Inflow Summary
  *******************
  
  -------------------------------------------------------------------------------------------------
                                  Maximum  Maximum                  Lateral       Total        Flow
                                  Lateral    Total  Time of Max      Inflow      Inflow     Balance
                                   Inflow   Inflow   Occurrence      Volume      Volume       Error
  Node                 Type           CFS      CFS  days hr:min    10^6 gal    10^6 gal     Percent
  -------------------------------------------------------------------------------------------------
  360                  JUNCTION      1.00     1.00     0  00:00       0.646       0.646       1.229
  350                  JUNCTION      0.00     1.08     0  00:29           0       0.638       0.000
  340                  JUNCTION      1.00     1.00     0  00:00       0.646       0.646       1.052
  330                  JUNCTION      0.00     1.00     0  00:46           0        0.64       0.000
  320                  JUNCTION      0.00     0.00     0  00:00           0           0       0.000 gal
  310                  JUNCTION      0.00     0.00     0  00:00           0           0       0.000 gal
  300                  JUNCTION      0.00     0.00     0  00:00           0           0       0.000 gal
  290                  JUNCTION      0.00     0.00     0  00:00           0           0       0.000 gal
  280                  JUNCTION      0.00     0.00     0  00:00           0           0       0.000 gal
  270                  JUNCTION      0.00     0.00     0  00:00           0           0       0.000 gal
  260                  JUNCTION      0.00     0.00     0  00:00           0           0       0.000 gal
  240                  JUNCTION      0.00     0.00     0  00:00           0           0       0.000 gal
  230                  JUNCTION      0.00     0.00     0  00:00           0           0       0.000 gal
  220                  JUNCTION      0.00     0.00     0  00:00           0           0       0.000 gal
  210                  JUNCTION      0.00     0.00     0  00:00           0           0       0.000 gal
  200                  JUNCTION      0.00     0.00     0  00:00           0           0       0.000 gal
  190                  JUNCTION      0.00     0.00     0  00:00           0           0       0.000 gal
  170                  JUNCTION      0.00     0.00     0  00:00           0           0       0.000 gal
  160                  JUNCTION      0.00     0.00     0  00:00           0           0       0.000 gal
  150                  JUNCTION      0.00     0.00     0  00:00           0           0       0.000 gal
  140                  JUNCTION      0.00     0.00     0  00:00           0           0       0.000 gal
  120                  JUNCTION      1.00     1.00     0  00:00       0.646       0.646       4.774
  110                  JUNCTION      0.00     1.38     0  02:51           0       0.617       0.000
  100                  JUNCTION      1.00     1.00     0  00:00       0.646       0.646      -2.430
  30                   JUNCTION      0.00     0.00     0  00:00           0           0       0.000 gal
  20                   JUNCTION      0.00     0.00     0  00:00           0           0       0.000 gal
  10                   JUNCTION      0.00     0.00     0  00:00           0           0       0.000 gal
  950                  JUNCTION      0.00     0.00     0  00:00           0           0       0.000 gal
  900                  JUNCTION      0.00     0.00     0  00:00           0           0       0.000 gal
  890                  JUNCTION      0.00     0.00     0  00:00           0           0       0.000 gal
  520                  JUNCTION      0.00     0.00     0  00:00           0           0       0.000 gal
  510                  JUNCTION      0.00     0.00     0  00:00           0           0       0.000 gal
  620                  JUNCTION      1.00     1.00     0  00:00       0.646       0.646       1.423
  610                  JUNCTION      0.00     1.01     0  00:31           0       0.637       0.000
  600                  JUNCTION      1.00     1.00     0  00:00       0.646       0.646       0.086
  590                  JUNCTION      0.00     3.76     0  00:11           0       0.646      -3.507
  580                  JUNCTION      0.00    18.86     0  00:15           0       0.669     -24.008
  570                  JUNCTION      0.00   191.90     0  00:15           0       0.881      -3.734
  560                  JUNCTION      0.00   104.86     0  00:18           0       0.915     -13.132
  1010                 JUNCTION      0.00     0.00     0  00:00           0           0       0.000 gal
  1000                 JUNCTION      0.00     0.00     0  00:00           0           0       0.000 gal
  990                  JUNCTION      0.00     0.00     0  00:00           0           0       0.000 gal
  980                  JUNCTION      0.00     0.00     0  00:00           0           0       0.000 gal
  970                  JUNCTION      0.00     0.00     0  00:00           0           0       0.000 gal
  490                  JUNCTION      0.00     0.00     0  00:00           0           0       0.000 gal
  480                  JUNCTION      0.00     0.00     0  00:00           0           0       0.000 gal
  470                  JUNCTION      0.00     0.00     0  00:00           0           0       0.000 gal
  930                  JUNCTION      0.00     0.00     0  00:00           0           0       0.000 gal
  430                  JUNCTION      0.00     0.00     0  00:00           0           0       0.000 gal
  420                  JUNCTION      0.00     0.00     0  00:00           0           0       0.000 gal
  410                  JUNCTION      0.00     0.00     0  00:00           0           0       0.000 gal
  390                  JUNCTION      0.00     0.00     0  00:00           0           0       0.000 gal
  865                  JUNCTION      0.00     0.00     0  00:00           0           0       0.000 gal
  860                  JUNCTION      0.00     0.00     0  00:00           0           0       0.000 gal
  850                  JUNCTION      0.00     0.00     0  00:00           0           0       0.000 gal
  840                  JUNCTION      0.00     0.00     0  00:00           0           0       0.000 gal
  830                  JUNCTION      0.00     0.00     0  00:00           0           0       0.000 gal
  820                  JUNCTION      0.00     0.00     0  00:00           0           0       0.000 gal
  810                  JUNCTION      0.00     0.00     0  00:00           0           0       0.000 gal
  800                  JUNCTION      0.00     0.00     0  00:00           0           0       0.000 gal
  790                  JUNCTION      0.00     0.00     0  00:00           0           0       0.000 gal
  780                  JUNCTION      0.00     0.00     0  00:00           0           0       0.000 gal
  770                  JUNCTION      0.00     0.00     0  00:00           0           0       0.000 gal
  754                  JUNCTION      0.00     0.00     0  00:00           0           0       0.000 gal
  756                  JUNCTION      0.00     0.00     0  00:00           0           0       0.000 gal
  758                  JUNCTION      0.00     0.00     0  00:00           0           0       0.000 gal
  798                  JUNCTION      0.00     0.00     0  00:00           0           0       0.000 gal
  828                  JUNCTION      0.00     0.00     0  00:00           0           0       0.000 gal
  752                  JUNCTION      0.00     0.00     0  00:00           0           0       0.000 gal
  759                  JUNCTION      0.00     0.00     0  00:00           0           0       0.000 gal
  855                  JUNCTION      0.00     0.00     0  00:00           0           0       0.000 gal
  757                  JUNCTION      0.00     0.00     0  00:00           0           0       0.000 gal
  755                  JUNCTION      0.00     0.00     0  00:00           0           0       0.000 gal
  760                  JUNCTION      0.00     0.00     0  00:00           0           0       0.000 gal
  758A                 JUNCTION      0.00     0.00     0  00:00           0           0       0.000 gal
  Calibrate            JUNCTION      1.00     1.00     0  00:00       0.646       0.646       0.048
  982                  JUNCTION      0.00     0.00     0  00:00           0           0       0.000 gal
  392                  JUNCTION      0.00     0.00     0  00:00           0           0       0.000 gal
  276                  JUNCTION      0.00     0.00     0  00:00           0           0       0.000 gal
  273                  JUNCTION      0.00     0.00     0  00:00           0           0       0.000 gal
  10-25year            JUNCTION      0.00     0.00     0  00:00           0           0       0.000 gal
  10-10year            JUNCTION      0.00     0.00     0  00:00           0           0       0.000 gal
  10-5year             JUNCTION      0.00     0.00     0  00:00           0           0       0.000 gal
  10-2year             JUNCTION      0.00     0.00     0  00:00           0           0       0.000 gal
  271                  JUNCTION      0.00     0.00     0  00:00           0           0       0.000 gal
  259                  JUNCTION      0.00     0.00     0  00:00           0           0       0.000 gal
  ED875p1              JUNCTION      1.00     1.40     0  00:09       0.646       0.646       0.926
  ED875p2              JUNCTION      0.00     1.18     0  00:07           0      0.0781       0.000
  ED370                JUNCTION      1.00     1.00     0  00:00       0.646       0.646       1.618
  ED370P               JUNCTION      0.00     1.15     0  00:07           0       0.115       0.000
  ED350                JUNCTION      1.00     5.62     0  00:13       0.646       0.652       1.570
  ED350P               JUNCTION      0.00     3.47     0  00:14           0     0.00936       0.000
  ED330                JUNCTION      1.00     1.00     0  00:00       0.646       0.646       0.830
  ED310                JUNCTION      1.00     1.00     0  00:00       0.646       0.646       0.768
  ED290                JUNCTION      1.00     1.00     0  00:00       0.646       0.646       0.790
  ED270                JUNCTION      1.00     1.00     0  00:00       0.646       0.646       0.707
  ED240                JUNCTION      1.00     1.00     0  00:00       0.646       0.646       0.790
  ED220                JUNCTION      1.00     1.00     0  00:00       0.646       0.646       1.539
  ED200                JUNCTION      1.00     1.00     0  00:00       0.646       0.646       1.447
  ED170                JUNCTION      1.00     1.00     0  00:00       0.646       0.646       2.987
  ED150                JUNCTION      1.00     1.00     0  00:00       0.646       0.646       2.244
  ED130                JUNCTION      1.00     1.00     0  00:00       0.646       0.646       1.648
  ED130P               JUNCTION      0.00     1.58     0  00:08           0       0.117       0.000
  ED110                JUNCTION      1.00     1.16     0  00:30       0.646       0.646       0.910
  ED110P               JUNCTION      0.00     2.95     0  00:02           0       0.641       0.000
  ED30                 JUNCTION      1.00     1.00     0  00:00       0.646       0.646       0.822
  MS960R               JUNCTION      1.00     1.00     0  00:00       0.646       0.646       0.102
  SE910R               JUNCTION      1.00     1.00     0  00:00       0.646       0.646       0.093
  SE890R               JUNCTION      1.00     1.00     0  00:00       0.646       0.646       0.102
  PR550R               JUNCTION      1.00     1.00     0  00:00       0.646       0.646       0.080
  PR530R               JUNCTION      1.00     1.00     0  00:00       0.646       0.646       0.035
  AR630P2              JUNCTION      1.00    59.62     0  01:42       0.646        2.36      -4.636
  AR630R               JUNCTION      0.00    65.53     0  01:19           0        2.26       0.000
  AR610P1              JUNCTION      1.00   133.70     0  01:35       0.646        8.41      -7.937
  AR610P2              JUNCTION      0.00   131.75     0  00:27           0        5.32       0.000
  CC1020R              JUNCTION      1.00     1.00     0  00:00       0.646       0.646       0.155
  CC1000R              JUNCTION      1.00     1.00     0  00:00       0.646       0.646       6.464
  CC980R               JUNCTION      1.00     1.00     0  00:00       0.646       0.646       1.133
  KC500R               JUNCTION      1.00     1.00     0  00:00       0.646       0.646       0.576
  KC460R               JUNCTION      1.00     1.00     0  00:00       0.646       0.646       0.102
  KC940R               JUNCTION      1.00     1.00     0  00:00       0.646       0.646       0.066
  KC450R               JUNCTION      1.00     1.00     0  00:00       0.646       0.646       0.430
  KC420R               JUNCTION      1.00     1.00     0  00:00       0.646       0.646       1.714
  PR510                JUNCTION      1.00     1.00     0  00:00       0.646       0.646       0.707
  IH865R               JUNCTION      1.00     1.00     0  00:00       0.646       0.646       0.341
  IH840R               JUNCTION      1.00     1.00     0  00:00       0.646       0.646       0.373
  IH810R               JUNCTION      1.00     1.00     0  00:00       0.646       0.646       0.815
  IH790R               JUNCTION      1.00     1.00     0  00:00       0.646       0.646       0.815
  IH770R               JUNCTION      1.00     1.00     0  00:00       0.646       0.646       0.373
  880                  OUTFALL       0.00     0.00     0  00:00           0           0       0.000 gal
  370                  STORAGE       0.00     0.00     0  00:00           0           0       0.000 gal
  130                  STORAGE       0.00     0.00     0  00:00           0           0       0.000 gal
  380                  STORAGE       0.00     0.00     0  00:00           0           0       0.000 gal
  250                  STORAGE       0.00     0.00     0  00:00           0           0       0.000 gal
  180                  STORAGE       0.00   176.41     0  00:17           0        1.05       0.208
  90                   STORAGE       0.00     5.75     0  00:07           0       0.668      -0.001
  40                   STORAGE       0.00     0.00     0  00:00           0      0.0337       0.000
  960                  STORAGE       0.00     0.00     0  00:00           0           0       0.000 gal
  460                  STORAGE       0.00     0.00     0  00:00           0      0.0015       0.000
  910                  STORAGE       0.00     0.00     0  00:00           0           0       0.000 gal
  550                  STORAGE       0.00     0.00     0  00:00           0           0       0.000 gal
  540                  STORAGE       0.00     0.00     0  00:00           0           0       0.000 gal
  530                  STORAGE       0.00     0.00     0  00:00           0           0       0.000 gal
  630                  STORAGE       0.00     0.00     0  00:00           0           0       0.000 gal
  1020                 STORAGE       0.00     0.00     0  00:00           0           0       0.000 gal
  500                  STORAGE       0.00     0.00     0  00:00           0           0       0.000 gal
  450                  STORAGE       0.00     0.00     0  00:00           0      0.0159       0.000
  940                  STORAGE       0.00     0.00     0  00:00           0           0       0.000 gal
  920                  STORAGE       0.00     0.00     0  00:00           0           0       0.000 gal
  440                  STORAGE       0.00     0.00     0  00:00           0     0.00928       0.000
  400                  STORAGE       0.00     0.00     0  00:00           0           0       0.000 gal
  870                  STORAGE       1.00     1.00     0  00:00       0.646       0.646      -0.000
  394                  STORAGE       1.00     1.00     0  00:00       0.646       0.646      -0.000
  404                  STORAGE       1.00     1.00     0  00:00       0.646       0.646      -0.000
  416                  STORAGE       1.00     1.00     0  00:00       0.646       0.646      -0.000
  446                  STORAGE       1.00     1.00     0  00:00       0.646       0.646      -0.000
  456                  STORAGE       1.00     1.00     0  00:00       0.646       0.646      -0.000
  
  
  **********************
  Node Surcharge Summary
  **********************
  
  Surcharging occurs when water rises above the top of the highest conduit.
  ---------------------------------------------------------------------
                                               Max. Height   Min. Depth
                                   Hours       Above Crown    Below Rim
  Node                 Type      Surcharged           Feet         Feet
  ---------------------------------------------------------------------
  350                  JUNCTION       22.93          0.000        0.000
  330                  JUNCTION       23.10          0.000        0.000
  110                  JUNCTION       21.28          0.000        0.000
  610                  JUNCTION       22.45          0.000        0.000
  Calibrate            JUNCTION       23.99          0.000        0.000
  10-25year            JUNCTION       24.00          0.000        0.000
  10-10year            JUNCTION       24.00          0.000        0.000
  10-5year             JUNCTION       24.00          0.000        0.000
  10-2year             JUNCTION       24.00          0.000        0.000
  ED875p1              JUNCTION       23.60          0.000        0.000
  ED875p2              JUNCTION       23.60          0.000        0.000
  ED370                JUNCTION       23.27          0.000        0.000
  ED370P               JUNCTION       23.27          0.000        0.000
  ED350                JUNCTION       23.49          0.000        0.000
  ED330                JUNCTION       23.80          0.000        0.000
  ED310                JUNCTION       23.82          0.000        0.000
  ED290                JUNCTION       23.81          0.000        0.000
  ED270                JUNCTION       23.83          0.000        0.000
  ED240                JUNCTION       23.81          0.000        0.000
  ED220                JUNCTION       23.64          0.000        0.000
  ED200                JUNCTION       23.66          0.000        0.000
  ED170                JUNCTION       23.30          0.000        0.000
  ED150                JUNCTION       23.47          0.000        0.000
  ED130                JUNCTION       23.26          0.000        0.000
  ED130P               JUNCTION       23.26          0.000        0.000
  ED110P               JUNCTION       23.28          0.000        0.000
  ED30                 JUNCTION       23.80          0.000        0.000
  MS960R               JUNCTION       23.98          0.000        0.000
  SE910R               JUNCTION       23.98          0.000        0.000
  SE890R               JUNCTION       23.98          0.000        0.000
  PR550R               JUNCTION       23.98          0.000        0.000
  PR530R               JUNCTION       23.99          0.000        0.000
  AR630P2              JUNCTION        0.41          0.000        0.000
  AR630R               JUNCTION        0.36          0.000        0.000
  AR610P1              JUNCTION        4.06          0.000        0.000
  AR610P2              JUNCTION        0.50          0.000        0.000
  CC1020R              JUNCTION       23.96          0.000        0.000
  CC1000R              JUNCTION       22.54          0.000        0.000
  CC980R               JUNCTION       23.73          0.000        0.000
  KC500R               JUNCTION       23.86          0.000        0.000
  KC460R               JUNCTION       23.98          0.000        0.000
  KC940R               JUNCTION       23.98          0.000        0.000
  KC450R               JUNCTION       23.90          0.000        0.000
  KC420R               JUNCTION       23.60          0.000        0.000
  PR510                JUNCTION       23.83          0.000        0.000
  IH865R               JUNCTION       23.92          0.000        0.000
  IH840R               JUNCTION       23.91          0.000        0.000
  IH810R               JUNCTION       23.81          0.000        0.000
  IH790R               JUNCTION       23.81          0.000        0.000
  IH770R               JUNCTION       23.91          0.000        0.000
  
  
  *********************
  Node Flooding Summary
  *********************
  
  Flooding refers to all water that overflows a node, whether it ponds or not.
  --------------------------------------------------------------------------
                                                             Total   Maximum
                                 Maximum   Time of Max       Flood    Ponded
                        Hours       Rate    Occurrence      Volume     Depth
  Node                 Flooded       CFS   days hr:min    10^6 gal      Feet
  --------------------------------------------------------------------------
  350                    22.93      1.00      0  01:04       0.617     0.000
  330                    23.10      1.00      0  00:55       0.622     0.000
  110                    21.28      1.38      0  02:51       0.573     0.000
  610                    22.45      1.00      0  01:33       0.604     0.000
  Calibrate              23.99      1.00      0  00:00       0.646     0.000
  ED875p1                23.60      0.96      1  00:00       0.562     0.000
  ED875p2                23.60      0.55      0  00:23       0.073     0.000
  ED370                  23.27      0.92      1  00:00       0.521     0.000
  ED370P                 23.27      0.49      0  00:43       0.106     0.000
  ED350                  23.49      1.58      0  00:31       0.633     0.000
  ED330                  23.80      1.00      0  00:11       0.641     0.000
  ED310                  23.82      1.00      0  00:11       0.641     0.000
  ED290                  23.81      1.00      0  00:11       0.641     0.000
  ED270                  23.83      1.00      0  00:10       0.642     0.000
  ED240                  23.81      1.00      0  00:11       0.641     0.000
  ED220                  23.64      1.00      0  00:21       0.637     0.000
  ED200                  23.66      1.00      0  00:20       0.637     0.000
  ED170                  23.30      1.00      0  00:41       0.628     0.000
  ED150                  23.47      1.00      0  00:31       0.632     0.000
  ED130                  23.26      0.92      1  00:00       0.519     0.000
  ED130P                 23.26      0.51      0  00:44       0.107     0.000
  ED110P                 23.27      1.91      0  00:44       0.627     0.000
  ED30                   23.80      1.00      0  00:11       0.641     0.000
  MS960R                 23.98      1.00      0  00:01       0.646     0.000
  SE910R                 23.98      1.00      0  00:01       0.646     0.000
  SE890R                 23.98      1.00      0  00:01       0.646     0.000
  PR550R                 23.98      1.00      0  00:01       0.646     0.000
  PR530R                 23.99      1.00      0  00:00       0.646     0.000
  AR630P2                 0.41     30.37      0  01:42       0.291     0.000
  AR630R                  0.36     32.78      0  01:19       0.297     0.000
  AR610P1                 4.06     67.30      0  01:35       4.323     0.000
  AR610P2                 0.50     33.85      0  00:38       0.405     0.000
  CC1020R                23.96      1.00      0  00:02       0.645     0.000
  CC1000R                22.54      1.00      0  01:27       0.607     0.000
  CC980R                 23.73      1.00      0  00:16       0.639     0.000
  KC500R                 23.86      1.00      0  00:08       0.643     0.000
  KC460R                 23.98      1.00      0  00:01       0.646     0.000
  KC940R                 23.98      1.00      0  00:01       0.646     0.000
  KC450R                 23.90      1.00      0  00:06       0.644     0.000
  KC420R                 23.60      1.00      0  00:24       0.635     0.000
  PR510                  23.83      1.00      0  00:10       0.642     0.000
  IH865R                 23.92      1.00      0  00:04       0.644     0.000
  IH840R                 23.91      1.00      0  00:05       0.644     0.000
  IH810R                 23.81      1.00      0  00:11       0.641     0.000
  IH790R                 23.81      1.00      0  00:11       0.641     0.000
  IH770R                 23.91      1.00      0  00:05       0.644     0.000
  180                    23.72    176.40      0  00:17       1.017     0.000
  90                     23.39      1.18      0  00:37       0.631     0.000
  870                    21.22      1.00      0  02:46       0.572     0.000
  394                    21.22      1.00      0  02:46       0.572     0.000
  404                    21.22      1.00      0  02:46       0.572     0.000
  416                    21.22      1.00      0  02:46       0.572     0.000
  446                    21.22      1.00      0  02:46       0.572     0.000
  456                    21.22      1.00      0  02:46       0.572     0.000
  
  
  **********************
  Storage Volume Summary
  **********************
  
  ------------------------------------------------------------------------------------------------
                         Average    Avg   Evap  Exfil     Maximum    Max    Time of Max    Maximum
                          Volume   Pcnt   Pcnt   Pcnt      Volume   Pcnt     Occurrence    Outflow
  Storage Unit          1000 ft³   Full   Loss   Loss    1000 ft³   Full    days hr:min        CFS
  ------------------------------------------------------------------------------------------------
  370                      0.000    0.0    0.0    0.0       0.000    0.0       0  00:00       0.00
  130                      0.000    0.0    0.0    0.0       0.000    0.0       0  00:00       0.00
  380                      0.000    0.0    0.0    0.0       0.000    0.0       0  00:00       0.00
  250                      0.000    0.0    0.0    0.0       0.000    0.0       0  00:00       0.00
  180                      4.947   98.9    0.0    0.0       5.000  100.0       0  00:16       0.00
  90                       4.952   99.0    0.0    0.0       5.000  100.0       0  00:37       0.00
  40                       4.500   45.0    0.0    0.0       4.500   45.0       0  00:00       0.00
  960                      0.000    0.0    0.0    0.0       0.000    0.0       0  00:00       0.00
  460                      0.200    2.0    0.0    0.0       0.200    2.0       0  00:00       0.00
  910                      0.000    0.0    0.0    0.0       0.000    0.0       0  00:00       0.00
  550                      0.000    0.0    0.0    0.0       0.000    0.0       0  00:00       0.00
  540                      0.000    0.0    0.0    0.0       0.000    0.0       0  00:00       0.00
  530                      0.000    0.0    0.0    0.0       0.000    0.0       0  00:00       0.00
  630                      0.000    0.0    0.0    0.0       0.000    0.0       0  00:00       0.00
  1020                     0.000    0.0    0.0    0.0       0.000    0.0       0  00:00       0.00
  500                      0.000    0.0    0.0    0.0       0.000    0.0       0  00:00       0.00
  450                      2.120   21.2    0.0    0.0       2.120   21.2       0  00:00       0.00
  940                      0.000    0.0    0.0    0.0       0.000    0.0       0  00:00       0.00
  920                      0.000    0.0    0.0    0.0       0.000    0.0       0  00:00       0.00
  440                      1.240   12.4    0.0    0.0       1.240   12.4       0  00:00       0.00
  400                      0.000    0.0    0.0    0.0       0.000    0.0       0  00:00       0.00
  870                      9.433   94.3    0.0    0.0      10.000  100.0       0  02:46       0.00
  394                      9.433   94.3    0.0    0.0      10.000  100.0       0  02:46       0.00
  404                      9.433   94.3    0.0    0.0      10.000  100.0       0  02:46       0.00
  416                      9.433   94.3    0.0    0.0      10.000  100.0       0  02:46       0.00
  446                      9.433   94.3    0.0    0.0      10.000  100.0       0  02:46       0.00
  456                      9.433   94.3    0.0    0.0      10.000  100.0       0  02:46       0.00
  
  
  ***********************
  Outfall Loading Summary
  ***********************
  
  -----------------------------------------------------------
                         Flow       Avg       Max       Total
                         Freq      Flow      Flow      Volume
  Outfall Node           Pcnt       CFS       CFS    10^6 gal
  -----------------------------------------------------------
  880                    0.00      0.00      0.00       0.000
  -----------------------------------------------------------
  System                 0.00      0.00      0.00       0.000
  
  
  ********************
  Link Flow Summary
  ********************
  
  -----------------------------------------------------------------------------
                                 Maximum  Time of Max   Maximum    Max/    Max/
                                  |Flow|   Occurrence   |Veloc|    Full    Full
  Link                 Type          CFS  days hr:min    ft/sec    Flow   Depth
  -----------------------------------------------------------------------------
  ED875R               CONDUIT      1.18     0  00:07      0.85    0.31    1.00
  ED370R               CONDUIT      1.15     0  00:07      0.56    0.15    1.00
  ED350R               CONDUIT      4.62     0  00:13      0.66    0.03    0.80
  ED330R               CONDUIT      0.00     0  00:00      0.00    0.00    0.50
  ED310R               CONDUIT      0.00     0  00:00      0.00    0.00    0.50
  ED290R               CONDUIT      0.00     0  00:00      0.00    0.00    0.50
  ED270R               CONDUIT      0.00     0  00:00      0.00    0.00    0.50
  ED240R               CONDUIT      0.00     0  00:00      0.00    0.00    0.50
  ED220R               CONDUIT      0.00     0  00:00      0.00    0.00    0.50
  ED200R               CONDUIT      0.00     0  00:00      0.00    0.00    0.50
  ED170R               CONDUIT      0.00     0  00:00      0.00    0.00    0.50
  ED150R               CONDUIT      0.00     0  00:00      0.00    0.00    0.50
  ED130R               CONDUIT      1.58     0  00:08      0.83    0.21    1.00
  ED110R               CONDUIT      2.95     0  00:02      1.43    0.01    0.73
  ED30R                CONDUIT      0.00     0  00:00      0.00    0.00    0.50
  ED380                CONDUIT      0.00     0  00:00      0.00    0.00    0.00
  ED360                CONDUIT      1.08     0  00:29      1.32    0.01    0.54
  ED340                CONDUIT      1.00     0  00:46      1.65    0.01    0.53
  ED320                CONDUIT      0.00     0  00:00      0.00    0.00    0.00
  ED300                CONDUIT      0.00     0  00:00      0.00    0.00    0.00
  ED280                CONDUIT      0.00     0  00:00      0.00    0.00    0.00
  ED259                CONDUIT      0.00     0  00:00      0.00    0.00    0.00
  ED250                CONDUIT      0.00     0  00:00      0.00    0.00    0.00
  ED230                CONDUIT      0.00     0  00:00      0.00    0.00    0.00
  ED210                CONDUIT      0.00     0  00:00      0.00    0.00    0.00
  ED190                CONDUIT      0.00     0  00:00      0.00    0.00    0.00
  ED180                CONDUIT      0.00     0  00:00      0.00    0.00    0.00
  ED160                CONDUIT      0.00     0  00:00      0.00    0.00    0.00
  ED140                CONDUIT      0.00     0  00:00      0.00    0.00    0.00
  ED120                CONDUIT      1.38     0  02:51      0.67    0.06    0.81
  ED100                CONDUIT      5.75     0  00:07      2.10    0.11    0.26
  ED40                 CONDUIT      0.00     0  00:00      0.00    0.00    0.00
  ED20                 CONDUIT      0.00     0  00:00      0.00    0.00    0.00
  MS960                CONDUIT      0.00     0  00:00      0.00    0.00    0.50
  MS950                CONDUIT      0.00     0  00:00      0.00    0.00    0.00
  SE910                CONDUIT      0.00     0  00:00      0.00    0.00    0.50
  SE900                CONDUIT      0.00     0  00:00      0.00    0.00    0.00
  SE890                CONDUIT      0.00     0  00:00      0.00    0.00    0.50
  PR550                CONDUIT      0.00     0  00:00      0.00    0.00    0.50
  PR540                CONDUIT      0.00     0  00:00      0.00    0.00    0.00
  PR530                CONDUIT      0.00     0  00:00      0.00    0.00    0.50
  PR520                CONDUIT      0.00     0  00:00      0.00    0.00    0.00
  AR630P1              CONDUIT     65.53     0  01:19      7.33   17.37    0.77
  AR620                CONDUIT      1.01     0  00:31      1.30    0.01    0.54
  AR610                CONDUIT    132.70     0  01:35     12.38   22.55    0.68
  AR600                CONDUIT      3.76     0  00:11      2.48    0.04    0.28
  AR590                CONDUIT     18.86     0  00:15      4.25    0.22    0.71
  AR580                CONDUIT    191.90     0  00:15     12.69    0.94    0.95
  AR570                CONDUIT    104.86     0  00:18      6.78    2.29    0.65
  AR560                CONDUIT    176.41     0  00:17     14.70    1.05    1.00
  AR580R               CONDUIT      0.00     0  00:00      0.00    0.00    0.00
  CC1020               CONDUIT      0.00     0  00:00      0.00    0.00    0.50
  CC1010               CONDUIT      0.00     0  00:00      0.00    0.00    0.00
  CC1000               CONDUIT      0.00     0  00:00      0.00    0.00    0.50
  CC982                CONDUIT      0.00     0  00:00      0.00    0.00    0.00
  CC980                CONDUIT      0.00     0  00:00      0.00    0.00    0.50
  CC970                CONDUIT      0.00     0  00:00      0.00    0.00    0.00
  KC500                CONDUIT      0.00     0  00:00      0.00    0.00    0.50
  KC490                CONDUIT      0.00     0  00:00      0.00    0.00    0.00
  KC480                CONDUIT      0.00     0  00:00      0.00    0.00    0.00
  KC470                CONDUIT      0.00     0  00:00      0.00    0.00    0.00
  KC460                CONDUIT      0.00     0  00:00      0.00    0.00    0.50
  KC940                CONDUIT      0.00     0  00:00      0.00    0.00    0.50
  KC930                CONDUIT      0.00     0  00:00      0.00    0.00    0.00
  KC920                CONDUIT      0.00     0  00:00      0.00    0.00    0.00
  KC450                CONDUIT      0.00     0  00:00      0.00    0.00    0.50
  KC430                CONDUIT      0.00     0  00:00      0.00    0.00    0.00
  KC420                CONDUIT      0.00     0  00:00      0.00    0.00    0.50
  KC410                CONDUIT      0.00     0  00:00      0.00    0.00    0.00
  KC400                CONDUIT      0.00     0  00:00      0.00    0.00    0.00
  KC390                CONDUIT      0.00     0  00:00      0.00    0.00    0.00
  PR510R               CONDUIT      0.00     0  00:00      0.00    0.00    0.50
  SE890A               CONDUIT      0.00     0  00:00      0.00    0.00    0.00
  IH870                CONDUIT      0.00     0  00:00      0.00    0.00    0.00
  IH865                CONDUIT      0.00     0  00:00      0.00    0.00    0.50
  IH840                CONDUIT      0.00     0  00:00      0.00    0.00    0.50
  IH810                CONDUIT      0.00     0  00:00      0.00    0.00    0.50
  IH790                CONDUIT      0.00     0  00:00      0.00    0.00    0.50
  IH780                CONDUIT      0.00     0  00:00      0.00    0.00    0.00
  IH770                CONDUIT      0.00     0  00:00      0.00    0.00    0.50
  IH754                CONDUIT      0.00     0  00:00      0.00    0.00    0.00
  IH756                CONDUIT      0.00     0  00:00      0.00    0.00    0.00
  IH760                CONDUIT      0.00     0  00:00      0.00    0.00    0.00
  IH758                CONDUIT      0.00     0  00:00      0.00    0.00    0.00
  IH800                CONDUIT      0.00     0  00:00      0.00    0.00    0.00
  IH798                CONDUIT      0.00     0  00:00      0.00    0.00    0.00
  IH830                CONDUIT      0.00     0  00:00      0.00    0.00    0.00
  IH828                CONDUIT      0.00     0  00:00      0.00    0.00    0.00
  IH820                CONDUIT      0.00     0  00:00      0.00    0.00    0.00
  IH752                CONDUIT      0.00     0  00:00      0.00    0.00    0.00
  IH860                CONDUIT      0.00     0  00:00      0.00    0.00    0.00
  IH855                CONDUIT      0.00     0  00:00      0.00    0.00    0.00
  IH850                CONDUIT      0.00     0  00:00      0.00    0.00    0.00
  IH757                CONDUIT      0.00     0  00:00      0.00    0.00    0.00
  IH755                CONDUIT      0.00     0  00:00      0.00    0.00    0.00
  IH758A               CONDUIT      0.00     0  00:00      0.00    0.00    0.00
  IH759                CONDUIT      0.00     0  00:00      0.00    0.00    0.00
  KC392                CONDUIT      0.00     0  00:00      0.00    0.00    0.00
  523.1                CONDUIT      0.00     0  00:00      0.00    0.00    0.00
  525.1                CONDUIT      0.00     0  00:00      0.00    0.00    0.00
  527.1                CONDUIT      0.00     0  00:00      0.00    0.00    0.00
  KC404                CONDUIT      0.00     0  00:00      0.00    0.00    0.00
  537                  CONDUIT      0.00     0  00:00      0.00    0.00    0.50
  ED90                 CONDUIT      0.00     0  00:00      0.00    0.00    0.00
  CC990                CONDUIT      0.00     0  00:00      0.00    0.00    0.00
  KC394                CONDUIT      0.00     0  00:00      0.00    0.00    0.00
  ED276                CONDUIT      0.00     0  00:00      0.00    0.00    0.00
  ED273                CONDUIT      0.00     0  00:00      0.00    0.00    0.00
  ED271                CONDUIT      0.00     0  00:00      0.00    0.00    0.00
  ED260                CONDUIT      0.00     0  00:00      0.00    0.00    0.00
  KC440W               WEIR         0.00     0  00:00                      0.00
  
  
  ***************************
  Flow Classification Summary
  ***************************
  
  -------------------------------------------------------------------------------------
                      Adjusted    ---------- Fraction of Time in Flow Class ---------- 
                       /Actual         Up    Down  Sub   Sup   Up    Down  Norm  Inlet 
  Conduit               Length    Dry  Dry   Dry   Crit  Crit  Crit  Crit  Ltd   Ctrl  
  -------------------------------------------------------------------------------------
  ED875R                  1.00   0.00  0.00  0.00  0.99  0.00  0.00  0.00  0.00  0.00
  ED370R                  1.00   0.00  0.00  0.00  0.99  0.00  0.00  0.00  0.00  0.00
  ED350R                  1.00   0.00  0.00  0.00  0.99  0.00  0.00  0.00  0.00  0.00
  ED330R                  1.00   0.00  1.00  0.00  0.00  0.00  0.00  0.00  0.00  0.00
  ED310R                  1.00   0.00  1.00  0.00  0.00  0.00  0.00  0.00  0.00  0.00
  ED290R                  1.00   0.00  1.00  0.00  0.00  0.00  0.00  0.00  0.00  0.00
  ED270R                  1.00   0.00  1.00  0.00  0.00  0.00  0.00  0.00  0.00  0.00
  ED240R                  1.00   0.00  1.00  0.00  0.00  0.00  0.00  0.00  0.00  0.00
  ED220R                  1.00   0.00  1.00  0.00  0.00  0.00  0.00  0.00  0.00  0.00
  ED200R                  1.00   0.00  1.00  0.00  0.00  0.00  0.00  0.00  0.00  0.00
  ED170R                  1.00   0.00  1.00  0.00  0.00  0.00  0.00  0.00  0.00  0.00
  ED150R                  1.00   0.00  1.00  0.00  0.00  0.00  0.00  0.00  0.00  0.00
  ED130R                  1.00   0.00  0.00  0.00  0.99  0.00  0.00  0.00  0.00  0.00
  ED110R                  1.00   0.00  0.00  0.00  1.00  0.00  0.00  0.00  0.01  0.00
  ED30R                   1.00   0.00  1.00  0.00  0.00  0.00  0.00  0.00  0.00  0.00
  ED380                   1.00   1.00  0.00  0.00  0.00  0.00  0.00  0.00  0.00  0.00
  ED360                   1.00   0.01  0.00  0.00  0.98  0.00  0.00  0.01  0.98  0.00
  ED340                   1.00   0.01  0.00  0.00  0.98  0.00  0.00  0.01  0.98  0.00
  ED320                   1.00   1.00  0.00  0.00  0.00  0.00  0.00  0.00  0.00  0.00
  ED300                   1.00   1.00  0.00  0.00  0.00  0.00  0.00  0.00  0.00  0.00
  ED280                   1.00   1.00  0.00  0.00  0.00  0.00  0.00  0.00  0.00  0.00
  ED259                   1.00   1.00  0.00  0.00  0.00  0.00  0.00  0.00  0.00  0.00
  ED250                   1.00   1.00  0.00  0.00  0.00  0.00  0.00  0.00  0.00  0.00
  ED230                   1.00   1.00  0.00  0.00  0.00  0.00  0.00  0.00  0.00  0.00
  ED210                   1.00   1.00  0.00  0.00  0.00  0.00  0.00  0.00  0.00  0.00
  ED190                   1.00   1.00  0.00  0.00  0.00  0.00  0.00  0.00  0.00  0.00
  ED180                   1.00   1.00  0.00  0.00  0.00  0.00  0.00  0.00  0.00  0.00
  ED160                   1.00   1.00  0.00  0.00  0.00  0.00  0.00  0.00  0.00  0.00
  ED140                   1.00   1.00  0.00  0.00  0.00  0.00  0.00  0.00  0.00  0.00
  ED120                   1.00   0.00  0.00  0.00  0.98  0.00  0.00  0.01  0.02  0.00
  ED100                   1.00   0.00  0.00  0.00  0.00  0.00  0.00  1.00  0.00  0.00
  ED40                    1.00   1.00  0.00  0.00  0.00  0.00  0.00  0.00  0.00  0.00
  ED20                    1.00   1.00  0.00  0.00  0.00  0.00  0.00  0.00  0.00  0.00
  MS960                   1.00   0.00  1.00  0.00  0.00  0.00  0.00  0.00  0.00  0.00
  MS950                   1.00   1.00  0.00  0.00  0.00  0.00  0.00  0.00  0.00  0.00
  SE910                   1.00   0.00  1.00  0.00  0.00  0.00  0.00  0.00  0.00  0.00
  SE900                   1.00   1.00  0.00  0.00  0.00  0.00  0.00  0.00  0.00  0.00
  SE890                   1.00   0.00  1.00  0.00  0.00  0.00  0.00  0.00  0.00  0.00
  PR550                   1.00   0.00  1.00  0.00  0.00  0.00  0.00  0.00  0.00  0.00
  PR540                   1.00   1.00  0.00  0.00  0.00  0.00  0.00  0.00  0.00  0.00
  PR530                   1.00   0.00  1.00  0.00  0.00  0.00  0.00  0.00  0.00  0.00
  PR520                   1.00   1.00  0.00  0.00  0.00  0.00  0.00  0.00  0.00  0.00
  AR630P1                 1.00   0.00  0.00  0.00  0.91  0.09  0.00  0.00  0.05  0.00
  AR620                   1.00   0.01  0.00  0.00  0.98  0.00  0.00  0.01  0.98  0.00
  AR610                   1.00   0.00  0.00  0.00  0.94  0.06  0.00  0.00  0.12  0.00
  AR600                   1.00   0.01  0.00  0.00  0.99  0.00  0.00  0.00  0.99  0.00
  AR590                   1.00   0.01  0.00  0.00  0.99  0.00  0.00  0.00  0.99  0.00
  AR580                   1.00   0.01  0.00  0.00  0.99  0.00  0.00  0.00  0.99  0.00
  AR570                   1.00   0.01  0.00  0.00  0.00  0.00  0.00  0.99  0.00  0.00
  AR560                   1.00   0.01  0.00  0.00  0.00  0.00  0.00  0.99  0.00  0.00
  AR580R                  1.00   1.00  0.00  0.00  0.00  0.00  0.00  0.00  0.00  0.00
  CC1020                  1.00   0.00  1.00  0.00  0.00  0.00  0.00  0.00  0.00  0.00
  CC1010                  1.00   1.00  0.00  0.00  0.00  0.00  0.00  0.00  0.00  0.00
  CC1000                  1.00   0.00  1.00  0.00  0.00  0.00  0.00  0.00  0.00  0.00
  CC982                   1.00   1.00  0.00  0.00  0.00  0.00  0.00  0.00  0.00  0.00
  CC980                   1.00   0.00  1.00  0.00  0.00  0.00  0.00  0.00  0.00  0.00
  CC970                   1.00   1.00  0.00  0.00  0.00  0.00  0.00  0.00  0.00  0.00
  KC500                   1.00   0.00  1.00  0.00  0.00  0.00  0.00  0.00  0.00  0.00
  KC490                   1.00   1.00  0.00  0.00  0.00  0.00  0.00  0.00  0.00  0.00
  KC480                   1.00   1.00  0.00  0.00  0.00  0.00  0.00  0.00  0.00  0.00
  KC470                   1.00   1.00  0.00  0.00  0.00  0.00  0.00  0.00  0.00  0.00
  KC460                   1.00   0.00  1.00  0.00  0.00  0.00  0.00  0.00  0.00  0.00
  KC940                   1.00   0.00  1.00  0.00  0.00  0.00  0.00  0.00  0.00  0.00
  KC930                   1.00   1.00  0.00  0.00  0.00  0.00  0.00  0.00  0.00  0.00
  KC920                   1.00   1.00  0.00  0.00  0.00  0.00  0.00  0.00  0.00  0.00
  KC450                   1.00   0.00  1.00  0.00  0.00  0.00  0.00  0.00  0.00  0.00
  KC430                   1.00   1.00  0.00  0.00  0.00  0.00  0.00  0.00  0.00  0.00
  KC420                   1.00   0.00  1.00  0.00  0.00  0.00  0.00  0.00  0.00  0.00
  KC410                   1.00   1.00  0.00  0.00  0.00  0.00  0.00  0.00  0.00  0.00
  KC400                   1.00   1.00  0.00  0.00  0.00  0.00  0.00  0.00  0.00  0.00
  KC390                   1.00   1.00  0.00  0.00  0.00  0.00  0.00  0.00  0.00  0.00
  PR510R                  1.00   0.01  0.99  0.00  0.00  0.00  0.00  0.00  0.00  0.00
  SE890A                  1.00   1.00  0.00  0.00  0.00  0.00  0.00  0.00  0.00  0.00
  IH870                   1.00   1.00  0.00  0.00  0.00  0.00  0.00  0.00  0.00  0.00
  IH865                   1.00   0.00  1.00  0.00  0.00  0.00  0.00  0.00  0.00  0.00
  IH840                   1.00   0.00  1.00  0.00  0.00  0.00  0.00  0.00  0.00  0.00
  IH810                   1.00   0.00  1.00  0.00  0.00  0.00  0.00  0.00  0.00  0.00
  IH790                   1.00   0.00  1.00  0.00  0.00  0.00  0.00  0.00  0.00  0.00
  IH780                   1.00   1.00  0.00  0.00  0.00  0.00  0.00  0.00  0.00  0.00
  IH770                   1.00   0.00  1.00  0.00  0.00  0.00  0.00  0.00  0.00  0.00
  IH754                   1.00   1.00  0.00  0.00  0.00  0.00  0.00  0.00  0.00  0.00
  IH756                   1.00   1.00  0.00  0.00  0.00  0.00  0.00  0.00  0.00  0.00
  IH760                   1.00   1.00  0.00  0.00  0.00  0.00  0.00  0.00  0.00  0.00
  IH758                   1.00   1.00  0.00  0.00  0.00  0.00  0.00  0.00  0.00  0.00
  IH800                   1.00   1.00  0.00  0.00  0.00  0.00  0.00  0.00  0.00  0.00
  IH798                   1.00   1.00  0.00  0.00  0.00  0.00  0.00  0.00  0.00  0.00
  IH830                   1.00   1.00  0.00  0.00  0.00  0.00  0.00  0.00  0.00  0.00
  IH828                   1.00   1.00  0.00  0.00  0.00  0.00  0.00  0.00  0.00  0.00
  IH820                   1.00   1.00  0.00  0.00  0.00  0.00  0.00  0.00  0.00  0.00
  IH752                   1.00   1.00  0.00  0.00  0.00  0.00  0.00  0.00  0.00  0.00
  IH860                   1.00   1.00  0.00  0.00  0.00  0.00  0.00  0.00  0.00  0.00
  IH855                   1.00   1.00  0.00  0.00  0.00  0.00  0.00  0.00  0.00  0.00
  IH850                   1.00   1.00  0.00  0.00  0.00  0.00  0.00  0.00  0.00  0.00
  IH757                   1.00   1.00  0.00  0.00  0.00  0.00  0.00  0.00  0.00  0.00
  IH755                   1.00   1.00  0.00  0.00  0.00  0.00  0.00  0.00  0.00  0.00
  IH758A                  1.00   1.00  0.00  0.00  0.00  0.00  0.00  0.00  0.00  0.00
  IH759                   1.00   1.00  0.00  0.00  0.00  0.00  0.00  0.00  0.00  0.00
  KC392                   1.00   1.00  0.00  0.00  0.00  0.00  0.00  0.00  0.00  0.00
  523.1                   1.00   1.00  0.00  0.00  0.00  0.00  0.00  0.00  0.00  0.00
  525.1                   1.00   1.00  0.00  0.00  0.00  0.00  0.00  0.00  0.00  0.00
  527.1                   1.00   1.00  0.00  0.00  0.00  0.00  0.00  0.00  0.00  0.00
  KC404                   1.00   1.00  0.00  0.00  0.00  0.00  0.00  0.00  0.00  0.00
  537                     1.00   0.00  1.00  0.00  0.00  0.00  0.00  0.00  0.00  0.00
  ED90                    1.00   1.00  0.00  0.00  0.00  0.00  0.00  0.00  0.00  0.00
  CC990                   1.00   1.00  0.00  0.00  0.00  0.00  0.00  0.00  0.00  0.00
  KC394                   1.00   1.00  0.00  0.00  0.00  0.00  0.00  0.00  0.00  0.00
  ED276                   1.00   1.00  0.00  0.00  0.00  0.00  0.00  0.00  0.00  0.00
  ED273                   1.00   1.00  0.00  0.00  0.00  0.00  0.00  0.00  0.00  0.00
  ED271                   1.00   1.00  0.00  0.00  0.00  0.00  0.00  0.00  0.00  0.00
  ED260                   1.00   1.00  0.00  0.00  0.00  0.00  0.00  0.00  0.00  0.00
  
  
  *************************
  Conduit Surcharge Summary
  *************************
  
  ----------------------------------------------------------------------------
                                                           Hours        Hours 
                         --------- Hours Full --------   Above Full   Capacity
  Conduit                Both Ends  Upstream  Dnstream   Normal Flow   Limited
  ----------------------------------------------------------------------------
  ED875R                     23.60     23.60     23.60      0.01         0.01
  ED370R                     23.27     23.27     23.27      0.01         0.01
  ED350R                      0.01      0.01     23.49      0.01         0.01
  ED130R                     23.26     23.26     23.26      0.01         0.01
  ED110R                      0.01      0.01     23.27      0.01         0.01
  ED360                       0.01      0.01     22.93      0.01         0.01
  ED340                       0.01      0.01     23.10      0.01         0.01
  ED120                       0.01      0.01     21.28      0.01         0.01
  AR630P1                     0.01      2.77      1.88      8.25         0.01
  AR620                       0.01      0.01     22.45      0.01         0.01
  AR610                       0.01      2.96      0.78      9.42         0.01
  AR590                       0.01      0.01      0.10      0.01         0.01
  AR580                       0.01      0.01      0.01      0.01         0.01
  AR570                       0.01      0.01      0.01      0.08         0.01
  AR560                       0.01      0.05      0.01      0.04         0.01
  

  Analysis begun on:  Wed Jul 22 12:02:24 2026
  Analysis ended on:  Wed Jul 22 12:02:26 2026
  Total elapsed time: 00:00:02