
  EPA STORM WATER MANAGEMENT MODEL - VERSION 5.2 (Build 5.2.4)
  ------------------------------------------------------------

  Converted from XPSWMM .xp file 
  
  ****************
  Analysis Options
  ****************
  Flow Units ............... CMS
  Process Models:
    Rainfall/Runoff ........ NO
    RDII ................... NO
    Snowmelt ............... NO
    Groundwater ............ NO
    Flow Routing ........... YES
    Ponding Allowed ........ NO
    Water Quality .......... NO
  Flow Routing Method ...... DYNWAVE
  Surcharge Method ......... EXTRAN
  Starting Date ............ 01/01/2001 00:00:00
  Ending Date .............. 01/02/2001 00:00:00
  Antecedent Dry Days ...... 0.0
  Report Time Step ......... 00:15:00
  Routing Time Step ........ 60.00 sec
  Variable Time Step ....... YES
  Maximum Trials ........... 8
  Number of Threads ........ 1
  Head Tolerance ........... 0.001524 m
  
  
  **************************        Volume        Volume
  Flow Routing Continuity        hectare-m      10^6 ltr
  **************************     ---------     ---------
  Dry Weather Inflow .......         0.000         0.000
  Wet Weather Inflow .......         0.000         0.000
  Groundwater Inflow .......         0.000         0.000
  RDII Inflow ..............         0.000         0.000
  External Inflow ..........         0.259         2.592
  External Outflow .........         0.213         2.134
  Flooding Loss ............         0.000         0.000
  Evaporation Loss .........         0.000         0.000
  Exfiltration Loss ........         0.000         0.000
  Initial Stored Volume ....         0.000         0.000
  Final Stored Volume ......         0.000         0.001
  Continuity Error (%) .....        17.609
  
  
  *************************
  Highest Continuity Errors
  *************************
  Node MH (18.04%)
  
  
  ***************************
  Time-Step Critical Elements
  ***************************
  Link 214.1 (96.27%)
  
  
  ********************************
  Highest Flow Instability Indexes
  ********************************
  All links are stable.
  
  
  *********************************
  Most Frequent Nonconverging Nodes
  *********************************
  Node outfall (0.03%)
  Node detention (0.01%)
  Node MH (0.01%)
  
  
  *************************
  Routing Time Step Summary
  *************************
  Minimum Time Step           :     0.76 sec
  Average Time Step           :    12.19 sec
  Maximum Time Step           :    60.00 sec
  % of Time in Steady State   :     0.00
  Average Iterations per Step :     2.00
  % of Steps Not Converging   :     0.03
  Time Step Frequencies       :
     60.000 - 23.031 sec      :     3.71 %
     23.031 -  8.841 sec      :    96.23 %
      8.841 -  3.393 sec      :     0.04 %
      3.393 -  1.303 sec      :     0.00 %
      1.303 -  0.500 sec      :     0.01 %
  
  
  ******************
  Node Depth Summary
  ******************
  
  ---------------------------------------------------------------------------------
                                 Average  Maximum  Maximum  Time of Max    Reported
                                   Depth    Depth      HGL   Occurrence   Max Depth
  Node                 Type       Meters   Meters   Meters  days hr:min      Meters
  ---------------------------------------------------------------------------------
  MH                   JUNCTION   396.07   403.65   814.15     0  04:22      403.55
  MH_2                 JUNCTION     0.00     0.00   409.00     0  00:00        0.00
  MH_3                 JUNCTION     0.00     0.00   409.00     0  00:00        0.00
  MH_4                 JUNCTION     0.00     0.00   413.00     0  00:00        0.00
  MH_5                 JUNCTION     0.00     0.00   411.00     0  00:00        0.00
  MH_6                 JUNCTION     0.00     0.00   406.00     0  00:00        0.00
  detention            JUNCTION     0.07     0.08   400.08     0  06:05        0.08
  outfall              OUTFALL      0.00     0.00   400.00     0  00:00        0.00
  
  
  *******************
  Node Inflow Summary
  *******************
  
  -------------------------------------------------------------------------------------------------
                                  Maximum  Maximum                  Lateral       Total        Flow
                                  Lateral    Total  Time of Max      Inflow      Inflow     Balance
                                   Inflow   Inflow   Occurrence      Volume      Volume       Error
  Node                 Type           CMS      CMS  days hr:min    10^6 ltr    10^6 ltr     Percent
  -------------------------------------------------------------------------------------------------
  MH                   JUNCTION     0.030    0.030     0  00:00        2.59        2.59      22.013
  MH_2                 JUNCTION     0.000    0.000     0  00:00           0           0       0.000 ltr
  MH_3                 JUNCTION     0.000    0.000     0  00:00           0           0       0.000 ltr
  MH_4                 JUNCTION     0.000    0.000     0  00:00           0           0       0.000 ltr
  MH_5                 JUNCTION     0.000    0.000     0  00:00           0           0       0.000 ltr
  MH_6                 JUNCTION     0.000    0.000     0  00:00           0           0       0.000 ltr
  detention            JUNCTION     0.000    0.134     0  04:23           0        2.12      -0.475
  outfall              OUTFALL      0.000    0.361     0  04:23           0        2.13       0.000
  
  
  **********************
  Node Surcharge Summary
  **********************
  
  Surcharging occurs when water rises above the top of the highest conduit.
  ---------------------------------------------------------------------
                                               Max. Height   Min. Depth
                                   Hours       Above Crown    Below Rim
  Node                 Type      Surcharged         Meters       Meters
  ---------------------------------------------------------------------
  MH_2                 JUNCTION       24.00          0.000        0.000
  MH_3                 JUNCTION       24.00          0.000        0.000
  MH_4                 JUNCTION       24.00          0.000        0.000
  MH_5                 JUNCTION       24.00          0.000        0.000
  MH_6                 JUNCTION       24.00          0.000        0.000
  
  
  *********************
  Node Flooding Summary
  *********************
  
  No nodes were flooded.
  
  
  ***********************
  Outfall Loading Summary
  ***********************
  
  -----------------------------------------------------------
                         Flow       Avg       Max       Total
                         Freq      Flow      Flow      Volume
  Outfall Node           Pcnt       CMS       CMS    10^6 ltr
  -----------------------------------------------------------
  outfall               96.29     0.030     0.361       2.134
  -----------------------------------------------------------
  System                96.29     0.030     0.361       2.134
  
  
  ********************
  Link Flow Summary
  ********************
  
  -----------------------------------------------------------------------------
                                 Maximum  Time of Max   Maximum    Max/    Max/
                                  |Flow|   Occurrence   |Veloc|    Full    Full
  Link                 Type          CMS  days hr:min     m/sec    Flow   Depth
  -----------------------------------------------------------------------------
  Pipe                 CONDUIT     0.000     0  00:00      0.00    0.00    0.00
  Pipe_2               CONDUIT     0.000     0  00:00      0.00    0.00    0.00
  Pipe_3               CONDUIT     0.000     0  00:00      0.00    0.00    0.00
  Pipe_4               CONDUIT     0.000     0  00:00      0.00    0.00    0.00
  Pipe_5               CONDUIT     0.000     0  00:00      0.00    0.00    0.13
  214.1                CONDUIT     0.134     0  04:23      5.61    0.13    0.24
  control              ORIFICE     0.361     0  04:23                      0.11
  
  
  ***************************
  Flow Classification Summary
  ***************************
  
  -------------------------------------------------------------------------------------
                      Adjusted    ---------- Fraction of Time in Flow Class ---------- 
                       /Actual         Up    Down  Sub   Sup   Up    Down  Norm  Inlet 
  Conduit               Length    Dry  Dry   Dry   Crit  Crit  Crit  Crit  Ltd   Ctrl  
  -------------------------------------------------------------------------------------
  Pipe                    1.00   1.00  0.00  0.00  0.00  0.00  0.00  0.00  0.00  0.00
  Pipe_2                  1.00   1.00  0.00  0.00  0.00  0.00  0.00  0.00  0.00  0.00
  Pipe_3                  1.00   1.00  0.00  0.00  0.00  0.00  0.00  0.00  0.00  0.00
  Pipe_4                  1.00   1.00  0.00  0.00  0.00  0.00  0.00  0.00  0.00  0.00
  Pipe_5                  1.00   0.18  0.82  0.00  0.00  0.00  0.00  0.00  0.00  0.00
  214.1                   1.00   0.18  0.00  0.00  0.00  0.00  0.00  0.82  0.00  0.00
  
  
  *************************
  Conduit Surcharge Summary
  *************************
  
  No conduits were surcharged.
  

  Analysis begun on:  Wed Jul 22 12:07:34 2026
  Analysis ended on:  Wed Jul 22 12:07:34 2026
  Total elapsed time: < 1 sec