
  EPA STORM WATER MANAGEMENT MODEL - VERSION 5.2 (Build 5.2.4)
  ------------------------------------------------------------

  Jamestown / Jensen Drainage Project - Horry County, SC 
  WARNING 04: minimum elevation drop used for Conduit 48"CMP-44
  WARNING 04: minimum elevation drop used for Conduit Chn_31
  WARNING 04: minimum elevation drop used for Conduit 36"RCP-37
  
  ****************
  Analysis Options
  ****************
  Flow Units ............... CFS
  Process Models:
    Rainfall/Runoff ........ NO
    RDII ................... NO
    Snowmelt ............... NO
    Groundwater ............ NO
    Flow Routing ........... YES
    Ponding Allowed ........ NO
    Water Quality .......... NO
  Flow Routing Method ...... DYNWAVE
  Surcharge Method ......... EXTRAN
  Starting Date ............ 01/01/2001 00:00:00
  Ending Date .............. 01/02/2001 00:00:00
  Antecedent Dry Days ...... 0.0
  Report Time Step ......... 00:15:00
  Routing Time Step ........ 4.00 sec
  Variable Time Step ....... YES
  Maximum Trials ........... 50
  Number of Threads ........ 1
  Head Tolerance ........... 0.003300 ft
  
  
  **************************        Volume        Volume
  Flow Routing Continuity        acre-feet      10^6 gal
  **************************     ---------     ---------
  Dry Weather Inflow .......         0.000         0.000
  Wet Weather Inflow .......         0.000         0.000
  Groundwater Inflow .......         0.000         0.000
  RDII Inflow ..............         0.000         0.000
  External Inflow ..........        13.884         4.524
  External Outflow .........         0.977         0.318
  Flooding Loss ............         8.788         2.864
  Evaporation Loss .........         0.000         0.000
  Exfiltration Loss ........         0.000         0.000
  Initial Stored Volume ....         0.204         0.067
  Final Stored Volume ......         4.212         1.373
  Continuity Error (%) .....         0.786
  
  
  *************************
  Highest Continuity Errors
  *************************
  Node X-3 (19.54%)
  Node BkHead (19.14%)
  Node X-39 (18.94%)
  Node X-5 (12.46%)
  Node X-9 (8.08%)
  
  
  ***************************
  Time-Step Critical Elements
  ***************************
  Link 30"RCP-42 (72.43%)
  
  
  ********************************
  Highest Flow Instability Indexes
  ********************************
  Link Canal (27)
  Link 48"CMP(5) (1)
  
  
  *********************************
  Most Frequent Nonconverging Nodes
  *********************************
  Node Ex_2 (0.19%)
  Node X-7 (0.01%)
  Node EW-X40 (0.01%)
  Node X-8 (0.01%)
  Node EW-10 (0.01%)
  
  
  *************************
  Routing Time Step Summary
  *************************
  Minimum Time Step           :     2.20 sec
  Average Time Step           :     3.12 sec
  Maximum Time Step           :     4.00 sec
  % of Time in Steady State   :     0.00
  Average Iterations per Step :     2.10
  % of Steps Not Converging   :     0.19
  Time Step Frequencies       :
      4.000 -  2.639 sec      :   100.00 %
      2.639 -  1.741 sec      :     0.00 %
      1.741 -  1.149 sec      :     0.00 %
      1.149 -  0.758 sec      :     0.00 %
      0.758 -  0.500 sec      :     0.00 %
  
  
  ******************
  Node Depth Summary
  ******************
  
  ---------------------------------------------------------------------------------
                                 Average  Maximum  Maximum  Time of Max    Reported
                                   Depth    Depth      HGL   Occurrence   Max Depth
  Node                 Type         Feet     Feet     Feet  days hr:min        Feet
  ---------------------------------------------------------------------------------
  X-36                 JUNCTION    17.07    17.11    38.01     0  00:27       17.10
  X-35                 JUNCTION    17.09    17.27    37.77     0  20:06       17.27
  X-34                 JUNCTION    16.42    17.06    37.76     0  20:39       17.06
  X-33                 JUNCTION    15.56    16.36    37.76     0  20:07       16.36
  X-32                 JUNCTION    14.64    16.16    37.76     0  20:09       16.16
  X-31                 JUNCTION    14.77    16.45    37.75     0  20:19       16.45
  EW-1                 JUNCTION    17.02    17.62    37.72     0  04:48       17.61
  EW-2                 JUNCTION    17.09    17.62    37.72     0  04:47       17.61
  X-24                 JUNCTION    16.17    16.62    37.72     0  04:47       16.61
  X-28                 JUNCTION    19.17    19.19    41.49     0  02:29       19.19
  X-27                 JUNCTION    18.86    19.01    41.41     0  02:30       19.01
  X-26                 JUNCTION    17.22    17.43    38.83     0  03:21       17.43
  X-25                 JUNCTION    16.94    17.25    38.65     0  01:05       17.25
  EW-3                 JUNCTION    17.28    18.11    37.71     0  04:49       18.11
  DI-1                 JUNCTION    16.74    17.70    37.70     0  04:45       17.70
  DI-2                 JUNCTION    16.00    17.01    37.71     0  04:46       17.00
  DI-3                 JUNCTION    16.41    17.61    37.71     0  10:23       17.61
  DI-4                 JUNCTION    16.31    17.62    37.72     0  04:47       17.61
  EW-4                 JUNCTION    15.51    16.82    37.72     0  04:47       16.81
  X-15                 JUNCTION    10.82    16.94    38.54     0  18:33       16.94
  X-10                 JUNCTION    13.72    18.89    41.69     0  15:09       18.89
  X-11                 JUNCTION    13.44    18.74    40.54     0  16:01       18.74
  X-12                 JUNCTION    13.31    18.83    40.53     0  17:10       18.83
  X-13                 JUNCTION    12.00    18.51    40.51     0  17:24       18.51
  X-14                 JUNCTION    11.30    17.60    39.30     0  17:59       17.60
  X-3                  JUNCTION    18.09    19.90    41.70     0  12:48       19.90
  X-6                  JUNCTION    19.95    20.20    41.70     0  12:23       20.20
  X-5                  JUNCTION    19.71    20.00    41.70     0  12:23       20.00
  X-4                  JUNCTION    17.65    19.30    41.70     0  12:17       19.30
  EW-5                 JUNCTION    19.92    20.20    41.70     0  12:09       20.20
  EW-6                 JUNCTION    19.66    20.00    41.70     0  12:09       20.00
  X-44                 JUNCTION     9.99    15.73    35.53     0  18:34       15.73
  EX                   JUNCTION     9.89    15.70    35.50     0  18:34       15.70
  EW-7                 JUNCTION     0.00     0.00    20.90     0  00:00        0.00
  X-46                 JUNCTION     0.00     0.00    19.40     0  00:00        0.00
  X-47                 JUNCTION     0.00     0.00    19.30     0  00:00        0.00
  X-48                 JUNCTION     0.00     0.00    18.40     0  00:00        0.00
  EW-X40               JUNCTION    12.98    17.62    37.52     0  08:25       17.60
  EW-X41               JUNCTION    13.20    18.00    37.50     0  08:30       18.00
  EW-X42               JUNCTION    12.18    16.79    36.59     0  09:50       16.79
  X-39                 JUNCTION    18.44    18.99    38.29     0  10:21       18.99
  X-8                  JUNCTION    17.88    18.29    38.29     0  10:39       18.29
  X-9                  JUNCTION    18.32    18.79    38.29     0  10:01       18.79
  EW-10                JUNCTION    20.89    21.11    44.91     0  00:16       21.05
  X-7                  JUNCTION    17.90    18.29    38.29     0  10:08       18.29
  EW-9                 JUNCTION    21.11    21.22    45.02     0  08:34       21.22
  X-54                 JUNCTION     0.00     0.00    18.90     0  00:00        0.00
  X-51                 JUNCTION     0.00     0.00    21.70     0  00:00        0.00
  X-52                 JUNCTION     0.00     0.00    18.40     0  00:00        0.00
  I-55                 JUNCTION     0.00     0.00    17.00     0  00:00        0.00
  X-30                 JUNCTION    13.91    16.22    37.72     0  04:47       16.21
  X-16                 JUNCTION    14.81    16.82    37.72     0  10:24       16.81
  X-1                  JUNCTION    19.98    20.20    41.70     0  12:09       20.20
  EW-8                 JUNCTION     0.00     0.00    18.20     0  00:00        0.00
  X-37                 JUNCTION    21.99    22.02    45.02     0  00:38       22.02
  X-40                 JUNCTION    13.26    17.87    38.27     0  10:21       17.87
  X-42                 JUNCTION    12.34    16.96    36.76     0  08:24       16.95
  X-50                 JUNCTION     0.00     0.00    20.90     0  00:00        0.00
  X-50_2               JUNCTION     0.00     0.00    21.20     0  00:00        0.00
  36"CMP               JUNCTION     0.00     0.00    17.94     0  00:00        0.00
  Rum                  JUNCTION    10.68    11.80    23.80     0  08:46       11.80
  BkHead               JUNCTION    10.69    11.80    23.80     0  08:51       11.80
  30"RCP               JUNCTION    19.87    19.90    36.30     0  00:11       19.90
  36"RCP(2)            JUNCTION    12.97    12.98    25.78     0  00:13       12.98
  Ex_2                 OUTFALL      0.00     0.00    20.00     0  00:00        0.00
  GrnLks               STORAGE      8.56    10.00    29.50     0  09:49       10.00
  Mallard              STORAGE      3.58     3.58    21.58     0  00:00        3.58
  
  
  *******************
  Node Inflow Summary
  *******************
  
  -------------------------------------------------------------------------------------------------
                                  Maximum  Maximum                  Lateral       Total        Flow
                                  Lateral    Total  Time of Max      Inflow      Inflow     Balance
                                   Inflow   Inflow   Occurrence      Volume      Volume       Error
  Node                 Type           CFS      CFS  days hr:min    10^6 gal    10^6 gal     Percent
  -------------------------------------------------------------------------------------------------
  X-36                 JUNCTION      1.00     1.00     0  00:03       0.646       0.646       1.158
  X-35                 JUNCTION      0.00     1.24     0  00:30           0       0.639       8.738
  X-34                 JUNCTION      0.00     1.00     0  20:39           0       0.588       4.610
  X-33                 JUNCTION      0.00     1.00     0  20:16           0       0.562       2.818
  X-32                 JUNCTION      0.00     1.00     0  20:09           0       0.546       0.827
  X-31                 JUNCTION      0.00     1.00     0  20:19           0       0.542       4.957
  EW-1                 JUNCTION      0.00     1.00     0  20:04           0       0.521       1.270
  EW-2                 JUNCTION      0.00     1.00     0  20:39           0       0.527       1.159
  X-24                 JUNCTION      0.00     2.00     0  20:41           0        1.14       1.645
  X-28                 JUNCTION      1.00     1.00     0  00:00       0.646       0.646       1.234
  X-27                 JUNCTION      0.00     1.00     0  02:30           0       0.638       0.372
  X-26                 JUNCTION      0.00     1.00     0  02:30           0       0.636       1.120
  X-25                 JUNCTION      0.00     1.00     0  08:34           0       0.629       0.366
  EW-3                 JUNCTION      0.00     2.09     0  04:50           0        1.11       1.867
  DI-1                 JUNCTION      0.00     3.11     0  18:36           0         1.5       0.699
  DI-2                 JUNCTION      0.00     1.11     0  18:36           0       0.472       2.193
  DI-3                 JUNCTION      0.00     1.11     0  18:35           0       0.461       3.213
  DI-4                 JUNCTION      0.00     1.31     0  02:18           0       0.446       2.037
  EW-4                 JUNCTION      0.00     1.13     0  10:49           0       0.434       2.153
  X-15                 JUNCTION      0.00     2.00     0  17:59           0       0.728       0.364
  X-10                 JUNCTION      0.00     2.00     0  12:49           0       0.811       0.876
  X-11                 JUNCTION      0.00     2.00     0  15:09           0       0.804       3.405
  X-12                 JUNCTION      0.00     2.00     0  14:50           0       0.777       5.633
  X-13                 JUNCTION      0.00     2.00     0  16:33           0       0.736       0.733
  X-14                 JUNCTION      0.00     2.00     0  17:24           0        0.73       0.293
  X-3                  JUNCTION      0.00     2.13     0  10:50           0        1.01      24.286
  X-6                  JUNCTION      1.00     1.00     0  00:00       0.646       0.646       2.000
  X-5                  JUNCTION      0.00     2.17     0  04:58           0         1.2      14.238
  X-4                  JUNCTION      0.00     2.06     0  11:17           0        1.05       3.811
  EW-5                 JUNCTION      0.00     2.08     0  00:04           0       0.642       1.309
  EW-6                 JUNCTION      0.00     1.04     0  00:13           0       0.634      12.887
  X-44                 JUNCTION      0.00     0.89     0  18:33           0       0.322       0.492
  EX                   JUNCTION      0.00     0.89     0  18:33           0       0.321       0.726
  EW-7                 JUNCTION      0.00     0.00     0  00:00           0           0       0.000 gal
  X-46                 JUNCTION      0.00     0.00     0  00:00           0           0       0.000 gal
  X-47                 JUNCTION      0.00     0.00     0  00:00           0           0       0.000 gal
  X-48                 JUNCTION      0.00     0.00     0  00:00           0           0       0.000 gal
  EW-X40               JUNCTION      0.00     1.00     0  10:21           0       0.426       0.622
  EW-X41               JUNCTION      0.00     1.18     0  08:26           0       0.424       0.789
  EW-X42               JUNCTION      0.00     1.12     0  08:24           0       0.419       0.459
  X-39                 JUNCTION      0.00     1.02     0  09:25           0       0.528      23.369
  X-8                  JUNCTION      0.00     2.43     0  00:18           0       0.605       5.403
  X-9                  JUNCTION      0.00     1.04     0  01:35           0       0.574       8.786
  EW-10                JUNCTION      0.00     1.00     0  00:16           0       0.641       0.142
  X-7                  JUNCTION      0.00     3.28     0  00:16           0        0.64       5.751
  EW-9                 JUNCTION      0.00     1.03     0  00:06           0       0.643       0.363
  X-54                 JUNCTION      0.00     0.00     0  00:00           0           0       0.000 gal
  X-51                 JUNCTION      0.00     0.00     0  00:00           0           0       0.000 gal
  X-52                 JUNCTION      0.00     0.00     0  00:00           0           0       0.000 gal
  I-55                 JUNCTION      0.00     0.00     0  00:00           0           0       0.000 gal
  X-30                 JUNCTION      0.00     1.00     0  20:19           0       0.516       0.299
  X-16                 JUNCTION      0.00     1.11     0  18:33           0       0.417       1.996
  X-1                  JUNCTION      1.00     1.00     0  00:00       0.646       0.646       0.655
  EW-8                 JUNCTION      0.00     0.00     0  00:00           0           0       0.000 gal
  X-37                 JUNCTION      1.00     1.00     0  00:00       0.646       0.646       0.484
  X-40                 JUNCTION      0.00     1.00     0  10:21           0       0.428       0.379
  X-42                 JUNCTION      0.00     1.02     0  08:37           0        0.42       0.385
  X-50                 JUNCTION      0.00     0.00     0  00:00           0           0       0.000 gal
  X-50_2               JUNCTION      0.00     0.00     0  00:00           0           0       0.000 gal
  36"CMP               JUNCTION      0.00     0.00     0  00:00           0           0       0.000 gal
  Rum                  JUNCTION      0.00     2.17     0  08:51           0       0.526       0.000
  BkHead               JUNCTION      0.00     1.73     0  00:31           0       0.651      23.678
  30"RCP               JUNCTION      1.00     1.00     0  00:00       0.646       0.646       0.819
  36"RCP(2)            JUNCTION      1.00     1.00     0  00:00       0.646       0.646       0.233
  Ex_2                 OUTFALL       0.00     0.89     0  18:34           0       0.318       0.000
  GrnLks               STORAGE       0.00     1.00     0  09:50           0       0.456      -0.002
  Mallard              STORAGE       0.00     0.00     0  00:00           0      0.0268       0.000
  
  
  **********************
  Node Surcharge Summary
  **********************
  
  Surcharging occurs when water rises above the top of the highest conduit.
  ---------------------------------------------------------------------
                                               Max. Height   Min. Depth
                                   Hours       Above Crown    Below Rim
  Node                 Type      Surcharged           Feet         Feet
  ---------------------------------------------------------------------
  DI-1                 JUNCTION       19.25          0.000        0.000
  X-50_2               JUNCTION       24.00          0.000        0.000
  Rum                  JUNCTION       14.98          0.000        0.000
  30"RCP               JUNCTION       23.81          0.000        0.000
  
  
  *********************
  Node Flooding Summary
  *********************
  
  Flooding refers to all water that overflows a node, whether it ponds or not.
  --------------------------------------------------------------------------
                                                             Total   Maximum
                                 Maximum   Time of Max       Flood    Ponded
                        Hours       Rate    Occurrence      Volume     Depth
  Node                 Flooded       CFS   days hr:min    10^6 gal      Feet
  --------------------------------------------------------------------------
  DI-1                   19.25      3.11      0  18:36       1.432     0.000
  Rum                    12.70      2.12      0  08:51       0.409     0.000
  30"RCP                 23.81      1.00      0  00:11       0.641     0.000
  GrnLks                 14.17      1.00      0  09:50       0.382     0.000
  
  
  **********************
  Storage Volume Summary
  **********************
  
  ------------------------------------------------------------------------------------------------
                         Average    Avg   Evap  Exfil     Maximum    Max    Time of Max    Maximum
                          Volume   Pcnt   Pcnt   Pcnt      Volume   Pcnt     Occurrence    Outflow
  Storage Unit          1000 ft³   Full   Loss   Loss    1000 ft³   Full    days hr:min        CFS
  ------------------------------------------------------------------------------------------------
  GrnLks                   8.555   85.6    0.0    0.0      10.000  100.0       0  09:49       0.00
  Mallard                  3.580   35.8    0.0    0.0       3.580   35.8       0  00:00       0.00
  
  
  ***********************
  Outfall Loading Summary
  ***********************
  
  -----------------------------------------------------------
                         Flow       Avg       Max       Total
                         Freq      Flow      Flow      Volume
  Outfall Node           Pcnt       CFS       CFS    10^6 gal
  -----------------------------------------------------------
  Ex_2                  62.76      0.88      0.89       0.318
  -----------------------------------------------------------
  System                62.76      0.88      0.89       0.318
  
  
  ********************
  Link Flow Summary
  ********************
  
  -----------------------------------------------------------------------------
                                 Maximum  Time of Max   Maximum    Max/    Max/
                                  |Flow|   Occurrence   |Veloc|    Full    Full
  Link                 Type          CFS  days hr:min    ft/sec    Flow   Depth
  -----------------------------------------------------------------------------
  Chn                  CONDUIT      1.24     0  00:30      1.00    0.00    0.12
  Chn_2                CONDUIT      1.00     0  20:39      0.23    0.00    0.16
  Chn_3                CONDUIT      1.00     0  20:16      0.41    0.01    0.13
  Chn_4                CONDUIT      1.00     0  20:09      0.29    0.00    0.07
  Chn_5                CONDUIT      1.00     0  20:19      0.85    0.00    0.08
  Chn_6                CONDUIT      1.00     0  20:19      0.26    0.00    0.07
  48"CMP(1)            CONDUIT      1.00     0  20:39      1.00    0.02    0.47
  Chn_7                CONDUIT      1.00     0  20:41      2.38    0.00    0.36
  Chn_8                CONDUIT      1.00     0  02:30      0.48    0.00    0.06
  Chn_9                CONDUIT      1.00     0  02:30      1.28    0.00    0.04
  Chn_10               CONDUIT      1.00     0  08:34      0.69    0.00    0.03
  Chn_11               CONDUIT      1.03     0  01:05      1.33    0.00    0.18
  Chn_12               CONDUIT      2.09     0  04:50      2.91    0.01    0.58
  36"CMP(1)            CONDUIT      2.11     0  04:49      0.57    0.11    1.00
  36"CMP(2)            CONDUIT      1.11     0  18:36      0.61    0.03    0.95
  36"CMP(3)            CONDUIT      1.11     0  18:36      1.15    0.08    0.84
  36"CMP(4)            CONDUIT      1.11     0  18:35      1.03    0.14    0.89
  48"CMP(5)            CONDUIT      1.11     0  18:35      0.62    0.01    0.73
  Chn_13               CONDUIT      1.13     0  10:49      0.26    0.00    0.17
  Chn_14               CONDUIT      2.00     0  15:09      1.09    0.00    0.13
  Chn_15               CONDUIT      2.00     0  14:50      0.73    0.01    0.20
  Chn_16               CONDUIT      2.00     0  16:33      0.38    0.00    0.13
  Chn_17               CONDUIT      2.00     0  17:24      1.65    0.00    0.03
  Chn_18               CONDUIT      2.00     0  17:59      1.81    0.00    0.03
  Chn_19               CONDUIT      2.00     0  12:49      0.15    0.00    0.28
  Chn_20               CONDUIT      1.05     0  00:17      0.95    0.00    0.62
  Chn_21               CONDUIT      2.06     0  11:17      0.24    0.00    0.50
  Chn_22               CONDUIT      2.13     0  10:50      1.29    0.00    0.38
  36"RCP-1             CONDUIT      1.03     0  04:58      1.45    0.03    0.80
  Chn_23               CONDUIT      1.21     0  04:58      0.37    0.02    0.56
  Chn_24               CONDUIT      0.89     0  18:33      1.35    0.00    0.02
  48"CMP-44            CONDUIT      0.89     0  18:33      1.47    0.19    0.13
  48"CMP-44a           CONDUIT      0.89     0  18:34      1.45    0.02    0.10
  42"RCP               CONDUIT      0.00     0  00:00      0.00    0.00    0.50
  Chn_25               CONDUIT      0.00     0  00:00      0.00    0.00    0.00
  Chn_26               CONDUIT      0.00     0  00:00      0.00    0.00    0.00
  Chn_27               CONDUIT      0.00     0  00:00      0.00    0.00    0.00
  Chn_28               CONDUIT      0.00     0  00:00      0.00    0.00    0.00
  24"RCP-40            CONDUIT      1.18     0  08:26      2.67    0.07    0.35
  Chn_29               CONDUIT      1.02     0  08:37      1.32    0.01    0.05
  30"RCP-42            CONDUIT      1.00     0  09:50      5.76    0.01    0.08
  Chn_30               CONDUIT      1.00     0  10:21      0.06    0.00    0.46
  Chn_31               CONDUIT      1.04     0  01:35      0.67    0.08    0.71
  Chn_32               CONDUIT      1.02     0  09:25      1.09    0.00    0.89
  Chn_33               CONDUIT      3.28     0  00:16      3.59    0.01    0.44
  Chn_34               CONDUIT      2.43     0  00:18      1.56    0.01    0.50
  36"RCP-37            CONDUIT      1.00     0  00:16      2.09    0.31    0.12
  Chn_35               CONDUIT      0.00     0  00:00      0.00    0.00    0.00
  Chn_36               CONDUIT      0.00     0  00:00      0.00    0.00    0.00
  Chn_37               CONDUIT      0.00     0  00:00      0.00    0.00    0.00
  Chn_38               CONDUIT      0.00     0  00:00      0.00    0.00    0.00
  Chn_39               CONDUIT      1.00     0  20:04      0.10    0.00    0.22
  Chn_40               CONDUIT      1.11     0  18:33      0.34    0.00    0.07
  Chn_41               CONDUIT      2.08     0  00:04      3.12    0.00    0.73
  60"RCP-x48           CONDUIT      0.00     0  00:00      0.00    0.00    0.00
  Chn_42               CONDUIT      1.03     0  00:06      0.21    0.00    0.30
  Chn_43               CONDUIT      1.00     0  10:21      2.02    0.00    0.11
  Chn_44               CONDUIT      1.12     0  08:24      1.46    0.00    0.05
  Chn_45               CONDUIT      0.00     0  00:00      0.00    0.00    0.00
  Chn_46               CONDUIT      0.00     0  00:00      0.00    0.00    0.00
  36"CMP-X52           CONDUIT      0.00     0  00:00      0.00    0.00    0.00
  36"RCP(1)            CONDUIT      1.00     0  00:58      5.73    0.01    0.53
  Canal                CONDUIT      2.17     0  08:51      0.97    0.00    0.99
  Chn_47               CONDUIT      0.00     0  00:00      0.00    0.00    0.00
  
  
  ***************************
  Flow Classification Summary
  ***************************
  
  -------------------------------------------------------------------------------------
                      Adjusted    ---------- Fraction of Time in Flow Class ---------- 
                       /Actual         Up    Down  Sub   Sup   Up    Down  Norm  Inlet 
  Conduit               Length    Dry  Dry   Dry   Crit  Crit  Crit  Crit  Ltd   Ctrl  
  -------------------------------------------------------------------------------------
  Chn                     1.00   0.00  0.00  0.00  0.98  0.00  0.00  0.01  0.98  0.00
  Chn_2                   1.00   0.01  0.03  0.00  0.95  0.00  0.01  0.00  0.00  0.00
  Chn_3                   1.00   0.05  0.00  0.00  0.93  0.00  0.00  0.02  0.00  0.00
  Chn_4                   1.00   0.07  0.04  0.00  0.88  0.00  0.01  0.00  0.00  0.00
  Chn_5                   1.00   0.12  0.00  0.00  0.86  0.00  0.00  0.01  0.03  0.00
  Chn_6                   1.00   0.13  0.04  0.00  0.00  0.00  0.82  0.00  0.00  0.00
  48"CMP(1)               1.00   0.03  0.00  0.00  0.96  0.00  0.01  0.00  0.00  0.00
  Chn_7                   1.00   0.03  0.00  0.00  0.97  0.00  0.00  0.00  0.01  0.00
  Chn_8                   1.00   0.00  0.00  0.00  0.98  0.00  0.01  0.00  0.00  0.00
  Chn_9                   1.00   0.01  0.00  0.00  0.98  0.00  0.00  0.00  0.98  0.00
  Chn_10                  1.00   0.02  0.00  0.00  0.97  0.00  0.00  0.01  0.00  0.00
  Chn_11                  1.00   0.03  0.00  0.00  0.95  0.00  0.00  0.02  0.95  0.00
  Chn_12                  1.00   0.03  0.00  0.00  0.95  0.00  0.00  0.02  0.09  0.00
  36"CMP(1)               1.00   0.05  0.01  0.00  0.94  0.00  0.01  0.00  0.00  0.00
  36"CMP(2)               1.00   0.06  0.00  0.00  0.93  0.00  0.01  0.00  0.00  0.00
  36"CMP(3)               1.00   0.07  0.00  0.00  0.92  0.00  0.00  0.01  0.01  0.00
  36"CMP(4)               1.00   0.08  0.00  0.00  0.91  0.00  0.01  0.00  0.00  0.00
  48"CMP(5)               1.00   0.09  0.00  0.00  0.90  0.00  0.00  0.00  0.00  0.00
  Chn_13                  1.00   0.13  0.02  0.00  0.85  0.00  0.01  0.00  0.00  0.00
  Chn_14                  1.00   0.35  0.00  0.00  0.64  0.00  0.00  0.01  0.64  0.00
  Chn_15                  1.00   0.36  0.00  0.00  0.62  0.00  0.00  0.01  0.01  0.00
  Chn_16                  1.00   0.37  0.04  0.00  0.57  0.00  0.01  0.00  0.00  0.00
  Chn_17                  1.00   0.42  0.00  0.00  0.57  0.00  0.00  0.01  0.00  0.00
  Chn_18                  1.00   0.43  0.00  0.00  0.00  0.00  0.00  0.57  0.00  0.00
  Chn_19                  1.00   0.11  0.23  0.00  0.64  0.00  0.02  0.00  0.00  0.00
  Chn_20                  1.00   0.00  0.00  0.00  0.99  0.00  0.00  0.01  0.00  0.00
  Chn_21                  1.00   0.01  0.09  0.00  0.89  0.00  0.01  0.00  0.00  0.00
  Chn_22                  1.00   0.10  0.00  0.00  0.89  0.00  0.00  0.00  0.09  0.00
  36"RCP-1                1.00   0.01  0.00  0.00  0.99  0.00  0.00  0.00  0.00  0.00
  Chn_23                  1.00   0.01  0.00  0.00  0.99  0.00  0.00  0.00  0.00  0.00
  Chn_24                  1.00   0.43  0.00  0.00  0.00  0.00  0.00  0.57  0.00  0.00
  48"CMP-44               1.00   0.44  0.00  0.00  0.56  0.00  0.00  0.00  0.00  0.00
  48"CMP-44a              1.00   0.44  0.00  0.00  0.00  0.00  0.00  0.56  0.00  0.00
  42"RCP                  1.00   0.00  1.00  0.00  0.00  0.00  0.00  0.00  0.00  0.00
  Chn_25                  1.00   1.00  0.00  0.00  0.00  0.00  0.00  0.00  0.00  0.00
  Chn_26                  1.00   1.00  0.00  0.00  0.00  0.00  0.00  0.00  0.00  0.00
  Chn_27                  1.00   1.00  0.00  0.00  0.00  0.00  0.00  0.00  0.00  0.00
  Chn_28                  1.00   1.00  0.00  0.00  0.00  0.00  0.00  0.00  0.00  0.00
  24"RCP-40               1.00   0.34  0.00  0.00  0.66  0.00  0.00  0.01  0.00  0.00
  Chn_29                  1.00   0.34  0.00  0.00  0.65  0.00  0.00  0.01  0.00  0.00
  30"RCP-42               1.00   0.35  0.00  0.00  0.00  0.00  0.00  0.65  0.00  0.00
  Chn_30                  1.00   0.02  0.30  0.00  0.00  0.00  0.68  0.00  0.00  0.00
  Chn_31                  1.00   0.01  0.00  0.00  0.98  0.00  0.00  0.01  0.00  0.00
  Chn_32                  1.00   0.02  0.00  0.00  0.98  0.00  0.00  0.00  0.04  0.00
  Chn_33                  1.00   0.01  0.00  0.00  0.99  0.00  0.00  0.00  0.99  0.00
  Chn_34                  1.00   0.01  0.00  0.00  0.99  0.00  0.00  0.00  0.00  0.00
  36"RCP-37               1.00   0.01  0.00  0.00  0.00  0.00  0.00  0.99  0.00  0.00
  Chn_35                  1.00   1.00  0.00  0.00  0.00  0.00  0.00  0.00  0.00  0.00
  Chn_36                  1.00   1.00  0.00  0.00  0.00  0.00  0.00  0.00  0.00  0.00
  Chn_37                  1.00   1.00  0.00  0.00  0.00  0.00  0.00  0.00  0.00  0.00
  Chn_38                  1.00   1.00  0.00  0.00  0.00  0.00  0.00  0.00  0.00  0.00
  Chn_39                  1.00   0.04  0.15  0.00  0.81  0.00  0.00  0.00  0.79  0.00
  Chn_40                  1.00   0.15  0.28  0.00  0.57  0.00  0.00  0.00  0.57  0.00
  Chn_41                  1.00   0.00  0.00  0.00  0.99  0.00  0.00  0.00  0.06  0.00
  60"RCP-x48              1.00   1.00  0.00  0.00  0.00  0.00  0.00  0.00  0.00  0.00
  Chn_42                  1.00   0.00  0.00  0.00  0.99  0.00  0.00  0.00  0.00  0.00
  Chn_43                  1.00   0.33  0.00  0.00  0.66  0.00  0.00  0.00  0.66  0.00
  Chn_44                  1.00   0.35  0.00  0.00  0.65  0.00  0.00  0.00  0.65  0.00
  Chn_45                  1.00   1.00  0.00  0.00  0.00  0.00  0.00  0.00  0.00  0.00
  Chn_46                  1.00   1.00  0.00  0.00  0.00  0.00  0.00  0.00  0.00  0.00
  36"CMP-X52              1.00   1.00  0.00  0.00  0.00  0.00  0.00  0.00  0.00  0.00
  36"RCP(1)               1.00   0.00  0.00  0.00  0.95  0.01  0.00  0.04  0.96  0.00
  Canal                   1.00   0.00  0.00  0.00  1.00  0.00  0.00  0.00  0.00  0.00
  Chn_47                  1.00   1.00  0.00  0.00  0.00  0.00  0.00  0.00  0.00  0.00
  
  
  *************************
  Conduit Surcharge Summary
  *************************
  
  ----------------------------------------------------------------------------
                                                           Hours        Hours 
                         --------- Hours Full --------   Above Full   Capacity
  Conduit                Both Ends  Upstream  Dnstream   Normal Flow   Limited
  ----------------------------------------------------------------------------
  36"CMP(1)                  19.25     19.25     20.81      0.01         0.01
  36"CMP(2)                   0.01      0.01     20.11      0.01         0.01
  Chn_32                      0.01      0.01     17.24      0.01         0.01
  36"RCP(1)                   0.01      0.01     20.88      0.01         0.01
  Canal                       0.01      0.01     12.59      0.01         0.01
  

  Analysis begun on:  Wed Jul 22 12:07:52 2026
  Analysis ended on:  Wed Jul 22 12:07:53 2026
  Total elapsed time: 00:00:01