
  EPA STORM WATER MANAGEMENT MODEL - VERSION 5.2 (Build 5.2.4)
  ------------------------------------------------------------

  Converted from XPSWMM .xp file 
  WARNING 04: minimum elevation drop used for Conduit 7
  WARNING 04: minimum elevation drop used for Conduit 9
  WARNING 04: minimum elevation drop used for Conduit 11
  WARNING 04: minimum elevation drop used for Conduit 13
  WARNING 04: minimum elevation drop used for Conduit 15
  WARNING 04: minimum elevation drop used for Conduit 17
  WARNING 04: minimum elevation drop used for Conduit 19
  WARNING 04: minimum elevation drop used for Conduit 21
  WARNING 04: minimum elevation drop used for Conduit 23
  WARNING 04: minimum elevation drop used for Conduit 25
  WARNING 04: minimum elevation drop used for Conduit 27
  WARNING 04: minimum elevation drop used for Conduit 29
  WARNING 04: minimum elevation drop used for Conduit 31
  WARNING 04: minimum elevation drop used for Conduit 33
  WARNING 04: minimum elevation drop used for Conduit 35
  WARNING 04: minimum elevation drop used for Conduit 37
  WARNING 04: minimum elevation drop used for Conduit 40
  WARNING 04: minimum elevation drop used for Conduit 42
  WARNING 04: minimum elevation drop used for Conduit 45
  WARNING 04: minimum elevation drop used for Conduit 47
  WARNING 04: minimum elevation drop used for Conduit 49
  WARNING 04: minimum elevation drop used for Conduit 51
  WARNING 04: minimum elevation drop used for Conduit 53
  WARNING 04: minimum elevation drop used for Conduit 54
  WARNING 04: minimum elevation drop used for Conduit 57
  WARNING 04: minimum elevation drop used for Conduit 59
  WARNING 04: minimum elevation drop used for Conduit 60
  WARNING 04: minimum elevation drop used for Conduit 62
  WARNING 04: minimum elevation drop used for Conduit 64
  WARNING 04: minimum elevation drop used for Conduit 65
  WARNING 04: minimum elevation drop used for Conduit 68
  WARNING 04: minimum elevation drop used for Conduit 70
  WARNING 04: minimum elevation drop used for Conduit 71
  WARNING 04: minimum elevation drop used for Conduit 73
  WARNING 04: minimum elevation drop used for Conduit 76
  WARNING 04: minimum elevation drop used for Conduit 77
  WARNING 04: minimum elevation drop used for Conduit 79
  WARNING 04: minimum elevation drop used for Conduit 81
  WARNING 04: minimum elevation drop used for Conduit 83
  WARNING 04: minimum elevation drop used for Conduit 85
  WARNING 04: minimum elevation drop used for Conduit 87
  WARNING 04: minimum elevation drop used for Conduit 89
  WARNING 04: minimum elevation drop used for Conduit 92
  WARNING 04: minimum elevation drop used for Conduit 94
  WARNING 04: minimum elevation drop used for Conduit 95
  WARNING 04: minimum elevation drop used for Conduit 97
  WARNING 04: minimum elevation drop used for Conduit 99
  WARNING 04: minimum elevation drop used for Conduit 101
  WARNING 04: minimum elevation drop used for Conduit 103
  WARNING 04: minimum elevation drop used for Conduit 106
  WARNING 04: minimum elevation drop used for Conduit 110
  WARNING 04: minimum elevation drop used for Conduit 112
  WARNING 04: minimum elevation drop used for Conduit 114
  WARNING 04: minimum elevation drop used for Conduit 116
  WARNING 04: minimum elevation drop used for Conduit 118
  WARNING 04: minimum elevation drop used for Conduit 120
  WARNING 04: minimum elevation drop used for Conduit 121
  WARNING 04: minimum elevation drop used for Conduit 123
  WARNING 04: minimum elevation drop used for Conduit 125
  WARNING 04: minimum elevation drop used for Conduit 127
  WARNING 04: minimum elevation drop used for Conduit 129
  WARNING 04: minimum elevation drop used for Conduit 130
  WARNING 04: minimum elevation drop used for Conduit 132
  WARNING 04: minimum elevation drop used for Conduit 135
  WARNING 04: minimum elevation drop used for Conduit 137
  WARNING 04: minimum elevation drop used for Conduit 139
  WARNING 04: minimum elevation drop used for Conduit 141
  WARNING 04: minimum elevation drop used for Conduit 143
  WARNING 04: minimum elevation drop used for Conduit 145
  WARNING 04: minimum elevation drop used for Conduit 148
  WARNING 04: minimum elevation drop used for Conduit 150
  WARNING 04: minimum elevation drop used for Conduit 152
  WARNING 04: minimum elevation drop used for Conduit 154
  WARNING 04: minimum elevation drop used for Conduit 156
  WARNING 04: minimum elevation drop used for Conduit 160
  WARNING 04: minimum elevation drop used for Conduit 161
  WARNING 04: minimum elevation drop used for Conduit 163
  WARNING 04: minimum elevation drop used for Conduit 165
  WARNING 04: minimum elevation drop used for Conduit 167
  
  ****************
  Analysis Options
  ****************
  Flow Units ............... CFS
  Process Models:
    Rainfall/Runoff ........ NO
    RDII ................... NO
    Snowmelt ............... NO
    Groundwater ............ NO
    Flow Routing ........... YES
    Ponding Allowed ........ NO
    Water Quality .......... NO
  Flow Routing Method ...... DYNWAVE
  Surcharge Method ......... EXTRAN
  Starting Date ............ 01/01/2001 00:00:00
  Ending Date .............. 01/02/2001 00:00:00
  Antecedent Dry Days ...... 0.0
  Report Time Step ......... 00:15:00
  Routing Time Step ........ 20.00 sec
  Variable Time Step ....... YES
  Maximum Trials ........... 8
  Number of Threads ........ 1
  Head Tolerance ........... 0.005000 ft
  
  
  **************************        Volume        Volume
  Flow Routing Continuity        acre-feet      10^6 gal
  **************************     ---------     ---------
  Dry Weather Inflow .......         0.000         0.000
  Wet Weather Inflow .......         0.000         0.000
  Groundwater Inflow .......         0.000         0.000
  RDII Inflow ..............         0.000         0.000
  External Inflow ..........         9.917         3.232
  External Outflow .........         3.376         1.100
  Flooding Loss ............         6.398         2.085
  Evaporation Loss .........         0.000         0.000
  Exfiltration Loss ........         0.000         0.000
  Initial Stored Volume ....         0.000         0.000
  Final Stored Volume ......         0.142         0.046
  Continuity Error (%) .....         0.007
  
  
  *************************
  Highest Continuity Errors
  *************************
  Node 1098.102 (16.30%)
  Node 1359.101 (14.58%)
  Node 1242.133.1 (13.93%)
  Node 1359.102 (13.71%)
  Node n/main (12.67%)
  
  
  ***************************
  Time-Step Critical Elements
  ***************************
  Link 27 (98.83%)
  
  
  ********************************
  Highest Flow Instability Indexes
  ********************************
  All links are stable.
  
  
  *********************************
  Most Frequent Nonconverging Nodes
  *********************************
  Convergence obtained at all time steps.
  
  
  *************************
  Routing Time Step Summary
  *************************
  Minimum Time Step           :     0.41 sec
  Average Time Step           :     3.50 sec
  Maximum Time Step           :    14.50 sec
  % of Time in Steady State   :     0.00
  Average Iterations per Step :     2.00
  % of Steps Not Converging   :     0.00
  Time Step Frequencies       :
     20.000 -  9.564 sec      :     0.41 %
      9.564 -  4.573 sec      :     0.15 %
      4.573 -  2.187 sec      :    99.33 %
      2.187 -  1.046 sec      :     0.11 %
      1.046 -  0.500 sec      :     0.00 %
  
  
  ******************
  Node Depth Summary
  ******************
  
  ---------------------------------------------------------------------------------
                                 Average  Maximum  Maximum  Time of Max    Reported
                                   Depth    Depth      HGL   Occurrence   Max Depth
  Node                 Type         Feet     Feet     Feet  days hr:min        Feet
  ---------------------------------------------------------------------------------
  roebuck              JUNCTION     1.00     1.00     1.00     0  00:23        1.00
  1242.128             JUNCTION     1.00     1.00     1.00     0  00:24        1.00
  1242.131             JUNCTION     1.00     1.00     1.00     0  00:23        1.00
  1330.109             JUNCTION     1.00     1.00     1.00     0  00:24        1.00
  1330.108             JUNCTION     1.00     1.00     1.00     0  00:23        1.00
  1330.105             JUNCTION     1.00     1.00     1.00     0  00:23        1.00
  1202.101             JUNCTION     1.00     1.00     1.00     0  00:23        1.00
  1098.102             JUNCTION     1.00     1.00     1.00     0  00:23        1.00
  1370.104             JUNCTION     1.00     1.00     1.00     0  00:23        1.00
  1215.101             JUNCTION     1.00     1.00     1.00     0  00:23        1.00
  ???                  JUNCTION     1.00     1.00     1.00     0  00:23        1.00
  1127.101             JUNCTION     0.99     1.00     1.00     0  00:24        0.99
  18"                  JUNCTION     0.99     1.00     1.00     0  00:24        0.99
  siphon               JUNCTION     0.98     0.99     0.99     0  00:24        0.99
  siphon_2             JUNCTION     0.00     0.00     0.00     0  00:00        0.00
  headworks            JUNCTION     0.93     0.94     0.94     0  00:24        0.93
  sub                  JUNCTION     1.00     1.00     1.00     0  00:23        1.00
  1242.132.1           JUNCTION     1.00     1.00     1.00     0  00:23        1.00
  1242.133             JUNCTION     1.00     1.00     1.00     0  00:23        1.00
  1242.134             JUNCTION     1.00     1.00     1.00     0  00:23        1.00
  3098.110             JUNCTION     1.00     1.00     1.00     0  00:24        1.00
  2370.102             JUNCTION     1.00     1.00     1.00     0  00:23        1.00
  2370.101             JUNCTION     1.00     1.00     1.00     0  00:23        1.00
  1359.102             JUNCTION     1.00     1.00     1.00     0  00:23        1.00
  1359.101             JUNCTION     1.00     1.00     1.00     0  00:23        1.00
  1242.133.1           JUNCTION     1.00     1.00     1.00     0  00:23        1.00
  thor/elm             JUNCTION     1.00     1.00     1.00     0  00:23        1.00
  ????                 JUNCTION     1.00     1.00     1.00     0  00:23        1.00
  n/main               JUNCTION     1.00     1.00     1.00     0  00:23        1.00
  1215.104             JUNCTION     1.00     1.00     1.00     0  00:23        1.00
  1215.102             JUNCTION     1.00     1.00     1.00     0  00:23        1.00
  sub_2                JUNCTION     0.00     0.00     0.00     0  00:00        0.00
  sbchrg               JUNCTION     1.00     1.00     1.00     0  00:20        1.00
  2351.101             JUNCTION     1.00     1.00     1.00     0  00:24        1.00
  sub_3                JUNCTION     0.00     0.00     0.00     0  00:00        0.00
  sub_4                JUNCTION     0.00     0.00     0.00     0  00:00        0.00
  sub_5                JUNCTION     0.00     0.00     0.00     0  00:00        0.00
  sub_6                JUNCTION     0.00     0.00     0.00     0  00:00        0.00
  sub_7                JUNCTION     0.00     0.00     0.00     0  00:00        0.00
  sub_8                JUNCTION     0.00     0.00     0.00     0  00:00        0.00
  sub_9                JUNCTION     0.00     0.00     0.00     0  00:00        0.00
  1202.105             JUNCTION     1.00     1.00     1.00     0  00:23        1.00
  1202.103             JUNCTION     1.00     1.00     1.00     0  00:23        1.00
  sub_10               JUNCTION     0.00     0.00     0.00     0  00:00        0.00
  CSO                  JUNCTION     1.00     1.00     1.00     0  00:23        1.00
  6"                   JUNCTION     1.00     1.00     1.00     0  00:22        1.00
  CSO_2                JUNCTION     0.00     0.00     0.00     0  00:00        0.00
  sub_11               JUNCTION     0.00     0.00     0.00     0  00:00        0.00
  3018.131             JUNCTION     1.00     1.00     1.00     0  00:23        1.00
  1159.101             JUNCTION     1.00     1.00     1.00     0  00:23        1.00
  1159.102             JUNCTION     0.99     1.00     1.00     0  00:23        1.00
  107/378.04           JUNCTION     0.99     1.00     1.00     0  00:23        1.00
  1378/086.2           JUNCTION     0.99     1.00     1.00     0  00:24        0.99
  1378.1.1             JUNCTION     0.99     1.00     1.00     0  00:24        0.99
  chamber              JUNCTION     0.99     1.00     1.00     0  00:24        0.99
  sub_12               JUNCTION     0.00     0.00     0.00     0  00:00        0.00
  common               JUNCTION     0.99     1.00     1.00     0  00:23        0.99
  1378.101             JUNCTION     0.99     1.00     1.00     0  00:23        0.99
  chamber_2            JUNCTION     0.00     0.00     0.00     0  00:00        0.00
  cso_3                JUNCTION     0.99     1.00     1.00     0  00:24        0.99
  sub_13               JUNCTION     0.00     0.00     0.00     0  00:00        0.00
  3018.105             JUNCTION     1.00     1.00     1.00     0  00:23        1.00
  1175.8.19L           JUNCTION     1.00     1.00     1.00     0  00:23        1.00
  1287.101             JUNCTION     1.00     1.00     1.00     0  00:23        1.00
  1197.01.1            JUNCTION     0.99     1.00     1.00     0  00:24        1.00
  siphon_3             JUNCTION     0.00     0.00     0.00     0  00:00        0.00
  siphon_4             JUNCTION     0.00     0.00     0.00     0  00:00        0.00
  tappan               JUNCTION     1.00     1.00     1.00     0  00:22        1.00
  sub_14               JUNCTION     0.00     0.00     0.00     0  00:00        0.00
  sub_15               JUNCTION     0.00     0.00     0.00     0  00:00        0.00
  sub_16               JUNCTION     0.00     0.00     0.00     0  00:00        0.00
  cso_4                JUNCTION     0.00     0.00     0.00     0  00:00        0.00
  siphon_5             JUNCTION     0.00     0.00     0.00     0  00:00        0.00
  sub_17               JUNCTION     0.00     0.00     0.00     0  00:00        0.00
  CSO_5                JUNCTION     0.00     0.00     0.00     0  00:00        0.00
  8"                   JUNCTION     1.00     1.00     1.00     0  00:22        1.00
  WWTF                 OUTFALL      0.56     0.56     0.56     0  00:24        0.56
  
  
  *******************
  Node Inflow Summary
  *******************
  
  -------------------------------------------------------------------------------------------------
                                  Maximum  Maximum                  Lateral       Total        Flow
                                  Lateral    Total  Time of Max      Inflow      Inflow     Balance
                                   Inflow   Inflow   Occurrence      Volume      Volume       Error
  Node                 Type           CFS      CFS  days hr:min    10^6 gal    10^6 gal     Percent
  -------------------------------------------------------------------------------------------------
  roebuck              JUNCTION      0.00     1.04     0  00:01           0      0.0719       1.647
  1242.128             JUNCTION      0.00     0.33     0  00:02           0       0.017       3.617
  1242.131             JUNCTION      0.00     0.45     0  00:03           0      0.0207       4.613
  1330.109             JUNCTION      0.00     0.40     0  00:04           0      0.0232       3.989
  1330.108             JUNCTION      0.00     0.32     0  00:05           0      0.0182       5.205
  1330.105             JUNCTION      0.00     0.32     0  00:05           0      0.0143       6.680
  1202.101             JUNCTION      0.00     0.60     0  00:06           0       0.038       4.087
  1098.102             JUNCTION      0.00     0.26     0  00:06           0     0.00371      19.471
  1370.104             JUNCTION      0.00     0.75     0  00:05           0      0.0393       3.870
  1215.101             JUNCTION      0.00     1.03     0  00:00           0      0.0904       1.290
  ???                  JUNCTION      0.00     0.41     0  00:12           0       0.146       0.608
  1127.101             JUNCTION      0.00     0.31     0  00:13           0       0.145       0.417
  18"                  JUNCTION      0.00     0.49     0  00:12           0       0.173       0.509
  siphon               JUNCTION      0.00     1.94     0  00:22           0        1.11       0.343
  siphon_2             JUNCTION      0.00     0.00     0  00:00           0           0       0.000 gal
  headworks            JUNCTION      0.00     1.75     0  00:24           0         1.1       0.079
  sub                  JUNCTION      1.00     2.06     0  00:20       0.646       0.725       0.683
  1242.132.1           JUNCTION      0.00     0.19     0  00:08           0     0.00499      13.519
  1242.133             JUNCTION      0.00     0.32     0  00:07           0     0.00929      10.657
  1242.134             JUNCTION      0.00     0.47     0  00:20           0      0.0209       4.455
  3098.110             JUNCTION      0.00     0.99     0  00:08           0      0.0551       2.136
  2370.102             JUNCTION      0.00     0.30     0  00:03           0      0.0166       3.693
  2370.101             JUNCTION      0.00     0.29     0  00:04           0       0.016       3.949
  1359.102             JUNCTION      0.00     0.26     0  00:08           0     0.00432      15.887
  1359.101             JUNCTION      0.00     0.21     0  00:07           0      0.0041      17.067
  1242.133.1           JUNCTION      0.00     0.21     0  00:06           0     0.00436      16.188
  thor/elm             JUNCTION      0.00     0.30     0  00:03           0      0.0166       3.693
  ????                 JUNCTION      0.00     0.29     0  00:04           0       0.016       3.949
  n/main               JUNCTION      0.00     0.20     0  00:04           0     0.00473      14.513
  1215.104             JUNCTION      0.00     0.20     0  00:03           0     0.00516      13.295
  1215.102             JUNCTION      0.00     0.39     0  00:02           0       0.015       6.364
  sub_2                JUNCTION      0.00     0.00     0  00:00           0           0       0.000 gal
  sbchrg               JUNCTION      1.00     1.00     0  00:00       0.646       0.646       0.047
  2351.101             JUNCTION      0.00     1.01     0  00:02           0      0.0558       1.090
  sub_3                JUNCTION      0.00     0.00     0  00:00           0           0       0.000 gal
  sub_4                JUNCTION      0.00     0.00     0  00:00           0           0       0.000 gal
  sub_5                JUNCTION      0.00     0.00     0  00:00           0           0       0.000 gal
  sub_6                JUNCTION      0.00     0.00     0  00:00           0           0       0.000 gal
  sub_7                JUNCTION      0.00     0.00     0  00:00           0           0       0.000 gal
  sub_8                JUNCTION      0.00     0.00     0  00:00           0           0       0.000 gal
  sub_9                JUNCTION      0.00     0.00     0  00:00           0           0       0.000 gal
  1202.105             JUNCTION      0.00     0.20     0  00:06           0     0.00863       7.386
  1202.103             JUNCTION      0.00     0.21     0  00:06           0     0.00867       7.499
  sub_10               JUNCTION      0.00     0.00     0  00:00           0           0       0.000 gal
  CSO                  JUNCTION      0.00     0.34     0  00:06           0      0.0696       0.000
  6"                   JUNCTION      1.00     1.00     0  00:00       0.646       0.646       0.046
  CSO_2                JUNCTION      0.00     0.00     0  00:00           0           0       0.000 gal
  sub_11               JUNCTION      0.00     0.00     0  00:00           0           0       0.000 gal
  3018.131             JUNCTION      0.00     0.30     0  00:11           0      0.0518       1.149
  1159.101             JUNCTION      0.00     0.23     0  00:11           0      0.0512       1.183
  1159.102             JUNCTION      0.00     0.16     0  00:12           0      0.0507       1.200
  107/378.04           JUNCTION      0.00     0.49     0  00:11           0       0.153       0.580
  1378/086.2           JUNCTION      0.00     0.39     0  00:10           0       0.152       0.589
  1378.1.1             JUNCTION      0.00     0.17     0  00:10           0      0.0832       0.729
  chamber              JUNCTION      0.00     0.69     0  00:11           0       0.153       1.175
  sub_12               JUNCTION      0.00     0.00     0  00:00           0           0       0.000 gal
  common               JUNCTION      0.00     0.27     0  00:10           0       0.068       0.894
  1378.101             JUNCTION      0.00     0.26     0  00:11           0      0.0681       0.884
  chamber_2            JUNCTION      0.00     0.00     0  00:00           0           0       0.000 gal
  cso_3                JUNCTION      0.00     0.37     0  00:12           0       0.124       0.000
  sub_13               JUNCTION      0.00     0.00     0  00:00           0           0       0.000 gal
  3018.105             JUNCTION      0.00     0.17     0  00:06           0      0.0418       1.437
  1175.8.19L           JUNCTION      0.00     0.23     0  00:05           0      0.0414       1.489
  1287.101             JUNCTION      0.00     0.27     0  00:05           0       0.113       0.799
  1197.01.1            JUNCTION      0.00     0.47     0  00:22           0       0.245       0.369
  siphon_3             JUNCTION      0.00     0.00     0  00:00           0           0       0.000 gal
  siphon_4             JUNCTION      0.00     0.00     0  00:00           0           0       0.000 gal
  tappan               JUNCTION      1.00     1.00     0  00:00       0.646       0.646       0.046
  sub_14               JUNCTION      0.00     0.00     0  00:00           0           0       0.000 gal
  sub_15               JUNCTION      0.00     0.00     0  00:00           0           0       0.000 gal
  sub_16               JUNCTION      0.00     0.00     0  00:00           0           0       0.000 gal
  cso_4                JUNCTION      0.00     0.00     0  00:00           0           0       0.000 gal
  siphon_5             JUNCTION      0.00     0.00     0  00:00           0           0       0.000 gal
  sub_17               JUNCTION      0.00     0.00     0  00:00           0           0       0.000 gal
  CSO_5                JUNCTION      0.00     0.00     0  00:00           0           0       0.000 gal
  8"                   JUNCTION      1.00     1.00     0  00:00       0.646       0.646       0.046
  WWTF                 OUTFALL       0.00     1.74     0  00:24           0         1.1       0.000
  
  
  **********************
  Node Surcharge Summary
  **********************
  
  Surcharging occurs when water rises above the top of the highest conduit.
  ---------------------------------------------------------------------
                                               Max. Height   Min. Depth
                                   Hours       Above Crown    Below Rim
  Node                 Type      Surcharged           Feet         Feet
  ---------------------------------------------------------------------
  roebuck              JUNCTION        0.01          0.000        0.000
  1242.128             JUNCTION        0.05          0.000        0.000
  1242.131             JUNCTION        0.08          0.000        0.000
  1330.109             JUNCTION        0.04          0.000        0.000
  1330.108             JUNCTION        0.11          0.000        0.000
  1330.105             JUNCTION        0.13          0.000        0.000
  1202.101             JUNCTION        0.08          0.000        0.000
  1098.102             JUNCTION        0.06          0.000        0.000
  1370.104             JUNCTION        0.04          0.000        0.000
  1215.101             JUNCTION        0.01          0.000        0.000
  ???                  JUNCTION        0.02          0.000        0.000
  1127.101             JUNCTION        0.01          0.000        0.000
  18"                  JUNCTION        0.01          0.000        0.000
  siphon_2             JUNCTION       24.00          0.000        0.000
  sub                  JUNCTION        0.13          0.000        0.000
  1242.132.1           JUNCTION        0.16          0.000        0.000
  1242.133             JUNCTION        0.13          0.000        0.000
  1242.134             JUNCTION        0.06          0.000        0.000
  3098.110             JUNCTION        0.02          0.000        0.000
  2370.102             JUNCTION        0.03          0.000        0.000
  2370.101             JUNCTION        0.05          0.000        0.000
  1359.102             JUNCTION        0.19          0.000        0.000
  1359.101             JUNCTION        0.24          0.000        0.000
  1242.133.1           JUNCTION        0.16          0.000        0.000
  thor/elm             JUNCTION        0.03          0.000        0.000
  ????                 JUNCTION        0.05          0.000        0.000
  n/main               JUNCTION        0.12          0.000        0.000
  1215.104             JUNCTION        0.07          0.000        0.000
  1215.102             JUNCTION        0.04          0.000        0.000
  sub_2                JUNCTION       24.00          0.000        0.000
  sbchrg               JUNCTION       23.66          0.000        0.000
  2351.101             JUNCTION        0.11          0.000        0.000
  sub_3                JUNCTION       24.00          0.000        0.000
  sub_4                JUNCTION       24.00          0.000        0.000
  sub_5                JUNCTION       24.00          0.000        0.000
  sub_6                JUNCTION       24.00          0.000        0.000
  sub_7                JUNCTION       24.00          0.000        0.000
  sub_8                JUNCTION       24.00          0.000        0.000
  sub_9                JUNCTION       24.00          0.000        0.000
  1202.105             JUNCTION        0.16          0.000        0.000
  1202.103             JUNCTION        0.13          0.000        0.000
  sub_10               JUNCTION       24.00          0.000        0.000
  CSO                  JUNCTION        0.04          0.000        0.000
  6"                   JUNCTION       23.63          0.000        0.000
  CSO_2                JUNCTION       24.00          0.000        0.000
  sub_11               JUNCTION       24.00          0.000        0.000
  3018.131             JUNCTION        0.09          0.000        0.000
  1159.101             JUNCTION        0.07          0.000        0.000
  1159.102             JUNCTION        0.05          0.000        0.000
  107/378.04           JUNCTION        0.03          0.000        0.000
  1378/086.2           JUNCTION        0.01          0.000        0.000
  1378.1.1             JUNCTION        0.01          0.000        0.000
  sub_12               JUNCTION       24.00          0.000        0.000
  common               JUNCTION        0.02          0.000        0.000
  1378.101             JUNCTION        0.01          0.000        0.000
  chamber_2            JUNCTION       24.00          0.000        0.000
  sub_13               JUNCTION       24.00          0.000        0.000
  3018.105             JUNCTION        0.09          0.000        0.000
  1175.8.19L           JUNCTION        0.05          0.000        0.000
  1287.101             JUNCTION        0.03          0.000        0.000
  1197.01.1            JUNCTION        0.01          0.000        0.000
  siphon_3             JUNCTION       24.00          0.000        0.000
  siphon_4             JUNCTION       24.00          0.000        0.000
  tappan               JUNCTION       23.62          0.000        0.000
  sub_14               JUNCTION       24.00          0.000        0.000
  sub_15               JUNCTION       24.00          0.000        0.000
  sub_16               JUNCTION       24.00          0.000        0.000
  cso_4                JUNCTION       24.00          0.000        0.000
  siphon_5             JUNCTION       24.00          0.000        0.000
  sub_17               JUNCTION       24.00          0.000        0.000
  CSO_5                JUNCTION       24.00          0.000        0.000
  8"                   JUNCTION       23.63          0.000        0.000
  
  
  *********************
  Node Flooding Summary
  *********************
  
  Flooding refers to all water that overflows a node, whether it ponds or not.
  --------------------------------------------------------------------------
                                                             Total   Maximum
                                 Maximum   Time of Max       Flood    Ponded
                        Hours       Rate    Occurrence      Volume     Depth
  Node                 Flooded       CFS   days hr:min    10^6 gal      Feet
  --------------------------------------------------------------------------
  roebuck                 0.01      0.06      0  00:23       0.000     0.000
  1242.128                0.03      0.01      0  00:25       0.000     0.000
  1242.131                0.05      0.04      0  00:23       0.000     0.000
  1330.109                0.02      0.02      0  00:24       0.000     0.000
  1330.108                0.08      0.04      0  00:23       0.000     0.000
  1330.105                0.12      0.04      0  00:23       0.000     0.000
  1202.101                0.07      0.05      0  00:23       0.000     0.000
  1098.102                0.05      0.02      0  00:23       0.000     0.000
  1370.104                0.03      0.08      0  00:23       0.000     0.000
  1215.101                0.01      0.05      0  00:23       0.000     0.000
  ???                     0.02      0.03      0  00:23       0.000     0.000
  1127.101                0.01      0.03      0  00:24       0.000     0.000
  18"                     0.01      0.04      0  00:24       0.000     0.000
  sub                     0.12      0.28      0  00:24       0.000     0.000
  1242.132.1              0.16      0.04      0  00:23       0.000     0.000
  1242.133                0.11      0.04      0  00:23       0.000     0.000
  1242.134                0.05      0.05      0  00:24       0.000     0.000
  3098.110                0.01      0.06      0  00:24       0.000     0.000
  2370.102                0.03      0.03      0  00:23       0.000     0.000
  2370.101                0.05      0.03      0  00:25       0.000     0.000
  1359.102                0.19      0.03      0  00:23       0.000     0.000
  1359.101                0.24      0.05      0  00:23       0.000     0.000
  1242.133.1              0.13      0.02      0  00:23       0.000     0.000
  thor/elm                0.03      0.03      0  00:23       0.000     0.000
  ????                    0.05      0.03      0  00:25       0.000     0.000
  n/main                  0.10      0.02      0  00:23       0.000     0.000
  1215.104                0.06      0.04      0  00:23       0.000     0.000
  1215.102                0.02      0.03      0  00:23       0.000     0.000
  sbchrg                 23.66      0.93      0  00:55       0.590     0.000
  2351.101                0.08      0.15      0  00:24       0.000     0.000
  1202.105                0.16      0.02      0  00:23       0.000     0.000
  1202.103                0.12      0.04      0  00:23       0.000     0.000
  CSO                     0.03      0.04      0  00:23       0.000     0.000
  6"                     23.63      0.89      0  07:39       0.567     0.000
  3018.131                0.08      0.03      0  00:23       0.000     0.000
  1159.101                0.05      0.01      0  00:23       0.000     0.000
  1159.102                0.05      0.01      0  00:23       0.000     0.000
  107/378.04              0.03      0.06      0  00:23       0.000     0.000
  1378/086.2              0.01      0.04      0  00:24       0.000     0.000
  1378.1.1                0.01      0.03      0  00:24       0.000     0.000
  common                  0.02      0.03      0  00:23       0.000     0.000
  1378.101                0.01      0.03      0  00:23       0.000     0.000
  3018.105                0.08      0.04      0  00:23       0.000     0.000
  1175.8.19L              0.04      0.02      0  00:23       0.000     0.000
  1287.101                0.03      0.03      0  00:23       0.000     0.000
  1197.01.1               0.01      0.01      0  00:24       0.000     0.000
  tappan                 23.62      0.56      0  00:32       0.352     0.000
  8"                     23.63      0.91      0  00:39       0.574     0.000
  
  
  ***********************
  Outfall Loading Summary
  ***********************
  
  -----------------------------------------------------------
                         Flow       Avg       Max       Total
                         Freq      Flow      Flow      Volume
  Outfall Node           Pcnt       CFS       CFS    10^6 gal
  -----------------------------------------------------------
  WWTF                  99.96      1.72      1.74       1.100
  -----------------------------------------------------------
  System                99.96      1.72      1.74       1.100
  
  
  ********************
  Link Flow Summary
  ********************
  
  -----------------------------------------------------------------------------
                                 Maximum  Time of Max   Maximum    Max/    Max/
                                  |Flow|   Occurrence   |Veloc|    Full    Full
  Link                 Type          CFS  days hr:min    ft/sec    Flow   Depth
  -----------------------------------------------------------------------------
  7                    CONDUIT      0.33     0  00:02      1.43    2.90    1.00
  9                    CONDUIT      0.26     0  00:03      1.14    2.28    1.00
  11                   CONDUIT      0.11     0  00:03      0.76    1.02    1.00
  13                   CONDUIT      0.26     0  00:05      0.97    2.27    1.00
  15                   CONDUIT      0.17     0  00:05      0.79    1.47    1.00
  17                   CONDUIT      0.18     0  00:06      0.83    1.60    1.00
  19                   CONDUIT      0.19     0  00:10      0.49    1.68    1.00
  21                   CONDUIT      0.26     0  00:06      1.01    2.30    1.00
  23                   CONDUIT      0.36     0  00:05      1.52    3.16    1.00
  25                   CONDUIT      0.35     0  00:22      1.63    3.13    1.00
  27                   CONDUIT      0.31     0  00:13      1.08    2.79    1.00
  29                   CONDUIT      0.25     0  00:22      0.65    2.26    1.00
  31                   CONDUIT      0.27     0  00:31      1.05    2.41    1.00
  33                   CONDUIT      0.00     0  00:00      0.00    0.00    0.99
  35                   CONDUIT      0.87     0  00:24      1.13    7.75    0.96
  37                   CONDUIT      1.74     0  00:24      2.75   15.40    0.75
  40                   CONDUIT      0.35     0  00:04      1.64    3.09    1.00
  42                   CONDUIT      0.39     0  00:06      1.37    3.46    1.00
  45                   CONDUIT      0.11     0  00:07      0.61    0.96    1.00
  47                   CONDUIT      0.22     0  00:08      1.17    1.92    1.00
  49                   CONDUIT      0.47     0  00:20      1.35    4.20    1.00
  51                   CONDUIT      0.30     0  00:03      1.40    2.67    1.00
  53                   CONDUIT      0.25     0  00:04      1.15    2.19    1.00
  54                   CONDUIT      0.20     0  00:05      0.78    1.76    1.00
  57                   CONDUIT      0.16     0  00:07      0.91    1.42    1.00
  59                   CONDUIT      0.08     0  00:10      0.44    0.67    1.00
  60                   CONDUIT      0.20     0  00:07      1.03    1.76    1.00
  62                   CONDUIT      0.30     0  00:03      1.40    2.67    1.00
  64                   CONDUIT      0.25     0  00:04      1.15    2.19    1.00
  65                   CONDUIT      0.20     0  00:05      0.78    1.76    1.00
  68                   CONDUIT      0.09     0  00:07      0.41    0.80    1.00
  70                   CONDUIT      0.20     0  00:04      1.16    1.74    1.00
  71                   CONDUIT      0.36     0  00:19      1.44    3.21    1.00
  73                   CONDUIT      0.26     0  00:08      0.92    2.33    1.00
  76                   CONDUIT      1.01     0  00:02      2.82    8.96    1.00
  77                   CONDUIT      0.99     0  00:08      3.05    8.83    1.00
  79                   CONDUIT      0.25     0  00:07      0.89    2.19    1.00
  81                   CONDUIT      0.12     0  00:04      0.87    1.03    1.00
  83                   CONDUIT      0.15     0  00:05      0.91    1.37    1.00
  85                   CONDUIT      0.19     0  00:08      0.86    1.69    1.00
  87                   CONDUIT      0.13     0  00:04      0.86    1.14    1.00
  89                   CONDUIT      0.16     0  00:10      0.81    1.46    1.00
  92                   CONDUIT      0.20     0  00:06      0.86    1.74    1.00
  94                   CONDUIT      0.12     0  00:06      0.84    1.07    1.00
  95                   CONDUIT      0.15     0  00:07      0.55    1.37    1.00
  97                   CONDUIT      0.21     0  00:20      0.81    1.87    1.00
  99                   CONDUIT      0.25     0  00:11      0.83    2.23    1.00
  101                  CONDUIT      1.03     0  00:00      3.51    9.16    1.00
  103                  CONDUIT      0.17     0  00:04      1.10    1.52    1.00
  106                  CONDUIT      0.30     0  00:11      0.94    2.64    1.00
  110                  CONDUIT      0.23     0  00:11      0.92    2.07    1.00
  112                  CONDUIT      0.16     0  00:12      0.47    1.42    1.00
  114                  CONDUIT      0.09     0  00:11      0.74    0.80    1.00
  116                  CONDUIT      0.36     0  00:11      1.16    3.22    1.00
  118                  CONDUIT      0.13     0  00:33      0.38    1.16    1.00
  120                  CONDUIT      0.17     0  00:10      0.88    1.55    1.00
  121                  CONDUIT      0.40     0  00:11      1.15    3.52    1.00
  123                  CONDUIT      0.40     0  00:11      1.23    3.54    1.00
  125                  CONDUIT      0.18     0  00:10      0.82    1.60    1.00
  127                  CONDUIT      0.11     0  00:30      0.69    0.99    1.00
  129                  CONDUIT      0.23     0  00:10      0.95    2.07    1.00
  130                  CONDUIT      0.00     0  00:00      0.00    0.00    1.00
  132                  CONDUIT      0.30     0  00:11      1.07    2.62    1.00
  135                  CONDUIT      0.17     0  00:06      0.86    1.55    1.00
  137                  CONDUIT      0.10     0  00:23      0.75    0.87    1.00
  139                  CONDUIT      0.14     0  00:05      0.82    1.27    1.00
  141                  CONDUIT      0.19     0  00:27      0.75    1.65    1.00
  143                  CONDUIT      0.44     0  00:24      0.97    3.90    0.99
  145                  CONDUIT      0.00     0  00:00      0.00    0.00    0.99
  148                  CONDUIT      1.06     0  00:00      4.47    9.42    1.00
  150                  CONDUIT      0.30     0  00:23      0.82    2.63    1.00
  152                  CONDUIT      0.20     0  00:22      0.89    1.76    1.00
  154                  CONDUIT      0.53     0  00:23      0.69    4.67    1.00
  156                  CONDUIT      0.37     0  00:12      1.00    3.30    0.99
  160                  CONDUIT      0.00     0  00:00      0.00    0.00    0.99
  161                  CONDUIT      0.87     0  00:24      1.13    7.75    0.96
  163                  CONDUIT      0.20     0  00:06      1.03    1.78    1.00
  165                  CONDUIT      0.17     0  00:10      0.76    1.53    1.00
  167                  CONDUIT      1.04     0  00:01      3.52    9.24    1.00
  
  
  ***************************
  Flow Classification Summary
  ***************************
  
  -------------------------------------------------------------------------------------
                      Adjusted    ---------- Fraction of Time in Flow Class ---------- 
                       /Actual         Up    Down  Sub   Sup   Up    Down  Norm  Inlet 
  Conduit               Length    Dry  Dry   Dry   Crit  Crit  Crit  Crit  Ltd   Ctrl  
  -------------------------------------------------------------------------------------
  7                       1.00   0.00  0.00  0.00  1.00  0.00  0.00  0.00  0.00  0.00
  9                       1.00   0.00  0.00  0.00  1.00  0.00  0.00  0.00  0.00  0.00
  11                      1.00   0.00  0.00  0.00  1.00  0.00  0.00  0.00  0.00  0.00
  13                      1.00   0.00  0.00  0.00  1.00  0.00  0.00  0.00  0.00  0.00
  15                      1.00   0.00  0.00  0.00  1.00  0.00  0.00  0.00  0.00  0.00
  17                      1.00   0.00  0.00  0.00  1.00  0.00  0.00  0.00  0.00  0.00
  19                      1.00   0.00  0.00  0.00  1.00  0.00  0.00  0.00  0.00  0.00
  21                      1.00   0.00  0.00  0.00  1.00  0.00  0.00  0.00  0.00  0.00
  23                      1.00   0.00  0.00  0.00  1.00  0.00  0.00  0.00  0.00  0.00
  25                      1.00   0.00  0.00  0.00  1.00  0.00  0.00  0.00  0.00  0.00
  27                      1.00   0.00  0.00  0.00  1.00  0.00  0.00  0.00  0.00  0.00
  29                      1.00   0.00  0.00  0.00  1.00  0.00  0.00  0.00  0.00  0.00
  31                      1.00   0.00  0.00  0.00  1.00  0.00  0.00  0.00  0.00  0.00
  33                      1.00   0.00  0.00  0.00  1.00  0.00  0.00  0.00  0.00  0.00
  35                      1.00   0.00  0.00  0.00  1.00  0.00  0.00  0.00  0.00  0.00
  37                      1.00   0.00  0.00  0.00  1.00  0.00  0.00  0.00  0.00  0.00
  40                      1.00   0.00  0.00  0.00  1.00  0.00  0.00  0.00  0.00  0.00
  42                      1.00   0.00  0.00  0.00  1.00  0.00  0.00  0.00  0.00  0.00
  45                      1.00   0.00  0.00  0.00  1.00  0.00  0.00  0.00  0.00  0.00
  47                      1.00   0.00  0.00  0.00  1.00  0.00  0.00  0.00  0.00  0.00
  49                      1.00   0.00  0.00  0.00  1.00  0.00  0.00  0.00  0.00  0.00
  51                      1.00   0.00  0.00  0.00  1.00  0.00  0.00  0.00  0.00  0.00
  53                      1.00   0.00  0.00  0.00  1.00  0.00  0.00  0.00  0.00  0.00
  54                      1.00   0.00  0.00  0.00  1.00  0.00  0.00  0.00  0.00  0.00
  57                      1.00   0.00  0.00  0.00  1.00  0.00  0.00  0.00  0.00  0.00
  59                      1.00   0.00  0.00  0.00  1.00  0.00  0.00  0.00  0.00  0.00
  60                      1.00   0.00  0.00  0.00  1.00  0.00  0.00  0.00  0.00  0.00
  62                      1.00   0.00  0.00  0.00  1.00  0.00  0.00  0.00  0.00  0.00
  64                      1.00   0.00  0.00  0.00  1.00  0.00  0.00  0.00  0.00  0.00
  65                      1.00   0.00  0.00  0.00  1.00  0.00  0.00  0.00  0.00  0.00
  68                      1.00   0.00  0.00  0.00  1.00  0.00  0.00  0.00  0.00  0.00
  70                      1.00   0.00  0.00  0.00  1.00  0.00  0.00  0.00  0.00  0.00
  71                      1.00   0.00  0.00  0.00  1.00  0.00  0.00  0.00  0.00  0.00
  73                      1.00   0.00  0.00  0.00  1.00  0.00  0.00  0.00  0.00  0.00
  76                      1.00   0.00  0.00  0.00  1.00  0.00  0.00  0.00  0.00  0.00
  77                      1.00   0.00  0.00  0.00  1.00  0.00  0.00  0.00  0.00  0.00
  79                      1.00   0.00  0.00  0.00  1.00  0.00  0.00  0.00  0.00  0.00
  81                      1.00   0.00  0.00  0.00  1.00  0.00  0.00  0.00  0.00  0.00
  83                      1.00   0.00  0.00  0.00  1.00  0.00  0.00  0.00  0.00  0.00
  85                      1.00   0.00  0.00  0.00  1.00  0.00  0.00  0.00  0.00  0.00
  87                      1.00   0.00  0.00  0.00  1.00  0.00  0.00  0.00  0.00  0.00
  89                      1.00   0.00  0.00  0.00  1.00  0.00  0.00  0.00  0.00  0.00
  92                      1.00   0.00  0.00  0.00  1.00  0.00  0.00  0.00  0.00  0.00
  94                      1.00   0.00  0.00  0.00  1.00  0.00  0.00  0.00  0.00  0.00
  95                      1.00   0.00  0.00  0.00  1.00  0.00  0.00  0.00  0.00  0.00
  97                      1.00   0.00  0.00  0.00  1.00  0.00  0.00  0.00  0.00  0.00
  99                      1.00   0.00  0.00  0.00  1.00  0.00  0.00  0.00  0.00  0.00
  101                     1.00   0.00  0.00  0.00  1.00  0.00  0.00  0.00  0.00  0.00
  103                     1.00   0.00  0.00  0.00  1.00  0.00  0.00  0.00  0.00  0.00
  106                     1.00   0.00  0.00  0.00  1.00  0.00  0.00  0.00  0.00  0.00
  110                     1.00   0.00  0.00  0.00  1.00  0.00  0.00  0.00  0.00  0.00
  112                     1.00   0.00  0.00  0.00  1.00  0.00  0.00  0.00  0.00  0.00
  114                     1.00   0.00  0.00  0.00  1.00  0.00  0.00  0.00  0.00  0.00
  116                     1.00   0.00  0.00  0.00  1.00  0.00  0.00  0.00  0.00  0.00
  118                     1.00   0.00  0.00  0.00  1.00  0.00  0.00  0.00  0.00  0.00
  120                     1.00   0.00  0.00  0.00  1.00  0.00  0.00  0.00  0.00  0.00
  121                     1.00   0.00  0.00  0.00  1.00  0.00  0.00  0.00  0.00  0.00
  123                     1.00   0.00  0.00  0.00  1.00  0.00  0.00  0.00  0.00  0.00
  125                     1.00   0.00  0.00  0.00  1.00  0.00  0.00  0.00  0.00  0.00
  127                     1.00   0.00  0.00  0.00  1.00  0.00  0.00  0.00  0.00  0.00
  129                     1.00   0.00  0.00  0.00  1.00  0.00  0.00  0.00  0.00  0.00
  130                     1.00   0.00  0.00  0.00  1.00  0.00  0.00  0.00  0.00  0.00
  132                     1.00   0.00  0.00  0.00  1.00  0.00  0.00  0.00  0.00  0.00
  135                     1.00   0.00  0.00  0.00  1.00  0.00  0.00  0.00  0.00  0.00
  137                     1.00   0.00  0.00  0.00  1.00  0.00  0.00  0.00  0.00  0.00
  139                     1.00   0.00  0.00  0.00  1.00  0.00  0.00  0.00  0.00  0.00
  141                     1.00   0.00  0.00  0.00  1.00  0.00  0.00  0.00  0.00  0.00
  143                     1.00   0.00  0.00  0.00  1.00  0.00  0.00  0.00  0.00  0.00
  145                     1.00   0.00  0.00  0.00  1.00  0.00  0.00  0.00  0.00  0.00
  148                     1.00   0.00  0.00  0.00  1.00  0.00  0.00  0.00  0.00  0.00
  150                     1.00   0.00  0.00  0.00  1.00  0.00  0.00  0.00  0.00  0.00
  152                     1.00   0.00  0.00  0.00  1.00  0.00  0.00  0.00  0.00  0.00
  154                     1.00   0.00  0.00  0.00  1.00  0.00  0.00  0.00  0.00  0.00
  156                     1.00   0.00  0.00  0.00  1.00  0.00  0.00  0.00  0.00  0.00
  160                     1.00   0.00  0.00  0.00  1.00  0.00  0.00  0.00  0.00  0.00
  161                     1.00   0.00  0.00  0.00  1.00  0.00  0.00  0.00  0.00  0.00
  163                     1.00   0.00  0.00  0.00  1.00  0.00  0.00  0.00  0.00  0.00
  165                     1.00   0.00  0.00  0.00  1.00  0.00  0.00  0.00  0.00  0.00
  167                     1.00   0.00  0.00  0.00  1.00  0.00  0.00  0.00  0.00  0.00
  
  
  *************************
  Conduit Surcharge Summary
  *************************
  
  ----------------------------------------------------------------------------
                                                           Hours        Hours 
                         --------- Hours Full --------   Above Full   Capacity
  Conduit                Both Ends  Upstream  Dnstream   Normal Flow   Limited
  ----------------------------------------------------------------------------
  7                           0.01      0.01      0.03      0.38         0.01
  9                           0.02      0.03      0.05      0.34         0.01
  11                          0.01      0.05      0.02      0.01         0.01
  13                          0.01      0.02      0.08      0.33         0.01
  15                          0.08      0.08      0.12      0.04         0.01
  17                          0.07      0.12      0.07      0.03         0.01
  19                          0.05      0.07      0.06      0.29         0.01
  21                          0.02      0.06      0.03      0.33         0.01
  23                          0.01      0.03      0.01      0.41         0.01
  25                          0.01      0.01      0.02     23.70         0.01
  27                          0.01      0.02      0.01     23.95         0.01
  29                          0.01      0.01      0.01     23.87         0.01
  31                          0.01      0.01      0.01     23.80         0.01
  35                          0.01      0.01      0.01     23.93         0.01
  37                          0.01      0.01      0.01     23.93         0.01
  40                          0.01      0.01      0.02      0.39         0.01
  42                          0.01      0.12      0.01      0.42         0.01
  45                          0.11      0.16      0.11      0.01         0.01
  47                          0.05      0.11      0.05      0.33         0.01
  49                          0.01      0.05      0.01      0.40         0.01
  51                          0.01      0.01      0.03      0.36         0.01
  53                          0.02      0.03      0.05      0.32         0.01
  54                          0.02      0.05      0.03      0.24         0.01
  57                          0.19      0.19      0.24      0.03         0.01
  59                          0.15      0.24      0.15      0.01         0.01
  60                          0.10      0.15      0.11      0.06         0.01
  62                          0.01      0.01      0.03      0.36         0.01
  64                          0.02      0.03      0.05      0.32         0.01
  65                          0.02      0.05      0.03      0.24         0.01
  68                          0.05      0.11      0.06      0.01         0.01
  70                          0.01      0.06      0.03      0.23         0.01
  71                          0.01      0.03      0.01      0.41         0.01
  73                          0.12      0.12      0.19      0.08         0.01
  76                          0.09     23.66      0.09      0.49         0.01
  77                          0.01      0.09      0.01      0.48         0.01
  79                          0.05      0.12      0.05      0.33         0.01
  81                          0.08      0.12      0.08      0.01         0.01
  83                          0.12      0.12      0.12      0.05         0.01
  85                          0.12      0.12      0.16      0.09         0.01
  87                          0.09      0.12      0.11      0.02         0.01
  89                          0.03      0.12      0.03      0.28         0.01
  92                          0.12      0.12      0.16      0.06         0.01
  94                          0.12      0.16      0.12      0.01         0.01
  95                          0.07      0.12      0.07      0.02         0.01
  97                          0.05      0.12      0.05      0.27         0.01
  99                          0.02      0.03      0.03      0.30         0.01
  101                         0.01     23.63      0.01      0.64         0.01
  103                         0.01      0.02      0.03      0.19         0.01
  106                         0.08      0.12      0.08      0.33         0.01
  110                         0.05      0.08      0.06      0.20         0.01
  112                         0.04      0.06      0.05      0.07         0.01
  114                         0.03      0.05      0.03      0.01         0.01
  116                         0.01      0.03      0.01     23.84         0.01
  118                         0.01      0.01      0.01     23.59         0.01
  120                         0.01      0.01      0.01     23.64         0.01
  121                         0.01      0.01      0.01      0.27         0.01
  123                         0.03      0.12      0.03     23.93         0.01
  125                         0.01      0.01      0.02      0.04         0.01
  127                         0.01      0.02      0.01      0.01         0.01
  129                         0.01      0.01      0.01      0.09         0.01
  132                         0.01      0.01      0.01     23.74         0.01
  135                         0.08      0.12      0.08      0.20         0.01
  137                         0.04      0.08      0.04      0.01         0.01
  139                         0.03      0.04      0.03      0.02         0.01
  141                         0.01      0.03      0.01     23.73         0.01
  143                         0.01      0.01      0.01     23.88         0.01
  148                         0.01     23.62      0.01     24.00         0.01
  150                         0.01      0.12      0.01     23.86         0.01
  152                         0.03      0.12      0.03      0.35         0.01
  154                         0.01      0.12      0.01     23.88         0.01
  156                         0.01      0.01      0.01     23.80         0.01
  161                         0.01      0.01      0.01     23.93         0.01
  163                         0.07      0.12      0.07      0.05         0.01
  165                         0.03      0.07      0.03      0.20         0.01
  167                         0.01     23.63      0.01      0.52         0.01
  

  Analysis begun on:  Wed Jul 22 12:07:53 2026
  Analysis ended on:  Wed Jul 22 12:07:54 2026
  Total elapsed time: 00:00:01