
  EPA STORM WATER MANAGEMENT MODEL - VERSION 5.2 (Build 5.2.4)
  ------------------------------------------------------------

  NORTH MERRITT ISLAND SMP EXISTING CONDITIONS - CALLIBRATION 
  WARNING 04: minimum elevation drop used for Conduit shl1.w
  WARNING 04: minimum elevation drop used for Conduit SHL.WDC1
  WARNING 04: minimum elevation drop used for Conduit WDC3.C
  WARNING 04: minimum elevation drop used for Conduit HL-CC.03
  WARNING 04: minimum elevation drop used for Conduit NHL.05
  WARNING 04: minimum elevation drop used for Conduit NHL.03
  WARNING 04: minimum elevation drop used for Conduit NHL.02
  WARNING 04: minimum elevation drop used for Conduit NHL.01
  WARNING 04: minimum elevation drop used for Conduit SHL.02
  WARNING 04: minimum elevation drop used for Conduit SHL.04
  WARNING 04: minimum elevation drop used for Conduit WDC.03
  WARNING 04: minimum elevation drop used for Conduit WDC.02
  WARNING 04: minimum elevation drop used for Conduit WDC.04
  WARNING 04: minimum elevation drop used for Conduit WDC.05
  WARNING 04: minimum elevation drop used for Conduit WDC.06
  WARNING 04: minimum elevation drop used for Conduit WDC.07
  WARNING 04: minimum elevation drop used for Conduit SMITH.02
  WARNING 04: minimum elevation drop used for Conduit SMITH.01
  WARNING 04: minimum elevation drop used for Conduit SR3SM-OUT
  WARNING 04: minimum elevation drop used for Conduit 964.1
  
  ****************
  Analysis Options
  ****************
  Flow Units ............... CFS
  Process Models:
    Rainfall/Runoff ........ NO
    RDII ................... NO
    Snowmelt ............... NO
    Groundwater ............ NO
    Flow Routing ........... YES
    Ponding Allowed ........ NO
    Water Quality .......... NO
  Flow Routing Method ...... DYNWAVE
  Surcharge Method ......... EXTRAN
  Starting Date ............ 01/01/2001 00:00:00
  Ending Date .............. 01/02/2001 00:00:00
  Antecedent Dry Days ...... 0.0
  Report Time Step ......... 00:15:00
  Routing Time Step ........ 5.00 sec
  Variable Time Step ....... YES
  Maximum Trials ........... 75
  Number of Threads ........ 1
  Head Tolerance ........... 1.000000 ft
  
  
  **************************        Volume        Volume
  Flow Routing Continuity        acre-feet      10^6 gal
  **************************     ---------     ---------
  Dry Weather Inflow .......         0.000         0.000
  Wet Weather Inflow .......         0.000         0.000
  Groundwater Inflow .......         0.000         0.000
  RDII Inflow ..............         0.000         0.000
  External Inflow ..........        37.684        12.280
  External Outflow .........        39.316        12.812
  Flooding Loss ............         3.001         0.978
  Evaporation Loss .........         0.000         0.000
  Exfiltration Loss ........         0.000         0.000
  Initial Stored Volume ....        16.934         5.518
  Final Stored Volume ......        18.776         6.119
  Continuity Error (%) .....       -11.855
  
  
  *************************
  Highest Continuity Errors
  *************************
  Node 393 (71.38%)
  Node SHL.J8 (24.61%)
  Node GRANT (-18.84%)
  Node SHL.J6 (-15.85%)
  Node SMITH (-13.02%)
  
  
  ***************************
  Time-Step Critical Elements
  ***************************
  Link HL-CC.03 (98.86%)
  
  
  ********************************
  Highest Flow Instability Indexes
  ********************************
  Link SEAGT.CE (71)
  Link SEAGTW.CE (68)
  Link SEAGATE.W (56)
  Link SEAGATEW.W (54)
  Link SR3-2.OUT2 (21)
  
  
  *********************************
  Most Frequent Nonconverging Nodes
  *********************************
  Convergence obtained at all time steps.
  
  
  *************************
  Routing Time Step Summary
  *************************
  Minimum Time Step           :     1.82 sec
  Average Time Step           :     4.25 sec
  Maximum Time Step           :     5.00 sec
  % of Time in Steady State   :     0.00
  Average Iterations per Step :     4.00
  % of Steps Not Converging   :     0.00
  Time Step Frequencies       :
      5.000 -  3.155 sec      :    97.63 %
      3.155 -  1.991 sec      :     2.26 %
      1.991 -  1.256 sec      :     0.11 %
      1.256 -  0.792 sec      :     0.00 %
      0.792 -  0.500 sec      :     0.00 %
  
  
  ******************
  Node Depth Summary
  ******************
  
  ---------------------------------------------------------------------------------
                                 Average  Maximum  Maximum  Time of Max    Reported
                                   Depth    Depth      HGL   Occurrence   Max Depth
  Node                 Type         Feet     Feet     Feet  days hr:min        Feet
  ---------------------------------------------------------------------------------
  SEAGTW.CW            JUNCTION     7.45     7.88    12.61     0  00:14        7.80
  SEAFT.CW             JUNCTION     8.27     8.30    11.08     0  00:15        8.30
  BargeCnl.w           OUTFALL      0.49     1.00    11.00     0  00:01        0.78
  NHL.J9               STORAGE      3.71     3.93    13.93     0  00:59        3.93
  SK2-3                STORAGE      4.90     5.07    15.07     0  10:17        5.07
  NHL-1                STORAGE      3.71     4.55    14.55     0  00:00        3.91
  SHL.J8               STORAGE      4.85     5.89    15.89     0  20:51        5.89
  SHL.J6               STORAGE      3.93     4.60    14.60     0  00:00        4.14
  SHL.J11              STORAGE      4.87     5.89    15.89     0  20:42        5.89
  SHL-1                STORAGE      4.87     5.89    15.89     0  20:42        5.89
  SHL-2                STORAGE      4.85     5.89    15.89     0  20:51        5.89
  SHL-3                STORAGE      4.85     5.89    15.89     0  20:51        5.89
  IS                   STORAGE      3.86     3.99    13.99     0  01:07        3.99
  SHL-4                STORAGE      3.92     4.82    14.82     0  00:00        4.15
  BEL                  STORAGE      3.65     4.35    14.35     0  00:01        4.01
  WDC-4                STORAGE      2.39     2.44    12.44     0  12:43        2.44
  GRANT                STORAGE      1.88     3.61    13.61     0  00:12        3.55
  393                  STORAGE      0.97     1.00    11.00     0  23:25        1.00
  SEAGATE              STORAGE      7.90     9.10    19.10     0  23:55        9.10
  SEAGATE_2            STORAGE      0.00     0.00    10.00     0  00:00        0.00
  SHL.J2               STORAGE      2.78     4.60    14.60     0  00:00        3.98
  WDC-J2               STORAGE      2.77     4.60    14.60     0  00:00        4.01
  SR3-2                STORAGE      4.21     4.36   103.36     0  05:14        4.36
  GROVES               STORAGE      3.48     4.08    14.08     0  00:08        4.01
  WDC-10               STORAGE      2.62     4.57    14.57     0  00:00        3.94
  WDC-1                STORAGE      1.37     4.00    14.00     0  00:00        2.44
  WDC-2                STORAGE      1.86     4.00    14.00     0  00:00        3.35
  WDC-3                STORAGE      1.89     3.65    13.65     0  00:05        3.38
  SR3-1                STORAGE      5.44     6.08    16.08     0  10:56        6.08
  WDC-5                STORAGE      2.33     4.00    14.00     0  00:03        3.83
  SMITH                STORAGE      1.87     3.61    13.61     0  00:05        3.38
  WDC-6                STORAGE      2.33     4.09    14.09     0  00:00        3.83
  WDC-9                STORAGE      2.58     4.25    14.25     0  00:00        3.94
  WDC-11               STORAGE      2.65     4.50    14.50     0  00:00        4.01
  NHL.J5               STORAGE      3.69     3.91    13.91     0  01:05        3.91
  sr3-1.j              STORAGE      4.50     6.07    16.07     0  10:57        6.07
  SR3-2.j              STORAGE      2.66     4.06    14.06     0  00:11        4.01
  NHL.J2               STORAGE      2.78     4.25    14.25     0  00:03        3.98
  NHL.J10              STORAGE      3.71     4.80    14.80     0  00:00        3.91
  NHL.J4               STORAGE      3.69     3.91    13.91     0  01:05        3.90
  NHL.J3               STORAGE      2.80     3.92    13.92     0  00:25        3.92
  SHL.J4               STORAGE      3.92     4.50    14.50     0  00:00        4.14
  SHL.J3               STORAGE      2.78     4.60    14.60     0  00:00        4.03
  SHL.J7               STORAGE      3.86     5.34    15.34     0  21:14        5.34
  SEAGATE.J            STORAGE      5.70     9.10    19.10     0  23:55        9.10
  SEAGATEW.J           STORAGE      1.67     8.64    18.64     1  00:00        8.64
  SR3-SM               STORAGE      1.91     3.41    13.41     0  00:22        3.33
  SR3-HL               STORAGE      3.92     4.20    14.20     0  00:12        4.15
  
  
  *******************
  Node Inflow Summary
  *******************
  
  -------------------------------------------------------------------------------------------------
                                  Maximum  Maximum                  Lateral       Total        Flow
                                  Lateral    Total  Time of Max      Inflow      Inflow     Balance
                                   Inflow   Inflow   Occurrence      Volume      Volume       Error
  Node                 Type           CFS      CFS  days hr:min    10^6 gal    10^6 gal     Percent
  -------------------------------------------------------------------------------------------------
  SEAGTW.CW            JUNCTION      1.00     1.00     0  00:00       0.646       0.646      -6.127
  SEAFT.CW             JUNCTION      1.00    27.98     0  00:52       0.646       0.991       0.508
  BargeCnl.w           OUTFALL       0.00    63.11     0  00:01           0        12.8       0.000
  NHL.J9               STORAGE       0.00    29.58     0  00:02           0        1.74       1.700
  SK2-3                STORAGE       1.00     1.00     0  00:00       0.646        0.65      -0.000
  NHL-1                STORAGE       0.00   112.16     0  00:00           0       0.661       0.347
  SHL.J8               STORAGE       0.00    48.55     0  00:01           0        1.75      32.638
  SHL.J6               STORAGE       0.00     3.40     0  00:14           0       0.802     -13.678
  SHL.J11              STORAGE       0.00   205.56     0  00:00           0        1.06      18.642
  SHL-1                STORAGE       1.00   208.81     0  00:00       0.646       0.831       3.305
  SHL-2                STORAGE       1.00    17.71     0  00:02       0.646       0.671       7.242
  SHL-3                STORAGE       1.00    49.48     0  00:00       0.646       0.678       7.929
  IS                   STORAGE       1.00     1.41     0  00:52       0.646       0.651      -0.000
  SHL-4                STORAGE       1.00   378.79     0  00:00       0.646       0.747       0.085
  BEL                  STORAGE       1.00    78.00     0  00:00       0.646       0.683      -0.298
  WDC-4                STORAGE       1.00     1.00     0  00:00       0.646       0.646       1.074
  GRANT                STORAGE       0.00    41.96     0  00:05           0        1.02     -15.850
  393                  STORAGE       0.00    22.77     0  00:52           0        1.32     249.441
  SEAGATE              STORAGE       1.00     1.00     0  12:38       0.646       0.646       0.136
  SEAGATE_2            STORAGE       0.00     0.00     0  00:00           0           0       0.000 gal
  SHL.J2               STORAGE       0.00   100.33     0  00:01           0        4.53      -1.531
  WDC-J2               STORAGE       0.00    29.83     0  00:05           0        5.74      -5.272
  SR3-2                STORAGE       1.00     1.00     0  00:00       0.646       0.646      -0.000
  GROVES               STORAGE       1.00    15.81     0  00:00       0.646       0.673      -0.006
  WDC-10               STORAGE       1.00   412.81     0  00:00       0.646       0.752      -1.535
  WDC-1                STORAGE       0.00    31.35     0  00:36           0        12.4      -3.299
  WDC-2                STORAGE       0.00    30.45     0  00:19           0        11.8      -5.991
  WDC-3                STORAGE       1.00    16.53     0  00:00       0.646       0.688      -4.652
  SR3-1                STORAGE       1.00     1.00     0  00:00       0.646       0.646      -0.000
  WDC-5                STORAGE       1.00    48.63     0  00:00       0.646       0.707       0.611
  SMITH                STORAGE       0.00    56.71     0  00:03           0        2.07     -11.519
  WDC-6                STORAGE       0.00    16.49     0  04:09           0        9.02      -7.101
  WDC-9                STORAGE       0.00   244.39     0  00:00           0        7.64      -5.124
  WDC-11               STORAGE       0.00    25.22     0  00:05           0         6.6      -5.776
  NHL.J5               STORAGE       0.00    12.57     0  00:09           0        2.39       0.859
  sr3-1.j              STORAGE       0.00     1.00     0  10:54           0       0.601      -0.000
  SR3-2.j              STORAGE       0.00   110.38     0  00:00           0       0.746       1.619
  NHL.J2               STORAGE       0.00   151.08     0  00:00           0        2.81      -5.996
  NHL.J10              STORAGE       0.00    40.42     0  00:01           0       0.841      -4.986
  NHL.J4               STORAGE       0.00     7.63     0  00:11           0        2.42       0.094
  NHL.J3               STORAGE       0.00    17.10     0  00:05           0        2.48      -6.107
  SHL.J4               STORAGE       0.00   246.36     0  00:00           0        1.59      -5.732
  SHL.J3               STORAGE       0.00    16.57     0  00:02           0        1.61      -2.919
  SHL.J7               STORAGE       0.00     3.00     0  20:51           0        1.01      -0.000
  SEAGATE.J            STORAGE       0.00     1.61     0  12:38           0       0.296      -0.293
  SEAGATEW.J           STORAGE       0.00     1.00     0  23:55           0       0.282      -0.002
  SR3-SM               STORAGE       1.00    12.23     0  00:10       0.646       0.744      -3.174
  SR3-HL               STORAGE       1.00    23.56     0  00:02       0.646       0.742       8.918
  
  
  **********************
  Node Surcharge Summary
  **********************
  
  Surcharging occurs when water rises above the top of the highest conduit.
  ---------------------------------------------------------------------
                                               Max. Height   Min. Depth
                                   Hours       Above Crown    Below Rim
  Node                 Type      Surcharged           Feet         Feet
  ---------------------------------------------------------------------
  SEAFT.CW             JUNCTION       23.70          0.000        0.000
  
  
  *********************
  Node Flooding Summary
  *********************
  
  Flooding refers to all water that overflows a node, whether it ponds or not.
  --------------------------------------------------------------------------
                                                             Total   Maximum
                                 Maximum   Time of Max       Flood    Ponded
                        Hours       Rate    Occurrence      Volume     Depth
  Node                 Flooded       CFS   days hr:min    10^6 gal      Feet
  --------------------------------------------------------------------------
  SEAFT.CW               23.70     12.99      1  00:00       0.978     0.000
  
  
  **********************
  Storage Volume Summary
  **********************
  
  ------------------------------------------------------------------------------------------------
                         Average    Avg   Evap  Exfil     Maximum    Max    Time of Max    Maximum
                          Volume   Pcnt   Pcnt   Pcnt      Volume   Pcnt     Occurrence    Outflow
  Storage Unit          1000 ft³   Full   Loss   Loss    1000 ft³   Full    days hr:min        CFS
  ------------------------------------------------------------------------------------------------
  NHL.J9                  16.146   37.1    0.0    0.0      17.133   39.3       0  00:59      16.25
  SK2-3                    4.905   49.0    0.0    0.0       5.069   50.7       0  10:17       1.00
  NHL-1                    3.707   37.1    0.0    0.0       4.553   45.5       0  00:00      40.42
  SHL.J8                  21.135   48.5    0.0    0.0      25.672   58.9       0  20:51      57.14
  SHL.J6                  17.105   39.3    0.0    0.0      20.038   46.0       0  00:00      26.77
  SHL.J11                 21.208   48.7    0.0    0.0      25.676   58.9       0  20:42     220.96
  SHL-1                    4.869   48.7    0.0    0.0       5.894   58.9       0  20:42     205.56
  SHL-2                    4.850   48.5    0.0    0.0       5.893   58.9       0  20:51       1.80
  SHL-3                    4.852   48.5    0.0    0.0       5.893   58.9       0  20:51      16.00
  IS                       3.857   38.6    0.0    0.0       3.994   39.9       0  01:07       1.01
  SHL-4                    3.923   39.2    0.0    0.0       4.817   48.2       0  00:00     223.20
  BEL                      3.651   36.5    0.0    0.0       4.351   43.5       0  00:01      25.26
  WDC-4                    2.389   23.9    0.0    0.0       2.443   24.4       0  12:43       1.00
  GRANT                    8.170   18.8    0.0    0.0      15.708   36.1       0  00:12      18.57
  393                      4.214    9.7    0.0    0.0       4.339   10.0       0  23:25      26.98
  SEAGATE                  7.902   79.0    0.0    0.0       9.103   91.0       0  23:55       1.61
  SEAGATE_2                0.000    0.0    0.0    0.0       0.000    0.0       0  00:00       0.00
  SHL.J2                  12.106   27.8    0.0    0.0      20.037   46.0       0  00:00     151.08
  WDC-J2                  12.088   27.7    0.0    0.0      20.036   46.0       0  00:00     109.32
  SR3-2                    4.214   42.1    0.0    0.0       4.362   43.6       0  05:14       1.00
  GROVES                   3.482   34.8    0.0    0.0       4.075   40.8       0  00:08       1.56
  WDC-10                   2.619   26.2    0.0    0.0       4.572   45.7       0  00:00     239.89
  WDC-1                    1.372   13.7    0.0    0.0       4.000   40.0       0  00:00      63.11
  WDC-2                    1.863   18.6    0.0    0.0       4.000   40.0       0  00:00      62.16
  WDC-3                    1.892   18.9    0.0    0.0       3.649   36.5       0  00:05       4.30
  SR3-1                    5.441   54.4    0.0    0.0       6.078   60.8       0  10:56       1.00
  WDC-5                    2.333   23.3    0.0    0.0       3.998   40.0       0  00:03       8.67
  SMITH                    8.157   18.7    0.0    0.0      15.725   36.1       0  00:05      42.66
  WDC-6                    2.333   23.3    0.0    0.0       4.090   40.9       0  00:00      48.03
  WDC-9                    2.585   25.8    0.0    0.0       4.249   42.5       0  00:00     411.99
  WDC-11                   2.650   26.5    0.0    0.0       4.499   45.0       0  00:00     111.06
  NHL.J5                  16.084   36.9    0.0    0.0      17.045   39.1       0  01:05       7.43
  sr3-1.j                 19.607   45.0    0.0    0.0      26.436   60.7       0  10:57       1.00
  SR3-2.j                 11.606   26.6    0.0    0.0      17.695   40.6       0  00:11       2.49
  NHL.J2                  12.107   27.8    0.0    0.0      18.525   42.5       0  00:03      55.41
  NHL.J10                 16.157   37.1    0.0    0.0      20.906   48.0       0  00:00     118.74
  NHL.J4                  16.070   36.9    0.0    0.0      17.037   39.1       0  01:05       6.68
  NHL.J3                  12.185   28.0    0.0    0.0      17.094   39.2       0  00:25       7.63
  SHL.J4                  17.090   39.2    0.0    0.0      19.600   45.0       0  00:00     377.79
  SHL.J3                  12.118   27.8    0.0    0.0      20.034   46.0       0  00:00      33.13
  SHL.J7                  16.825   38.6    0.0    0.0      23.276   53.4       0  21:14       3.00
  SEAGATE.J               24.818   57.0    0.0    0.0      39.655   91.0       0  23:55       0.00
  SEAGATEW.J               7.281   16.7    0.0    0.0      37.642   86.4       1  00:00       0.00
  SR3-SM                   1.915   19.1    0.0    0.0       3.406   34.1       0  00:22       2.97
  SR3-HL                   3.916   39.2    0.0    0.0       4.199   42.0       0  00:12       3.40
  
  
  ***********************
  Outfall Loading Summary
  ***********************
  
  -----------------------------------------------------------
                         Flow       Avg       Max       Total
                         Freq      Flow      Flow      Volume
  Outfall Node           Pcnt       CFS       CFS    10^6 gal
  -----------------------------------------------------------
  BargeCnl.w           100.00     20.57     63.11      12.811
  -----------------------------------------------------------
  System               100.00     20.57     63.11      12.811
  
  
  ********************
  Link Flow Summary
  ********************
  
  -----------------------------------------------------------------------------
                                 Maximum  Time of Max   Maximum    Max/    Max/
                                  |Flow|   Occurrence   |Veloc|    Full    Full
  Link                 Type          CFS  days hr:min    ft/sec    Flow   Depth
  -----------------------------------------------------------------------------
  shl1.w               CONDUIT    207.81     0  00:00      0.98    0.17    0.59
  shl2.out             CONDUIT     16.71     0  00:02      0.38    0.01    0.95
  shl3.w               CONDUIT     48.48     0  00:00      1.06    0.04    1.00
  SHL.WDC1             CONDUIT     59.04     0  00:01      4.92   18.89    1.00
  shl4.out             CONDUIT    377.79     0  00:00      2.56    0.16    0.66
  belvit.W             CONDUIT     77.00     0  00:00      1.52    0.07    0.21
  WDC3.C               CONDUIT     15.53     0  00:00      0.56    4.27    0.52
  HL-CC.03             CONDUIT    151.08     0  00:00      9.02   11.97    0.84
  NHL.05               CONDUIT     29.58     0  00:02      2.46   20.87    1.00
  nhl1.w               CONDUIT    112.16     0  00:00      3.59    0.64    0.61
  NHL.03               CONDUIT      7.18     0  00:09      0.60   10.52    1.00
  NHL.02               CONDUIT      6.68     0  00:29      0.56    3.58    1.00
  NHL.01               CONDUIT     17.10     0  00:05      1.42   21.23    1.00
  SHL.02               CONDUIT     33.13     0  00:01      2.76   16.64    1.00
  SHL.04               CONDUIT      4.88     0  00:05      0.41    6.87    1.00
  SHL.07               CONDUIT     45.19     0  00:02      3.77    3.20    1.00
  WDC.03               CONDUIT     15.79     0  00:05      1.32   11.74    1.00
  WDC.02               CONDUIT     11.17     0  04:00      0.93   13.53    1.00
  WDC.04               CONDUIT     15.38     0  04:10      1.28   19.48    1.00
  WDC.05               CONDUIT     18.22     0  03:30      1.52   25.85    1.00
  WDC.06               CONDUIT     31.35     0  00:36      2.61   34.35    1.00
  WDC.07               CONDUIT     63.11     0  00:01      5.26   52.39    1.00
  WDC4.W               CONDUIT      1.00     0  12:56      0.38    0.01    0.05
  SMITH.02             CONDUIT     41.96     0  00:05      1.45    4.47    0.50
  SMITH.01             CONDUIT     56.71     0  00:03      1.77    4.32    0.54
  WDC10.W              CONDUIT    411.81     0  00:00      2.84    0.19    0.66
  SR3SM-OUT            CONDUIT     11.23     0  00:10      0.50   26.25    1.00
  964.1                CONDUIT     22.56     0  00:02      1.11   38.52    1.00
  wdc5.out             CONDUIT     47.63     0  00:00      1.30    1.80    0.78
  porcher.c            WEIR         1.00     0  10:17                      0.07
  GRNT&SR3.C           WEIR         0.00     0  00:00                      0.00
  IS_LKS.E             WEIR         1.01     0  01:16                      0.19
  groves.out           WEIR        14.81     0  00:00                      1.00
  sr3-1.w              WEIR         1.00     0  10:54                      1.00
  sr3-1.c              WEIR         1.00     0  10:57                      0.07
  SR3-2.w              WEIR         1.00     0  05:14                      0.36
  NHL.C01              WEIR         7.63     0  00:11                      0.42
  SHL.C01              WEIR        25.64     0  00:00                      0.80
  shl.c02A             WEIR         0.00     0  00:00                      0.00
  shl.c02B             WEIR         3.00     0  20:51                      0.14
  HL-CC.04             WEIR         3.00     0  21:14                      0.14
  SEAGATE.W            WEIR         1.61     0  12:38                      1.00
  SEAGATEW.W           WEIR         1.00     0  23:55                      0.14
  SEAGTW.CE            WEIR         6.72     0  00:58                      0.39
  SEAGT.CE             WEIR        26.98     0  00:52                      1.00
  SR3-2.OUT2           WEIR       110.38     0  00:00                      1.00
  
  
  ***************************
  Flow Classification Summary
  ***************************
  
  -------------------------------------------------------------------------------------
                      Adjusted    ---------- Fraction of Time in Flow Class ---------- 
                       /Actual         Up    Down  Sub   Sup   Up    Down  Norm  Inlet 
  Conduit               Length    Dry  Dry   Dry   Crit  Crit  Crit  Crit  Ltd   Ctrl  
  -------------------------------------------------------------------------------------
  shl1.w                  1.00   0.00  0.00  0.00  1.00  0.00  0.00  0.00  0.00  0.00
  shl2.out                1.00   0.00  0.00  0.00  1.00  0.00  0.00  0.00  0.00  0.00
  shl3.w                  1.00   0.00  0.00  0.00  1.00  0.00  0.00  0.00  0.00  0.00
  SHL.WDC1                1.00   0.00  0.00  0.00  1.00  0.00  0.00  0.00  0.00  0.00
  shl4.out                1.00   0.00  0.00  0.00  1.00  0.00  0.00  0.00  0.00  0.00
  belvit.W                1.00   0.00  0.00  0.00  0.29  0.00  0.00  0.70  0.12  0.00
  WDC3.C                  1.00   0.00  0.00  0.00  1.00  0.00  0.00  0.00  0.00  0.00
  HL-CC.03                1.00   0.00  0.00  0.00  1.00  0.00  0.00  0.00  0.00  0.00
  NHL.05                  1.00   0.00  0.00  0.00  1.00  0.00  0.00  0.00  0.00  0.00
  nhl1.w                  1.00   0.00  0.00  0.00  1.00  0.00  0.00  0.00  0.00  0.00
  NHL.03                  1.00   0.00  0.00  0.00  1.00  0.00  0.00  0.00  0.00  0.00
  NHL.02                  1.00   0.00  0.00  0.00  1.00  0.00  0.00  0.00  0.00  0.00
  NHL.01                  1.00   0.00  0.00  0.00  1.00  0.00  0.00  0.00  0.00  0.00
  SHL.02                  1.00   0.00  0.00  0.00  1.00  0.00  0.00  0.00  0.00  0.00
  SHL.04                  1.00   0.00  0.00  0.00  1.00  0.00  0.00  0.00  0.00  0.00
  SHL.07                  1.00   0.00  0.00  0.00  1.00  0.00  0.00  0.00  0.00  0.00
  WDC.03                  1.00   0.00  0.00  0.00  1.00  0.00  0.00  0.00  0.00  0.00
  WDC.02                  1.00   0.00  0.00  0.00  1.00  0.00  0.00  0.00  0.00  0.00
  WDC.04                  1.00   0.00  0.00  0.00  1.00  0.00  0.00  0.00  0.00  0.00
  WDC.05                  1.00   0.00  0.00  0.00  1.00  0.00  0.00  0.00  0.00  0.00
  WDC.06                  1.00   0.00  0.00  0.00  1.00  0.00  0.00  0.00  0.00  0.00
  WDC.07                  1.00   0.00  0.00  0.00  1.00  0.00  0.00  0.00  0.00  0.00
  WDC4.W                  1.00   0.02  0.00  0.00  0.00  0.00  0.00  0.98  0.00  0.00
  SMITH.02                1.00   0.00  0.00  0.00  1.00  0.00  0.00  0.00  0.00  0.00
  SMITH.01                1.00   0.00  0.00  0.00  1.00  0.00  0.00  0.00  0.00  0.00
  WDC10.W                 1.00   0.00  0.00  0.00  1.00  0.00  0.00  0.00  0.41  0.00
  SR3SM-OUT               1.00   0.00  0.00  0.00  1.00  0.00  0.00  0.00  0.00  0.00
  964.1                   1.00   0.00  0.00  0.00  1.00  0.00  0.00  0.00  0.00  0.00
  wdc5.out                1.00   0.00  0.00  0.00  1.00  0.00  0.00  0.00  0.00  0.00
  
  
  *************************
  Conduit Surcharge Summary
  *************************
  
  ----------------------------------------------------------------------------
                                                           Hours        Hours 
                         --------- Hours Full --------   Above Full   Capacity
  Conduit                Both Ends  Upstream  Dnstream   Normal Flow   Limited
  ----------------------------------------------------------------------------
  shl2.out                    0.01      0.01     14.75      0.01         0.01
  shl3.w                     11.62     11.62     14.75      0.01         0.01
  SHL.WDC1                   24.00     24.00     24.00     23.46        23.50
  WDC3.C                      0.01      0.01      0.01      0.12         0.01
  HL-CC.03                    0.01      0.01      0.01      0.16         0.01
  NHL.05                     24.00     24.00     24.00      1.72         3.37
  NHL.03                     24.00     24.00     24.00     23.70        23.37
  NHL.02                     24.00     24.00     24.00     23.68        23.28
  NHL.01                     24.00     24.00     24.00     23.93        23.15
  SHL.02                     24.00     24.00     24.00     23.99         0.23
  SHL.04                     24.00     24.00     24.00     23.99         0.13
  SHL.07                     24.00     24.00     24.00      0.22         0.01
  WDC.03                     24.00     24.00     24.00     23.98        23.80
  WDC.02                     24.00     24.00     24.00     23.99        23.92
  WDC.04                     24.00     24.00     24.00     23.97        23.91
  WDC.05                     24.00     24.00     24.00     23.97        24.00
  WDC.06                     24.00     24.00     24.00     23.97        24.00
  WDC.07                      0.01     24.00      0.01     24.00         0.01
  SMITH.02                    0.01      0.01      0.01      0.24         0.01
  SMITH.01                    0.01      0.01      0.01      0.19         0.01
  SR3SM-OUT                   0.88      0.94      1.08     23.99         0.76
  964.1                      23.94     23.94     24.00     23.96        23.76
  wdc5.out                    0.01      0.01      0.01      0.04         0.01
  

  Analysis begun on:  Wed Jul 22 12:54:29 2026
  Analysis ended on:  Wed Jul 22 12:54:30 2026
  Total elapsed time: 00:00:01