
  EPA STORM WATER MANAGEMENT MODEL - VERSION 5.2 (Build 5.2.4)
  ------------------------------------------------------------

  Converted from XPSWMM .xp file 
  WARNING 04: minimum elevation drop used for Conduit supernever
  WARNING 04: minimum elevation drop used for Conduit supalways
  WARNING 04: minimum elevation drop used for Conduit super
  WARNING 04: minimum elevation drop used for Conduit 36
  WARNING 04: minimum elevation drop used for Conduit 37
  
  ****************
  Analysis Options
  ****************
  Flow Units ............... CFS
  Process Models:
    Rainfall/Runoff ........ NO
    RDII ................... NO
    Snowmelt ............... NO
    Groundwater ............ NO
    Flow Routing ........... YES
    Ponding Allowed ........ NO
    Water Quality .......... NO
  Flow Routing Method ...... DYNWAVE
  Surcharge Method ......... EXTRAN
  Starting Date ............ 01/01/2001 00:00:00
  Ending Date .............. 01/02/2001 00:00:00
  Antecedent Dry Days ...... 0.0
  Report Time Step ......... 00:15:00
  Routing Time Step ........ 60.00 sec
  Variable Time Step ....... YES
  Maximum Trials ........... 50
  Number of Threads ........ 1
  Head Tolerance ........... 0.000010 ft
  
  
  **************************        Volume        Volume
  Flow Routing Continuity        acre-feet      10^6 gal
  **************************     ---------     ---------
  Dry Weather Inflow .......         0.000         0.000
  Wet Weather Inflow .......         0.000         0.000
  Groundwater Inflow .......         0.000         0.000
  RDII Inflow ..............         0.000         0.000
  External Inflow ..........         1.983         0.646
  External Outflow .........         0.000         0.000
  Flooding Loss ............        92.743        30.222
  Evaporation Loss .........         0.000         0.000
  Exfiltration Loss ........         0.000         0.000
  Initial Stored Volume ....         0.000         0.000
  Final Stored Volume ......         6.890         2.245
  Continuity Error (%) .....     -4923.386
  
  
  *************************
  Highest Continuity Errors
  *************************
  Node flowing (-379.25%)
  Node inflow (-132.71%)
  Node maddle (26.21%)
  Node muddle (25.91%)
  Node middle (23.35%)
  
  
  ***************************
  Time-Step Critical Elements
  ***************************
  Node flowing (16.87%)
  Node flowin (16.27%)
  Link 36 (15.15%)
  Link 37 (11.07%)
  Node inflow (8.90%)
  
  
  ********************************
  Highest Flow Instability Indexes
  ********************************
  Link 37 (58)
  Link 36 (56)
  Link super (11)
  Link supalways (11)
  Link supernever (6)
  
  
  *********************************
  Most Frequent Nonconverging Nodes
  *********************************
  Node outlet (43.38%)
  Node inflow (41.96%)
  Node flowin (41.88%)
  Node flowing (41.36%)
  Node middle (1.38%)
  
  
  *************************
  Routing Time Step Summary
  *************************
  Minimum Time Step           :     0.64 sec
  Average Time Step           :    32.31 sec
  Maximum Time Step           :    60.00 sec
  % of Time in Steady State   :     0.00
  Average Iterations per Step :    32.92
  % of Steps Not Converging   :    43.38
  Time Step Frequencies       :
     60.000 - 23.031 sec      :    60.46 %
     23.031 -  8.841 sec      :     8.31 %
      8.841 -  3.393 sec      :    17.32 %
      3.393 -  1.303 sec      :    11.37 %
      1.303 -  0.500 sec      :     2.54 %
  
  
  ******************
  Node Depth Summary
  ******************
  
  ---------------------------------------------------------------------------------
                                 Average  Maximum  Maximum  Time of Max    Reported
                                   Depth    Depth      HGL   Occurrence   Max Depth
  Node                 Type         Feet     Feet     Feet  days hr:min        Feet
  ---------------------------------------------------------------------------------
  inflow               JUNCTION    25.39   104.00   224.00     0  02:03      104.00
  flowin               JUNCTION    25.97   104.00   224.00     0  02:55      104.00
  flowing              JUNCTION    26.52   104.00   224.00     0  00:53      104.00
  outlet               OUTFALL      0.00     0.00   120.00     0  00:00        0.00
  middle               STORAGE      9.36    10.00   125.00     0  03:15       10.00
  maddle               STORAGE      9.66    10.00   125.00     0  01:38       10.00
  last                 STORAGE      0.00     0.00   120.00     0  00:00        0.00
  muddle               STORAGE      9.63    10.00   125.00     0  01:38       10.00
  theend               STORAGE      0.00     0.00   120.00     0  00:00        0.00
  
  
  *******************
  Node Inflow Summary
  *******************
  
  -------------------------------------------------------------------------------------------------
                                  Maximum  Maximum                  Lateral       Total        Flow
                                  Lateral    Total  Time of Max      Inflow      Inflow     Balance
                                   Inflow   Inflow   Occurrence      Volume      Volume       Error
  Node                 Type           CFS      CFS  days hr:min    10^6 gal    10^6 gal     Percent
  -------------------------------------------------------------------------------------------------
  inflow               JUNCTION      0.00   440.04     0  18:44           0        7.01     -57.028
  flowin               JUNCTION      1.00   354.14     0  10:49       0.646        4.18     -79.801
  flowing              JUNCTION      0.00   350.65     0  11:07           0        4.26     -79.134
  outlet               OUTFALL       0.00     0.00     0  00:00           0           0       0.000 gal
  middle               STORAGE       0.00   242.78     0  00:08           0        7.58      30.456
  maddle               STORAGE       0.00   242.78     0  00:14           0        16.3      35.514
  last                 STORAGE       0.00     0.00     0  00:00           0           0       0.000 gal
  muddle               STORAGE       0.00   256.35     0  15:57           0        15.8      34.980
  theend               STORAGE       0.00     0.00     0  00:00           0           0       0.000 gal
  
  
  **********************
  Node Surcharge Summary
  **********************
  
  Surcharging occurs when water rises above the top of the highest conduit.
  ---------------------------------------------------------------------
                                               Max. Height   Min. Depth
                                   Hours       Above Crown    Below Rim
  Node                 Type      Surcharged           Feet         Feet
  ---------------------------------------------------------------------
  inflow               JUNCTION        0.43          0.000        0.000
  flowin               JUNCTION        0.59          0.000        0.000
  flowing              JUNCTION        0.65          0.000        0.000
  
  
  *********************
  Node Flooding Summary
  *********************
  
  Flooding refers to all water that overflows a node, whether it ponds or not.
  --------------------------------------------------------------------------
                                                             Total   Maximum
                                 Maximum   Time of Max       Flood    Ponded
                        Hours       Rate    Occurrence      Volume     Depth
  Node                 Flooded       CFS   days hr:min    10^6 gal      Feet
  --------------------------------------------------------------------------
  inflow                  0.43    213.61      0  18:44       1.036     0.000
  flowin                  0.59    176.67      0  10:49       1.078     0.000
  flowing                 0.65    175.64      0  11:07       1.285     0.000
  middle                  2.36    236.96      0  18:45       6.883     0.000
  maddle                  4.91    236.53      0  10:50      15.401     0.000
  muddle                  4.92    231.14      0  08:54      14.963     0.000
  
  
  **********************
  Storage Volume Summary
  **********************
  
  ------------------------------------------------------------------------------------------------
                         Average    Avg   Evap  Exfil     Maximum    Max    Time of Max    Maximum
                          Volume   Pcnt   Pcnt   Pcnt      Volume   Pcnt     Occurrence    Outflow
  Storage Unit          1000 ft³   Full   Loss   Loss    1000 ft³   Full    days hr:min        CFS
  ------------------------------------------------------------------------------------------------
  middle                  93.595   93.6    0.0    0.0     100.000  100.0       0  03:15       0.00
  maddle                  96.602   96.6    0.0    0.0     100.000  100.0       0  01:38       0.00
  last                     0.000    0.0    0.0    0.0       0.000    0.0       0  00:00       0.00
  muddle                  96.253   96.3    0.0    0.0     100.000  100.0       0  01:38       0.00
  theend                   0.000    0.0    0.0    0.0       0.000    0.0       0  00:00       0.00
  
  
  ***********************
  Outfall Loading Summary
  ***********************
  
  -----------------------------------------------------------
                         Flow       Avg       Max       Total
                         Freq      Flow      Flow      Volume
  Outfall Node           Pcnt       CFS       CFS    10^6 gal
  -----------------------------------------------------------
  outlet                 0.00      0.00      0.00       0.000
  -----------------------------------------------------------
  System                 0.00      0.00      0.00       0.000
  
  
  ********************
  Link Flow Summary
  ********************
  
  -----------------------------------------------------------------------------
                                 Maximum  Time of Max   Maximum    Max/    Max/
                                  |Flow|   Occurrence   |Veloc|    Full    Full
  Link                 Type          CFS  days hr:min    ft/sec    Flow   Depth
  -----------------------------------------------------------------------------
  supernever           CONDUIT    242.78     0  00:08     38.64   53.45    0.90
  never                CONDUIT      0.00     0  00:00      0.00    0.00    0.00
  supalways            CONDUIT    242.78     0  00:14     38.64   53.45    0.90
  always               CONDUIT      0.00     0  00:00      0.00    0.00    0.00
  super                CONDUIT    256.35     0  15:57     40.80   56.43    0.90
  standard             CONDUIT      0.00     0  00:00      0.00    0.00    0.00
  36                   CONDUIT    353.14     0  10:49    >50.00  3134.39    1.00
  37                   CONDUIT    350.65     0  11:07    >50.00  3112.33    1.00
  
  
  ***************************
  Flow Classification Summary
  ***************************
  
  -------------------------------------------------------------------------------------
                      Adjusted    ---------- Fraction of Time in Flow Class ---------- 
                       /Actual         Up    Down  Sub   Sup   Up    Down  Norm  Inlet 
  Conduit               Length    Dry  Dry   Dry   Crit  Crit  Crit  Crit  Ltd   Ctrl  
  -------------------------------------------------------------------------------------
  supernever              1.00   0.93  0.00  0.00  0.00  0.00  0.00  0.07  0.00  0.00
  never                   1.00   1.00  0.00  0.00  0.00  0.00  0.00  0.00  0.00  0.00
  supalways               1.00   0.87  0.00  0.00  0.00  0.00  0.00  0.13  0.00  0.00
  always                  1.00   1.00  0.00  0.00  0.00  0.00  0.00  0.00  0.00  0.00
  super                   1.00   0.87  0.00  0.00  0.00  0.00  0.00  0.13  0.00  0.00
  standard                1.00   1.00  0.00  0.00  0.00  0.00  0.00  0.00  0.00  0.00
  36                      1.00   0.01  0.00  0.00  0.50  0.49  0.00  0.00  0.00  0.00
  37                      1.00   0.01  0.00  0.00  0.54  0.45  0.00  0.00  0.00  0.00
  
  
  *************************
  Conduit Surcharge Summary
  *************************
  
  ----------------------------------------------------------------------------
                                                           Hours        Hours 
                         --------- Hours Full --------   Above Full   Capacity
  Conduit                Both Ends  Upstream  Dnstream   Normal Flow   Limited
  ----------------------------------------------------------------------------
  supernever                  0.01     21.82      0.01      1.61         0.01
  supalways                   0.01     22.77      0.01      3.07         0.01
  super                       0.01     21.86      0.01      3.07         0.01
  36                         10.93     17.07     17.80     11.38         6.24
  37                         11.69     17.94     17.61     11.43         5.71
  

  Analysis begun on:  Wed Jul 22 12:54:43 2026
  Analysis ended on:  Wed Jul 22 12:54:43 2026
  Total elapsed time: < 1 sec