
  EPA STORM WATER MANAGEMENT MODEL - VERSION 5.2 (Build 5.2.4)
  ------------------------------------------------------------

  Converted from XPSWMM .xp file 
  WARNING 04: minimum elevation drop used for Conduit 19
  WARNING 04: minimum elevation drop used for Conduit 20
  WARNING 04: minimum elevation drop used for Conduit 29
  
  ****************
  Analysis Options
  ****************
  Flow Units ............... CFS
  Process Models:
    Rainfall/Runoff ........ NO
    RDII ................... NO
    Snowmelt ............... NO
    Groundwater ............ NO
    Flow Routing ........... YES
    Ponding Allowed ........ NO
    Water Quality .......... NO
  Flow Routing Method ...... DYNWAVE
  Surcharge Method ......... EXTRAN
  Starting Date ............ 01/01/2001 00:00:00
  Ending Date .............. 01/02/2001 00:00:00
  Antecedent Dry Days ...... 0.0
  Report Time Step ......... 00:15:00
  Routing Time Step ........ 30.00 sec
  Variable Time Step ....... YES
  Maximum Trials ........... 50
  Number of Threads ........ 1
  Head Tolerance ........... 0.000010 ft
  
  
  **************************        Volume        Volume
  Flow Routing Continuity        acre-feet      10^6 gal
  **************************     ---------     ---------
  Dry Weather Inflow .......         0.000         0.000
  Wet Weather Inflow .......         0.000         0.000
  Groundwater Inflow .......         0.000         0.000
  RDII Inflow ..............         0.000         0.000
  External Inflow ..........         1.983         0.646
  External Outflow .........         0.716         0.233
  Flooding Loss ............         0.852         0.278
  Evaporation Loss .........         0.000         0.000
  Exfiltration Loss ........         0.000         0.000
  Initial Stored Volume ....         0.000         0.000
  Final Stored Volume ......         0.050         0.016
  Continuity Error (%) .....        18.432
  
  
  *************************
  Highest Continuity Errors
  *************************
  Node inflow4 (9.48%)
  Node inflow3 (9.01%)
  Node inflow2 (7.77%)
  Node mid4 (4.99%)
  Node mid3 (4.76%)
  
  
  ***************************
  Time-Step Critical Elements
  ***************************
  Link standard (93.74%)
  Link waterfall1 (1.34%)
  
  
  ********************************
  Highest Flow Instability Indexes
  ********************************
  Link 19 (6)
  Link 20 (6)
  Link 29 (5)
  
  
  *********************************
  Most Frequent Nonconverging Nodes
  *********************************
  Node outlet1 (4.14%)
  Node inflow4 (4.05%)
  Node inflow2 (4.04%)
  Node inflow3 (4.04%)
  Node inflow1 (4.00%)
  
  
  *************************
  Routing Time Step Summary
  *************************
  Minimum Time Step           :     1.57 sec
  Average Time Step           :    10.35 sec
  Maximum Time Step           :    30.00 sec
  % of Time in Steady State   :     0.00
  Average Iterations per Step :     4.34
  % of Steps Not Converging   :     4.14
  Time Step Frequencies       :
     30.000 - 13.228 sec      :     4.69 %
     13.228 -  5.833 sec      :    95.28 %
      5.833 -  2.572 sec      :     0.01 %
      2.572 -  1.134 sec      :     0.01 %
      1.134 -  0.500 sec      :     0.00 %
  
  
  ******************
  Node Depth Summary
  ******************
  
  ---------------------------------------------------------------------------------
                                 Average  Maximum  Maximum  Time of Max    Reported
                                   Depth    Depth      HGL   Occurrence   Max Depth
  Node                 Type         Feet     Feet     Feet  days hr:min        Feet
  ---------------------------------------------------------------------------------
  inflow1              JUNCTION    97.57   100.18   220.18     0  03:17      100.11
  mid1                 JUNCTION    47.33    50.09   165.09     0  03:40       50.08
  inflow2              JUNCTION    97.55   100.08   220.08     0  03:20      100.08
  mid2                 JUNCTION    46.85    50.06   165.06     0  04:09       50.06
  outlet2              JUNCTION    47.65    53.00   153.00     0  05:35       53.00
  inflow3              JUNCTION    97.54   100.07   220.07     0  03:19      100.07
  mid3                 JUNCTION    46.61    50.05   165.05     0  05:18       50.05
  outlet3              JUNCTION    46.84    53.00   153.00     0  06:14       53.00
  inflow4              JUNCTION    97.54   100.15   220.15     0  03:16      100.07
  mid4                 JUNCTION    46.61    50.05   165.05     0  05:24       50.05
  outlet4              JUNCTION    46.68    53.00   153.00     0  06:23       53.00
  outlet1              OUTFALL      0.00     0.00   100.00     0  00:00        0.00
  
  
  *******************
  Node Inflow Summary
  *******************
  
  -------------------------------------------------------------------------------------------------
                                  Maximum  Maximum                  Lateral       Total        Flow
                                  Lateral    Total  Time of Max      Inflow      Inflow     Balance
                                   Inflow   Inflow   Occurrence      Volume      Volume       Error
  Node                 Type           CFS      CFS  days hr:min    10^6 gal    10^6 gal     Percent
  -------------------------------------------------------------------------------------------------
  inflow1              JUNCTION      1.00    14.59     0  01:57       0.646       0.682       1.614
  mid1                 JUNCTION      0.00     1.89     0  03:16           0       0.238       2.053
  inflow2              JUNCTION      0.00    25.01     0  02:44           0        0.46       8.430
  mid2                 JUNCTION      0.00     0.23     0  03:20           0       0.127       3.866
  outlet2              JUNCTION      0.00     0.35     0  04:04           0       0.122       0.000
  inflow3              JUNCTION      0.00    10.45     0  01:15           0       0.305       9.902
  mid3                 JUNCTION      0.00     0.20     0  03:19           0      0.0992       5.003
  outlet3              JUNCTION      0.00     0.18     0  04:23           0      0.0945       0.000
  inflow4              JUNCTION      0.00     7.84     0  02:15           0        0.15      10.476
  mid4                 JUNCTION      0.00     0.59     0  03:17           0      0.0934       5.256
  outlet4              JUNCTION      0.00     0.17     0  05:20           0      0.0887       0.000
  outlet1              OUTFALL       0.00     0.51     0  03:40           0       0.233       0.000
  
  
  **********************
  Node Surcharge Summary
  **********************
  
  Surcharging occurs when water rises above the top of the highest conduit.
  ---------------------------------------------------------------------
                                               Max. Height   Min. Depth
                                   Hours       Above Crown    Below Rim
  Node                 Type      Surcharged           Feet         Feet
  ---------------------------------------------------------------------
  outlet2              JUNCTION       18.41          0.000        0.000
  outlet3              JUNCTION       17.76          0.000        0.000
  outlet4              JUNCTION       17.61          0.000        0.000
  
  
  *********************
  Node Flooding Summary
  *********************
  
  Flooding refers to all water that overflows a node, whether it ponds or not.
  --------------------------------------------------------------------------
                                                             Total   Maximum
                                 Maximum   Time of Max       Flood    Ponded
                        Hours       Rate    Occurrence      Volume     Depth
  Node                 Flooded       CFS   days hr:min    10^6 gal      Feet
  --------------------------------------------------------------------------
  outlet2                18.41      0.23      0  05:35       0.113     0.000
  outlet3                17.76      0.18      0  06:14       0.085     0.000
  outlet4                17.61      0.17      0  06:23       0.079     0.000
  
  
  ***********************
  Outfall Loading Summary
  ***********************
  
  -----------------------------------------------------------
                         Flow       Avg       Max       Total
                         Freq      Flow      Flow      Volume
  Outfall Node           Pcnt       CFS       CFS    10^6 gal
  -----------------------------------------------------------
  outlet1               93.76      0.43      0.51       0.233
  -----------------------------------------------------------
  System                93.76      0.43      0.51       0.233
  
  
  ********************
  Link Flow Summary
  ********************
  
  -----------------------------------------------------------------------------
                                 Maximum  Time of Max   Maximum    Max/    Max/
                                  |Flow|   Occurrence   |Veloc|    Full    Full
  Link                 Type          CFS  days hr:min    ft/sec    Flow   Depth
  -----------------------------------------------------------------------------
  waterfall1           CONDUIT      1.89     0  03:16     29.79    0.01    0.04
  standard             CONDUIT      0.51     0  03:40     31.08    0.00    0.02
  waterfall2           CONDUIT      0.23     0  03:20      3.93    0.00    0.02
  always               CONDUIT      0.35     0  04:04     24.16    0.00    0.51
  waterfall3           CONDUIT      0.20     0  03:19      3.75    0.00    0.02
  never                CONDUIT      0.18     0  04:23      5.08    0.00    0.51
  19                   CONDUIT     25.01     0  02:44     31.85  222.02    1.00
  20                   CONDUIT      7.66     0  01:49      9.75   67.97    1.00
  waterfall4           CONDUIT      0.59     0  03:17      5.12    0.00    0.03
  kw                   CONDUIT      0.17     0  05:20      4.99    0.00    0.51
  29                   CONDUIT      7.84     0  02:15      9.98   69.60    1.00
  
  
  ***************************
  Flow Classification Summary
  ***************************
  
  -------------------------------------------------------------------------------------
                      Adjusted    ---------- Fraction of Time in Flow Class ---------- 
                       /Actual         Up    Down  Sub   Sup   Up    Down  Norm  Inlet 
  Conduit               Length    Dry  Dry   Dry   Crit  Crit  Crit  Crit  Ltd   Ctrl  
  -------------------------------------------------------------------------------------
  waterfall1              1.00   0.14  0.00  0.00  0.00  0.00  0.00  0.86  0.00  0.00
  standard                1.00   0.15  0.00  0.00  0.00  0.00  0.00  0.85  0.00  0.00
  waterfall2              1.00   0.14  0.00  0.00  0.00  0.00  0.00  0.86  0.00  0.00
  always                  1.00   0.17  0.00  0.00  0.80  0.00  0.00  0.03  0.80  0.00
  waterfall3              1.00   0.14  0.00  0.00  0.00  0.00  0.00  0.86  0.00  0.00
  never                   1.00   0.18  0.00  0.00  0.78  0.00  0.00  0.04  0.78  0.00
  19                      1.00   0.00  0.00  0.00  1.00  0.00  0.00  0.00  0.00  0.00
  20                      1.00   0.00  0.00  0.00  1.00  0.00  0.00  0.00  0.00  0.00
  waterfall4              1.00   0.14  0.00  0.00  0.00  0.00  0.00  0.86  0.00  0.00
  kw                      1.00   0.18  0.00  0.00  0.78  0.00  0.00  0.04  0.78  0.00
  29                      1.00   0.00  0.00  0.00  1.00  0.00  0.00  0.00  0.00  0.00
  
  
  *************************
  Conduit Surcharge Summary
  *************************
  
  ----------------------------------------------------------------------------
                                                           Hours        Hours 
                         --------- Hours Full --------   Above Full   Capacity
  Conduit                Both Ends  Upstream  Dnstream   Normal Flow   Limited
  ----------------------------------------------------------------------------
  standard                    0.01      0.46      0.01      0.01         0.01
  waterfall2                  0.01      0.02      0.01      0.01         0.01
  always                      0.01      1.14     18.41      0.01         0.01
  never                       0.01      1.06     17.76      0.01         0.01
  19                         23.93     23.93     23.93     23.45        22.44
  20                         23.93     23.93     23.93     23.20        22.57
  waterfall4                  0.01      1.12      0.01      0.01         0.01
  kw                          0.01      2.51     17.61      0.01         0.01
  29                         23.93     23.93     23.93     22.91        22.40
  

  Analysis begun on:  Wed Jul 22 12:54:42 2026
  Analysis ended on:  Wed Jul 22 12:54:42 2026
  Total elapsed time: < 1 sec