
  EPA STORM WATER MANAGEMENT MODEL - VERSION 5.2 (Build 5.2.4)
  ------------------------------------------------------------

  Converted from XPSWMM .xp file 
  WARNING 04: minimum elevation drop used for Conduit Trapin
  
  ****************
  Analysis Options
  ****************
  Flow Units ............... CFS
  Process Models:
    Rainfall/Runoff ........ NO
    RDII ................... NO
    Snowmelt ............... NO
    Groundwater ............ NO
    Flow Routing ........... YES
    Ponding Allowed ........ NO
    Water Quality .......... NO
  Flow Routing Method ...... DYNWAVE
  Surcharge Method ......... EXTRAN
  Starting Date ............ 01/01/2001 00:00:00
  Ending Date .............. 01/02/2001 00:00:00
  Antecedent Dry Days ...... 0.0
  Report Time Step ......... 00:15:00
  Routing Time Step ........ 8.00 sec
  Variable Time Step ....... YES
  Maximum Trials ........... 50
  Number of Threads ........ 1
  Head Tolerance ........... 0.005000 ft
  
  
  **************************        Volume        Volume
  Flow Routing Continuity        acre-feet      10^6 gal
  **************************     ---------     ---------
  Dry Weather Inflow .......         0.000         0.000
  Wet Weather Inflow .......         0.000         0.000
  Groundwater Inflow .......         0.000         0.000
  RDII Inflow ..............         0.000         0.000
  External Inflow ..........         1.983         0.646
  External Outflow .........         0.000         0.000
  Flooding Loss ............         1.847         0.602
  Evaporation Loss .........         0.000         0.000
  Exfiltration Loss ........         0.000         0.000
  Initial Stored Volume ....         0.000         0.000
  Final Stored Volume ......         0.156         0.051
  Continuity Error (%) .....        -1.002
  
  
  *************************
  Highest Continuity Errors
  *************************
  Node 204 (6.83%)
  
  
  ***************************
  Time-Step Critical Elements
  ***************************
  Link Culvert (99.55%)
  
  
  ********************************
  Highest Flow Instability Indexes
  ********************************
  All links are stable.
  
  
  *********************************
  Most Frequent Nonconverging Nodes
  *********************************
  Node Outlet (0.02%)
  Node 202 (0.02%)
  Node Inflow (0.01%)
  Node 204 (0.01%)
  
  
  *************************
  Routing Time Step Summary
  *************************
  Minimum Time Step           :     1.46 sec
  Average Time Step           :     5.23 sec
  Maximum Time Step           :     8.00 sec
  % of Time in Steady State   :     0.00
  Average Iterations per Step :     2.01
  % of Steps Not Converging   :     0.02
  Time Step Frequencies       :
      8.000 -  4.595 sec      :    99.92 %
      4.595 -  2.639 sec      :     0.07 %
      2.639 -  1.516 sec      :     0.00 %
      1.516 -  0.871 sec      :     0.01 %
      0.871 -  0.500 sec      :     0.00 %
  
  
  ******************
  Node Depth Summary
  ******************
  
  ---------------------------------------------------------------------------------
                                 Average  Maximum  Maximum  Time of Max    Reported
                                   Depth    Depth      HGL   Occurrence   Max Depth
  Node                 Type         Feet     Feet     Feet  days hr:min        Feet
  ---------------------------------------------------------------------------------
  Inflow               JUNCTION     1.31     1.32    21.32     0  00:02        1.31
  202                  JUNCTION     1.11     1.11    21.11     0  00:02        1.11
  204                  JUNCTION     9.75    10.00    20.00     0  01:39       10.00
  Outlet               OUTFALL      0.00     0.00    20.00     0  00:00        0.00
  
  
  *******************
  Node Inflow Summary
  *******************
  
  -------------------------------------------------------------------------------------------------
                                  Maximum  Maximum                  Lateral       Total        Flow
                                  Lateral    Total  Time of Max      Inflow      Inflow     Balance
                                   Inflow   Inflow   Occurrence      Volume      Volume       Error
  Node                 Type           CFS      CFS  days hr:min    10^6 gal    10^6 gal     Percent
  -------------------------------------------------------------------------------------------------
  Inflow               JUNCTION      1.00     1.00     0  00:00       0.646       0.646       0.042
  202                  JUNCTION      0.00     1.08     0  00:00           0       0.646       0.017
  204                  JUNCTION      0.00     2.04     0  00:00           0       0.646       7.326
  Outlet               OUTFALL       0.00     0.00     0  00:00           0           0       0.000 gal
  
  
  **********************
  Node Surcharge Summary
  **********************
  
  Surcharging occurs when water rises above the top of the highest conduit.
  ---------------------------------------------------------------------
                                               Max. Height   Min. Depth
                                   Hours       Above Crown    Below Rim
  Node                 Type      Surcharged           Feet         Feet
  ---------------------------------------------------------------------
  204                  JUNCTION       22.35          0.000        0.000
  
  
  *********************
  Node Flooding Summary
  *********************
  
  Flooding refers to all water that overflows a node, whether it ponds or not.
  --------------------------------------------------------------------------
                                                             Total   Maximum
                                 Maximum   Time of Max       Flood    Ponded
                        Hours       Rate    Occurrence      Volume     Depth
  Node                 Flooded       CFS   days hr:min    10^6 gal      Feet
  --------------------------------------------------------------------------
  204                    22.35      1.00      0  01:39       0.602     0.000
  
  
  ***********************
  Outfall Loading Summary
  ***********************
  
  -----------------------------------------------------------
                         Flow       Avg       Max       Total
                         Freq      Flow      Flow      Volume
  Outfall Node           Pcnt       CFS       CFS    10^6 gal
  -----------------------------------------------------------
  Outlet                 0.00      0.00      0.00       0.000
  -----------------------------------------------------------
  System                 0.00      0.00      0.00       0.000
  
  
  ********************
  Link Flow Summary
  ********************
  
  -----------------------------------------------------------------------------
                                 Maximum  Time of Max   Maximum    Max/    Max/
                                  |Flow|   Occurrence   |Veloc|    Full    Full
  Link                 Type          CFS  days hr:min    ft/sec    Flow   Depth
  -----------------------------------------------------------------------------
  Trapin               CONDUIT      1.08     0  00:00      1.70    0.01    0.02
  Culvert              CONDUIT      2.04     0  00:00     23.06    0.00    0.52
  Trapout              CONDUIT      0.00     0  00:00      0.00    0.00    0.50
  
  
  ***************************
  Flow Classification Summary
  ***************************
  
  -------------------------------------------------------------------------------------
                      Adjusted    ---------- Fraction of Time in Flow Class ---------- 
                       /Actual         Up    Down  Sub   Sup   Up    Down  Norm  Inlet 
  Conduit               Length    Dry  Dry   Dry   Crit  Crit  Crit  Crit  Ltd   Ctrl  
  -------------------------------------------------------------------------------------
  Trapin                  1.00   0.00  0.00  0.00  1.00  0.00  0.00  0.00  0.00  0.00
  Culvert                 1.00   0.00  0.00  0.00  1.00  0.00  0.00  0.00  1.00  0.00
  Trapout                 1.00   0.00  0.07  0.00  0.93  0.00  0.00  0.00  0.00  0.00
  
  
  *************************
  Conduit Surcharge Summary
  *************************
  
  ----------------------------------------------------------------------------
                                                           Hours        Hours 
                         --------- Hours Full --------   Above Full   Capacity
  Conduit                Both Ends  Upstream  Dnstream   Normal Flow   Limited
  ----------------------------------------------------------------------------
  Culvert                     0.01      0.01     23.64      0.01         0.01
  Trapout                     0.01      0.01     22.35      0.01         0.01
  

  Analysis begun on:  Wed Jul 22 12:54:47 2026
  Analysis ended on:  Wed Jul 22 12:54:47 2026
  Total elapsed time: < 1 sec