
  EPA STORM WATER MANAGEMENT MODEL - VERSION 5.2 (Build 5.2.4)
  ------------------------------------------------------------

  Converted from XPSWMM .xp file 
  WARNING 04: minimum elevation drop used for Conduit -Trapin
  WARNING 04: minimum elevation drop used for Conduit -Trapout
  WARNING 04: minimum elevation drop used for Conduit Trapin
  WARNING 04: minimum elevation drop used for Conduit Trapout
  WARNING 04: minimum elevation drop used for Conduit 216
  
  ****************
  Analysis Options
  ****************
  Flow Units ............... CFS
  Process Models:
    Rainfall/Runoff ........ NO
    RDII ................... NO
    Snowmelt ............... NO
    Groundwater ............ NO
    Flow Routing ........... YES
    Ponding Allowed ........ NO
    Water Quality .......... NO
  Flow Routing Method ...... DYNWAVE
  Surcharge Method ......... EXTRAN
  Starting Date ............ 01/01/2001 00:00:00
  Ending Date .............. 01/02/2001 00:00:00
  Antecedent Dry Days ...... 0.0
  Report Time Step ......... 00:15:00
  Routing Time Step ........ 60.00 sec
  Variable Time Step ....... YES
  Maximum Trials ........... 50
  Number of Threads ........ 1
  Head Tolerance ........... 0.005000 ft
  
  
  **************************        Volume        Volume
  Flow Routing Continuity        acre-feet      10^6 gal
  **************************     ---------     ---------
  Dry Weather Inflow .......         0.000         0.000
  Wet Weather Inflow .......         0.000         0.000
  Groundwater Inflow .......         0.000         0.000
  RDII Inflow ..............         0.000         0.000
  External Inflow ..........         3.967         1.293
  External Outflow .........         1.975         0.644
  Flooding Loss ............         1.979         0.645
  Evaporation Loss .........         0.000         0.000
  Exfiltration Loss ........         0.000         0.000
  Initial Stored Volume ....         0.000         0.000
  Final Stored Volume ......         0.012         0.004
  Continuity Error (%) .....         0.003
  
  
  ***************************
  Time-Step Critical Elements
  ***************************
  Link culvert (99.91%)
  
  
  ********************************
  Highest Flow Instability Indexes
  ********************************
  All links are stable.
  
  
  *********************************
  Most Frequent Nonconverging Nodes
  *********************************
  Node -Outlet (0.03%)
  Node Inflow (0.02%)
  Node -Inflow (0.02%)
  Node 202 (0.01%)
  Node node202 (0.01%)
  
  
  *************************
  Routing Time Step Summary
  *************************
  Minimum Time Step           :     1.65 sec
  Average Time Step           :     5.91 sec
  Maximum Time Step           :    38.78 sec
  % of Time in Steady State   :     0.00
  Average Iterations per Step :     2.02
  % of Steps Not Converging   :     0.03
  Time Step Frequencies       :
     60.000 - 23.031 sec      :     0.04 %
     23.031 -  8.841 sec      :     0.03 %
      8.841 -  3.393 sec      :    99.90 %
      3.393 -  1.303 sec      :     0.03 %
      1.303 -  0.500 sec      :     0.00 %
  
  
  ******************
  Node Depth Summary
  ******************
  
  ---------------------------------------------------------------------------------
                                 Average  Maximum  Maximum  Time of Max    Reported
                                   Depth    Depth      HGL   Occurrence   Max Depth
  Node                 Type         Feet     Feet     Feet  days hr:min        Feet
  ---------------------------------------------------------------------------------
  -Inflow              JUNCTION     1.31     1.31    21.31     0  00:15        1.31
  node202              JUNCTION     1.11     1.23    21.23     0  00:03        1.11
  node204              JUNCTION     0.30     0.30    10.30     0  00:17        0.30
  Inflow               JUNCTION     1.39     1.39    21.39     0  00:14        1.39
  202                  JUNCTION     1.39     1.39    21.39     0  00:15        1.39
  204                  JUNCTION     0.00     0.00    10.00     0  00:00        0.00
  Outlet               JUNCTION     0.00     0.00    10.00     0  00:00        0.00
  road                 JUNCTION     4.00     4.00     5.00     0  00:03        4.00
  -Outlet              OUTFALL      0.09     0.09    10.09     0  05:30        0.09
  
  
  *******************
  Node Inflow Summary
  *******************
  
  -------------------------------------------------------------------------------------------------
                                  Maximum  Maximum                  Lateral       Total        Flow
                                  Lateral    Total  Time of Max      Inflow      Inflow     Balance
                                   Inflow   Inflow   Occurrence      Volume      Volume       Error
  Node                 Type           CFS      CFS  days hr:min    10^6 gal    10^6 gal     Percent
  -------------------------------------------------------------------------------------------------
  -Inflow              JUNCTION      0.00     1.01     0  00:00           0       0.645       0.112
  node202              JUNCTION      0.00     1.00     0  00:16           0       0.644      -0.000
  node204              JUNCTION      0.00     1.74     0  00:04           0       0.644       0.060
  Inflow               JUNCTION      1.00     1.01     0  00:11       0.646       0.646       0.167
  202                  JUNCTION      0.00     0.41     0  00:03           0    0.000453       0.000
  204                  JUNCTION      0.00     0.00     0  00:00           0           0       0.000 gal
  Outlet               JUNCTION      0.00     0.00     0  00:00           0           0       0.000 gal
  road                 JUNCTION      1.00     1.00     0  00:00       0.646       0.646       0.217
  -Outlet              OUTFALL       0.00     1.00     0  05:30           0       0.644       0.000
  
  
  **********************
  Node Surcharge Summary
  **********************
  
  Surcharging occurs when water rises above the top of the highest conduit.
  ---------------------------------------------------------------------
                                               Max. Height   Min. Depth
                                   Hours       Above Crown    Below Rim
  Node                 Type      Surcharged           Feet         Feet
  ---------------------------------------------------------------------
  road                 JUNCTION       23.95          0.000        0.000
  
  
  *********************
  Node Flooding Summary
  *********************
  
  Flooding refers to all water that overflows a node, whether it ponds or not.
  --------------------------------------------------------------------------
                                                             Total   Maximum
                                 Maximum   Time of Max       Flood    Ponded
                        Hours       Rate    Occurrence      Volume     Depth
  Node                 Flooded       CFS   days hr:min    10^6 gal      Feet
  --------------------------------------------------------------------------
  road                   23.95      1.00      0  00:03       0.645     0.000
  
  
  ***********************
  Outfall Loading Summary
  ***********************
  
  -----------------------------------------------------------
                         Flow       Avg       Max       Total
                         Freq      Flow      Flow      Volume
  Outfall Node           Pcnt       CFS       CFS    10^6 gal
  -----------------------------------------------------------
  -Outlet               99.92      1.00      1.00       0.644
  -----------------------------------------------------------
  System                99.92      1.00      1.00       0.644
  
  
  ********************
  Link Flow Summary
  ********************
  
  -----------------------------------------------------------------------------
                                 Maximum  Time of Max   Maximum    Max/    Max/
                                  |Flow|   Occurrence   |Veloc|    Full    Full
  Link                 Type          CFS  days hr:min    ft/sec    Flow   Depth
  -----------------------------------------------------------------------------
  -Trapin              CONDUIT      1.00     0  00:16      1.45    0.01    0.02
  culvert              CONDUIT      1.74     0  00:04     13.78    0.00    0.07
  -Trapout             CONDUIT      1.00     0  05:30      1.61    0.01    0.02
  Trapin               CONDUIT      0.41     0  00:03      0.85    0.00    0.04
  205.1                CONDUIT      0.00     0  00:00      0.00    0.00    0.50
  Trapout              CONDUIT      0.00     0  00:00      0.00    0.00    0.00
  216                  CONDUIT      1.01     0  00:00      2.29    8.95    1.00
  
  
  ***************************
  Flow Classification Summary
  ***************************
  
  -------------------------------------------------------------------------------------
                      Adjusted    ---------- Fraction of Time in Flow Class ---------- 
                       /Actual         Up    Down  Sub   Sup   Up    Down  Norm  Inlet 
  Conduit               Length    Dry  Dry   Dry   Crit  Crit  Crit  Crit  Ltd   Ctrl  
  -------------------------------------------------------------------------------------
  -Trapin                 1.00   0.00  0.00  0.00  1.00  0.00  0.00  0.00  0.00  0.00
  culvert                 1.00   0.00  0.00  0.00  0.00  1.00  0.00  0.00  1.00  0.00
  -Trapout                1.00   0.00  0.00  0.00  1.00  0.00  0.00  0.00  0.00  0.00
  Trapin                  1.00   0.00  0.00  0.00  1.00  0.00  0.00  0.00  0.00  0.00
  205.1                   1.00   0.00  1.00  0.00  0.00  0.00  0.00  0.00  0.00  0.00
  Trapout                 1.00   1.00  0.00  0.00  0.00  0.00  0.00  0.00  0.00  0.00
  216                     1.00   0.00  0.00  0.00  1.00  0.00  0.00  0.00  0.00  0.00
  
  
  *************************
  Conduit Surcharge Summary
  *************************
  
  ----------------------------------------------------------------------------
                                                           Hours        Hours 
                         --------- Hours Full --------   Above Full   Capacity
  Conduit                Both Ends  Upstream  Dnstream   Normal Flow   Limited
  ----------------------------------------------------------------------------
  216                        23.97     23.98     23.97     24.00        23.96
  

  Analysis begun on:  Wed Jul 22 12:54:46 2026
  Analysis ended on:  Wed Jul 22 12:54:46 2026
  Total elapsed time: < 1 sec