
  EPA STORM WATER MANAGEMENT MODEL - VERSION 5.2 (Build 5.2.4)
  ------------------------------------------------------------

  Converted from XPSWMM .xp file 
  WARNING 04: minimum elevation drop used for Conduit C32C
  WARNING 10: crest elevation raised to downstream invert for regulator Link C114w1
  WARNING 10: crest elevation raised to downstream invert for regulator Link C105w1
  WARNING 10: crest elevation raised to downstream invert for regulator Link C115w1
  WARNING 10: crest elevation raised to downstream invert for regulator Link C111W1
  
  ****************
  Analysis Options
  ****************
  Flow Units ............... CFS
  Process Models:
    Rainfall/Runoff ........ NO
    RDII ................... NO
    Snowmelt ............... NO
    Groundwater ............ NO
    Flow Routing ........... YES
    Ponding Allowed ........ NO
    Water Quality .......... NO
  Flow Routing Method ...... DYNWAVE
  Surcharge Method ......... EXTRAN
  Starting Date ............ 01/01/2001 00:00:00
  Ending Date .............. 01/02/2001 00:00:00
  Antecedent Dry Days ...... 0.0
  Report Time Step ......... 00:15:00
  Routing Time Step ........ 30.00 sec
  Variable Time Step ....... YES
  Maximum Trials ........... 75
  Number of Threads ........ 1
  Head Tolerance ........... 0.005000 ft
  
  
  **************************        Volume        Volume
  Flow Routing Continuity        acre-feet      10^6 gal
  **************************     ---------     ---------
  Dry Weather Inflow .......         0.000         0.000
  Wet Weather Inflow .......         0.000         0.000
  Groundwater Inflow .......         0.000         0.000
  RDII Inflow ..............         0.000         0.000
  External Inflow ..........       182.472        59.461
  External Outflow .........         1.779         0.580
  Flooding Loss ............       167.690        54.644
  Evaporation Loss .........         0.000         0.000
  Exfiltration Loss ........         0.000         0.000
  Initial Stored Volume ....         0.225         0.073
  Final Stored Volume ......        11.018         3.591
  Continuity Error (%) .....         1.210
  
  
  *************************
  Highest Continuity Errors
  *************************
  Node C109 (33.60%)
  Node C103 (30.75%)
  Node B03R (28.13%)
  Node B08 (25.13%)
  Node C104 (24.94%)
  
  
  ***************************
  Time-Step Critical Elements
  ***************************
  Link Golf_p1 (90.30%)
  Link B25P1 (7.25%)
  Link A106P1 (2.09%)
  
  
  ********************************
  Highest Flow Instability Indexes
  ********************************
  Link B13C (5)
  Link A120P1 (5)
  Link A122P1 (5)
  Link A128P1 (5)
  Link A126P1 (5)
  
  
  *********************************
  Most Frequent Nonconverging Nodes
  *********************************
  Node A07 (0.70%)
  Node C112 (0.42%)
  Node C106 (0.33%)
  Node B30 (0.01%)
  Node B31 (0.01%)
  
  
  *************************
  Routing Time Step Summary
  *************************
  Minimum Time Step           :     1.50 sec
  Average Time Step           :     3.15 sec
  Maximum Time Step           :    15.14 sec
  % of Time in Steady State   :     0.00
  Average Iterations per Step :     8.76
  % of Steps Not Converging   :     0.70
  Time Step Frequencies       :
     30.000 - 13.228 sec      :     0.01 %
     13.228 -  5.833 sec      :     0.11 %
      5.833 -  2.572 sec      :    99.87 %
      2.572 -  1.134 sec      :     0.01 %
      1.134 -  0.500 sec      :     0.00 %
  
  
  ******************
  Node Depth Summary
  ******************
  
  ---------------------------------------------------------------------------------
                                 Average  Maximum  Maximum  Time of Max    Reported
                                   Depth    Depth      HGL   Occurrence   Max Depth
  Node                 Type         Feet     Feet     Feet  days hr:min        Feet
  ---------------------------------------------------------------------------------
  A08                  JUNCTION     0.00     0.00    15.35     0  00:00        0.00
  A03                  JUNCTION     7.47     8.17    23.17     0  12:50        8.17
  A29                  JUNCTION     0.00     0.00    15.50     0  00:00        0.00
  B03                  JUNCTION     0.00     0.00    15.80     0  00:00        0.00
  B05                  JUNCTION     0.00     0.00    15.50     0  00:00        0.00
  B06                  JUNCTION     0.00     0.00    15.40     0  00:00        0.00
  B11                  JUNCTION     0.00     0.00    15.40     0  00:00        0.00
  B12                  JUNCTION     0.00     0.00    15.40     0  00:00        0.00
  B13                  JUNCTION     4.83     4.87    20.87     0  01:39        4.87
  B16                  JUNCTION     4.73     4.73    20.73     0  01:48        4.73
  B18                  JUNCTION     4.97     5.25    21.25     0  02:06        5.25
  B20                  JUNCTION     3.74     3.91    19.91     0  23:08        3.91
  B21                  JUNCTION     3.57     3.68    19.68     0  23:15        3.68
  B22                  JUNCTION     3.38     3.43    20.73     0  01:17        3.43
  B10                  JUNCTION     0.00     0.00    15.10     0  00:00        0.00
  B25                  JUNCTION     2.36     2.54    18.54     0  02:37        2.54
  B26                  JUNCTION     2.25     2.36    18.36     0  05:13        2.36
  B28                  JUNCTION     1.56     1.59    17.59     0  00:00        1.56
  B29                  JUNCTION     1.40     1.42    15.42     0  00:39        1.41
  B30                  JUNCTION     1.40     1.42    15.42     0  00:39        1.41
  B31                  JUNCTION     1.40     1.41    15.41     0  00:38        1.41
  A125                 JUNCTION     0.00     0.00    14.50     0  00:00        0.00
  A132                 JUNCTION     0.00     0.00    14.50     0  00:00        0.00
  A105                 JUNCTION     6.21     8.16    23.16     0  13:57        8.16
  A118                 JUNCTION     5.82     6.30    23.30     0  03:52        6.30
  A107                 JUNCTION     6.21     8.16    23.16     0  13:45        8.16
  A111                 JUNCTION     0.00     0.00    15.00     0  00:00        0.00
  C01                  JUNCTION     0.00     0.00    14.00     0  00:00        0.00
  C03                  JUNCTION     0.00     0.00    14.00     0  00:00        0.00
  C04                  JUNCTION     0.00     0.00    14.00     0  00:00        0.00
  C06                  JUNCTION     0.00     0.00    14.00     0  00:00        0.00
  C29                  JUNCTION     0.00     0.00    14.00     0  00:00        0.00
  C107                 JUNCTION     0.00     0.00    18.20     0  00:00        0.00
  C14                  JUNCTION     6.33     7.80    26.00     0  21:50        7.80
  C17                  JUNCTION     0.00     0.00    16.50     0  00:00        0.00
  C19                  JUNCTION     7.28     7.29    23.79     0  00:50        7.29
  C20                  JUNCTION     7.26     7.29    23.79     0  00:48        7.29
  C21                  JUNCTION     0.00     0.00    16.50     0  00:00        0.00
  C25                  JUNCTION     0.00     0.00    15.50     0  00:00        0.00
  C26                  JUNCTION     0.00     0.00    14.00     0  00:00        0.00
  C27                  JUNCTION     0.00     0.00    14.00     0  00:00        0.00
  C28                  JUNCTION     0.00     0.00    14.00     0  00:00        0.00
  C30                  JUNCTION     0.00     0.00    14.00     0  00:00        0.00
  C31                  JUNCTION     0.00     0.00    15.00     0  00:00        0.00
  C33                  JUNCTION     0.00     0.00    14.00     0  00:00        0.00
  C34                  JUNCTION     0.00     0.00    14.30     0  00:00        0.00
  C35                  JUNCTION     0.00     0.00    14.00     0  00:00        0.00
  C106                 JUNCTION     0.97     1.06    17.06     0  00:05        1.04
  C05                  JUNCTION     0.00     0.00    15.00     0  00:00        0.00
  C112                 JUNCTION     1.03     1.13    16.13     0  00:14        1.04
  A27                  JUNCTION     0.00     0.00    16.00     0  00:00        0.00
  A26                  JUNCTION     0.00     0.00    15.00     0  00:00        0.00
  A10                  JUNCTION     0.00     0.00    15.44     0  00:00        0.00
  A16                  JUNCTION     0.00     0.00    15.43     0  00:00        0.00
  A17                  JUNCTION     0.00     0.00    15.00     0  00:00        0.00
  A18                  JUNCTION     0.00     0.00    15.00     0  00:00        0.00
  A20                  JUNCTION     0.00     0.00    15.00     0  00:00        0.00
  A22                  JUNCTION     0.00     0.00    15.25     0  00:00        0.00
  A123                 JUNCTION     9.06    10.04    26.04     0  04:41       10.02
  A129                 JUNCTION     9.06    10.04    26.04     0  04:41       10.02
  A127                 JUNCTION     9.06    10.04    26.04     0  04:41       10.02
  A121                 JUNCTION     9.06    10.04    26.04     0  04:41       10.02
  A131                 JUNCTION     0.00     0.00    16.00     0  00:00        0.00
  B27p2                JUNCTION     3.60     3.60     4.20     0  00:05        3.60
  B27p3                JUNCTION     3.21     3.23     4.22     0  00:05        3.21
  B25P2                JUNCTION     4.28     4.30     5.96     0  00:08        4.28
  B25P3                JUNCTION     4.46     4.47     5.94     0  00:08        4.47
  B15P2                JUNCTION     6.98     7.01    11.02     0  00:09        6.99
  B15P3                JUNCTION     6.99     7.00    11.00     0  00:09        7.00
  B12P2                JUNCTION     6.83     6.91    10.82     0  00:06        6.83
  B12R                 JUNCTION     6.86     6.87    10.74     0  00:06        6.87
  A07R                 JUNCTION     9.42     9.42    16.84     0  00:03        9.42
  B05R                 JUNCTION     8.56     8.61    14.22     0  01:05        8.61
  B06R                 JUNCTION     7.72     7.76    12.52     0  00:48        7.76
  B10R                 JUNCTION     7.10     7.14    11.28     0  01:00        7.14
  B09R                 JUNCTION     7.75     7.76    12.02     0  00:13        7.76
  A29R                 JUNCTION     9.67     9.70    13.90     0  00:20        9.70
  B04R                 JUNCTION     9.95     9.96    15.92     0  00:12        9.96
  B01R                 JUNCTION    12.41    12.50    21.00     0  01:31       12.50
  B02R                 JUNCTION    12.07    12.16    19.82     0  01:21       12.16
  B03R                 JUNCTION    10.55    11.06    18.12     0  06:45       11.06
  B18R                 JUNCTION     6.25     6.25    10.50     0  00:11        6.25
  B20R                 JUNCTION     6.68     6.68    10.36     0  00:05        6.68
  A110G1               JUNCTION     8.42     8.42    16.42     0  00:02        8.42
  A24R                 JUNCTION     8.51     8.53    14.56     0  00:25        8.53
  A22R                 JUNCTION     9.32     9.36    15.72     0  00:51        9.36
  A20R                 JUNCTION     9.45     9.47    15.94     0  00:26        9.47
  A18R                 JUNCTION     9.05     9.06    15.62     0  00:08        9.06
  A16R                 JUNCTION     9.06     9.07    15.64     0  00:16        9.07
  A10R                 JUNCTION     8.64     8.64    15.28     0  00:07        8.64
  A27R                 JUNCTION     9.33     9.41    14.82     0  01:19        9.41
  A141G1               JUNCTION     8.92     8.92    22.42     0  00:02        8.92
  A124W2               JUNCTION     0.00     0.00    13.50     0  00:00        0.00
  A125G1               JUNCTION     9.50     9.50    17.50     0  00:03        9.50
  A130G1               JUNCTION     8.92     8.92    22.42     0  00:02        8.92
  A130W2               JUNCTION     0.00     0.00    13.50     0  00:00        0.00
  A119G1               JUNCTION     9.03     9.06    15.12     0  00:36        9.06
  A115G1               JUNCTION     9.50     9.50    17.50     0  00:07        9.50
  A116G1               JUNCTION     9.00     9.00    15.50     0  00:07        9.00
  A113G1               JUNCTION     9.50     9.50    17.00     0  00:07        9.50
  A101R                JUNCTION    10.89    10.90    19.80     0  00:15       10.90
  A102R                JUNCTION    11.18    11.20    19.90     0  00:24       11.20
  A103R                JUNCTION    11.38    11.40    19.80     0  00:28       11.40
  A104G1               JUNCTION    11.09    11.10    19.20     0  00:09       11.10
  A106G1               JUNCTION     9.10     9.10    17.20     0  00:01        9.10
  A108G1               JUNCTION    11.49    11.50    20.00     0  00:13       11.50
  A112G1               JUNCTION    10.50    10.50    19.50     0  00:08       10.50
  A118R                JUNCTION     9.15     9.19    15.38     0  00:58        9.19
  A114G1               JUNCTION     9.00     9.00    15.50     0  00:07        9.00
  A111R                JUNCTION     9.67     9.67    16.84     0  00:03        9.67
  C33R                 JUNCTION     5.80     6.00     4.48     0  02:00        6.00
  C23P2                JUNCTION     7.63     7.71    12.64     0  00:51        7.67
  C23R                 JUNCTION     7.75     7.80    12.60     0  00:50        7.80
  C20R                 JUNCTION     8.04     8.04    14.33     0  00:03        8.04
  C18P2                JUNCTION     8.79     8.83    15.49     0  00:08        8.79
  C18R                 JUNCTION     8.84     8.85    15.45     0  00:08        8.85
  C16R                 JUNCTION     9.62     9.62    16.99     0  00:04        9.62
  C107R                JUNCTION     7.76     7.76    14.27     0  00:02        7.76
  C22R                 JUNCTION     9.35     9.38    15.76     0  00:38        9.38
  C24R                 JUNCTION     8.76     8.80    13.60     0  00:43        8.80
  C25R                 JUNCTION     8.47     8.50    13.00     0  00:27        8.50
  C26R                 JUNCTION     8.43     8.46    12.42     0  00:30        8.46
  C27R                 JUNCTION     7.55     7.59    10.68     0  00:34        7.59
  C28R                 JUNCTION     7.51     7.59    10.68     0  01:06        7.59
  C02R                 JUNCTION     8.03     8.04    12.08     0  00:13        8.04
  C03R                 JUNCTION     8.27     8.32    12.14     0  00:44        8.32
  C04R                 JUNCTION     6.76     6.79     9.98     0  00:30        6.79
  C06R                 JUNCTION     7.04     7.27    10.04     0  03:09        7.27
  C01R                 JUNCTION     6.58     6.58    11.16     0  00:06        6.58
  C05R                 JUNCTION     8.58     8.59    14.18     0  00:15        8.59
  C114w2               JUNCTION     8.15     8.18    14.18     0  00:01        8.15
  C105w2               JUNCTION     9.50     9.50    17.00     0  00:02        9.50
  C115w2               JUNCTION     9.20     9.23    15.23     0  00:02        9.20
  C111W2               JUNCTION     9.50     9.50    16.00     0  00:02        9.50
  A28R                 JUNCTION    10.16    10.21    16.42     0  00:48       10.21
  A30R                 JUNCTION     8.37     8.37    15.24     0  00:05        8.37
  A26R                 JUNCTION     9.89     9.91    15.82     0  00:20        9.91
  A31R                 JUNCTION     8.56     8.56    15.12     0  00:05        8.56
  A23R                 JUNCTION     8.56     8.56    14.62     0  00:04        8.56
  A21R                 JUNCTION     9.36     9.37    15.74     0  00:12        9.37
  A19R                 JUNCTION     9.47     9.48    15.96     0  00:07        9.48
  A17R                 JUNCTION     9.06     9.06    15.62     0  00:04        9.06
  A09R                 JUNCTION     8.66     8.66    15.32     0  00:03        8.66
  A25R                 JUNCTION     8.28     8.29    14.08     0  00:18        8.29
  A131G1               JUNCTION     9.50     9.50    17.50     0  00:02        9.50
  A07                  OUTFALL      0.00     0.00    15.75     0  00:00        0.00
  A06                  STORAGE      7.44     7.71    23.55     0  23:12        7.71
  A02                  STORAGE      7.77     8.17    23.17     0  13:16        8.17
  A04                  STORAGE      6.90     8.07    23.17     0  14:16        8.07
  B01                  STORAGE      0.00     0.00    15.50     0  00:00        0.00
  B02                  STORAGE      0.00     0.00    15.00     0  00:00        0.00
  B04                  STORAGE      0.00     0.00    15.50     0  00:00        0.00
  B15                  STORAGE      4.75     4.88    20.88     0  01:39        4.88
  B17                  STORAGE      5.35     5.49    21.49     0  23:18        5.49
  B19                  STORAGE      4.56     4.67    20.67     0  23:08        4.67
  B07                  STORAGE      5.95     7.42    23.42     1  00:00        7.42
  B08                  STORAGE      4.93     7.12    23.42     1  00:00        7.12
  B09                  STORAGE      4.93     8.42    23.42     1  00:00        8.42
  B23                  STORAGE      2.39     2.49    18.79     0  02:05        2.49
  B24                  STORAGE      2.29     2.45    18.55     0  02:39        2.45
  B27                  STORAGE      2.13     2.27    18.37     0  05:17        2.27
  C101                 STORAGE      8.38     9.99    24.99     1  00:00        9.99
  A120                 STORAGE      9.49    10.00    26.00     0  04:40       10.00
  A124                 STORAGE      8.76    10.00    26.00     0  04:40       10.00
  A122                 STORAGE      9.49    10.00    26.00     0  04:40       10.00
  A126                 STORAGE      9.49    10.00    26.00     0  04:40       10.00
  A130                 STORAGE      8.76    10.00    26.00     0  04:40       10.00
  A128                 STORAGE      9.49    10.00    26.00     0  04:40       10.00
  A119                 STORAGE      0.00     0.00    15.00     0  00:00        0.00
  A115                 STORAGE      0.00     0.00    16.00     0  00:00        0.00
  A116                 STORAGE      0.00     0.00    16.00     0  00:00        0.00
  A101                 STORAGE      7.38     8.99    24.99     1  00:00        8.99
  A102                 STORAGE      0.00     0.00    16.00     0  00:00        0.00
  A103                 STORAGE      0.00     0.00    16.00     0  00:00        0.00
  A104                 STORAGE      0.00     0.00    16.00     0  00:00        0.00
  A106                 STORAGE      0.00     0.00    16.00     0  00:00        0.00
  Golf                 STORAGE      7.97     8.28    24.28     0  03:25        8.28
  A110                 STORAGE      6.43     7.32    23.32     0  04:44        7.32
  A108                 STORAGE      0.00     0.00    16.00     0  00:00        0.00
  A112                 STORAGE      0.00     0.00    15.00     0  00:00        0.00
  A113                 STORAGE      0.00     0.00    15.00     0  00:00        0.00
  A114                 STORAGE      0.00     0.00    16.00     0  00:00        0.00
  C02                  STORAGE      0.00     0.00    14.00     0  00:00        0.00
  C115                 STORAGE      0.00     0.00    14.00     0  00:00        0.00
  C113                 STORAGE      0.00     0.00    18.20     0  00:00        0.00
  C23                  STORAGE      0.00     0.00    18.00     0  00:00        0.00
  C16                  STORAGE      0.00     0.00    16.50     0  00:00        0.00
  C18                  STORAGE      0.00     0.00    16.50     0  00:00        0.00
  C22                  STORAGE      0.00     0.00    16.50     0  00:00        0.00
  C24                  STORAGE      0.00     0.00    18.00     0  00:00        0.00
  C32                  STORAGE      0.00     0.00    14.00     0  00:00        0.00
  C114                 STORAGE      0.00     0.00    14.00     0  00:00        0.00
  C108                 STORAGE      8.95    10.00    26.00     0  21:44       10.00
  C102                 STORAGE      6.22     8.99    24.99     1  00:00        8.99
  C103                 STORAGE      5.72     8.99    24.99     1  00:00        8.99
  C111                 STORAGE      6.55     9.96    26.01     0  21:48        9.96
  C110                 STORAGE      6.56     9.51    26.01     0  21:47        9.50
  C109                 STORAGE      7.50    10.00    26.00     0  21:45       10.00
  C104                 STORAGE      5.33     8.99    24.99     1  00:00        8.99
  C105                 STORAGE      4.96     8.99    24.99     1  00:00        8.99
  A28                  STORAGE      0.00     0.00    15.50     0  00:00        0.00
  A30                  STORAGE      0.00     0.00    16.40     0  00:00        0.00
  A31                  STORAGE      0.00     0.00    16.40     0  00:00        0.00
  A09                  STORAGE      0.00     0.00    15.31     0  00:00        0.00
  A19                  STORAGE      0.00     0.00    15.00     0  00:00        0.00
  A21                  STORAGE      0.00     0.00    15.00     0  00:00        0.00
  A23                  STORAGE      0.00     0.00    15.21     0  00:00        0.00
  A24                  STORAGE      0.00     0.00    15.00     0  00:00        0.00
  A25                  STORAGE      0.00     0.00    15.00     0  00:00        0.00
  A109                 STORAGE      8.01     8.33    24.33     0  03:38        8.33
  A117                 STORAGE      8.03     8.35    24.35     0  03:52        8.35
  
  
  *******************
  Node Inflow Summary
  *******************
  
  -------------------------------------------------------------------------------------------------
                                  Maximum  Maximum                  Lateral       Total        Flow
                                  Lateral    Total  Time of Max      Inflow      Inflow     Balance
                                   Inflow   Inflow   Occurrence      Volume      Volume       Error
  Node                 Type           CFS      CFS  days hr:min    10^6 gal    10^6 gal     Percent
  -------------------------------------------------------------------------------------------------
  A08                  JUNCTION      0.00     0.00     0  00:00           0           0       0.000 gal
  A03                  JUNCTION      0.00     1.02     0  02:33           0       0.572       8.232
  A29                  JUNCTION      0.00     0.00     0  00:00           0           0       0.000 gal
  B03                  JUNCTION      0.00     0.00     0  00:00           0           0       0.000 gal
  B05                  JUNCTION      0.00     0.00     0  00:00           0           0       0.000 gal
  B06                  JUNCTION      0.00     0.00     0  00:00           0           0       0.000 gal
  B11                  JUNCTION      0.00     0.00     0  00:00           0           0       0.000 gal
  B12                  JUNCTION      0.00     0.00     0  00:00           0           0       0.000 gal
  B13                  JUNCTION      1.00     1.73     0  01:39       0.646       0.678       0.661
  B16                  JUNCTION      1.00     1.00     0  00:00       0.646       0.646       2.123
  B18                  JUNCTION      0.00     1.00     0  23:18           0       0.599       0.000
  B20                  JUNCTION      0.00     1.00     0  23:09           0       0.605       0.000
  B21                  JUNCTION      0.00     0.02     0  23:21           0      0.0137       2.949
  B22                  JUNCTION      0.00     1.00     0  02:19           0       0.633       0.353
  B10                  JUNCTION      0.00     0.00     0  00:00           0           0       0.000 gal
  B25                  JUNCTION      0.00     1.45     0  02:40           0       0.572       0.000
  B26                  JUNCTION      1.00     1.52     0  05:21       0.646       0.681       6.595
  B28                  JUNCTION      1.00     1.00     0  00:00       0.646       0.646       0.004
  B29                  JUNCTION      0.00     1.93     0  00:00           0       0.646       0.718
  B30                  JUNCTION      0.00     1.30     0  00:40           0       0.642       1.051
  B31                  JUNCTION      0.00     1.61     0  00:40           0       0.635       0.000
  A125                 JUNCTION      0.00     0.00     0  00:00           0           0       0.000 gal
  A132                 JUNCTION      0.00     0.00     0  00:00           0           0       0.000 gal
  A105                 JUNCTION      0.00     0.95     0  11:18           0       0.451       0.700
  A118                 JUNCTION      0.00     1.00     0  23:01           0       0.583       0.000
  A107                 JUNCTION      0.00     1.05     0  11:57           0       0.493       0.464
  A111                 JUNCTION      0.00     1.00     0  00:02           0       0.645       0.000
  C01                  JUNCTION      0.00     1.18     0  00:01           0       0.646       0.000
  C03                  JUNCTION      0.00     0.00     0  00:00           0           0       0.000 gal
  C04                  JUNCTION      0.00     0.00     0  00:00           0           0       0.000 gal
  C06                  JUNCTION      0.00     0.00     0  00:00           0           0       0.000 gal
  C29                  JUNCTION      0.00     0.00     0  00:00           0           0       0.000 gal
  C107                 JUNCTION      0.00     0.00     0  00:00           0           0       0.000 gal
  C14                  JUNCTION      0.00     1.00     0  17:04           0       0.522       4.852
  C17                  JUNCTION      0.00     0.00     0  00:00           0           0       0.000 gal
  C19                  JUNCTION      1.00     1.00     0  00:00       0.646       0.646       1.596
  C20                  JUNCTION      0.00     1.08     0  00:51           0       0.636       0.000
  C21                  JUNCTION      0.00     0.00     0  00:00           0           0       0.000 gal
  C25                  JUNCTION      0.00     0.00     0  00:00           0           0       0.000 gal
  C26                  JUNCTION      0.00     0.00     0  00:00           0           0       0.000 gal
  C27                  JUNCTION      0.00     0.00     0  00:00           0           0       0.000 gal
  C28                  JUNCTION      0.00     0.00     0  00:00           0           0       0.000 gal
  C30                  JUNCTION      0.00     0.00     0  00:00           0           0       0.000 gal
  C31                  JUNCTION      0.00     0.00     0  00:00           0           0       0.000 gal
  C33                  JUNCTION      0.00     0.00     0  00:00           0           0       0.000 gal
  C34                  JUNCTION      0.00     0.00     0  00:00           0           0       0.000 gal
  C35                  JUNCTION      0.00     0.00     0  00:00           0           0       0.000 gal
  C106                 JUNCTION      0.00     2.42     0  00:06           0     0.00652      10.731
  C05                  JUNCTION      0.00     1.15     0  00:02           0       0.645       0.000
  C112                 JUNCTION      0.00     2.35     0  00:06           0     0.00633      -8.179
  A27                  JUNCTION      0.00     0.00     0  00:00           0           0       0.000 gal
  A26                  JUNCTION      0.00     0.00     0  00:00           0           0       0.000 gal
  A10                  JUNCTION      0.00     0.00     0  00:00           0           0       0.000 gal
  A16                  JUNCTION      0.00     0.00     0  00:00           0           0       0.000 gal
  A17                  JUNCTION      0.00     0.00     0  00:00           0           0       0.000 gal
  A18                  JUNCTION      0.00     0.00     0  00:00           0           0       0.000 gal
  A20                  JUNCTION      0.00     0.00     0  00:00           0           0       0.000 gal
  A22                  JUNCTION      0.00     0.00     0  00:00           0           0       0.000 gal
  A123                 JUNCTION      0.00     2.40     0  04:33           0       0.133       5.074
  A129                 JUNCTION      0.00     2.40     0  04:33           0       0.133       5.074
  A127                 JUNCTION      0.00     2.40     0  04:33           0       0.133       5.074
  A121                 JUNCTION      0.00     2.40     0  04:33           0       0.133       5.074
  A131                 JUNCTION      0.00     0.00     0  00:00           0           0       0.000 gal
  B27p2                JUNCTION      1.00     1.20     0  00:05       0.646       0.646       0.216
  B27p3                JUNCTION      0.00     0.76     0  00:01           0     0.00112       0.000
  B25P2                JUNCTION      1.00     1.33     0  00:04       0.646       0.646       0.291
  B25P3                JUNCTION      0.00     1.33     0  00:04           0       0.644       0.000
  B15P2                JUNCTION      1.00     1.00     0  00:00       0.646       0.646       0.353
  B15P3                JUNCTION      0.00     1.19     0  00:09           0       0.644       0.000
  B12P2                JUNCTION      1.00     1.00     0  00:00       0.646       0.646       0.232
  B12R                 JUNCTION      0.00     2.13     0  00:07           0       0.645       0.000
  A07R                 JUNCTION      1.00     1.00     0  00:00       0.646       0.646       0.274
  B05R                 JUNCTION      1.00     1.00     0  00:00       0.646       0.646       4.787
  B06R                 JUNCTION      1.00     1.00     0  00:00       0.646       0.646       3.483
  B10R                 JUNCTION      1.00     1.00     0  00:00       0.646       0.646       4.360
  B09R                 JUNCTION      1.00     1.00     0  00:00       0.646       0.646       0.922
  A29R                 JUNCTION      1.00     1.00     0  00:00       0.646       0.646       1.474
  B04R                 JUNCTION      1.00     1.00     0  00:00       0.646       0.646       0.904
  B01R                 JUNCTION      1.00     1.00     0  00:00       0.646       0.646       6.751
  B02R                 JUNCTION      1.00     1.00     0  00:00       0.646       0.646       5.994
  B03R                 JUNCTION      1.00     1.00     0  00:00       0.646       0.646      39.142
  B18R                 JUNCTION      1.00     2.00     0  23:08       0.646        1.25       0.401
  B20R                 JUNCTION      1.00     1.02     0  23:15       0.646        0.66       0.385
  A110G1               JUNCTION      1.00     1.00     0  00:00       0.646       0.646       0.123
  A24R                 JUNCTION      1.00     1.00     0  00:00       0.646       0.646       1.827
  A22R                 JUNCTION      1.00     1.61     0  03:52       0.646       0.999       2.387
  A20R                 JUNCTION      1.00     1.00     0  00:00       0.646       0.646       1.864
  A18R                 JUNCTION      1.00     1.00     0  00:00       0.646       0.646       0.590
  A16R                 JUNCTION      1.00     1.00     0  00:00       0.646       0.646       1.142
  A10R                 JUNCTION      1.00     1.00     0  00:00       0.646       0.646       0.507
  A27R                 JUNCTION      1.00     1.00     0  00:00       0.646       0.646       5.878
  A141G1               JUNCTION      1.00     1.00     0  00:00       0.646       0.646       0.130
  A124W2               JUNCTION      0.00     1.00     0  00:02           0       0.645       0.000
  A125G1               JUNCTION      1.00     1.00     0  00:00       0.646       0.646       0.274
  A130G1               JUNCTION      1.00     1.00     0  00:00       0.646       0.646       0.130
  A130W2               JUNCTION      0.00     1.00     0  00:02           0       0.645       0.000
  A119G1               JUNCTION      1.00     1.00     0  00:00       0.646       0.646       2.620
  A115G1               JUNCTION      1.00     1.00     0  00:00       0.646       0.646       0.535
  A116G1               JUNCTION      1.00     1.39     0  03:52       0.646       0.876       0.369
  A113G1               JUNCTION      1.00     1.00     0  00:00       0.646       0.646       0.485
  A101R                JUNCTION      1.00     1.00     0  00:00       0.646       0.646       1.064
  A102R                JUNCTION      1.00     1.00     0  00:00       0.646       0.646       1.762
  A103R                JUNCTION      1.00     1.00     0  00:00       0.646       0.646       2.018
  A104G1               JUNCTION      1.00     1.95     0  13:57       0.646        1.09       0.378
  A106G1               JUNCTION      1.00     2.05     0  13:45       0.646        1.14       0.075
  A108G1               JUNCTION      1.00     1.00     0  00:00       0.646       0.646       0.959
  A112G1               JUNCTION      1.00     1.00     0  00:00       0.646       0.646       0.601
  A118R                JUNCTION      1.00     1.00     0  00:00       0.646       0.646       4.213
  A114G1               JUNCTION      1.00     1.00     0  00:00       0.646       0.646       0.528
  A111R                JUNCTION      1.00     1.00     0  00:00       0.646       0.646       0.250
  C33R                 JUNCTION      1.00     1.00     0  00:00       0.646       0.646       9.148
  C23P2                JUNCTION      1.00     1.00     0  00:00       0.646       0.646       1.837
  C23R                 JUNCTION      0.00     1.43     0  00:51           0       0.635       0.000
  C20R                 JUNCTION      1.00     1.00     0  00:00       0.646       0.646       0.213
  C18P2                JUNCTION      1.00     1.17     0  00:06       0.646       0.646       0.331
  C18R                 JUNCTION      0.00     1.26     0  00:09           0       0.644       0.000
  C16R                 JUNCTION      1.00     1.00     0  00:00       0.646       0.646       0.316
  C107R                JUNCTION      1.00     1.00     0  00:00       0.646       0.646       0.171
  C22R                 JUNCTION      1.00     1.00     0  00:00       0.646       0.646       2.719
  C24R                 JUNCTION      1.00     1.00     0  00:00       0.646       0.646       3.095
  C25R                 JUNCTION      1.00     1.00     0  00:00       0.646       0.646       1.939
  C26R                 JUNCTION      1.00     1.00     0  00:00       0.646       0.646       2.140
  C27R                 JUNCTION      1.00     1.00     0  00:00       0.646       0.646       2.441
  C28R                 JUNCTION      1.00     1.00     0  00:00       0.646       0.646       4.822
  C02R                 JUNCTION      1.00     1.00     0  00:00       0.646       0.646       0.954
  C03R                 JUNCTION      1.00     1.00     0  00:00       0.646       0.646       3.162
  C04R                 JUNCTION      1.00     1.00     0  00:00       0.646       0.646       2.173
  C06R                 JUNCTION      1.00     1.00     0  00:00       0.646       0.646      15.116
  C01R                 JUNCTION      1.00     1.00     0  00:00       0.646       0.646       0.421
  C05R                 JUNCTION      1.00     1.00     0  00:00       0.646       0.646       1.115
  C114w2               JUNCTION      1.00     1.00     0  00:00       0.646       0.646       0.119
  C105w2               JUNCTION      1.00     3.30     0  00:05       0.646       0.652       0.140
  C115w2               JUNCTION      1.00     1.00     0  00:00       0.646       0.646       0.134
  C111W2               JUNCTION      1.00     3.22     0  00:06       0.646       0.653       0.140
  A28R                 JUNCTION      1.00     1.00     0  00:00       0.646       0.646       3.507
  A30R                 JUNCTION      1.00     1.00     0  00:00       0.646       0.646       0.370
  A26R                 JUNCTION      1.00     1.00     0  00:00       0.646       0.646       1.423
  A31R                 JUNCTION      1.00     1.00     0  00:00       0.646       0.646       0.357
  A23R                 JUNCTION      1.00     1.00     0  00:00       0.646       0.646       0.324
  A21R                 JUNCTION      1.00     1.00     0  00:00       0.646       0.646       0.881
  A19R                 JUNCTION      1.00     1.00     0  00:00       0.646       0.646       0.507
  A17R                 JUNCTION      1.00     1.00     0  00:00       0.646       0.646       0.279
  A09R                 JUNCTION      1.00     1.00     0  00:00       0.646       0.646       0.245
  A25R                 JUNCTION      1.00     1.00     0  00:00       0.646       0.646       1.308
  A131G1               JUNCTION      1.00     1.00     0  00:00       0.646       0.646       0.171
  A07                  OUTFALL       0.00     1.00     0  23:27           0        0.58       0.000
  A06                  STORAGE       1.00     1.00     0  00:00       0.646       0.646       1.409
  A02                  STORAGE       1.00     1.00     0  00:00       0.646       0.646       2.721
  A04                  STORAGE       0.00     2.14     0  04:45           0         0.6       7.774
  B01                  STORAGE       0.00     0.00     0  00:00           0           0       0.000 gal
  B02                  STORAGE       0.00     0.00     0  00:00           0           0       0.000 gal
  B04                  STORAGE       0.00     0.00     0  00:00           0           0       0.000 gal
  B15                  STORAGE       0.00     1.11     0  01:08           0      0.0718       5.246
  B17                  STORAGE       1.00     1.00     0  00:00       0.646       0.646       1.006
  B19                  STORAGE       1.00     1.00     0  00:00       0.646       0.646       0.976
  B07                  STORAGE       0.00     1.00     0  22:52           0       0.584       5.553
  B08                  STORAGE       0.00     1.18     0  15:02           0       0.498      33.570
  B09                  STORAGE       0.00     1.25     0  07:43           0        0.32     407.532
  B23                  STORAGE       0.00     0.98     0  01:17           0       0.617       0.531
  B24                  STORAGE       0.00     1.67     0  02:35           0       0.597       1.107
  B27                  STORAGE       0.00     1.53     0  00:16           0       0.133     159.056
  C101                 STORAGE       1.00     1.03     0  13:19       0.646       0.647       1.695
  A120                 STORAGE       1.00     2.20     0  04:36       0.646       0.667       0.032
  A124                 STORAGE       0.00     2.22     0  03:52           0       0.211       7.092
  A122                 STORAGE       1.00     2.20     0  04:36       0.646       0.667       0.032
  A126                 STORAGE       1.00     2.20     0  04:36       0.646       0.667       0.032
  A130                 STORAGE       0.00     2.22     0  03:52           0       0.211       7.092
  A128                 STORAGE       1.00     2.20     0  04:36       0.646       0.667       0.032
  A119                 STORAGE       0.00     0.00     0  00:00           0           0       0.000 gal
  A115                 STORAGE       0.00     0.00     0  00:00           0           0       0.000 gal
  A116                 STORAGE       0.00     0.00     0  00:00           0           0       0.000 gal
  A101                 STORAGE       0.00     0.58     0  00:29           0      0.0692       2.169
  A102                 STORAGE       0.00     0.00     0  00:00           0           0       0.000 gal
  A103                 STORAGE       0.00     0.00     0  00:00           0           0       0.000 gal
  A104                 STORAGE       0.00     0.00     0  00:00           0           0       0.000 gal
  A106                 STORAGE       0.00     0.00     0  00:00           0           0       0.000 gal
  Golf                 STORAGE       1.00     1.00     0  00:00       0.646       0.646       0.007
  A110                 STORAGE       0.00     1.00     0  23:21           0       0.584       1.122
  A108                 STORAGE       0.00     0.00     0  00:00           0           0       0.000 gal
  A112                 STORAGE       0.00     0.00     0  00:00           0           0       0.000 gal
  A113                 STORAGE       0.00     0.00     0  00:00           0           0       0.000 gal
  A114                 STORAGE       0.00     0.00     0  00:00           0           0       0.000 gal
  C02                  STORAGE       0.00     0.00     0  00:00           0           0       0.000 gal
  C115                 STORAGE       0.00     0.00     0  00:00           0           0       0.000 gal
  C113                 STORAGE       0.00     0.00     0  00:00           0           0       0.000 gal
  C23                  STORAGE       0.00     0.00     0  00:00           0           0       0.000 gal
  C16                  STORAGE       0.00     0.00     0  00:00           0           0       0.000 gal
  C18                  STORAGE       0.00     0.00     0  00:00           0           0       0.000 gal
  C22                  STORAGE       0.00     0.00     0  00:00           0           0       0.000 gal
  C24                  STORAGE       0.00     0.00     0  00:00           0           0       0.000 gal
  C32                  STORAGE       0.00     0.00     0  00:00           0           0       0.000 gal
  C114                 STORAGE       0.00     0.00     0  00:00           0           0       0.000 gal
  C108                 STORAGE       1.00     1.00     0  00:00       0.646       0.646       0.568
  C102                 STORAGE       0.00     1.07     0  13:18           0       0.501      23.206
  C103                 STORAGE       0.00     1.11     0  08:48           0       0.349      44.413
  C111                 STORAGE       0.00     1.03     0  08:04           0       0.114      17.735
  C110                 STORAGE       0.00     1.48     0  08:16           0       0.285      59.732
  C109                 STORAGE       0.00     1.04     0  21:50           0       0.514      50.600
  C104                 STORAGE       0.00     1.15     0  10:25           0       0.185      33.222
  C105                 STORAGE       0.00     1.13     0  11:53           0       0.082      21.968
  A28                  STORAGE       0.00     0.00     0  00:00           0           0       0.000 gal
  A30                  STORAGE       0.00     0.00     0  00:00           0           0       0.000 gal
  A31                  STORAGE       0.00     0.00     0  00:00           0           0       0.000 gal
  A09                  STORAGE       0.00     0.00     0  00:00           0           0       0.000 gal
  A19                  STORAGE       0.00     0.00     0  00:00           0           0       0.000 gal
  A21                  STORAGE       0.00     0.00     0  00:00           0           0       0.000 gal
  A23                  STORAGE       0.00     0.00     0  00:00           0           0       0.000 gal
  A24                  STORAGE       0.00     0.00     0  00:00           0           0       0.000 gal
  A25                  STORAGE       0.00     0.00     0  00:00           0           0       0.000 gal
  A109                 STORAGE       1.00     1.00     0  00:00       0.646       0.646       0.038
  A117                 STORAGE       1.00     1.00     0  00:00       0.646       0.646       0.054
  
  
  **********************
  Node Surcharge Summary
  **********************
  
  Surcharging occurs when water rises above the top of the highest conduit.
  ---------------------------------------------------------------------
                                               Max. Height   Min. Depth
                                   Hours       Above Crown    Below Rim
  Node                 Type      Surcharged           Feet         Feet
  ---------------------------------------------------------------------
  B13                  JUNCTION       22.35          0.000        0.000
  B18                  JUNCTION       21.90          0.000        0.000
  B25                  JUNCTION       21.35          0.000        0.000
  B26                  JUNCTION       18.77          0.000        0.000
  B31                  JUNCTION       23.35          0.000        0.000
  A125                 JUNCTION       24.00          0.000        0.000
  C20                  JUNCTION       23.19          0.000        0.000
  A131                 JUNCTION       24.00          0.000        0.000
  B27p2                JUNCTION       23.91          0.000        0.000
  B25P3                JUNCTION       23.86          0.000        0.000
  B15P2                JUNCTION        0.01          0.000        0.000
  B15P3                JUNCTION       23.84          0.000        0.000
  B12P2                JUNCTION        0.01          0.000        0.000
  B12R                 JUNCTION       23.89          0.000        0.000
  A07R                 JUNCTION       23.93          0.000        0.000
  B05R                 JUNCTION       22.90          0.000        0.000
  B06R                 JUNCTION       23.19          0.000        0.000
  B10R                 JUNCTION       23.00          0.000        0.000
  B09R                 JUNCTION       23.78          0.000        0.000
  A29R                 JUNCTION       23.65          0.000        0.000
  B04R                 JUNCTION       23.79          0.000        0.000
  B01R                 JUNCTION       22.48          0.000        0.000
  B02R                 JUNCTION       22.64          0.000        0.000
  B03R                 JUNCTION       17.25          0.000        0.000
  B18R                 JUNCTION       23.82          0.000        0.000
  B20R                 JUNCTION       23.91          0.000        0.000
  A24R                 JUNCTION       23.57          0.000        0.000
  A22R                 JUNCTION       23.14          0.000        0.000
  A20R                 JUNCTION       23.56          0.000        0.000
  A18R                 JUNCTION       23.86          0.000        0.000
  A16R                 JUNCTION       23.73          0.000        0.000
  A10R                 JUNCTION       23.88          0.000        0.000
  A27R                 JUNCTION       22.67          0.000        0.000
  A125G1               JUNCTION       23.93          0.000        0.000
  A119G1               JUNCTION       23.39          0.000        0.000
  A115G1               JUNCTION       23.87          0.000        0.000
  A116G1               JUNCTION       23.88          0.000        0.000
  A113G1               JUNCTION       23.88          0.000        0.000
  A101R                JUNCTION       23.75          0.000        0.000
  A102R                JUNCTION       23.58          0.000        0.000
  A103R                JUNCTION       23.53          0.000        0.000
  A104G1               JUNCTION       23.85          0.000        0.000
  A106G1               JUNCTION       23.97          0.000        0.000
  A108G1               JUNCTION       23.77          0.000        0.000
  A112G1               JUNCTION       23.86          0.000        0.000
  A118R                JUNCTION       23.03          0.000        0.000
  A114G1               JUNCTION       23.87          0.000        0.000
  A111R                JUNCTION       23.94          0.000        0.000
  C33R                 JUNCTION       21.99          0.000        0.000
  C23R                 JUNCTION       23.16          0.000        0.000
  C20R                 JUNCTION       23.95          0.000        0.000
  C18R                 JUNCTION       23.85          0.000        0.000
  C16R                 JUNCTION       23.92          0.000        0.000
  C107R                JUNCTION       23.96          0.000        0.000
  C22R                 JUNCTION       23.37          0.000        0.000
  C24R                 JUNCTION       23.28          0.000        0.000
  C25R                 JUNCTION       23.54          0.000        0.000
  C26R                 JUNCTION       23.50          0.000        0.000
  C27R                 JUNCTION       23.43          0.000        0.000
  C28R                 JUNCTION       22.90          0.000        0.000
  C02R                 JUNCTION       23.77          0.000        0.000
  C03R                 JUNCTION       23.26          0.000        0.000
  C04R                 JUNCTION       23.49          0.000        0.000
  C06R                 JUNCTION       20.85          0.000        0.000
  C01R                 JUNCTION       23.90          0.000        0.000
  C05R                 JUNCTION       23.74          0.000        0.000
  C105w2               JUNCTION       23.96          0.000        0.000
  C111W2               JUNCTION       23.96          0.000        0.000
  A28R                 JUNCTION       23.19          0.000        0.000
  A30R                 JUNCTION       23.91          0.000        0.000
  A26R                 JUNCTION       23.66          0.000        0.000
  A31R                 JUNCTION       23.92          0.000        0.000
  A23R                 JUNCTION       23.92          0.000        0.000
  A21R                 JUNCTION       23.79          0.000        0.000
  A19R                 JUNCTION       23.88          0.000        0.000
  A17R                 JUNCTION       23.93          0.000        0.000
  A09R                 JUNCTION       23.94          0.000        0.000
  A25R                 JUNCTION       23.69          0.000        0.000
  A131G1               JUNCTION       23.96          0.000        0.000
  
  
  *********************
  Node Flooding Summary
  *********************
  
  Flooding refers to all water that overflows a node, whether it ponds or not.
  --------------------------------------------------------------------------
                                                             Total   Maximum
                                 Maximum   Time of Max       Flood    Ponded
                        Hours       Rate    Occurrence      Volume     Depth
  Node                 Flooded       CFS   days hr:min    10^6 gal      Feet
  --------------------------------------------------------------------------
  B13                    22.35      1.73      0  01:40       0.602     0.000
  B18                    21.90      1.00      0  23:22       0.589     0.000
  B25                    21.35      1.45      0  02:40       0.562     0.000
  B26                    18.77      1.52      0  05:21       0.505     0.000
  B31                    23.35      1.61      0  00:40       0.629     0.000
  A111                   23.97      1.00      0  00:02       0.645     0.000
  C01                    23.97      1.05      0  00:01       0.646     0.000
  C20                    23.19      1.08      0  00:51       0.624     0.000
  C05                    23.97      1.05      0  00:02       0.645     0.000
  B27p2                  23.91      1.16      0  00:05       0.644     0.000
  B25P3                  23.86      1.23      0  00:08       0.643     0.000
  B15P2                   0.01      0.42      0  00:09       0.000     0.000
  B15P3                  23.84      1.17      0  00:09       0.642     0.000
  B12P2                   0.01      1.00      0  00:06       0.000     0.000
  B12R                   23.89      1.50      0  00:07       0.643     0.000
  A07R                   23.93      1.00      0  00:03       0.645     0.000
  B05R                   22.90      1.00      0  01:05       0.617     0.000
  B06R                   23.19      1.00      0  00:48       0.625     0.000
  B10R                   23.00      1.00      0  01:00       0.619     0.000
  B09R                   23.78      1.00      0  00:13       0.640     0.000
  A29R                   23.65      1.00      0  00:20       0.637     0.000
  B04R                   23.79      1.00      0  00:12       0.640     0.000
  B01R                   22.48      1.00      0  01:31       0.605     0.000
  B02R                   22.64      1.00      0  01:21       0.610     0.000
  B03R                   17.25      1.00      0  06:45       0.464     0.000
  B18R                   23.82      2.00      0  23:09       1.245     0.000
  B20R                   23.91      1.02      0  23:15       0.657     0.000
  A24R                   23.57      1.00      0  00:25       0.635     0.000
  A22R                   23.14      1.61      0  22:53       0.976     0.000
  A20R                   23.56      1.00      0  00:26       0.634     0.000
  A18R                   23.86      1.00      0  00:08       0.642     0.000
  A16R                   23.73      1.00      0  00:16       0.639     0.000
  A10R                   23.88      1.00      0  00:07       0.643     0.000
  A27R                   22.67      1.00      0  01:19       0.610     0.000
  A124W2                 23.97      1.00      0  00:02       0.645     0.000
  A125G1                 23.93      1.00      0  00:03       0.645     0.000
  A130W2                 23.97      1.00      0  00:02       0.645     0.000
  A119G1                 23.39      1.00      0  00:36       0.630     0.000
  A115G1                 23.87      1.00      0  00:07       0.643     0.000
  A116G1                 23.88      1.39      0  22:52       0.872     0.000
  A113G1                 23.88      1.00      0  00:07       0.643     0.000
  A101R                  23.75      1.00      0  00:15       0.639     0.000
  A102R                  23.58      1.00      0  00:24       0.635     0.000
  A103R                  23.53      1.00      0  00:28       0.634     0.000
  A104G1                 23.85      1.95      0  13:57       1.090     0.000
  A106G1                 23.97      2.05      0  13:45       1.136     0.000
  A108G1                 23.77      1.00      0  00:13       0.640     0.000
  A112G1                 23.86      1.00      0  00:08       0.642     0.000
  A118R                  23.03      1.00      0  00:58       0.620     0.000
  A114G1                 23.87      1.00      0  00:07       0.643     0.000
  A111R                  23.94      1.00      0  00:03       0.645     0.000
  C33R                   21.99      1.00      0  02:00       0.592     0.000
  C23R                   23.16      1.42      0  00:51       0.624     0.000
  C20R                   23.95      1.00      0  00:03       0.645     0.000
  C18R                   23.85      1.26      0  00:09       0.642     0.000
  C16R                   23.92      1.00      0  00:04       0.644     0.000
  C107R                  23.96      1.00      0  00:02       0.645     0.000
  C22R                   23.37      1.00      0  00:38       0.629     0.000
  C24R                   23.28      1.00      0  00:43       0.627     0.000
  C25R                   23.54      1.00      0  00:27       0.634     0.000
  C26R                   23.50      1.00      0  00:30       0.633     0.000
  C27R                   23.43      1.00      0  00:34       0.631     0.000
  C28R                   22.90      1.00      0  01:06       0.617     0.000
  C02R                   23.77      1.00      0  00:13       0.640     0.000
  C03R                   23.26      1.00      0  00:44       0.626     0.000
  C04R                   23.49      1.00      0  00:30       0.633     0.000
  C06R                   20.85      1.00      0  03:09       0.561     0.000
  C01R                   23.90      1.00      0  00:06       0.644     0.000
  C05R                   23.74      1.00      0  00:15       0.639     0.000
  C105w2                 23.96      1.62      0  00:05       0.645     0.000
  C111W2                 23.96      1.61      0  00:14       0.646     0.000
  A28R                   23.19      1.00      0  00:48       0.624     0.000
  A30R                   23.91      1.00      0  00:05       0.644     0.000
  A26R                   23.66      1.00      0  00:20       0.637     0.000
  A31R                   23.92      1.00      0  00:05       0.644     0.000
  A23R                   23.92      1.00      0  00:04       0.644     0.000
  A21R                   23.79      1.00      0  00:12       0.641     0.000
  A19R                   23.88      1.00      0  00:07       0.643     0.000
  A17R                   23.93      1.00      0  00:04       0.644     0.000
  A09R                   23.94      1.00      0  00:03       0.645     0.000
  A25R                   23.69      1.00      0  00:18       0.638     0.000
  A131G1                 23.96      1.00      0  00:02       0.645     0.000
  A120                   19.28      1.86      0  04:41       0.459     0.000
  A124                   19.33      1.02      0  04:40       0.122     0.000
  A122                   19.28      1.86      0  04:41       0.459     0.000
  A126                   19.28      1.86      0  04:41       0.459     0.000
  A130                   19.33      1.02      0  04:40       0.122     0.000
  A128                   19.28      1.86      0  04:41       0.459     0.000
  C108                    2.27      0.88      1  00:00       0.046     0.000
  C109                    1.80      1.04      0  21:50       0.015     0.000
  
  
  **********************
  Storage Volume Summary
  **********************
  
  ------------------------------------------------------------------------------------------------
                         Average    Avg   Evap  Exfil     Maximum    Max    Time of Max    Maximum
                          Volume   Pcnt   Pcnt   Pcnt      Volume   Pcnt     Occurrence    Outflow
  Storage Unit          1000 ft³   Full   Loss   Loss    1000 ft³   Full    days hr:min        CFS
  ------------------------------------------------------------------------------------------------
  A06                      7.440   74.4    0.0    0.0       7.711   77.1       0  23:12       1.00
  A02                      7.771   77.7    0.0    0.0       8.166   81.7       0  13:16       1.02
  A04                      6.899   69.0    0.0    0.0       8.065   80.7       0  14:16       1.05
  B01                      0.000    0.0    0.0    0.0       0.000    0.0       0  00:00       0.00
  B02                      0.000    0.0    0.0    0.0       0.000    0.0       0  00:00       0.00
  B04                      0.000    0.0    0.0    0.0       0.000    0.0       0  00:00       0.00
  B15                      4.754   47.5    0.0    0.0       4.878   48.8       0  01:39       0.73
  B17                      5.351   53.5    0.0    0.0       5.488   54.9       0  23:18       1.00
  B19                      4.564   45.6    0.0    0.0       4.665   46.7       0  23:08       1.00
  B07                      5.954   59.5    0.0    0.0       7.419   74.2       1  00:00       1.18
  B08                      4.931   49.3    0.0    0.0       7.119   71.2       1  00:00       1.25
  B09                      4.927   49.3    0.0    0.0       8.419   84.2       1  00:00       0.00
  B23                      2.388   23.9    0.0    0.0       2.486   24.9       0  02:05       1.23
  B24                      2.293   22.9    0.0    0.0       2.447   24.5       0  02:39       1.45
  B27                      2.128   21.3    0.0    0.0       2.270   22.7       0  05:17       0.52
  C101                     8.382   83.8    0.0    0.0       9.994   99.9       1  00:00       1.07
  A120                     9.490   94.9    0.0    0.0      10.000  100.0       0  04:40       2.40
  A124                     8.757   87.6    0.0    0.0      10.000  100.0       0  04:40       0.00
  A122                     9.490   94.9    0.0    0.0      10.000  100.0       0  04:40       2.40
  A126                     9.490   94.9    0.0    0.0      10.000  100.0       0  04:40       2.40
  A130                     8.757   87.6    0.0    0.0      10.000  100.0       0  04:40       0.00
  A128                     9.490   94.9    0.0    0.0      10.000  100.0       0  04:40       2.40
  A119                     0.000    0.0    0.0    0.0       0.000    0.0       0  00:00       0.00
  A115                     0.000    0.0    0.0    0.0       0.000    0.0       0  00:00       0.00
  A116                     0.000    0.0    0.0    0.0       0.000    0.0       0  00:00       0.00
  A101                     7.382   73.8    0.0    0.0       8.994   89.9       1  00:00       0.03
  A102                     0.000    0.0    0.0    0.0       0.000    0.0       0  00:00       0.00
  A103                     0.000    0.0    0.0    0.0       0.000    0.0       0  00:00       0.00
  A104                     0.000    0.0    0.0    0.0       0.000    0.0       0  00:00       0.00
  A106                     0.000    0.0    0.0    0.0       0.000    0.0       0  00:00       0.00
  Golf                     7.970   79.7    0.0    0.0       8.282   82.8       0  03:25       1.00
  A110                     6.430   64.3    0.0    0.0       7.321   73.2       0  04:44       1.14
  A108                     0.000    0.0    0.0    0.0       0.000    0.0       0  00:00       0.00
  A112                     0.000    0.0    0.0    0.0       0.000    0.0       0  00:00       0.00
  A113                     0.000    0.0    0.0    0.0       0.000    0.0       0  00:00       0.00
  A114                     0.000    0.0    0.0    0.0       0.000    0.0       0  00:00       0.00
  C02                      0.000    0.0    0.0    0.0       0.000    0.0       0  00:00       0.00
  C115                     0.000    0.0    0.0    0.0       0.000    0.0       0  00:00       0.00
  C113                     0.000    0.0    0.0    0.0       0.000    0.0       0  00:00       0.00
  C23                      0.000    0.0    0.0    0.0       0.000    0.0       0  00:00       0.00
  C16                      0.000    0.0    0.0    0.0       0.000    0.0       0  00:00       0.00
  C18                      0.000    0.0    0.0    0.0       0.000    0.0       0  00:00       0.00
  C22                      0.000    0.0    0.0    0.0       0.000    0.0       0  00:00       0.00
  C24                      0.000    0.0    0.0    0.0       0.000    0.0       0  00:00       0.00
  C32                      0.000    0.0    0.0    0.0       0.000    0.0       0  00:00       0.00
  C114                     0.000    0.0    0.0    0.0       0.000    0.0       0  00:00       0.00
  C108                     8.948   89.5    0.0    0.0      10.000  100.0       0  21:44       1.00
  C102                     6.220   62.2    0.0    0.0       8.992   89.9       1  00:00       1.11
  C103                     5.718   57.2    0.0    0.0       8.992   89.9       1  00:00       1.15
  C111                     6.549   65.5    0.0    0.0       9.956   99.6       0  21:48       0.63
  C110                     6.556   65.6    0.0    0.0       9.506   95.1       0  21:47       1.03
  C109                     7.504   75.0    0.0    0.0      10.000  100.0       0  21:45       1.01
  C104                     5.326   53.3    0.0    0.0       8.992   89.9       1  00:00       1.13
  C105                     4.963   49.6    0.0    0.0       8.991   89.9       1  00:00       0.02
  A28                      0.000    0.0    0.0    0.0       0.000    0.0       0  00:00       0.00
  A30                      0.000    0.0    0.0    0.0       0.000    0.0       0  00:00       0.00
  A31                      0.000    0.0    0.0    0.0       0.000    0.0       0  00:00       0.00
  A09                      0.000    0.0    0.0    0.0       0.000    0.0       0  00:00       0.00
  A19                      0.000    0.0    0.0    0.0       0.000    0.0       0  00:00       0.00
  A21                      0.000    0.0    0.0    0.0       0.000    0.0       0  00:00       0.00
  A23                      0.000    0.0    0.0    0.0       0.000    0.0       0  00:00       0.00
  A24                      0.000    0.0    0.0    0.0       0.000    0.0       0  00:00       0.00
  A25                      0.000    0.0    0.0    0.0       0.000    0.0       0  00:00       0.00
  A109                     8.011   80.1    0.0    0.0       8.326   83.3       0  03:38       1.00
  A117                     8.034   80.3    0.0    0.0       8.351   83.5       0  03:52       1.00
  
  
  ***********************
  Outfall Loading Summary
  ***********************
  
  -----------------------------------------------------------
                         Flow       Avg       Max       Total
                         Freq      Flow      Flow      Volume
  Outfall Node           Pcnt       CFS       CFS    10^6 gal
  -----------------------------------------------------------
  A07                   93.05      0.98      1.00       0.580
  -----------------------------------------------------------
  System                93.05      0.98      1.00       0.580
  
  
  ********************
  Link Flow Summary
  ********************
  
  -----------------------------------------------------------------------------
                                 Maximum  Time of Max   Maximum    Max/    Max/
                                  |Flow|   Occurrence   |Veloc|    Full    Full
  Link                 Type          CFS  days hr:min    ft/sec    Flow   Depth
  -----------------------------------------------------------------------------
  A06C                 CONDUIT      1.00     0  23:27      0.70    0.05    0.14
  A08C                 CONDUIT      0.00     0  00:00      0.00    0.00    0.00
  A03C                 CONDUIT      1.03     0  04:44      0.62    0.05    0.85
  A04C                 CONDUIT      1.14     0  04:45      0.91    0.03    0.46
  B11C                 CONDUIT      0.00     0  00:00      0.00    0.00    0.00
  B13C                 CONDUIT      1.11     0  01:08      0.97    0.03    1.00
  B17C                 CONDUIT      1.00     0  23:18      0.56    0.26    0.74
  B21C                 CONDUIT      0.02     0  23:21      0.17    0.00    0.04
  B19C                 CONDUIT      1.00     0  23:09      0.66    0.33    0.45
  B16C                 CONDUIT      1.00     0  02:19      0.19    0.02    0.49
  B07C                 CONDUIT      1.18     0  15:02      0.80    0.04    0.98
  B22C                 CONDUIT      0.98     0  01:17      1.46    0.01    0.10
  B23C                 CONDUIT      1.23     0  02:19      1.02    0.03    0.23
  B24C                 CONDUIT      1.45     0  02:40      0.86    0.02    0.68
  B26C                 CONDUIT      1.53     0  00:16      0.89    0.05    1.00
  B28C                 CONDUIT      1.93     0  00:00      2.65    0.01    0.50
  B29P                 CONDUIT      1.30     0  00:40      1.44    0.01    0.15
  B27p1                CONDUIT      0.76     0  00:01      0.69    0.01    0.87
  B25P1                CONDUIT      1.33     0  00:04      2.55    0.03    0.94
  B15P1                CONDUIT      1.19     0  00:09      1.95    0.11    1.00
  B12P1                CONDUIT      2.13     0  00:07      2.29    0.08    1.00
  B08C                 CONDUIT      1.25     0  07:43      1.15    0.02    1.00
  A07P1                CONDUIT      0.00     0  00:00      0.00    0.00    0.50
  B30C                 CONDUIT      1.61     0  00:40      0.64    0.05    0.94
  B05P1                CONDUIT      0.00     0  00:00      0.00    0.00    0.50
  B06P1                CONDUIT      0.00     0  00:00      0.00    0.00    0.50
  B10P1                CONDUIT      0.00     0  00:00      0.00    0.00    0.50
  B09P1                CONDUIT      0.00     0  00:00      0.00    0.00    0.50
  A29P1                CONDUIT      0.00     0  00:00      0.00    0.00    0.50
  B04P1                CONDUIT      0.00     0  00:00      0.00    0.00    0.50
  B01P1                CONDUIT      0.00     0  00:00      0.00    0.00    0.50
  B02P1                CONDUIT      0.00     0  00:00      0.00    0.00    0.50
  B03P1                CONDUIT      0.00     0  00:00      0.00    0.00    0.50
  B18P                 CONDUIT      1.00     0  23:08      0.56    0.03    0.56
  B20P1                CONDUIT      0.02     0  23:15      0.01    0.00    0.50
  A24P1                CONDUIT      0.00     0  00:00      0.00    0.00    0.50
  A22P1                CONDUIT      0.61     0  03:52      0.08    0.00    0.52
  A20P1                CONDUIT      0.00     0  00:00      0.00    0.00    0.50
  A18P1                CONDUIT      0.00     0  00:00      0.00    0.00    0.50
  A16P1                CONDUIT      0.00     0  00:00      0.00    0.00    0.50
  A10P1                CONDUIT      0.00     0  00:00      0.00    0.00    0.50
  A27P1                CONDUIT      0.00     0  00:00      0.00    0.00    0.50
  A121P1               CONDUIT      1.11     0  03:52      2.16    0.06    0.65
  A125P1               CONDUIT      0.00     0  00:00      0.00    0.00    0.50
  A132P1               CONDUIT      0.00     0  00:00      0.00    0.00    0.00
  A123P1               CONDUIT      1.11     0  03:52      2.16    0.06    0.65
  A127P1               CONDUIT      1.11     0  03:52      2.16    0.06    0.65
  A129P1               CONDUIT      1.11     0  03:52      2.16    0.06    0.65
  A119P1               CONDUIT      0.00     0  00:00      0.00    0.00    0.50
  A115P1               CONDUIT      0.00     0  00:00      0.00    0.00    0.50
  A116P1               CONDUIT      0.39     0  03:52      0.15    0.00    0.52
  A113P1               CONDUIT      0.00     0  00:00      0.00    0.00    0.50
  A101P1               CONDUIT      0.00     0  00:00      0.00    0.00    0.50
  A102P1               CONDUIT      0.00     0  00:00      0.00    0.00    0.50
  A103P1               CONDUIT      0.00     0  00:00      0.00    0.00    0.50
  A104P1               CONDUIT      0.95     0  13:57      0.25    0.01    0.53
  A106P1               CONDUIT      1.05     0  13:45      2.21    0.06    0.58
  A108P1               CONDUIT      0.00     0  00:00      0.00    0.00    0.50
  A112P1               CONDUIT      0.00     0  00:00      0.00    0.00    0.50
  A118P1               CONDUIT      0.00     0  00:00      0.00    0.00    0.50
  A114P1               CONDUIT      0.00     0  00:00      0.00    0.00    0.50
  A02C                 CONDUIT      1.02     0  02:33      0.60    0.08    0.86
  A105C                CONDUIT      0.95     0  11:18      0.17    0.02    0.52
  A107C                CONDUIT      1.05     0  11:57      0.20    0.02    0.49
  A111P1               CONDUIT      0.00     0  00:00      0.00    0.00    0.50
  Golf_p1              CONDUIT      1.00     0  22:52      5.50    0.17    0.35
  C17C                 CONDUIT      0.00     0  00:00      0.00    0.00    0.00
  C19C                 CONDUIT      1.08     0  00:51      0.84    0.03    0.85
  C21C                 CONDUIT      0.00     0  00:00      0.00    0.00    0.00
  C29P                 CONDUIT      0.00     0  00:00      0.00    0.00    0.00
  C30P                 CONDUIT      0.00     0  00:00      0.00    0.00    0.00
  C31C                 CONDUIT      0.00     0  00:00      0.00    0.00    0.00
  C32C                 CONDUIT      0.00     0  00:00      0.00    0.00    0.00
  C33P1                CONDUIT      0.00     0  00:00      0.00    0.00    0.50
  C23P1                CONDUIT      1.43     0  00:51      1.37    0.09    0.96
  C20P1                CONDUIT      0.00     0  00:00      0.00    0.00    0.50
  C18P1                CONDUIT      1.26     0  00:09      2.15    0.12    0.98
  C16P1                CONDUIT      0.00     0  00:00      0.00    0.00    0.50
  C107P1               CONDUIT      0.00     0  00:00      0.00    0.00    0.50
  C34C                 CONDUIT      0.00     0  00:00      0.00    0.00    0.00
  C22P1                CONDUIT      0.00     0  00:00      0.00    0.00    0.50
  C24P1                CONDUIT      0.00     0  00:00      0.00    0.00    0.50
  C25P1                CONDUIT      0.00     0  00:00      0.00    0.00    0.50
  C26P1                CONDUIT      0.00     0  00:00      0.00    0.00    0.50
  C27P1                CONDUIT      0.00     0  00:00      0.00    0.00    0.50
  C28P1                CONDUIT      0.00     0  00:00      0.00    0.00    0.50
  C02P1                CONDUIT      0.00     0  00:00      0.00    0.00    0.50
  C03P1                CONDUIT      0.00     0  00:00      0.00    0.00    0.50
  C04P1                CONDUIT      0.00     0  00:00      0.00    0.00    0.50
  C06P1                CONDUIT      0.00     0  00:00      0.00    0.00    0.50
  C01P1                CONDUIT      0.00     0  00:00      0.00    0.00    0.50
  C05P1                CONDUIT      0.00     0  00:00      0.00    0.00    0.50
  C112P1               CONDUIT      0.00     0  00:00      0.00    0.00    0.00
  C108P1               CONDUIT      1.00     0  17:04      0.81    0.04    0.64
  C101P1               CONDUIT      1.07     0  13:18      1.93    0.07    0.75
  C106P1               CONDUIT      0.00     0  00:00      0.00    0.00    0.00
  C113P1               CONDUIT      0.00     0  00:00      0.00    0.00    0.00
  A28P1                CONDUIT      0.00     0  00:00      0.00    0.00    0.50
  A30P1                CONDUIT      0.00     0  00:00      0.00    0.00    0.50
  A26P1                CONDUIT      0.00     0  00:00      0.00    0.00    0.50
  A31P1                CONDUIT      0.00     0  00:00      0.00    0.00    0.50
  A23P1                CONDUIT      0.00     0  00:00      0.00    0.00    0.50
  A21P1                CONDUIT      0.00     0  00:00      0.00    0.00    0.50
  A19P1                CONDUIT      0.00     0  00:00      0.00    0.00    0.50
  A17P1                CONDUIT      0.00     0  00:00      0.00    0.00    0.50
  A09P1                CONDUIT      0.00     0  00:00      0.00    0.00    0.50
  A25P1                CONDUIT      0.00     0  00:00      0.00    0.00    0.50
  A109P1               CONDUIT      1.00     0  23:21      3.00    0.06    0.16
  A117p1               CONDUIT      1.00     0  23:01      3.17    0.12    0.23
  A131P1               CONDUIT      0.00     0  00:00      0.00    0.00    0.50
  A120P1               CONDUIT      2.40     0  04:33      2.92    0.14    0.56
  A122P1               CONDUIT      2.40     0  04:33      2.92    0.14    0.56
  A128P1               CONDUIT      2.40     0  04:33      2.92    0.14    0.56
  A126P1               CONDUIT      2.40     0  04:33      2.92    0.14    0.56
  C14C                 CONDUIT      1.00     0  04:09      1.49    0.01    1.00
  C109C                CONDUIT      1.01     0  08:09      0.27    0.03    1.00
  C102C                CONDUIT      1.11     0  08:48      0.60    0.11    1.00
  C103C                CONDUIT      1.15     0  10:25      0.74    0.06    1.00
  C104C                CONDUIT      1.13     0  11:53      0.82    0.06    1.00
  C110C                CONDUIT      1.03     0  08:04      1.38    0.01    1.00
  632                  CONDUIT      0.58     0  00:29      1.13    0.16    1.00
  A110W1               WEIR         1.00     0  00:02                      0.42
  A124W1               WEIR         1.00     0  00:02                      0.42
  A130W1               WEIR         1.00     0  00:02                      0.42
  C114w1               WEIR         1.18     0  00:01                      0.19
  C105w1               WEIR         2.42     0  00:06                      1.00
  C115w1               WEIR         1.15     0  00:02                      0.23
  C111W1               WEIR         2.35     0  00:06                      1.00
  
  
  ***************************
  Flow Classification Summary
  ***************************
  
  -------------------------------------------------------------------------------------
                      Adjusted    ---------- Fraction of Time in Flow Class ---------- 
                       /Actual         Up    Down  Sub   Sup   Up    Down  Norm  Inlet 
  Conduit               Length    Dry  Dry   Dry   Crit  Crit  Crit  Crit  Ltd   Ctrl  
  -------------------------------------------------------------------------------------
  A06C                    1.00   0.09  0.00  0.00  0.00  0.00  0.00  0.91  0.00  0.00
  A08C                    1.00   1.00  0.00  0.00  0.00  0.00  0.00  0.00  0.00  0.00
  A03C                    1.00   0.09  0.01  0.00  0.80  0.00  0.10  0.00  0.00  0.00
  A04C                    1.00   0.18  0.00  0.00  0.80  0.00  0.00  0.02  0.80  0.00
  B11C                    1.00   1.00  0.00  0.00  0.00  0.00  0.00  0.00  0.00  0.00
  B13C                    1.00   0.00  0.00  0.00  0.95  0.00  0.00  0.05  0.00  0.00
  B17C                    1.00   0.06  0.00  0.00  0.93  0.00  0.00  0.01  0.93  0.00
  B21C                    1.00   0.02  0.00  0.00  0.95  0.00  0.00  0.03  0.00  0.00
  B19C                    1.00   0.05  0.00  0.00  0.94  0.00  0.00  0.01  0.00  0.00
  B16C                    1.00   0.00  0.02  0.00  0.00  0.00  0.98  0.00  0.00  0.00
  B07C                    1.00   0.17  0.00  0.00  0.73  0.00  0.00  0.09  0.09  0.00
  B22C                    1.00   0.02  0.00  0.00  0.94  0.00  0.00  0.04  0.94  0.00
  B23C                    1.00   0.05  0.00  0.00  0.91  0.00  0.00  0.04  0.90  0.00
  B24C                    1.00   0.08  0.00  0.00  0.91  0.00  0.00  0.00  0.01  0.00
  B26C                    1.00   0.00  0.00  0.00  0.99  0.00  0.00  0.01  0.06  0.00
  B28C                    1.00   0.00  0.00  0.00  1.00  0.00  0.00  0.00  1.00  0.00
  B29P                    1.00   0.00  0.00  0.00  0.99  0.00  0.00  0.00  0.00  0.00
  B27p1                   1.00   0.00  0.00  0.00  1.00  0.00  0.00  0.00  0.00  0.00
  B25P1                   1.00   0.00  0.00  0.00  1.00  0.00  0.00  0.00  0.00  0.00
  B15P1                   1.00   0.00  0.00  0.00  1.00  0.00  0.00  0.00  0.00  0.00
  B12P1                   1.00   0.00  0.00  0.00  1.00  0.00  0.00  0.00  0.00  0.00
  B08C                    1.00   0.25  0.00  0.00  0.68  0.00  0.00  0.07  0.30  0.00
  A07P1                   1.00   0.00  1.00  0.00  0.00  0.00  0.00  0.00  0.00  0.00
  B30C                    1.00   0.00  0.00  0.00  1.00  0.00  0.00  0.00  0.00  0.00
  B05P1                   1.00   0.00  1.00  0.00  0.00  0.00  0.00  0.00  0.00  0.00
  B06P1                   1.00   0.00  1.00  0.00  0.00  0.00  0.00  0.00  0.00  0.00
  B10P1                   1.00   0.00  1.00  0.00  0.00  0.00  0.00  0.00  0.00  0.00
  B09P1                   1.00   0.00  1.00  0.00  0.00  0.00  0.00  0.00  0.00  0.00
  A29P1                   1.00   0.00  1.00  0.00  0.00  0.00  0.00  0.00  0.00  0.00
  B04P1                   1.00   0.00  1.00  0.00  0.00  0.00  0.00  0.00  0.00  0.00
  B01P1                   1.00   0.00  1.00  0.00  0.00  0.00  0.00  0.00  0.00  0.00
  B02P1                   1.00   0.00  1.00  0.00  0.00  0.00  0.00  0.00  0.00  0.00
  B03P1                   1.00   0.00  1.00  0.00  0.00  0.00  0.00  0.00  0.00  0.00
  B18P                    1.00   0.00  0.05  0.00  0.94  0.00  0.00  0.00  0.94  0.00
  B20P1                   1.00   0.00  0.05  0.00  0.95  0.00  0.00  0.00  0.95  0.00
  A24P1                   1.00   0.00  1.00  0.00  0.00  0.00  0.00  0.00  0.00  0.00
  A22P1                   1.00   0.00  0.10  0.00  0.90  0.00  0.00  0.00  0.90  0.00
  A20P1                   1.00   0.00  1.00  0.00  0.00  0.00  0.00  0.00  0.00  0.00
  A18P1                   1.00   0.00  1.00  0.00  0.00  0.00  0.00  0.00  0.00  0.00
  A16P1                   1.00   0.00  1.00  0.00  0.00  0.00  0.00  0.00  0.00  0.00
  A10P1                   1.00   0.00  1.00  0.00  0.00  0.00  0.00  0.00  0.00  0.00
  A27P1                   1.00   0.00  1.00  0.00  0.00  0.00  0.00  0.00  0.00  0.00
  A121P1                  1.00   0.11  0.00  0.00  0.84  0.00  0.00  0.05  0.01  0.00
  A125P1                  1.00   0.00  1.00  0.00  0.00  0.00  0.00  0.00  0.00  0.00
  A132P1                  1.00   1.00  0.00  0.00  0.00  0.00  0.00  0.00  0.00  0.00
  A123P1                  1.00   0.11  0.00  0.00  0.84  0.00  0.00  0.05  0.01  0.00
  A127P1                  1.00   0.11  0.00  0.00  0.84  0.00  0.00  0.05  0.01  0.00
  A129P1                  1.00   0.11  0.00  0.00  0.84  0.00  0.00  0.05  0.01  0.00
  A119P1                  1.00   0.00  1.00  0.00  0.00  0.00  0.00  0.00  0.00  0.00
  A115P1                  1.00   0.00  1.00  0.00  0.00  0.00  0.00  0.00  0.00  0.00
  A116P1                  1.00   0.00  0.10  0.00  0.90  0.00  0.00  0.00  0.90  0.00
  A113P1                  1.00   0.00  1.00  0.00  0.00  0.00  0.00  0.00  0.00  0.00
  A101P1                  1.00   0.00  1.00  0.00  0.00  0.00  0.00  0.00  0.00  0.00
  A102P1                  1.00   0.00  1.00  0.00  0.00  0.00  0.00  0.00  0.00  0.00
  A103P1                  1.00   0.00  1.00  0.00  0.00  0.00  0.00  0.00  0.00  0.00
  A104P1                  1.00   0.00  0.26  0.00  0.74  0.00  0.00  0.00  0.74  0.00
  A106P1                  1.00   0.00  0.26  0.00  0.74  0.00  0.00  0.00  0.74  0.00
  A108P1                  1.00   0.00  1.00  0.00  0.00  0.00  0.00  0.00  0.00  0.00
  A112P1                  1.00   0.00  1.00  0.00  0.00  0.00  0.00  0.00  0.00  0.00
  A118P1                  1.00   0.00  1.00  0.00  0.00  0.00  0.00  0.00  0.00  0.00
  A114P1                  1.00   0.00  1.00  0.00  0.00  0.00  0.00  0.00  0.00  0.00
  A02C                    1.00   0.08  0.00  0.00  0.90  0.00  0.00  0.01  0.00  0.00
  A105C                   1.00   0.09  0.16  0.00  0.74  0.00  0.01  0.00  0.00  0.00
  A107C                   1.00   0.19  0.06  0.00  0.74  0.00  0.01  0.00  0.00  0.00
  A111P1                  1.00   0.00  1.00  0.00  0.00  0.00  0.00  0.00  0.00  0.00
  Golf_p1                 1.00   0.09  0.00  0.00  0.00  0.05  0.00  0.86  0.05  0.00
  C17C                    1.00   1.00  0.00  0.00  0.00  0.00  0.00  0.00  0.00  0.00
  C19C                    1.00   0.00  0.00  0.00  0.99  0.00  0.00  0.00  0.01  0.00
  C21C                    1.00   1.00  0.00  0.00  0.00  0.00  0.00  0.00  0.00  0.00
  C29P                    1.00   1.00  0.00  0.00  0.00  0.00  0.00  0.00  0.00  0.00
  C30P                    1.00   1.00  0.00  0.00  0.00  0.00  0.00  0.00  0.00  0.00
  C31C                    1.00   1.00  0.00  0.00  0.00  0.00  0.00  0.00  0.00  0.00
  C32C                    1.00   1.00  0.00  0.00  0.00  0.00  0.00  0.00  0.00  0.00
  C33P1                   1.00   0.00  1.00  0.00  0.00  0.00  0.00  0.00  0.00  0.00
  C23P1                   1.00   0.00  0.00  0.00  1.00  0.00  0.00  0.00  0.00  0.00
  C20P1                   1.00   0.00  1.00  0.00  0.00  0.00  0.00  0.00  0.00  0.00
  C18P1                   1.00   0.00  0.00  0.00  1.00  0.00  0.00  0.00  0.00  0.00
  C16P1                   1.00   0.00  1.00  0.00  0.00  0.00  0.00  0.00  0.00  0.00
  C107P1                  1.00   0.00  1.00  0.00  0.00  0.00  0.00  0.00  0.00  0.00
  C34C                    1.00   1.00  0.00  0.00  0.00  0.00  0.00  0.00  0.00  0.00
  C22P1                   1.00   0.00  1.00  0.00  0.00  0.00  0.00  0.00  0.00  0.00
  C24P1                   1.00   0.00  1.00  0.00  0.00  0.00  0.00  0.00  0.00  0.00
  C25P1                   1.00   0.00  1.00  0.00  0.00  0.00  0.00  0.00  0.00  0.00
  C26P1                   1.00   0.00  1.00  0.00  0.00  0.00  0.00  0.00  0.00  0.00
  C27P1                   1.00   0.00  1.00  0.00  0.00  0.00  0.00  0.00  0.00  0.00
  C28P1                   1.00   0.00  1.00  0.00  0.00  0.00  0.00  0.00  0.00  0.00
  C02P1                   1.00   0.00  1.00  0.00  0.00  0.00  0.00  0.00  0.00  0.00
  C03P1                   1.00   0.00  1.00  0.00  0.00  0.00  0.00  0.00  0.00  0.00
  C04P1                   1.00   0.00  1.00  0.00  0.00  0.00  0.00  0.00  0.00  0.00
  C06P1                   1.00   0.00  1.00  0.00  0.00  0.00  0.00  0.00  0.00  0.00
  C01P1                   1.00   0.00  1.00  0.00  0.00  0.00  0.00  0.00  0.00  0.00
  C05P1                   1.00   0.00  1.00  0.00  0.00  0.00  0.00  0.00  0.00  0.00
  C112P1                  1.00   1.00  0.00  0.00  0.00  0.00  0.00  0.00  0.00  0.00
  C108P1                  1.00   0.09  0.01  0.00  0.29  0.00  0.61  0.00  0.00  0.00
  C101P1                  1.00   0.19  0.00  0.00  0.47  0.00  0.00  0.34  0.15  0.00
  C106P1                  1.00   1.00  0.00  0.00  0.00  0.00  0.00  0.00  0.00  0.00
  C113P1                  1.00   1.00  0.00  0.00  0.00  0.00  0.00  0.00  0.00  0.00
  A28P1                   1.00   0.00  1.00  0.00  0.00  0.00  0.00  0.00  0.00  0.00
  A30P1                   1.00   0.00  1.00  0.00  0.00  0.00  0.00  0.00  0.00  0.00
  A26P1                   1.00   0.00  1.00  0.00  0.00  0.00  0.00  0.00  0.00  0.00
  A31P1                   1.00   0.00  1.00  0.00  0.00  0.00  0.00  0.00  0.00  0.00
  A23P1                   1.00   0.00  1.00  0.00  0.00  0.00  0.00  0.00  0.00  0.00
  A21P1                   1.00   0.00  1.00  0.00  0.00  0.00  0.00  0.00  0.00  0.00
  A19P1                   1.00   0.00  1.00  0.00  0.00  0.00  0.00  0.00  0.00  0.00
  A17P1                   1.00   0.00  1.00  0.00  0.00  0.00  0.00  0.00  0.00  0.00
  A09P1                   1.00   0.00  1.00  0.00  0.00  0.00  0.00  0.00  0.00  0.00
  A25P1                   1.00   0.00  1.00  0.00  0.00  0.00  0.00  0.00  0.00  0.00
  A109P1                  1.00   0.09  0.00  0.00  0.00  0.00  0.00  0.91  0.00  0.00
  A117p1                  1.00   0.09  0.00  0.00  0.00  0.00  0.00  0.91  0.00  0.00
  A131P1                  1.00   0.00  1.00  0.00  0.00  0.00  0.00  0.00  0.00  0.00
  A120P1                  1.00   0.10  0.00  0.00  0.89  0.00  0.00  0.01  0.00  0.00
  A122P1                  1.00   0.10  0.00  0.00  0.89  0.00  0.00  0.01  0.00  0.00
  A128P1                  1.00   0.10  0.00  0.00  0.89  0.00  0.00  0.01  0.00  0.00
  A126P1                  1.00   0.10  0.00  0.00  0.89  0.00  0.00  0.01  0.00  0.00
  C14C                    1.00   0.11  0.00  0.00  0.83  0.00  0.00  0.07  0.49  0.00
  C109C                   1.00   0.17  0.04  0.00  0.72  0.00  0.07  0.00  0.00  0.00
  C102C                   1.00   0.27  0.00  0.00  0.64  0.00  0.00  0.09  0.00  0.00
  C103C                   1.00   0.36  0.00  0.00  0.57  0.00  0.00  0.07  0.00  0.00
  C104C                   1.00   0.43  0.00  0.00  0.51  0.00  0.00  0.07  0.00  0.00
  C110C                   1.00   0.28  0.00  0.00  0.66  0.00  0.00  0.06  0.01  0.00
  632                     1.00   0.00  0.01  0.00  0.99  0.00  0.00  0.00  0.00  0.00
  
  
  *************************
  Conduit Surcharge Summary
  *************************
  
  ----------------------------------------------------------------------------
                                                           Hours        Hours 
                         --------- Hours Full --------   Above Full   Capacity
  Conduit                Both Ends  Upstream  Dnstream   Normal Flow   Limited
  ----------------------------------------------------------------------------
  B13C                       22.35     22.35     22.39      0.01         0.01
  B17C                        0.01      0.01     21.90      0.01         0.01
  B07C                        0.01      0.01      2.93      0.01         0.01
  B24C                        0.01      0.01     21.35      0.01         0.01
  B26C                       18.77     18.77     21.91      0.01         0.01
  B27p1                       0.01      0.01     23.91      0.01         0.01
  B25P1                       0.01      0.01     23.86      0.01         0.01
  B15P1                       0.01      0.01     23.84      0.01         0.01
  B12P1                       0.01      0.01     23.89      0.01         0.01
  B08C                        2.93      2.93     14.16      0.01         0.01
  B30C                        0.01      0.01     23.35      0.01         0.01
  B18P                        0.01      0.01     22.67      0.01         0.01
  A116P1                      0.01      0.01     21.68      0.01         0.01
  A104P1                      0.01      0.01     17.84      0.01         0.01
  A106P1                      0.01      0.01     17.84      0.01         0.01
  C19C                        0.01      0.01     23.19      0.01         0.01
  C23P1                       0.01      0.01     23.16      0.01         0.01
  C18P1                       0.01      0.01     23.85      0.01         0.01
  C14C                        3.33      3.33     14.31      0.01         0.01
  C109C                      12.07     12.07     14.31      0.01         0.01
  C102C                       7.79      7.79      8.06      0.01         0.01
  C103C                       8.06      8.06      8.45      0.01         0.01
  C104C                       8.45      8.45      8.62      0.01         0.01
  C110C                      12.07     12.07     13.91      0.01         0.01
  632                        23.13     23.13     23.71      0.01         0.01
  

  Analysis begun on:  Wed Jul 22 12:54:49 2026
  Analysis ended on:  Wed Jul 22 12:54:52 2026
  Total elapsed time: 00:00:03