
  EPA STORM WATER MANAGEMENT MODEL - VERSION 5.2 (Build 5.2.4)
  ------------------------------------------------------------

  NORTH CANAL FLORIDA CITY TEST 
  WARNING 04: minimum elevation drop used for Conduit FC-C-1
  WARNING 04: minimum elevation drop used for Conduit FC-C-2
  WARNING 04: minimum elevation drop used for Conduit FC-C-3
  WARNING 04: minimum elevation drop used for Conduit FC-C-5
  
  ****************
  Analysis Options
  ****************
  Flow Units ............... CFS
  Process Models:
    Rainfall/Runoff ........ NO
    RDII ................... NO
    Snowmelt ............... NO
    Groundwater ............ NO
    Flow Routing ........... YES
    Ponding Allowed ........ NO
    Water Quality .......... NO
  Flow Routing Method ...... DYNWAVE
  Surcharge Method ......... EXTRAN
  Starting Date ............ 01/01/2001 00:00:00
  Ending Date .............. 01/02/2001 00:00:00
  Antecedent Dry Days ...... 0.0
  Report Time Step ......... 00:15:00
  Routing Time Step ........ 60.00 sec
  Variable Time Step ....... YES
  Maximum Trials ........... 50
  Number of Threads ........ 1
  Head Tolerance ........... 0.003300 ft
  
  
  **************************        Volume        Volume
  Flow Routing Continuity        acre-feet      10^6 gal
  **************************     ---------     ---------
  Dry Weather Inflow .......         0.000         0.000
  Wet Weather Inflow .......         0.000         0.000
  Groundwater Inflow .......         0.000         0.000
  RDII Inflow ..............         0.000         0.000
  External Inflow ..........         9.917         3.232
  External Outflow .........         0.000         0.000
  Flooding Loss ............         3.219         1.049
  Evaporation Loss .........         0.000         0.000
  Exfiltration Loss ........         0.000         0.000
  Initial Stored Volume ....         0.000         0.000
  Final Stored Volume ......         6.697         2.182
  Continuity Error (%) .....         0.017
  
  
  *************************
  Highest Continuity Errors
  *************************
  Node U4-FC15 (13.03%)
  Node U3-E (11.18%)
  Node U5-W (5.37%)
  Node U2-W (3.92%)
  Node U4-E (3.85%)
  
  
  ***************************
  Time-Step Critical Elements
  ***************************
  Link 639 (78.70%)
  Link U1 (17.95%)
  Link U3 (3.26%)
  
  
  ********************************
  Highest Flow Instability Indexes
  ********************************
  All links are stable.
  
  
  *********************************
  Most Frequent Nonconverging Nodes
  *********************************
  Convergence obtained at all time steps.
  
  
  *************************
  Routing Time Step Summary
  *************************
  Minimum Time Step           :     6.28 sec
  Average Time Step           :    13.22 sec
  Maximum Time Step           :    38.10 sec
  % of Time in Steady State   :     0.00
  Average Iterations per Step :     2.01
  % of Steps Not Converging   :     0.02
  Time Step Frequencies       :
     60.000 - 23.031 sec      :     1.16 %
     23.031 -  8.841 sec      :    98.78 %
      8.841 -  3.393 sec      :     0.06 %
      3.393 -  1.303 sec      :     0.00 %
      1.303 -  0.500 sec      :     0.00 %
  
  
  ******************
  Node Depth Summary
  ******************
  
  ---------------------------------------------------------------------------------
                                 Average  Maximum  Maximum  Time of Max    Reported
                                   Depth    Depth      HGL   Occurrence   Max Depth
  Node                 Type         Feet     Feet     Feet  days hr:min        Feet
  ---------------------------------------------------------------------------------
  U1-W                 JUNCTION     2.08     2.11     8.51     0  21:49        2.11
  U1-E                 JUNCTION     1.00     1.02     8.50     0  23:33        1.02
  U2-W                 JUNCTION     1.00     1.02     8.50     0  21:48        1.02
  U2-E                 JUNCTION     0.29     0.30     8.47     0  21:56        0.30
  U3-W                 JUNCTION     0.23     0.25     8.42     0  21:48        0.25
  U3-E                 JUNCTION     0.49     0.58     8.01     1  00:00        0.58
  U4-FC15              JUNCTION     0.47     0.57     8.00     1  00:00        0.57
  U4-E                 JUNCTION     0.13     0.16     7.36     1  00:00        0.16
  U5-W                 JUNCTION     0.17     0.22     6.62     1  00:00        0.22
  U5-E                 JUNCTION     0.00     0.00     7.52     0  00:00        0.00
  U6-W                 JUNCTION     0.00     0.00     7.52     0  00:00        0.00
  CFC-N-1              JUNCTION     1.00     1.00     1.00     0  00:00        1.00
  U6-E                 OUTFALL      0.00     0.00     7.71     0  00:00        0.00
  FC-S-1               STORAGE      0.01     0.01    10.01     1  00:00        0.01
  FC-S-2               STORAGE      0.00     0.00    10.00     0  00:00        0.00
  FC-N-1               STORAGE      0.03     0.05    10.05     1  00:00        0.05
  FC-N-2               STORAGE      0.00     0.00    10.00     0  00:00        0.00
  FC-N-3               STORAGE      0.00     0.00    10.00     0  00:00        0.00
  FC-S-3               STORAGE      0.00     0.00    10.00     0  00:00        0.00
  FC-N-4               STORAGE      0.02     0.04    10.04     1  00:00        0.04
  FC-S-4               STORAGE      0.00     0.00    10.00     0  00:00        0.00
  
  
  *******************
  Node Inflow Summary
  *******************
  
  -------------------------------------------------------------------------------------------------
                                  Maximum  Maximum                  Lateral       Total        Flow
                                  Lateral    Total  Time of Max      Inflow      Inflow     Balance
                                   Inflow   Inflow   Occurrence      Volume      Volume       Error
  Node                 Type           CFS      CFS  days hr:min    10^6 gal    10^6 gal     Percent
  -------------------------------------------------------------------------------------------------
  U1-W                 JUNCTION      1.00     1.00     0  00:00       0.646       0.646       0.252
  U1-E                 JUNCTION      0.00     1.02     0  00:05           0       0.645       3.935
  U2-W                 JUNCTION      0.00     1.00     0  19:51           0        0.62       4.083
  U2-E                 JUNCTION      0.00     1.00     0  21:51           0       0.596       2.163
  U3-W                 JUNCTION      0.00     1.00     0  21:48           0       0.583       1.772
  U3-E                 JUNCTION      0.00     1.00     0  21:48           0       0.573      12.584
  U4-FC15              JUNCTION      0.00     1.00     1  00:00           0       0.509      14.983
  U4-E                 JUNCTION      0.00     1.00     1  00:00           0       0.443       4.007
  U5-W                 JUNCTION      0.00     1.00     1  00:00           0       0.426       5.670
  U5-E                 JUNCTION      0.00     0.00     0  00:00           0           0       0.000 gal
  U6-W                 JUNCTION      0.00     0.00     0  00:00           0           0       0.000 gal
  CFC-N-1              JUNCTION      1.00     2.00     1  00:00       0.646        1.05       0.035
  U6-E                 OUTFALL       0.00     0.00     0  00:00           0           0       0.000 gal
  FC-S-1               STORAGE       1.00     1.00     0  00:00       0.646       0.646      -0.000
  FC-S-2               STORAGE       0.00     0.00     0  00:00           0           0       0.000 gal
  FC-N-1               STORAGE       1.00     1.00     0  00:00       0.646       0.646      -0.000
  FC-N-2               STORAGE       0.00     0.00     0  00:00           0           0       0.000 gal
  FC-N-3               STORAGE       0.00     0.00     0  00:00           0           0       0.000 gal
  FC-S-3               STORAGE       0.00     0.00     0  00:00           0           0       0.000 gal
  FC-N-4               STORAGE       1.00     1.00     0  00:00       0.646       0.646      -0.000
  FC-S-4               STORAGE       0.00     0.00     0  00:00           0           0       0.000 gal
  
  
  **********************
  Node Surcharge Summary
  **********************
  
  Surcharging occurs when water rises above the top of the highest conduit.
  ---------------------------------------------------------------------
                                               Max. Height   Min. Depth
                                   Hours       Above Crown    Below Rim
  Node                 Type      Surcharged           Feet         Feet
  ---------------------------------------------------------------------
  CFC-N-1              JUNCTION       23.99          0.000        0.000
  
  
  *********************
  Node Flooding Summary
  *********************
  
  Flooding refers to all water that overflows a node, whether it ponds or not.
  --------------------------------------------------------------------------
                                                             Total   Maximum
                                 Maximum   Time of Max       Flood    Ponded
                        Hours       Rate    Occurrence      Volume     Depth
  Node                 Flooded       CFS   days hr:min    10^6 gal      Feet
  --------------------------------------------------------------------------
  CFC-N-1                23.99      2.00      1  00:00       1.049     0.000
  
  
  **********************
  Storage Volume Summary
  **********************
  
  ------------------------------------------------------------------------------------------------
                         Average    Avg   Evap  Exfil     Maximum    Max    Time of Max    Maximum
                          Volume   Pcnt   Pcnt   Pcnt      Volume   Pcnt     Occurrence    Outflow
  Storage Unit          1000 ft³   Full   Loss   Loss    1000 ft³   Full    days hr:min        CFS
  ------------------------------------------------------------------------------------------------
  FC-S-1                  47.920    0.1    0.0    0.0      86.400    0.1       1  00:00       0.00
  FC-S-2                   0.000    0.0    0.0    0.0       0.000    0.0       0  00:00       0.00
  FC-N-1                  47.920    0.3    0.0    0.0      86.400    0.5       1  00:00       0.00
  FC-N-2                   0.000    0.0    0.0    0.0       0.000    0.0       0  00:00       0.00
  FC-N-3                   0.000    0.0    0.0    0.0       0.000    0.0       0  00:00       0.00
  FC-S-3                   0.000    0.0    0.0    0.0       0.000    0.0       0  00:00       0.00
  FC-N-4                  47.920    0.2    0.0    0.0      86.400    0.4       1  00:00       0.00
  FC-S-4                   0.000    0.0    0.0    0.0       0.000    0.0       0  00:00       0.00
  
  
  ***********************
  Outfall Loading Summary
  ***********************
  
  -----------------------------------------------------------
                         Flow       Avg       Max       Total
                         Freq      Flow      Flow      Volume
  Outfall Node           Pcnt       CFS       CFS    10^6 gal
  -----------------------------------------------------------
  U6-E                   0.00      0.00      0.00       0.000
  -----------------------------------------------------------
  System                 0.00      0.00      0.00       0.000
  
  
  ********************
  Link Flow Summary
  ********************
  
  -----------------------------------------------------------------------------
                                 Maximum  Time of Max   Maximum    Max/    Max/
                                  |Flow|   Occurrence   |Veloc|    Full    Full
  Link                 Type          CFS  days hr:min    ft/sec    Flow   Depth
  -----------------------------------------------------------------------------
  U1                   CONDUIT      1.02     0  00:05      1.65    0.01    0.25
  FC-C-1               CONDUIT      1.00     0  19:51      0.49    0.58    1.00
  U2                   CONDUIT      1.00     0  21:51      0.59    0.00    0.11
  FC-C-2               CONDUIT      1.00     0  21:48      0.34    0.84    0.28
  U3                   CONDUIT      1.00     0  21:48      3.63    0.00    0.07
  FC-C-3               CONDUIT      1.00     1  00:00      0.33    1.34    0.58
  U4                   CONDUIT      1.00     1  00:00      1.19    0.01    0.05
  FC-C-4               CONDUIT      1.00     1  00:00      0.51    0.05    0.19
  U5                   CONDUIT      0.00     0  00:00      0.00    0.00    0.01
  FC-C-5               CONDUIT      0.00     0  00:00      0.00    0.00    0.00
  639                  CONDUIT      1.00     1  00:00      1.98    0.11    0.61
  646                  CONDUIT      0.00     0  00:00      0.00    0.00    0.00
  W-S-1                WEIR         0.00     0  00:00                      0.00
  W-S-2                WEIR         0.00     0  00:00                      0.00
  W-N-1                WEIR         0.00     0  00:00                      0.00
  W-N-2                WEIR         0.00     0  00:00                      0.00
  W-N-3                WEIR         0.00     0  00:00                      0.00
  W-N-1-2              WEIR         0.00     0  00:00                      0.00
  FC-N-2-3             WEIR         0.00     0  00:00                      0.00
  FC-S-1-2             WEIR         0.00     0  00:00                      0.00
  W-S-3                WEIR         0.00     0  00:00                      0.00
  W-N-4                WEIR         0.00     0  00:00                      0.00
  W-S-4                WEIR         0.00     0  00:00                      0.00
  FC-S-2-3             WEIR         0.00     0  00:00                      0.00
  FC-S-3-4             WEIR         0.00     0  00:00                      0.00
  
  
  ***************************
  Flow Classification Summary
  ***************************
  
  -------------------------------------------------------------------------------------
                      Adjusted    ---------- Fraction of Time in Flow Class ---------- 
                       /Actual         Up    Down  Sub   Sup   Up    Down  Norm  Inlet 
  Conduit               Length    Dry  Dry   Dry   Crit  Crit  Crit  Crit  Ltd   Ctrl  
  -------------------------------------------------------------------------------------
  U1                      1.00   0.00  0.00  0.00  1.00  0.00  0.00  0.00  0.00  0.00
  FC-C-1                  1.00   0.00  0.00  0.00  1.00  0.00  0.00  0.00  0.00  0.00
  U2                      1.00   0.00  0.05  0.00  0.95  0.00  0.00  0.00  0.00  0.00
  FC-C-2                  1.00   0.05  0.00  0.00  0.95  0.00  0.00  0.00  0.00  0.00
  U3                      1.00   0.06  0.00  0.00  0.86  0.09  0.00  0.00  0.84  0.00
  FC-C-3                  1.00   0.06  0.00  0.00  0.94  0.00  0.00  0.00  0.00  0.00
  U4                      1.00   0.11  0.00  0.00  0.89  0.00  0.00  0.00  0.00  0.00
  FC-C-4                  1.00   0.11  0.00  0.00  0.89  0.00  0.00  0.00  0.67  0.00
  U5                      1.00   0.20  0.80  0.00  0.00  0.00  0.00  0.00  0.00  0.00
  FC-C-5                  1.00   1.00  0.00  0.00  0.00  0.00  0.00  0.00  0.00  0.00
  639                     1.00   0.00  0.20  0.00  0.80  0.00  0.00  0.00  0.80  0.00
  646                     1.00   1.00  0.00  0.00  0.00  0.00  0.00  0.00  0.00  0.00
  
  
  *************************
  Conduit Surcharge Summary
  *************************
  
  ----------------------------------------------------------------------------
                                                           Hours        Hours 
                         --------- Hours Full --------   Above Full   Capacity
  Conduit                Both Ends  Upstream  Dnstream   Normal Flow   Limited
  ----------------------------------------------------------------------------
  FC-C-1                     20.94     20.95     20.94      0.01         0.01
  FC-C-3                      0.01      0.01      0.01     18.26         0.01
  639                         0.01      0.01     19.22      0.01         0.01
  

  Analysis begun on:  Wed Jul 22 12:54:53 2026
  Analysis ended on:  Wed Jul 22 12:54:53 2026
  Total elapsed time: < 1 sec