
  EPA STORM WATER MANAGEMENT MODEL - VERSION 5.2 (Build 5.2.4)
  ------------------------------------------------------------

  NORTH CANAL FLORIDA CITY TEST 
  WARNING 04: minimum elevation drop used for Conduit FC-C-1
  WARNING 04: minimum elevation drop used for Conduit FC-C-2
  WARNING 04: minimum elevation drop used for Conduit FC-C-3
  WARNING 04: minimum elevation drop used for Conduit FC-C-5
  WARNING 04: minimum elevation drop used for Conduit FC-C-6
  WARNING 10: crest elevation raised to downstream invert for regulator Link 590.1
  
  ****************
  Analysis Options
  ****************
  Flow Units ............... CFS
  Process Models:
    Rainfall/Runoff ........ NO
    RDII ................... NO
    Snowmelt ............... NO
    Groundwater ............ NO
    Flow Routing ........... YES
    Ponding Allowed ........ NO
    Water Quality .......... NO
  Flow Routing Method ...... DYNWAVE
  Surcharge Method ......... EXTRAN
  Starting Date ............ 01/01/2001 00:00:00
  Ending Date .............. 01/02/2001 00:00:00
  Antecedent Dry Days ...... 0.0
  Report Time Step ......... 00:15:00
  Routing Time Step ........ 30.00 sec
  Variable Time Step ....... YES
  Maximum Trials ........... 50
  Number of Threads ........ 1
  Head Tolerance ........... 0.003300 ft
  
  
  **************************        Volume        Volume
  Flow Routing Continuity        acre-feet      10^6 gal
  **************************     ---------     ---------
  Dry Weather Inflow .......         0.000         0.000
  Wet Weather Inflow .......         0.000         0.000
  Groundwater Inflow .......         0.000         0.000
  RDII Inflow ..............         0.000         0.000
  External Inflow ..........        23.801         7.756
  External Outflow .........         1.733         0.565
  Flooding Loss ............        12.908         4.206
  Evaporation Loss .........         0.000         0.000
  Exfiltration Loss ........         0.000         0.000
  Initial Stored Volume ....         0.000         0.000
  Final Stored Volume ......         9.348         3.046
  Continuity Error (%) .....        -0.793
  
  
  *************************
  Highest Continuity Errors
  *************************
  Node U4-FC15 (12.26%)
  Node U3-E (10.68%)
  Node U8-W (6.66%)
  Node U7-2 (6.08%)
  Node U4-E (4.93%)
  
  
  ***************************
  Time-Step Critical Elements
  ***************************
  Link 640 (96.60%)
  Node F-P-S-5-A (3.37%)
  
  
  ********************************
  Highest Flow Instability Indexes
  ********************************
  Link 590.1 (5)
  Link 640 (4)
  Link FC-C-6 (2)
  
  
  *********************************
  Most Frequent Nonconverging Nodes
  *********************************
  Node U8-E (93.29%)
  Node F-P-S-5-A (93.29%)
  Node U1-W (0.00%)
  
  
  *************************
  Routing Time Step Summary
  *************************
  Minimum Time Step           :     0.72 sec
  Average Time Step           :     3.13 sec
  Maximum Time Step           :    30.00 sec
  % of Time in Steady State   :     0.00
  Average Iterations per Step :    47.19
  % of Steps Not Converging   :    93.29
  Time Step Frequencies       :
     30.000 - 13.228 sec      :     0.04 %
     13.228 -  5.833 sec      :     0.00 %
      5.833 -  2.572 sec      :    97.24 %
      2.572 -  1.134 sec      :     2.17 %
      1.134 -  0.500 sec      :     0.55 %
  
  
  ******************
  Node Depth Summary
  ******************
  
  ---------------------------------------------------------------------------------
                                 Average  Maximum  Maximum  Time of Max    Reported
                                   Depth    Depth      HGL   Occurrence   Max Depth
  Node                 Type         Feet     Feet     Feet  days hr:min        Feet
  ---------------------------------------------------------------------------------
  U1-W                 JUNCTION     2.07     2.11     8.51     0  20:25        2.11
  U1-E                 JUNCTION     0.98     1.03     8.51     0  20:33        1.03
  U2-W                 JUNCTION     0.98     1.03     8.51     0  20:28        1.03
  U2-E                 JUNCTION     0.28     0.31     8.48     0  20:37        0.31
  U3-W                 JUNCTION     0.22     0.25     8.42     0  20:41        0.25
  U3-E                 JUNCTION     0.44     0.56     7.99     1  00:00        0.56
  U4-FC15              JUNCTION     0.41     0.54     7.97     1  00:00        0.54
  U4-E                 JUNCTION     0.15     0.21     7.41     1  00:00        0.21
  U6-E                 JUNCTION     0.37     0.39     8.10     0  23:59        0.39
  U7-W                 JUNCTION     0.16     0.16     7.87     0  23:59        0.16
  U7-E                 JUNCTION     0.00     0.00    10.00     0  00:00        0.00
  U5-W                 JUNCTION     0.08     0.12     6.52     1  00:00        0.12
  U5-E                 JUNCTION     0.00     0.00     7.52     0  00:00        0.00
  U6-W                 JUNCTION     0.00     0.00     7.52     0  00:00        0.00
  U8-W                 JUNCTION     0.25     0.28     6.75     0  21:40        0.28
  CFC-N-2              JUNCTION     4.00     4.00     4.00     0  00:03        4.00
  CFC-N-1              JUNCTION     4.00     4.00     4.00     0  00:03        4.00
  F-P-S-5-A            JUNCTION     4.35     5.51     8.71     0  00:03        5.51
  U6-2                 JUNCTION     3.94     4.00     0.62     0  00:31        3.98
  U6-3                 JUNCTION     3.96     4.00     0.60     0  00:31        4.00
  U7-2                 JUNCTION     7.76     8.00     3.60     0  01:27        8.00
  U8-E                 OUTFALL      0.08     0.10     6.23     0  21:40        0.10
  FC-S-1               STORAGE      0.01     0.01    10.01     1  00:00        0.01
  FC-S-2               STORAGE      0.00     0.00    10.00     0  00:00        0.00
  FC-N-1               STORAGE      0.02     0.05    10.05     1  00:00        0.05
  FC-N-2               STORAGE      0.00     0.00    10.00     0  00:00        0.00
  FC-N-3               STORAGE      0.00     0.00    10.00     0  00:00        0.00
  FC-S-3               STORAGE      0.00     0.00    10.00     0  00:00        0.00
  FC-N-4               STORAGE      0.02     0.04    10.04     1  00:00        0.04
  FC-S-4               STORAGE      0.00     0.00    10.00     0  00:00        0.00
  FC-N-5               STORAGE      0.02     0.04    10.04     1  00:00        0.04
  FC-S-5               STORAGE      0.00     0.00    10.00     0  00:00        0.00
  FC-N-6               STORAGE      5.31     5.50    15.50     0  01:31        5.50
  
  
  *******************
  Node Inflow Summary
  *******************
  
  -------------------------------------------------------------------------------------------------
                                  Maximum  Maximum                  Lateral       Total        Flow
                                  Lateral    Total  Time of Max      Inflow      Inflow     Balance
                                   Inflow   Inflow   Occurrence      Volume      Volume       Error
  Node                 Type           CFS      CFS  days hr:min    10^6 gal    10^6 gal     Percent
  -------------------------------------------------------------------------------------------------
  U1-W                 JUNCTION      1.00     1.00     0  00:00       0.646       0.646       0.300
  U1-E                 JUNCTION      0.00     1.02     0  00:06           0       0.644       3.966
  U2-W                 JUNCTION      0.00     1.00     0  20:28           0        0.62       4.108
  U2-E                 JUNCTION      0.00     1.00     0  20:30           0       0.595       2.216
  U3-W                 JUNCTION      0.00     1.00     0  20:41           0       0.582       1.775
  U3-E                 JUNCTION      0.00     1.00     0  20:41           0       0.572      11.956
  U4-FC15              JUNCTION      0.00     1.00     1  00:00           0       0.511      13.977
  U4-E                 JUNCTION      0.00     1.00     1  00:00           0       0.448       5.186
  U6-E                 JUNCTION      1.00     1.15     0  00:32       0.646       0.648      11.096
  U7-W                 JUNCTION      0.00    86.38     0  00:07           0       0.845       0.000
  U7-E                 JUNCTION      0.00     0.00     0  00:00           0           0       0.000 gal
  U5-W                 JUNCTION      0.00     1.00     1  00:00           0       0.426       2.958
  U5-E                 JUNCTION      0.00     0.00     0  00:00           0           0       0.000 gal
  U6-W                 JUNCTION      0.00     0.00     0  00:00           0           0       0.000 gal
  U8-W                 JUNCTION      0.00     1.16     0  01:31           0       0.605       7.134
  CFC-N-2              JUNCTION      1.00     3.05     0  01:05       0.646        1.89       0.090
  CFC-N-1              JUNCTION      1.00     2.00     1  00:00       0.646        1.06       0.160
  F-P-S-5-A            JUNCTION      1.00    14.88     0  01:05       0.646       0.853     201.758
  U6-2                 JUNCTION      1.00     1.00     0  00:00       0.646       0.646       1.108
  U6-3                 JUNCTION      0.00     1.35     0  00:32           0       0.639       0.000
  U7-2                 JUNCTION      1.00     1.00     0  00:00       0.646       0.646       6.477
  U8-E                 OUTFALL       0.00     1.00     0  21:40           0       0.565       0.000
  FC-S-1               STORAGE       1.00     1.00     0  00:00       0.646       0.646      -0.000
  FC-S-2               STORAGE       0.00     0.00     0  00:00           0           0       0.000 gal
  FC-N-1               STORAGE       1.00     1.00     0  00:00       0.646       0.646      -0.000
  FC-N-2               STORAGE       0.00     0.00     0  00:00           0           0       0.000 gal
  FC-N-3               STORAGE       0.00     0.00     0  00:00           0           0       0.000 gal
  FC-S-3               STORAGE       0.00     0.00     0  00:00           0           0       0.000 gal
  FC-N-4               STORAGE       1.00     1.00     0  00:00       0.646       0.646      -0.000
  FC-S-4               STORAGE       0.00     0.00     0  00:00           0           0       0.000 gal
  FC-N-5               STORAGE       1.00     1.00     0  00:00       0.646       0.646      -0.000
  FC-S-5               STORAGE       0.00     0.00     0  00:00           0           0       0.000 gal
  FC-N-6               STORAGE       1.00     1.00     0  00:00       0.646       0.646      -0.001
  
  
  **********************
  Node Surcharge Summary
  **********************
  
  Surcharging occurs when water rises above the top of the highest conduit.
  ---------------------------------------------------------------------
                                               Max. Height   Min. Depth
                                   Hours       Above Crown    Below Rim
  Node                 Type      Surcharged           Feet         Feet
  ---------------------------------------------------------------------
  CFC-N-2              JUNCTION       23.94          0.000        0.000
  CFC-N-1              JUNCTION       23.94          0.000        0.000
  F-P-S-5-A            JUNCTION        0.70          0.000        0.000
  U6-2                 JUNCTION        0.01          0.000        0.000
  U6-3                 JUNCTION       23.47          0.000        0.000
  U7-2                 JUNCTION       22.54          0.000        0.000
  
  
  *********************
  Node Flooding Summary
  *********************
  
  Flooding refers to all water that overflows a node, whether it ponds or not.
  --------------------------------------------------------------------------
                                                             Total   Maximum
                                 Maximum   Time of Max       Flood    Ponded
                        Hours       Rate    Occurrence      Volume     Depth
  Node                 Flooded       CFS   days hr:min    10^6 gal      Feet
  --------------------------------------------------------------------------
  CFC-N-2                23.94      3.04      0  01:05       1.887     0.000
  CFC-N-1                23.94      2.00      1  00:00       1.059     0.000
  F-P-S-5-A               0.70      7.33      0  00:47       0.022     0.000
  U6-2                    0.01      0.24      0  00:31       0.000     0.000
  U6-3                   23.47      1.33      0  00:32       0.632     0.000
  U7-2                   22.54      1.00      0  01:27       0.607     0.000
  
  
  **********************
  Storage Volume Summary
  **********************
  
  ------------------------------------------------------------------------------------------------
                         Average    Avg   Evap  Exfil     Maximum    Max    Time of Max    Maximum
                          Volume   Pcnt   Pcnt   Pcnt      Volume   Pcnt     Occurrence    Outflow
  Storage Unit          1000 ft³   Full   Loss   Loss    1000 ft³   Full    days hr:min        CFS
  ------------------------------------------------------------------------------------------------
  FC-S-1                  42.763    0.1    0.0    0.0      86.400    0.1       1  00:00       0.00
  FC-S-2                   0.000    0.0    0.0    0.0       0.000    0.0       0  00:00       0.00
  FC-N-1                  42.763    0.2    0.0    0.0      86.400    0.5       1  00:00       0.00
  FC-N-2                   0.000    0.0    0.0    0.0       0.000    0.0       0  00:00       0.00
  FC-N-3                   0.000    0.0    0.0    0.0       0.000    0.0       0  00:00       0.00
  FC-S-3                   0.000    0.0    0.0    0.0       0.000    0.0       0  00:00       0.00
  FC-N-4                  42.763    0.2    0.0    0.0      86.400    0.4       1  00:00       0.00
  FC-S-4                   0.000    0.0    0.0    0.0       0.000    0.0       0  00:00       0.00
  FC-N-5                  42.763    0.2    0.0    0.0      86.400    0.4       1  00:00       0.00
  FC-S-5                   0.000    0.0    0.0    0.0       0.000    0.0       0  00:00       0.00
  FC-N-6                   5.314   53.1    0.0    0.0       5.503   55.0       0  01:31       1.16
  
  
  ***********************
  Outfall Loading Summary
  ***********************
  
  -----------------------------------------------------------
                         Flow       Avg       Max       Total
                         Freq      Flow      Flow      Volume
  Outfall Node           Pcnt       CFS       CFS    10^6 gal
  -----------------------------------------------------------
  U8-E                  92.85      0.93      1.00       0.565
  -----------------------------------------------------------
  System                92.85      0.93      1.00       0.565
  
  
  ********************
  Link Flow Summary
  ********************
  
  -----------------------------------------------------------------------------
                                 Maximum  Time of Max   Maximum    Max/    Max/
                                  |Flow|   Occurrence   |Veloc|    Full    Full
  Link                 Type          CFS  days hr:min    ft/sec    Flow   Depth
  -----------------------------------------------------------------------------
  U1                   CONDUIT      1.02     0  00:06      2.29    0.01    0.26
  FC-C-1               CONDUIT      1.00     0  20:28      0.47    0.63    1.00
  U2                   CONDUIT      1.00     0  20:30      0.58    0.00    0.11
  FC-C-2               CONDUIT      1.00     0  20:41      0.34    0.90    0.28
  U3                   CONDUIT      1.00     0  20:41      3.63    0.00    0.07
  FC-C-3               CONDUIT      1.00     1  00:00      0.31    1.44    0.55
  U4                   CONDUIT      1.00     1  00:00      1.15    0.01    0.05
  FC-C-4               CONDUIT      1.00     1  00:00      0.58    0.05    0.17
  U5                   CONDUIT      0.00     0  00:00      0.00    0.00    0.01
  FC-C-5               CONDUIT      0.00     0  00:00      0.00    0.00    0.00
  FC-C-6               CONDUIT      1.00     1  00:00      0.34    1.81    0.28
  FC-C-7-8             CONDUIT      0.00     0  00:00      0.00    0.00    0.14
  U8                   CONDUIT      1.00     0  21:40      2.58    0.00    0.02
  U6-1                 CONDUIT      1.35     0  00:32      1.59    0.09    1.00
  U7-1                 CONDUIT      0.00     0  00:00      0.00    0.00    0.50
  639                  CONDUIT      1.00     1  00:00      0.15    0.00    0.52
  640                  CONDUIT      2.05     0  01:05      0.31    0.00    0.52
  566.1                WEIR         0.00     0  00:00                      0.00
  567.1                WEIR         0.00     0  00:00                      0.00
  571.1                WEIR         0.00     0  00:00                      0.00
  572.1                WEIR         0.00     0  00:00                      0.00
  573.1                WEIR         0.00     0  00:00                      0.00
  574.1                WEIR         0.00     0  00:00                      0.00
  575.1                WEIR         0.00     0  00:00                      0.00
  576.1                WEIR         0.00     0  00:00                      0.00
  580.1                WEIR         0.00     0  00:00                      0.00
  583.1                WEIR         0.00     0  00:00                      0.00
  584.1                WEIR         0.00     0  00:00                      0.00
  585.1                WEIR         0.00     0  00:00                      0.00
  -4                   WEIR         0.00     0  00:00                      0.00
  588.1                WEIR         0.00     0  00:00                      0.00
  590.1                WEIR        86.38     0  00:07                      1.00
  -5                   WEIR         0.00     0  00:00                      0.00
  594.1                WEIR         1.16     0  01:31                      0.00
  
  
  ***************************
  Flow Classification Summary
  ***************************
  
  -------------------------------------------------------------------------------------
                      Adjusted    ---------- Fraction of Time in Flow Class ---------- 
                       /Actual         Up    Down  Sub   Sup   Up    Down  Norm  Inlet 
  Conduit               Length    Dry  Dry   Dry   Crit  Crit  Crit  Crit  Ltd   Ctrl  
  -------------------------------------------------------------------------------------
  U1                      1.00   0.00  0.00  0.00  1.00  0.00  0.00  0.00  0.00  0.00
  FC-C-1                  1.00   0.00  0.00  0.00  1.00  0.00  0.00  0.00  0.00  0.00
  U2                      1.00   0.00  0.05  0.00  0.95  0.00  0.00  0.00  0.00  0.00
  FC-C-2                  1.00   0.05  0.00  0.00  0.95  0.00  0.00  0.00  0.00  0.00
  U3                      1.00   0.06  0.00  0.00  0.86  0.09  0.00  0.00  0.84  0.00
  FC-C-3                  1.00   0.06  0.00  0.00  0.94  0.00  0.00  0.00  0.00  0.00
  U4                      1.00   0.11  0.00  0.00  0.89  0.00  0.00  0.00  0.00  0.00
  FC-C-4                  1.00   0.11  0.00  0.00  0.89  0.00  0.00  0.00  0.00  0.00
  U5                      1.00   0.20  0.80  0.00  0.00  0.00  0.00  0.00  0.00  0.00
  FC-C-5                  1.00   1.00  0.00  0.00  0.00  0.00  0.00  0.00  0.00  0.00
  FC-C-6                  1.00   0.00  0.00  0.00  1.00  0.00  0.00  0.00  0.00  0.00
  FC-C-7-8                1.00   0.06  0.94  0.00  0.00  0.00  0.00  0.00  0.00  0.00
  U8                      1.00   0.06  0.00  0.00  0.04  0.90  0.00  0.00  0.00  0.00
  U6-1                    1.00   0.00  0.00  0.00  1.00  0.00  0.00  0.00  0.00  0.00
  U7-1                    1.00   0.00  1.00  0.00  0.00  0.00  0.00  0.00  0.00  0.00
  639                     1.00   0.00  0.20  0.00  0.80  0.00  0.00  0.00  0.80  0.00
  640                     1.00   0.00  0.00  0.00  1.00  0.00  0.00  0.00  1.00  0.00
  
  
  *************************
  Conduit Surcharge Summary
  *************************
  
  ----------------------------------------------------------------------------
                                                           Hours        Hours 
                         --------- Hours Full --------   Above Full   Capacity
  Conduit                Both Ends  Upstream  Dnstream   Normal Flow   Limited
  ----------------------------------------------------------------------------
  FC-C-1                     21.01     21.02     21.01      0.01         0.01
  FC-C-3                      0.01      0.01      0.01     19.25         0.01
  FC-C-6                      0.01      0.01      0.01     21.91         0.01
  U6-1                        0.01      0.01     23.47      0.01         0.01
  639                         0.01      0.01     19.15      0.01         0.01
  640                         0.01      0.01     23.94      0.01         0.01
  

  Analysis begun on:  Wed Jul 22 12:55:13 2026
  Analysis ended on:  Wed Jul 22 12:55:15 2026
  Total elapsed time: 00:00:02