
  EPA STORM WATER MANAGEMENT MODEL - VERSION 5.2 (Build 5.2.4)
  ------------------------------------------------------------

  Converted from XPSWMM .xp file 
  WARNING 10: crest elevation raised to downstream invert for regulator Link Orifice
  
  ****************
  Analysis Options
  ****************
  Flow Units ............... CMS
  Process Models:
    Rainfall/Runoff ........ NO
    RDII ................... NO
    Snowmelt ............... NO
    Groundwater ............ NO
    Flow Routing ........... YES
    Ponding Allowed ........ NO
    Water Quality .......... NO
  Flow Routing Method ...... DYNWAVE
  Surcharge Method ......... EXTRAN
  Starting Date ............ 01/01/2001 00:00:00
  Ending Date .............. 01/02/2001 00:00:00
  Antecedent Dry Days ...... 0.0
  Report Time Step ......... 00:15:00
  Routing Time Step ........ 30.00 sec
  Variable Time Step ....... YES
  Maximum Trials ........... 50
  Number of Threads ........ 1
  Head Tolerance ........... 0.001524 m
  
  
  **************************        Volume        Volume
  Flow Routing Continuity        hectare-m      10^6 ltr
  **************************     ---------     ---------
  Dry Weather Inflow .......         0.000         0.000
  Wet Weather Inflow .......         0.000         0.000
  Groundwater Inflow .......         0.000         0.000
  RDII Inflow ..............         0.000         0.000
  External Inflow ..........         0.000         0.000
  External Outflow .........         0.000         0.000
  Flooding Loss ............         0.000         0.000
  Evaporation Loss .........         0.000         0.000
  Exfiltration Loss ........         0.000         0.000
  Initial Stored Volume ....         0.000         0.000
  Final Stored Volume ......         0.000         0.000
  Continuity Error (%) .....         0.000
  
  
  ***************************
  Time-Step Critical Elements
  ***************************
  None
  
  
  ********************************
  Highest Flow Instability Indexes
  ********************************
  All links are stable.
  
  
  *********************************
  Most Frequent Nonconverging Nodes
  *********************************
  Convergence obtained at all time steps.
  
  
  *************************
  Routing Time Step Summary
  *************************
  Minimum Time Step           :    29.50 sec
  Average Time Step           :    29.99 sec
  Maximum Time Step           :    30.00 sec
  % of Time in Steady State   :     0.00
  Average Iterations per Step :     2.00
  % of Steps Not Converging   :     0.00
  Time Step Frequencies       :
     30.000 - 13.228 sec      :   100.00 %
     13.228 -  5.833 sec      :     0.00 %
      5.833 -  2.572 sec      :     0.00 %
      2.572 -  1.134 sec      :     0.00 %
      1.134 -  0.500 sec      :     0.00 %
  
  
  ******************
  Node Depth Summary
  ******************
  
  ---------------------------------------------------------------------------------
                                 Average  Maximum  Maximum  Time of Max    Reported
                                   Depth    Depth      HGL   Occurrence   Max Depth
  Node                 Type       Meters   Meters   Meters  days hr:min      Meters
  ---------------------------------------------------------------------------------
  A                    JUNCTION     0.00     0.00    35.00     0  00:00        0.00
  A019/C               JUNCTION     0.00     0.00    18.06     0  00:00        0.00
  A017/D               JUNCTION     0.00     0.00    14.80     0  00:00        0.00
  A016/E               JUNCTION     0.00     0.00    14.76     0  00:00        0.00
  A014/G               JUNCTION     0.00     0.00     8.81     0  00:00        0.00
  A012/H               JUNCTION     0.00     0.00     5.59     0  00:00        0.00
  I                    JUNCTION     0.00     0.00     4.15     0  00:00        0.00
  A011                 JUNCTION     0.00     0.00     3.99     0  00:00        0.00
  A010/K               JUNCTION     0.00     0.00     3.90     0  00:00        0.00
  L                    JUNCTION     0.00     0.00     9.80     0  00:00        0.00
  A009/M               JUNCTION     0.00     0.00     7.45     0  00:00        0.00
  A007/N               JUNCTION     0.00     0.00     8.10     0  00:00        0.00
  A006/O               JUNCTION     0.00     0.00     3.74     0  00:00        0.00
  A005                 JUNCTION     0.00     0.00     5.81     0  00:00        0.00
  A004/P               JUNCTION     0.00     0.00     6.91     0  00:00        0.00
  A002/Q               JUNCTION     0.00     0.00     5.80     0  00:00        0.00
  A001                 JUNCTION     0.00     0.00     1.20     0  00:00        0.00
  A015                 JUNCTION     0.00     0.00    13.10     0  00:00        0.00
  A013                 JUNCTION     0.00     0.00     7.26     0  00:00        0.00
  A003                 JUNCTION     0.00     0.00     6.44     0  00:00        0.00
  F                    JUNCTION     0.00     0.00    14.50     0  00:00        0.00
  A018                 JUNCTION     0.00     0.00    16.90     0  00:00        0.00
  A008                 JUNCTION     0.00     0.00     7.77     0  00:00        0.00
  A008A                JUNCTION     0.00     0.00     7.10     0  00:00        0.00
  A014A                JUNCTION     0.00     0.00     6.92     0  00:00        0.00
  A010B                JUNCTION     0.00     0.00     7.01     0  00:00        0.00
  X002                 JUNCTION     0.00     0.00     6.00     0  00:00        0.00
  X003                 JUNCTION     0.00     0.00     6.00     0  00:00        0.00
  A10Dum               JUNCTION     0.00     0.00     6.30     0  00:00        0.00
  A8ADum               JUNCTION     0.00     0.00     7.10     0  00:00        0.00
  DumCB                JUNCTION     0.00     0.00     6.00     0  00:00        0.00
  CB                   JUNCTION     0.00     0.00     6.00     0  00:00        0.00
  Dummy                JUNCTION     0.00     0.00     6.00     0  00:00        0.00
  542                  JUNCTION     0.00     0.00     0.00     0  00:00        0.00
  543                  JUNCTION     0.00     0.00     6.00     0  00:00        0.00
  544                  JUNCTION     0.00     0.00     6.30     0  00:00        0.00
  EquivWeir            JUNCTION     0.00     0.00     0.00     0  00:00        0.00
  A_O/F                JUNCTION     0.00     0.00    32.16     0  00:00        0.00
  A20O/F               JUNCTION     0.00     0.00    20.06     0  00:00        0.00
  A19O/F               JUNCTION     0.00     0.00    16.15     0  00:00        0.00
  A18O/F               JUNCTION     0.00     0.00    15.02     0  00:00        0.00
  A17O/F               JUNCTION     0.00     0.00    12.56     0  00:00        0.00
  A16O/F               JUNCTION     0.00     0.00    12.15     0  00:00        0.00
  F_O/F                JUNCTION     0.00     0.00    11.61     0  00:00        0.00
  A020/B               OUTFALL      0.00     0.00    21.50     0  00:00        0.00
  X001CB               STORAGE      0.00     0.00     6.00     0  00:00        0.00
  A10A/J               STORAGE      0.00     0.00     6.30     0  00:00        0.00
  
  
  *******************
  Node Inflow Summary
  *******************
  
  -------------------------------------------------------------------------------------------------
                                  Maximum  Maximum                  Lateral       Total        Flow
                                  Lateral    Total  Time of Max      Inflow      Inflow     Balance
                                   Inflow   Inflow   Occurrence      Volume      Volume       Error
  Node                 Type           CMS      CMS  days hr:min    10^6 ltr    10^6 ltr     Percent
  -------------------------------------------------------------------------------------------------
  A                    JUNCTION     0.000    0.000     0  00:00           0           0       0.000 ltr
  A019/C               JUNCTION     0.000    0.000     0  00:00           0           0       0.000 ltr
  A017/D               JUNCTION     0.000    0.000     0  00:00           0           0       0.000 ltr
  A016/E               JUNCTION     0.000    0.000     0  00:00           0           0       0.000 ltr
  A014/G               JUNCTION     0.000    0.000     0  00:00           0           0       0.000 ltr
  A012/H               JUNCTION     0.000    0.000     0  00:00           0           0       0.000 ltr
  I                    JUNCTION     0.000    0.000     0  00:00           0           0       0.000 ltr
  A011                 JUNCTION     0.000    0.000     0  00:00           0           0       0.000 ltr
  A010/K               JUNCTION     0.000    0.000     0  00:00           0           0       0.000 ltr
  L                    JUNCTION     0.000    0.000     0  00:00           0           0       0.000 ltr
  A009/M               JUNCTION     0.000    0.000     0  00:00           0           0       0.000 ltr
  A007/N               JUNCTION     0.000    0.000     0  00:00           0           0       0.000 ltr
  A006/O               JUNCTION     0.000    0.000     0  00:00           0           0       0.000 ltr
  A005                 JUNCTION     0.000    0.000     0  00:00           0           0       0.000 ltr
  A004/P               JUNCTION     0.000    0.000     0  00:00           0           0       0.000 ltr
  A002/Q               JUNCTION     0.000    0.000     0  00:00           0           0       0.000 ltr
  A001                 JUNCTION     0.000    0.000     0  00:00           0           0       0.000 ltr
  A015                 JUNCTION     0.000    0.000     0  00:00           0           0       0.000 ltr
  A013                 JUNCTION     0.000    0.000     0  00:00           0           0       0.000 ltr
  A003                 JUNCTION     0.000    0.000     0  00:00           0           0       0.000 ltr
  F                    JUNCTION     0.000    0.000     0  00:00           0           0       0.000 ltr
  A018                 JUNCTION     0.000    0.000     0  00:00           0           0       0.000 ltr
  A008                 JUNCTION     0.000    0.000     0  00:00           0           0       0.000 ltr
  A008A                JUNCTION     0.000    0.000     0  00:00           0           0       0.000 ltr
  A014A                JUNCTION     0.000    0.000     0  00:00           0           0       0.000 ltr
  A010B                JUNCTION     0.000    0.000     0  00:00           0           0       0.000 ltr
  X002                 JUNCTION     0.000    0.000     0  00:00           0           0       0.000 ltr
  X003                 JUNCTION     0.000    0.000     0  00:00           0           0       0.000 ltr
  A10Dum               JUNCTION     0.000    0.000     0  00:00           0           0       0.000 ltr
  A8ADum               JUNCTION     0.000    0.000     0  00:00           0           0       0.000 ltr
  DumCB                JUNCTION     0.000    0.000     0  00:00           0           0       0.000 ltr
  CB                   JUNCTION     0.000    0.000     0  00:00           0           0       0.000 ltr
  Dummy                JUNCTION     0.000    0.000     0  00:00           0           0       0.000 ltr
  542                  JUNCTION     0.000    0.000     0  00:00           0           0       0.000 ltr
  543                  JUNCTION     0.000    0.000     0  00:00           0           0       0.000 ltr
  544                  JUNCTION     0.000    0.000     0  00:00           0           0       0.000 ltr
  EquivWeir            JUNCTION     0.000    0.000     0  00:00           0           0       0.000 ltr
  A_O/F                JUNCTION     0.000    0.000     0  00:00           0           0       0.000 ltr
  A20O/F               JUNCTION     0.000    0.000     0  00:00           0           0       0.000 ltr
  A19O/F               JUNCTION     0.000    0.000     0  00:00           0           0       0.000 ltr
  A18O/F               JUNCTION     0.000    0.000     0  00:00           0           0       0.000 ltr
  A17O/F               JUNCTION     0.000    0.000     0  00:00           0           0       0.000 ltr
  A16O/F               JUNCTION     0.000    0.000     0  00:00           0           0       0.000 ltr
  F_O/F                JUNCTION     0.000    0.000     0  00:00           0           0       0.000 ltr
  A020/B               OUTFALL      0.000    0.000     0  00:00           0           0       0.000 ltr
  X001CB               STORAGE      0.000    0.000     0  00:00           0           0       0.000 ltr
  A10A/J               STORAGE      0.000    0.000     0  00:00           0           0       0.000 ltr
  
  
  **********************
  Node Surcharge Summary
  **********************
  
  Surcharging occurs when water rises above the top of the highest conduit.
  ---------------------------------------------------------------------
                                               Max. Height   Min. Depth
                                   Hours       Above Crown    Below Rim
  Node                 Type      Surcharged         Meters       Meters
  ---------------------------------------------------------------------
  A                    JUNCTION       24.00          0.000        0.000
  543                  JUNCTION       24.00          0.000        0.000
  
  
  *********************
  Node Flooding Summary
  *********************
  
  No nodes were flooded.
  
  
  **********************
  Storage Volume Summary
  **********************
  
  ------------------------------------------------------------------------------------------------
                         Average    Avg   Evap  Exfil     Maximum    Max    Time of Max    Maximum
                          Volume   Pcnt   Pcnt   Pcnt      Volume   Pcnt     Occurrence    Outflow
  Storage Unit           1000 m³   Full   Loss   Loss     1000 m³   Full    days hr:min        CMS
  ------------------------------------------------------------------------------------------------
  X001CB                   0.000    0.0    0.0    0.0       0.000    0.0       0  00:00      0.000
  A10A/J                   0.000    0.0    0.0    0.0       0.000    0.0       0  00:00      0.000
  
  
  ***********************
  Outfall Loading Summary
  ***********************
  
  -----------------------------------------------------------
                         Flow       Avg       Max       Total
                         Freq      Flow      Flow      Volume
  Outfall Node           Pcnt       CMS       CMS    10^6 ltr
  -----------------------------------------------------------
  A020/B                 0.00     0.000     0.000       0.000
  -----------------------------------------------------------
  System                 0.00     0.000     0.000       0.000
  
  
  ********************
  Link Flow Summary
  ********************
  
  -----------------------------------------------------------------------------
                                 Maximum  Time of Max   Maximum    Max/    Max/
                                  |Flow|   Occurrence   |Veloc|    Full    Full
  Link                 Type          CMS  days hr:min     m/sec    Flow   Depth
  -----------------------------------------------------------------------------
  L-A009               CONDUIT     0.000     0  00:00      0.00    0.00    0.00
  A9-08A               CONDUIT     0.000     0  00:00      0.00    0.00    0.00
  A8A-X3               CONDUIT     0.000     0  00:00      0.00    0.00    0.00
  X003-2               CONDUIT     0.000     0  00:00      0.00    0.00    0.00
  A010-5               CONDUIT     0.000     0  00:00      0.00    0.00    0.00
  A08-07               CONDUIT     0.000     0  00:00      0.00    0.00    0.00
  A07-06               CONDUIT     0.000     0  00:00      0.00    0.00    0.00
  A06-05               CONDUIT     0.000     0  00:00      0.00    0.00    0.00
  A15-14               CONDUIT     0.000     0  00:00      0.00    0.00    0.00
  A13-12               CONDUIT     0.000     0  00:00      0.00    0.00    0.00
  A012-I               CONDUIT     0.000     0  00:00      0.00    0.00    0.00
  I-A011               CONDUIT     0.000     0  00:00      0.00    0.00    0.00
  A011-5               CONDUIT     0.000     0  00:00      0.00    0.00    0.00
  A05-04               CONDUIT     0.000     0  00:00      0.00    0.00    0.00
  A04-03               CONDUIT     0.000     0  00:00      0.00    0.00    0.00
  A03-02               CONDUIT     0.000     0  00:00      0.00    0.00    0.00
  A02-01               CONDUIT     0.000     0  00:00      0.00    0.00    0.00
  J-A10B               CONDUIT     0.000     0  00:00      0.00    0.00    0.00
  G-J                  CONDUIT     0.000     0  00:00      0.00    0.00    0.00
  X002-1               CONDUIT     0.000     0  00:00      0.00    0.00    0.00
  CB-10A               CONDUIT     0.000     0  00:00      0.00    0.00    0.00
  A10B-A               CONDUIT     0.000     0  00:00      0.00    0.00    0.00
  A10-K                CONDUIT     0.000     0  00:00      0.00    0.00    0.00
  A08A-8               CONDUIT     0.000     0  00:00      0.00    0.00    0.00
  Weir8A               CONDUIT     0.000     0  00:00      0.00    0.00    0.00
  A14-13               CONDUIT     0.000     0  00:00      0.00    0.00    0.00
  X3-Dum               CONDUIT     0.000     0  00:00      0.00    0.00    0.00
  Dum-CB               CONDUIT     0.000     0  00:00      0.00    0.00    0.00
  A-A020               CONDUIT     0.000     0  00:00      0.00    0.00    0.00
  A20-19               CONDUIT     0.000     0  00:00      0.00    0.00    0.00
  A19-18               CONDUIT     0.000     0  00:00      0.00    0.00    0.00
  A18-17               CONDUIT     0.000     0  00:00      0.00    0.00    0.00
  A17-16               CONDUIT     0.000     0  00:00      0.00    0.00    0.00
  A016-F               CONDUIT     0.000     0  00:00      0.00    0.00    0.00
  F-A015               CONDUIT     0.000     0  00:00      0.00    0.00    0.00
  A017/O               CONDUIT     0.000     0  00:00      0.00    0.00    0.00
  RATING1              CONDUIT     0.000     0  00:00      0.00    0.00    0.00
  541                  CONDUIT     0.000     0  00:00      0.00    0.00    0.00
  RATING2              CONDUIT     0.000     0  00:00      0.00    0.00    0.00
  Orifice              ORIFICE     0.000     0  00:00                      0.00
  CB_O/F               WEIR        0.000     0  00:00                      0.00
  
  
  ***************************
  Flow Classification Summary
  ***************************
  
  -------------------------------------------------------------------------------------
                      Adjusted    ---------- Fraction of Time in Flow Class ---------- 
                       /Actual         Up    Down  Sub   Sup   Up    Down  Norm  Inlet 
  Conduit               Length    Dry  Dry   Dry   Crit  Crit  Crit  Crit  Ltd   Ctrl  
  -------------------------------------------------------------------------------------
  L-A009                  1.00   1.00  0.00  0.00  0.00  0.00  0.00  0.00  0.00  0.00
  A9-08A                  1.00   1.00  0.00  0.00  0.00  0.00  0.00  0.00  0.00  0.00
  A8A-X3                  1.00   1.00  0.00  0.00  0.00  0.00  0.00  0.00  0.00  0.00
  X003-2                  1.00   1.00  0.00  0.00  0.00  0.00  0.00  0.00  0.00  0.00
  A010-5                  1.00   1.00  0.00  0.00  0.00  0.00  0.00  0.00  0.00  0.00
  A08-07                  1.00   1.00  0.00  0.00  0.00  0.00  0.00  0.00  0.00  0.00
  A07-06                  1.00   1.00  0.00  0.00  0.00  0.00  0.00  0.00  0.00  0.00
  A06-05                  1.00   1.00  0.00  0.00  0.00  0.00  0.00  0.00  0.00  0.00
  A15-14                  1.00   1.00  0.00  0.00  0.00  0.00  0.00  0.00  0.00  0.00
  A13-12                  1.00   1.00  0.00  0.00  0.00  0.00  0.00  0.00  0.00  0.00
  A012-I                  1.00   1.00  0.00  0.00  0.00  0.00  0.00  0.00  0.00  0.00
  I-A011                  1.00   1.00  0.00  0.00  0.00  0.00  0.00  0.00  0.00  0.00
  A011-5                  1.00   1.00  0.00  0.00  0.00  0.00  0.00  0.00  0.00  0.00
  A05-04                  1.00   1.00  0.00  0.00  0.00  0.00  0.00  0.00  0.00  0.00
  A04-03                  1.00   1.00  0.00  0.00  0.00  0.00  0.00  0.00  0.00  0.00
  A03-02                  1.00   1.00  0.00  0.00  0.00  0.00  0.00  0.00  0.00  0.00
  A02-01                  1.00   1.00  0.00  0.00  0.00  0.00  0.00  0.00  0.00  0.00
  J-A10B                  1.00   1.00  0.00  0.00  0.00  0.00  0.00  0.00  0.00  0.00
  G-J                     1.00   1.00  0.00  0.00  0.00  0.00  0.00  0.00  0.00  0.00
  X002-1                  1.00   1.00  0.00  0.00  0.00  0.00  0.00  0.00  0.00  0.00
  CB-10A                  1.00   1.00  0.00  0.00  0.00  0.00  0.00  0.00  0.00  0.00
  A10B-A                  1.00   1.00  0.00  0.00  0.00  0.00  0.00  0.00  0.00  0.00
  A10-K                   1.00   1.00  0.00  0.00  0.00  0.00  0.00  0.00  0.00  0.00
  A08A-8                  1.00   1.00  0.00  0.00  0.00  0.00  0.00  0.00  0.00  0.00
  Weir8A                  1.00   1.00  0.00  0.00  0.00  0.00  0.00  0.00  0.00  0.00
  A14-13                  1.00   1.00  0.00  0.00  0.00  0.00  0.00  0.00  0.00  0.00
  X3-Dum                  1.00   1.00  0.00  0.00  0.00  0.00  0.00  0.00  0.00  0.00
  Dum-CB                  1.00   1.00  0.00  0.00  0.00  0.00  0.00  0.00  0.00  0.00
  A-A020                  1.00   1.00  0.00  0.00  0.00  0.00  0.00  0.00  0.00  0.00
  A20-19                  1.00   1.00  0.00  0.00  0.00  0.00  0.00  0.00  0.00  0.00
  A19-18                  1.00   1.00  0.00  0.00  0.00  0.00  0.00  0.00  0.00  0.00
  A18-17                  1.00   1.00  0.00  0.00  0.00  0.00  0.00  0.00  0.00  0.00
  A17-16                  1.00   1.00  0.00  0.00  0.00  0.00  0.00  0.00  0.00  0.00
  A016-F                  1.00   1.00  0.00  0.00  0.00  0.00  0.00  0.00  0.00  0.00
  F-A015                  1.00   1.00  0.00  0.00  0.00  0.00  0.00  0.00  0.00  0.00
  A017/O                  1.00   1.00  0.00  0.00  0.00  0.00  0.00  0.00  0.00  0.00
  RATING1                 1.00   1.00  0.00  0.00  0.00  0.00  0.00  0.00  0.00  0.00
  541                     1.00   1.00  0.00  0.00  0.00  0.00  0.00  0.00  0.00  0.00
  RATING2                 1.00   1.00  0.00  0.00  0.00  0.00  0.00  0.00  0.00  0.00
  
  
  *************************
  Conduit Surcharge Summary
  *************************
  
  No conduits were surcharged.
  

  Analysis begun on:  Sun Jul 19 15:18:44 2026
  Analysis ended on:  Sun Jul 19 15:18:44 2026
  Total elapsed time: < 1 sec