
  EPA STORM WATER MANAGEMENT MODEL - VERSION 5.2 (Build 5.2.4)
  ------------------------------------------------------------

  3OTH AVENUE STORM TRUNK AND BASIN HYDRAULIC EVALUATION 
  WARNING 04: minimum elevation drop used for Conduit 1A
  
  ****************
  Analysis Options
  ****************
  Flow Units ............... CMS
  Process Models:
    Rainfall/Runoff ........ NO
    RDII ................... NO
    Snowmelt ............... NO
    Groundwater ............ NO
    Flow Routing ........... YES
    Ponding Allowed ........ NO
    Water Quality .......... NO
  Flow Routing Method ...... DYNWAVE
  Surcharge Method ......... EXTRAN
  Starting Date ............ 01/01/2001 00:00:00
  Ending Date .............. 01/02/2001 00:00:00
  Antecedent Dry Days ...... 0.0
  Report Time Step ......... 00:15:00
  Routing Time Step ........ 60.00 sec
  Variable Time Step ....... YES
  Maximum Trials ........... 30
  Number of Threads ........ 1
  Head Tolerance ........... 0.001524 m
  
  
  **************************        Volume        Volume
  Flow Routing Continuity        hectare-m      10^6 ltr
  **************************     ---------     ---------
  Dry Weather Inflow .......         0.000         0.000
  Wet Weather Inflow .......         0.000         0.000
  Groundwater Inflow .......         0.000         0.000
  RDII Inflow ..............         0.000         0.000
  External Inflow ..........         2.851        28.509
  External Outflow .........         0.000         0.000
  Flooding Loss ............         0.304         3.037
  Evaporation Loss .........         0.000         0.000
  Exfiltration Loss ........         0.000         0.000
  Initial Stored Volume ....         0.000         0.000
  Final Stored Volume ......         0.089         0.885
  Continuity Error (%) .....        86.243
  
  
  *************************
  Highest Continuity Errors
  *************************
  Node 8842 (100.00%)
  Node 886 (100.00%)
  Node 8902 (100.00%)
  Node 8942 (100.00%)
  Node 8953 (100.00%)
  
  
  ***************************
  Time-Step Critical Elements
  ***************************
  Link 1A (89.16%)
  Link N2 (10.09%)
  
  
  ********************************
  Highest Flow Instability Indexes
  ********************************
  All links are stable.
  
  
  *********************************
  Most Frequent Nonconverging Nodes
  *********************************
  Node 8111 (0.05%)
  Node 81031 (0.01%)
  Node 8911 (0.01%)
  Node 891 (0.01%)
  Node Node_1156535 (0.01%)
  
  
  *************************
  Routing Time Step Summary
  *************************
  Minimum Time Step           :     0.50 sec
  Average Time Step           :     1.44 sec
  Maximum Time Step           :    60.00 sec
  % of Time in Steady State   :     0.00
  Average Iterations per Step :     2.02
  % of Steps Not Converging   :     0.05
  Time Step Frequencies       :
     60.000 - 23.031 sec      :     0.75 %
     23.031 -  8.841 sec      :     0.00 %
      8.841 -  3.393 sec      :    10.09 %
      3.393 -  1.303 sec      :     0.00 %
      1.303 -  0.500 sec      :    89.16 %
  
  
  ******************
  Node Depth Summary
  ******************
  
  ---------------------------------------------------------------------------------
                                 Average  Maximum  Maximum  Time of Max    Reported
                                   Depth    Depth      HGL   Occurrence   Max Depth
  Node                 Type       Meters   Meters   Meters  days hr:min      Meters
  ---------------------------------------------------------------------------------
  883                  JUNCTION   692.09   694.72  1395.61     0  15:01      694.72
  884                  JUNCTION   366.79   691.86  1390.46     0  15:33      691.86
  8841                 JUNCTION    39.79   689.97  1385.06     1  00:00      689.97
  8842                 JUNCTION     0.99   128.30   822.78     1  00:00      128.30
  8843                 JUNCTION   681.97   684.71  1375.69     0  14:55      684.71
  7842                 JUNCTION     0.00     0.00   688.54     0  00:00        0.00
  8844                 JUNCTION   389.17   684.36  1373.51     0  16:05      684.36
  885                  JUNCTION    42.03   682.86  1371.25     0  23:59      682.86
  886                  JUNCTION     1.52   158.93   847.32     1  00:00      158.93
  8861                 JUNCTION     0.00     0.00   688.69     0  00:00        0.00
  887                  JUNCTION     0.00     0.00   690.37     0  00:00        0.00
  888                  JUNCTION     0.00     0.00   690.52     0  00:00        0.00
  889                  JUNCTION     0.00     0.00   686.71     0  00:00        0.00
  8891                 JUNCTION     0.00     0.00   685.95     0  00:00        0.00
  890                  JUNCTION     0.00     0.00   684.27     0  00:00        0.00
  8901                 JUNCTION     0.00     0.00   683.82     0  00:00        0.00
  8902                 JUNCTION    35.64   674.63  1357.68     1  00:00      674.63
  8911                 JUNCTION   413.66   676.53  1359.43     0  16:30      676.53
  891                  JUNCTION   675.72   678.46  1361.97     0  07:25      678.22
  8912                 JUNCTION    10.18   194.32   877.68     1  00:00      194.32
  892                  JUNCTION     0.00     0.00   683.97     0  00:00        0.00
  8921                 JUNCTION     0.00     0.00   684.27     0  00:00        0.00
  893                  JUNCTION     0.00     0.00   682.60     0  00:00        0.00
  8931                 JUNCTION     0.00     0.00   682.14     0  00:00        0.00
  8932                 JUNCTION     0.00     0.00   682.90     0  00:00        0.00
  894                  JUNCTION     0.00     0.00   682.29     0  00:00        0.00
  8941                 JUNCTION     0.00     0.00   683.21     0  00:00        0.00
  8942                 JUNCTION     0.80    68.24   749.62     1  00:00       68.24
  896                  JUNCTION     0.00     0.00   679.85     0  00:00        0.00
  895                  JUNCTION   672.03   674.55  1355.01     0  07:24      674.48
  8951                 JUNCTION   396.81   673.71  1353.41     0  16:22      673.71
  8952                 JUNCTION    43.58   673.20  1353.05     0  22:21      673.20
  8953                 JUNCTION     1.48   126.69   806.39     1  00:00      126.69
  81053                JUNCTION     0.00     0.00   681.23     0  00:00        0.00
  897                  JUNCTION   688.02   690.60  1386.76     0  15:01      690.60
  898                  JUNCTION   369.72   684.49  1374.86     0  15:38      684.49
  8981                 JUNCTION    40.54   683.20  1372.05     0  23:15      683.20
  899                  JUNCTION     1.32   148.01   835.33     1  00:00      148.01
  8991                 JUNCTION     0.00     0.00   685.34     0  00:00        0.00
  8992                 JUNCTION     0.00     0.00   685.19     0  00:00        0.00
  8100                 JUNCTION     0.00     0.00   684.88     0  00:00        0.00
  8101                 JUNCTION     0.00     0.00   685.49     0  00:00        0.00
  8102                 JUNCTION     0.00     0.00   685.65     0  00:00        0.00
  81051                JUNCTION     0.00     0.00   682.75     0  00:00        0.00
  8103                 JUNCTION   679.14   681.70  1370.55     0  07:25      681.65
  81031                JUNCTION   389.00   681.02  1370.32     0  22:05      681.02
  81032                JUNCTION    42.35   679.85  1366.26     0  23:43      679.85
  8104                 JUNCTION     1.72   168.95   851.39     1  00:00      168.95
  81041                JUNCTION     0.00     0.00   683.21     0  00:00        0.00
  8105                 JUNCTION     0.00     0.00   682.44     0  00:00        0.00
  81052                JUNCTION     0.00     0.00   681.23     0  00:00        0.00
  8106                 JUNCTION     0.00     0.00   681.23     0  00:00        0.00
  8107                 JUNCTION     0.00     0.00   681.23     0  00:00        0.00
  81081                JUNCTION   495.50   670.56  1351.94     1  00:00      670.56
  8108                 JUNCTION   658.21   676.06  1357.90     0  07:19      675.70
  81102                JUNCTION    62.72   670.71  1351.94     1  00:00      670.71
  8109                 JUNCTION   678.66   681.52  1367.77     0  07:22      681.18
  8110                 JUNCTION   419.83   679.46  1365.11     0  15:39      679.46
  81101                JUNCTION    47.08   678.38  1361.74     0  22:45      678.38
  N1                   JUNCTION     0.00     0.00   694.00     0  00:00        0.00
  N2                   JUNCTION     0.00     0.00   688.60     0  00:00        0.00
  HW_N2                JUNCTION   640.49   685.41  1370.64     0  07:24      685.25
  Node_1156535         JUNCTION   519.80   685.65  1370.08     0  13:37      685.65
  HW_1A                JUNCTION   686.88   689.46  1378.72     0  14:54      689.46
  Node_1153533         JUNCTION   376.92   689.46  1378.72     0  14:54      689.46
  HW_N1B               JUNCTION   687.09   689.65  1379.22     0  07:42      689.65
  Node_11531156        JUNCTION   375.10   686.98  1372.21     0  15:21      686.98
  8111                 OUTFALL      0.00     0.00   683.21     0  00:00        0.00
  
  
  *******************
  Node Inflow Summary
  *******************
  
  -------------------------------------------------------------------------------------------------
                                  Maximum  Maximum                  Lateral       Total        Flow
                                  Lateral    Total  Time of Max      Inflow      Inflow     Balance
                                   Inflow   Inflow   Occurrence      Volume      Volume       Error
  Node                 Type           CMS      CMS  days hr:min    10^6 ltr    10^6 ltr     Percent
  -------------------------------------------------------------------------------------------------
  883                  JUNCTION     0.030    0.030     0  00:00        2.59        2.59      46.165
  884                  JUNCTION     0.000    0.030     0  15:01           0        1.77      83.972
  8841                 JUNCTION     0.000    0.030     0  22:34           0       0.964     543.375
  8842                 JUNCTION     0.000    0.030     1  00:00           0        0.15  149805.655 ltr
  8843                 JUNCTION     0.030    0.030     0  00:00        2.59        2.59      43.094
  7842                 JUNCTION     0.000    0.000     0  00:00           0           0       0.000 ltr
  8844                 JUNCTION     0.000    0.903     0  07:24           0        1.81      81.881
  885                  JUNCTION     0.000    0.030     0  16:06           0       0.996     436.665
  886                  JUNCTION     0.000    0.030     1  00:00           0       0.186  185556.426 ltr
  8861                 JUNCTION     0.000    0.000     0  00:00           0           0       0.000 ltr
  887                  JUNCTION     0.000    0.000     0  00:00           0           0       0.000 ltr
  888                  JUNCTION     0.000    0.000     0  00:00           0           0       0.000 ltr
  889                  JUNCTION     0.000    0.000     0  00:00           0           0       0.000 ltr
  8891                 JUNCTION     0.000    0.000     0  00:00           0           0       0.000 ltr
  890                  JUNCTION     0.000    0.000     0  00:00           0           0       0.000 ltr
  8901                 JUNCTION     0.000    0.000     0  00:00           0           0       0.000 ltr
  8902                 JUNCTION     0.000    0.023     0  16:39           0       0.788  787580.295 ltr
  8911                 JUNCTION     0.000    0.548     0  07:21           0        1.84      81.131
  891                  JUNCTION     0.030    0.030     0  00:00        2.59        2.59      41.050
  8912                 JUNCTION     0.000    0.007     0  16:33           0       0.227  226849.834 ltr
  892                  JUNCTION     0.000    0.000     0  00:00           0           0       0.000 ltr
  8921                 JUNCTION     0.000    0.000     0  00:00           0           0       0.000 ltr
  893                  JUNCTION     0.000    0.000     0  00:00           0           0       0.000 ltr
  8931                 JUNCTION     0.000    0.000     0  00:00           0           0       0.000 ltr
  8932                 JUNCTION     0.000    0.000     0  00:00           0           0       0.000 ltr
  894                  JUNCTION     0.000    0.000     0  00:00           0           0       0.000 ltr
  8941                 JUNCTION     0.000    0.000     0  00:00           0           0       0.000 ltr
  8942                 JUNCTION     0.000    0.011     0  22:21           0      0.0797   79666.839 ltr
  896                  JUNCTION     0.000    0.000     0  00:00           0           0       0.000 ltr
  895                  JUNCTION     0.030    0.030     0  00:00        2.59        2.59      42.381
  8951                 JUNCTION     0.000    0.302     0  07:18           0        1.82      79.317
  8952                 JUNCTION     0.000    0.030     0  16:26           0        1.02     346.048
  8953                 JUNCTION     0.000    0.026     0  21:52           0       0.148  147912.500 ltr
  81053                JUNCTION     0.000    0.000     0  00:00           0           0       0.000 ltr
  897                  JUNCTION     0.030    0.030     0  00:00        2.59        2.59      45.764
  898                  JUNCTION     0.000    0.030     0  15:01           0        1.78      82.167
  8981                 JUNCTION     0.000    0.030     0  15:38           0       0.976     464.785
  899                  JUNCTION     0.000    0.030     0  23:15           0       0.173  172816.024 ltr
  8991                 JUNCTION     0.000    0.000     0  00:00           0           0       0.000 ltr
  8992                 JUNCTION     0.000    0.000     0  00:00           0           0       0.000 ltr
  8100                 JUNCTION     0.000    0.000     0  00:00           0           0       0.000 ltr
  8101                 JUNCTION     0.000    0.000     0  00:00           0           0       0.000 ltr
  8102                 JUNCTION     0.000    0.000     0  00:00           0           0       0.000 ltr
  81051                JUNCTION     0.000    0.000     0  00:00           0           0       0.000 ltr
  8103                 JUNCTION     0.030    0.030     0  00:00        2.59        2.59      43.372
  81031                JUNCTION     0.000    0.300     0  07:25           0        1.81      80.707
  81032                JUNCTION     0.000    0.030     0  16:06           0           1     407.123
  8104                 JUNCTION     0.000    0.030     0  23:43           0       0.197  197258.559 ltr
  81041                JUNCTION     0.000    0.000     0  00:00           0           0       0.000 ltr
  8105                 JUNCTION     0.000    0.000     0  00:00           0           0       0.000 ltr
  81052                JUNCTION     0.000    0.000     0  00:00           0           0       0.000 ltr
  8106                 JUNCTION     0.000    0.000     0  00:00           0           0       0.000 ltr
  8107                 JUNCTION     0.000    0.000     0  00:00           0           0       0.000 ltr
  81081                JUNCTION     0.000    6.339     0  07:20           0           2      97.723
  8108                 JUNCTION     0.030    0.030     0  00:00        2.59        2.59      30.360
  81102                JUNCTION     0.000    0.060     0  22:14           0        1.26    9335.036
  8109                 JUNCTION     0.030    0.030     0  00:00        2.59        2.59      40.506
  8110                 JUNCTION     0.000    0.559     0  07:23           0        1.84      76.388
  81101                JUNCTION     0.000    0.030     0  21:42           0        1.05     319.679
  N1                   JUNCTION     0.000    0.000     0  00:00           0           0       0.000 ltr
  N2                   JUNCTION     0.000    0.000     0  00:00           0           0       0.000 ltr
  HW_N2                JUNCTION     0.030    0.030     0  00:00        2.59        2.59      26.313
  Node_1156535         JUNCTION     0.000    9.806     0  07:25           0        2.05       0.000
  HW_1A                JUNCTION     0.030    0.030     0  00:00        2.59        2.59      45.049
  Node_1153533         JUNCTION     0.000    0.031     0  14:54           0       0.807       0.000
  HW_N1B               JUNCTION     0.030    0.030     0  00:00        2.59        2.59      45.200
  Node_11531156        JUNCTION     0.000    0.034     0  14:52           0        1.78       0.000
  8111                 OUTFALL      0.000    0.000     0  00:00           0           0       0.000 ltr
  
  
  **********************
  Node Surcharge Summary
  **********************
  
  Surcharging occurs when water rises above the top of the highest conduit.
  ---------------------------------------------------------------------
                                               Max. Height   Min. Depth
                                   Hours       Above Crown    Below Rim
  Node                 Type      Surcharged         Meters       Meters
  ---------------------------------------------------------------------
  7842                 JUNCTION       24.00          0.000        0.000
  N2                   JUNCTION       24.00          0.000        0.000
  Node_1156535         JUNCTION       10.38          0.000        0.000
  HW_1A                JUNCTION        9.09          0.000        0.000
  Node_1153533         JUNCTION        9.09          0.000        0.000
  Node_11531156        JUNCTION        8.65          0.000        0.000
  
  
  *********************
  Node Flooding Summary
  *********************
  
  Flooding refers to all water that overflows a node, whether it ponds or not.
  --------------------------------------------------------------------------
                                                             Total   Maximum
                                 Maximum   Time of Max       Flood    Ponded
                        Hours       Rate    Occurrence      Volume     Depth
  Node                 Flooded       CMS   days hr:min    10^6 ltr    Meters
  --------------------------------------------------------------------------
  Node_1156535           10.38     0.030      0  13:37       1.121     0.000
  HW_1A                   9.09     0.030      1  00:00       0.980     0.000
  Node_1153533            9.09     0.012      0  14:54       0.002     0.000
  Node_11531156           8.65     0.030      0  15:21       0.934     0.000
  
  
  ***********************
  Outfall Loading Summary
  ***********************
  
  -----------------------------------------------------------
                         Flow       Avg       Max       Total
                         Freq      Flow      Flow      Volume
  Outfall Node           Pcnt       CMS       CMS    10^6 ltr
  -----------------------------------------------------------
  8111                   0.00     0.000     0.000       0.000
  -----------------------------------------------------------
  System                 0.00     0.000     0.000       0.000
  
  
  ********************
  Link Flow Summary
  ********************
  
  -----------------------------------------------------------------------------
                                 Maximum  Time of Max   Maximum    Max/    Max/
                                  |Flow|   Occurrence   |Veloc|    Full    Full
  Link                 Type          CMS  days hr:min     m/sec    Flow   Depth
  -----------------------------------------------------------------------------
  883                  CONDUIT     0.030     0  15:01      1.01    0.01    0.08
  884                  CONDUIT     0.030     0  22:34      1.46    0.01    0.07
  8841                 CONDUIT     0.030     1  00:00      0.79    0.02    0.09
  N2                   CONDUIT     9.806     0  07:25     31.58    0.73    0.51
  8843                 CONDUIT     0.903     0  07:24      7.29    0.17    0.20
  8844                 CONDUIT     0.030     0  16:06      0.78    0.01    0.07
  885                  CONDUIT     0.030     1  00:00      0.57    0.01    0.08
  886                  CONDUIT     0.000     0  00:00      0.00    0.00    0.00
  8861                 CONDUIT     0.000     0  00:00      0.00    0.00    0.00
  887                  CONDUIT     0.000     0  00:00      0.00    0.00    0.00
  888                  CONDUIT     0.000     0  00:00      0.00    0.00    0.00
  889                  CONDUIT     0.000     0  00:00      0.00    0.00    0.00
  8891                 CONDUIT     0.000     0  00:00      0.00    0.00    0.00
  890                  CONDUIT     0.000     0  00:00      0.00    0.00    0.00
  8901                 CONDUIT     0.000     0  00:00      0.00    0.00    0.00
  8902                 CONDUIT     0.023     0  16:39      0.15    0.01    0.17
  891                  CONDUIT     0.548     0  07:21      3.10    0.23    0.26
  8911                 CONDUIT     0.007     0  16:33      0.05    0.00    0.15
  8912                 CONDUIT     0.000     0  00:00      0.00    0.00    0.00
  892                  CONDUIT     0.000     0  00:00      0.00    0.00    0.00
  8921                 CONDUIT     0.000     0  00:00      0.00    0.00    0.00
  893                  CONDUIT     0.000     0  00:00      0.00    0.00    0.00
  8931                 CONDUIT     0.000     0  00:00      0.00    0.00    0.00
  8932                 CONDUIT     0.000     0  00:00      0.00    0.00    0.00
  894                  CONDUIT     0.000     0  00:00      0.00    0.00    0.00
  81041A               CONDUIT     0.000     0  00:00      0.00    0.00    0.00
  8941                 CONDUIT     0.000     0  00:00      0.00    0.00    0.00
  8942                 CONDUIT     0.000     0  00:00      0.00    0.00    0.00
  895                  CONDUIT     0.302     0  07:18      3.42    0.12    0.19
  8951                 CONDUIT     0.030     0  16:26      0.46    0.02    0.09
  8952                 CONDUIT     0.026     0  21:52      1.25    0.01    0.05
  8953                 CONDUIT     0.000     0  00:00      0.00    0.00    0.00
  896                  CONDUIT     0.000     0  00:00      0.00    0.00    0.00
  897                  CONDUIT     0.030     0  15:01      1.38    0.01    0.08
  898                  CONDUIT     0.030     0  15:38      1.01    0.01    0.08
  8981                 CONDUIT     0.030     0  23:15      1.05    0.01    0.07
  899                  CONDUIT     0.000     0  00:00      0.00    0.00    0.00
  8991                 CONDUIT     0.000     0  00:00      0.00    0.00    0.00
  8992                 CONDUIT     0.000     0  00:00      0.00    0.00    0.00
  8100                 CONDUIT     0.000     0  00:00      0.00    0.00    0.00
  8101                 CONDUIT     0.000     0  00:00      0.00    0.00    0.00
  8102                 CONDUIT     0.000     0  00:00      0.00    0.00    0.00
  8103                 CONDUIT     0.300     0  07:25      1.37    0.78    0.30
  81031                CONDUIT     0.030     0  16:06      1.02    0.01    0.07
  81032                CONDUIT     0.030     0  23:43      1.09    0.01    0.07
  8104                 CONDUIT     0.000     0  00:00      0.00    0.00    0.00
  81041                CONDUIT     0.000     0  00:00      0.00    0.00    0.00
  8105                 CONDUIT     0.000     0  00:00      0.00    0.00    0.00
  81051                CONDUIT     0.000     0  00:00      0.00    0.00    0.00
  81052                CONDUIT     0.000     0  00:00      0.00    0.00    0.00
  81053                CONDUIT     0.000     0  00:00      0.00    0.00    0.00
  8106                 CONDUIT     0.000     0  00:00      0.00    0.00    0.00
  8107                 CONDUIT     0.000     0  00:00      0.00    0.00    0.06
  8108                 CONDUIT     6.339     0  07:20     19.80    0.88    0.40
  81081                CONDUIT     0.044     0  20:47      0.51    0.00    0.18
  8109                 CONDUIT     0.559     0  07:23      2.10    0.46    0.44
  8110                 CONDUIT     0.030     0  21:42      1.00    0.02    0.10
  81101                CONDUIT     0.030     0  22:45      0.26    0.02    0.47
  81102                CONDUIT     0.000     0  00:00      0.00    0.00    0.12
  1A                   CONDUIT     0.031     0  14:54      1.08    6.42    1.00
  N1B                  CONDUIT     0.034     0  14:52      0.56    0.01    0.52
  8842                 CONDUIT     0.000     0  00:00      0.00    0.00    0.00
  942A                 CONDUIT     0.011     0  22:21      1.08    0.14    0.25
  
  
  ***************************
  Flow Classification Summary
  ***************************
  
  -------------------------------------------------------------------------------------
                      Adjusted    ---------- Fraction of Time in Flow Class ---------- 
                       /Actual         Up    Down  Sub   Sup   Up    Down  Norm  Inlet 
  Conduit               Length    Dry  Dry   Dry   Crit  Crit  Crit  Crit  Ltd   Ctrl  
  -------------------------------------------------------------------------------------
  883                     1.00   0.31  0.00  0.00  0.00  0.00  0.00  0.69  0.00  0.00
  884                     1.00   0.63  0.00  0.00  0.00  0.06  0.00  0.31  0.06  0.00
  8841                    1.00   0.94  0.00  0.00  0.00  0.00  0.00  0.06  0.00  0.00
  N2                      1.00   0.42  0.00  0.00  0.44  0.00  0.00  0.14  0.44  0.00
  8843                    1.00   0.32  0.00  0.00  0.00  0.00  0.00  0.68  0.00  0.00
  8844                    1.00   0.61  0.00  0.00  0.00  0.00  0.00  0.39  0.00  0.00
  885                     1.00   0.92  0.00  0.00  0.00  0.00  0.00  0.08  0.00  0.00
  886                     1.00   1.00  0.00  0.00  0.00  0.00  0.00  0.00  0.00  0.00
  8861                    1.00   1.00  0.00  0.00  0.00  0.00  0.00  0.00  0.00  0.00
  887                     1.00   1.00  0.00  0.00  0.00  0.00  0.00  0.00  0.00  0.00
  888                     1.00   1.00  0.00  0.00  0.00  0.00  0.00  0.00  0.00  0.00
  889                     1.00   1.00  0.00  0.00  0.00  0.00  0.00  0.00  0.00  0.00
  8891                    1.00   1.00  0.00  0.00  0.00  0.00  0.00  0.00  0.00  0.00
  890                     1.00   1.00  0.00  0.00  0.00  0.00  0.00  0.00  0.00  0.00
  8901                    1.00   1.00  0.00  0.00  0.00  0.00  0.00  0.00  0.00  0.00
  8902                    1.00   0.59  0.01  0.00  0.00  0.00  0.40  0.00  0.00  0.00
  891                     1.00   0.31  0.00  0.00  0.00  0.00  0.00  0.69  0.00  0.00
  8911                    1.00   0.59  0.01  0.00  0.00  0.00  0.39  0.00  0.00  0.00
  8912                    1.00   1.00  0.00  0.00  0.00  0.00  0.00  0.00  0.00  0.00
  892                     1.00   1.00  0.00  0.00  0.00  0.00  0.00  0.00  0.00  0.00
  8921                    1.00   1.00  0.00  0.00  0.00  0.00  0.00  0.00  0.00  0.00
  893                     1.00   1.00  0.00  0.00  0.00  0.00  0.00  0.00  0.00  0.00
  8931                    1.00   1.00  0.00  0.00  0.00  0.00  0.00  0.00  0.00  0.00
  8932                    1.00   1.00  0.00  0.00  0.00  0.00  0.00  0.00  0.00  0.00
  894                     1.00   1.00  0.00  0.00  0.00  0.00  0.00  0.00  0.00  0.00
  81041A                  1.00   1.00  0.00  0.00  0.00  0.00  0.00  0.00  0.00  0.00
  8941                    1.00   1.00  0.00  0.00  0.00  0.00  0.00  0.00  0.00  0.00
  8942                    1.00   1.00  0.00  0.00  0.00  0.00  0.00  0.00  0.00  0.00
  895                     1.00   0.31  0.00  0.00  0.00  0.00  0.00  0.69  0.00  0.00
  8951                    1.00   0.60  0.00  0.00  0.00  0.00  0.00  0.40  0.00  0.00
  8952                    1.00   0.91  0.00  0.00  0.00  0.00  0.00  0.09  0.00  0.00
  8953                    1.00   1.00  0.00  0.00  0.00  0.00  0.00  0.00  0.00  0.00
  896                     1.00   1.00  0.00  0.00  0.00  0.00  0.00  0.00  0.00  0.00
  897                     1.00   0.31  0.00  0.00  0.00  0.00  0.00  0.69  0.00  0.00
  898                     1.00   0.62  0.00  0.00  0.00  0.00  0.00  0.38  0.00  0.00
  8981                    1.00   0.93  0.00  0.00  0.00  0.00  0.00  0.07  0.00  0.00
  899                     1.00   1.00  0.00  0.00  0.00  0.00  0.00  0.00  0.00  0.00
  8991                    1.00   1.00  0.00  0.00  0.00  0.00  0.00  0.00  0.00  0.00
  8992                    1.00   1.00  0.00  0.00  0.00  0.00  0.00  0.00  0.00  0.00
  8100                    1.00   1.00  0.00  0.00  0.00  0.00  0.00  0.00  0.00  0.00
  8101                    1.00   1.00  0.00  0.00  0.00  0.00  0.00  0.00  0.00  0.00
  8102                    1.00   1.00  0.00  0.00  0.00  0.00  0.00  0.00  0.00  0.00
  8103                    1.00   0.31  0.00  0.00  0.00  0.00  0.00  0.69  0.00  0.00
  81031                   1.00   0.61  0.00  0.00  0.00  0.00  0.00  0.39  0.00  0.00
  81032                   1.00   0.92  0.00  0.00  0.00  0.00  0.00  0.08  0.00  0.00
  8104                    1.00   1.00  0.00  0.00  0.00  0.00  0.00  0.00  0.00  0.00
  81041                   1.00   1.00  0.00  0.00  0.00  0.00  0.00  0.00  0.00  0.00
  8105                    1.00   1.00  0.00  0.00  0.00  0.00  0.00  0.00  0.00  0.00
  81051                   1.00   1.00  0.00  0.00  0.00  0.00  0.00  0.00  0.00  0.00
  81052                   1.00   1.00  0.00  0.00  0.00  0.00  0.00  0.00  0.00  0.00
  81053                   1.00   1.00  0.00  0.00  0.00  0.00  0.00  0.00  0.00  0.00
  8106                    1.00   1.00  0.00  0.00  0.00  0.00  0.00  0.00  0.00  0.00
  8107                    1.00   0.55  0.45  0.00  0.00  0.00  0.00  0.00  0.00  0.00
  8108                    1.00   0.38  0.00  0.00  0.06  0.39  0.00  0.18  0.45  0.00
  81081                   1.00   0.55  0.00  0.00  0.14  0.00  0.00  0.31  0.06  0.00
  8109                    1.00   0.31  0.00  0.00  0.00  0.00  0.00  0.69  0.00  0.00
  8110                    1.00   0.59  0.00  0.00  0.00  0.10  0.00  0.31  0.10  0.00
  81101                   1.00   0.86  0.04  0.00  0.10  0.00  0.00  0.00  0.10  0.00
  81102                   1.00   0.86  0.14  0.00  0.00  0.00  0.00  0.00  0.00  0.00
  1A                      1.00   0.31  0.00  0.00  0.38  0.00  0.00  0.31  0.00  0.00
  N1B                     1.00   0.31  0.00  0.00  0.38  0.00  0.00  0.31  0.38  0.00
  8842                    1.00   1.00  0.00  0.00  0.00  0.00  0.00  0.00  0.00  0.00
  942A                    1.00   0.91  0.00  0.00  0.00  0.00  0.00  0.09  0.00  0.00
  
  
  *************************
  Conduit Surcharge Summary
  *************************
  
  ----------------------------------------------------------------------------
                                                           Hours        Hours 
                         --------- Hours Full --------   Above Full   Capacity
  Conduit                Both Ends  Upstream  Dnstream   Normal Flow   Limited
  ----------------------------------------------------------------------------
  N2                          0.01      0.01     10.38      0.01         0.01
  1A                          0.01      0.01      0.01      7.47         0.01
  

  Analysis begun on:  Wed Jul 22 12:55:24 2026
  Analysis ended on:  Wed Jul 22 12:55:25 2026
  Total elapsed time: 00:00:01