
  EPA STORM WATER MANAGEMENT MODEL - VERSION 5.2 (Build 5.2.4)
  ------------------------------------------------------------

  Converted from XPSWMM .xp file 
  WARNING 04: minimum elevation drop used for Conduit forcemain
  WARNING 04: minimum elevation drop used for Conduit force1
  WARNING 04: minimum elevation drop used for Conduit force3
  WARNING 04: minimum elevation drop used for Conduit gravity2
  WARNING 04: minimum elevation drop used for Conduit gravity3
  WARNING 04: minimum elevation drop used for Conduit force2
  WARNING 04: minimum elevation drop used for Conduit force5
  WARNING 04: minimum elevation drop used for Conduit gravity4
  
  ****************
  Analysis Options
  ****************
  Flow Units ............... CFS
  Process Models:
    Rainfall/Runoff ........ NO
    RDII ................... NO
    Snowmelt ............... NO
    Groundwater ............ NO
    Flow Routing ........... YES
    Ponding Allowed ........ NO
    Water Quality .......... NO
  Flow Routing Method ...... DYNWAVE
  Surcharge Method ......... EXTRAN
  Starting Date ............ 01/01/2001 00:00:00
  Ending Date .............. 01/02/2001 00:00:00
  Antecedent Dry Days ...... 0.0
  Report Time Step ......... 00:15:00
  Routing Time Step ........ 5.00 sec
  Variable Time Step ....... YES
  Maximum Trials ........... 50
  Number of Threads ........ 1
  Head Tolerance ........... 0.001000 ft
  
  
  **************************        Volume        Volume
  Flow Routing Continuity        acre-feet      10^6 gal
  **************************     ---------     ---------
  Dry Weather Inflow .......         0.000         0.000
  Wet Weather Inflow .......         0.000         0.000
  Groundwater Inflow .......         0.000         0.000
  RDII Inflow ..............         0.000         0.000
  External Inflow ..........      4065.955      1324.952
  External Outflow .........         0.578         0.188
  Flooding Loss ............      4064.937      1324.620
  Evaporation Loss .........         0.000         0.000
  Exfiltration Loss ........         0.000         0.000
  Initial Stored Volume ....         0.468         0.152
  Final Stored Volume ......         0.869         0.283
  Continuity Error (%) .....         0.001
  
  
  *************************
  Highest Continuity Errors
  *************************
  Node 204 (20.58%)
  Node 208 (12.01%)
  Node 210 (7.94%)
  Node 206 (2.00%)
  Node 202 (1.33%)
  
  
  ***************************
  Time-Step Critical Elements
  ***************************
  None
  
  
  ********************************
  Highest Flow Instability Indexes
  ********************************
  All links are stable.
  
  
  *********************************
  Most Frequent Nonconverging Nodes
  *********************************
  Convergence obtained at all time steps.
  
  
  *************************
  Routing Time Step Summary
  *************************
  Minimum Time Step           :     0.79 sec
  Average Time Step           :     5.00 sec
  Maximum Time Step           :     5.00 sec
  % of Time in Steady State   :     0.00
  Average Iterations per Step :     2.00
  % of Steps Not Converging   :     0.00
  Time Step Frequencies       :
      5.000 -  3.155 sec      :    99.97 %
      3.155 -  1.991 sec      :     0.00 %
      1.991 -  1.256 sec      :     0.01 %
      1.256 -  0.792 sec      :     0.02 %
      0.792 -  0.500 sec      :     0.01 %
  
  
  ******************
  Node Depth Summary
  ******************
  
  ---------------------------------------------------------------------------------
                                 Average  Maximum  Maximum  Time of Max    Reported
                                   Depth    Depth      HGL   Occurrence   Max Depth
  Node                 Type         Feet     Feet     Feet  days hr:min        Feet
  ---------------------------------------------------------------------------------
  202                  JUNCTION     0.74     0.75   200.75     0  00:22        0.75
  204                  JUNCTION     0.74     0.78   200.78     0  03:16        0.78
  208                  JUNCTION     1.20     1.25     6.25     0  02:18        1.25
  210                  JUNCTION     0.71     0.78     5.78     0  20:01        0.78
  Airport              JUNCTION     0.82     0.82   200.82     0  00:00        0.82
  Westlake             JUNCTION     0.75     0.75   200.75     0  00:00        0.75
  218                  JUNCTION     1.25     1.25     6.25     0  00:00        1.25
  222                  JUNCTION     0.00     0.00   200.00     0  00:00        0.00
  224                  JUNCTION     0.00     0.00   200.00     0  00:00        0.00
  OUTFALL              OUTFALL      0.21     0.24     5.24     0  20:01        0.24
  Airpark              STORAGE     10.00    10.00   210.00     0  00:00       10.00
  206                  STORAGE      0.22     0.23   200.23     1  00:00        0.23
  Uppark               STORAGE     10.00    10.00   210.00     0  00:00       10.00
  
  
  *******************
  Node Inflow Summary
  *******************
  
  -------------------------------------------------------------------------------------------------
                                  Maximum  Maximum                  Lateral       Total        Flow
                                  Lateral    Total  Time of Max      Inflow      Inflow     Balance
                                   Inflow   Inflow   Occurrence      Volume      Volume       Error
  Node                 Type           CFS      CFS  days hr:min    10^6 gal    10^6 gal     Percent
  -------------------------------------------------------------------------------------------------
  202                  JUNCTION      0.00     1.22     0  00:20           0       0.751       1.347
  204                  JUNCTION      0.00     0.53     0  00:52           0       0.116      25.916
  208                  JUNCTION      0.00     1.59     0  00:00           0        0.44      13.653
  210                  JUNCTION      0.00     0.36     0  02:47           0       0.205       8.629
  Airport              JUNCTION      0.00    10.00     0  00:00           0        6.46       0.032
  Westlake             JUNCTION      0.00    10.00     0  00:00           0        6.46       0.005
  218                  JUNCTION    450.00   450.00     0  00:00         291         291       0.003
  222                  JUNCTION    250.00   250.00     0  00:00         162         162       0.000
  224                  JUNCTION    650.00   650.00     0  00:00         420         420       0.000
  OUTFALL              OUTFALL       0.00     0.33     0  20:01           0       0.188       0.000
  Airpark              STORAGE       0.00    10.00     0  00:00           0        6.54       0.000
  206                  STORAGE       0.00     0.65     0  23:58           0       0.413       2.037
  Uppark               STORAGE     700.00   700.00     0  00:00         452         452       0.000
  
  
  **********************
  Node Surcharge Summary
  **********************
  
  Surcharging occurs when water rises above the top of the highest conduit.
  ---------------------------------------------------------------------
                                               Max. Height   Min. Depth
                                   Hours       Above Crown    Below Rim
  Node                 Type      Surcharged           Feet         Feet
  ---------------------------------------------------------------------
  202                  JUNCTION       23.63          0.000        0.000
  208                  JUNCTION       21.70          0.000        0.000
  Airport              JUNCTION       23.99          0.000        0.000
  Westlake             JUNCTION       24.00          0.000        0.000
  218                  JUNCTION       24.00          0.000        0.000
  222                  JUNCTION       24.00          0.000        0.000
  224                  JUNCTION       24.00          0.000        0.000
  
  
  *********************
  Node Flooding Summary
  *********************
  
  Flooding refers to all water that overflows a node, whether it ponds or not.
  --------------------------------------------------------------------------
                                                             Total   Maximum
                                 Maximum   Time of Max       Flood    Ponded
                        Hours       Rate    Occurrence      Volume     Depth
  Node                 Flooded       CFS   days hr:min    10^6 gal      Feet
  --------------------------------------------------------------------------
  202                    23.63      1.17      0  03:20       0.735     0.000
  208                    21.70      0.32      0  07:08       0.182     0.000
  Airport                23.99      9.85      0  03:18       6.351     0.000
  Westlake               24.00      9.60      0  00:00       6.118     0.000
  218                    24.00    450.00      1  00:00     290.763     0.000
  222                    24.00    240.00      0  00:00     155.105     0.000
  224                    24.00    640.00      0  00:00     413.613     0.000
  Airpark                24.00      9.96      0  00:00       5.734     0.000
  Uppark                 24.00    690.00      0  00:00     445.926     0.000
  
  
  **********************
  Storage Volume Summary
  **********************
  
  ------------------------------------------------------------------------------------------------
                         Average    Avg   Evap  Exfil     Maximum    Max    Time of Max    Maximum
                          Volume   Pcnt   Pcnt   Pcnt      Volume   Pcnt     Occurrence    Outflow
  Storage Unit          1000 ft³   Full   Loss   Loss    1000 ft³   Full    days hr:min        CFS
  ------------------------------------------------------------------------------------------------
  Airpark                 10.000  100.0    0.0    0.0      10.000  100.0       0  00:00       1.22
  206                      2.185    2.2    0.0    0.0       2.304    2.3       1  00:00       0.65
  Uppark                  10.000  100.0    0.0    0.0      10.000  100.0       0  00:00      10.00
  
  
  ***********************
  Outfall Loading Summary
  ***********************
  
  -----------------------------------------------------------
                         Flow       Avg       Max       Total
                         Freq      Flow      Flow      Volume
  Outfall Node           Pcnt       CFS       CFS    10^6 gal
  -----------------------------------------------------------
  OUTFALL               94.92      0.31      0.33       0.188
  -----------------------------------------------------------
  System                94.92      0.31      0.33       0.188
  
  
  ********************
  Link Flow Summary
  ********************
  
  -----------------------------------------------------------------------------
                                 Maximum  Time of Max   Maximum    Max/    Max/
                                  |Flow|   Occurrence   |Veloc|    Full    Full
  Link                 Type          CFS  days hr:min    ft/sec    Flow   Depth
  -----------------------------------------------------------------------------
  forcemain            CONDUIT      1.22     0  00:20      3.61  104.15    1.00
  force1               CONDUIT      0.13     0  00:47      0.44   17.82    1.00
  force3               CONDUIT      0.11     0  23:58      0.34   16.18    0.61
  gravity1             CONDUIT      0.65     0  23:58      1.28    0.12    0.62
  gravity2             CONDUIT      0.36     0  02:47      0.60   25.02    0.89
  gravity3             CONDUIT      0.33     0  20:01      0.82   11.82    0.51
  force2               CONDUIT      0.40     0  00:54      1.12   18.20    0.97
  force5               CONDUIT      0.57     0  00:02      2.57   16.66    0.65
  gravity4             CONDUIT      1.59     0  00:00      2.59   37.58    1.00
  pump1                PUMP        10.00     0  00:00              1.00
  pump2                PUMP        10.00     0  00:00              1.00
  pump3                PUMP        10.00     0  00:00              1.00
  
  
  ***************************
  Flow Classification Summary
  ***************************
  
  -------------------------------------------------------------------------------------
                      Adjusted    ---------- Fraction of Time in Flow Class ---------- 
                       /Actual         Up    Down  Sub   Sup   Up    Down  Norm  Inlet 
  Conduit               Length    Dry  Dry   Dry   Crit  Crit  Crit  Crit  Ltd   Ctrl  
  -------------------------------------------------------------------------------------
  forcemain               1.00   0.00  0.00  0.00  1.00  0.00  0.00  0.00  0.00  0.00
  force1                  1.00   0.00  0.00  0.00  1.00  0.00  0.00  0.00  0.00  0.00
  force3                  1.00   0.00  0.00  0.00  1.00  0.00  0.00  0.00  0.00  0.00
  gravity1                1.00   0.00  0.00  0.00  1.00  0.00  0.00  0.00  1.00  0.00
  gravity2                1.00   0.00  0.00  0.00  1.00  0.00  0.00  0.00  0.00  0.00
  gravity3                1.00   0.00  0.00  0.00  1.00  0.00  0.00  0.00  0.00  0.00
  force2                  1.00   0.00  0.00  0.00  1.00  0.00  0.00  0.00  0.00  0.00
  force5                  1.00   0.00  0.00  0.00  1.00  0.00  0.00  0.00  0.00  0.00
  gravity4                1.00   0.00  0.00  0.00  1.00  0.00  0.00  0.00  0.00  0.00
  
  
  *************************
  Conduit Surcharge Summary
  *************************
  
  ----------------------------------------------------------------------------
                                                           Hours        Hours 
                         --------- Hours Full --------   Above Full   Capacity
  Conduit                Both Ends  Upstream  Dnstream   Normal Flow   Limited
  ----------------------------------------------------------------------------
  forcemain                  23.63     24.00     23.63     24.00        23.63
  force1                     21.82     23.63     21.82     23.81         0.01
  force3                      0.01      0.01      0.01     23.44         0.01
  gravity1                    0.01      0.01     22.29      0.01         0.01
  gravity2                    0.01     22.29      0.01     23.53         0.01
  gravity3                    0.01      0.01      0.01     22.07         0.01
  force2                      0.01      0.01      0.01     24.00         0.01
  force5                      0.01     24.00      0.01     24.00         0.01
  gravity4                   21.70     24.00     21.70      2.75         0.01
  
  
  ***************
  Pumping Summary
  ***************
  
  ---------------------------------------------------------------------------------------------------------
                                                  Min       Avg       Max     Total     Power    % Time Off
                        Percent   Number of      Flow      Flow      Flow    Volume     Usage    Pump Curve
  Pump                 Utilized   Start-Ups       CFS       CFS       CFS  10^6 gal     Kw-hr    Low   High
  ---------------------------------------------------------------------------------------------------------
  pump1                  100.00           1      0.00     10.00     10.00     6.463      0.00    0.0  100.0
  pump2                  100.00           1      0.00     10.00     10.00     6.463     16.65    0.0    0.0
  pump3                  100.00           1      0.00     10.00     10.00     6.463     15.23    0.0    0.0
  

  Analysis begun on:  Wed Jul 22 12:55:34 2026
  Analysis ended on:  Wed Jul 22 12:55:34 2026
  Total elapsed time: < 1 sec