
  EPA STORM WATER MANAGEMENT MODEL - VERSION 5.2 (Build 5.2.4)
  ------------------------------------------------------------

  West Basins Baird MHP 
  WARNING 04: minimum elevation drop used for Conduit 205
  WARNING 04: minimum elevation drop used for Conduit 211
  
  ****************
  Analysis Options
  ****************
  Flow Units ............... CFS
  Process Models:
    Rainfall/Runoff ........ NO
    RDII ................... NO
    Snowmelt ............... NO
    Groundwater ............ NO
    Flow Routing ........... YES
    Ponding Allowed ........ NO
    Water Quality .......... NO
  Flow Routing Method ...... DYNWAVE
  Surcharge Method ......... EXTRAN
  Starting Date ............ 01/01/2001 00:00:00
  Ending Date .............. 01/02/2001 00:00:00
  Antecedent Dry Days ...... 0.0
  Report Time Step ......... 00:15:00
  Routing Time Step ........ 60.00 sec
  Variable Time Step ....... YES
  Maximum Trials ........... 8
  Number of Threads ........ 1
  Head Tolerance ........... 0.003300 ft
  
  
  **************************        Volume        Volume
  Flow Routing Continuity        acre-feet      10^6 gal
  **************************     ---------     ---------
  Dry Weather Inflow .......         0.000         0.000
  Wet Weather Inflow .......         0.000         0.000
  Groundwater Inflow .......         0.000         0.000
  RDII Inflow ..............         0.000         0.000
  External Inflow ..........         1.983         0.646
  External Outflow .........         0.891         0.290
  Flooding Loss ............         1.088         0.354
  Evaporation Loss .........         0.000         0.000
  Exfiltration Loss ........         0.000         0.000
  Initial Stored Volume ....         0.000         0.000
  Final Stored Volume ......         0.005         0.002
  Continuity Error (%) .....        -0.002
  
  
  ***************************
  Time-Step Critical Elements
  ***************************
  Link 217 (99.97%)
  
  
  ********************************
  Highest Flow Instability Indexes
  ********************************
  All links are stable.
  
  
  *********************************
  Most Frequent Nonconverging Nodes
  *********************************
  Node 322 (0.01%)
  Node 256 (0.01%)
  
  
  *************************
  Routing Time Step Summary
  *************************
  Minimum Time Step           :     4.63 sec
  Average Time Step           :     8.84 sec
  Maximum Time Step           :    17.29 sec
  % of Time in Steady State   :     0.00
  Average Iterations per Step :     2.00
  % of Steps Not Converging   :     0.01
  Time Step Frequencies       :
     60.000 - 23.031 sec      :     0.00 %
     23.031 -  8.841 sec      :     0.05 %
      8.841 -  3.393 sec      :    99.95 %
      3.393 -  1.303 sec      :     0.00 %
      1.303 -  0.500 sec      :     0.00 %
  
  
  ******************
  Node Depth Summary
  ******************
  
  ---------------------------------------------------------------------------------
                                 Average  Maximum  Maximum  Time of Max    Reported
                                   Depth    Depth      HGL   Occurrence   Max Depth
  Node                 Type         Feet     Feet     Feet  days hr:min        Feet
  ---------------------------------------------------------------------------------
  323                  JUNCTION     0.49     0.49     0.49     0  00:21        0.49
  484                  JUNCTION     0.16     0.17     5.17     0  00:00        0.16
  255                  JUNCTION     0.08     0.08     5.08     0  00:00        0.08
  322                  JUNCTION     1.00     1.00     1.00     0  00:05        1.00
  485                  JUNCTION     1.00     1.00     1.00     0  00:05        1.00
  256                  OUTFALL      0.28     0.28     0.28     0  00:22        0.28
  
  
  *******************
  Node Inflow Summary
  *******************
  
  -------------------------------------------------------------------------------------------------
                                  Maximum  Maximum                  Lateral       Total        Flow
                                  Lateral    Total  Time of Max      Inflow      Inflow     Balance
                                   Inflow   Inflow   Occurrence      Volume      Volume       Error
  Node                 Type           CFS      CFS  days hr:min    10^6 gal    10^6 gal     Percent
  -------------------------------------------------------------------------------------------------
  323                  JUNCTION      0.00     0.48     0  00:00           0        0.29       0.097
  484                  JUNCTION      1.00     1.00     0  00:00       0.646       0.646       0.014
  255                  JUNCTION      0.00     0.14     0  00:00           0      0.0652       0.034
  322                  JUNCTION      0.00     0.45     0  00:02           0      0.0677       0.897
  485                  JUNCTION      0.00     0.47     0  00:00           0        0.29       0.000
  256                  OUTFALL       0.00     0.45     0  00:22           0        0.29       0.000
  
  
  **********************
  Node Surcharge Summary
  **********************
  
  Surcharging occurs when water rises above the top of the highest conduit.
  ---------------------------------------------------------------------
                                               Max. Height   Min. Depth
                                   Hours       Above Crown    Below Rim
  Node                 Type      Surcharged           Feet         Feet
  ---------------------------------------------------------------------
  322                  JUNCTION       23.91          0.000        0.000
  485                  JUNCTION       23.92          0.000        0.000
  
  
  *********************
  Node Flooding Summary
  *********************
  
  Flooding refers to all water that overflows a node, whether it ponds or not.
  --------------------------------------------------------------------------
                                                             Total   Maximum
                                 Maximum   Time of Max       Flood    Ponded
                        Hours       Rate    Occurrence      Volume     Depth
  Node                 Flooded       CFS   days hr:min    10^6 gal      Feet
  --------------------------------------------------------------------------
  322                    23.91      0.27      0  00:05       0.067     0.000
  485                    23.92      0.45      1  00:00       0.287     0.000
  
  
  ***********************
  Outfall Loading Summary
  ***********************
  
  -----------------------------------------------------------
                         Flow       Avg       Max       Total
                         Freq      Flow      Flow      Volume
  Outfall Node           Pcnt       CFS       CFS    10^6 gal
  -----------------------------------------------------------
  256                   99.99      0.45      0.45       0.290
  -----------------------------------------------------------
  System                99.99      0.45      0.45       0.290
  
  
  ********************
  Link Flow Summary
  ********************
  
  -----------------------------------------------------------------------------
                                 Maximum  Time of Max   Maximum    Max/    Max/
                                  |Flow|   Occurrence   |Veloc|    Full    Full
  Link                 Type          CFS  days hr:min    ft/sec    Flow   Depth
  -----------------------------------------------------------------------------
  205                  CONDUIT      0.45     0  00:22      1.62    3.99    0.38
  206                  CONDUIT      0.48     0  00:00      6.71    0.06    0.33
  210                  CONDUIT      0.11     0  00:00      3.18    0.01    0.54
  211                  CONDUIT      0.34     0  00:02      1.93    3.06    1.00
  212                  CONDUIT      0.47     0  00:00      6.87    0.06    0.58
  217                  CONDUIT      0.14     0  00:00      1.43    0.05    0.05
  
  
  ***************************
  Flow Classification Summary
  ***************************
  
  -------------------------------------------------------------------------------------
                      Adjusted    ---------- Fraction of Time in Flow Class ---------- 
                       /Actual         Up    Down  Sub   Sup   Up    Down  Norm  Inlet 
  Conduit               Length    Dry  Dry   Dry   Crit  Crit  Crit  Crit  Ltd   Ctrl  
  -------------------------------------------------------------------------------------
  205                     1.00   0.00  0.00  0.00  1.00  0.00  0.00  0.00  0.00  0.00
  206                     1.00   0.00  0.00  0.00  1.00  0.00  0.00  0.00  1.00  0.00
  210                     1.00   0.00  0.00  0.00  1.00  0.00  0.00  0.00  1.00  0.00
  211                     1.00   0.00  0.00  0.00  1.00  0.00  0.00  0.00  0.00  0.00
  212                     1.00   0.00  0.00  0.00  1.00  0.00  0.00  0.00  1.00  0.00
  217                     1.00   0.00  0.00  0.00  1.00  0.00  0.00  0.00  0.00  0.00
  
  
  *************************
  Conduit Surcharge Summary
  *************************
  
  ----------------------------------------------------------------------------
                                                           Hours        Hours 
                         --------- Hours Full --------   Above Full   Capacity
  Conduit                Both Ends  Upstream  Dnstream   Normal Flow   Limited
  ----------------------------------------------------------------------------
  205                         0.01      0.01      0.01     23.98         0.01
  210                         0.01      0.01     23.91      0.01         0.01
  211                        23.91     23.91     23.92      0.10         0.01
  212                         0.01      0.01     23.92      0.01         0.01
  

  Analysis begun on:  Wed Jul 22 12:55:34 2026
  Analysis ended on:  Wed Jul 22 12:55:35 2026
  Total elapsed time: 00:00:01