
  EPA STORM WATER MANAGEMENT MODEL - VERSION 5.2 (Build 5.2.4)
  ------------------------------------------------------------

  Grande Prairie Master Database 
  WARNING 04: minimum elevation drop used for Conduit 232
  WARNING 04: minimum elevation drop used for Conduit 233
  WARNING 04: minimum elevation drop used for Conduit 237
  
  ****************
  Analysis Options
  ****************
  Flow Units ............... CMS
  Process Models:
    Rainfall/Runoff ........ NO
    RDII ................... NO
    Snowmelt ............... NO
    Groundwater ............ NO
    Flow Routing ........... YES
    Ponding Allowed ........ NO
    Water Quality .......... NO
  Flow Routing Method ...... DYNWAVE
  Surcharge Method ......... EXTRAN
  Starting Date ............ 01/01/2001 00:00:00
  Ending Date .............. 01/02/2001 00:00:00
  Antecedent Dry Days ...... 0.0
  Report Time Step ......... 00:15:00
  Routing Time Step ........ 30.00 sec
  Variable Time Step ....... YES
  Maximum Trials ........... 8
  Number of Threads ........ 1
  Head Tolerance ........... 0.001524 m
  
  
  **************************        Volume        Volume
  Flow Routing Continuity        hectare-m      10^6 ltr
  **************************     ---------     ---------
  Dry Weather Inflow .......         0.000         0.000
  Wet Weather Inflow .......         0.000         0.000
  Groundwater Inflow .......         0.000         0.000
  RDII Inflow ..............         0.000         0.000
  External Inflow ..........         3.110        31.101
  External Outflow .........         0.516         5.155
  Flooding Loss ............         2.562        25.622
  Evaporation Loss .........         0.000         0.000
  Exfiltration Loss ........         0.000         0.000
  Initial Stored Volume ....         0.000         0.000
  Final Stored Volume ......         0.003         0.032
  Continuity Error (%) .....         0.941
  
  
  *************************
  Highest Continuity Errors
  *************************
  Node street2 (4.34%)
  
  
  ***************************
  Time-Step Critical Elements
  ***************************
  None
  
  
  ********************************
  Highest Flow Instability Indexes
  ********************************
  All links are stable.
  
  
  *********************************
  Most Frequent Nonconverging Nodes
  *********************************
  Convergence obtained at all time steps.
  
  
  *************************
  Routing Time Step Summary
  *************************
  Minimum Time Step           :    13.60 sec
  Average Time Step           :    29.98 sec
  Maximum Time Step           :    30.00 sec
  % of Time in Steady State   :     0.00
  Average Iterations per Step :     2.00
  % of Steps Not Converging   :     0.00
  Time Step Frequencies       :
     30.000 - 13.228 sec      :   100.00 %
     13.228 -  5.833 sec      :     0.00 %
      5.833 -  2.572 sec      :     0.00 %
      2.572 -  1.134 sec      :     0.00 %
      1.134 -  0.500 sec      :     0.00 %
  
  
  ******************
  Node Depth Summary
  ******************
  
  ---------------------------------------------------------------------------------
                                 Average  Maximum  Maximum  Time of Max    Reported
                                   Depth    Depth      HGL   Occurrence   Max Depth
  Node                 Type       Meters   Meters   Meters  days hr:min      Meters
  ---------------------------------------------------------------------------------
  N20                  JUNCTION     0.00     0.00     0.00     0  00:00        0.00
  N21                  JUNCTION     0.00     0.00     0.00     0  00:00        0.00
  N22                  JUNCTION     0.00     0.00     0.00     0  00:00        0.00
  N23                  JUNCTION     0.00     0.00     0.00     0  00:00        0.00
  N24                  JUNCTION     0.00     0.00     0.00     0  00:00        0.00
  N25                  JUNCTION     0.00     0.00     0.00     0  00:00        0.00
  N26                  JUNCTION     0.00     0.00     0.00     0  00:00        0.00
  N27                  JUNCTION     0.00     0.00     0.00     0  00:00        0.00
  N28                  JUNCTION     0.00     0.00     0.00     0  00:00        0.00
  N29                  JUNCTION     0.00     0.00     0.00     0  00:00        0.00
  N30                  JUNCTION     0.00     0.00     0.00     0  00:00        0.00
  N31                  JUNCTION     0.00     0.00     0.00     0  00:00        0.00
  N32                  JUNCTION     0.00     0.00     0.00     0  00:00        0.00
  N33                  JUNCTION     0.00     0.00     0.00     0  00:00        0.00
  N34                  JUNCTION     0.00     0.00     0.00     0  00:00        0.00
  N35                  JUNCTION     0.00     0.00     0.00     0  00:00        0.00
  Catchment1           JUNCTION     0.28     0.29     0.29     0  00:07        0.28
  Junction             JUNCTION     0.13     0.13     0.13     0  00:18        0.13
  Catchment2           JUNCTION     0.28     0.29     0.29     0  00:07        0.28
  N2                   JUNCTION     0.00     0.00   100.00     0  00:00        0.00
  N3                   JUNCTION    27.83    58.23   156.73     1  00:00       58.23
  N4                   JUNCTION     0.00     0.00    98.00     0  00:00        0.00
  street_1             JUNCTION    95.85    98.05   196.05     0  01:03       98.05
  street2              JUNCTION    94.23    96.35   192.65     0  01:02       96.35
  Outlet               OUTFALL      0.04     0.04     0.04     0  00:19        0.04
  
  
  *******************
  Node Inflow Summary
  *******************
  
  -------------------------------------------------------------------------------------------------
                                  Maximum  Maximum                  Lateral       Total        Flow
                                  Lateral    Total  Time of Max      Inflow      Inflow     Balance
                                   Inflow   Inflow   Occurrence      Volume      Volume       Error
  Node                 Type           CMS      CMS  days hr:min    10^6 ltr    10^6 ltr     Percent
  -------------------------------------------------------------------------------------------------
  N20                  JUNCTION     0.030    0.030     0  00:00        2.59        2.59       0.000
  N21                  JUNCTION     0.000    0.000     0  00:00           0           0       0.000 ltr
  N22                  JUNCTION     0.030    0.030     0  00:00        2.59        2.59       0.000
  N23                  JUNCTION     0.000    0.000     0  00:00           0           0       0.000 ltr
  N24                  JUNCTION     0.030    0.030     0  00:00        2.59        2.59       0.000
  N25                  JUNCTION     0.000    0.000     0  00:00           0           0       0.000 ltr
  N26                  JUNCTION     0.030    0.030     0  00:00        2.59        2.59       0.000
  N27                  JUNCTION     0.000    0.000     0  00:00           0           0       0.000 ltr
  N28                  JUNCTION     0.030    0.030     0  00:00        2.59        2.59       0.000
  N29                  JUNCTION     0.000    0.000     0  00:00           0           0       0.000 ltr
  N30                  JUNCTION     0.030    0.030     0  00:00        2.59        2.59       0.000
  N31                  JUNCTION     0.000    0.000     0  00:00           0           0       0.000 ltr
  N32                  JUNCTION     0.030    0.030     0  00:00        2.59        2.59       0.000
  N33                  JUNCTION     0.000    0.000     0  00:00           0           0       0.000 ltr
  N34                  JUNCTION     0.030    0.030     0  00:00        2.59        2.59       0.000
  N35                  JUNCTION     0.000    0.000     0  00:00           0           0       0.000 ltr
  Catchment1           JUNCTION     0.030    0.030     0  00:00        2.59        2.59       0.244
  Junction             JUNCTION     0.000    0.062     0  00:09           0        5.17       0.303
  Catchment2           JUNCTION     0.030    0.030     0  00:00        2.59        2.59       0.244
  N2                   JUNCTION     0.000    0.000     0  00:00           0           0       0.000 ltr
  N3                   JUNCTION     0.000    0.001     0  01:03           0       0.068       0.000
  N4                   JUNCTION     0.000    0.000     0  00:00           0           0       0.000 ltr
  street_1             JUNCTION     0.030    0.030     0  00:00        2.59        2.59       4.614
  street2              JUNCTION     0.030    0.030     0  00:00        2.59        2.59       4.539
  Outlet               OUTFALL      0.000    0.060     0  00:19           0        5.16       0.000
  
  
  **********************
  Node Surcharge Summary
  **********************
  
  Surcharging occurs when water rises above the top of the highest conduit.
  ---------------------------------------------------------------------
                                               Max. Height   Min. Depth
                                   Hours       Above Crown    Below Rim
  Node                 Type      Surcharged         Meters       Meters
  ---------------------------------------------------------------------
  N20                  JUNCTION       24.00          0.000        0.000
  N21                  JUNCTION       24.00          0.000        0.000
  N22                  JUNCTION       24.00          0.000        0.000
  N23                  JUNCTION       24.00          0.000        0.000
  N24                  JUNCTION       24.00          0.000        0.000
  N25                  JUNCTION       24.00          0.000        0.000
  N26                  JUNCTION       24.00          0.000        0.000
  N27                  JUNCTION       24.00          0.000        0.000
  N28                  JUNCTION       24.00          0.000        0.000
  N29                  JUNCTION       24.00          0.000        0.000
  N30                  JUNCTION       24.00          0.000        0.000
  N31                  JUNCTION       24.00          0.000        0.000
  N32                  JUNCTION       24.00          0.000        0.000
  N33                  JUNCTION       24.00          0.000        0.000
  N34                  JUNCTION       24.00          0.000        0.000
  N35                  JUNCTION       24.00          0.000        0.000
  N2                   JUNCTION       24.00          0.000        0.000
  street_1             JUNCTION       22.95          0.000        0.000
  street2              JUNCTION       22.96          0.000        0.000
  
  
  *********************
  Node Flooding Summary
  *********************
  
  Flooding refers to all water that overflows a node, whether it ponds or not.
  --------------------------------------------------------------------------
                                                             Total   Maximum
                                 Maximum   Time of Max       Flood    Ponded
                        Hours       Rate    Occurrence      Volume     Depth
  Node                 Flooded       CMS   days hr:min    10^6 ltr    Meters
  --------------------------------------------------------------------------
  N20                    24.00     0.030      0  00:00       2.592     0.000
  N22                    24.00     0.030      0  00:00       2.592     0.000
  N24                    24.00     0.030      0  00:00       2.592     0.000
  N26                    24.00     0.030      0  00:00       2.592     0.000
  N28                    24.00     0.030      0  00:00       2.592     0.000
  N30                    24.00     0.030      0  00:00       2.592     0.000
  N32                    24.00     0.030      0  00:00       2.592     0.000
  N34                    24.00     0.030      0  00:00       2.592     0.000
  street_1               22.95     0.030      0  01:03       2.410     0.000
  street2                22.96     0.030      0  01:02       2.480     0.000
  
  
  ***********************
  Outfall Loading Summary
  ***********************
  
  -----------------------------------------------------------
                         Flow       Avg       Max       Total
                         Freq      Flow      Flow      Volume
  Outfall Node           Pcnt       CMS       CMS    10^6 ltr
  -----------------------------------------------------------
  Outlet                99.83     0.060     0.060       5.155
  -----------------------------------------------------------
  System                99.83     0.060     0.060       5.155
  
  
  ********************
  Link Flow Summary
  ********************
  
  -----------------------------------------------------------------------------
                                 Maximum  Time of Max   Maximum    Max/    Max/
                                  |Flow|   Occurrence   |Veloc|    Full    Full
  Link                 Type          CMS  days hr:min     m/sec    Flow   Depth
  -----------------------------------------------------------------------------
  232                  CONDUIT     0.031     0  00:09      0.53   12.01    0.54
  233                  CONDUIT     0.060     0  00:19      0.33    0.24    0.09
  237                  CONDUIT     0.031     0  00:09      0.53   12.01    0.54
  pipe1                CONDUIT     0.001     0  01:03      0.47    1.07    0.89
  pipe2                CONDUIT     0.000     0  00:00      0.00    0.00    0.50
  
  
  ***************************
  Flow Classification Summary
  ***************************
  
  -------------------------------------------------------------------------------------
                      Adjusted    ---------- Fraction of Time in Flow Class ---------- 
                       /Actual         Up    Down  Sub   Sup   Up    Down  Norm  Inlet 
  Conduit               Length    Dry  Dry   Dry   Crit  Crit  Crit  Crit  Ltd   Ctrl  
  -------------------------------------------------------------------------------------
  232                     1.00   0.00  0.00  0.00  1.00  0.00  0.00  0.00  0.00  0.00
  233                     1.00   0.00  0.00  0.00  1.00  0.00  0.00  0.00  0.00  0.00
  237                     1.00   0.00  0.00  0.00  1.00  0.00  0.00  0.00  0.00  0.00
  pipe1                   1.00   0.04  0.00  0.00  0.00  0.00  0.00  0.96  0.00  0.00
  pipe2                   1.00   0.04  0.96  0.00  0.00  0.00  0.00  0.00  0.00  0.00
  
  
  *************************
  Conduit Surcharge Summary
  *************************
  
  ----------------------------------------------------------------------------
                                                           Hours        Hours 
                         --------- Hours Full --------   Above Full   Capacity
  Conduit                Both Ends  Upstream  Dnstream   Normal Flow   Limited
  ----------------------------------------------------------------------------
  232                         0.01      0.01      0.01     23.99         0.01
  237                         0.01      0.01      0.01     23.99         0.01
  pipe1                       0.01     22.95      0.01     22.95         0.01
  

  Analysis begun on:  Wed Jul 22 13:49:52 2026
  Analysis ended on:  Wed Jul 22 13:49:52 2026
  Total elapsed time: < 1 sec