
  EPA STORM WATER MANAGEMENT MODEL - VERSION 5.2 (Build 5.2.4)
  ------------------------------------------------------------

  CITY OF NEPEAN; LYNWOOD PROJECT: STORM SEWER SYSTEM SIMULATION-EXTRAN 
  
  ****************
  Analysis Options
  ****************
  Flow Units ............... CMS
  Process Models:
    Rainfall/Runoff ........ NO
    RDII ................... NO
    Snowmelt ............... NO
    Groundwater ............ NO
    Flow Routing ........... YES
    Ponding Allowed ........ NO
    Water Quality .......... NO
  Flow Routing Method ...... DYNWAVE
  Surcharge Method ......... EXTRAN
  Starting Date ............ 01/01/2001 00:00:00
  Ending Date .............. 01/02/2001 00:00:00
  Antecedent Dry Days ...... 0.0
  Report Time Step ......... 00:15:00
  Routing Time Step ........ 3.00 sec
  Variable Time Step ....... YES
  Maximum Trials ........... 30
  Number of Threads ........ 1
  Head Tolerance ........... 0.001524 m
  
  
  **************************        Volume        Volume
  Flow Routing Continuity        hectare-m      10^6 ltr
  **************************     ---------     ---------
  Dry Weather Inflow .......         0.000         0.000
  Wet Weather Inflow .......         0.000         0.000
  Groundwater Inflow .......         0.000         0.000
  RDII Inflow ..............         0.000         0.000
  External Inflow ..........         3.888        38.876
  External Outflow .........         2.285        22.852
  Flooding Loss ............         0.797         7.975
  Evaporation Loss .........         0.000         0.000
  Exfiltration Loss ........         0.000         0.000
  Initial Stored Volume ....         0.000         0.000
  Final Stored Volume ......         0.047         0.467
  Continuity Error (%) .....        19.504
  
  
  *************************
  Highest Continuity Errors
  *************************
  Node 134 (8.92%)
  Node 61 (8.40%)
  Node 71 (7.82%)
  Node 7111 (7.26%)
  Node 7131 (6.63%)
  
  
  ***************************
  Time-Step Critical Elements
  ***************************
  None
  
  
  ********************************
  Highest Flow Instability Indexes
  ********************************
  All links are stable.
  
  
  *********************************
  Most Frequent Nonconverging Nodes
  *********************************
  Node 6122 (0.19%)
  Node 2453 (0.02%)
  Node 229 (0.02%)
  Node 6121 (0.01%)
  Node 2450 (0.01%)
  
  
  *************************
  Routing Time Step Summary
  *************************
  Minimum Time Step           :     2.50 sec
  Average Time Step           :     3.00 sec
  Maximum Time Step           :     3.00 sec
  % of Time in Steady State   :     0.00
  Average Iterations per Step :     2.08
  % of Steps Not Converging   :     0.19
  Time Step Frequencies       :
      3.000 -  2.096 sec      :   100.00 %
      2.096 -  1.465 sec      :     0.00 %
      1.465 -  1.024 sec      :     0.00 %
      1.024 -  0.715 sec      :     0.00 %
      0.715 -  0.500 sec      :     0.00 %
  
  
  ******************
  Node Depth Summary
  ******************
  
  ---------------------------------------------------------------------------------
                                 Average  Maximum  Maximum  Time of Max    Reported
                                   Depth    Depth      HGL   Occurrence   Max Depth
  Node                 Type       Meters   Meters   Meters  days hr:min      Meters
  ---------------------------------------------------------------------------------
  999                  JUNCTION    90.50    92.42   187.32     0  01:23       92.42
  7201                 JUNCTION    86.50    92.34   187.09     0  02:42       92.34
  7191                 JUNCTION    82.48    92.31   186.91     0  07:31       92.31
  7181                 JUNCTION    78.61    92.31   186.91     0  07:34       92.31
  7171                 JUNCTION    74.64    92.28   186.90     0  07:31       92.28
  7161                 JUNCTION    70.12    91.85   186.72     0  07:06       91.85
  7151                 JUNCTION    66.10    91.59   186.29     0  07:16       91.59
  7141                 JUNCTION    62.40    91.75   185.99     0  10:46       91.75
  7131                 JUNCTION    58.17    91.47   185.97     0  10:46       91.47
  7121                 JUNCTION    53.96    91.11   185.93     0  10:46       91.11
  7111                 JUNCTION    50.09    90.93   185.79     0  11:31       90.93
  71                   JUNCTION    45.94    90.16   183.76     0  12:37       90.16
  61                   JUNCTION    42.02    89.76   183.56     0  13:30       89.76
  51                   JUNCTION    79.58    89.04   181.74     0  13:30       89.04
  41                   JUNCTION    79.07    87.99   178.39     0  13:33       87.99
  31                   JUNCTION    74.76    86.36   175.51     0  13:33       86.36
  21                   JUNCTION    72.99    86.30   175.05     0  13:41       86.30
  211                  JUNCTION    70.93    85.90   174.50     0  13:41       85.90
  421                  JUNCTION    88.02    89.84   183.59     0  01:11       89.84
  420                  JUNCTION    84.24    89.72   182.07     0  03:52       89.72
  505                  JUNCTION     0.00     0.00    92.45     0  00:00        0.00
  506                  JUNCTION    82.86    88.22   179.37     0  02:21       88.22
  507                  JUNCTION    87.73    89.53   182.33     0  01:12       89.53
  135                  JUNCTION    87.78    89.59   182.94     0  01:22       89.59
  131                  JUNCTION    81.34    86.60   178.40     0  03:19       86.60
  141                  JUNCTION    85.31    87.02   179.42     0  03:00       87.02
  134                  JUNCTION    79.57    86.71   178.51     0  03:19       86.71
  920                  JUNCTION    80.31    86.89   179.29     0  03:52       86.89
  121                  JUNCTION    77.81    86.46   177.26     0  03:35       86.46
  111                  JUNCTION    74.82    86.52   175.87     0  04:36       86.52
  1110                 JUNCTION    72.16    86.36   175.71     0  04:16       86.36
  7110                 JUNCTION    89.13    91.00   184.60     0  01:05       91.00
  502                  JUNCTION    84.23    90.29   184.39     0  02:48       90.29
  900                  JUNCTION    79.24    89.60   183.40     0  03:46       89.60
  906                  JUNCTION    79.79    88.94   182.49     0  03:41       88.94
  908                  JUNCTION    75.96    88.34   180.34     0  04:19       88.34
  291                  JUNCTION    74.30    86.79   175.79     0  04:20       86.79
  281                  JUNCTION    74.19    86.28   175.28     0  08:09       86.28
  300                  JUNCTION    77.52    86.25   175.85     0  08:10       86.25
  902                  JUNCTION    89.05    90.92   184.72     0  01:15       90.92
  904                  JUNCTION    84.91    90.51   184.06     0  02:14       90.51
  918                  JUNCTION     0.00     0.00    92.60     0  00:00        0.00
  601                  JUNCTION    88.34    90.17   182.17     0  01:24       90.17
  591                  JUNCTION    84.41    89.97   181.87     0  02:44       89.97
  581                  JUNCTION    80.50    89.78   181.58     0  03:01       89.78
  571                  JUNCTION    76.33    89.17   180.87     0  03:59       89.17
  331                  JUNCTION    72.62    89.02   180.62     0  05:03       89.02
  327                  JUNCTION    68.48    88.31   178.11     0  06:15       88.31
  321                  JUNCTION    64.41    87.63   177.33     0  07:49       87.63
  311                  JUNCTION    60.65    87.25   176.95     0  08:08       87.25
  301                  JUNCTION    81.61    86.96   176.56     0  08:10       86.96
  3110                 JUNCTION    86.19    87.94   177.64     0  02:01       87.94
  285                  JUNCTION    73.99    85.99   174.99     0  08:09       85.99
  325                  JUNCTION    86.88    88.65   180.35     0  01:02       88.65
  315                  JUNCTION    81.97    87.18   176.78     0  02:52       87.18
  295                  JUNCTION    78.09    86.76   175.76     0  03:23       86.76
  255                  JUNCTION    71.29    85.43   174.23     0  08:09       85.43
  245                  JUNCTION    73.16    84.77   173.27     0  14:15       84.77
  227                  JUNCTION    69.69    85.84   174.24     0  14:17       85.84
  229                  JUNCTION    68.64    85.75   174.20     0  14:18       85.75
  233                  JUNCTION    67.65    85.75   174.20     0  14:20       85.75
  241                  JUNCTION    66.61    85.69   174.19     0  14:14       85.69
  251                  JUNCTION    76.72    85.11   173.81     0  14:14       85.11
  271                  JUNCTION    84.86    86.55   175.25     0  01:10       86.55
  261                  JUNCTION    81.40    86.50   175.10     0  02:22       86.50
  205                  JUNCTION    84.64    86.31   174.91     0  01:04       86.31
  215                  JUNCTION    81.11    86.16   174.76     0  01:56       86.16
  217                  JUNCTION    77.73    86.12   174.72     0  03:10       86.12
  225                  JUNCTION    74.11    85.85   174.45     0  04:00       85.85
  231                  JUNCTION    70.59    85.66   174.26     0  04:54       85.66
  235                  JUNCTION    67.12    85.50   174.00     0  05:48       85.50
  2451                 JUNCTION    70.25    84.58   173.08     0  14:15       84.58
  2452                 JUNCTION    69.29    84.41   172.91     0  14:15       84.41
  2453                 JUNCTION    68.53    84.25   172.75     0  14:17       84.25
  2450                 JUNCTION    67.32    83.63   172.38     0  14:17       83.63
  6121                 JUNCTION    66.73    83.65   169.65     0  14:17       83.65
  6122                 OUTFALL      0.00     0.00    86.00     0  00:00        0.00
  504                  STORAGE      9.90    10.00   103.20     0  00:27       10.00
  912                  STORAGE      9.91    10.00   102.20     0  00:26       10.00
  916                  STORAGE      9.90    10.00   102.60     0  00:27       10.00
  
  
  *******************
  Node Inflow Summary
  *******************
  
  -------------------------------------------------------------------------------------------------
                                  Maximum  Maximum                  Lateral       Total        Flow
                                  Lateral    Total  Time of Max      Inflow      Inflow     Balance
                                   Inflow   Inflow   Occurrence      Volume      Volume       Error
  Node                 Type           CMS      CMS  days hr:min    10^6 ltr    10^6 ltr     Percent
  -------------------------------------------------------------------------------------------------
  999                  JUNCTION     0.030    0.030     0  00:00        2.59        2.59       4.431
  7201                 JUNCTION     0.000    0.030     0  01:24           0        2.48       4.719
  7191                 JUNCTION     0.000    0.030     0  05:16           0        2.37       4.828
  7181                 JUNCTION     0.000    0.030     0  04:03           0        2.26       5.223
  7171                 JUNCTION     0.000    0.030     0  05:07           0        2.15       5.737
  7161                 JUNCTION     0.000    0.030     1  00:00           0        2.03       5.627
  7151                 JUNCTION     0.000    0.030     0  07:06           0        1.92       5.912
  7141                 JUNCTION     0.000    0.030     0  08:11           0        1.82       6.806
  7131                 JUNCTION     0.000    0.035     0  09:15           0         1.7       7.099
  7121                 JUNCTION     0.000    0.030     0  10:46           0        1.59       7.241
  7111                 JUNCTION     0.000    0.030     0  10:46           0        1.48       7.828
  71                   JUNCTION     0.000    0.030     0  11:31           0        1.37       8.484
  61                   JUNCTION     0.000    0.030     0  12:39           0        1.27       9.165
  51                   JUNCTION     0.000    0.060     0  13:30           0        3.53       3.071
  41                   JUNCTION     0.000    0.090     0  13:30           0         5.8       1.894
  31                   JUNCTION     0.000    0.134     0  13:33           0         8.8       1.188
  21                   JUNCTION     0.000    0.134     0  13:33           0         8.7       1.290
  211                  JUNCTION     0.000    0.134     0  13:41           0        8.59       1.232
  421                  JUNCTION     0.030    0.030     0  00:00        2.59        2.59       4.268
  420                  JUNCTION     0.000    0.030     0  02:00           0        2.49       4.966
  505                  JUNCTION     0.000    0.000     0  00:00           0           0       0.000 ltr
  506                  JUNCTION     0.000    0.030     0  01:12           0        2.49       4.415
  507                  JUNCTION     0.030    0.030     0  00:00        2.59        2.59       4.260
  135                  JUNCTION     0.030    0.030     0  00:00        2.59        2.59       4.300
  131                  JUNCTION     0.000    0.044     0  03:19           0        3.52       3.001
  141                  JUNCTION     0.030    0.030     0  00:00        2.59        2.59       4.127
  134                  JUNCTION     0.000    0.014     0  03:00           0        1.14       9.798
  920                  JUNCTION     0.000    0.072     1  00:00           0        5.43       1.984
  121                  JUNCTION     0.000    0.044     0  03:19           0        3.42       3.112
  111                  JUNCTION     0.000    0.044     0  03:35           0        3.32       3.431
  1110                 JUNCTION     0.000    0.044     0  04:37           0        3.21       3.255
  7110                 JUNCTION     0.030    0.030     0  00:00        2.59        2.59       4.576
  502                  JUNCTION     0.000    0.026     0  01:14           0        2.13       5.363
  900                  JUNCTION     0.000    0.026     0  02:48           0        2.02       5.574
  906                  JUNCTION     0.000    0.056     0  03:47           0        4.29       2.519
  908                  JUNCTION     0.000    0.056     0  03:41           0        4.19       2.697
  291                  JUNCTION     0.000    0.072     0  03:52           0        5.32       2.031
  281                  JUNCTION     0.000    0.132     0  08:10           0        9.24       1.118
  300                  JUNCTION     0.000    0.060     0  08:10           0        4.13       2.512
  902                  JUNCTION     0.030    0.030     0  00:00        2.59        2.59       4.331
  904                  JUNCTION     0.000    0.030     0  01:15           0        2.48       4.504
  918                  JUNCTION     0.000    0.000     0  00:00           0           0       0.000 ltr
  601                  JUNCTION     0.030    0.030     0  00:00        2.59        2.59       4.324
  591                  JUNCTION     0.000    0.031     0  02:00           0        2.48       4.546
  581                  JUNCTION     0.000    0.030     0  02:59           0        2.38       4.651
  571                  JUNCTION     0.000    0.030     0  03:01           0        2.27       4.819
  331                  JUNCTION     0.000    0.030     0  03:59           0        2.17       5.084
  327                  JUNCTION     0.000    0.030     0  05:03           0        2.06       5.383
  321                  JUNCTION     0.000    0.030     0  06:15           0        1.96       5.591
  311                  JUNCTION     0.000    0.030     0  07:49           0        1.85       5.920
  301                  JUNCTION     0.000    0.060     0  08:08           0        4.23       2.540
  3110                 JUNCTION     0.030    0.030     0  00:00        2.59        2.59       4.360
  285                  JUNCTION     0.000    0.162     0  08:10           0        11.4       0.921
  325                  JUNCTION     0.030    0.030     0  00:00        2.59        2.59       4.178
  315                  JUNCTION     0.000    0.030     0  01:02           0        2.49       4.379
  295                  JUNCTION     0.000    0.030     0  02:52           0        2.38       4.512
  255                  JUNCTION     0.000    0.162     0  08:09           0        11.3       0.922
  245                  JUNCTION     0.000    0.356     0  14:16           0        23.5       0.467
  227                  JUNCTION     0.000    0.134     0  13:41           0        8.48       1.237
  229                  JUNCTION     0.000    0.134     0  14:19           0        8.38       1.263
  233                  JUNCTION     0.000    0.209     0  04:55           0        8.27       1.338
  241                  JUNCTION     0.000    0.134     0  14:14           0        8.16       1.407
  251                  JUNCTION     0.000    0.164     0  14:15           0        10.4       0.972
  271                  JUNCTION     0.030    0.030     0  00:00        2.59        2.59       4.104
  261                  JUNCTION     0.000    0.030     0  01:53           0        2.49       4.325
  205                  JUNCTION     0.030    0.030     0  00:00        2.59        2.59       4.072
  215                  JUNCTION     0.000    0.030     0  01:04           0        2.49       4.222
  217                  JUNCTION     0.000    0.030     0  02:49           0        2.39       4.467
  225                  JUNCTION     0.000    0.030     0  03:11           0        2.29       4.649
  231                  JUNCTION     0.000    0.030     0  04:01           0        2.19       4.853
  235                  JUNCTION     0.000    0.030     0  04:54           0        2.08       5.081
  2451                 JUNCTION     0.000    0.356     0  14:15           0        23.4       0.470
  2452                 JUNCTION     0.000    0.356     0  14:16           0        23.3       0.480
  2453                 JUNCTION     0.000    0.422     0  04:23           0        23.2       0.662
  2450                 JUNCTION     0.000    0.356     0  14:20           0        23.1       0.432
  6121                 JUNCTION     0.000    0.356     0  14:17           0          23       0.436
  6122                 OUTFALL      0.000    0.356     0  14:18           0        22.9       0.000
  504                  STORAGE      0.030    0.030     0  00:00        2.59        2.59       0.000
  912                  STORAGE      0.030    0.030     0  00:00        2.59        2.59       0.001
  916                  STORAGE      0.030    0.030     0  00:00        2.59        2.59       0.000
  
  
  **********************
  Node Surcharge Summary
  **********************
  
  Surcharging occurs when water rises above the top of the highest conduit.
  ---------------------------------------------------------------------
                                               Max. Height   Min. Depth
                                   Hours       Above Crown    Below Rim
  Node                 Type      Surcharged         Meters       Meters
  ---------------------------------------------------------------------
  7110                 JUNCTION       22.91          0.000        0.000
  
  
  *********************
  Node Flooding Summary
  *********************
  
  Flooding refers to all water that overflows a node, whether it ponds or not.
  --------------------------------------------------------------------------
                                                             Total   Maximum
                                 Maximum   Time of Max       Flood    Ponded
                        Hours       Rate    Occurrence      Volume     Depth
  Node                 Flooded       CMS   days hr:min    10^6 ltr    Meters
  --------------------------------------------------------------------------
  7110                   22.91     0.005      0  01:05       0.348     0.000
  504                    23.54     0.030      0  00:27       2.542     0.000
  912                    23.56     0.030      0  00:26       2.544     0.000
  916                    23.54     0.030      0  00:27       2.542     0.000
  
  
  **********************
  Storage Volume Summary
  **********************
  
  ------------------------------------------------------------------------------------------------
                         Average    Avg   Evap  Exfil     Maximum    Max    Time of Max    Maximum
                          Volume   Pcnt   Pcnt   Pcnt      Volume   Pcnt     Occurrence    Outflow
  Storage Unit           1000 m³   Full   Loss   Loss     1000 m³   Full    days hr:min        CMS
  ------------------------------------------------------------------------------------------------
  504                      0.050   99.0    0.0    0.0       0.050  100.0       0  00:27      0.000
  912                      0.048   99.1    0.0    0.0       0.048  100.0       0  00:26      0.000
  916                      0.050   99.0    0.0    0.0       0.050  100.0       0  00:27      0.000
  
  
  ***********************
  Outfall Loading Summary
  ***********************
  
  -----------------------------------------------------------
                         Flow       Avg       Max       Total
                         Freq      Flow      Flow      Volume
  Outfall Node           Pcnt       CMS       CMS    10^6 ltr
  -----------------------------------------------------------
  6122                  79.42     0.333     0.356      22.852
  -----------------------------------------------------------
  System                79.42     0.333     0.356      22.852
  
  
  ********************
  Link Flow Summary
  ********************
  
  -----------------------------------------------------------------------------
                                 Maximum  Time of Max   Maximum    Max/    Max/
                                  |Flow|   Occurrence   |Veloc|    Full    Full
  Link                 Type          CMS  days hr:min     m/sec    Flow   Depth
  -----------------------------------------------------------------------------
  999                  CONDUIT     0.030     0  01:24      0.79    0.05    0.14
  7201                 CONDUIT     0.030     0  05:16      0.68    0.06    0.16
  7191                 CONDUIT     0.030     0  04:03      0.87    0.04    0.27
  7181                 CONDUIT     0.030     0  05:07      0.42    0.05    0.32
  7171                 CONDUIT     0.030     1  00:00      0.50    0.14    0.19
  7161                 CONDUIT     0.030     0  07:06      1.06    0.03    0.12
  7151                 CONDUIT     0.030     0  08:11      1.33    0.02    0.19
  7141                 CONDUIT     0.035     0  09:15      0.53    0.14    0.30
  7131                 CONDUIT     0.030     0  10:46      0.40    0.05    0.23
  7121                 CONDUIT     0.030     0  10:46      0.79    0.05    0.14
  7111                 CONDUIT     0.030     0  11:31      1.43    0.02    0.09
  71                   CONDUIT     0.030     0  12:39      0.73    0.05    0.15
  61                   CONDUIT     0.030     0  13:30      1.43    0.01    0.07
  51                   CONDUIT     0.060     0  13:30      1.34    0.02    0.12
  41                   CONDUIT     0.090     0  13:33      2.33    0.03    0.11
  31                   CONDUIT     0.134     0  13:33      1.40    0.07    0.21
  21                   CONDUIT     0.134     0  13:41      1.36    0.10    0.21
  421                  CONDUIT     0.030     0  02:00      1.66    0.20    0.51
  420                  CONDUIT     0.030     1  00:00      0.50    1.99    0.52
  504                  CONDUIT     0.000     0  00:00      0.00    0.00    0.00
  505                  CONDUIT     0.000     0  00:00      0.00    0.00    0.07
  507                  CONDUIT     0.030     0  01:12      1.86    0.17    0.28
  506                  CONDUIT     0.030     0  02:21      1.25    0.15    0.26
  135                  CONDUIT     0.030     0  01:22      1.74    0.19    0.29
  141                  CONDUIT     0.014     0  03:00      0.97    0.02    0.11
  1410                 CONDUIT     0.016     0  03:40      1.15    0.02    0.14
  134                  CONDUIT     0.014     0  03:19      0.67    0.04    0.13
  131                  CONDUIT     0.044     0  03:19      1.50    0.06    0.16
  121                  CONDUIT     0.044     0  03:35      1.56    0.05    0.24
  111                  CONDUIT     0.044     0  04:37      0.60    0.44    0.30
  1110                 CONDUIT     0.044     0  04:16      1.69    0.05    0.15
  7110                 CONDUIT     0.026     0  01:14      0.48    1.24    0.70
  502                  CONDUIT     0.026     0  02:48      1.02    0.16    0.27
  900                  CONDUIT     0.026     0  03:47      1.09    0.15    0.26
  906                  CONDUIT     0.056     0  03:41      2.16    0.11    0.27
  908                  CONDUIT     0.056     1  00:00      0.86    0.28    0.34
  920                  CONDUIT     0.072     0  03:52      2.13    0.10    0.36
  291                  CONDUIT     0.072     0  04:20      1.27    0.32    0.39
  400                  CONDUIT     0.000     0  00:00      0.00    0.00    0.23
  902                  CONDUIT     0.030     0  01:15      1.17    0.32    0.39
  904                  CONDUIT     0.030     0  02:14      1.28    0.28    0.37
  912                  CONDUIT     0.000     0  00:00      0.00    0.00    0.00
  916                  CONDUIT     0.000     0  00:00      0.00    0.00    0.00
  918                  CONDUIT     0.000     0  00:00      0.00    0.00    0.00
  601                  CONDUIT     0.031     0  02:00      0.94    0.46    0.51
  591                  CONDUIT     0.030     0  02:59      0.87    0.53    0.50
  581                  CONDUIT     0.030     0  03:01      1.12    0.35    0.41
  571                  CONDUIT     0.030     0  03:59      1.33    0.27    0.36
  331                  CONDUIT     0.030     0  05:03      1.95    0.16    0.27
  327                  CONDUIT     0.030     0  06:15      1.16    0.33    0.39
  321                  CONDUIT     0.030     0  07:49      1.06    0.12    0.24
  311                  CONDUIT     0.030     0  08:08      0.96    0.14    0.25
  3110                 CONDUIT     0.030     0  02:01      0.94    0.46    0.46
  301                  CONDUIT     0.060     0  08:10      1.11    0.13    0.25
  300                  CONDUIT     0.060     0  08:10      1.65    0.03    0.18
  281                  CONDUIT     0.132     0  08:10      1.69    0.12    0.23
  325                  CONDUIT     0.030     0  01:02      2.55    0.11    0.22
  315                  CONDUIT     0.030     0  02:52      1.18    0.17    0.31
  295                  CONDUIT     0.030     1  00:00      0.89    0.25    0.34
  285                  CONDUIT     0.162     0  08:09      2.03    0.12    0.24
  255                  CONDUIT     0.162     0  13:20      2.05    0.12    0.24
  211                  CONDUIT     0.134     0  13:41      1.32    0.09    0.23
  227                  CONDUIT     0.134     0  14:19      1.64    0.30    0.29
  229                  CONDUIT     0.209     0  04:55      3.27    0.19    0.35
  233                  CONDUIT     0.134     0  14:14      1.04    0.15    0.46
  241                  CONDUIT     0.134     0  14:15      0.66    0.11    0.35
  271                  CONDUIT     0.030     0  01:53      0.97    0.43    0.58
  261                  CONDUIT     0.030     0  02:49      0.81    0.63    0.52
  251                  CONDUIT     0.164     0  14:16      2.18    0.07    0.18
  205                  CONDUIT     0.030     0  01:04      0.92    0.83    0.63
  215                  CONDUIT     0.030     0  02:49      0.92    0.50    0.52
  217                  CONDUIT     0.030     0  03:11      0.88    0.53    0.49
  225                  CONDUIT     0.030     0  04:01      0.89    0.26    0.34
  231                  CONDUIT     0.030     0  04:54      0.98    0.21    0.31
  235                  CONDUIT     0.030     0  05:48      0.97    0.22    0.32
  245                  CONDUIT     0.356     0  14:15      1.52    0.22    0.32
  2451                 CONDUIT     0.356     0  14:16      1.50    0.11    0.22
  2452                 CONDUIT     0.422     0  04:23      2.21    0.16    0.30
  2450                 CONDUIT     0.356     0  14:20      1.05    0.37    0.29
  2453                 CONDUIT     0.356     0  14:17      4.42    0.02    0.14
  6121                 CONDUIT     0.356     0  14:18      2.15    0.06    0.17
  
  
  ***************************
  Flow Classification Summary
  ***************************
  
  -------------------------------------------------------------------------------------
                      Adjusted    ---------- Fraction of Time in Flow Class ---------- 
                       /Actual         Up    Down  Sub   Sup   Up    Down  Norm  Inlet 
  Conduit               Length    Dry  Dry   Dry   Crit  Crit  Crit  Crit  Ltd   Ctrl  
  -------------------------------------------------------------------------------------
  999                     1.00   0.04  0.00  0.00  0.00  0.00  0.00  0.96  0.00  0.00
  7201                    1.00   0.08  0.00  0.00  0.78  0.00  0.00  0.13  0.00  0.00
  7191                    1.00   0.13  0.00  0.00  0.83  0.00  0.00  0.04  0.05  0.00
  7181                    1.00   0.17  0.00  0.00  0.79  0.00  0.04  0.00  0.00  0.00
  7171                    1.00   0.21  0.00  0.00  0.00  0.00  0.00  0.79  0.00  0.00
  7161                    1.00   0.26  0.00  0.00  0.00  0.00  0.00  0.74  0.00  0.00
  7151                    1.00   0.30  0.00  0.00  0.66  0.00  0.00  0.04  0.66  0.00
  7141                    1.00   0.34  0.00  0.00  0.62  0.00  0.00  0.04  0.00  0.00
  7131                    1.00   0.38  0.00  0.00  0.00  0.00  0.62  0.00  0.00  0.00
  7121                    1.00   0.43  0.00  0.00  0.00  0.00  0.00  0.57  0.00  0.00
  7111                    1.00   0.47  0.00  0.00  0.00  0.00  0.00  0.53  0.00  0.00
  71                      1.00   0.51  0.00  0.00  0.00  0.00  0.00  0.49  0.00  0.00
  61                      1.00   0.55  0.00  0.00  0.00  0.00  0.00  0.45  0.00  0.00
  51                      1.00   0.12  0.01  0.00  0.00  0.87  0.00  0.00  0.87  0.00
  41                      1.00   0.12  0.00  0.00  0.00  0.00  0.00  0.88  0.00  0.00
  31                      1.00   0.14  0.00  0.00  0.00  0.84  0.00  0.02  0.84  0.00
  21                      1.00   0.16  0.00  0.00  0.00  0.00  0.00  0.84  0.00  0.00
  421                     1.00   0.04  0.00  0.00  0.91  0.00  0.00  0.04  0.92  0.00
  420                     1.00   0.08  0.00  0.00  0.00  0.00  0.00  0.92  0.00  0.00
  504                     1.00   1.00  0.00  0.00  0.00  0.00  0.00  0.00  0.00  0.00
  505                     1.00   0.08  0.92  0.00  0.00  0.00  0.00  0.00  0.00  0.00
  507                     1.00   0.04  0.00  0.00  0.00  0.00  0.00  0.96  0.00  0.00
  506                     1.00   0.08  0.00  0.00  0.00  0.00  0.00  0.92  0.00  0.00
  135                     1.00   0.04  0.00  0.00  0.00  0.00  0.00  0.96  0.00  0.00
  141                     1.00   0.04  0.00  0.00  0.00  0.88  0.00  0.09  0.88  0.00
  1410                    1.00   0.04  0.00  0.00  0.84  0.00  0.00  0.11  0.85  0.00
  134                     1.00   0.12  0.00  0.00  0.00  0.00  0.00  0.88  0.00  0.00
  131                     1.00   0.08  0.00  0.00  0.00  0.00  0.00  0.92  0.00  0.00
  121                     1.00   0.12  0.00  0.00  0.85  0.00  0.00  0.03  0.85  0.00
  111                     1.00   0.15  0.00  0.00  0.00  0.00  0.00  0.85  0.00  0.00
  1110                    1.00   0.14  0.03  0.00  0.00  0.00  0.00  0.82  0.00  0.00
  7110                    1.00   0.04  0.00  0.00  0.00  0.00  0.96  0.00  0.00  0.00
  502                     1.00   0.09  0.00  0.00  0.00  0.00  0.00  0.91  0.00  0.00
  900                     1.00   0.12  0.02  0.00  0.00  0.00  0.00  0.86  0.00  0.00
  906                     1.00   0.12  0.00  0.00  0.00  0.85  0.00  0.03  0.85  0.00
  908                     1.00   0.15  0.00  0.00  0.00  0.00  0.00  0.85  0.00  0.00
  920                     1.00   0.11  0.00  0.00  0.84  0.00  0.00  0.05  0.84  0.00
  291                     1.00   0.16  0.00  0.00  0.00  0.00  0.00  0.84  0.00  0.00
  400                     1.00   0.16  0.84  0.00  0.00  0.00  0.00  0.00  0.00  0.00
  902                     1.00   0.04  0.00  0.00  0.00  0.00  0.00  0.96  0.00  0.00
  904                     1.00   0.08  0.00  0.00  0.00  0.00  0.00  0.92  0.00  0.00
  912                     1.00   1.00  0.00  0.00  0.00  0.00  0.00  0.00  0.00  0.00
  916                     1.00   1.00  0.00  0.00  0.00  0.00  0.00  0.00  0.00  0.00
  918                     1.00   1.00  0.00  0.00  0.00  0.00  0.00  0.00  0.00  0.00
  601                     1.00   0.04  0.00  0.00  0.92  0.00  0.00  0.04  0.92  0.00
  591                     1.00   0.08  0.00  0.00  0.88  0.00  0.00  0.04  0.00  0.00
  581                     1.00   0.12  0.00  0.00  0.00  0.00  0.00  0.88  0.00  0.00
  571                     1.00   0.16  0.00  0.00  0.00  0.00  0.00  0.84  0.00  0.00
  331                     1.00   0.20  0.00  0.00  0.00  0.00  0.00  0.80  0.00  0.00
  327                     1.00   0.24  0.00  0.00  0.00  0.00  0.00  0.76  0.00  0.00
  321                     1.00   0.28  0.00  0.00  0.00  0.67  0.00  0.04  0.67  0.00
  311                     1.00   0.08  0.24  0.00  0.00  0.00  0.00  0.68  0.00  0.00
  3110                    1.00   0.04  0.00  0.00  0.00  0.00  0.00  0.96  0.00  0.00
  301                     1.00   0.08  0.00  0.00  0.00  0.00  0.00  0.92  0.00  0.00
  300                     1.00   0.12  0.00  0.00  0.16  0.68  0.00  0.04  0.84  0.00
  281                     1.00   0.16  0.00  0.00  0.00  0.00  0.00  0.84  0.00  0.00
  325                     1.00   0.04  0.00  0.00  0.00  0.00  0.00  0.96  0.00  0.00
  315                     1.00   0.08  0.00  0.00  0.00  0.88  0.00  0.04  0.88  0.00
  295                     1.00   0.12  0.00  0.00  0.00  0.00  0.00  0.88  0.00  0.00
  285                     1.00   0.16  0.00  0.00  0.00  0.00  0.00  0.84  0.00  0.00
  255                     1.00   0.17  0.00  0.00  0.00  0.44  0.00  0.39  0.44  0.00
  211                     1.00   0.18  0.00  0.00  0.00  0.81  0.00  0.01  0.81  0.00
  227                     1.00   0.19  0.00  0.00  0.79  0.00  0.00  0.01  0.00  0.00
  229                     1.00   0.20  0.00  0.00  0.78  0.00  0.00  0.01  0.01  0.00
  233                     1.00   0.22  0.00  0.00  0.77  0.00  0.00  0.01  0.00  0.00
  241                     1.00   0.23  0.00  0.00  0.00  0.00  0.77  0.00  0.00  0.00
  271                     1.00   0.04  0.00  0.00  0.92  0.00  0.00  0.04  0.92  0.00
  261                     1.00   0.08  0.00  0.00  0.00  0.00  0.00  0.92  0.00  0.00
  251                     1.00   0.12  0.00  0.00  0.00  0.00  0.00  0.88  0.00  0.00
  205                     1.00   0.04  0.00  0.00  0.00  0.00  0.00  0.96  0.00  0.00
  215                     1.00   0.08  0.00  0.00  0.88  0.00  0.00  0.04  0.00  0.00
  217                     1.00   0.12  0.00  0.00  0.00  0.00  0.00  0.88  0.00  0.00
  225                     1.00   0.16  0.00  0.00  0.00  0.00  0.00  0.84  0.00  0.00
  231                     1.00   0.20  0.00  0.00  0.00  0.00  0.00  0.80  0.00  0.00
  235                     1.00   0.23  0.00  0.00  0.00  0.00  0.00  0.77  0.00  0.00
  245                     1.00   0.16  0.00  0.00  0.00  0.00  0.00  0.84  0.00  0.00
  2451                    1.00   0.18  0.00  0.00  0.00  0.00  0.00  0.82  0.00  0.00
  2452                    1.00   0.18  0.00  0.00  0.81  0.00  0.00  0.01  0.81  0.00
  2450                    1.00   0.19  0.00  0.00  0.00  0.00  0.00  0.81  0.00  0.00
  2453                    1.00   0.20  0.00  0.00  0.00  0.79  0.00  0.01  0.79  0.00
  6121                    1.00   0.21  0.00  0.00  0.00  0.00  0.00  0.79  0.00  0.00
  
  
  *************************
  Conduit Surcharge Summary
  *************************
  
  ----------------------------------------------------------------------------
                                                           Hours        Hours 
                         --------- Hours Full --------   Above Full   Capacity
  Conduit                Both Ends  Upstream  Dnstream   Normal Flow   Limited
  ----------------------------------------------------------------------------
  420                         0.01      0.01      0.01     21.95         0.01
  7110                        0.01      0.01     22.91     22.93         0.01
  

  Analysis begun on:  Wed Jul 22 13:49:52 2026
  Analysis ended on:  Wed Jul 22 13:49:53 2026
  Total elapsed time: 00:00:01