
  EPA STORM WATER MANAGEMENT MODEL - VERSION 5.2 (Build 5.2.4)
  ------------------------------------------------------------

  hakken 5-100 
  WARNING 04: minimum elevation drop used for Conduit 168
  WARNING 04: minimum elevation drop used for Conduit 174
  WARNING 04: minimum elevation drop used for Conduit 167
  WARNING 04: minimum elevation drop used for Conduit 213
  
  ****************
  Analysis Options
  ****************
  Flow Units ............... CMS
  Process Models:
    Rainfall/Runoff ........ NO
    RDII ................... NO
    Snowmelt ............... NO
    Groundwater ............ NO
    Flow Routing ........... YES
    Ponding Allowed ........ NO
    Water Quality .......... NO
  Flow Routing Method ...... DYNWAVE
  Surcharge Method ......... EXTRAN
  Starting Date ............ 01/01/2001 00:00:00
  Ending Date .............. 01/02/2001 00:00:00
  Antecedent Dry Days ...... 0.0
  Report Time Step ......... 00:15:00
  Routing Time Step ........ 10.00 sec
  Variable Time Step ....... YES
  Maximum Trials ........... 50
  Number of Threads ........ 1
  Head Tolerance ........... 0.001000 m
  
  
  **************************        Volume        Volume
  Flow Routing Continuity        hectare-m      10^6 ltr
  **************************     ---------     ---------
  Dry Weather Inflow .......         0.000         0.000
  Wet Weather Inflow .......         0.000         0.000
  Groundwater Inflow .......         0.000         0.000
  RDII Inflow ..............         0.000         0.000
  External Inflow ..........         0.000         0.000
  External Outflow .........         0.000         0.000
  Flooding Loss ............         0.000         0.000
  Evaporation Loss .........         0.000         0.000
  Exfiltration Loss ........         0.000         0.000
  Initial Stored Volume ....         0.000         0.000
  Final Stored Volume ......         0.000         0.000
  Continuity Error (%) .....         0.000
  
  
  ***************************
  Time-Step Critical Elements
  ***************************
  None
  
  
  ********************************
  Highest Flow Instability Indexes
  ********************************
  All links are stable.
  
  
  *********************************
  Most Frequent Nonconverging Nodes
  *********************************
  Convergence obtained at all time steps.
  
  
  *************************
  Routing Time Step Summary
  *************************
  Minimum Time Step           :     9.50 sec
  Average Time Step           :    10.00 sec
  Maximum Time Step           :    10.00 sec
  % of Time in Steady State   :     0.00
  Average Iterations per Step :     2.00
  % of Steps Not Converging   :     0.00
  Time Step Frequencies       :
     10.000 -  5.493 sec      :   100.00 %
      5.493 -  3.017 sec      :     0.00 %
      3.017 -  1.657 sec      :     0.00 %
      1.657 -  0.910 sec      :     0.00 %
      0.910 -  0.500 sec      :     0.00 %
  
  
  ******************
  Node Depth Summary
  ******************
  
  ---------------------------------------------------------------------------------
                                 Average  Maximum  Maximum  Time of Max    Reported
                                   Depth    Depth      HGL   Occurrence   Max Depth
  Node                 Type       Meters   Meters   Meters  days hr:min      Meters
  ---------------------------------------------------------------------------------
  111-1                JUNCTION     0.00     0.00     1.63     0  00:00        0.00
  122-1                JUNCTION     0.00     0.00     1.82     0  00:00        0.00
  155-1                JUNCTION     0.00     0.00     1.81     0  00:00        0.00
  109-1                JUNCTION     0.00     0.00     2.03     0  00:00        0.00
  168-1                JUNCTION     0.00     0.00     1.97     0  00:00        0.00
  175-1                JUNCTION     0.00     0.00     1.97     0  00:00        0.00
  190-1                JUNCTION     0.00     0.00     2.05     0  00:00        0.00
  197-1                JUNCTION     0.00     0.00     2.09     0  00:00        0.00
  1-1                  JUNCTION     0.00     0.00     2.01     0  00:00        0.00
  2-1                  JUNCTION     0.00     0.00     1.86     0  00:00        0.00
  3-1                  JUNCTION     0.00     0.00     2.02     0  00:00        0.00
  4-1                  JUNCTION     0.00     0.00     1.98     0  00:00        0.00
  5-1                  JUNCTION     0.00     0.00     1.87     0  00:00        0.00
  6-1                  JUNCTION     0.00     0.00     1.83     0  00:00        0.00
  7-1                  JUNCTION     0.00     0.00     1.84     0  00:00        0.00
  8-1                  JUNCTION     0.00     0.00     1.76     0  00:00        0.00
  9-1                  JUNCTION     0.00     0.00     1.72     0  00:00        0.00
  10-1                 JUNCTION     0.00     0.00     2.11     0  00:00        0.00
  11-1                 JUNCTION     0.00     0.00     2.73     0  00:00        0.00
  12-1                 JUNCTION     0.00     0.00     2.16     0  00:00        0.00
  120-1                JUNCTION     0.00     0.00     1.69     0  00:00        0.00
  143-1                JUNCTION     0.00     0.00     1.78     0  00:00        0.00
  152-1                JUNCTION     0.00     0.00     2.13     0  00:00        0.00
  165-1                JUNCTION     0.00     0.00     1.93     0  00:00        0.00
  179-1                JUNCTION     0.00     0.00     2.22     0  00:00        0.00
  189-1                JUNCTION     0.00     0.00     2.03     0  00:00        0.00
  264-1                JUNCTION     0.00     0.00     1.90     0  00:00        0.00
  237-1                JUNCTION     0.00     0.00     2.13     0  00:00        0.00
  246-1                JUNCTION     0.00     0.00     2.33     0  00:00        0.00
  248-1                JUNCTION     0.00     0.00     2.23     0  00:00        0.00
  251-1                JUNCTION     0.00     0.00     1.88     0  00:00        0.00
  253-1                JUNCTION     0.00     0.00     1.74     0  00:00        0.00
  258-1                JUNCTION     0.00     0.00     2.45     0  00:00        0.00
  247-1                JUNCTION     0.00     0.00     2.03     0  00:00        0.00
  241-1                JUNCTION     0.00     0.00     1.61     0  00:00        0.00
  243-1                JUNCTION     0.00     0.00     1.66     0  00:00        0.00
  256-1                JUNCTION     0.00     0.00     1.70     0  00:00        0.00
  222-1                JUNCTION     0.00     0.00     1.80     0  00:00        0.00
  194-1                JUNCTION     0.00     0.00     2.39     0  00:00        0.00
  196-1                JUNCTION     0.00     0.00     2.34     0  00:00        0.00
  188-1                JUNCTION     0.00     0.00     2.53     0  00:00        0.00
  178-1                JUNCTION     0.00     0.00     2.33     0  00:00        0.00
  182-1                JUNCTION     0.00     0.00     2.49     0  00:00        0.00
  186-1                JUNCTION     0.00     0.00     2.54     0  00:00        0.00
  113-1                JUNCTION     0.00     0.00     1.71     0  00:00        0.00
  141-1                JUNCTION     0.00     0.00     1.74     0  00:00        0.00
  139-1                JUNCTION     0.00     0.00     1.89     0  00:00        0.00
  154-1                JUNCTION     0.00     0.00     2.01     0  00:00        0.00
  164-1                JUNCTION     0.00     0.00     2.05     0  00:00        0.00
  161-1                JUNCTION     0.00     0.00     2.11     0  00:00        0.00
  159-1                JUNCTION     0.00     0.00     2.27     0  00:00        0.00
  157-1                JUNCTION     0.00     0.00     2.31     0  00:00        0.00
  192-1                JUNCTION     0.00     0.00     2.27     0  00:00        0.00
  207-1                JUNCTION     0.00     0.00     2.14     0  00:00        0.00
  220-1                JUNCTION     0.00     0.00     1.84     0  00:00        0.00
  261-1                JUNCTION     0.00     0.00     1.68     0  00:00        0.00
  239-1                JUNCTION     0.00     0.00     2.03     0  00:00        0.00
  267-1                JUNCTION     0.00     0.00     1.80     0  00:00        0.00
  107-1                JUNCTION     0.00     0.00     2.04     0  00:00        0.00
  106-1                JUNCTION     0.00     0.00     1.81     0  00:00        0.00
  115-1                JUNCTION     0.00     0.00     1.57     0  00:00        0.00
  117-1                JUNCTION     0.00     0.00     1.54     0  00:00        0.00
  118-1                JUNCTION     0.00     0.00     1.59     0  00:00        0.00
  116-1                JUNCTION     0.00     0.00     1.69     0  00:00        0.00
  137-1                JUNCTION     0.00     0.00     2.13     0  00:00        0.00
  163-1                JUNCTION     0.00     0.00     2.11     0  00:00        0.00
  177-1                JUNCTION     0.00     0.00     2.55     0  00:00        0.00
  176-1                JUNCTION     0.00     0.00     2.41     0  00:00        0.00
  181-1                JUNCTION     0.00     0.00     2.71     0  00:00        0.00
  185-1                JUNCTION     0.00     0.00     2.33     0  00:00        0.00
  191-1                JUNCTION     0.00     0.00     2.08     0  00:00        0.00
  187-1                JUNCTION     0.00     0.00     2.49     0  00:00        0.00
  203-1                JUNCTION     0.00     0.00     2.16     0  00:00        0.00
  202-1                JUNCTION     0.00     0.00     2.21     0  00:00        0.00
  204-1                JUNCTION     0.00     0.00     2.21     0  00:00        0.00
  212-1                JUNCTION     0.00     0.00     2.05     0  00:00        0.00
  213-1                JUNCTION     0.00     0.00     2.01     0  00:00        0.00
  219-1                JUNCTION     0.00     0.00     2.15     0  00:00        0.00
  218-1                JUNCTION     0.00     0.00     1.88     0  00:00        0.00
  217-1                JUNCTION     0.00     0.00     1.88     0  00:00        0.00
  140-1                JUNCTION     0.00     0.00     1.89     0  00:00        0.00
  229-1                JUNCTION     0.00     0.00     1.78     0  00:00        0.00
  227-1                JUNCTION     0.00     0.00     1.85     0  00:00        0.00
  252-1                JUNCTION     0.00     0.00     1.85     0  00:00        0.00
  236-1                JUNCTION     0.00     0.00     2.10     0  00:00        0.00
  238-1                JUNCTION     0.00     0.00     2.05     0  00:00        0.00
  240-1                JUNCTION     0.00     0.00     1.59     0  00:00        0.00
  242-1                JUNCTION     0.00     0.00     1.77     0  00:00        0.00
  235-1                JUNCTION     0.00     0.00     2.32     0  00:00        0.00
  255-1                JUNCTION     0.00     0.00     2.16     0  00:00        0.00
  257-1                JUNCTION     0.00     0.00     2.24     0  00:00        0.00
  249-1                JUNCTION     0.00     0.00     1.61     0  00:00        0.00
  250-1                JUNCTION     0.00     0.00     1.62     0  00:00        0.00
  263-1                JUNCTION     0.00     0.00     1.74     0  00:00        0.00
  262-1                JUNCTION     0.00     0.00     1.93     0  00:00        0.00
  266-1                JUNCTION     0.00     0.00     1.93     0  00:00        0.00
  121-1                JUNCTION     0.00     0.00     1.59     0  00:00        0.00
  130-1                JUNCTION     0.00     0.00     1.74     0  00:00        0.00
  127-1                JUNCTION     0.00     0.00     1.78     0  00:00        0.00
  172-1                JUNCTION     0.00     0.00     1.96     0  00:00        0.00
  174-1                JUNCTION     0.00     0.00     1.96     0  00:00        0.00
  104-1                JUNCTION     0.00     0.00     1.50     0  00:00        0.00
  173-1                JUNCTION     0.00     0.00     1.99     0  00:00        0.00
  110-1                JUNCTION     0.00     0.00     1.55     0  00:00        0.00
  114-1                JUNCTION     0.00     0.00     1.66     0  00:00        0.00
  135-1                JUNCTION     0.00     0.00     1.96     0  00:00        0.00
  133-1                JUNCTION     0.00     0.00     1.85     0  00:00        0.00
  101-1                JUNCTION     0.00     0.00     1.94     0  00:00        0.00
  102-1                JUNCTION     0.00     0.00     1.66     0  00:00        0.00
  103-1                JUNCTION     0.00     0.00     1.64     0  00:00        0.00
  112-1                JUNCTION     0.00     0.00     1.79     0  00:00        0.00
  126-1                JUNCTION     0.00     0.00     1.80     0  00:00        0.00
  124-1                JUNCTION     0.00     0.00     1.80     0  00:00        0.00
  134-1                JUNCTION     0.00     0.00     1.81     0  00:00        0.00
  129-1                JUNCTION     0.00     0.00     1.78     0  00:00        0.00
  128-1                JUNCTION     0.00     0.00     1.91     0  00:00        0.00
  153-1                JUNCTION     0.00     0.00     2.01     0  00:00        0.00
  149-1                JUNCTION     0.00     0.00     1.73     0  00:00        0.00
  151-1                JUNCTION     0.00     0.00     2.09     0  00:00        0.00
  148-1                JUNCTION     0.00     0.00     2.16     0  00:00        0.00
  147-1                JUNCTION     0.00     0.00     2.11     0  00:00        0.00
  146-1                JUNCTION     0.00     0.00     2.17     0  00:00        0.00
  145-1                JUNCTION     0.00     0.00     2.03     0  00:00        0.00
  144-1                JUNCTION     0.00     0.00     2.27     0  00:00        0.00
  150-1                JUNCTION     0.00     0.00     2.27     0  00:00        0.00
  158-1                JUNCTION     0.00     0.00     2.20     0  00:00        0.00
  156-1                JUNCTION     0.00     0.00     2.44     0  00:00        0.00
  162-1                JUNCTION     0.00     0.00     2.22     0  00:00        0.00
  169-1                JUNCTION     0.00     0.00     1.99     0  00:00        0.00
  171-1                JUNCTION     0.00     0.00     1.99     0  00:00        0.00
  170-1                JUNCTION     0.00     0.00     1.99     0  00:00        0.00
  180-1                JUNCTION     0.00     0.00     2.30     0  00:00        0.00
  184-1                JUNCTION     0.00     0.00     2.10     0  00:00        0.00
  183-1                JUNCTION     0.00     0.00     2.22     0  00:00        0.00
  270-1                JUNCTION     0.00     0.00     2.07     0  00:00        0.00
  269-1                JUNCTION     0.00     0.00     2.51     0  00:00        0.00
  268-1                JUNCTION     0.00     0.00     1.67     0  00:00        0.00
  245-1                JUNCTION     0.00     0.00     2.38     0  00:00        0.00
  198-1                JUNCTION     0.00     0.00     2.36     0  00:00        0.00
  125-1                JUNCTION     0.00     0.00     1.86     0  00:00        0.00
  167-1                JUNCTION     0.00     0.00     1.96     0  00:00        0.00
  166-1                JUNCTION     0.00     0.00     1.96     0  00:00        0.00
  131-1                JUNCTION     0.00     0.00     1.77     0  00:00        0.00
  123-1                JUNCTION     0.00     0.00     2.15     0  00:00        0.00
  119-1                JUNCTION     0.00     0.00     1.73     0  00:00        0.00
  136-1                JUNCTION     0.00     0.00     2.07     0  00:00        0.00
  132-1                JUNCTION     0.00     0.00     1.69     0  00:00        0.00
  142-1                JUNCTION     0.00     0.00     1.96     0  00:00        0.00
  108-1                JUNCTION     0.00     0.00     1.99     0  00:00        0.00
  105-1                JUNCTION     0.00     0.00     1.50     0  00:00        0.00
  160-1                JUNCTION     0.00     0.00     2.16     0  00:00        0.00
  193-1                JUNCTION     0.00     0.00     2.53     0  00:00        0.00
  254-1                JUNCTION     0.00     0.00     1.66     0  00:00        0.00
  195-1                JUNCTION     0.00     0.00     2.34     0  00:00        0.00
  199-1                JUNCTION     0.00     0.00     2.21     0  00:00        0.00
  201-1                JUNCTION     0.00     0.00     2.12     0  00:00        0.00
  200-1                JUNCTION     0.00     0.00     2.25     0  00:00        0.00
  208-1                JUNCTION     0.00     0.00     2.06     0  00:00        0.00
  209-1                JUNCTION     0.00     0.00     1.91     0  00:00        0.00
  205-1                JUNCTION     0.00     0.00     2.14     0  00:00        0.00
  206-1                JUNCTION     0.00     0.00     2.10     0  00:00        0.00
  210-1                JUNCTION     0.00     0.00     2.23     0  00:00        0.00
  211-1                JUNCTION     0.00     0.00     2.19     0  00:00        0.00
  226-1                JUNCTION     0.00     0.00     1.84     0  00:00        0.00
  228-1                JUNCTION     0.00     0.00     1.68     0  00:00        0.00
  630                  JUNCTION     0.00     0.00     1.87     0  00:00        0.00
  265-1                JUNCTION     0.00     0.00     2.59     0  00:00        0.00
  259-1                JUNCTION     0.00     0.00     2.23     0  00:00        0.00
  231-1                JUNCTION     0.00     0.00     1.69     0  00:00        0.00
  230-1                JUNCTION     0.00     0.00     1.74     0  00:00        0.00
  260-1                JUNCTION     0.00     0.00     1.62     0  00:00        0.00
  221-1                JUNCTION     0.00     0.00     1.89     0  00:00        0.00
  214-1                JUNCTION     0.00     0.00     1.94     0  00:00        0.00
  215-1                JUNCTION     0.00     0.00     1.96     0  00:00        0.00
  223-1                JUNCTION     0.00     0.00     1.84     0  00:00        0.00
  225-1                JUNCTION     0.00     0.00     1.83     0  00:00        0.00
  224-1                JUNCTION     0.00     0.00     1.84     0  00:00        0.00
  234-1                JUNCTION     0.00     0.00     1.76     0  00:00        0.00
  233-1                JUNCTION     0.00     0.00     1.65     0  00:00        0.00
  232-1                JUNCTION     0.00     0.00     1.67     0  00:00        0.00
  216-1                JUNCTION     0.00     0.00     1.98     0  00:00        0.00
  244-1                JUNCTION     0.00     0.00     2.13     0  00:00        0.00
  138-1                JUNCTION     0.00     0.00     1.92     0  00:00        0.00
  newroute             JUNCTION     0.00     0.00     1.00     0  00:00        0.00
  686                  OUTFALL      0.00     0.00     1.87     0  00:00        0.00
  
  
  *******************
  Node Inflow Summary
  *******************
  
  -------------------------------------------------------------------------------------------------
                                  Maximum  Maximum                  Lateral       Total        Flow
                                  Lateral    Total  Time of Max      Inflow      Inflow     Balance
                                   Inflow   Inflow   Occurrence      Volume      Volume       Error
  Node                 Type           CMS      CMS  days hr:min    10^6 ltr    10^6 ltr     Percent
  -------------------------------------------------------------------------------------------------
  111-1                JUNCTION     0.000    0.000     0  00:00           0           0       0.000 ltr
  122-1                JUNCTION     0.000    0.000     0  00:00           0           0       0.000 ltr
  155-1                JUNCTION     0.000    0.000     0  00:00           0           0       0.000 ltr
  109-1                JUNCTION     0.000    0.000     0  00:00           0           0       0.000 ltr
  168-1                JUNCTION     0.000    0.000     0  00:00           0           0       0.000 ltr
  175-1                JUNCTION     0.000    0.000     0  00:00           0           0       0.000 ltr
  190-1                JUNCTION     0.000    0.000     0  00:00           0           0       0.000 ltr
  197-1                JUNCTION     0.000    0.000     0  00:00           0           0       0.000 ltr
  1-1                  JUNCTION     0.000    0.000     0  00:00           0           0       0.000 ltr
  2-1                  JUNCTION     0.000    0.000     0  00:00           0           0       0.000 ltr
  3-1                  JUNCTION     0.000    0.000     0  00:00           0           0       0.000 ltr
  4-1                  JUNCTION     0.000    0.000     0  00:00           0           0       0.000 ltr
  5-1                  JUNCTION     0.000    0.000     0  00:00           0           0       0.000 ltr
  6-1                  JUNCTION     0.000    0.000     0  00:00           0           0       0.000 ltr
  7-1                  JUNCTION     0.000    0.000     0  00:00           0           0       0.000 ltr
  8-1                  JUNCTION     0.000    0.000     0  00:00           0           0       0.000 ltr
  9-1                  JUNCTION     0.000    0.000     0  00:00           0           0       0.000 ltr
  10-1                 JUNCTION     0.000    0.000     0  00:00           0           0       0.000 ltr
  11-1                 JUNCTION     0.000    0.000     0  00:00           0           0       0.000 ltr
  12-1                 JUNCTION     0.000    0.000     0  00:00           0           0       0.000 ltr
  120-1                JUNCTION     0.000    0.000     0  00:00           0           0       0.000 ltr
  143-1                JUNCTION     0.000    0.000     0  00:00           0           0       0.000 ltr
  152-1                JUNCTION     0.000    0.000     0  00:00           0           0       0.000 ltr
  165-1                JUNCTION     0.000    0.000     0  00:00           0           0       0.000 ltr
  179-1                JUNCTION     0.000    0.000     0  00:00           0           0       0.000 ltr
  189-1                JUNCTION     0.000    0.000     0  00:00           0           0       0.000 ltr
  264-1                JUNCTION     0.000    0.000     0  00:00           0           0       0.000 ltr
  237-1                JUNCTION     0.000    0.000     0  00:00           0           0       0.000 ltr
  246-1                JUNCTION     0.000    0.000     0  00:00           0           0       0.000 ltr
  248-1                JUNCTION     0.000    0.000     0  00:00           0           0       0.000 ltr
  251-1                JUNCTION     0.000    0.000     0  00:00           0           0       0.000 ltr
  253-1                JUNCTION     0.000    0.000     0  00:00           0           0       0.000 ltr
  258-1                JUNCTION     0.000    0.000     0  00:00           0           0       0.000 ltr
  247-1                JUNCTION     0.000    0.000     0  00:00           0           0       0.000 ltr
  241-1                JUNCTION     0.000    0.000     0  00:00           0           0       0.000 ltr
  243-1                JUNCTION     0.000    0.000     0  00:00           0           0       0.000 ltr
  256-1                JUNCTION     0.000    0.000     0  00:00           0           0       0.000 ltr
  222-1                JUNCTION     0.000    0.000     0  00:00           0           0       0.000 ltr
  194-1                JUNCTION     0.000    0.000     0  00:00           0           0       0.000 ltr
  196-1                JUNCTION     0.000    0.000     0  00:00           0           0       0.000 ltr
  188-1                JUNCTION     0.000    0.000     0  00:00           0           0       0.000 ltr
  178-1                JUNCTION     0.000    0.000     0  00:00           0           0       0.000 ltr
  182-1                JUNCTION     0.000    0.000     0  00:00           0           0       0.000 ltr
  186-1                JUNCTION     0.000    0.000     0  00:00           0           0       0.000 ltr
  113-1                JUNCTION     0.000    0.000     0  00:00           0           0       0.000 ltr
  141-1                JUNCTION     0.000    0.000     0  00:00           0           0       0.000 ltr
  139-1                JUNCTION     0.000    0.000     0  00:00           0           0       0.000 ltr
  154-1                JUNCTION     0.000    0.000     0  00:00           0           0       0.000 ltr
  164-1                JUNCTION     0.000    0.000     0  00:00           0           0       0.000 ltr
  161-1                JUNCTION     0.000    0.000     0  00:00           0           0       0.000 ltr
  159-1                JUNCTION     0.000    0.000     0  00:00           0           0       0.000 ltr
  157-1                JUNCTION     0.000    0.000     0  00:00           0           0       0.000 ltr
  192-1                JUNCTION     0.000    0.000     0  00:00           0           0       0.000 ltr
  207-1                JUNCTION     0.000    0.000     0  00:00           0           0       0.000 ltr
  220-1                JUNCTION     0.000    0.000     0  00:00           0           0       0.000 ltr
  261-1                JUNCTION     0.000    0.000     0  00:00           0           0       0.000 ltr
  239-1                JUNCTION     0.000    0.000     0  00:00           0           0       0.000 ltr
  267-1                JUNCTION     0.000    0.000     0  00:00           0           0       0.000 ltr
  107-1                JUNCTION     0.000    0.000     0  00:00           0           0       0.000 ltr
  106-1                JUNCTION     0.000    0.000     0  00:00           0           0       0.000 ltr
  115-1                JUNCTION     0.000    0.000     0  00:00           0           0       0.000 ltr
  117-1                JUNCTION     0.000    0.000     0  00:00           0           0       0.000 ltr
  118-1                JUNCTION     0.000    0.000     0  00:00           0           0       0.000 ltr
  116-1                JUNCTION     0.000    0.000     0  00:00           0           0       0.000 ltr
  137-1                JUNCTION     0.000    0.000     0  00:00           0           0       0.000 ltr
  163-1                JUNCTION     0.000    0.000     0  00:00           0           0       0.000 ltr
  177-1                JUNCTION     0.000    0.000     0  00:00           0           0       0.000 ltr
  176-1                JUNCTION     0.000    0.000     0  00:00           0           0       0.000 ltr
  181-1                JUNCTION     0.000    0.000     0  00:00           0           0       0.000 ltr
  185-1                JUNCTION     0.000    0.000     0  00:00           0           0       0.000 ltr
  191-1                JUNCTION     0.000    0.000     0  00:00           0           0       0.000 ltr
  187-1                JUNCTION     0.000    0.000     0  00:00           0           0       0.000 ltr
  203-1                JUNCTION     0.000    0.000     0  00:00           0           0       0.000 ltr
  202-1                JUNCTION     0.000    0.000     0  00:00           0           0       0.000 ltr
  204-1                JUNCTION     0.000    0.000     0  00:00           0           0       0.000 ltr
  212-1                JUNCTION     0.000    0.000     0  00:00           0           0       0.000 ltr
  213-1                JUNCTION     0.000    0.000     0  00:00           0           0       0.000 ltr
  219-1                JUNCTION     0.000    0.000     0  00:00           0           0       0.000 ltr
  218-1                JUNCTION     0.000    0.000     0  00:00           0           0       0.000 ltr
  217-1                JUNCTION     0.000    0.000     0  00:00           0           0       0.000 ltr
  140-1                JUNCTION     0.000    0.000     0  00:00           0           0       0.000 ltr
  229-1                JUNCTION     0.000    0.000     0  00:00           0           0       0.000 ltr
  227-1                JUNCTION     0.000    0.000     0  00:00           0           0       0.000 ltr
  252-1                JUNCTION     0.000    0.000     0  00:00           0           0       0.000 ltr
  236-1                JUNCTION     0.000    0.000     0  00:00           0           0       0.000 ltr
  238-1                JUNCTION     0.000    0.000     0  00:00           0           0       0.000 ltr
  240-1                JUNCTION     0.000    0.000     0  00:00           0           0       0.000 ltr
  242-1                JUNCTION     0.000    0.000     0  00:00           0           0       0.000 ltr
  235-1                JUNCTION     0.000    0.000     0  00:00           0           0       0.000 ltr
  255-1                JUNCTION     0.000    0.000     0  00:00           0           0       0.000 ltr
  257-1                JUNCTION     0.000    0.000     0  00:00           0           0       0.000 ltr
  249-1                JUNCTION     0.000    0.000     0  00:00           0           0       0.000 ltr
  250-1                JUNCTION     0.000    0.000     0  00:00           0           0       0.000 ltr
  263-1                JUNCTION     0.000    0.000     0  00:00           0           0       0.000 ltr
  262-1                JUNCTION     0.000    0.000     0  00:00           0           0       0.000 ltr
  266-1                JUNCTION     0.000    0.000     0  00:00           0           0       0.000 ltr
  121-1                JUNCTION     0.000    0.000     0  00:00           0           0       0.000 ltr
  130-1                JUNCTION     0.000    0.000     0  00:00           0           0       0.000 ltr
  127-1                JUNCTION     0.000    0.000     0  00:00           0           0       0.000 ltr
  172-1                JUNCTION     0.000    0.000     0  00:00           0           0       0.000 ltr
  174-1                JUNCTION     0.000    0.000     0  00:00           0           0       0.000 ltr
  104-1                JUNCTION     0.000    0.000     0  00:00           0           0       0.000 ltr
  173-1                JUNCTION     0.000    0.000     0  00:00           0           0       0.000 ltr
  110-1                JUNCTION     0.000    0.000     0  00:00           0           0       0.000 ltr
  114-1                JUNCTION     0.000    0.000     0  00:00           0           0       0.000 ltr
  135-1                JUNCTION     0.000    0.000     0  00:00           0           0       0.000 ltr
  133-1                JUNCTION     0.000    0.000     0  00:00           0           0       0.000 ltr
  101-1                JUNCTION     0.000    0.000     0  00:00           0           0       0.000 ltr
  102-1                JUNCTION     0.000    0.000     0  00:00           0           0       0.000 ltr
  103-1                JUNCTION     0.000    0.000     0  00:00           0           0       0.000 ltr
  112-1                JUNCTION     0.000    0.000     0  00:00           0           0       0.000 ltr
  126-1                JUNCTION     0.000    0.000     0  00:00           0           0       0.000 ltr
  124-1                JUNCTION     0.000    0.000     0  00:00           0           0       0.000 ltr
  134-1                JUNCTION     0.000    0.000     0  00:00           0           0       0.000 ltr
  129-1                JUNCTION     0.000    0.000     0  00:00           0           0       0.000 ltr
  128-1                JUNCTION     0.000    0.000     0  00:00           0           0       0.000 ltr
  153-1                JUNCTION     0.000    0.000     0  00:00           0           0       0.000 ltr
  149-1                JUNCTION     0.000    0.000     0  00:00           0           0       0.000 ltr
  151-1                JUNCTION     0.000    0.000     0  00:00           0           0       0.000 ltr
  148-1                JUNCTION     0.000    0.000     0  00:00           0           0       0.000 ltr
  147-1                JUNCTION     0.000    0.000     0  00:00           0           0       0.000 ltr
  146-1                JUNCTION     0.000    0.000     0  00:00           0           0       0.000 ltr
  145-1                JUNCTION     0.000    0.000     0  00:00           0           0       0.000 ltr
  144-1                JUNCTION     0.000    0.000     0  00:00           0           0       0.000 ltr
  150-1                JUNCTION     0.000    0.000     0  00:00           0           0       0.000 ltr
  158-1                JUNCTION     0.000    0.000     0  00:00           0           0       0.000 ltr
  156-1                JUNCTION     0.000    0.000     0  00:00           0           0       0.000 ltr
  162-1                JUNCTION     0.000    0.000     0  00:00           0           0       0.000 ltr
  169-1                JUNCTION     0.000    0.000     0  00:00           0           0       0.000 ltr
  171-1                JUNCTION     0.000    0.000     0  00:00           0           0       0.000 ltr
  170-1                JUNCTION     0.000    0.000     0  00:00           0           0       0.000 ltr
  180-1                JUNCTION     0.000    0.000     0  00:00           0           0       0.000 ltr
  184-1                JUNCTION     0.000    0.000     0  00:00           0           0       0.000 ltr
  183-1                JUNCTION     0.000    0.000     0  00:00           0           0       0.000 ltr
  270-1                JUNCTION     0.000    0.000     0  00:00           0           0       0.000 ltr
  269-1                JUNCTION     0.000    0.000     0  00:00           0           0       0.000 ltr
  268-1                JUNCTION     0.000    0.000     0  00:00           0           0       0.000 ltr
  245-1                JUNCTION     0.000    0.000     0  00:00           0           0       0.000 ltr
  198-1                JUNCTION     0.000    0.000     0  00:00           0           0       0.000 ltr
  125-1                JUNCTION     0.000    0.000     0  00:00           0           0       0.000 ltr
  167-1                JUNCTION     0.000    0.000     0  00:00           0           0       0.000 ltr
  166-1                JUNCTION     0.000    0.000     0  00:00           0           0       0.000 ltr
  131-1                JUNCTION     0.000    0.000     0  00:00           0           0       0.000 ltr
  123-1                JUNCTION     0.000    0.000     0  00:00           0           0       0.000 ltr
  119-1                JUNCTION     0.000    0.000     0  00:00           0           0       0.000 ltr
  136-1                JUNCTION     0.000    0.000     0  00:00           0           0       0.000 ltr
  132-1                JUNCTION     0.000    0.000     0  00:00           0           0       0.000 ltr
  142-1                JUNCTION     0.000    0.000     0  00:00           0           0       0.000 ltr
  108-1                JUNCTION     0.000    0.000     0  00:00           0           0       0.000 ltr
  105-1                JUNCTION     0.000    0.000     0  00:00           0           0       0.000 ltr
  160-1                JUNCTION     0.000    0.000     0  00:00           0           0       0.000 ltr
  193-1                JUNCTION     0.000    0.000     0  00:00           0           0       0.000 ltr
  254-1                JUNCTION     0.000    0.000     0  00:00           0           0       0.000 ltr
  195-1                JUNCTION     0.000    0.000     0  00:00           0           0       0.000 ltr
  199-1                JUNCTION     0.000    0.000     0  00:00           0           0       0.000 ltr
  201-1                JUNCTION     0.000    0.000     0  00:00           0           0       0.000 ltr
  200-1                JUNCTION     0.000    0.000     0  00:00           0           0       0.000 ltr
  208-1                JUNCTION     0.000    0.000     0  00:00           0           0       0.000 ltr
  209-1                JUNCTION     0.000    0.000     0  00:00           0           0       0.000 ltr
  205-1                JUNCTION     0.000    0.000     0  00:00           0           0       0.000 ltr
  206-1                JUNCTION     0.000    0.000     0  00:00           0           0       0.000 ltr
  210-1                JUNCTION     0.000    0.000     0  00:00           0           0       0.000 ltr
  211-1                JUNCTION     0.000    0.000     0  00:00           0           0       0.000 ltr
  226-1                JUNCTION     0.000    0.000     0  00:00           0           0       0.000 ltr
  228-1                JUNCTION     0.000    0.000     0  00:00           0           0       0.000 ltr
  630                  JUNCTION     0.000    0.000     0  00:00           0           0       0.000 ltr
  265-1                JUNCTION     0.000    0.000     0  00:00           0           0       0.000 ltr
  259-1                JUNCTION     0.000    0.000     0  00:00           0           0       0.000 ltr
  231-1                JUNCTION     0.000    0.000     0  00:00           0           0       0.000 ltr
  230-1                JUNCTION     0.000    0.000     0  00:00           0           0       0.000 ltr
  260-1                JUNCTION     0.000    0.000     0  00:00           0           0       0.000 ltr
  221-1                JUNCTION     0.000    0.000     0  00:00           0           0       0.000 ltr
  214-1                JUNCTION     0.000    0.000     0  00:00           0           0       0.000 ltr
  215-1                JUNCTION     0.000    0.000     0  00:00           0           0       0.000 ltr
  223-1                JUNCTION     0.000    0.000     0  00:00           0           0       0.000 ltr
  225-1                JUNCTION     0.000    0.000     0  00:00           0           0       0.000 ltr
  224-1                JUNCTION     0.000    0.000     0  00:00           0           0       0.000 ltr
  234-1                JUNCTION     0.000    0.000     0  00:00           0           0       0.000 ltr
  233-1                JUNCTION     0.000    0.000     0  00:00           0           0       0.000 ltr
  232-1                JUNCTION     0.000    0.000     0  00:00           0           0       0.000 ltr
  216-1                JUNCTION     0.000    0.000     0  00:00           0           0       0.000 ltr
  244-1                JUNCTION     0.000    0.000     0  00:00           0           0       0.000 ltr
  138-1                JUNCTION     0.000    0.000     0  00:00           0           0       0.000 ltr
  newroute             JUNCTION     0.000    0.000     0  00:00           0           0       0.000 ltr
  686                  OUTFALL      0.000    0.000     0  00:00           0           0       0.000 ltr
  
  
  **********************
  Node Surcharge Summary
  **********************
  
  Surcharging occurs when water rises above the top of the highest conduit.
  ---------------------------------------------------------------------
                                               Max. Height   Min. Depth
                                   Hours       Above Crown    Below Rim
  Node                 Type      Surcharged         Meters       Meters
  ---------------------------------------------------------------------
  newroute             JUNCTION       24.00          0.000        0.000
  
  
  *********************
  Node Flooding Summary
  *********************
  
  No nodes were flooded.
  
  
  ***********************
  Outfall Loading Summary
  ***********************
  
  -----------------------------------------------------------
                         Flow       Avg       Max       Total
                         Freq      Flow      Flow      Volume
  Outfall Node           Pcnt       CMS       CMS    10^6 ltr
  -----------------------------------------------------------
  686                    0.00     0.000     0.000       0.000
  -----------------------------------------------------------
  System                 0.00     0.000     0.000       0.000
  
  
  ********************
  Link Flow Summary
  ********************
  
  -----------------------------------------------------------------------------
                                 Maximum  Time of Max   Maximum    Max/    Max/
                                  |Flow|   Occurrence   |Veloc|    Full    Full
  Link                 Type          CMS  days hr:min     m/sec    Flow   Depth
  -----------------------------------------------------------------------------
  109                  CONDUIT     0.000     0  00:00      0.00    0.00    0.00
  155                  CONDUIT     0.000     0  00:00      0.00    0.00    0.00
  168                  CONDUIT     0.000     0  00:00      0.00    0.00    0.00
  190                  CONDUIT     0.000     0  00:00      0.00    0.00    0.00
  197                  CONDUIT     0.000     0  00:00      0.00    0.00    0.00
  2                    CONDUIT     0.000     0  00:00      0.00    0.00    0.00
  3                    CONDUIT     0.000     0  00:00      0.00    0.00    0.00
  4                    CONDUIT     0.000     0  00:00      0.00    0.00    0.00
  5                    CONDUIT     0.000     0  00:00      0.00    0.00    0.00
  6                    CONDUIT     0.000     0  00:00      0.00    0.00    0.00
  7                    CONDUIT     0.000     0  00:00      0.00    0.00    0.00
  8                    CONDUIT     0.000     0  00:00      0.00    0.00    0.00
  9                    CONDUIT     0.000     0  00:00      0.00    0.00    0.00
  10                   CONDUIT     0.000     0  00:00      0.00    0.00    0.00
  11                   CONDUIT     0.000     0  00:00      0.00    0.00    0.00
  120                  CONDUIT     0.000     0  00:00      0.00    0.00    0.00
  143                  CONDUIT     0.000     0  00:00      0.00    0.00    0.00
  165                  CONDUIT     0.000     0  00:00      0.00    0.00    0.00
  189                  CONDUIT     0.000     0  00:00      0.00    0.00    0.00
  264                  CONDUIT     0.000     0  00:00      0.00    0.00    0.00
  244                  CONDUIT     0.000     0  00:00      0.00    0.00    0.00
  246                  CONDUIT     0.000     0  00:00      0.00    0.00    0.00
  248                  CONDUIT     0.000     0  00:00      0.00    0.00    0.00
  251                  CONDUIT     0.000     0  00:00      0.00    0.00    0.00
  253                  CONDUIT     0.000     0  00:00      0.00    0.00    0.00
  239                  CONDUIT     0.000     0  00:00      0.00    0.00    0.00
  241                  CONDUIT     0.000     0  00:00      0.00    0.00    0.00
  243                  CONDUIT     0.000     0  00:00      0.00    0.00    0.00
  256                  CONDUIT     0.000     0  00:00      0.00    0.00    0.00
  222                  CONDUIT     0.000     0  00:00      0.00    0.00    0.00
  194                  CONDUIT     0.000     0  00:00      0.00    0.00    0.00
  196                  CONDUIT     0.000     0  00:00      0.00    0.00    0.00
  188                  CONDUIT     0.000     0  00:00      0.00    0.00    0.00
  186                  CONDUIT     0.000     0  00:00      0.00    0.00    0.00
  113                  CONDUIT     0.000     0  00:00      0.00    0.00    0.00
  111                  CONDUIT     0.000     0  00:00      0.00    0.00    0.00
  141                  CONDUIT     0.000     0  00:00      0.00    0.00    0.00
  139                  CONDUIT     0.000     0  00:00      0.00    0.00    0.00
  164                  CONDUIT     0.000     0  00:00      0.00    0.00    0.00
  161                  CONDUIT     0.000     0  00:00      0.00    0.00    0.00
  159                  CONDUIT     0.000     0  00:00      0.00    0.00    0.00
  157                  CONDUIT     0.000     0  00:00      0.00    0.00    0.00
  192                  CONDUIT     0.000     0  00:00      0.00    0.00    0.00
  220                  CONDUIT     0.000     0  00:00      0.00    0.00    0.00
  258                  CONDUIT     0.000     0  00:00      0.00    0.00    0.00
  261                  CONDUIT     0.000     0  00:00      0.00    0.00    0.00
  106                  CONDUIT     0.000     0  00:00      0.00    0.00    0.00
  117                  CONDUIT     0.000     0  00:00      0.00    0.00    0.00
  181                  CONDUIT     0.000     0  00:00      0.00    0.00    0.00
  185                  CONDUIT     0.000     0  00:00      0.00    0.00    0.00
  191                  CONDUIT     0.000     0  00:00      0.00    0.00    0.00
  187                  CONDUIT     0.000     0  00:00      0.00    0.00    0.00
  202                  CONDUIT     0.000     0  00:00      0.00    0.00    0.00
  212                  CONDUIT     0.000     0  00:00      0.00    0.00    0.00
  219                  CONDUIT     0.000     0  00:00      0.00    0.00    0.00
  252                  CONDUIT     0.000     0  00:00      0.00    0.00    0.00
  237                  CONDUIT     0.000     0  00:00      0.00    0.00    0.00
  240                  CONDUIT     0.000     0  00:00      0.00    0.00    0.00
  242                  CONDUIT     0.000     0  00:00      0.00    0.00    0.00
  249                  CONDUIT     0.000     0  00:00      0.00    0.00    0.00
  250                  CONDUIT     0.000     0  00:00      0.00    0.00    0.00
  172                  CONDUIT     0.000     0  00:00      0.00    0.00    0.00
  110                  CONDUIT     0.000     0  00:00      0.00    0.00    0.00
  101                  CONDUIT     0.000     0  00:00      0.00    0.00    0.00
  102                  CONDUIT     0.000     0  00:00      0.00    0.00    0.00
  103                  CONDUIT     0.000     0  00:00      0.00    0.00    0.00
  104                  CONDUIT     0.000     0  00:00      0.00    0.00    0.00
  124                  CONDUIT     0.000     0  00:00      0.00    0.00    0.00
  116                  CONDUIT     0.000     0  00:00      0.00    0.00    0.00
  135                  CONDUIT     0.000     0  00:00      0.00    0.00    0.00
  134                  CONDUIT     0.000     0  00:00      0.00    0.00    0.00
  129                  CONDUIT     0.000     0  00:00      0.00    0.00    0.00
  128                  CONDUIT     0.000     0  00:00      0.00    0.00    0.00
  153                  CONDUIT     0.000     0  00:00      0.00    0.00    0.00
  121                  CONDUIT     0.000     0  00:00      0.00    0.00    0.00
  149                  CONDUIT     0.000     0  00:00      0.00    0.00    0.00
  151                  CONDUIT     0.000     0  00:00      0.00    0.00    0.00
  148                  CONDUIT     0.000     0  00:00      0.00    0.00    0.00
  146                  CONDUIT     0.000     0  00:00      0.00    0.00    0.00
  145                  CONDUIT     0.000     0  00:00      0.00    0.00    0.00
  150                  CONDUIT     0.000     0  00:00      0.00    0.00    0.00
  144                  CONDUIT     0.000     0  00:00      0.00    0.00    0.00
  156                  CONDUIT     0.000     0  00:00      0.00    0.00    0.00
  173                  CONDUIT     0.000     0  00:00      0.00    0.00    0.00
  163                  CONDUIT     0.000     0  00:00      0.00    0.00    0.00
  162                  CONDUIT     0.000     0  00:00      0.00    0.00    0.00
  169                  CONDUIT     0.000     0  00:00      0.00    0.00    0.00
  170                  CONDUIT     0.000     0  00:00      0.00    0.00    0.00
  171                  CONDUIT     0.000     0  00:00      0.00    0.00    0.00
  178                  CONDUIT     0.000     0  00:00      0.00    0.00    0.00
  177                  CONDUIT     0.000     0  00:00      0.00    0.00    0.00
  176                  CONDUIT     0.000     0  00:00      0.00    0.00    0.00
  180                  CONDUIT     0.000     0  00:00      0.00    0.00    0.00
  184                  CONDUIT     0.000     0  00:00      0.00    0.00    0.00
  175                  CONDUIT     0.000     0  00:00      0.00    0.00    0.00
  183                  CONDUIT     0.000     0  00:00      0.00    0.00    0.00
  179                  CONDUIT     0.000     0  00:00      0.00    0.00    0.00
  269                  CONDUIT     0.000     0  00:00      0.00    0.00    0.00
  268                  CONDUIT     0.000     0  00:00      0.00    0.00    0.00
  236                  CONDUIT     0.000     0  00:00      0.00    0.00    0.00
  238                  CONDUIT     0.000     0  00:00      0.00    0.00    0.00
  245                  CONDUIT     0.000     0  00:00      0.00    0.00    0.00
  114                  CONDUIT     0.000     0  00:00      0.00    0.00    0.00
  112                  CONDUIT     0.000     0  00:00      0.00    0.00    0.00
  125                  CONDUIT     0.000     0  00:00      0.00    0.00    0.00
  174                  CONDUIT     0.000     0  00:00      0.00    0.00    0.00
  167                  CONDUIT     0.000     0  00:00      0.00    0.00    0.00
  166                  CONDUIT     0.000     0  00:00      0.00    0.00    0.00
  122                  CONDUIT     0.000     0  00:00      0.00    0.00    0.00
  131                  CONDUIT     0.000     0  00:00      0.00    0.00    0.00
  154                  CONDUIT     0.000     0  00:00      0.00    0.00    0.00
  123                  CONDUIT     0.000     0  00:00      0.00    0.00    0.00
  126                  CONDUIT     0.000     0  00:00      0.00    0.00    0.00
  130                  CONDUIT     0.000     0  00:00      0.00    0.00    0.00
  127                  CONDUIT     0.000     0  00:00      0.00    0.00    0.00
  115                  CONDUIT     0.000     0  00:00      0.00    0.00    0.00
  118                  CONDUIT     0.000     0  00:00      0.00    0.00    0.00
  119                  CONDUIT     0.000     0  00:00      0.00    0.00    0.00
  136                  CONDUIT     0.000     0  00:00      0.00    0.00    0.00
  133                  CONDUIT     0.000     0  00:00      0.00    0.00    0.00
  132                  CONDUIT     0.000     0  00:00      0.00    0.00    0.00
  140                  CONDUIT     0.000     0  00:00      0.00    0.00    0.00
  142                  CONDUIT     0.000     0  00:00      0.00    0.00    0.00
  108                  CONDUIT     0.000     0  00:00      0.00    0.00    0.00
  105                  CONDUIT     0.000     0  00:00      0.00    0.00    0.00
  107                  CONDUIT     0.000     0  00:00      0.00    0.00    0.00
  158                  CONDUIT     0.000     0  00:00      0.00    0.00    0.00
  160                  CONDUIT     0.000     0  00:00      0.00    0.00    0.00
  147                  CONDUIT     0.000     0  00:00      0.00    0.00    0.00
  152                  CONDUIT     0.000     0  00:00      0.00    0.00    0.00
  182                  CONDUIT     0.000     0  00:00      0.00    0.00    0.00
  193                  CONDUIT     0.000     0  00:00      0.00    0.00    0.00
  235                  CONDUIT     0.000     0  00:00      0.00    0.00    0.00
  247                  CONDUIT     0.000     0  00:00      0.00    0.00    0.00
  257                  CONDUIT     0.000     0  00:00      0.00    0.00    0.00
  254                  CONDUIT     0.000     0  00:00      0.00    0.00    0.00
  255                  CONDUIT     0.000     0  00:00      0.00    0.00    0.00
  195                  CONDUIT     0.000     0  00:00      0.00    0.00    0.00
  201                  CONDUIT     0.000     0  00:00      0.00    0.00    0.00
  200                  CONDUIT     0.000     0  00:00      0.00    0.00    0.00
  198                  CONDUIT     0.000     0  00:00      0.00    0.00    0.00
  207                  CONDUIT     0.000     0  00:00      0.00    0.00    0.00
  208                  CONDUIT     0.000     0  00:00      0.00    0.00    0.00
  204                  CONDUIT     0.000     0  00:00      0.00    0.00    0.00
  203                  CONDUIT     0.000     0  00:00      0.00    0.00    0.00
  205                  CONDUIT     0.000     0  00:00      0.00    0.00    0.00
  206                  CONDUIT     0.000     0  00:00      0.00    0.00    0.00
  210                  CONDUIT     0.000     0  00:00      0.00    0.00    0.00
  211                  CONDUIT     0.000     0  00:00      0.00    0.00    0.00
  213                  CONDUIT     0.000     0  00:00      0.00    0.00    0.00
  209                  CONDUIT     0.000     0  00:00      0.00    0.00    0.00
  1                    CONDUIT     0.000     0  00:00      0.00    0.00    0.00
  199                  CONDUIT     0.000     0  00:00      0.00    0.00    0.00
  218                  CONDUIT     0.000     0  00:00      0.00    0.00    0.00
  217                  CONDUIT     0.000     0  00:00      0.00    0.00    0.00
  12                   CONDUIT     0.000     0  00:00      0.00    0.00    0.00
  270                  CONDUIT     0.000     0  00:00      0.00    0.00    0.00
  267                  CONDUIT     0.000     0  00:00      0.00    0.00    0.00
  265                  CONDUIT     0.000     0  00:00      0.00    0.00    0.00
  262                  CONDUIT     0.000     0  00:00      0.00    0.00    0.00
  263                  CONDUIT     0.000     0  00:00      0.00    0.00    0.00
  266                  CONDUIT     0.000     0  00:00      0.00    0.00    0.00
  259                  CONDUIT     0.000     0  00:00      0.00    0.00    0.00
  227                  CONDUIT     0.000     0  00:00      0.00    0.00    0.00
  228                  CONDUIT     0.000     0  00:00      0.00    0.00    0.00
  229                  CONDUIT     0.000     0  00:00      0.00    0.00    0.00
  226                  CONDUIT     0.000     0  00:00      0.00    0.00    0.00
  230                  CONDUIT     0.000     0  00:00      0.00    0.00    0.00
  260                  CONDUIT     0.000     0  00:00      0.00    0.00    0.00
  221                  CONDUIT     0.000     0  00:00      0.00    0.00    0.00
  223                  CONDUIT     0.000     0  00:00      0.00    0.00    0.00
  224                  CONDUIT     0.000     0  00:00      0.00    0.00    0.00
  225                  CONDUIT     0.000     0  00:00      0.00    0.00    0.00
  234                  CONDUIT     0.000     0  00:00      0.00    0.00    0.00
  233                  CONDUIT     0.000     0  00:00      0.00    0.00    0.00
  231                  CONDUIT     0.000     0  00:00      0.00    0.00    0.00
  232                  CONDUIT     0.000     0  00:00      0.00    0.00    0.00
  137                  CONDUIT     0.000     0  00:00      0.00    0.00    0.00
  214                  CONDUIT     0.000     0  00:00      0.00    0.00    0.00
  216                  CONDUIT     0.000     0  00:00      0.00    0.00    0.00
  215                  CONDUIT     0.000     0  00:00      0.00    0.00    0.00
  138                  CONDUIT     0.000     0  00:00      0.00    0.00    0.00
  887.1                PUMP        0.000     0  00:00              0.00
  
  
  ***************************
  Flow Classification Summary
  ***************************
  
  -------------------------------------------------------------------------------------
                      Adjusted    ---------- Fraction of Time in Flow Class ---------- 
                       /Actual         Up    Down  Sub   Sup   Up    Down  Norm  Inlet 
  Conduit               Length    Dry  Dry   Dry   Crit  Crit  Crit  Crit  Ltd   Ctrl  
  -------------------------------------------------------------------------------------
  109                     1.00   1.00  0.00  0.00  0.00  0.00  0.00  0.00  0.00  0.00
  155                     1.00   1.00  0.00  0.00  0.00  0.00  0.00  0.00  0.00  0.00
  168                     1.00   1.00  0.00  0.00  0.00  0.00  0.00  0.00  0.00  0.00
  190                     1.00   1.00  0.00  0.00  0.00  0.00  0.00  0.00  0.00  0.00
  197                     1.00   1.00  0.00  0.00  0.00  0.00  0.00  0.00  0.00  0.00
  2                       1.00   1.00  0.00  0.00  0.00  0.00  0.00  0.00  0.00  0.00
  3                       1.00   1.00  0.00  0.00  0.00  0.00  0.00  0.00  0.00  0.00
  4                       1.00   1.00  0.00  0.00  0.00  0.00  0.00  0.00  0.00  0.00
  5                       1.00   1.00  0.00  0.00  0.00  0.00  0.00  0.00  0.00  0.00
  6                       1.00   1.00  0.00  0.00  0.00  0.00  0.00  0.00  0.00  0.00
  7                       1.00   1.00  0.00  0.00  0.00  0.00  0.00  0.00  0.00  0.00
  8                       1.00   1.00  0.00  0.00  0.00  0.00  0.00  0.00  0.00  0.00
  9                       1.00   1.00  0.00  0.00  0.00  0.00  0.00  0.00  0.00  0.00
  10                      1.00   1.00  0.00  0.00  0.00  0.00  0.00  0.00  0.00  0.00
  11                      1.00   1.00  0.00  0.00  0.00  0.00  0.00  0.00  0.00  0.00
  120                     1.00   1.00  0.00  0.00  0.00  0.00  0.00  0.00  0.00  0.00
  143                     1.00   1.00  0.00  0.00  0.00  0.00  0.00  0.00  0.00  0.00
  165                     1.00   1.00  0.00  0.00  0.00  0.00  0.00  0.00  0.00  0.00
  189                     1.00   1.00  0.00  0.00  0.00  0.00  0.00  0.00  0.00  0.00
  264                     1.00   1.00  0.00  0.00  0.00  0.00  0.00  0.00  0.00  0.00
  244                     1.00   1.00  0.00  0.00  0.00  0.00  0.00  0.00  0.00  0.00
  246                     1.00   1.00  0.00  0.00  0.00  0.00  0.00  0.00  0.00  0.00
  248                     1.00   1.00  0.00  0.00  0.00  0.00  0.00  0.00  0.00  0.00
  251                     1.00   1.00  0.00  0.00  0.00  0.00  0.00  0.00  0.00  0.00
  253                     1.00   1.00  0.00  0.00  0.00  0.00  0.00  0.00  0.00  0.00
  239                     1.00   1.00  0.00  0.00  0.00  0.00  0.00  0.00  0.00  0.00
  241                     1.00   1.00  0.00  0.00  0.00  0.00  0.00  0.00  0.00  0.00
  243                     1.00   1.00  0.00  0.00  0.00  0.00  0.00  0.00  0.00  0.00
  256                     1.00   1.00  0.00  0.00  0.00  0.00  0.00  0.00  0.00  0.00
  222                     1.00   1.00  0.00  0.00  0.00  0.00  0.00  0.00  0.00  0.00
  194                     1.00   1.00  0.00  0.00  0.00  0.00  0.00  0.00  0.00  0.00
  196                     1.00   1.00  0.00  0.00  0.00  0.00  0.00  0.00  0.00  0.00
  188                     1.00   1.00  0.00  0.00  0.00  0.00  0.00  0.00  0.00  0.00
  186                     1.00   1.00  0.00  0.00  0.00  0.00  0.00  0.00  0.00  0.00
  113                     1.00   1.00  0.00  0.00  0.00  0.00  0.00  0.00  0.00  0.00
  111                     1.00   1.00  0.00  0.00  0.00  0.00  0.00  0.00  0.00  0.00
  141                     1.00   1.00  0.00  0.00  0.00  0.00  0.00  0.00  0.00  0.00
  139                     1.00   1.00  0.00  0.00  0.00  0.00  0.00  0.00  0.00  0.00
  164                     1.00   1.00  0.00  0.00  0.00  0.00  0.00  0.00  0.00  0.00
  161                     1.00   1.00  0.00  0.00  0.00  0.00  0.00  0.00  0.00  0.00
  159                     1.00   1.00  0.00  0.00  0.00  0.00  0.00  0.00  0.00  0.00
  157                     1.00   1.00  0.00  0.00  0.00  0.00  0.00  0.00  0.00  0.00
  192                     1.00   1.00  0.00  0.00  0.00  0.00  0.00  0.00  0.00  0.00
  220                     1.00   1.00  0.00  0.00  0.00  0.00  0.00  0.00  0.00  0.00
  258                     1.00   1.00  0.00  0.00  0.00  0.00  0.00  0.00  0.00  0.00
  261                     1.00   1.00  0.00  0.00  0.00  0.00  0.00  0.00  0.00  0.00
  106                     1.00   1.00  0.00  0.00  0.00  0.00  0.00  0.00  0.00  0.00
  117                     1.00   1.00  0.00  0.00  0.00  0.00  0.00  0.00  0.00  0.00
  181                     1.00   1.00  0.00  0.00  0.00  0.00  0.00  0.00  0.00  0.00
  185                     1.00   1.00  0.00  0.00  0.00  0.00  0.00  0.00  0.00  0.00
  191                     1.00   1.00  0.00  0.00  0.00  0.00  0.00  0.00  0.00  0.00
  187                     1.00   1.00  0.00  0.00  0.00  0.00  0.00  0.00  0.00  0.00
  202                     1.00   1.00  0.00  0.00  0.00  0.00  0.00  0.00  0.00  0.00
  212                     1.00   1.00  0.00  0.00  0.00  0.00  0.00  0.00  0.00  0.00
  219                     1.00   1.00  0.00  0.00  0.00  0.00  0.00  0.00  0.00  0.00
  252                     1.00   1.00  0.00  0.00  0.00  0.00  0.00  0.00  0.00  0.00
  237                     1.00   1.00  0.00  0.00  0.00  0.00  0.00  0.00  0.00  0.00
  240                     1.00   1.00  0.00  0.00  0.00  0.00  0.00  0.00  0.00  0.00
  242                     1.00   1.00  0.00  0.00  0.00  0.00  0.00  0.00  0.00  0.00
  249                     1.00   1.00  0.00  0.00  0.00  0.00  0.00  0.00  0.00  0.00
  250                     1.00   1.00  0.00  0.00  0.00  0.00  0.00  0.00  0.00  0.00
  172                     1.00   1.00  0.00  0.00  0.00  0.00  0.00  0.00  0.00  0.00
  110                     1.00   1.00  0.00  0.00  0.00  0.00  0.00  0.00  0.00  0.00
  101                     1.00   1.00  0.00  0.00  0.00  0.00  0.00  0.00  0.00  0.00
  102                     1.00   1.00  0.00  0.00  0.00  0.00  0.00  0.00  0.00  0.00
  103                     1.00   1.00  0.00  0.00  0.00  0.00  0.00  0.00  0.00  0.00
  104                     1.00   1.00  0.00  0.00  0.00  0.00  0.00  0.00  0.00  0.00
  124                     1.00   1.00  0.00  0.00  0.00  0.00  0.00  0.00  0.00  0.00
  116                     1.00   1.00  0.00  0.00  0.00  0.00  0.00  0.00  0.00  0.00
  135                     1.00   1.00  0.00  0.00  0.00  0.00  0.00  0.00  0.00  0.00
  134                     1.00   1.00  0.00  0.00  0.00  0.00  0.00  0.00  0.00  0.00
  129                     1.00   1.00  0.00  0.00  0.00  0.00  0.00  0.00  0.00  0.00
  128                     1.00   1.00  0.00  0.00  0.00  0.00  0.00  0.00  0.00  0.00
  153                     1.00   1.00  0.00  0.00  0.00  0.00  0.00  0.00  0.00  0.00
  121                     1.00   1.00  0.00  0.00  0.00  0.00  0.00  0.00  0.00  0.00
  149                     1.00   1.00  0.00  0.00  0.00  0.00  0.00  0.00  0.00  0.00
  151                     1.00   1.00  0.00  0.00  0.00  0.00  0.00  0.00  0.00  0.00
  148                     1.00   1.00  0.00  0.00  0.00  0.00  0.00  0.00  0.00  0.00
  146                     1.00   1.00  0.00  0.00  0.00  0.00  0.00  0.00  0.00  0.00
  145                     1.00   1.00  0.00  0.00  0.00  0.00  0.00  0.00  0.00  0.00
  150                     1.00   1.00  0.00  0.00  0.00  0.00  0.00  0.00  0.00  0.00
  144                     1.00   1.00  0.00  0.00  0.00  0.00  0.00  0.00  0.00  0.00
  156                     1.00   1.00  0.00  0.00  0.00  0.00  0.00  0.00  0.00  0.00
  173                     1.00   1.00  0.00  0.00  0.00  0.00  0.00  0.00  0.00  0.00
  163                     1.00   1.00  0.00  0.00  0.00  0.00  0.00  0.00  0.00  0.00
  162                     1.00   1.00  0.00  0.00  0.00  0.00  0.00  0.00  0.00  0.00
  169                     1.00   1.00  0.00  0.00  0.00  0.00  0.00  0.00  0.00  0.00
  170                     1.00   1.00  0.00  0.00  0.00  0.00  0.00  0.00  0.00  0.00
  171                     1.00   1.00  0.00  0.00  0.00  0.00  0.00  0.00  0.00  0.00
  178                     1.00   1.00  0.00  0.00  0.00  0.00  0.00  0.00  0.00  0.00
  177                     1.00   1.00  0.00  0.00  0.00  0.00  0.00  0.00  0.00  0.00
  176                     1.00   1.00  0.00  0.00  0.00  0.00  0.00  0.00  0.00  0.00
  180                     1.00   1.00  0.00  0.00  0.00  0.00  0.00  0.00  0.00  0.00
  184                     1.00   1.00  0.00  0.00  0.00  0.00  0.00  0.00  0.00  0.00
  175                     1.00   1.00  0.00  0.00  0.00  0.00  0.00  0.00  0.00  0.00
  183                     1.00   1.00  0.00  0.00  0.00  0.00  0.00  0.00  0.00  0.00
  179                     1.00   1.00  0.00  0.00  0.00  0.00  0.00  0.00  0.00  0.00
  269                     1.00   1.00  0.00  0.00  0.00  0.00  0.00  0.00  0.00  0.00
  268                     1.00   1.00  0.00  0.00  0.00  0.00  0.00  0.00  0.00  0.00
  236                     1.00   1.00  0.00  0.00  0.00  0.00  0.00  0.00  0.00  0.00
  238                     1.00   1.00  0.00  0.00  0.00  0.00  0.00  0.00  0.00  0.00
  245                     1.00   1.00  0.00  0.00  0.00  0.00  0.00  0.00  0.00  0.00
  114                     1.00   1.00  0.00  0.00  0.00  0.00  0.00  0.00  0.00  0.00
  112                     1.00   1.00  0.00  0.00  0.00  0.00  0.00  0.00  0.00  0.00
  125                     1.00   1.00  0.00  0.00  0.00  0.00  0.00  0.00  0.00  0.00
  174                     1.00   1.00  0.00  0.00  0.00  0.00  0.00  0.00  0.00  0.00
  167                     1.00   1.00  0.00  0.00  0.00  0.00  0.00  0.00  0.00  0.00
  166                     1.00   1.00  0.00  0.00  0.00  0.00  0.00  0.00  0.00  0.00
  122                     1.00   1.00  0.00  0.00  0.00  0.00  0.00  0.00  0.00  0.00
  131                     1.00   1.00  0.00  0.00  0.00  0.00  0.00  0.00  0.00  0.00
  154                     1.00   1.00  0.00  0.00  0.00  0.00  0.00  0.00  0.00  0.00
  123                     1.00   1.00  0.00  0.00  0.00  0.00  0.00  0.00  0.00  0.00
  126                     1.00   1.00  0.00  0.00  0.00  0.00  0.00  0.00  0.00  0.00
  130                     1.00   1.00  0.00  0.00  0.00  0.00  0.00  0.00  0.00  0.00
  127                     1.00   1.00  0.00  0.00  0.00  0.00  0.00  0.00  0.00  0.00
  115                     1.00   1.00  0.00  0.00  0.00  0.00  0.00  0.00  0.00  0.00
  118                     1.00   1.00  0.00  0.00  0.00  0.00  0.00  0.00  0.00  0.00
  119                     1.00   1.00  0.00  0.00  0.00  0.00  0.00  0.00  0.00  0.00
  136                     1.00   1.00  0.00  0.00  0.00  0.00  0.00  0.00  0.00  0.00
  133                     1.00   1.00  0.00  0.00  0.00  0.00  0.00  0.00  0.00  0.00
  132                     1.00   1.00  0.00  0.00  0.00  0.00  0.00  0.00  0.00  0.00
  140                     1.00   1.00  0.00  0.00  0.00  0.00  0.00  0.00  0.00  0.00
  142                     1.00   1.00  0.00  0.00  0.00  0.00  0.00  0.00  0.00  0.00
  108                     1.00   1.00  0.00  0.00  0.00  0.00  0.00  0.00  0.00  0.00
  105                     1.00   1.00  0.00  0.00  0.00  0.00  0.00  0.00  0.00  0.00
  107                     1.00   1.00  0.00  0.00  0.00  0.00  0.00  0.00  0.00  0.00
  158                     1.00   1.00  0.00  0.00  0.00  0.00  0.00  0.00  0.00  0.00
  160                     1.00   1.00  0.00  0.00  0.00  0.00  0.00  0.00  0.00  0.00
  147                     1.00   1.00  0.00  0.00  0.00  0.00  0.00  0.00  0.00  0.00
  152                     1.00   1.00  0.00  0.00  0.00  0.00  0.00  0.00  0.00  0.00
  182                     1.00   1.00  0.00  0.00  0.00  0.00  0.00  0.00  0.00  0.00
  193                     1.00   1.00  0.00  0.00  0.00  0.00  0.00  0.00  0.00  0.00
  235                     1.00   1.00  0.00  0.00  0.00  0.00  0.00  0.00  0.00  0.00
  247                     1.00   1.00  0.00  0.00  0.00  0.00  0.00  0.00  0.00  0.00
  257                     1.00   1.00  0.00  0.00  0.00  0.00  0.00  0.00  0.00  0.00
  254                     1.00   1.00  0.00  0.00  0.00  0.00  0.00  0.00  0.00  0.00
  255                     1.00   1.00  0.00  0.00  0.00  0.00  0.00  0.00  0.00  0.00
  195                     1.00   1.00  0.00  0.00  0.00  0.00  0.00  0.00  0.00  0.00
  201                     1.00   1.00  0.00  0.00  0.00  0.00  0.00  0.00  0.00  0.00
  200                     1.00   1.00  0.00  0.00  0.00  0.00  0.00  0.00  0.00  0.00
  198                     1.00   1.00  0.00  0.00  0.00  0.00  0.00  0.00  0.00  0.00
  207                     1.00   1.00  0.00  0.00  0.00  0.00  0.00  0.00  0.00  0.00
  208                     1.00   1.00  0.00  0.00  0.00  0.00  0.00  0.00  0.00  0.00
  204                     1.00   1.00  0.00  0.00  0.00  0.00  0.00  0.00  0.00  0.00
  203                     1.00   1.00  0.00  0.00  0.00  0.00  0.00  0.00  0.00  0.00
  205                     1.00   1.00  0.00  0.00  0.00  0.00  0.00  0.00  0.00  0.00
  206                     1.00   1.00  0.00  0.00  0.00  0.00  0.00  0.00  0.00  0.00
  210                     1.00   1.00  0.00  0.00  0.00  0.00  0.00  0.00  0.00  0.00
  211                     1.00   1.00  0.00  0.00  0.00  0.00  0.00  0.00  0.00  0.00
  213                     1.00   1.00  0.00  0.00  0.00  0.00  0.00  0.00  0.00  0.00
  209                     1.00   1.00  0.00  0.00  0.00  0.00  0.00  0.00  0.00  0.00
  1                       1.00   1.00  0.00  0.00  0.00  0.00  0.00  0.00  0.00  0.00
  199                     1.00   1.00  0.00  0.00  0.00  0.00  0.00  0.00  0.00  0.00
  218                     1.00   1.00  0.00  0.00  0.00  0.00  0.00  0.00  0.00  0.00
  217                     1.00   1.00  0.00  0.00  0.00  0.00  0.00  0.00  0.00  0.00
  12                      1.00   1.00  0.00  0.00  0.00  0.00  0.00  0.00  0.00  0.00
  270                     1.00   1.00  0.00  0.00  0.00  0.00  0.00  0.00  0.00  0.00
  267                     1.00   1.00  0.00  0.00  0.00  0.00  0.00  0.00  0.00  0.00
  265                     1.00   1.00  0.00  0.00  0.00  0.00  0.00  0.00  0.00  0.00
  262                     1.00   1.00  0.00  0.00  0.00  0.00  0.00  0.00  0.00  0.00
  263                     1.00   1.00  0.00  0.00  0.00  0.00  0.00  0.00  0.00  0.00
  266                     1.00   1.00  0.00  0.00  0.00  0.00  0.00  0.00  0.00  0.00
  259                     1.00   1.00  0.00  0.00  0.00  0.00  0.00  0.00  0.00  0.00
  227                     1.00   1.00  0.00  0.00  0.00  0.00  0.00  0.00  0.00  0.00
  228                     1.00   1.00  0.00  0.00  0.00  0.00  0.00  0.00  0.00  0.00
  229                     1.00   1.00  0.00  0.00  0.00  0.00  0.00  0.00  0.00  0.00
  226                     1.00   1.00  0.00  0.00  0.00  0.00  0.00  0.00  0.00  0.00
  230                     1.00   1.00  0.00  0.00  0.00  0.00  0.00  0.00  0.00  0.00
  260                     1.00   1.00  0.00  0.00  0.00  0.00  0.00  0.00  0.00  0.00
  221                     1.00   1.00  0.00  0.00  0.00  0.00  0.00  0.00  0.00  0.00
  223                     1.00   1.00  0.00  0.00  0.00  0.00  0.00  0.00  0.00  0.00
  224                     1.00   1.00  0.00  0.00  0.00  0.00  0.00  0.00  0.00  0.00
  225                     1.00   1.00  0.00  0.00  0.00  0.00  0.00  0.00  0.00  0.00
  234                     1.00   1.00  0.00  0.00  0.00  0.00  0.00  0.00  0.00  0.00
  233                     1.00   1.00  0.00  0.00  0.00  0.00  0.00  0.00  0.00  0.00
  231                     1.00   1.00  0.00  0.00  0.00  0.00  0.00  0.00  0.00  0.00
  232                     1.00   1.00  0.00  0.00  0.00  0.00  0.00  0.00  0.00  0.00
  137                     1.00   1.00  0.00  0.00  0.00  0.00  0.00  0.00  0.00  0.00
  214                     1.00   1.00  0.00  0.00  0.00  0.00  0.00  0.00  0.00  0.00
  216                     1.00   1.00  0.00  0.00  0.00  0.00  0.00  0.00  0.00  0.00
  215                     1.00   1.00  0.00  0.00  0.00  0.00  0.00  0.00  0.00  0.00
  138                     1.00   1.00  0.00  0.00  0.00  0.00  0.00  0.00  0.00  0.00
  
  
  *************************
  Conduit Surcharge Summary
  *************************
  
  No conduits were surcharged.
  
  
  ***************
  Pumping Summary
  ***************
  
  ---------------------------------------------------------------------------------------------------------
                                                  Min       Avg       Max     Total     Power    % Time Off
                        Percent   Number of      Flow      Flow      Flow    Volume     Usage    Pump Curve
  Pump                 Utilized   Start-Ups       CMS       CMS       CMS  10^6 ltr     Kw-hr    Low   High
  ---------------------------------------------------------------------------------------------------------
  887.1                    0.00           0      0.00      0.00      0.00     0.000      0.00    0.0    0.0
  

  Analysis begun on:  Sun Jul 19 15:19:29 2026
  Analysis ended on:  Sun Jul 19 15:19:29 2026
  Total elapsed time: < 1 sec