
  EPA STORM WATER MANAGEMENT MODEL - VERSION 5.2 (Build 5.2.4)
  ------------------------------------------------------------

  Converted from XPSWMM .xp file 
  WARNING 04: minimum elevation drop used for Conduit 216
  
  ****************
  Analysis Options
  ****************
  Flow Units ............... CFS
  Process Models:
    Rainfall/Runoff ........ NO
    RDII ................... NO
    Snowmelt ............... NO
    Groundwater ............ NO
    Flow Routing ........... YES
    Ponding Allowed ........ NO
    Water Quality .......... NO
  Flow Routing Method ...... DYNWAVE
  Surcharge Method ......... EXTRAN
  Starting Date ............ 01/01/2001 00:00:00
  Ending Date .............. 01/02/2001 00:00:00
  Antecedent Dry Days ...... 0.0
  Report Time Step ......... 00:15:00
  Routing Time Step ........ 60.00 sec
  Variable Time Step ....... YES
  Maximum Trials ........... 8
  Number of Threads ........ 1
  Head Tolerance ........... 0.005000 ft
  
  
  **************************        Volume        Volume
  Flow Routing Continuity        acre-feet      10^6 gal
  **************************     ---------     ---------
  Dry Weather Inflow .......         0.000         0.000
  Wet Weather Inflow .......         0.000         0.000
  Groundwater Inflow .......         0.000         0.000
  RDII Inflow ..............         0.000         0.000
  External Inflow ..........         1.983         0.646
  External Outflow .........         0.000         0.000
  Flooding Loss ............         1.935         0.631
  Evaporation Loss .........         0.000         0.000
  Exfiltration Loss ........         0.000         0.000
  Initial Stored Volume ....         0.000         0.000
  Final Stored Volume ......         0.051         0.017
  Continuity Error (%) .....        -0.152
  
  
  *************************
  Highest Continuity Errors
  *************************
  Node Node0 (2.42%)
  
  
  ***************************
  Time-Step Critical Elements
  ***************************
  None
  
  
  ********************************
  Highest Flow Instability Indexes
  ********************************
  All links are stable.
  
  
  *********************************
  Most Frequent Nonconverging Nodes
  *********************************
  Convergence obtained at all time steps.
  
  
  *************************
  Routing Time Step Summary
  *************************
  Minimum Time Step           :    24.63 sec
  Average Time Step           :    59.92 sec
  Maximum Time Step           :    60.00 sec
  % of Time in Steady State   :     0.00
  Average Iterations per Step :     2.00
  % of Steps Not Converging   :     0.00
  Time Step Frequencies       :
     60.000 - 23.031 sec      :   100.00 %
     23.031 -  8.841 sec      :     0.00 %
      8.841 -  3.393 sec      :     0.00 %
      3.393 -  1.303 sec      :     0.00 %
      1.303 -  0.500 sec      :     0.00 %
  
  
  ******************
  Node Depth Summary
  ******************
  
  ---------------------------------------------------------------------------------
                                 Average  Maximum  Maximum  Time of Max    Reported
                                   Depth    Depth      HGL   Occurrence   Max Depth
  Node                 Type         Feet     Feet     Feet  days hr:min        Feet
  ---------------------------------------------------------------------------------
  Node0                JUNCTION     0.99     1.00     8.18     0  00:35        1.00
  Node1                JUNCTION     0.00     0.00    80.14     0  00:00        0.00
  Node2                JUNCTION     0.00     0.00    80.36     0  00:00        0.00
  Node3                JUNCTION     0.00     0.00    80.11     0  00:00        0.00
  Node4                JUNCTION     0.00     0.00    81.61     0  00:00        0.00
  Node5                JUNCTION     0.00     0.00    81.00     0  00:00        0.00
  Node6                JUNCTION     0.00     0.00    80.68     0  00:00        0.00
  Node7                JUNCTION     0.00     0.00    80.31     0  00:00        0.00
  Node8                JUNCTION     0.00     0.00    80.24     0  00:00        0.00
  Node9                JUNCTION     0.00     0.00    80.62     0  00:00        0.00
  Node10               JUNCTION     0.00     0.00    80.02     0  00:00        0.00
  Node11               JUNCTION     0.00     0.00    80.22     0  00:00        0.00
  Node12               JUNCTION     0.00     0.00    81.71     0  00:00        0.00
  Node13               JUNCTION     0.00     0.00    82.48     0  00:00        0.00
  Node14               JUNCTION     0.00     0.00    79.74     0  00:00        0.00
  Node15               JUNCTION     0.00     0.00    81.76     0  00:00        0.00
  Node16               JUNCTION     0.00     0.00    81.76     0  00:00        0.00
  Node17               JUNCTION     0.00     0.00    81.37     0  00:00        0.00
  Node18               JUNCTION     0.00     0.00    80.52     0  00:00        0.00
  Node19               JUNCTION     0.00     0.00    76.62     0  00:00        0.00
  Node20               JUNCTION     0.00     0.00    72.73     0  00:00        0.00
  Node21               JUNCTION     0.00     0.00    73.37     0  00:00        0.00
  Node22               JUNCTION     0.00     0.00    72.81     0  00:00        0.00
  Node23               JUNCTION     0.00     0.00    69.97     0  00:00        0.00
  Node24               JUNCTION     0.00     0.00    66.64     0  00:00        0.00
  Node25               JUNCTION     0.00     0.00    66.98     0  00:00        0.00
  Node26               JUNCTION     0.00     0.00    66.85     0  00:00        0.00
  Node27               JUNCTION     0.00     0.00    66.45     0  00:00        0.00
  Node28               JUNCTION     0.00     0.00    65.00     0  00:00        0.00
  Node29               JUNCTION     0.00     0.00    64.41     0  00:00        0.00
  Node30               JUNCTION     0.00     0.00    65.65     0  00:00        0.00
  Node31               OUTFALL      0.00     0.00    61.00     0  00:00        0.00
  
  
  *******************
  Node Inflow Summary
  *******************
  
  -------------------------------------------------------------------------------------------------
                                  Maximum  Maximum                  Lateral       Total        Flow
                                  Lateral    Total  Time of Max      Inflow      Inflow     Balance
                                   Inflow   Inflow   Occurrence      Volume      Volume       Error
  Node                 Type           CFS      CFS  days hr:min    10^6 gal    10^6 gal     Percent
  -------------------------------------------------------------------------------------------------
  Node0                JUNCTION      1.00     1.00     0  00:00       0.646       0.646       2.485
  Node1                JUNCTION      0.00     0.00     0  00:00           0           0       0.000 gal
  Node2                JUNCTION      0.00     0.00     0  00:00           0           0       0.000 gal
  Node3                JUNCTION      0.00     0.00     0  00:00           0           0       0.000 gal
  Node4                JUNCTION      0.00     0.00     0  00:00           0           0       0.000 gal
  Node5                JUNCTION      0.00     0.00     0  00:00           0           0       0.000 gal
  Node6                JUNCTION      0.00     0.00     0  00:00           0           0       0.000 gal
  Node7                JUNCTION      0.00     0.00     0  00:00           0           0       0.000 gal
  Node8                JUNCTION      0.00     0.00     0  00:00           0           0       0.000 gal
  Node9                JUNCTION      0.00     0.00     0  00:00           0           0       0.000 gal
  Node10               JUNCTION      0.00     0.00     0  00:00           0           0       0.000 gal
  Node11               JUNCTION      0.00     0.00     0  00:00           0           0       0.000 gal
  Node12               JUNCTION      0.00     0.00     0  00:00           0           0       0.000 gal
  Node13               JUNCTION      0.00     0.00     0  00:00           0           0       0.000 gal
  Node14               JUNCTION      0.00     0.00     0  00:00           0           0       0.000 gal
  Node15               JUNCTION      0.00     0.00     0  00:00           0           0       0.000 gal
  Node16               JUNCTION      0.00     0.00     0  00:00           0           0       0.000 gal
  Node17               JUNCTION      0.00     0.00     0  00:00           0           0       0.000 gal
  Node18               JUNCTION      0.00     0.00     0  00:00           0           0       0.000 gal
  Node19               JUNCTION      0.00     0.00     0  00:00           0           0       0.000 gal
  Node20               JUNCTION      0.00     0.00     0  00:00           0           0       0.000 gal
  Node21               JUNCTION      0.00     0.00     0  00:00           0           0       0.000 gal
  Node22               JUNCTION      0.00     0.00     0  00:00           0           0       0.000 gal
  Node23               JUNCTION      0.00     0.00     0  00:00           0           0       0.000 gal
  Node24               JUNCTION      0.00     0.00     0  00:00           0           0       0.000 gal
  Node25               JUNCTION      0.00     0.00     0  00:00           0           0       0.000 gal
  Node26               JUNCTION      0.00     0.00     0  00:00           0           0       0.000 gal
  Node27               JUNCTION      0.00     0.00     0  00:00           0           0       0.000 gal
  Node28               JUNCTION      0.00     0.00     0  00:00           0           0       0.000 gal
  Node29               JUNCTION      0.00     0.00     0  00:00           0           0       0.000 gal
  Node30               JUNCTION      0.00     0.00     0  00:00           0           0       0.000 gal
  Node31               OUTFALL       0.00     0.00     0  00:00           0           0       0.000 gal
  
  
  **********************
  Node Surcharge Summary
  **********************
  
  Surcharging occurs when water rises above the top of the highest conduit.
  ---------------------------------------------------------------------
                                               Max. Height   Min. Depth
                                   Hours       Above Crown    Below Rim
  Node                 Type      Surcharged           Feet         Feet
  ---------------------------------------------------------------------
  Node0                JUNCTION       23.43          0.000        0.000
  
  
  *********************
  Node Flooding Summary
  *********************
  
  Flooding refers to all water that overflows a node, whether it ponds or not.
  --------------------------------------------------------------------------
                                                             Total   Maximum
                                 Maximum   Time of Max       Flood    Ponded
                        Hours       Rate    Occurrence      Volume     Depth
  Node                 Flooded       CFS   days hr:min    10^6 gal      Feet
  --------------------------------------------------------------------------
  Node0                  23.43      1.00      0  00:35       0.631     0.000
  
  
  ***********************
  Outfall Loading Summary
  ***********************
  
  -----------------------------------------------------------
                         Flow       Avg       Max       Total
                         Freq      Flow      Flow      Volume
  Outfall Node           Pcnt       CFS       CFS    10^6 gal
  -----------------------------------------------------------
  Node31                 0.00      0.00      0.00       0.000
  -----------------------------------------------------------
  System                 0.00      0.00      0.00       0.000
  
  
  ********************
  Link Flow Summary
  ********************
  
  -----------------------------------------------------------------------------
                                 Maximum  Time of Max   Maximum    Max/    Max/
                                  |Flow|   Occurrence   |Veloc|    Full    Full
  Link                 Type          CFS  days hr:min    ft/sec    Flow   Depth
  -----------------------------------------------------------------------------
  201                  CONDUIT      0.00     0  00:00      0.00    0.00    0.50
  202                  CONDUIT      0.00     0  00:00      0.00    0.00    0.00
  203                  CONDUIT      0.00     0  00:00      0.00    0.00    0.00
  204                  CONDUIT      0.00     0  00:00      0.00    0.00    0.00
  205                  CONDUIT      0.00     0  00:00      0.00    0.00    0.00
  206                  CONDUIT      0.00     0  00:00      0.00    0.00    0.00
  207                  CONDUIT      0.00     0  00:00      0.00    0.00    0.00
  208                  CONDUIT      0.00     0  00:00      0.00    0.00    0.00
  209                  CONDUIT      0.00     0  00:00      0.00    0.00    0.00
  210                  CONDUIT      0.00     0  00:00      0.00    0.00    0.00
  211                  CONDUIT      0.00     0  00:00      0.00    0.00    0.00
  212                  CONDUIT      0.00     0  00:00      0.00    0.00    0.00
  213                  CONDUIT      0.00     0  00:00      0.00    0.00    0.00
  214                  CONDUIT      0.00     0  00:00      0.00    0.00    0.00
  215                  CONDUIT      0.00     0  00:00      0.00    0.00    0.00
  216                  CONDUIT      0.00     0  00:00      0.00    0.00    0.00
  217                  CONDUIT      0.00     0  00:00      0.00    0.00    0.00
  218                  CONDUIT      0.00     0  00:00      0.00    0.00    0.00
  219                  CONDUIT      0.00     0  00:00      0.00    0.00    0.00
  220                  CONDUIT      0.00     0  00:00      0.00    0.00    0.00
  221                  CONDUIT      0.00     0  00:00      0.00    0.00    0.00
  222                  CONDUIT      0.00     0  00:00      0.00    0.00    0.00
  223                  CONDUIT      0.00     0  00:00      0.00    0.00    0.00
  224                  CONDUIT      0.00     0  00:00      0.00    0.00    0.00
  225                  CONDUIT      0.00     0  00:00      0.00    0.00    0.00
  226                  CONDUIT      0.00     0  00:00      0.00    0.00    0.00
  227                  CONDUIT      0.00     0  00:00      0.00    0.00    0.00
  228                  CONDUIT      0.00     0  00:00      0.00    0.00    0.00
  229                  CONDUIT      0.00     0  00:00      0.00    0.00    0.00
  230                  CONDUIT      0.00     0  00:00      0.00    0.00    0.00
  231                  CONDUIT      0.00     0  00:00      0.00    0.00    0.00
  
  
  ***************************
  Flow Classification Summary
  ***************************
  
  -------------------------------------------------------------------------------------
                      Adjusted    ---------- Fraction of Time in Flow Class ---------- 
                       /Actual         Up    Down  Sub   Sup   Up    Down  Norm  Inlet 
  Conduit               Length    Dry  Dry   Dry   Crit  Crit  Crit  Crit  Ltd   Ctrl  
  -------------------------------------------------------------------------------------
  201                     1.00   0.00  1.00  0.00  0.00  0.00  0.00  0.00  0.00  0.00
  202                     1.00   1.00  0.00  0.00  0.00  0.00  0.00  0.00  0.00  0.00
  203                     1.00   1.00  0.00  0.00  0.00  0.00  0.00  0.00  0.00  0.00
  204                     1.00   1.00  0.00  0.00  0.00  0.00  0.00  0.00  0.00  0.00
  205                     1.00   1.00  0.00  0.00  0.00  0.00  0.00  0.00  0.00  0.00
  206                     1.00   1.00  0.00  0.00  0.00  0.00  0.00  0.00  0.00  0.00
  207                     1.00   1.00  0.00  0.00  0.00  0.00  0.00  0.00  0.00  0.00
  208                     1.00   1.00  0.00  0.00  0.00  0.00  0.00  0.00  0.00  0.00
  209                     1.00   1.00  0.00  0.00  0.00  0.00  0.00  0.00  0.00  0.00
  210                     1.00   1.00  0.00  0.00  0.00  0.00  0.00  0.00  0.00  0.00
  211                     1.00   1.00  0.00  0.00  0.00  0.00  0.00  0.00  0.00  0.00
  212                     1.00   1.00  0.00  0.00  0.00  0.00  0.00  0.00  0.00  0.00
  213                     1.00   1.00  0.00  0.00  0.00  0.00  0.00  0.00  0.00  0.00
  214                     1.00   1.00  0.00  0.00  0.00  0.00  0.00  0.00  0.00  0.00
  215                     1.00   1.00  0.00  0.00  0.00  0.00  0.00  0.00  0.00  0.00
  216                     1.00   1.00  0.00  0.00  0.00  0.00  0.00  0.00  0.00  0.00
  217                     1.00   1.00  0.00  0.00  0.00  0.00  0.00  0.00  0.00  0.00
  218                     1.00   1.00  0.00  0.00  0.00  0.00  0.00  0.00  0.00  0.00
  219                     1.00   1.00  0.00  0.00  0.00  0.00  0.00  0.00  0.00  0.00
  220                     1.00   1.00  0.00  0.00  0.00  0.00  0.00  0.00  0.00  0.00
  221                     1.00   1.00  0.00  0.00  0.00  0.00  0.00  0.00  0.00  0.00
  222                     1.00   1.00  0.00  0.00  0.00  0.00  0.00  0.00  0.00  0.00
  223                     1.00   1.00  0.00  0.00  0.00  0.00  0.00  0.00  0.00  0.00
  224                     1.00   1.00  0.00  0.00  0.00  0.00  0.00  0.00  0.00  0.00
  225                     1.00   1.00  0.00  0.00  0.00  0.00  0.00  0.00  0.00  0.00
  226                     1.00   1.00  0.00  0.00  0.00  0.00  0.00  0.00  0.00  0.00
  227                     1.00   1.00  0.00  0.00  0.00  0.00  0.00  0.00  0.00  0.00
  228                     1.00   1.00  0.00  0.00  0.00  0.00  0.00  0.00  0.00  0.00
  229                     1.00   1.00  0.00  0.00  0.00  0.00  0.00  0.00  0.00  0.00
  230                     1.00   1.00  0.00  0.00  0.00  0.00  0.00  0.00  0.00  0.00
  231                     1.00   1.00  0.00  0.00  0.00  0.00  0.00  0.00  0.00  0.00
  
  
  *************************
  Conduit Surcharge Summary
  *************************
  
  No conduits were surcharged.
  

  Analysis begun on:  Wed Jul 22 13:50:51 2026
  Analysis ended on:  Wed Jul 22 13:50:51 2026
  Total elapsed time: < 1 sec