
  EPA STORM WATER MANAGEMENT MODEL - VERSION 5.2 (Build 5.2.4)
  ------------------------------------------------------------

  Converted from XPSWMM .xp file 
  WARNING 08: elevation drop exceeds length for Conduit Hwy68culv
  WARNING 08: elevation drop exceeds length for Conduit CoRd15BC
  WARNING 04: minimum elevation drop used for Conduit 633
  WARNING 04: minimum elevation drop used for Conduit 636
  WARNING 04: minimum elevation drop used for Conduit BassLk
  WARNING 04: minimum elevation drop used for Conduit 645
  WARNING 08: elevation drop exceeds length for Conduit Hwy96Culv
  WARNING 04: minimum elevation drop used for Conduit WoodplOver
  WARNING 04: minimum elevation drop used for Conduit 671
  WARNING 04: minimum elevation drop used for Conduit 692
  WARNING 04: minimum elevation drop used for Conduit LL-UBC-A4
  WARNING 04: minimum elevation drop used for Conduit July
  WARNING 04: minimum elevation drop used for Conduit 740
  WARNING 04: minimum elevation drop used for Conduit 742
  WARNING 04: minimum elevation drop used for Conduit 743
  WARNING 04: minimum elevation drop used for Conduit 744
  WARNING 08: elevation drop exceeds length for Conduit GSL-1ovflw
  WARNING 04: minimum elevation drop used for Conduit LynchLkOvf
  WARNING 08: elevation drop exceeds length for Conduit GateC1
  WARNING 08: elevation drop exceeds length for Conduit cattlepass
  WARNING 08: elevation drop exceeds length for Conduit Bout#1llc2
  WARNING 08: elevation drop exceeds length for Conduit MannCulv
  WARNING 08: elevation drop exceeds length for Conduit Fish_Weir
  WARNING 08: elevation drop exceeds length for Conduit Fish_Weir2
  WARNING 04: minimum elevation drop used for Conduit 816
  WARNING 10: crest elevation raised to downstream invert for regulator Link plaisc
  
  ****************
  Analysis Options
  ****************
  Flow Units ............... CFS
  Process Models:
    Rainfall/Runoff ........ NO
    RDII ................... NO
    Snowmelt ............... NO
    Groundwater ............ NO
    Flow Routing ........... YES
    Ponding Allowed ........ NO
    Water Quality .......... NO
  Flow Routing Method ...... DYNWAVE
  Surcharge Method ......... EXTRAN
  Starting Date ............ 01/01/2001 00:00:00
  Ending Date .............. 01/02/2001 00:00:00
  Antecedent Dry Days ...... 0.0
  Report Time Step ......... 00:15:00
  Routing Time Step ........ 60.00 sec
  Variable Time Step ....... YES
  Maximum Trials ........... 50
  Number of Threads ........ 1
  Head Tolerance ........... 0.003300 ft
  
  
  **************************        Volume        Volume
  Flow Routing Continuity        acre-feet      10^6 gal
  **************************     ---------     ---------
  Dry Weather Inflow .......         0.000         0.000
  Wet Weather Inflow .......         0.000         0.000
  Groundwater Inflow .......         0.000         0.000
  RDII Inflow ..............         0.000         0.000
  External Inflow ..........        14.875         4.847
  External Outflow .........         0.000         0.000
  Flooding Loss ............        25.267         8.234
  Evaporation Loss .........         0.000         0.000
  Exfiltration Loss ........         0.000         0.000
  Initial Stored Volume ....         3.702         1.206
  Final Stored Volume ......        18.765         6.115
  Continuity Error (%) .....      -137.018
  
  
  *************************
  Highest Continuity Errors
  *************************
  Node LBC-A5 (-221.55%)
  Node LBC-A3 (70.18%)
  Node LBC-A4 (-24.06%)
  Node GSL1ovflw (3.09%)
  Node KPL-A5 (-1.14%)
  
  
  ***************************
  Time-Step Critical Elements
  ***************************
  Link 671 (11.87%)
  Link July (11.02%)
  Link 816 (8.21%)
  Link WoodplOver (7.40%)
  Link LL-UBC-A4 (5.06%)
  
  
  ********************************
  Highest Flow Instability Indexes
  ********************************
  Link plaisc (113)
  Link 671 (71)
  Link WoodplOver (70)
  Link 692 (67)
  Link 645 (56)
  
  
  *********************************
  Most Frequent Nonconverging Nodes
  *********************************
  Node CBC-A3 (74.34%)
  Node dovf (70.51%)
  Node LBC-A3 (46.68%)
  Node GSL-A5 (3.62%)
  Node UBC-A4 (3.36%)
  
  
  *************************
  Routing Time Step Summary
  *************************
  Minimum Time Step           :     1.03 sec
  Average Time Step           :    36.77 sec
  Maximum Time Step           :    60.00 sec
  % of Time in Steady State   :     0.00
  Average Iterations per Step :    38.59
  % of Steps Not Converging   :    74.34
  Time Step Frequencies       :
     60.000 - 23.031 sec      :    52.66 %
     23.031 -  8.841 sec      :    36.44 %
      8.841 -  3.393 sec      :    10.34 %
      3.393 -  1.303 sec      :     0.51 %
      1.303 -  0.500 sec      :     0.04 %
  
  
  ******************
  Node Depth Summary
  ******************
  
  ---------------------------------------------------------------------------------
                                 Average  Maximum  Maximum  Time of Max    Reported
                                   Depth    Depth      HGL   Occurrence   Max Depth
  Node                 Type         Feet     Feet     Feet  days hr:min        Feet
  ---------------------------------------------------------------------------------
  UBC-A4               JUNCTION     0.84     1.00  1001.00     0  00:00        1.00
  UBC-A8               JUNCTION     0.84     1.00  1001.00     0  00:00        1.00
  CBC-A4               JUNCTION     0.99     1.00  1001.00     0  00:08        1.00
  CBC-A2               JUNCTION     0.99     1.00  1001.00     0  00:08        1.00
  SLB-A2/3             JUNCTION     0.82     1.00  1001.00     0  00:00        1.00
  LL-A1                JUNCTION     0.81     1.00  1001.00     0  00:00        1.00
  LBC-A2               JUNCTION     0.00     0.00  1000.00     0  00:00        0.00
  LBC-A3               JUNCTION     2.58     4.30  1004.30     0  00:24        4.28
  LBC-A4               JUNCTION   682.62   738.93  1738.93     0  01:14      738.85
  LBC-A1               JUNCTION     1.00     1.00  1001.00     0  00:00        1.00
  LBC-A5               JUNCTION   591.37   696.89  1696.89     0  01:16      690.89
  BoundCond            JUNCTION   591.76   689.80  1689.80     0  01:14      689.80
  Culv@12              JUNCTION     0.00     0.00  1000.00     0  00:00        0.00
  CR7-top              JUNCTION     0.00     0.00   976.50     0  00:00        0.00
  Mann-25B             JUNCTION     0.00     0.00   966.74     0  00:00        0.00
  MannRdtopA           JUNCTION     0.00     0.00   965.77     0  00:00        0.00
  Mann5Rdtop           JUNCTION     0.00     0.00   949.70     0  00:00        0.00
  Mann7RdTop           JUNCTION     0.00     0.00   940.87     0  00:00        0.00
  op                   JUNCTION     0.00     0.00   919.08     0  00:00        0.00
  pRd                  JUNCTION     0.00     0.00   893.60     0  00:00        0.00
  Mstrmnculv           JUNCTION     0.00     0.00   953.40     0  00:00        0.00
  Hwy96Rd              JUNCTION     0.00     0.00   901.30     0  00:00        0.00
  w                    JUNCTION     0.00     0.00   897.00     0  00:00        0.00
  Hxw5C2               JUNCTION     0.00     0.00   906.90     0  00:00        0.00
  PatLkDrvwy           JUNCTION     0.00     0.00   950.50     0  00:00        0.00
  GSL1ovflw            JUNCTION     1.00     1.00     1.00     0  00:00        1.00
  dovf                 JUNCTION    33.69    34.00  1001.00     0  00:00       34.00
  SSC2                 JUNCTION     0.00     0.00   971.00     0  00:00        0.00
  SSRdtop              JUNCTION     0.00     0.00   970.80     0  00:00        0.00
  Mann-GSL-6           JUNCTION     0.00     0.00   978.60     0  00:00        0.00
  GSL3ovflw            JUNCTION     0.00     0.00     0.00     0  00:00        0.00
  GateC2               JUNCTION     0.00     0.00   903.97     0  00:00        0.00
  culvert              JUNCTION     0.00     0.00   897.10     0  00:00        0.00
  llw2                 JUNCTION     0.00     0.00   878.00     0  00:00        0.00
  rTop                 JUNCTION     0.00     0.00   908.00     0  00:00        0.00
  vflw                 JUNCTION     0.00     0.00   861.70     0  00:00        0.00
  RR_Oval              JUNCTION     0.00     0.00   857.00     0  00:00        0.00
  f                    JUNCTION     0.00     0.00   856.50     0  00:00        0.00
  Ovf                  JUNCTION     0.00     0.00   849.23     0  00:00        0.00
  CBC-A3               OUTFALL      0.00     0.00  1000.00     0  00:00        0.00
  UBC-A3               STORAGE      0.00     0.00  1000.00     0  00:00        0.00
  UBC-A0               STORAGE      0.94     3.75  1003.75     0  00:02        2.53
  UBC-A1               STORAGE      0.00     0.00  1000.00     0  00:00        0.00
  UBC-A2               STORAGE      0.98     5.40  1005.40     0  00:00        2.89
  UBC-A5               STORAGE      0.00     0.00  1000.00     0  00:00        0.00
  UBC-A6               STORAGE      2.00     2.00  1002.00     0  00:00        2.00
  UBC-A7               STORAGE      4.00     4.00  1004.00     0  00:00        4.00
  UBC-A9               STORAGE     10.00    10.00  1010.00     0  00:00       10.00
  CBC-A6               STORAGE      6.72     6.85  1006.85     0  00:28        6.84
  CBC-A7               STORAGE      1.02     1.06  1001.06     0  00:10        1.03
  KPL-A4               STORAGE     10.00    10.00  1010.00     0  00:00       10.00
  KPL-A5               STORAGE      6.85    10.00  1010.00     0  00:00        6.84
  KPL-A3               STORAGE      6.90     8.74  1008.74     0  00:04        7.55
  KPL-A2               STORAGE      6.90    10.00  1010.00     0  00:00        7.33
  KPL-A1               STORAGE      6.82     6.85  1006.85     0  00:28        6.84
  CBC-A5               STORAGE      0.42     0.42  1000.42     0  00:00        0.42
  CBC-A8               STORAGE      8.69    10.00  1010.00     0  02:19       10.00
  CBC-A1               STORAGE      9.90     9.90  1009.90     0  00:00        9.90
  CBC-A9a              STORAGE      0.00     0.00   901.40     0  00:00        0.00
  SCT-A4               STORAGE      0.00     0.00  1000.00     0  00:00        0.00
  SCT-A2               STORAGE      0.00     0.00  1000.00     0  00:00        0.00
  SCT-A3               STORAGE      0.00     0.00  1000.00     0  00:00        0.00
  SCT-A1a              STORAGE      0.80     1.03  1001.03     0  00:11        0.99
  SLB-A1               STORAGE      1.04    10.00  1010.00     0  00:00        3.06
  SCT-A1b              STORAGE      0.00     0.00  1000.00     0  00:00        0.00
  LL-A5                STORAGE      1.00     1.00  1001.00     0  00:00        1.00
  LL-A4                STORAGE      0.98     8.20  1008.20     0  00:00        2.25
  LL-A2                STORAGE      0.00     0.00  1000.00     0  00:00        0.00
  LL-A3                STORAGE      6.70     6.70  1006.70     0  00:00        6.70
  CBC-A0               STORAGE      9.18    10.00  1010.00     0  01:48       10.00
  CBC-A9b              STORAGE      0.00     0.00  1000.00     0  00:00        0.00
  GSL-A1               STORAGE      7.00     7.00  1007.00     0  00:00        7.00
  GSL-A2               STORAGE      0.01     9.94  1009.94     0  00:00        0.00
  GSL-A5               STORAGE      1.04    10.00  1010.00     0  00:00        4.31
  GSL-A7               STORAGE      1.11    10.00  1010.00     0  00:00        4.24
  GSL-A3               STORAGE      2.00     2.00  1002.00     0  00:00        2.00
  GSL-A4               STORAGE      6.33    10.00  1060.00     0  00:00        6.31
  GSL-A6               STORAGE      6.27     6.32  1056.32     0  00:07        6.31
  storage@68           STORAGE      0.00     0.00  1000.00     0  00:00        0.00
  CBC-A9c              STORAGE      1.00     1.00  1001.00     0  00:00        1.00
  
  
  *******************
  Node Inflow Summary
  *******************
  
  -------------------------------------------------------------------------------------------------
                                  Maximum  Maximum                  Lateral       Total        Flow
                                  Lateral    Total  Time of Max      Inflow      Inflow     Balance
                                   Inflow   Inflow   Occurrence      Volume      Volume       Error
  Node                 Type           CFS      CFS  days hr:min    10^6 gal    10^6 gal     Percent
  -------------------------------------------------------------------------------------------------
  UBC-A4               JUNCTION      0.00     5.91     0  00:02           0      0.0672      -1.275
  UBC-A8               JUNCTION      0.00     5.91     0  00:02           0      0.0672      -1.275
  CBC-A4               JUNCTION      0.00     0.72     0  00:11           0       0.386       0.106
  CBC-A2               JUNCTION      0.00     0.72     0  00:11           0       0.386       0.106
  SLB-A2/3             JUNCTION      0.00    10.53     0  00:00           0      0.0816      -0.527
  LL-A1                JUNCTION      0.00     9.40     0  00:00           0      0.0581      -1.211
  LBC-A2               JUNCTION      0.00     0.00     0  00:00           0           0       0.000 gal
  LBC-A3               JUNCTION      1.80     3.12     0  09:00        1.16        1.16     235.349
  LBC-A4               JUNCTION      2.10     2.10     0  00:00        1.36        1.36     -19.391
  LBC-A1               JUNCTION      0.00    12.22     0  18:40           0       0.347      -0.351
  LBC-A5               JUNCTION      0.00   792.17     0  01:14           0        1.68     -68.901
  BoundCond            JUNCTION      0.00  2227.60     0  01:18           0        5.41       0.000
  Culv@12              JUNCTION      0.00     0.00     0  00:00           0           0       0.000 gal
  CR7-top              JUNCTION      0.00     0.00     0  00:00           0           0       0.000 gal
  Mann-25B             JUNCTION      0.00     0.00     0  00:00           0           0       0.000 gal
  MannRdtopA           JUNCTION      0.00     0.00     0  00:00           0           0       0.000 gal
  Mann5Rdtop           JUNCTION      0.00     0.00     0  00:00           0           0       0.000 gal
  Mann7RdTop           JUNCTION      0.00     0.00     0  00:00           0           0       0.000 gal
  op                   JUNCTION      0.00     0.00     0  00:00           0           0       0.000 gal
  pRd                  JUNCTION      0.00     0.00     0  00:00           0           0       0.000 gal
  Mstrmnculv           JUNCTION      0.00     0.00     0  00:00           0           0       0.000 gal
  Hwy96Rd              JUNCTION      0.00     0.00     0  00:00           0           0       0.000 gal
  w                    JUNCTION      0.00     0.00     0  00:00           0           0       0.000 gal
  Hxw5C2               JUNCTION      0.00     0.00     0  00:00           0           0       0.000 gal
  PatLkDrvwy           JUNCTION      0.00     0.00     0  00:00           0           0       0.000 gal
  GSL1ovflw            JUNCTION      0.00   804.35     0  00:00           0      0.0983       3.193
  dovf                 JUNCTION      0.00     8.02     0  00:00           0      0.0837      -0.176
  SSC2                 JUNCTION      0.00     0.00     0  00:00           0           0       0.000 gal
  SSRdtop              JUNCTION      0.00     0.00     0  00:00           0           0       0.000 gal
  Mann-GSL-6           JUNCTION      0.00     0.00     0  00:00           0           0       0.000 gal
  GSL3ovflw            JUNCTION      0.00     0.00     0  00:00           0           0       0.000 gal
  GateC2               JUNCTION      0.00     0.00     0  00:00           0           0       0.000 gal
  culvert              JUNCTION      0.00     0.00     0  00:00           0           0       0.000 gal
  llw2                 JUNCTION      0.00     0.00     0  00:00           0           0       0.000 gal
  rTop                 JUNCTION      0.00     0.00     0  00:00           0           0       0.000 gal
  vflw                 JUNCTION      0.00     0.00     0  00:00           0           0       0.000 gal
  RR_Oval              JUNCTION      0.00     0.00     0  00:00           0           0       0.000 gal
  f                    JUNCTION      0.00     0.00     0  00:00           0           0       0.000 gal
  Ovf                  JUNCTION      0.00     0.00     0  00:00           0           0       0.000 gal
  CBC-A3               OUTFALL       0.00     0.00     0  00:00           0           0       0.000 gal
  UBC-A3               STORAGE       0.00     0.00     0  00:00           0           0       0.000 gal
  UBC-A0               STORAGE       0.00    13.33     0  00:00           0       0.148      -0.196
  UBC-A1               STORAGE       0.00     0.00     0  00:00           0           0       0.000 gal
  UBC-A2               STORAGE       0.00     0.21     0  03:56           0      0.0444      -1.739
  UBC-A5               STORAGE       0.00     0.00     0  00:00           0           0       0.000 gal
  UBC-A6               STORAGE       0.00     0.00     0  00:00           0       0.015       0.000
  UBC-A7               STORAGE       0.00     0.00     0  00:00           0      0.0299       0.000
  UBC-A9               STORAGE       0.00     0.00     0  00:00           0      0.0748       0.000
  CBC-A6               STORAGE       0.00    10.27     0  00:00           0      0.0527       1.473
  CBC-A7               STORAGE       1.20     1.91     0  00:01       0.776       0.779       0.040
  KPL-A4               STORAGE       0.00     0.00     0  00:00           0      0.0748       0.000
  KPL-A5               STORAGE       0.00     5.21     0  00:08           0       0.113      -1.127
  KPL-A3               STORAGE       0.00     4.72     0  00:00           0      0.0666      -0.262
  KPL-A2               STORAGE       0.00     2.08     0  00:08           0       0.092      -0.971
  KPL-A1               STORAGE       0.00     7.46     0  00:00           0      0.0533       0.436
  CBC-A5               STORAGE       0.00     0.00     0  00:00           0     0.00314       0.000
  CBC-A8               STORAGE       1.20     1.20     0  00:00       0.776       0.776       0.010
  CBC-A1               STORAGE       0.00     0.00     0  00:00           0      0.0741       0.000
  CBC-A9a              STORAGE       0.00     0.00     0  00:00           0           0       0.000 gal
  SCT-A4               STORAGE       0.00     0.00     0  00:00           0           0       0.000 gal
  SCT-A2               STORAGE       0.00     0.00     0  00:00           0           0       0.000 gal
  SCT-A3               STORAGE       0.00     0.00     0  00:00           0           0       0.000 gal
  SCT-A1a              STORAGE       0.00     2.54     0  00:01           0      0.0129       2.695
  SLB-A1               STORAGE       0.00     1.17     0  05:49           0      0.0794      -1.533
  SCT-A1b              STORAGE       0.00     0.00     0  00:00           0           0       0.000 gal
  LL-A5                STORAGE       0.00     0.00     0  00:00           0     0.00748       0.000
  LL-A4                STORAGE       0.00     1.07     0  02:13           0      0.0634      -0.957
  LL-A2                STORAGE       0.00     0.00     0  00:00           0           0       0.000 gal
  LL-A3                STORAGE       0.00     0.00     0  00:00           0      0.0501       0.000
  CBC-A0               STORAGE       1.20     1.20     0  00:00       0.776       0.792       0.008
  CBC-A9b              STORAGE       0.00     0.00     0  00:00           0           0       0.000 gal
  GSL-A1               STORAGE       0.00     0.00     0  00:00           0      0.0524       0.000
  GSL-A2               STORAGE       0.00     0.00     0  00:00           0      0.0748     -23.875
  GSL-A5               STORAGE       0.00     1.00     0  08:53           0      0.0892       0.807
  GSL-A7               STORAGE       0.00     0.21     0  03:56           0      0.0788      -1.772
  GSL-A3               STORAGE       0.00     0.00     0  00:00           0       0.015       0.000
  GSL-A4               STORAGE       0.00     0.71     0  00:08           0       0.077      -0.128
  GSL-A6               STORAGE       0.00    14.91     0  00:00           0      0.0494       0.201
  storage@68           STORAGE       0.00     0.00     0  00:00           0           0       0.000 gal
  CBC-A9c              STORAGE       0.00     0.00     0  00:00           0     0.00748       0.000
  
  
  **********************
  Node Surcharge Summary
  **********************
  
  Surcharging occurs when water rises above the top of the highest conduit.
  ---------------------------------------------------------------------
                                               Max. Height   Min. Depth
                                   Hours       Above Crown    Below Rim
  Node                 Type      Surcharged           Feet         Feet
  ---------------------------------------------------------------------
  UBC-A4               JUNCTION        1.03          0.000        0.000
  UBC-A8               JUNCTION        1.03          0.000        0.000
  CBC-A4               JUNCTION       23.86          0.000        0.000
  CBC-A2               JUNCTION       23.86          0.000        0.000
  SLB-A2/3             JUNCTION        0.81          0.000        0.000
  LL-A1                JUNCTION        0.57          0.000        0.000
  LBC-A1               JUNCTION       23.97          0.000        0.000
  BoundCond            JUNCTION       22.77          0.000        0.000
  GSL1ovflw            JUNCTION       24.00          0.000        0.000
  dovf                 JUNCTION        1.88          0.000        0.000
  GSL3ovflw            JUNCTION       24.00          0.000        0.000
  
  
  *********************
  Node Flooding Summary
  *********************
  
  Flooding refers to all water that overflows a node, whether it ponds or not.
  --------------------------------------------------------------------------
                                                             Total   Maximum
                                 Maximum   Time of Max       Flood    Ponded
                        Hours       Rate    Occurrence      Volume     Depth
  Node                 Flooded       CFS   days hr:min    10^6 gal      Feet
  --------------------------------------------------------------------------
  UBC-A4                  1.03      5.91      0  00:02       0.065     0.000
  UBC-A8                  1.03      5.91      0  00:02       0.065     0.000
  CBC-A4                 23.86      0.71      0  00:12       0.385     0.000
  CBC-A2                 23.86      0.71      0  00:12       0.385     0.000
  SLB-A2/3                0.81      8.38      0  00:00       0.065     0.000
  LL-A1                   0.57      9.39      0  00:00       0.056     0.000
  LBC-A1                 23.97      6.18      0  18:40       0.346     0.000
  BoundCond              22.75   2225.60      0  01:18       5.414     0.000
  GSL1ovflw               0.01    532.89      0  00:00       0.098     0.000
  dovf                    1.86      7.79      0  00:00       0.069     0.000
  CBC-A8                 21.69      1.20      0  02:19       0.701     0.000
  CBC-A0                 22.21      1.20      0  01:48       0.718     0.000
  
  
  **********************
  Storage Volume Summary
  **********************
  
  ------------------------------------------------------------------------------------------------
                         Average    Avg   Evap  Exfil     Maximum    Max    Time of Max    Maximum
                          Volume   Pcnt   Pcnt   Pcnt      Volume   Pcnt     Occurrence    Outflow
  Storage Unit          1000 ft³   Full   Loss   Loss    1000 ft³   Full    days hr:min        CFS
  ------------------------------------------------------------------------------------------------
  UBC-A3                   0.000    0.0    0.0    0.0       0.000    0.0       0  00:00       0.00
  UBC-A0                   0.945    9.4    0.0    0.0       3.749   37.5       0  00:02      11.81
  UBC-A1                   0.000    0.0    0.0    0.0       0.000    0.0       0  00:00       0.00
  UBC-A2                   0.979    9.8    0.0    0.0       5.400   54.0       0  00:00       4.52
  UBC-A5                   0.000    0.0    0.0    0.0       0.000    0.0       0  00:00       0.00
  UBC-A6                   2.000   20.0    0.0    0.0       2.000   20.0       0  00:00       0.00
  UBC-A7                   4.000   40.0    0.0    0.0       4.000   40.0       0  00:00       0.00
  UBC-A9                  10.000  100.0    0.0    0.0      10.000  100.0       0  00:00       0.00
  CBC-A6                   6.716   67.2    0.0    0.0       6.849   68.5       0  00:28       0.10
  CBC-A7                   1.020   10.2    0.0    0.0       1.059   10.6       0  00:10       1.45
  KPL-A4                  10.000  100.0    0.0    0.0      10.000  100.0       0  00:00       0.00
  KPL-A5                   6.854   68.5    0.0    0.0      10.000  100.0       0  00:00      17.73
  KPL-A3                   6.896   69.0    0.0    0.0       8.736   87.4       0  00:04       2.08
  KPL-A2                   6.899   69.0    0.0    0.0      10.000  100.0       0  00:00       6.85
  KPL-A1                   6.816   68.2    0.0    0.0       6.851   68.5       0  00:28       0.99
  CBC-A5                   0.420    4.2    0.0    0.0       0.420    4.2       0  00:00       0.00
  CBC-A8                   8.686   86.9    0.0    0.0      10.000  100.0       0  02:19       0.00
  CBC-A1                   9.900   99.0    0.0    0.0       9.900   99.0       0  00:00       0.00
  CBC-A9a                  0.000    0.0    0.0    0.0       0.000    0.0       0  00:00       0.00
  SCT-A4                   0.000    0.0    0.0    0.0       0.000    0.0       0  00:00       0.00
  SCT-A2                   0.000    0.0    0.0    0.0       0.000    0.0       0  00:00       0.00
  SCT-A3                   0.000    0.0    0.0    0.0       0.000    0.0       0  00:00       0.00
  SCT-A1a                  0.804    8.0    0.0    0.0       1.028   10.3       0  00:11       1.52
  SLB-A1                   1.042   10.4    0.0    0.0      10.000  100.0       0  00:00      10.53
  SCT-A1b                  0.000    0.0    0.0    0.0       0.000    0.0       0  00:00       0.00
  LL-A5                    1.000   10.0    0.0    0.0       1.000   10.0       0  00:00       0.00
  LL-A4                    0.978    9.8    0.0    0.0       8.200   82.0       0  00:00       9.40
  LL-A2                    0.000    0.0    0.0    0.0       0.000    0.0       0  00:00       0.00
  LL-A3                    6.700   67.0    0.0    0.0       6.700   67.0       0  00:00       0.00
  CBC-A0                   9.180   91.8    0.0    0.0      10.000  100.0       0  01:48       0.00
  CBC-A9b                  0.000    0.0    0.0    0.0       0.000    0.0       0  00:00       0.00
  GSL-A1                   7.000   70.0    0.0    0.0       7.000   70.0       0  00:00       0.00
  GSL-A2                   0.005    0.1    0.0    0.0       9.937   99.4       0  00:00     804.35
  GSL-A5                   1.039   10.4    0.0    0.0       9.998  100.0       0  00:00       8.02
  GSL-A7                   1.105   11.1    0.0    0.0      10.000  100.0       0  00:00       8.82
  GSL-A3                   2.000   20.0    0.0    0.0       2.000   20.0       0  00:00       0.00
  GSL-A4                   6.333   63.3    0.0    0.0       9.999  100.0       0  00:00      14.91
  GSL-A6                   6.267   62.7    0.0    0.0       6.324   63.2       0  00:07       0.71
  storage@68               0.000    0.0    0.0    0.0       0.000    0.0       0  00:00       0.00
  CBC-A9c                  1.000   10.0    0.0    0.0       1.000   10.0       0  00:00       0.00
  
  
  ***********************
  Outfall Loading Summary
  ***********************
  
  -----------------------------------------------------------
                         Flow       Avg       Max       Total
                         Freq      Flow      Flow      Volume
  Outfall Node           Pcnt       CFS       CFS    10^6 gal
  -----------------------------------------------------------
  CBC-A3                 0.00      0.00      0.00       0.000
  -----------------------------------------------------------
  System                 0.00      0.00      0.00       0.000
  
  
  ********************
  Link Flow Summary
  ********************
  
  -----------------------------------------------------------------------------
                                 Maximum  Time of Max   Maximum    Max/    Max/
                                  |Flow|   Occurrence   |Veloc|    Full    Full
  Link                 Type          CFS  days hr:min    ft/sec    Flow   Depth
  -----------------------------------------------------------------------------
  CR7-culvrt           CONDUIT      0.00     0  00:00      0.00    0.00    0.00
  Mann-C5A             CONDUIT      0.00     0  00:00      0.00    0.00    0.00
  Mann-C6              CONDUIT      0.00     0  00:00      0.00    0.00    0.00
  Mann-C7              CONDUIT      0.00     0  00:00      0.00    0.00    0.00
  Hwy68culv            CONDUIT      0.00     0  00:00      0.00    0.00    0.00
  CoRd15BC             CONDUIT      0.00     0  00:00      0.00    0.00    0.00
  633                  CONDUIT      0.72     0  00:11      1.77    6.41    1.00
  636                  CONDUIT      0.72     0  00:11      1.77    6.41    1.00
  BassLk               CONDUIT      4.40     0  00:06      5.60   39.07    1.00
  645                  CONDUIT      7.46     0  00:00      9.49   66.19    1.00
  Hwy96Culv            CONDUIT      0.00     0  00:00      0.00    0.00    0.00
  WoodplOver           CONDUIT     10.53     0  00:00     13.41   93.48    1.00
  671                  CONDUIT      2.54     0  00:01      5.85   22.51    1.00
  CSAH12               CONDUIT      0.00     0  00:00      0.00    0.00    0.00
  692                  CONDUIT      9.40     0  00:00     11.97   83.46    1.00
  LL-A2C               CONDUIT      0.00     0  00:00      0.00    0.00    0.00
  Hwy5C1               CONDUIT      0.00     0  00:00      0.00    0.00    0.00
  Reach_4              CONDUIT      0.00     0  00:00      0.00    0.00    0.00
  LL-UBC-A4            CONDUIT      5.91     0  00:02      7.52   52.43    1.00
  July                 CONDUIT      4.52     0  00:00      5.75   40.10    1.00
  740                  CONDUIT      5.91     0  00:02      7.52   52.43    1.00
  742                  CONDUIT      4.72     0  00:00      6.00   41.85    1.00
  743                  CONDUIT     10.27     0  00:00     13.07   91.14    1.00
  744                  CONDUIT     12.22     0  18:40     15.55  108.43    1.00
  PatLkCulvt           CONDUIT      0.00     0  00:00      0.00    0.00    0.00
  GSL-1ovflw           CONDUIT    804.35     0  00:00    >50.00    4.42    1.00
  SSC1                 CONDUIT      0.00     0  00:00      0.00    0.00    0.00
  LynchLkOvf           CONDUIT     14.91     0  00:00     18.99   81.88    1.00
  CTYRD58C             CONDUIT      0.00     0  00:00      0.00    0.00    0.00
  DrivewayC            CONDUIT      0.00     0  00:00      0.00    0.00    0.00
  GateC1               CONDUIT      0.00     0  00:00      0.00    0.00    0.00
  cattlepass           CONDUIT      0.00     0  00:00      0.00    0.00    0.00
  96-xing              CONDUIT      0.00     0  00:00      0.00    0.00    0.00
  CS-7                 CONDUIT      0.00     0  00:00      0.00    0.00    0.00
  Boutw1llc            CONDUIT      0.00     0  00:00      0.00    0.00    0.00
  Bout#1llc2           CONDUIT      0.00     0  00:00      0.00    0.00    0.00
  MannCulv             CONDUIT      0.00     0  00:00      0.00    0.00    0.00
  SCT4-Chan            CONDUIT      0.00     0  00:00      0.00    0.00    0.00
  Fish_Weir            CONDUIT      0.00     0  00:00      0.00    0.00    0.00
  RR_Elipt             CONDUIT      0.00     0  00:00      0.00    0.00    0.00
  Fish_Weir2           CONDUIT      0.00     0  00:00      0.00    0.00    0.00
  Reach3LBC3           CONDUIT      0.00     0  00:00      0.00    0.00    0.07
  Reach2LBC4           CONDUIT    792.17     0  01:14     26.12    0.02    0.58
  Reach1LBC5           CONDUIT   2227.60     0  01:18     10.39    0.14    1.00
  TrbRR-xing           CONDUIT      0.00     0  00:00      0.00    0.00    0.00
  816                  CONDUIT      8.82     0  00:00     11.22   78.25    1.00
  culv#2c              CONDUIT      0.00     0  00:00      0.00    0.00    0.00
  OvfDeW               WEIR         0.00     0  00:00                      0.00
  BenzLkOutl           WEIR         0.00     0  00:00                      0.00
  op                   WEIR         0.00     0  00:00                      0.00
  special              WEIR         0.00     0  00:00                      0.00
  plaisc               WEIR         8.02     0  00:00                      1.00
  
  
  ***************************
  Flow Classification Summary
  ***************************
  
  -------------------------------------------------------------------------------------
                      Adjusted    ---------- Fraction of Time in Flow Class ---------- 
                       /Actual         Up    Down  Sub   Sup   Up    Down  Norm  Inlet 
  Conduit               Length    Dry  Dry   Dry   Crit  Crit  Crit  Crit  Ltd   Ctrl  
  -------------------------------------------------------------------------------------
  CR7-culvrt              1.00   1.00  0.00  0.00  0.00  0.00  0.00  0.00  0.00  0.00
  Mann-C5A                1.00   1.00  0.00  0.00  0.00  0.00  0.00  0.00  0.00  0.00
  Mann-C6                 1.00   1.00  0.00  0.00  0.00  0.00  0.00  0.00  0.00  0.00
  Mann-C7                 1.00   1.00  0.00  0.00  0.00  0.00  0.00  0.00  0.00  0.00
  Hwy68culv               1.00   1.00  0.00  0.00  0.00  0.00  0.00  0.00  0.00  0.00
  CoRd15BC                1.00   1.00  0.00  0.00  0.00  0.00  0.00  0.00  0.00  0.00
  633                     1.00   0.00  0.00  0.00  1.00  0.00  0.00  0.00  0.00  0.00
  636                     1.00   0.00  0.00  0.00  1.00  0.00  0.00  0.00  0.00  0.00
  BassLk                  1.00   0.00  0.00  0.00  1.00  0.00  0.00  0.00  0.00  0.00
  645                     1.00   0.00  0.00  0.00  1.00  0.00  0.00  0.00  0.00  0.00
  Hwy96Culv               1.00   1.00  0.00  0.00  0.00  0.00  0.00  0.00  0.00  0.00
  WoodplOver              1.00   0.00  0.00  0.00  1.00  0.00  0.00  0.00  0.01  0.00
  671                     1.00   0.00  0.00  0.00  1.00  0.00  0.00  0.00  0.00  0.00
  CSAH12                  1.00   1.00  0.00  0.00  0.00  0.00  0.00  0.00  0.00  0.00
  692                     1.00   0.00  0.00  0.00  1.00  0.00  0.00  0.00  0.00  0.00
  LL-A2C                  1.00   1.00  0.00  0.00  0.00  0.00  0.00  0.00  0.00  0.00
  Hwy5C1                  1.00   1.00  0.00  0.00  0.00  0.00  0.00  0.00  0.00  0.00
  Reach_4                 1.00   1.00  0.00  0.00  0.00  0.00  0.00  0.00  0.00  0.00
  LL-UBC-A4               1.00   0.00  0.00  0.00  1.00  0.00  0.00  0.00  0.00  0.00
  July                    1.00   0.00  0.00  0.00  1.00  0.00  0.00  0.00  0.01  0.00
  740                     1.00   0.00  0.00  0.00  1.00  0.00  0.00  0.00  0.00  0.00
  742                     1.00   0.00  0.00  0.00  1.00  0.00  0.00  0.00  0.00  0.00
  743                     1.00   0.00  0.00  0.00  1.00  0.00  0.00  0.00  0.00  0.00
  744                     1.00   0.00  0.00  0.00  0.27  0.73  0.00  0.00  0.00  0.00
  PatLkCulvt              1.00   1.00  0.00  0.00  0.00  0.00  0.00  0.00  0.00  0.00
  GSL-1ovflw              1.00   0.00  1.00  0.00  0.00  0.00  0.00  0.00  0.00  0.00
  SSC1                    1.00   1.00  0.00  0.00  0.00  0.00  0.00  0.00  0.00  0.00
  LynchLkOvf              1.00   0.00  0.00  0.00  1.00  0.00  0.00  0.00  0.00  0.00
  CTYRD58C                1.00   1.00  0.00  0.00  0.00  0.00  0.00  0.00  0.00  0.00
  DrivewayC               1.00   1.00  0.00  0.00  0.00  0.00  0.00  0.00  0.00  0.00
  GateC1                  1.00   1.00  0.00  0.00  0.00  0.00  0.00  0.00  0.00  0.00
  cattlepass              1.00   1.00  0.00  0.00  0.00  0.00  0.00  0.00  0.00  0.00
  96-xing                 1.00   1.00  0.00  0.00  0.00  0.00  0.00  0.00  0.00  0.00
  CS-7                    1.00   1.00  0.00  0.00  0.00  0.00  0.00  0.00  0.00  0.00
  Boutw1llc               1.00   1.00  0.00  0.00  0.00  0.00  0.00  0.00  0.00  0.00
  Bout#1llc2              1.00   1.00  0.00  0.00  0.00  0.00  0.00  0.00  0.00  0.00
  MannCulv                1.00   1.00  0.00  0.00  0.00  0.00  0.00  0.00  0.00  0.00
  SCT4-Chan               1.00   1.00  0.00  0.00  0.00  0.00  0.00  0.00  0.00  0.00
  Fish_Weir               1.00   1.00  0.00  0.00  0.00  0.00  0.00  0.00  0.00  0.00
  RR_Elipt                1.00   1.00  0.00  0.00  0.00  0.00  0.00  0.00  0.00  0.00
  Fish_Weir2              1.00   1.00  0.00  0.00  0.00  0.00  0.00  0.00  0.00  0.00
  Reach3LBC3              1.00   0.05  0.95  0.00  0.00  0.00  0.00  0.00  0.00  0.00
  Reach2LBC4              1.00   0.05  0.00  0.00  0.04  0.90  0.00  0.00  0.95  0.00
  Reach1LBC5              1.00   0.05  0.00  0.00  0.95  0.00  0.00  0.00  0.95  0.00
  TrbRR-xing              1.00   1.00  0.00  0.00  0.00  0.00  0.00  0.00  0.00  0.00
  816                     1.00   0.00  0.00  0.00  1.00  0.00  0.00  0.00  0.01  0.00
  culv#2c                 1.00   1.00  0.00  0.00  0.00  0.00  0.00  0.00  0.00  0.00
  
  
  *************************
  Conduit Surcharge Summary
  *************************
  
  ----------------------------------------------------------------------------
                                                           Hours        Hours 
                         --------- Hours Full --------   Above Full   Capacity
  Conduit                Both Ends  Upstream  Dnstream   Normal Flow   Limited
  ----------------------------------------------------------------------------
  633                        23.86     23.86     23.86     23.91         0.01
  636                        23.86     23.86     23.86     23.91         0.01
  BassLk                     24.00     24.00     24.00      0.57         0.88
  645                        24.00     24.00     24.00      0.46         0.29
  WoodplOver                  0.45      0.45      0.88      1.45         0.45
  671                         0.16      0.88      0.16      1.22         0.01
  692                         0.39      0.72      0.39      0.84         0.01
  LL-UBC-A4                   0.62      1.19      0.62      1.32         0.01
  July                        0.62      0.62      0.62      1.19         0.62
  740                         0.62      1.19      0.62      1.32         0.01
  742                        24.00     24.00     24.00      0.52         0.69
  743                        24.00     24.00     24.00      0.45         0.53
  744                         5.98     23.97      5.99      6.44         0.37
  GSL-1ovflw                 24.00     24.00     24.00      0.01         0.01
  LynchLkOvf                 24.00     24.00     24.00      0.18        15.45
  Reach2LBC4                  0.01      0.01      0.02      0.01         0.01
  Reach1LBC5                  0.01      0.04      0.01      0.01         0.01
  816                         0.62      0.62      0.62      1.18         0.62
  

  Analysis begun on:  Wed Jul 22 13:51:03 2026
  Analysis ended on:  Wed Jul 22 13:51:03 2026
  Total elapsed time: < 1 sec