
  EPA STORM WATER MANAGEMENT MODEL - VERSION 5.2 (Build 5.2.4)
  ------------------------------------------------------------

  Converted from XPSWMM .xp file 
  WARNING 04: minimum elevation drop used for Conduit x-sec_8
  
  ****************
  Analysis Options
  ****************
  Flow Units ............... CFS
  Process Models:
    Rainfall/Runoff ........ NO
    RDII ................... NO
    Snowmelt ............... NO
    Groundwater ............ NO
    Flow Routing ........... YES
    Ponding Allowed ........ NO
    Water Quality .......... NO
  Flow Routing Method ...... DYNWAVE
  Surcharge Method ......... EXTRAN
  Starting Date ............ 01/01/2001 00:00:00
  Ending Date .............. 01/02/2001 00:00:00
  Antecedent Dry Days ...... 0.0
  Report Time Step ......... 00:15:00
  Routing Time Step ........ 3.00 sec
  Variable Time Step ....... YES
  Maximum Trials ........... 8
  Number of Threads ........ 1
  Head Tolerance ........... 0.005000 ft
  
  
  **************************        Volume        Volume
  Flow Routing Continuity        acre-feet      10^6 gal
  **************************     ---------     ---------
  Dry Weather Inflow .......         0.000         0.000
  Wet Weather Inflow .......         0.000         0.000
  Groundwater Inflow .......         0.000         0.000
  RDII Inflow ..............         0.000         0.000
  External Inflow ..........         0.000         0.000
  External Outflow .........         0.000         0.000
  Flooding Loss ............         0.000         0.000
  Evaporation Loss .........         0.000         0.000
  Exfiltration Loss ........         0.000         0.000
  Initial Stored Volume ....         0.000         0.000
  Final Stored Volume ......         0.000         0.000
  Continuity Error (%) .....         0.000
  
  
  ***************************
  Time-Step Critical Elements
  ***************************
  None
  
  
  ********************************
  Highest Flow Instability Indexes
  ********************************
  All links are stable.
  
  
  *********************************
  Most Frequent Nonconverging Nodes
  *********************************
  Convergence obtained at all time steps.
  
  
  *************************
  Routing Time Step Summary
  *************************
  Minimum Time Step           :     2.50 sec
  Average Time Step           :     3.00 sec
  Maximum Time Step           :     3.00 sec
  % of Time in Steady State   :     0.00
  Average Iterations per Step :     2.00
  % of Steps Not Converging   :     0.00
  Time Step Frequencies       :
      3.000 -  2.096 sec      :   100.00 %
      2.096 -  1.465 sec      :     0.00 %
      1.465 -  1.024 sec      :     0.00 %
      1.024 -  0.715 sec      :     0.00 %
      0.715 -  0.500 sec      :     0.00 %
  
  
  ******************
  Node Depth Summary
  ******************
  
  ---------------------------------------------------------------------------------
                                 Average  Maximum  Maximum  Time of Max    Reported
                                   Depth    Depth      HGL   Occurrence   Max Depth
  Node                 Type         Feet     Feet     Feet  days hr:min        Feet
  ---------------------------------------------------------------------------------
  28-3-1               JUNCTION     0.00     0.00   692.56     0  00:00        0.00
  28-3-2               JUNCTION     0.00     0.00   691.50     0  00:00        0.00
  28-3-3               JUNCTION     0.00     0.00   691.01     0  00:00        0.00
  28-3-4               JUNCTION     0.00     0.00   692.26     0  00:00        0.00
  28-3-5               JUNCTION     0.00     0.00   692.50     0  00:00        0.00
  28-3-6               JUNCTION     0.00     0.00   693.78     0  00:00        0.00
  28-3-7               JUNCTION     0.00     0.00   695.54     0  00:00        0.00
  28-3-8               JUNCTION     0.00     0.00   694.76     0  00:00        0.00
  28-3-9               JUNCTION     0.00     0.00   697.47     0  00:00        0.00
  28-3-10              JUNCTION     0.00     0.00   697.18     0  00:00        0.00
  28-3-11              JUNCTION     0.00     0.00   698.02     0  00:00        0.00
  28-3-12              JUNCTION     0.00     0.00   699.31     0  00:00        0.00
  28-3-13              JUNCTION     0.00     0.00   699.16     0  00:00        0.00
  28-3-14              JUNCTION     0.00     0.00   699.70     0  00:00        0.00
  28-3-15              JUNCTION     0.00     0.00   700.21     0  00:00        0.00
  28-3-16              JUNCTION     0.00     0.00   700.28     0  00:00        0.00
  28-3-17              JUNCTION     0.00     0.00   701.07     0  00:00        0.00
  28-3-18              JUNCTION     0.00     0.00   701.83     0  00:00        0.00
  28-3-19              JUNCTION     0.00     0.00   703.21     0  00:00        0.00
  28-3-20              JUNCTION     0.00     0.00   710.76     0  00:00        0.00
  28-3-21              JUNCTION     0.00     0.00   708.93     0  00:00        0.00
  28-3-22              JUNCTION     0.00     0.00   709.43     0  00:00        0.00
  28-3-23              JUNCTION     0.00     0.00   709.62     0  00:00        0.00
  28-3-24              JUNCTION     0.00     0.00   711.73     0  00:00        0.00
  28-3-25              JUNCTION     0.00     0.00   713.83     0  00:00        0.00
  28-3-26              JUNCTION     0.00     0.00   713.87     0  00:00        0.00
  28-3-27              JUNCTION     0.00     0.00   700.33     0  00:00        0.00
  28-3-28              JUNCTION     0.00     0.00   701.66     0  00:00        0.00
  28-3-29              JUNCTION     0.00     0.00   703.09     0  00:00        0.00
  28-3-30              JUNCTION     0.00     0.00   704.79     0  00:00        0.00
  28-3-31              JUNCTION     0.00     0.00   707.04     0  00:00        0.00
  28-3-32              JUNCTION     0.00     0.00   710.58     0  00:00        0.00
  28-3-33              JUNCTION     0.00     0.00   710.88     0  00:00        0.00
  28-3-34              JUNCTION     0.00     0.00   714.14     0  00:00        0.00
  28-3-35              JUNCTION     0.00     0.00   714.87     0  00:00        0.00
  28-3-36              JUNCTION     0.00     0.00   715.22     0  00:00        0.00
  28-3-37              JUNCTION     0.00     0.00   698.21     0  00:00        0.00
  28-3-38              JUNCTION     0.00     0.00   700.30     0  00:00        0.00
  28-3-39              JUNCTION     0.00     0.00   701.64     0  00:00        0.00
  28-3-40              JUNCTION     0.00     0.00   705.09     0  00:00        0.00
  28-3-41              JUNCTION     0.00     0.00   692.71     0  00:00        0.00
  28-3-42              JUNCTION     0.00     0.00   693.00     0  00:00        0.00
  28-3-43              JUNCTION     0.00     0.00   694.77     0  00:00        0.00
  28-3-49              JUNCTION     0.00     0.00   700.68     0  00:00        0.00
  28-3-48              JUNCTION     0.00     0.00   698.75     0  00:00        0.00
  28-3-47              JUNCTION     0.00     0.00   698.62     0  00:00        0.00
  28-3-46              JUNCTION     0.00     0.00   697.93     0  00:00        0.00
  28-3-45              JUNCTION     0.00     0.00   696.20     0  00:00        0.00
  28-3-44              JUNCTION     0.00     0.00   694.93     0  00:00        0.00
  28-3-50              JUNCTION     0.00     0.00   693.52     0  00:00        0.00
  28-3-51              JUNCTION     0.00     0.00   695.40     0  00:00        0.00
  28-3-52              JUNCTION     0.00     0.00   697.36     0  00:00        0.00
  28-3-53              JUNCTION     0.00     0.00   699.86     0  00:00        0.00
  28-3-54              JUNCTION     0.00     0.00   701.36     0  00:00        0.00
  28-3-55              JUNCTION     0.00     0.00   697.08     0  00:00        0.00
  28-3-56              JUNCTION     0.00     0.00   698.20     0  00:00        0.00
  28-3-57              JUNCTION     0.00     0.00   703.75     0  00:00        0.00
  28-3-58              JUNCTION     0.00     0.00   705.55     0  00:00        0.00
  28-3-59              JUNCTION     0.00     0.00   707.58     0  00:00        0.00
  28-3-60              JUNCTION     0.00     0.00   709.41     0  00:00        0.00
  28-3-61              JUNCTION     0.00     0.00   708.75     0  00:00        0.00
  28-3-62              JUNCTION     0.00     0.00   709.46     0  00:00        0.00
  28-3-63              JUNCTION     0.00     0.00   710.14     0  00:00        0.00
  28-3-64              JUNCTION     0.00     0.00   710.61     0  00:00        0.00
  28-3-65              JUNCTION     0.00     0.00   710.80     0  00:00        0.00
  28-3-66              JUNCTION     0.00     0.00   711.46     0  00:00        0.00
  28-3-1A              JUNCTION     0.00     0.00   700.00     0  00:00        0.00
  147                  JUNCTION     0.00     0.00   702.00     0  00:00        0.00
  150                  JUNCTION     0.00     0.00   700.00     0  00:00        0.00
  C1-2                 JUNCTION     0.00     0.00   700.00     0  00:00        0.00
  155                  JUNCTION     0.00     0.00   700.00     0  00:00        0.00
  157                  JUNCTION     0.00     0.00   700.00     0  00:00        0.00
  163                  JUNCTION     0.00     0.00   700.00     0  00:00        0.00
  167                  JUNCTION     0.00     0.00   696.00     0  00:00        0.00
  169                  JUNCTION     0.00     0.00   696.00     0  00:00        0.00
  171                  JUNCTION     0.00     0.00   696.00     0  00:00        0.00
  173                  JUNCTION     0.00     0.00   696.00     0  00:00        0.00
  C1-4                 JUNCTION     0.00     0.00   696.00     0  00:00        0.00
  177                  JUNCTION     0.00     0.00   694.00     0  00:00        0.00
  179                  JUNCTION     0.00     0.00   694.00     0  00:00        0.00
  181                  JUNCTION     0.00     0.00   694.00     0  00:00        0.00
  183                  JUNCTION     0.00     0.00   694.00     0  00:00        0.00
  185                  JUNCTION     0.00     0.00   694.00     0  00:00        0.00
  Shepard_Rd           JUNCTION     0.00     0.00   683.91     0  00:00        0.00
  2ND_48"              JUNCTION     0.00     0.00   683.54     0  00:00        0.00
  146                  OUTFALL      0.00     0.00   702.00     0  00:00        0.00
  
  
  *******************
  Node Inflow Summary
  *******************
  
  -------------------------------------------------------------------------------------------------
                                  Maximum  Maximum                  Lateral       Total        Flow
                                  Lateral    Total  Time of Max      Inflow      Inflow     Balance
                                   Inflow   Inflow   Occurrence      Volume      Volume       Error
  Node                 Type           CFS      CFS  days hr:min    10^6 gal    10^6 gal     Percent
  -------------------------------------------------------------------------------------------------
  28-3-1               JUNCTION      0.00     0.00     0  00:00           0           0       0.000 gal
  28-3-2               JUNCTION      0.00     0.00     0  00:00           0           0       0.000 gal
  28-3-3               JUNCTION      0.00     0.00     0  00:00           0           0       0.000 gal
  28-3-4               JUNCTION      0.00     0.00     0  00:00           0           0       0.000 gal
  28-3-5               JUNCTION      0.00     0.00     0  00:00           0           0       0.000 gal
  28-3-6               JUNCTION      0.00     0.00     0  00:00           0           0       0.000 gal
  28-3-7               JUNCTION      0.00     0.00     0  00:00           0           0       0.000 gal
  28-3-8               JUNCTION      0.00     0.00     0  00:00           0           0       0.000 gal
  28-3-9               JUNCTION      0.00     0.00     0  00:00           0           0       0.000 gal
  28-3-10              JUNCTION      0.00     0.00     0  00:00           0           0       0.000 gal
  28-3-11              JUNCTION      0.00     0.00     0  00:00           0           0       0.000 gal
  28-3-12              JUNCTION      0.00     0.00     0  00:00           0           0       0.000 gal
  28-3-13              JUNCTION      0.00     0.00     0  00:00           0           0       0.000 gal
  28-3-14              JUNCTION      0.00     0.00     0  00:00           0           0       0.000 gal
  28-3-15              JUNCTION      0.00     0.00     0  00:00           0           0       0.000 gal
  28-3-16              JUNCTION      0.00     0.00     0  00:00           0           0       0.000 gal
  28-3-17              JUNCTION      0.00     0.00     0  00:00           0           0       0.000 gal
  28-3-18              JUNCTION      0.00     0.00     0  00:00           0           0       0.000 gal
  28-3-19              JUNCTION      0.00     0.00     0  00:00           0           0       0.000 gal
  28-3-20              JUNCTION      0.00     0.00     0  00:00           0           0       0.000 gal
  28-3-21              JUNCTION      0.00     0.00     0  00:00           0           0       0.000 gal
  28-3-22              JUNCTION      0.00     0.00     0  00:00           0           0       0.000 gal
  28-3-23              JUNCTION      0.00     0.00     0  00:00           0           0       0.000 gal
  28-3-24              JUNCTION      0.00     0.00     0  00:00           0           0       0.000 gal
  28-3-25              JUNCTION      0.00     0.00     0  00:00           0           0       0.000 gal
  28-3-26              JUNCTION      0.00     0.00     0  00:00           0           0       0.000 gal
  28-3-27              JUNCTION      0.00     0.00     0  00:00           0           0       0.000 gal
  28-3-28              JUNCTION      0.00     0.00     0  00:00           0           0       0.000 gal
  28-3-29              JUNCTION      0.00     0.00     0  00:00           0           0       0.000 gal
  28-3-30              JUNCTION      0.00     0.00     0  00:00           0           0       0.000 gal
  28-3-31              JUNCTION      0.00     0.00     0  00:00           0           0       0.000 gal
  28-3-32              JUNCTION      0.00     0.00     0  00:00           0           0       0.000 gal
  28-3-33              JUNCTION      0.00     0.00     0  00:00           0           0       0.000 gal
  28-3-34              JUNCTION      0.00     0.00     0  00:00           0           0       0.000 gal
  28-3-35              JUNCTION      0.00     0.00     0  00:00           0           0       0.000 gal
  28-3-36              JUNCTION      0.00     0.00     0  00:00           0           0       0.000 gal
  28-3-37              JUNCTION      0.00     0.00     0  00:00           0           0       0.000 gal
  28-3-38              JUNCTION      0.00     0.00     0  00:00           0           0       0.000 gal
  28-3-39              JUNCTION      0.00     0.00     0  00:00           0           0       0.000 gal
  28-3-40              JUNCTION      0.00     0.00     0  00:00           0           0       0.000 gal
  28-3-41              JUNCTION      0.00     0.00     0  00:00           0           0       0.000 gal
  28-3-42              JUNCTION      0.00     0.00     0  00:00           0           0       0.000 gal
  28-3-43              JUNCTION      0.00     0.00     0  00:00           0           0       0.000 gal
  28-3-49              JUNCTION      0.00     0.00     0  00:00           0           0       0.000 gal
  28-3-48              JUNCTION      0.00     0.00     0  00:00           0           0       0.000 gal
  28-3-47              JUNCTION      0.00     0.00     0  00:00           0           0       0.000 gal
  28-3-46              JUNCTION      0.00     0.00     0  00:00           0           0       0.000 gal
  28-3-45              JUNCTION      0.00     0.00     0  00:00           0           0       0.000 gal
  28-3-44              JUNCTION      0.00     0.00     0  00:00           0           0       0.000 gal
  28-3-50              JUNCTION      0.00     0.00     0  00:00           0           0       0.000 gal
  28-3-51              JUNCTION      0.00     0.00     0  00:00           0           0       0.000 gal
  28-3-52              JUNCTION      0.00     0.00     0  00:00           0           0       0.000 gal
  28-3-53              JUNCTION      0.00     0.00     0  00:00           0           0       0.000 gal
  28-3-54              JUNCTION      0.00     0.00     0  00:00           0           0       0.000 gal
  28-3-55              JUNCTION      0.00     0.00     0  00:00           0           0       0.000 gal
  28-3-56              JUNCTION      0.00     0.00     0  00:00           0           0       0.000 gal
  28-3-57              JUNCTION      0.00     0.00     0  00:00           0           0       0.000 gal
  28-3-58              JUNCTION      0.00     0.00     0  00:00           0           0       0.000 gal
  28-3-59              JUNCTION      0.00     0.00     0  00:00           0           0       0.000 gal
  28-3-60              JUNCTION      0.00     0.00     0  00:00           0           0       0.000 gal
  28-3-61              JUNCTION      0.00     0.00     0  00:00           0           0       0.000 gal
  28-3-62              JUNCTION      0.00     0.00     0  00:00           0           0       0.000 gal
  28-3-63              JUNCTION      0.00     0.00     0  00:00           0           0       0.000 gal
  28-3-64              JUNCTION      0.00     0.00     0  00:00           0           0       0.000 gal
  28-3-65              JUNCTION      0.00     0.00     0  00:00           0           0       0.000 gal
  28-3-66              JUNCTION      0.00     0.00     0  00:00           0           0       0.000 gal
  28-3-1A              JUNCTION      0.00     0.00     0  00:00           0           0       0.000 gal
  147                  JUNCTION      0.00     0.00     0  00:00           0           0       0.000 gal
  150                  JUNCTION      0.00     0.00     0  00:00           0           0       0.000 gal
  C1-2                 JUNCTION      0.00     0.00     0  00:00           0           0       0.000 gal
  155                  JUNCTION      0.00     0.00     0  00:00           0           0       0.000 gal
  157                  JUNCTION      0.00     0.00     0  00:00           0           0       0.000 gal
  163                  JUNCTION      0.00     0.00     0  00:00           0           0       0.000 gal
  167                  JUNCTION      0.00     0.00     0  00:00           0           0       0.000 gal
  169                  JUNCTION      0.00     0.00     0  00:00           0           0       0.000 gal
  171                  JUNCTION      0.00     0.00     0  00:00           0           0       0.000 gal
  173                  JUNCTION      0.00     0.00     0  00:00           0           0       0.000 gal
  C1-4                 JUNCTION      0.00     0.00     0  00:00           0           0       0.000 gal
  177                  JUNCTION      0.00     0.00     0  00:00           0           0       0.000 gal
  179                  JUNCTION      0.00     0.00     0  00:00           0           0       0.000 gal
  181                  JUNCTION      0.00     0.00     0  00:00           0           0       0.000 gal
  183                  JUNCTION      0.00     0.00     0  00:00           0           0       0.000 gal
  185                  JUNCTION      0.00     0.00     0  00:00           0           0       0.000 gal
  Shepard_Rd           JUNCTION      0.00     0.00     0  00:00           0           0       0.000 gal
  2ND_48"              JUNCTION      0.00     0.00     0  00:00           0           0       0.000 gal
  146                  OUTFALL       0.00     0.00     0  00:00           0           0       0.000 gal
  
  
  **********************
  Node Surcharge Summary
  **********************
  
  No nodes were surcharged.
  
  
  *********************
  Node Flooding Summary
  *********************
  
  No nodes were flooded.
  
  
  ***********************
  Outfall Loading Summary
  ***********************
  
  -----------------------------------------------------------
                         Flow       Avg       Max       Total
                         Freq      Flow      Flow      Volume
  Outfall Node           Pcnt       CFS       CFS    10^6 gal
  -----------------------------------------------------------
  146                    0.00      0.00      0.00       0.000
  -----------------------------------------------------------
  System                 0.00      0.00      0.00       0.000
  
  
  ********************
  Link Flow Summary
  ********************
  
  -----------------------------------------------------------------------------
                                 Maximum  Time of Max   Maximum    Max/    Max/
                                  |Flow|   Occurrence   |Veloc|    Full    Full
  Link                 Type          CFS  days hr:min    ft/sec    Flow   Depth
  -----------------------------------------------------------------------------
  L6-7                 CONDUIT      0.00     0  00:00      0.00    0.00    0.00
  L5-6                 CONDUIT      0.00     0  00:00      0.00    0.00    0.00
  L4-5                 CONDUIT      0.00     0  00:00      0.00    0.00    0.00
  L3-4                 CONDUIT      0.00     0  00:00      0.00    0.00    0.00
  L2-3                 CONDUIT      0.00     0  00:00      0.00    0.00    0.00
  L1-2                 CONDUIT      0.00     0  00:00      0.00    0.00    0.00
  L9-10                CONDUIT      0.00     0  00:00      0.00    0.00    0.00
  L8-9                 CONDUIT      0.00     0  00:00      0.00    0.00    0.00
  L7-8                 CONDUIT      0.00     0  00:00      0.00    0.00    0.00
  L15-16               CONDUIT      0.00     0  00:00      0.00    0.00    0.00
  L14-15               CONDUIT      0.00     0  00:00      0.00    0.00    0.00
  L13-14               CONDUIT      0.00     0  00:00      0.00    0.00    0.00
  L12-13               CONDUIT      0.00     0  00:00      0.00    0.00    0.00
  L11-12               CONDUIT      0.00     0  00:00      0.00    0.00    0.00
  L10-11               CONDUIT      0.00     0  00:00      0.00    0.00    0.00
  L18-19               CONDUIT      0.00     0  00:00      0.00    0.00    0.00
  L17-18               CONDUIT      0.00     0  00:00      0.00    0.00    0.00
  L16-17               CONDUIT      0.00     0  00:00      0.00    0.00    0.00
  L25-26               CONDUIT      0.00     0  00:00      0.00    0.00    0.00
  L24-25               CONDUIT      0.00     0  00:00      0.00    0.00    0.00
  L23-24               CONDUIT      0.00     0  00:00      0.00    0.00    0.00
  L22-23               CONDUIT      0.00     0  00:00      0.00    0.00    0.00
  L21-22               CONDUIT      0.00     0  00:00      0.00    0.00    0.00
  L20-21               CONDUIT      0.00     0  00:00      0.00    0.00    0.00
  L19-20               CONDUIT      0.00     0  00:00      0.00    0.00    0.00
  L34-35               CONDUIT      0.00     0  00:00      0.00    0.00    0.00
  L33-34               CONDUIT      0.00     0  00:00      0.00    0.00    0.00
  L32-33               CONDUIT      0.00     0  00:00      0.00    0.00    0.00
  L31-32               CONDUIT      0.00     0  00:00      0.00    0.00    0.00
  L30-31               CONDUIT      0.00     0  00:00      0.00    0.00    0.00
  L29-30               CONDUIT      0.00     0  00:00      0.00    0.00    0.00
  L28-29               CONDUIT      0.00     0  00:00      0.00    0.00    0.00
  L27-28               CONDUIT      0.00     0  00:00      0.00    0.00    0.00
  L15-27               CONDUIT      0.00     0  00:00      0.00    0.00    0.00
  L35-36               CONDUIT      0.00     0  00:00      0.00    0.00    0.00
  L39-40               CONDUIT      0.00     0  00:00      0.00    0.00    0.00
  L38-39               CONDUIT      0.00     0  00:00      0.00    0.00    0.00
  L37-38               CONDUIT      0.00     0  00:00      0.00    0.00    0.00
  L11-37               CONDUIT      0.00     0  00:00      0.00    0.00    0.00
  L4-41                CONDUIT      0.00     0  00:00      0.00    0.00    0.00
  L42-43               CONDUIT      0.00     0  00:00      0.00    0.00    0.00
  L41-42               CONDUIT      0.00     0  00:00      0.00    0.00    0.00
  L48-49               CONDUIT      0.00     0  00:00      0.00    0.00    0.00
  L47-48               CONDUIT      0.00     0  00:00      0.00    0.00    0.00
  L46-47               CONDUIT      0.00     0  00:00      0.00    0.00    0.00
  L45-46               CONDUIT      0.00     0  00:00      0.00    0.00    0.00
  L44-45               CONDUIT      0.00     0  00:00      0.00    0.00    0.00
  L43-44               CONDUIT      0.00     0  00:00      0.00    0.00    0.00
  L53-54               CONDUIT      0.00     0  00:00      0.00    0.00    0.00
  L52-53               CONDUIT      0.00     0  00:00      0.00    0.00    0.00
  L51-52               CONDUIT      0.00     0  00:00      0.00    0.00    0.00
  L50-51               CONDUIT      0.00     0  00:00      0.00    0.00    0.00
  L2-50                CONDUIT      0.00     0  00:00      0.00    0.00    0.00
  L55-56               CONDUIT      0.00     0  00:00      0.00    0.00    0.00
  L1-55                CONDUIT      0.00     0  00:00      0.00    0.00    0.00
  L56-57               CONDUIT      0.00     0  00:00      0.00    0.00    0.00
  L57-58               CONDUIT      0.00     0  00:00      0.00    0.00    0.00
  L65-66               CONDUIT      0.00     0  00:00      0.00    0.00    0.00
  L64-65               CONDUIT      0.00     0  00:00      0.00    0.00    0.00
  L63-64               CONDUIT      0.00     0  00:00      0.00    0.00    0.00
  L62-63               CONDUIT      0.00     0  00:00      0.00    0.00    0.00
  L61-62               CONDUIT      0.00     0  00:00      0.00    0.00    0.00
  L60-61               CONDUIT      0.00     0  00:00      0.00    0.00    0.00
  L59-60               CONDUIT      0.00     0  00:00      0.00    0.00    0.00
  L58-59               CONDUIT      0.00     0  00:00      0.00    0.00    0.00
  L1A-L1               CONDUIT      0.00     0  00:00      0.00    0.00    0.00
  5x6_box              CONDUIT      0.00     0  00:00      0.00    0.00    0.00
  x-sec                CONDUIT      0.00     0  00:00      0.00    0.00    0.00
  x-sec_2              CONDUIT      0.00     0  00:00      0.00    0.00    0.00
  x-sec_3              CONDUIT      0.00     0  00:00      0.00    0.00    0.00
  x-sec_4              CONDUIT      0.00     0  00:00      0.00    0.00    0.00
  x-sec_5              CONDUIT      0.00     0  00:00      0.00    0.00    0.00
  x-sec_6              CONDUIT      0.00     0  00:00      0.00    0.00    0.00
  x-sec_7              CONDUIT      0.00     0  00:00      0.00    0.00    0.00
  x-sec_8              CONDUIT      0.00     0  00:00      0.00    0.00    0.00
  x-sec_9              CONDUIT      0.00     0  00:00      0.00    0.00    0.00
  x-sec_10             CONDUIT      0.00     0  00:00      0.00    0.00    0.00
  x-sec_11             CONDUIT      0.00     0  00:00      0.00    0.00    0.00
  x-sec_12             CONDUIT      0.00     0  00:00      0.00    0.00    0.00
  x-sec_13             CONDUIT      0.00     0  00:00      0.00    0.00    0.00
  x-sec_14             CONDUIT      0.00     0  00:00      0.00    0.00    0.00
  x-sec_15             CONDUIT      0.00     0  00:00      0.00    0.00    0.00
  x-sec_16             CONDUIT      0.00     0  00:00      0.00    0.00    0.00
  
  
  ***************************
  Flow Classification Summary
  ***************************
  
  -------------------------------------------------------------------------------------
                      Adjusted    ---------- Fraction of Time in Flow Class ---------- 
                       /Actual         Up    Down  Sub   Sup   Up    Down  Norm  Inlet 
  Conduit               Length    Dry  Dry   Dry   Crit  Crit  Crit  Crit  Ltd   Ctrl  
  -------------------------------------------------------------------------------------
  L6-7                    1.00   1.00  0.00  0.00  0.00  0.00  0.00  0.00  0.00  0.00
  L5-6                    1.00   1.00  0.00  0.00  0.00  0.00  0.00  0.00  0.00  0.00
  L4-5                    1.00   1.00  0.00  0.00  0.00  0.00  0.00  0.00  0.00  0.00
  L3-4                    1.00   1.00  0.00  0.00  0.00  0.00  0.00  0.00  0.00  0.00
  L2-3                    1.00   1.00  0.00  0.00  0.00  0.00  0.00  0.00  0.00  0.00
  L1-2                    1.00   1.00  0.00  0.00  0.00  0.00  0.00  0.00  0.00  0.00
  L9-10                   1.00   1.00  0.00  0.00  0.00  0.00  0.00  0.00  0.00  0.00
  L8-9                    1.00   1.00  0.00  0.00  0.00  0.00  0.00  0.00  0.00  0.00
  L7-8                    1.00   1.00  0.00  0.00  0.00  0.00  0.00  0.00  0.00  0.00
  L15-16                  1.00   1.00  0.00  0.00  0.00  0.00  0.00  0.00  0.00  0.00
  L14-15                  1.00   1.00  0.00  0.00  0.00  0.00  0.00  0.00  0.00  0.00
  L13-14                  1.00   1.00  0.00  0.00  0.00  0.00  0.00  0.00  0.00  0.00
  L12-13                  1.00   1.00  0.00  0.00  0.00  0.00  0.00  0.00  0.00  0.00
  L11-12                  1.00   1.00  0.00  0.00  0.00  0.00  0.00  0.00  0.00  0.00
  L10-11                  1.00   1.00  0.00  0.00  0.00  0.00  0.00  0.00  0.00  0.00
  L18-19                  1.00   1.00  0.00  0.00  0.00  0.00  0.00  0.00  0.00  0.00
  L17-18                  1.00   1.00  0.00  0.00  0.00  0.00  0.00  0.00  0.00  0.00
  L16-17                  1.00   1.00  0.00  0.00  0.00  0.00  0.00  0.00  0.00  0.00
  L25-26                  1.00   1.00  0.00  0.00  0.00  0.00  0.00  0.00  0.00  0.00
  L24-25                  1.00   1.00  0.00  0.00  0.00  0.00  0.00  0.00  0.00  0.00
  L23-24                  1.00   1.00  0.00  0.00  0.00  0.00  0.00  0.00  0.00  0.00
  L22-23                  1.00   1.00  0.00  0.00  0.00  0.00  0.00  0.00  0.00  0.00
  L21-22                  1.00   1.00  0.00  0.00  0.00  0.00  0.00  0.00  0.00  0.00
  L20-21                  1.00   1.00  0.00  0.00  0.00  0.00  0.00  0.00  0.00  0.00
  L19-20                  1.00   1.00  0.00  0.00  0.00  0.00  0.00  0.00  0.00  0.00
  L34-35                  1.00   1.00  0.00  0.00  0.00  0.00  0.00  0.00  0.00  0.00
  L33-34                  1.00   1.00  0.00  0.00  0.00  0.00  0.00  0.00  0.00  0.00
  L32-33                  1.00   1.00  0.00  0.00  0.00  0.00  0.00  0.00  0.00  0.00
  L31-32                  1.00   1.00  0.00  0.00  0.00  0.00  0.00  0.00  0.00  0.00
  L30-31                  1.00   1.00  0.00  0.00  0.00  0.00  0.00  0.00  0.00  0.00
  L29-30                  1.00   1.00  0.00  0.00  0.00  0.00  0.00  0.00  0.00  0.00
  L28-29                  1.00   1.00  0.00  0.00  0.00  0.00  0.00  0.00  0.00  0.00
  L27-28                  1.00   1.00  0.00  0.00  0.00  0.00  0.00  0.00  0.00  0.00
  L15-27                  1.00   1.00  0.00  0.00  0.00  0.00  0.00  0.00  0.00  0.00
  L35-36                  1.00   1.00  0.00  0.00  0.00  0.00  0.00  0.00  0.00  0.00
  L39-40                  1.00   1.00  0.00  0.00  0.00  0.00  0.00  0.00  0.00  0.00
  L38-39                  1.00   1.00  0.00  0.00  0.00  0.00  0.00  0.00  0.00  0.00
  L37-38                  1.00   1.00  0.00  0.00  0.00  0.00  0.00  0.00  0.00  0.00
  L11-37                  1.00   1.00  0.00  0.00  0.00  0.00  0.00  0.00  0.00  0.00
  L4-41                   1.00   1.00  0.00  0.00  0.00  0.00  0.00  0.00  0.00  0.00
  L42-43                  1.00   1.00  0.00  0.00  0.00  0.00  0.00  0.00  0.00  0.00
  L41-42                  1.00   1.00  0.00  0.00  0.00  0.00  0.00  0.00  0.00  0.00
  L48-49                  1.00   1.00  0.00  0.00  0.00  0.00  0.00  0.00  0.00  0.00
  L47-48                  1.00   1.00  0.00  0.00  0.00  0.00  0.00  0.00  0.00  0.00
  L46-47                  1.00   1.00  0.00  0.00  0.00  0.00  0.00  0.00  0.00  0.00
  L45-46                  1.00   1.00  0.00  0.00  0.00  0.00  0.00  0.00  0.00  0.00
  L44-45                  1.00   1.00  0.00  0.00  0.00  0.00  0.00  0.00  0.00  0.00
  L43-44                  1.00   1.00  0.00  0.00  0.00  0.00  0.00  0.00  0.00  0.00
  L53-54                  1.00   1.00  0.00  0.00  0.00  0.00  0.00  0.00  0.00  0.00
  L52-53                  1.00   1.00  0.00  0.00  0.00  0.00  0.00  0.00  0.00  0.00
  L51-52                  1.00   1.00  0.00  0.00  0.00  0.00  0.00  0.00  0.00  0.00
  L50-51                  1.00   1.00  0.00  0.00  0.00  0.00  0.00  0.00  0.00  0.00
  L2-50                   1.00   1.00  0.00  0.00  0.00  0.00  0.00  0.00  0.00  0.00
  L55-56                  1.00   1.00  0.00  0.00  0.00  0.00  0.00  0.00  0.00  0.00
  L1-55                   1.00   1.00  0.00  0.00  0.00  0.00  0.00  0.00  0.00  0.00
  L56-57                  1.00   1.00  0.00  0.00  0.00  0.00  0.00  0.00  0.00  0.00
  L57-58                  1.00   1.00  0.00  0.00  0.00  0.00  0.00  0.00  0.00  0.00
  L65-66                  1.00   1.00  0.00  0.00  0.00  0.00  0.00  0.00  0.00  0.00
  L64-65                  1.00   1.00  0.00  0.00  0.00  0.00  0.00  0.00  0.00  0.00
  L63-64                  1.00   1.00  0.00  0.00  0.00  0.00  0.00  0.00  0.00  0.00
  L62-63                  1.00   1.00  0.00  0.00  0.00  0.00  0.00  0.00  0.00  0.00
  L61-62                  1.00   1.00  0.00  0.00  0.00  0.00  0.00  0.00  0.00  0.00
  L60-61                  1.00   1.00  0.00  0.00  0.00  0.00  0.00  0.00  0.00  0.00
  L59-60                  1.00   1.00  0.00  0.00  0.00  0.00  0.00  0.00  0.00  0.00
  L58-59                  1.00   1.00  0.00  0.00  0.00  0.00  0.00  0.00  0.00  0.00
  L1A-L1                  1.00   1.00  0.00  0.00  0.00  0.00  0.00  0.00  0.00  0.00
  5x6_box                 1.00   1.00  0.00  0.00  0.00  0.00  0.00  0.00  0.00  0.00
  x-sec                   1.00   1.00  0.00  0.00  0.00  0.00  0.00  0.00  0.00  0.00
  x-sec_2                 1.00   1.00  0.00  0.00  0.00  0.00  0.00  0.00  0.00  0.00
  x-sec_3                 1.00   1.00  0.00  0.00  0.00  0.00  0.00  0.00  0.00  0.00
  x-sec_4                 1.00   1.00  0.00  0.00  0.00  0.00  0.00  0.00  0.00  0.00
  x-sec_5                 1.00   1.00  0.00  0.00  0.00  0.00  0.00  0.00  0.00  0.00
  x-sec_6                 1.00   1.00  0.00  0.00  0.00  0.00  0.00  0.00  0.00  0.00
  x-sec_7                 1.00   1.00  0.00  0.00  0.00  0.00  0.00  0.00  0.00  0.00
  x-sec_8                 1.00   1.00  0.00  0.00  0.00  0.00  0.00  0.00  0.00  0.00
  x-sec_9                 1.00   1.00  0.00  0.00  0.00  0.00  0.00  0.00  0.00  0.00
  x-sec_10                1.00   1.00  0.00  0.00  0.00  0.00  0.00  0.00  0.00  0.00
  x-sec_11                1.00   1.00  0.00  0.00  0.00  0.00  0.00  0.00  0.00  0.00
  x-sec_12                1.00   1.00  0.00  0.00  0.00  0.00  0.00  0.00  0.00  0.00
  x-sec_13                1.00   1.00  0.00  0.00  0.00  0.00  0.00  0.00  0.00  0.00
  x-sec_14                1.00   1.00  0.00  0.00  0.00  0.00  0.00  0.00  0.00  0.00
  x-sec_15                1.00   1.00  0.00  0.00  0.00  0.00  0.00  0.00  0.00  0.00
  x-sec_16                1.00   1.00  0.00  0.00  0.00  0.00  0.00  0.00  0.00  0.00
  
  
  *************************
  Conduit Surcharge Summary
  *************************
  
  No conduits were surcharged.
  

  Analysis begun on:  Sun Jul 19 15:19:33 2026
  Analysis ended on:  Sun Jul 19 15:19:33 2026
  Total elapsed time: < 1 sec