
  EPA STORM WATER MANAGEMENT MODEL - VERSION 5.2 (Build 5.2.4)
  ------------------------------------------------------------

  I-1, I-2 BASINS:  EXISTING LAND USE: EXISTING SYSTEM 
  
  ****************
  Analysis Options
  ****************
  Flow Units ............... CFS
  Process Models:
    Rainfall/Runoff ........ NO
    RDII ................... NO
    Snowmelt ............... NO
    Groundwater ............ NO
    Flow Routing ........... YES
    Ponding Allowed ........ NO
    Water Quality .......... NO
  Flow Routing Method ...... DYNWAVE
  Surcharge Method ......... EXTRAN
  Starting Date ............ 01/01/2001 00:00:00
  Ending Date .............. 01/02/2001 00:00:00
  Antecedent Dry Days ...... 0.0
  Report Time Step ......... 00:15:00
  Routing Time Step ........ 2.00 sec
  Variable Time Step ....... YES
  Maximum Trials ........... 30
  Number of Threads ........ 1
  Head Tolerance ........... 0.005000 ft
  
  
  **************************        Volume        Volume
  Flow Routing Continuity        acre-feet      10^6 gal
  **************************     ---------     ---------
  Dry Weather Inflow .......         0.000         0.000
  Wet Weather Inflow .......         0.000         0.000
  Groundwater Inflow .......         0.000         0.000
  RDII Inflow ..............         0.000         0.000
  External Inflow ..........         0.000         0.000
  External Outflow .........         0.000         0.000
  Flooding Loss ............         0.705         0.230
  Evaporation Loss .........         0.000         0.000
  Exfiltration Loss ........         0.000         0.000
  Initial Stored Volume ....         1.784         0.582
  Final Stored Volume ......         1.377         0.449
  Continuity Error (%) .....       -16.652
  
  
  *************************
  Highest Continuity Errors
  *************************
  Node 910507 (-506.28%)
  Node 900500 (-184.12%)
  Node 930013 (100.00%)
  Node 930015 (100.00%)
  Node 904003 (100.00%)
  
  
  ***************************
  Time-Step Critical Elements
  ***************************
  None
  
  
  ********************************
  Highest Flow Instability Indexes
  ********************************
  All links are stable.
  
  
  *********************************
  Most Frequent Nonconverging Nodes
  *********************************
  Convergence obtained at all time steps.
  
  
  *************************
  Routing Time Step Summary
  *************************
  Minimum Time Step           :     0.47 sec
  Average Time Step           :     2.00 sec
  Maximum Time Step           :     2.00 sec
  % of Time in Steady State   :     0.00
  Average Iterations per Step :     2.00
  % of Steps Not Converging   :     0.00
  Time Step Frequencies       :
      2.000 -  1.516 sec      :    99.98 %
      1.516 -  1.149 sec      :     0.00 %
      1.149 -  0.871 sec      :     0.01 %
      0.871 -  0.660 sec      :     0.00 %
      0.660 -  0.500 sec      :     0.00 %
  
  
  ******************
  Node Depth Summary
  ******************
  
  ---------------------------------------------------------------------------------
                                 Average  Maximum  Maximum  Time of Max    Reported
                                   Depth    Depth      HGL   Occurrence   Max Depth
  Node                 Type         Feet     Feet     Feet  days hr:min        Feet
  ---------------------------------------------------------------------------------
  900000               JUNCTION     0.00     0.00   141.00     0  00:00        0.00
  999999               JUNCTION     0.00     0.00   141.00     0  00:00        0.00
  930001               JUNCTION     5.00     5.00     5.00     0  00:00        5.00
  930003               JUNCTION     4.00     4.00     4.00     0  00:00        4.00
  930005               JUNCTION     0.00     0.00     0.00     0  00:00        0.00
  930007               JUNCTION     4.00     4.00     4.00     0  00:00        4.00
  930009               JUNCTION     3.80     3.80     3.80     0  00:37        3.80
  930011               JUNCTION     0.37     0.37     0.37     0  00:23        0.37
  930013               JUNCTION     2.39     2.39     2.39     0  00:22        2.39
  930015               JUNCTION     1.61     1.62     1.62     0  01:36        1.62
  931009               JUNCTION     3.00     3.00     3.00     0  00:00        3.00
  933001               JUNCTION     2.55     2.55     2.60     0  00:00        2.55
  904001               JUNCTION     3.50     3.50     3.50     0  00:00        3.50
  904003               JUNCTION     1.91     1.91     1.91     0  00:09        1.91
  904005               JUNCTION     0.00     0.00     0.00     0  00:00        0.00
  904009               JUNCTION     0.00     0.00     0.00     0  00:00        0.00
  904011               JUNCTION     0.00     0.00     0.00     0  00:00        0.00
  904013               JUNCTION     0.00     0.00     0.00     0  00:00        0.00
  905001               JUNCTION     0.00     0.00     0.00     0  00:00        0.00
  905003               JUNCTION     0.00     0.00     0.00     0  00:00        0.00
  905005               JUNCTION     0.00     0.00     0.00     0  00:00        0.00
  940007               JUNCTION     3.50     3.50     3.50     0  00:00        3.50
  940009               JUNCTION     3.50     3.50     3.50     0  00:00        3.50
  940011               JUNCTION     3.00     3.00     3.00     0  00:00        3.00
  941001               JUNCTION     3.50     3.50     3.50     0  00:00        3.50
  941003               JUNCTION     3.00     3.00     3.00     0  00:00        3.00
  941005               JUNCTION     3.00     3.00     3.00     0  00:00        3.00
  942001               JUNCTION     2.06     2.06     2.06     0  00:00        2.06
  900505               OUTFALL      0.00     0.00   141.50     0  00:00        0.00
  900503               STORAGE      0.00     4.79   145.99     0  00:00        0.00
  900500               STORAGE      0.00     5.34   154.34     0  00:00        0.00
  920500               STORAGE      0.00     0.00   141.00     0  00:00        0.00
  900507               STORAGE      0.00     3.54   144.85     0  00:00        0.00
  900509               STORAGE      0.00     3.33   146.79     0  00:00        0.00
  900511               STORAGE      0.00     2.93   147.68     0  00:00        0.00
  900513               STORAGE      0.00     1.68   147.46     0  00:00        0.00
  900515               STORAGE      0.00     1.40   146.80     0  00:00        0.02
  900517               STORAGE      0.00     0.00   151.50     0  00:00        0.00
  901501               STORAGE      4.53     4.53   144.97     0  00:00        4.53
  901503               STORAGE      3.60     3.60   143.60     0  00:00        3.60
  901505               STORAGE      3.50     3.50   144.20     0  00:00        3.50
  901507               STORAGE      0.00     3.00   144.80     0  00:00        0.01
  901509               STORAGE      0.00     0.00   143.90     0  00:00        0.00
  901511               STORAGE      0.00     0.00   142.00     0  00:00        0.00
  902501               STORAGE      1.57     1.57   147.05     0  00:00        1.57
  903501               STORAGE      0.00     0.00   145.91     0  00:00        0.00
  904505               STORAGE      0.00     0.00   146.54     0  00:00        0.00
  904501               STORAGE      0.00     1.10   144.56     0  00:00        0.00
  904503               STORAGE      0.00     0.00   145.97     0  00:00        0.00
  904507               STORAGE      0.00     0.00   146.54     0  00:00        0.00
  904509               STORAGE      0.00     0.00   147.14     0  00:00        0.00
  904511               STORAGE      0.00     0.00   148.17     0  00:00        0.00
  904513               STORAGE      0.00     0.00   149.50     0  00:00        0.00
  905501               STORAGE      0.00     0.00   150.22     0  00:00        0.00
  905503               STORAGE      0.00     0.00   151.29     0  00:00        0.00
  905505               STORAGE      0.00     0.00   153.35     0  00:00        0.00
  906501               STORAGE      0.80     0.80   147.30     0  00:00        0.80
  910503               STORAGE      5.34     5.34   147.84     0  00:00        5.34
  910505               STORAGE      0.60     5.30   149.30     0  00:00        0.62
  920503               STORAGE      0.00     0.00   141.00     0  00:00        0.00
  910507               STORAGE      0.00     4.99   148.29     0  00:00        0.01
  910509               STORAGE      0.00     4.44   147.84     0  00:00        0.01
  910511               STORAGE      0.00     4.03   148.53     0  00:00        0.00
  910513               STORAGE      3.60     3.60   148.30     0  00:00        3.60
  911503               STORAGE      0.16     4.15   148.45     0  00:00        0.17
  911505               STORAGE      0.00     2.77   148.97     0  00:00        0.00
  911507               STORAGE      2.40     2.40   148.47     0  00:00        2.40
  912503               STORAGE      2.20     2.20   149.24     0  00:00        2.20
  
  
  *******************
  Node Inflow Summary
  *******************
  
  -------------------------------------------------------------------------------------------------
                                  Maximum  Maximum                  Lateral       Total        Flow
                                  Lateral    Total  Time of Max      Inflow      Inflow     Balance
                                   Inflow   Inflow   Occurrence      Volume      Volume       Error
  Node                 Type           CFS      CFS  days hr:min    10^6 gal    10^6 gal     Percent
  -------------------------------------------------------------------------------------------------
  900000               JUNCTION      0.00     0.00     0  00:00           0           0       0.000 gal
  999999               JUNCTION      0.00     0.00     0  00:00           0           0       0.000 gal
  930001               JUNCTION      0.00  2487.02     0  00:00           0       0.114      88.690
  930003               JUNCTION      0.00  1810.93     0  00:00           0      0.0666     199.499
  930005               JUNCTION      0.00     0.00     0  00:00           0           0       0.000 gal
  930007               JUNCTION      0.00   995.84     0  00:00           0      0.0394    2762.744
  930009               JUNCTION      0.00   839.56     0  00:00           0       0.042   41958.979 gal
  930011               JUNCTION      0.00    55.49     0  00:00           0       0.005    4996.397 gal
  930013               JUNCTION      0.00   155.13     0  00:00           0     0.00745    7453.745 gal
  930015               JUNCTION      0.00    61.70     0  00:00           0      0.0128   12822.588 gal
  931009               JUNCTION      0.00   169.15     0  00:00           0      0.0237     415.592
  933001               JUNCTION      0.00   205.70     0  00:00           0      0.0129      -2.871
  904001               JUNCTION      0.00   891.32     0  00:00           0      0.0455      -0.120
  904003               JUNCTION      0.00    98.35     0  00:00           0     0.00376    3756.946 gal
  904005               JUNCTION      0.00     0.00     0  00:00           0           0       0.000 gal
  904009               JUNCTION      0.00     0.00     0  00:00           0           0       0.000 gal
  904011               JUNCTION      0.00     0.00     0  00:00           0           0       0.000 gal
  904013               JUNCTION      0.00     0.00     0  00:00           0           0       0.000 gal
  905001               JUNCTION      0.00     0.00     0  00:00           0           0       0.000 gal
  905003               JUNCTION      0.00     0.00     0  00:00           0           0       0.000 gal
  905005               JUNCTION      0.00     0.00     0  00:00           0           0       0.000 gal
  940007               JUNCTION      0.00   440.52     0  00:00           0      0.0357      44.036
  940009               JUNCTION      0.00   382.13     0  00:00           0      0.0275     119.827
  940011               JUNCTION      0.00   335.37     0  00:00           0       0.019      63.549
  941001               JUNCTION      0.00   292.94     0  00:00           0      0.0481     183.817
  941003               JUNCTION      0.00   238.47     0  00:00           0      0.0266     120.478
  941005               JUNCTION      0.00   238.52     0  00:00           0      0.0121     186.509
  942001               JUNCTION      0.00   189.70     0  00:00           0     0.00967    9666.886 gal
  900505               OUTFALL       0.00     0.00     0  00:00           0           0       0.000 gal
  900503               STORAGE       0.00     0.00     0  00:00           0     0.00721     -89.170
  900500               STORAGE       0.00     0.00     0  00:00           0      0.0401     -64.804
  920500               STORAGE       0.00     0.00     0  00:00           0           0       0.000 gal
  900507               STORAGE       0.00     0.00     0  00:00           0     0.00534     -86.449
  900509               STORAGE       0.00     0.00     0  00:00           0     0.00501     -88.056
  900511               STORAGE       0.00     0.00     0  00:00           0     0.00441     -93.045
  900513               STORAGE       0.00     0.00     0  00:00           0     0.00254     -65.881
  900515               STORAGE       0.00     0.00     0  00:00           0     0.00209     -83.667
  900517               STORAGE       0.00     0.00     0  00:00           0           0       0.000 gal
  901501               STORAGE       0.00     0.00     0  00:00           0     0.00678       0.000
  901503               STORAGE       0.00     0.00     0  00:00           0      0.0269       0.000
  901505               STORAGE       0.00     0.00     0  00:00           0      0.0262       0.000
  901507               STORAGE       0.00     0.00     0  00:00           0     0.00449     -81.057
  901509               STORAGE       0.00     0.00     0  00:00           0           0       0.000 gal
  901511               STORAGE       0.00     0.00     0  00:00           0           0       0.000 gal
  902501               STORAGE       0.00     0.00     0  00:00           0      0.0117       0.000
  903501               STORAGE       0.00     0.00     0  00:00           0           0       0.000 gal
  904505               STORAGE       0.00     0.00     0  00:00           0           0       0.000 gal
  904501               STORAGE       0.00     0.00     0  00:00           0     0.00168     -55.404
  904503               STORAGE       0.00     0.00     0  00:00           0           0       0.000 gal
  904507               STORAGE       0.00     0.00     0  00:00           0           0       0.000 gal
  904509               STORAGE       0.00     0.00     0  00:00           0           0       0.000 gal
  904511               STORAGE       0.00     0.00     0  00:00           0           0       0.000 gal
  904513               STORAGE       0.00     0.00     0  00:00           0           0       0.000 gal
  905501               STORAGE       0.00     0.00     0  00:00           0           0       0.000 gal
  905503               STORAGE       0.00     0.00     0  00:00           0           0       0.000 gal
  905505               STORAGE       0.00     0.00     0  00:00           0           0       0.000 gal
  906501               STORAGE       0.00     0.00     0  00:00           0      0.0012       0.000
  910503               STORAGE       0.00     0.00     0  00:00           0     0.00799       0.000
  910505               STORAGE       0.00     0.00     0  00:00           0     0.00793     -83.820
  920503               STORAGE       0.00     0.00     0  00:00           0           0       0.000 gal
  910507               STORAGE       0.00     0.00     0  00:00           0     0.00748     -83.506
  910509               STORAGE       0.00     0.00     0  00:00           0     0.00666     -75.826
  910511               STORAGE       0.00     0.00     0  00:00           0     0.00606     -68.102
  910513               STORAGE       0.00     0.00     0  00:00           0     0.00539       0.000
  911503               STORAGE       0.00     0.00     0  00:00           0     0.00622     -76.836
  911505               STORAGE       0.00     0.00     0  00:00           0     0.00419     -65.420
  911507               STORAGE       0.00     0.00     0  00:00           0     0.00359       0.000
  912503               STORAGE       0.00     0.00     0  00:00           0     0.00329       0.000
  
  
  **********************
  Node Surcharge Summary
  **********************
  
  Surcharging occurs when water rises above the top of the highest conduit.
  ---------------------------------------------------------------------
                                               Max. Height   Min. Depth
                                   Hours       Above Crown    Below Rim
  Node                 Type      Surcharged           Feet         Feet
  ---------------------------------------------------------------------
  930001               JUNCTION       24.00          0.000        0.000
  930003               JUNCTION       24.00          0.000        0.000
  930007               JUNCTION       24.00          0.000        0.000
  931009               JUNCTION       23.99          0.000        0.000
  933001               JUNCTION       24.00          0.000        0.000
  904001               JUNCTION       24.00          0.000        0.000
  940007               JUNCTION       24.00          0.000        0.000
  940009               JUNCTION       24.00          0.000        0.000
  940011               JUNCTION       24.00          0.000        0.000
  941001               JUNCTION       23.99          0.000        0.000
  941003               JUNCTION       24.00          0.000        0.000
  941005               JUNCTION       24.00          0.000        0.000
  
  
  *********************
  Node Flooding Summary
  *********************
  
  Flooding refers to all water that overflows a node, whether it ponds or not.
  --------------------------------------------------------------------------
                                                             Total   Maximum
                                 Maximum   Time of Max       Flood    Ponded
                        Hours       Rate    Occurrence      Volume     Depth
  Node                 Flooded       CFS   days hr:min    10^6 gal      Feet
  --------------------------------------------------------------------------
  930001                  0.83   2024.13      0  00:00       0.055     0.000
  930003                  0.52    849.51      0  00:00       0.020     0.000
  930007                  0.51     18.06      0  00:00       0.001     0.000
  931009                  1.51     28.92      0  00:00       0.005     0.000
  933001                  0.36    204.56      0  00:00       0.013     0.000
  904001                  0.39    878.54      0  00:00       0.045     0.000
  940007                  0.95    427.62      0  00:00       0.024     0.000
  940009                  0.90    246.36      0  00:00       0.012     0.000
  940011                  0.78    294.80      0  00:00       0.011     0.000
  941001                  1.87    148.85      0  00:00       0.017     0.000
  941003                  1.30    162.32      0  00:00       0.012     0.000
  941005                  0.61     89.94      0  00:00       0.004     0.000
  
  
  **********************
  Storage Volume Summary
  **********************
  
  ------------------------------------------------------------------------------------------------
                         Average    Avg   Evap  Exfil     Maximum    Max    Time of Max    Maximum
                          Volume   Pcnt   Pcnt   Pcnt      Volume   Pcnt     Occurrence    Outflow
  Storage Unit          1000 ft³   Full   Loss   Loss    1000 ft³   Full    days hr:min        CFS
  ------------------------------------------------------------------------------------------------
  900503                   0.000    0.0    0.0    0.0       0.959   47.9       0  00:00    1810.93
  900500                   0.001    0.0    0.0    0.0       5.342   53.4       0  00:00    2487.02
  920500                   0.000    0.0    0.0    0.0       0.000    0.0       0  00:00       0.00
  900507                   0.000    0.0    0.0    0.0       0.709   35.4       0  00:00     995.84
  900509                   0.000    0.0    0.0    0.0       0.667   33.3       0  00:00     839.56
  900511                   0.000    0.0    0.0    0.0       0.586   29.3       0  00:00    1151.60
  900513                   0.000    0.0    0.0    0.0       0.337   16.8       0  00:00     155.13
  900515                   0.000    0.0    0.0    0.0       0.280   14.0       0  00:00      61.70
  900517                   0.000    0.0    0.0    0.0       0.000    0.0       0  00:00       0.00
  901501                   0.906   45.3    0.0    0.0       0.906   45.3       0  00:00       0.00
  901503                   3.600   36.0    0.0    0.0       3.600   36.0       0  00:00       0.00
  901505                   3.500   35.0    0.0    0.0       3.500   35.0       0  00:00       0.00
  901507                   0.000    0.0    0.0    0.0       0.599   30.0       0  00:00     169.15
  901509                   0.000    0.0    0.0    0.0       0.000    0.0       0  00:00       0.00
  901511                   0.000    0.0    0.0    0.0       0.000    0.0       0  00:00       0.00
  902501                   1.570   15.7    0.0    0.0       1.570   15.7       0  00:00       0.00
  903501                   0.000    0.0    0.0    0.0       0.000    0.0       0  00:00       0.00
  904505                   0.000    0.0    0.0    0.0       0.000    0.0       0  00:00       0.00
  904501                   0.000    0.0    0.0    0.0       0.221   11.0       0  00:00      98.35
  904503                   0.000    0.0    0.0    0.0       0.000    0.0       0  00:00       0.00
  904507                   0.000    0.0    0.0    0.0       0.000    0.0       0  00:00       0.00
  904509                   0.000    0.0    0.0    0.0       0.000    0.0       0  00:00       0.00
  904511                   0.000    0.0    0.0    0.0       0.000    0.0       0  00:00       0.00
  904513                   0.000    0.0    0.0    0.0       0.000    0.0       0  00:00       0.00
  905501                   0.000    0.0    0.0    0.0       0.000    0.0       0  00:00       0.00
  905503                   0.000    0.0    0.0    0.0       0.000    0.0       0  00:00       0.00
  905505                   0.000    0.0    0.0    0.0       0.000    0.0       0  00:00       0.00
  906501                   0.160    8.0    0.0    0.0       0.160    8.0       0  00:00       0.00
  910503                   1.068   53.4    0.0    0.0       1.068   53.4       0  00:00       0.00
  910505                   0.121    6.0    0.0    0.0       1.059   53.0       0  00:00     292.94
  920503                   0.000    0.0    0.0    0.0       0.000    0.0       0  00:00       0.00
  910507                   0.000    0.0    0.0    0.0       0.998   49.9       0  00:00     590.79
  910509                   0.000    0.0    0.0    0.0       0.888   44.4       0  00:00     382.13
  910511                   0.000    0.0    0.0    0.0       0.807   40.3       0  00:00     335.37
  910513                   0.720   36.0    0.0    0.0       0.720   36.0       0  00:00       0.00
  911503                   0.032    1.6    0.0    0.0       0.831   41.5       0  00:00     238.47
  911505                   0.000    0.0    0.0    0.0       0.555   27.7       0  00:00     238.52
  911507                   0.480   24.0    0.0    0.0       0.480   24.0       0  00:00       0.00
  912503                   0.440   22.0    0.0    0.0       0.440   22.0       0  00:00       0.00
  
  
  ***********************
  Outfall Loading Summary
  ***********************
  
  -----------------------------------------------------------
                         Flow       Avg       Max       Total
                         Freq      Flow      Flow      Volume
  Outfall Node           Pcnt       CFS       CFS    10^6 gal
  -----------------------------------------------------------
  900505                 0.00      0.00      0.00       0.000
  -----------------------------------------------------------
  System                 0.00      0.00      0.00       0.000
  
  
  ********************
  Link Flow Summary
  ********************
  
  -----------------------------------------------------------------------------
                                 Maximum  Time of Max   Maximum    Max/    Max/
                                  |Flow|   Occurrence   |Veloc|    Full    Full
  Link                 Type          CFS  days hr:min    ft/sec    Flow   Depth
  -----------------------------------------------------------------------------
  900001               CONDUIT   2487.02     0  00:00    >50.00    0.54    0.69
  920000               CONDUIT      0.00     0  00:00      0.00    0.00    0.00
  900003               CONDUIT   1810.93     0  00:00    >50.00    0.52    0.65
  900005               CONDUIT      0.00     0  00:00      0.00    0.00    0.00
  900007               CONDUIT    995.84     0  00:00    >50.00    0.37    0.51
  900009               CONDUIT    839.56     0  00:00    >50.00    0.34    0.48
  900011               CONDUIT     55.49     0  00:00     21.25    0.12    0.37
  900013               CONDUIT    155.13     0  00:00    >50.00    0.14    0.30
  900015               CONDUIT     61.70     0  00:00     39.16    0.16    0.24
  901001               CONDUIT      0.00     0  00:00      0.00    0.00    0.00
  901003               CONDUIT      0.00     0  00:00      0.00    0.00    0.00
  901005               CONDUIT      0.00     0  00:00      0.00    0.00    0.00
  901007               CONDUIT      0.00     0  00:00      0.00    0.00    0.00
  901009               CONDUIT    169.15     0  00:00     43.60    0.61    0.61
  901010               CONDUIT      0.00     0  00:00      0.00    0.00    0.00
  902001               CONDUIT      0.00     0  00:00      0.00    0.00    0.00
  903001               CONDUIT    205.70     0  00:00     45.55    0.78    1.00
  903003               CONDUIT      0.00     0  00:00      0.00    0.00    0.00
  904001               CONDUIT    891.32     0  00:00    >50.00    0.53    0.87
  904003               CONDUIT     98.35     0  00:00    >50.00    0.12    0.30
  904005               CONDUIT      0.00     0  00:00      0.00    0.00    0.00
  904007               CONDUIT      0.00     0  00:00      0.00    0.00    0.00
  904009               CONDUIT      0.00     0  00:00      0.00    0.00    0.00
  904011               CONDUIT      0.00     0  00:00      0.00    0.00    0.00
  904013               CONDUIT      0.00     0  00:00      0.00    0.00    0.00
  905001               CONDUIT      0.00     0  00:00      0.00    0.00    0.00
  905003               CONDUIT      0.00     0  00:00      0.00    0.00    0.00
  905005               CONDUIT      0.00     0  00:00      0.00    0.00    0.00
  906001               CONDUIT      0.00     0  00:00      0.00    0.00    0.00
  910001               CONDUIT      0.00     0  00:00      0.00    0.00    0.00
  910003               CONDUIT      0.00     0  00:00      0.00    0.00    0.00
  920001               CONDUIT      0.00     0  00:00      0.00    0.00    0.00
  910005               CONDUIT      0.00     0  00:00      0.00    0.00    0.00
  910007               CONDUIT    440.52     0  00:00    >50.00    0.87    0.86
  910009               CONDUIT    382.13     0  00:00    >50.00    0.74    0.73
  910011               CONDUIT    335.37     0  00:00    >50.00    0.86    0.79
  911001               CONDUIT    292.94     0  00:00     42.88    0.79    0.72
  911003               CONDUIT    238.47     0  00:00     45.56    0.80    0.73
  911005               CONDUIT    238.52     0  00:00    >50.00    0.53    0.65
  912001               CONDUIT    189.70     0  00:00     46.40    0.56    0.59
  999990               CONDUIT      0.00     0  00:00      0.00    0.00    0.00
  MUL27                WEIR         0.00     0  00:00                      0.00
  
  
  ***************************
  Flow Classification Summary
  ***************************
  
  -------------------------------------------------------------------------------------
                      Adjusted    ---------- Fraction of Time in Flow Class ---------- 
                       /Actual         Up    Down  Sub   Sup   Up    Down  Norm  Inlet 
  Conduit               Length    Dry  Dry   Dry   Crit  Crit  Crit  Crit  Ltd   Ctrl  
  -------------------------------------------------------------------------------------
  900001                  1.00   0.00  0.97  0.00  0.03  0.00  0.00  0.00  1.00  0.00
  920000                  1.00   1.00  0.00  0.00  0.00  0.00  0.00  0.00  0.00  0.00
  900003                  1.00   0.00  0.98  0.00  0.02  0.00  0.00  0.00  1.00  0.00
  900005                  1.00   1.00  0.00  0.00  0.00  0.00  0.00  0.00  0.00  0.00
  900007                  1.00   0.00  0.98  0.00  0.02  0.00  0.00  0.00  1.00  0.00
  900009                  1.00   0.00  0.97  0.00  0.03  0.00  0.00  0.00  1.00  0.00
  900011                  1.00   0.00  0.98  0.00  0.02  0.00  0.00  0.00  1.00  0.00
  900013                  1.00   0.00  0.98  0.00  0.02  0.00  0.00  0.00  1.00  0.00
  900015                  1.00   0.00  0.93  0.00  0.07  0.00  0.00  0.00  1.00  0.00
  901001                  1.00   1.00  0.00  0.00  0.00  0.00  0.00  0.00  0.00  0.00
  901003                  1.00   1.00  0.00  0.00  0.00  0.00  0.00  0.00  0.00  0.00
  901005                  1.00   1.00  0.00  0.00  0.00  0.00  0.00  0.00  0.00  0.00
  901007                  1.00   1.00  0.00  0.00  0.00  0.00  0.00  0.00  0.00  0.00
  901009                  1.00   0.00  0.93  0.00  0.07  0.00  0.00  0.00  1.00  0.00
  901010                  1.00   1.00  0.00  0.00  0.00  0.00  0.00  0.00  0.00  0.00
  902001                  1.00   1.00  0.00  0.00  0.00  0.00  0.00  0.00  0.00  0.00
  903001                  1.00   0.00  0.98  0.00  0.02  0.00  0.00  0.00  1.00  0.00
  903003                  1.00   1.00  0.00  0.00  0.00  0.00  0.00  0.00  0.00  0.00
  904001                  1.00   0.00  0.98  0.00  0.02  0.00  0.00  0.00  1.00  0.00
  904003                  1.00   0.00  0.99  0.00  0.01  0.00  0.00  0.00  1.00  0.00
  904005                  1.00   1.00  0.00  0.00  0.00  0.00  0.00  0.00  0.00  0.00
  904007                  1.00   1.00  0.00  0.00  0.00  0.00  0.00  0.00  0.00  0.00
  904009                  1.00   1.00  0.00  0.00  0.00  0.00  0.00  0.00  0.00  0.00
  904011                  1.00   1.00  0.00  0.00  0.00  0.00  0.00  0.00  0.00  0.00
  904013                  1.00   1.00  0.00  0.00  0.00  0.00  0.00  0.00  0.00  0.00
  905001                  1.00   1.00  0.00  0.00  0.00  0.00  0.00  0.00  0.00  0.00
  905003                  1.00   1.00  0.00  0.00  0.00  0.00  0.00  0.00  0.00  0.00
  905005                  1.00   1.00  0.00  0.00  0.00  0.00  0.00  0.00  0.00  0.00
  906001                  1.00   1.00  0.00  0.00  0.00  0.00  0.00  0.00  0.00  0.00
  910001                  1.00   1.00  0.00  0.00  0.00  0.00  0.00  0.00  0.00  0.00
  910003                  1.00   1.00  0.00  0.00  0.00  0.00  0.00  0.00  0.00  0.00
  920001                  1.00   1.00  0.00  0.00  0.00  0.00  0.00  0.00  0.00  0.00
  910005                  1.00   1.00  0.00  0.00  0.00  0.00  0.00  0.00  0.00  0.00
  910007                  1.00   0.00  0.96  0.00  0.04  0.00  0.00  0.00  1.00  0.00
  910009                  1.00   0.00  0.96  0.00  0.04  0.00  0.00  0.00  1.00  0.00
  910011                  1.00   0.00  0.97  0.00  0.03  0.00  0.00  0.00  1.00  0.00
  911001                  1.00   0.00  0.92  0.00  0.08  0.00  0.00  0.00  1.00  0.00
  911003                  1.00   0.00  0.94  0.00  0.06  0.00  0.00  0.00  1.00  0.00
  911005                  1.00   0.00  0.97  0.00  0.03  0.00  0.00  0.00  1.00  0.00
  912001                  1.00   0.00  1.00  0.00  0.00  0.00  0.00  0.00  1.00  0.00
  999990                  1.00   1.00  0.00  0.00  0.00  0.00  0.00  0.00  0.00  0.00
  
  
  *************************
  Conduit Surcharge Summary
  *************************
  
  ----------------------------------------------------------------------------
                                                           Hours        Hours 
                         --------- Hours Full --------   Above Full   Capacity
  Conduit                Both Ends  Upstream  Dnstream   Normal Flow   Limited
  ----------------------------------------------------------------------------
  900001                      0.01      0.01     24.00      0.01         0.01
  900003                      0.01      0.01     24.00      0.01         0.01
  900007                      0.01      0.01     24.00      0.01         0.01
  901009                      0.01      0.01     23.99      0.01         0.01
  903001                      0.01      0.01     24.00      0.01         0.01
  904001                      0.01      0.01     24.00      0.01         0.01
  910007                      0.01      0.01     24.00      0.01         0.01
  910009                      0.01      0.01     24.00      0.01         0.01
  910011                      0.01      0.01     24.00      0.01         0.01
  911001                      0.01      0.01     23.99      0.01         0.01
  911003                      0.01      0.01     24.00      0.01         0.01
  911005                      0.01      0.01     24.00      0.01         0.01
  912001                      0.01      0.01      0.01      0.01         0.01
  

  Analysis begun on:  Sun Jul 19 15:19:54 2026
  Analysis ended on:  Sun Jul 19 15:19:54 2026
  Total elapsed time: < 1 sec