
  EPA STORM WATER MANAGEMENT MODEL - VERSION 5.2 (Build 5.2.4)
  ------------------------------------------------------------

  Indian Mill Creek Test Run 
  WARNING 04: minimum elevation drop used for Conduit 25010
  WARNING 04: minimum elevation drop used for Conduit 53200
  WARNING 04: minimum elevation drop used for Conduit 53190
  WARNING 04: minimum elevation drop used for Conduit 53180
  
  ****************
  Analysis Options
  ****************
  Flow Units ............... CFS
  Process Models:
    Rainfall/Runoff ........ NO
    RDII ................... NO
    Snowmelt ............... NO
    Groundwater ............ NO
    Flow Routing ........... YES
    Ponding Allowed ........ NO
    Water Quality .......... NO
  Flow Routing Method ...... DYNWAVE
  Surcharge Method ......... EXTRAN
  Starting Date ............ 01/01/2001 00:00:00
  Ending Date .............. 01/02/2001 00:00:00
  Antecedent Dry Days ...... 0.0
  Report Time Step ......... 00:15:00
  Routing Time Step ........ 15.00 sec
  Variable Time Step ....... YES
  Maximum Trials ........... 50
  Number of Threads ........ 1
  Head Tolerance ........... 0.005000 ft
  
  
  **************************        Volume        Volume
  Flow Routing Continuity        acre-feet      10^6 gal
  **************************     ---------     ---------
  Dry Weather Inflow .......         0.000         0.000
  Wet Weather Inflow .......         0.000         0.000
  Groundwater Inflow .......         0.000         0.000
  RDII Inflow ..............         0.000         0.000
  External Inflow ..........        55.535        18.097
  External Outflow .........         7.364         2.400
  Flooding Loss ............         0.000         0.000
  Evaporation Loss .........         0.000         0.000
  Exfiltration Loss ........         0.000         0.000
  Initial Stored Volume ....         0.002         0.001
  Final Stored Volume ......         7.741         2.523
  Continuity Error (%) .....        72.802
  
  
  *************************
  Highest Continuity Errors
  *************************
  Node 920290 (100.00%)
  Node 923120 (100.00%)
  Node 945050 (100.00%)
  Node 923130 (73.11%)
  Node 945060 (71.27%)
  
  
  ***************************
  Time-Step Critical Elements
  ***************************
  Link 10390 (56.32%)
  Link 20370 (12.56%)
  Link 10580 (8.31%)
  Link 20030 (7.63%)
  Link 10380 (4.47%)
  
  
  ********************************
  Highest Flow Instability Indexes
  ********************************
  Link 10380 (4)
  Link 10390 (2)
  
  
  *********************************
  Most Frequent Nonconverging Nodes
  *********************************
  Node 910000 (0.94%)
  Node 941060 (0.02%)
  Node 920210 (0.02%)
  Node 925020 (0.01%)
  Node 910680 (0.01%)
  
  
  *************************
  Routing Time Step Summary
  *************************
  Minimum Time Step           :     0.97 sec
  Average Time Step           :     2.92 sec
  Maximum Time Step           :    15.00 sec
  % of Time in Steady State   :     0.00
  Average Iterations per Step :     2.50
  % of Steps Not Converging   :     0.94
  Time Step Frequencies       :
     15.000 -  7.597 sec      :     2.25 %
      7.597 -  3.848 sec      :    23.02 %
      3.848 -  1.949 sec      :    18.41 %
      1.949 -  0.987 sec      :    56.32 %
      0.987 -  0.500 sec      :     0.00 %
  
  
  ******************
  Node Depth Summary
  ******************
  
  ---------------------------------------------------------------------------------
                                 Average  Maximum  Maximum  Time of Max    Reported
                                   Depth    Depth      HGL   Occurrence   Max Depth
  Node                 Type         Feet     Feet     Feet  days hr:min        Feet
  ---------------------------------------------------------------------------------
  920370               JUNCTION   781.76   790.62  1790.62     0  02:46      790.61
  920360               JUNCTION   751.28   790.19  1790.19     0  05:35      790.19
  920350               JUNCTION   698.56   786.95  1786.95     0  08:16      786.95
  920340               JUNCTION   642.94   781.87  1781.87     0  11:00      781.83
  920330               JUNCTION   600.58   781.39  1781.39     0  13:44      781.39
  920320               JUNCTION   527.89   780.47  1780.47     0  16:49      780.47
  920310               JUNCTION   412.45   780.04  1780.04     0  19:12      780.04
  920300               JUNCTION   250.08   773.08  1773.08     0  22:20      773.08
  920290               JUNCTION    59.63   595.16  1595.16     1  00:00      595.16
  920280               JUNCTION   666.23   771.27  1771.27     0  09:54      771.27
  920270               JUNCTION   637.34   770.65  1770.65     0  10:06      770.52
  920260               JUNCTION   695.76   768.04  1768.04     0  10:15      768.04
  920250               JUNCTION   639.25   763.69  1763.69     0  10:11      763.67
  920240               JUNCTION   610.74   757.58  1757.58     0  10:52      757.57
  920230               JUNCTION   600.47   757.23  1757.23     0  12:27      757.21
  920220               JUNCTION   586.30   755.64  1755.64     0  12:35      755.62
  920210               JUNCTION   571.78   754.19  1754.19     0  13:21      754.17
  920200               JUNCTION   554.50   752.29  1752.29     0  17:12      752.29
  920190               JUNCTION   523.11   752.02  1752.02     0  15:08      752.00
  920180               JUNCTION   607.30   749.07  1749.07     0  15:30      749.07
  920170               JUNCTION   580.69   747.41  1747.41     0  12:38      747.37
  920160               JUNCTION   563.32   744.48  1744.48     0  16:06      744.48
  920150               JUNCTION   534.91   744.25  1744.25     0  16:00      744.25
  920140               JUNCTION   487.81   740.56  1740.56     0  16:23      740.56
  920130               JUNCTION   461.32   738.60  1738.60     0  16:35      738.60
  920110               JUNCTION   441.35   738.21  1738.21     0  17:35      738.20
  920090               JUNCTION   417.99   734.08  1734.08     0  19:21      734.08
  920070               JUNCTION   377.38   733.98  1733.98     0  19:17      733.98
  920060               JUNCTION   330.47   731.47  1731.47     0  19:29      731.47
  920050               JUNCTION   417.86   730.21  1730.21     0  19:47      730.21
  920030               JUNCTION   639.19   729.81  1729.81     0  19:57      729.81
  920010               JUNCTION   681.80   729.83  1729.83     0  19:58      729.83
  910740               JUNCTION   646.05   728.65  1728.65     0  20:03      728.65
  910720               JUNCTION   608.69   728.20  1728.20     0  20:07      728.19
  921040               JUNCTION   745.03   753.06  1753.06     0  03:49      753.06
  921020               JUNCTION   723.25   748.54  1748.54     0  03:59      748.53
  921010               JUNCTION   695.01   733.34  1733.34     0  04:45      733.11
  921030               JUNCTION   745.03   753.06  1753.06     0  03:49      753.06
  922060               JUNCTION   765.11   773.61  1773.61     0  03:35      773.61
  922050               JUNCTION   728.39   764.93  1764.93     0  05:24      764.90
  922040               JUNCTION   675.21   756.21  1756.21     0  08:06      756.21
  922030               JUNCTION   622.93   751.98  1751.98     0  13:18      751.98
  922020               JUNCTION   583.03   751.40  1751.40     0  13:19      751.37
  922010               JUNCTION   517.01   739.19  1739.19     0  16:52      739.19
  923200               JUNCTION   804.78   814.22  1814.22     0  05:45      814.22
  923180               JUNCTION   713.07   810.31  1810.31     0  08:43      810.31
  923160               JUNCTION   610.90   808.18  1808.18     0  14:31      808.18
  923150               JUNCTION   519.86   805.55  1805.55     0  19:12      805.55
  923140               JUNCTION   379.23   805.16  1805.16     0  21:29      805.16
  923130               JUNCTION   190.07   798.66  1798.66     0  23:59      798.66
  923120               JUNCTION    15.11   299.39  1299.39     1  00:00      299.39
  923110               JUNCTION     0.00     0.00  1000.00     0  00:00        0.00
  923100               JUNCTION     0.00     0.00  1000.00     0  00:00        0.00
  923030               JUNCTION   696.14   768.69  1768.69     0  08:18      768.69
  923020               JUNCTION   660.83   761.01  1761.01     0  09:43      761.01
  923010               JUNCTION   634.80   760.85  1760.85     0  09:42      760.75
  923060               JUNCTION   770.78   779.49  1779.49     0  04:06      779.48
  923050               JUNCTION   751.45   778.67  1778.67     0  04:12      778.67
  923040               JUNCTION   725.60   773.23  1773.23     0  06:53      773.23
  923070               JUNCTION   777.39   786.27  1786.27     0  02:45      786.27
  925040               JUNCTION   785.60   794.58  1794.58     0  04:17      794.58
  925030               JUNCTION   753.62   784.05  1784.05     0  04:17      783.95
  925020               JUNCTION   724.99   772.29  1772.29     0  05:33      772.29
  925010               JUNCTION   701.54   771.56  1771.56     0  08:31      771.56
  925050               JUNCTION   785.60   794.58  1794.58     0  04:17      794.58
  924020               JUNCTION   771.25   780.19  1780.19     0  02:43      780.16
  924010               JUNCTION   743.85   772.49  1772.49     0  05:19      772.49
  923170               JUNCTION   658.30   809.12  1809.12     0  11:31      809.10
  923190               JUNCTION   769.31   811.92  1811.92     0  05:52      811.91
  910710               JUNCTION   580.44   723.09  1723.09     0  20:09      723.09
  91700                JUNCTION   571.83   721.43  1721.43     0  20:28      721.43
  910690               JUNCTION   552.03   717.13  1717.13     0  20:34      717.13
  910680               JUNCTION   699.16   715.26  1715.26     0  21:00      715.26
  910650               JUNCTION   644.14   714.26  1714.26     0  21:07      714.26
  910630               JUNCTION   603.53   713.27  1713.27     0  21:09      713.27
  910620               JUNCTION   582.97   711.49  1711.49     0  21:12      711.49
  910610               JUNCTION   564.17   710.54  1710.54     0  21:13      710.54
  910600               JUNCTION   543.30   706.24  1706.24     0  21:14      706.24
  910580               JUNCTION   526.48   702.75  1702.75     0  21:15      702.75
  910560               JUNCTION   510.94   702.14  1702.14     0  21:15      702.14
  910540               JUNCTION   491.99   698.62  1698.62     0  21:16      698.62
  910520               JUNCTION   476.68   698.29  1698.29     0  15:12      698.16
  910510               JUNCTION   459.55   689.17  1689.17     0  21:22      689.17
  910500               JUNCTION   438.82   681.88  1681.88     0  16:04      681.78
  910490               JUNCTION   424.03   679.55  1679.55     0  16:26      679.51
  910480               JUNCTION   614.04   674.82  1674.82     0  21:29      674.82
  910470               JUNCTION   569.92   669.16  1669.16     0  21:40      669.16
  910460               JUNCTION   526.26   662.11  1662.11     0  21:43      662.11
  910440               JUNCTION   487.28   651.88  1651.88     0  21:45      651.88
  910420               JUNCTION   428.46   651.81  1651.81     0  21:45      651.81
  910410               JUNCTION   380.24   647.03  1647.03     1  00:00      647.03
  910390               JUNCTION   370.16   646.76  1646.76     1  00:00      646.76
  910380               JUNCTION   404.96   646.71  1646.71     1  00:00      646.71
  910370               JUNCTION   473.79   646.69  1646.69     1  00:00      646.69
  910350               JUNCTION   410.44   644.89  1644.89     1  00:00      644.90
  910330               JUNCTION   550.34   644.49  1644.49     1  00:00      644.49
  910320               JUNCTION   518.42   641.08  1641.08     1  00:00      641.08
  910300               JUNCTION   483.26   638.45  1638.45     1  00:00      638.45
  910280               JUNCTION   496.52   635.05  1635.05     1  00:00      635.05
  910260               JUNCTION   580.03   635.00  1635.00     1  00:00      635.00
  910250               JUNCTION   533.36   629.70  1629.70     1  00:00      629.70
  910240               JUNCTION   509.50   628.70  1628.70     1  00:00      628.70
  910230               JUNCTION   489.79   624.92  1624.92     1  00:00      624.92
  910220               JUNCTION   469.88   620.23  1620.23     0  22:34      620.23
  910200               JUNCTION   440.73   617.35  1617.35     0  22:35      617.35
  910190               JUNCTION   409.06   615.84  1615.84     0  22:35      615.84
  910180               JUNCTION   386.99   615.66  1615.66     0  22:36      615.66
  910170               JUNCTION   364.88   614.40  1614.40     0  22:37      614.40
  910160               JUNCTION   346.74   613.02  1613.02     0  22:38      613.02
  910140               JUNCTION   329.24   612.11  1612.11     0  22:39      612.11
  910130               JUNCTION   315.64   611.64  1611.64     0  22:39      611.64
  910110               JUNCTION   305.73   611.30  1611.30     0  22:39      611.30
  910070               JUNCTION   282.84   610.00  1610.00     0  22:40      610.00
  910050               JUNCTION   275.70   609.58  1609.58     0  22:42      609.58
  910030               JUNCTION   266.19   606.43  1606.43     0  22:43      606.43
  910010               JUNCTION   259.05   605.38  1605.38     0  22:45      605.38
  910080               JUNCTION   290.02   610.33  1610.33     0  22:40      610.33
  910090               JUNCTION   297.45   610.61  1610.61     0  22:40      610.61
  910670               JUNCTION   679.57   714.26  1714.26     0  21:07      714.26
  941070               JUNCTION   742.09   750.20  1750.20     0  02:38      750.07
  941060               JUNCTION   701.38   733.23  1733.23     0  05:07      733.19
  941050               JUNCTION   641.00   710.35  1710.35     0  09:06      710.35
  941040               JUNCTION   542.43   685.19  1685.19     0  13:31      685.19
  941030               JUNCTION   486.89   659.99  1659.99     0  14:47      659.99
  941020               JUNCTION   417.34   651.54  1651.54     0  17:56      651.54
  941010               JUNCTION   329.30   649.06  1649.06     0  20:05      649.06
  941045               JUNCTION   578.52   688.25  1688.25     0  10:00      688.24
  942040               JUNCTION   632.44   638.29  1638.29     0  04:28      638.29
  942030               JUNCTION   612.31   634.31  1634.31     0  04:36      634.30
  942020               JUNCTION   582.68   633.45  1633.45     0  09:11      633.45
  942010               JUNCTION   541.22   631.36  1631.36     0  09:19      631.31
  945140               JUNCTION   744.41   752.43  1752.43     0  03:13      752.43
  945130               JUNCTION   715.70   750.15  1750.15     0  06:29      750.15
  945120               JUNCTION   664.02   741.36  1741.36     0  07:55      741.35
  945110               JUNCTION   610.90   733.86  1733.86     0  10:27      733.86
  945100               JUNCTION   568.13   726.64  1726.64     0  13:09      726.64
  945090               JUNCTION   517.79   726.13  1726.13     0  17:07      726.13
  945080               JUNCTION   422.53   712.23  1712.23     0  19:34      712.23
  945070               JUNCTION   296.02   700.20  1700.20     0  20:42      700.20
  945060               JUNCTION   149.80   699.20  1699.20     0  23:26      699.20
  945050               JUNCTION    13.54   283.61  1283.61     1  00:00      283.61
  945040               JUNCTION     0.00     0.00  1000.00     0  00:00        0.00
  945030               JUNCTION     0.00     0.00  1000.00     0  00:00        0.00
  945020               JUNCTION     0.00     0.00  1000.00     0  00:00        0.00
  945010               JUNCTION     0.00     0.00  1000.00     0  00:00        0.00
  949040               JUNCTION   751.88   760.37  1760.37     0  02:39      760.13
  949030               JUNCTION   727.09   750.75  1750.75     0  09:06      750.75
  949020               JUNCTION   684.28   750.06  1750.06     0  10:01      750.06
  949010               JUNCTION   617.77   733.45  1733.45     0  12:33      733.45
  948010               JUNCTION   737.97   746.19  1746.19     0  02:36      745.96
  947040               JUNCTION   755.79   764.35  1764.35     0  02:40      764.21
  947030               JUNCTION   718.59   736.43  1736.43     0  03:18      736.39
  947020               JUNCTION   689.13   725.42  1725.42     0  09:50      725.42
  947010               JUNCTION   646.30   724.86  1724.86     0  09:50      724.86
  946020               JUNCTION   685.61   692.42  1692.42     0  03:12      692.42
  946010               JUNCTION   657.34   684.49  1684.49     0  04:53      684.49
  931020               JUNCTION   694.43   701.52  1701.52     0  02:27      701.41
  931010               JUNCTION   655.25   681.61  1681.61     0  04:46      681.58
  932090               JUNCTION   735.88   743.87  1743.87     0  05:16      743.87
  932080               JUNCTION   709.11   742.88  1742.88     0  13:31      742.88
  932070               JUNCTION   661.99   741.66  1741.66     0  13:31      741.66
  932060               JUNCTION   596.73   719.00  1719.00     0  13:01      719.00
  932050               JUNCTION   552.45   707.91  1707.91     0  13:12      707.91
  932040               JUNCTION   502.04   706.56  1706.56     0  15:35      706.55
  932020               JUNCTION   665.78   692.55  1692.55     0  17:30      692.55
  932010               JUNCTION   606.58   664.65  1664.65     0  15:58      664.65
  932030               JUNCTION   689.14   696.17  1696.17     0  02:26      696.03
  953300               JUNCTION   735.57   743.41  1743.41     0  04:34      743.41
  953290               JUNCTION   707.83   741.34  1741.34     0  05:39      741.34
  953280               JUNCTION   659.17   735.08  1735.08     0  07:58      735.08
  953270               JUNCTION   608.37   730.03  1730.03     0  10:54      730.03
  953260               JUNCTION   570.73   729.96  1729.96     0  15:59      729.96
  953240               JUNCTION   514.07   728.92  1728.92     0  16:21      728.92
  953230               JUNCTION   555.28   722.47  1722.47     1  00:00      722.47
  953220               JUNCTION   525.15   719.70  1719.70     1  00:00      719.70
  953380               JUNCTION   721.72   729.34  1729.34     0  04:59      729.34
  953370               JUNCTION   693.10   726.26  1726.26     0  06:59      726.26
  953360               JUNCTION   650.88   725.96  1725.96     0  09:34      725.96
  953350               JUNCTION   618.06   725.50  1725.50     0  11:45      725.50
  953330               JUNCTION   690.61   725.41  1725.41     0  11:39      725.41
  953320               JUNCTION   622.20   724.24  1724.24     0  12:40      724.24
  953310               JUNCTION   577.93   724.23  1724.23     0  12:42      724.23
  953340               JUNCTION   718.03   725.52  1725.52     0  05:20      725.52
  953210               JUNCTION   483.88   719.12  1719.12     1  00:00      719.12
  953200               JUNCTION   445.62   719.11  1719.11     1  00:00      719.11
  953190               JUNCTION   412.14   719.07  1719.07     1  00:00      719.07
  953180               JUNCTION   368.31   719.03  1719.03     1  00:00      719.03
  953170               JUNCTION   312.07   718.37  1718.37     1  00:00      718.37
  953160               JUNCTION   264.82   717.95  1717.95     0  22:20      717.95
  953150               JUNCTION   215.37   717.94  1717.94     0  22:20      717.94
  953140               JUNCTION   145.19   716.21  1716.21     0  22:24      716.21
  953130               JUNCTION    86.16   715.82  1715.82     1  00:00      715.82
  953110               JUNCTION   601.29   714.95  1714.95     1  00:00      714.95
  953100               JUNCTION   684.56   714.94  1714.94     1  00:00      714.94
  950220               JUNCTION   622.61   712.69  1712.69     1  00:00      712.69
  950210               JUNCTION   574.54   707.66  1707.66     1  00:00      707.66
  950200               JUNCTION   552.63   701.58  1701.58     1  00:00      701.58
  950190               JUNCTION   596.20   695.67  1695.67     1  00:00      695.67
  950180               JUNCTION   559.84   695.04  1695.04     1  00:00      695.04
  950170               JUNCTION   533.89   694.38  1694.38     1  00:00      694.38
  950130               JUNCTION   514.73   686.49  1686.49     1  00:00      686.49
  950120               JUNCTION   481.85   669.78  1669.78     1  00:00      669.78
  950110               JUNCTION   444.24   654.88  1654.88     1  00:00      654.88
  950100               JUNCTION   515.47   647.79  1647.79     1  00:00      647.79
  952030               JUNCTION   720.29   727.82  1727.82     0  05:45      727.82
  952020               JUNCTION   693.19   724.95  1724.95     0  09:06      724.95
  952010               JUNCTION   626.56   720.05  1720.05     0  09:35      720.04
  954030               JUNCTION   716.22   724.04  1724.04     0  02:31      723.71
  954020               JUNCTION   692.06   714.96  1714.96     0  04:26      714.96
  954010               JUNCTION   648.88   705.15  1705.15     0  09:06      705.15
  953120               JUNCTION   707.79   715.03  1715.03     0  02:33      715.03
  951140               JUNCTION   728.17   735.89  1735.89     0  03:32      735.89
  951130               JUNCTION   701.44   734.30  1734.30     0  05:17      734.29
  951120               JUNCTION   658.25   732.82  1732.82     0  07:53      732.82
  951110               JUNCTION   603.40   722.58  1722.58     0  10:31      722.58
  951100               JUNCTION   561.56   715.83  1715.83     0  12:51      715.83
  951090               JUNCTION   513.24   712.61  1712.61     0  15:29      712.61
  951080               JUNCTION   430.62   709.52  1709.52     0  17:49      709.52
  951020               JUNCTION   641.67   707.80  1707.80     0  07:23      707.78
  951040               JUNCTION   715.53   723.01  1723.01     0  02:31      722.94
  951010               JUNCTION   585.24   688.87  1688.87     0  20:15      688.87
  951030               JUNCTION   684.27   713.68  1713.68     0  04:58      713.67
  910000               OUTFALL      0.00     0.00  1000.00     0  00:00        0.00
  
  
  *******************
  Node Inflow Summary
  *******************
  
  -------------------------------------------------------------------------------------------------
                                  Maximum  Maximum                  Lateral       Total        Flow
                                  Lateral    Total  Time of Max      Inflow      Inflow     Balance
                                   Inflow   Inflow   Occurrence      Volume      Volume       Error
  Node                 Type           CFS      CFS  days hr:min    10^6 gal    10^6 gal     Percent
  -------------------------------------------------------------------------------------------------
  920370               JUNCTION      1.00     1.00     0  00:00       0.646       0.646      13.031
  920360               JUNCTION      0.00     1.01     0  02:46           0       0.572      14.969
  920350               JUNCTION      0.00     1.00     0  05:35           0       0.497      17.479
  920340               JUNCTION      0.00     1.07     0  11:00           0       0.423      20.986
  920330               JUNCTION      0.00     1.35     0  11:00           0        0.35      26.596
  920320               JUNCTION      0.00     1.17     0  16:27           0       0.276      36.485
  920310               JUNCTION      0.00     1.00     0  20:33           0       0.203      56.774
  920300               JUNCTION      0.00     1.07     0  19:12           0       0.129     130.901
  920290               JUNCTION      0.00     1.00     0  23:43           0      0.0559   55941.977 gal
  920280               JUNCTION      0.00     2.56     0  08:31           0       0.907       9.325
  920270               JUNCTION      0.00     6.10     0  10:05           0        0.83       8.895
  920260               JUNCTION      0.00     5.74     0  10:07           0        1.28       6.761
  920250               JUNCTION      0.00     4.31     0  10:16           0         1.2       4.252
  920240               JUNCTION      0.00     6.29     0  10:12           0        1.15       6.474
  920230               JUNCTION      0.00     3.80     0  10:44           0        1.08       7.112
  920220               JUNCTION      0.00     4.33     0  12:26           0        1.01       8.124
  920210               JUNCTION      0.00     4.41     0  13:21           0       0.931       7.199
  920200               JUNCTION      0.00     4.18     0  13:23           0       0.869      10.318
  920190               JUNCTION      0.00     3.00     0  17:14           0       0.787       9.624
  920180               JUNCTION      0.00     6.67     0  09:42           0         1.5       7.522
  920170               JUNCTION      0.00     5.17     0  15:40           0        1.39       4.031
  920160               JUNCTION      0.00     5.78     0  12:38           0        1.34       7.251
  920150               JUNCTION      0.00     5.05     0  16:09           0        1.25       7.523
  920140               JUNCTION      0.00     5.13     0  16:06           0        1.16       7.197
  920130               JUNCTION      0.00     5.34     0  16:29           0        1.08       6.971
  920110               JUNCTION      0.00     5.12     0  16:35           0        1.01       8.019
  920090               JUNCTION      0.00     6.08     0  17:37           0       0.937      14.985
  920070               JUNCTION      0.00     5.21     0  19:24           0       0.815      13.805
  920060               JUNCTION      0.00     5.65     0  19:25           0       0.716      12.613
  920050               JUNCTION      0.00     6.64     0  19:32           0       0.855      11.715
  920030               JUNCTION      0.00     6.23     0  19:47           0       0.838       9.531
  920010               JUNCTION      0.00    15.62     0  04:45           0        1.83       6.493
  910740               JUNCTION      0.00     8.17     0  20:00           0        1.65       4.863
  910720               JUNCTION      0.00     8.16     0  20:02           0        1.57       6.365
  921040               JUNCTION      1.00     1.00     0  00:00       0.646       0.646      12.594
  921020               JUNCTION      0.00     6.64     0  02:38           0        1.15       3.794
  921010               JUNCTION      0.00     8.40     0  04:00           0        1.11       3.606
  921030               JUNCTION      1.00     1.00     0  00:00       0.646       0.646      12.594
  922060               JUNCTION      1.00     1.00     0  00:00       0.646       0.646      12.814
  922050               JUNCTION      0.00     1.31     0  05:24           0       0.573      14.232
  922040               JUNCTION      0.00     1.35     0  05:24           0       0.501      16.668
  922030               JUNCTION      0.00     1.24     0  10:40           0        0.43      19.936
  922020               JUNCTION      0.00     1.00     0  18:13           0       0.358      24.207
  922010               JUNCTION      0.00     1.39     0  13:19           0       0.289      31.912
  923200               JUNCTION      1.00     1.00     0  00:00       0.646       0.646      13.584
  923180               JUNCTION      0.00     1.25     0  08:36           0       0.491      18.760
  923160               JUNCTION      0.00     1.10     0  11:31           0       0.337      29.649
  923150               JUNCTION      0.00     1.27     0  17:10           0        0.26      43.261
  923140               JUNCTION      0.00     1.00     0  20:58           0       0.181      73.342
  923130               JUNCTION      0.00     1.12     0  22:56           0       0.105     271.916
  923120               JUNCTION      0.00     1.00     1  00:00           0      0.0281   28140.842 gal
  923110               JUNCTION      0.00     0.00     0  00:00           0           0       0.000 gal
  923100               JUNCTION      0.00     0.00     0  00:00           0           0       0.000 gal
  923030               JUNCTION      0.00     2.54     0  06:53           0       0.995       8.416
  923020               JUNCTION      0.00     2.59     0  08:21           0       0.918       9.009
  923010               JUNCTION      0.00     2.01     0  09:44           0       0.842       8.065
  923060               JUNCTION      1.00     1.00     0  00:00       0.646       0.646      13.206
  923050               JUNCTION      0.00     3.05     0  04:05           0        1.15       7.018
  923040               JUNCTION      0.00     2.35     0  05:27           0        1.07       7.729
  923070               JUNCTION      1.00     1.00     0  00:00       0.646       0.646      12.179
  925040               JUNCTION      1.00     1.00     0  00:00       0.646       0.646      13.713
  925030               JUNCTION      0.00     2.93     0  04:17           0        1.14       5.597
  925020               JUNCTION      0.00     5.23     0  04:18           0        1.08       7.449
  925010               JUNCTION      0.00     2.08     0  05:33           0           1      10.463
  925050               JUNCTION      1.00     1.00     0  00:00       0.646       0.646      13.713
  924020               JUNCTION      1.00     1.00     0  00:00       0.646       0.646       9.191
  924010               JUNCTION      0.00     5.31     0  02:44           0       0.592      14.633
  923170               JUNCTION      0.00     1.46     0  11:29           0       0.413      22.640
  923190               JUNCTION      0.00     1.23     0  05:49           0       0.569      15.934
  910710               JUNCTION      0.00     8.15     0  20:08           0        1.48       5.512
  91700                JUNCTION      0.00     9.15     0  20:09           0        1.77       6.462
  910690               JUNCTION      0.00     9.08     0  20:28           0        1.67       5.039
  910680               JUNCTION      0.00    23.68     0  02:37           0        2.22       5.901
  910650               JUNCTION      0.00    11.03     0  21:07           0        2.44       3.095
  910630               JUNCTION      0.00    11.03     0  21:07           0        2.36       3.106
  910620               JUNCTION      0.00    11.03     0  21:09           0        2.29       3.885
  910610               JUNCTION      0.00    11.03     0  21:12           0        2.21       3.378
  910600               JUNCTION      0.00    11.03     0  21:13           0        2.14       3.189
  910580               JUNCTION      0.00    11.03     0  21:14           0        2.07       3.607
  910560               JUNCTION      0.00    11.03     0  21:15           0           2       3.709
  910540               JUNCTION      0.00    11.03     0  21:15           0        1.93       3.645
  910520               JUNCTION      0.00    11.03     0  21:16           0        1.86       2.777
  910510               JUNCTION      0.00    20.54     0  15:13           0        1.81       4.717
  910500               JUNCTION      0.00    11.03     0  21:22           0        1.73       3.307
  910490               JUNCTION      0.00    15.48     0  16:04           0        1.67       3.539
  910480               JUNCTION      0.00    13.39     0  16:27           0        2.13       3.707
  910470               JUNCTION      0.00    12.03     0  21:29           0        2.05       6.039
  910460               JUNCTION      0.00    12.02     0  21:41           0        1.94       3.949
  910440               JUNCTION      0.00    12.02     0  21:43           0        1.86       3.855
  910420               JUNCTION      0.00    12.02     0  21:43           0        1.79       4.927
  910410               JUNCTION      0.00    12.02     0  21:45           0        1.71       4.407
  910390               JUNCTION      0.00    12.02     0  21:49           0        1.65       3.878
  910380               JUNCTION      0.00    12.07     0  23:44           0        1.67       3.791
  910370               JUNCTION      0.00    17.52     1  00:00           0        2.72       2.753
  910350               JUNCTION      0.00    17.47     1  00:00           0        2.57       2.568
  910330               JUNCTION      0.00    19.43     1  00:00           0        3.19       2.671
  910320               JUNCTION      0.00    19.33     1  00:00           0         3.1       4.559
  910300               JUNCTION      0.00    19.20     1  00:00           0        2.97       2.820
  910280               JUNCTION      0.00    19.17     1  00:00           0        2.93       3.550
  910260               JUNCTION      0.00    20.12     1  00:00           0        3.35       3.173
  910250               JUNCTION      0.00    21.08     1  00:00           0         3.6       2.365
  910240               JUNCTION      0.00    21.06     1  00:00           0        3.51       2.601
  910230               JUNCTION      0.00    22.05     1  00:00           0        3.55       3.582
  910220               JUNCTION      0.00    22.02     1  00:00           0        3.43       2.894
  910200               JUNCTION      0.00    22.02     0  22:34           0        3.33       2.257
  910190               JUNCTION      0.00    22.02     0  22:35           0        3.26       1.858
  910180               JUNCTION      0.00    22.02     0  22:35           0         3.2       2.183
  910170               JUNCTION      0.00    22.02     0  22:36           0        3.13       2.502
  910160               JUNCTION      0.00    22.02     0  22:38           0        3.05       2.176
  910140               JUNCTION      0.00    22.02     0  22:38           0        2.99       2.193
  910130               JUNCTION      0.00    22.02     0  22:39           0        2.92       2.128
  910110               JUNCTION      0.00    22.02     0  22:39           0        2.86       2.210
  910070               JUNCTION      0.00    22.02     0  22:40           0        2.68       2.317
  910050               JUNCTION      0.00    22.02     0  22:40           0        2.62       3.007
  910030               JUNCTION      0.00    22.02     0  22:42           0        2.55       2.534
  910010               JUNCTION      0.00    22.02     0  22:44           0        2.48       3.481
  910080               JUNCTION      0.00    22.02     0  22:40           0        2.74       2.205
  910090               JUNCTION      0.00    22.02     0  22:40           0         2.8       2.173
  910670               JUNCTION      0.00    11.03     0  21:00           0        2.53       3.618
  941070               JUNCTION      1.00     1.00     0  00:00       0.646       0.646      11.927
  941060               JUNCTION      0.00     4.07     0  02:37           0       0.577      13.417
  941050               JUNCTION      0.00     1.43     0  05:07           0       0.509      15.239
  941040               JUNCTION      0.00     1.02     0  10:00           0       0.377      20.877
  941030               JUNCTION      0.00     1.21     0  14:44           0       0.312      24.891
  941020               JUNCTION      0.00     1.25     0  17:00           0        0.25      33.230
  941010               JUNCTION      0.00     1.00     0  20:22           0       0.187      48.979
  941045               JUNCTION      0.00     1.00     0  17:33           0       0.442      17.181
  942040               JUNCTION      1.00     1.00     0  00:00       0.646       0.646      10.223
  942030               JUNCTION      0.00     1.49     0  04:31           0       0.586      11.666
  942020               JUNCTION      0.00     1.05     0  04:37           0       0.525      14.307
  942010               JUNCTION      0.00     1.37     0  09:17           0       0.459      15.225
  945140               JUNCTION      1.00     1.00     0  00:00       0.646       0.646      12.483
  945130               JUNCTION      0.00     1.00     0  20:54           0       0.575      14.058
  945120               JUNCTION      0.00     1.29     0  07:53           0       0.504      15.996
  945110               JUNCTION      0.00     1.29     0  10:26           0       0.434      18.779
  945100               JUNCTION      0.00     1.30     0  12:58           0       0.366      23.217
  945090               JUNCTION      0.00     1.00     0  13:09           0       0.297      30.375
  945080               JUNCTION      0.00     1.12     0  18:04           0       0.228      42.674
  945070               JUNCTION      0.00     1.25     0  20:32           0        0.16      71.937
  945060               JUNCTION      0.00     1.01     0  20:42           0      0.0928     248.027
  945050               JUNCTION      0.00     1.00     0  23:27           0      0.0267   26657.709 gal
  945040               JUNCTION      0.00     0.00     0  00:00           0           0       0.000 gal
  945030               JUNCTION      0.00     0.00     0  00:00           0           0       0.000 gal
  945020               JUNCTION      0.00     0.00     0  00:00           0           0       0.000 gal
  945010               JUNCTION      0.00     0.00     0  00:00           0           0       0.000 gal
  949040               JUNCTION      1.00     1.00     0  00:00       0.646       0.646       7.730
  949030               JUNCTION      0.00    16.94     0  02:40           0         0.6      14.969
  949020               JUNCTION      0.00     1.00     0  11:36           0       0.522      17.102
  949010               JUNCTION      0.00     1.00     0  10:01           0       0.446      19.256
  948010               JUNCTION      1.00     1.00     0  00:00       0.646       0.646       1.545
  947040               JUNCTION      1.00     1.00     0  00:00       0.646       0.646       3.123
  947030               JUNCTION      0.00    19.64     0  02:41           0       0.627       9.990
  947020               JUNCTION      0.00     3.35     0  03:19           0        0.57      14.352
  947010               JUNCTION      0.00     1.00     0  20:44           0       0.498      16.566
  946020               JUNCTION      1.00     1.00     0  00:00       0.646       0.646      11.324
  946010               JUNCTION      0.00     1.17     0  04:50           0       0.581      12.545
  931020               JUNCTION      1.00     1.00     0  00:00       0.646       0.646      11.078
  931010               JUNCTION      0.00     3.13     0  02:27           0       0.582      12.290
  932090               JUNCTION      1.00     1.00     0  00:00       0.646       0.646      11.970
  932080               JUNCTION      0.00     1.37     0  02:36           0       0.577      15.413
  932070               JUNCTION      0.00     1.07     0  08:01           0         0.5      16.240
  932060               JUNCTION      0.00     1.05     0  10:32           0        0.43      18.684
  932050               JUNCTION      0.00     1.05     0  13:02           0       0.363      23.314
  932040               JUNCTION      0.00     1.02     0  13:14           0       0.294      29.228
  932020               JUNCTION      0.00     2.88     0  02:26           0        0.81       8.789
  932010               JUNCTION      0.00     2.00     0  15:50           0       0.744       9.317
  932030               JUNCTION      1.00     1.00     0  00:00       0.646       0.646      10.966
  953300               JUNCTION      1.00     1.00     0  00:00       0.646       0.646      12.369
  953290               JUNCTION      0.00     1.01     0  05:23           0       0.575      14.052
  953280               JUNCTION      0.00     1.00     0  05:39           0       0.504      15.942
  953270               JUNCTION      0.00     1.00     0  08:30           0       0.435      18.975
  953260               JUNCTION      0.00     1.04     0  13:05           0       0.366      25.388
  953240               JUNCTION      0.00     1.00     0  16:06           0       0.292      32.339
  953230               JUNCTION      0.00     3.00     1  00:00           0       0.882      10.949
  953220               JUNCTION      0.00     3.00     1  00:00           0       0.795      10.011
  953380               JUNCTION      1.00     1.00     0  00:00       0.646       0.646      12.522
  953370               JUNCTION      0.00     1.45     0  05:15           0       0.574      13.922
  953360               JUNCTION      0.00     1.07     0  08:08           0       0.504      18.964
  953350               JUNCTION      0.00     2.02     0  09:35           0        0.46      20.451
  953330               JUNCTION      0.00     2.08     0  12:16           0       0.953      12.110
  953320               JUNCTION      0.00     2.21     0  12:11           0       0.813       9.792
  953310               JUNCTION      0.00     2.31     0  13:08           0       0.741      12.031
  953340               JUNCTION      1.00     1.00     0  00:00       0.646       0.646      13.266
  953210               JUNCTION      0.00     3.00     1  00:00           0       0.722      11.090
  953200               JUNCTION      0.00     3.05     0  17:41           0        0.65      12.485
  953190               JUNCTION      0.00     3.10     0  17:40           0       0.578      14.350
  953180               JUNCTION      0.00     3.04     0  18:35           0       0.505      19.465
  953170               JUNCTION      0.00     3.00     1  00:00           0       0.423      19.317
  953160               JUNCTION      0.00     3.00     1  00:00           0       0.355      24.460
  953150               JUNCTION      0.00     3.02     0  22:22           0       0.285      40.791
  953140               JUNCTION      0.00     3.06     0  22:22           0       0.202      50.459
  953130               JUNCTION      0.00     3.05     0  22:24           0       0.134     124.014
  953110               JUNCTION      0.00     3.00     1  00:00           0        0.13     135.038
  953100               JUNCTION      0.00     3.97     1  00:00           0       0.634      16.952
  950220               JUNCTION      0.00     4.92     1  00:00           0       0.873      10.046
  950210               JUNCTION      0.00     4.87     1  00:00           0       0.793       9.519
  950200               JUNCTION      0.00     4.76     1  00:00           0       0.724      10.646
  950190               JUNCTION      0.00     5.68     1  00:00           0        1.12       6.188
  950180               JUNCTION      0.00     5.65     1  00:00           0        1.05       6.950
  950170               JUNCTION      0.00     5.63     1  00:00           0       0.982       8.001
  950130               JUNCTION      0.00     5.55     1  00:00           0       0.909       8.351
  950120               JUNCTION      0.00     5.16     1  00:00           0       0.839      10.485
  950110               JUNCTION      0.00     4.25     1  00:00           0        0.76       9.390
  950100               JUNCTION      0.00     6.17     1  00:00           0        1.24      10.001
  952030               JUNCTION      1.00     1.00     0  00:00       0.646       0.646      12.017
  952020               JUNCTION      0.00     1.06     0  06:11           0       0.577      21.435
  952010               JUNCTION      0.00     1.26     0  09:32           0       0.475      18.670
  954030               JUNCTION      1.00     1.00     0  00:00       0.646       0.646       8.397
  954020               JUNCTION      0.00     8.51     0  02:32           0       0.596      12.668
  954010               JUNCTION      0.00     1.11     0  06:52           0       0.529      14.757
  953120               JUNCTION      1.00     1.00     0  00:00       0.646       0.646      11.664
  951140               JUNCTION      1.00     1.00     0  00:00       0.646       0.646      12.236
  951130               JUNCTION      0.00     1.32     0  05:11           0       0.576      13.848
  951120               JUNCTION      0.00     1.12     0  05:18           0       0.506      15.818
  951110               JUNCTION      0.00     1.12     0  10:18           0       0.437      18.494
  951100               JUNCTION      0.00     1.03     0  12:49           0       0.369      22.420
  951090               JUNCTION      0.00     1.00     0  12:51           0       0.301      28.660
  951080               JUNCTION      0.00     1.02     0  17:48           0       0.234      40.122
  951020               JUNCTION      0.00     2.02     0  17:50           0       0.681      10.393
  951040               JUNCTION      1.00     1.00     0  00:00       0.646       0.646      11.491
  951010               JUNCTION      0.00     2.79     0  07:24           0       0.616      13.727
  951030               JUNCTION      0.00     1.77     0  02:32           0        0.58      12.867
  910000               OUTFALL       0.00    22.02     0  22:46           0         2.4       0.000
  
  
  **********************
  Node Surcharge Summary
  **********************
  
  No nodes were surcharged.
  
  
  *********************
  Node Flooding Summary
  *********************
  
  No nodes were flooded.
  
  
  ***********************
  Outfall Loading Summary
  ***********************
  
  -----------------------------------------------------------
                         Flow       Avg       Max       Total
                         Freq      Flow      Flow      Volume
  Outfall Node           Pcnt       CFS       CFS    10^6 gal
  -----------------------------------------------------------
  910000                42.27     19.28     22.02       2.399
  -----------------------------------------------------------
  System                42.27     19.28     22.02       2.399
  
  
  ********************
  Link Flow Summary
  ********************
  
  -----------------------------------------------------------------------------
                                 Maximum  Time of Max   Maximum    Max/    Max/
                                  |Flow|   Occurrence   |Veloc|    Full    Full
  Link                 Type          CFS  days hr:min    ft/sec    Flow   Depth
  -----------------------------------------------------------------------------
  20370                CONDUIT      1.01     0  02:46      2.67    0.53    0.42
  20360                CONDUIT      1.00     0  05:35      4.43    0.00    0.05
  20350                CONDUIT      1.07     0  11:00      9.96    0.00    0.00
  20340                CONDUIT      1.35     0  11:00      3.42    0.00    0.00
  20330                CONDUIT      1.17     0  16:27      4.39    0.00    0.01
  20320                CONDUIT      1.00     0  20:33      2.29    0.04    0.11
  20310                CONDUIT      1.07     0  19:12      8.54    0.00    0.01
  20300                CONDUIT      1.00     0  23:43      2.08    0.02    0.10
  20290                CONDUIT      0.00     0  00:00      0.00    0.00    0.01
  20280                CONDUIT      6.10     0  10:05      2.40    0.00    0.01
  20270                CONDUIT      4.74     0  10:07      2.60    0.00    0.01
  20260                CONDUIT      4.31     0  10:16      3.32    0.00    0.01
  20250                CONDUIT      6.29     0  10:12      4.12    0.00    0.01
  20240                CONDUIT      3.80     0  10:44      2.42    0.06    0.15
  20230                CONDUIT      4.33     0  12:26      2.77    0.00    0.02
  20220                CONDUIT      4.41     0  13:21      3.08    0.00    0.02
  20210                CONDUIT      4.18     0  13:23      1.74    0.00    0.02
  20200                CONDUIT      3.00     0  17:14      2.45    0.01    0.07
  20190                CONDUIT      3.57     0  15:11      1.61    0.00    0.01
  20180                CONDUIT      5.17     0  15:40      1.87    0.00    0.01
  20170                CONDUIT      5.78     0  12:38      2.11    0.00    0.02
  20150                CONDUIT      5.13     0  16:06      2.85    0.00    0.05
  20140                CONDUIT      5.34     0  16:29      2.93    0.00    0.05
  20130                CONDUIT      5.12     0  16:35      3.65    0.03    0.11
  20110                CONDUIT      6.08     0  17:37      1.97    0.00    0.04
  20090                CONDUIT      5.21     0  19:24      3.86    0.07    0.18
  20070                CONDUIT      5.65     0  19:25      2.37    0.01    0.06
  20060                CONDUIT      5.64     0  19:32      2.27    0.01    0.06
  20050                CONDUIT      6.23     0  19:47      2.23    0.01    0.07
  20030                CONDUIT      6.20     0  19:50      3.21    0.08    0.26
  20010                CONDUIT      8.17     0  20:00      2.45    0.01    0.08
  10740                CONDUIT      8.16     0  20:02      5.17    0.04    0.13
  21040                CONDUIT      3.32     0  02:38      6.09    0.00    0.04
  21020                CONDUIT      8.40     0  04:00      3.52    0.01    0.06
  21010                CONDUIT     15.62     0  04:45      4.65    0.00    0.02
  21030                CONDUIT      3.32     0  02:38      6.09    0.00    0.04
  22060                CONDUIT      1.31     0  05:24      3.95    0.00    0.00
  22050                CONDUIT      1.35     0  05:24      4.06    0.00    0.00
  22040                CONDUIT      1.24     0  10:40      3.85    0.00    0.01
  22030                CONDUIT      1.00     0  18:13      2.87    0.00    0.05
  22020                CONDUIT      1.39     0  13:19      4.09    0.00    0.00
  22010                CONDUIT      1.18     0  18:27      3.83    0.00    0.01
  23160                CONDUIT      1.27     0  17:10      3.00    0.00    0.01
  23150                CONDUIT      1.00     0  20:58      1.64    0.01    0.05
  23140                CONDUIT      1.12     0  22:56      3.31    0.00    0.01
  23130                CONDUIT      1.00     1  00:00      3.31    0.00    0.00
  23120                CONDUIT      0.00     0  00:00      0.00    0.00    0.00
  23110                CONDUIT      0.00     0  00:00      0.00    0.00    0.00
  23100                CONDUIT      0.00     0  00:00      0.00    0.00    0.00
  23030                CONDUIT      2.59     0  08:21      3.57    0.00    0.00
  23020                CONDUIT      2.01     0  09:44      2.50    0.01    0.05
  23010                CONDUIT      6.67     0  09:42      5.54    0.00    0.00
  23060                CONDUIT      1.84     0  04:05      1.66    0.00    0.01
  23050                CONDUIT      2.35     0  05:27      4.43    0.00    0.00
  23040                CONDUIT      2.54     0  06:53      3.41    0.00    0.00
  23070                CONDUIT      2.17     0  02:45      3.77    0.00    0.01
  25040                CONDUIT      1.46     0  04:17      1.20    0.03    0.18
  25030                CONDUIT      5.23     0  04:18      2.61    0.08    0.21
  25020                CONDUIT      2.08     0  05:33      5.39    0.01    0.15
  25010                CONDUIT      2.56     0  08:31      0.76    4.22    0.40
  25050                CONDUIT      1.46     0  04:17      1.20    0.03    0.18
  24020                CONDUIT      5.31     0  02:44      4.26    0.00    0.01
  24010                CONDUIT      1.15     0  07:32      2.94    0.00    0.01
  20160                CONDUIT      5.05     0  16:09      4.33    0.01    0.09
  23180                CONDUIT      1.46     0  11:29      2.78    0.00    0.01
  23170                CONDUIT      1.10     0  11:31      2.61    0.00    0.01
  23200                CONDUIT      1.23     0  05:49      2.42    0.00    0.01
  23190                CONDUIT      1.25     0  08:36      2.76    0.00    0.01
  10720                CONDUIT      8.15     0  20:08      3.24    0.01    0.06
  10710                CONDUIT      8.15     0  20:09      3.29    0.01    0.06
  10700                CONDUIT      9.08     0  20:28      3.33    0.01    0.07
  10690                CONDUIT      9.07     0  20:34      3.30    0.01    0.07
  10670                CONDUIT     11.03     0  21:07      2.06    0.00    0.05
  10650                CONDUIT     11.03     0  21:07      3.98    0.01    0.06
  10630                CONDUIT     11.03     0  21:09      2.68    0.00    0.03
  10620                CONDUIT     11.03     0  21:12      2.86    0.00    0.03
  10610                CONDUIT     11.03     0  21:13      4.32    0.00    0.02
  10600                CONDUIT     11.03     0  21:14      3.59    0.00    0.03
  10580                CONDUIT     11.03     0  21:15      5.78    0.02    0.09
  10560                CONDUIT     11.03     0  21:15      3.20    0.00    0.03
  10540                CONDUIT     11.03     0  21:16      4.50    0.00    0.04
  10520                CONDUIT     20.54     0  15:13      4.97    0.00    0.03
  10510                CONDUIT     11.03     0  21:22      3.81    0.00    0.02
  10500                CONDUIT     15.48     0  16:04      4.19    0.00    0.03
  10490                CONDUIT     12.39     0  16:27      3.56    0.00    0.03
  10480                CONDUIT     12.03     0  21:29      2.83    0.00    0.04
  10470                CONDUIT     12.02     0  21:41      4.45    0.00    0.05
  10460                CONDUIT     12.02     0  21:43      4.54    0.00    0.04
  10440                CONDUIT     12.02     0  21:43      3.69    0.01    0.08
  10420                CONDUIT     12.02     0  21:45      3.87    0.00    0.05
  10410                CONDUIT     12.02     0  21:49      3.79    0.00    0.05
  10390                CONDUIT     12.07     0  23:44      4.18    0.05    0.13
  10380                CONDUIT     12.08     0  23:44      3.64    0.00    0.03
  10370                CONDUIT     17.47     1  00:00      3.90    0.00    0.03
  10350                CONDUIT     17.43     1  00:00      4.16    0.02    0.08
  10330                CONDUIT     19.33     1  00:00      2.13    0.00    0.07
  10320                CONDUIT     19.20     1  00:00      5.47    0.07    0.17
  10300                CONDUIT     19.17     1  00:00      2.23    0.01    0.12
  10280                CONDUIT     19.12     1  00:00      4.18    0.07    0.18
  10260                CONDUIT     20.08     1  00:00      5.21    0.07    0.19
  10250                CONDUIT     21.06     1  00:00      5.13    0.08    0.19
  10240                CONDUIT     21.05     1  00:00      5.06    0.08    0.20
  10230                CONDUIT     22.02     1  00:00      5.22    0.08    0.20
  10220                CONDUIT     22.02     0  22:34      5.22    0.09    0.20
  10200                CONDUIT     22.02     0  22:35      5.07    0.05    0.15
  10190                CONDUIT     22.02     0  22:35      4.42    0.06    0.15
  10180                CONDUIT     22.02     0  22:36      4.43    0.02    0.11
  10170                CONDUIT     22.02     0  22:38      5.22    0.07    0.18
  10160                CONDUIT     22.02     0  22:38      4.69    0.04    0.14
  10140                CONDUIT     22.02     0  22:39      5.20    0.07    0.18
  10130                CONDUIT     22.02     0  22:39      4.44    0.02    0.09
  10110                CONDUIT     22.02     0  22:40      5.05    0.04    0.13
  10070                CONDUIT     22.02     0  22:40      4.71    0.01    0.08
  10030                CONDUIT     22.02     0  22:44      4.33    0.00    0.05
  10010                CONDUIT     22.02     0  22:46      5.34    0.00    0.02
  10050                CONDUIT     22.02     0  22:42      4.27    0.00    0.05
  10080                CONDUIT     22.02     0  22:40      3.94    0.02    0.10
  10090                CONDUIT     22.02     0  22:40      4.69    0.01    0.08
  10680                CONDUIT     10.03     0  21:00      3.79    0.01    0.07
  41070                CONDUIT      4.07     0  02:37      6.97    0.00    0.00
  41060                CONDUIT      1.43     0  05:07      5.09    0.01    0.06
  41050                CONDUIT      1.00     0  17:33      4.02    0.00    0.04
  41040                CONDUIT      1.21     0  14:44      4.49    0.00    0.00
  41030                CONDUIT      1.25     0  17:00      4.47    0.00    0.00
  41020                CONDUIT      1.00     0  20:22      4.61    0.03    0.12
  41010                CONDUIT      1.00     0  20:05      0.30    0.00    0.02
  41045                CONDUIT      1.02     0  10:00      4.01    0.00    0.04
  42040                CONDUIT      1.49     0  04:31      1.32    0.01    0.06
  42030                CONDUIT      1.05     0  04:37      2.48    0.01    0.09
  42020                CONDUIT      1.37     0  09:17      1.09    0.01    0.08
  42010                CONDUIT      1.34     0  09:19      4.19    0.12    0.50
  45140                CONDUIT      1.00     0  20:54      2.24    0.06    0.16
  45130                CONDUIT      1.29     0  07:53      3.78    0.00    0.01
  45120                CONDUIT      1.29     0  10:26      3.82    0.00    0.01
  45110                CONDUIT      1.30     0  12:58      3.86    0.00    0.01
  45100                CONDUIT      1.00     0  13:09      3.64    0.00    0.05
  45090                CONDUIT      1.12     0  18:04      3.76    0.00    0.00
  45080                CONDUIT      1.25     0  20:32      3.76    0.00    0.01
  45070                CONDUIT      1.01     0  20:42      3.71    0.00    0.04
  45060                CONDUIT      1.00     0  23:27      4.70    0.00    0.00
  45050                CONDUIT      0.00     0  00:00      0.00    0.00    0.00
  45040                CONDUIT      0.00     0  00:00      0.00    0.00    0.00
  45030                CONDUIT      0.00     0  00:00      0.00    0.00    0.00
  45020                CONDUIT      0.00     0  00:00      0.00    0.00    0.00
  45010                CONDUIT      0.00     0  00:00      0.00    0.00    0.01
  49040                CONDUIT     16.94     0  02:40      4.93    0.00    0.01
  49030                CONDUIT      1.00     0  11:36      2.97    0.01    0.06
  49020                CONDUIT      1.00     0  10:01      1.71    0.00    0.00
  49010                CONDUIT      1.00     0  12:33      1.82    0.00    0.01
  48010                CONDUIT     23.68     0  02:37      6.26    0.00    0.01
  47040                CONDUIT     19.64     0  02:41      5.72    0.00    0.01
  47030                CONDUIT      3.35     0  03:19      2.58    0.00    0.02
  47020                CONDUIT      1.00     0  20:44      5.13    0.00    0.03
  47010                CONDUIT      1.00     0  09:50      1.01    0.00    0.02
  46020                CONDUIT      1.17     0  04:50      4.00    0.00    0.00
  46010                CONDUIT      1.23     0  07:12      5.72    0.00    0.01
  31020                CONDUIT      3.13     0  02:27      6.19    0.00    0.01
  31010                CONDUIT      1.75     0  04:46      7.06    0.00    0.01
  32090                CONDUIT      1.37     0  02:36      1.88    0.00    0.01
  32080                CONDUIT      1.07     0  08:01      1.29    0.00    0.01
  32070                CONDUIT      1.05     0  10:32      6.43    0.00    0.00
  32060                CONDUIT      1.05     0  13:02      6.01    0.00    0.00
  32050                CONDUIT      1.02     0  13:14      1.87    0.00    0.00
  32040                CONDUIT      1.00     0  15:35      6.84    0.00    0.00
  32020                CONDUIT      2.00     0  15:50      5.35    0.00    0.00
  32010                CONDUIT      2.05     0  16:42      5.55    0.00    0.01
  32030                CONDUIT      2.88     0  02:26      4.35    0.00    0.01
  53300                CONDUIT      1.01     0  05:23      2.19    0.04    0.14
  53290                CONDUIT      1.00     0  05:39      3.09    0.09    0.21
  53280                CONDUIT      1.00     0  08:30      4.40    0.02    0.08
  53270                CONDUIT      1.04     0  13:05      1.72    0.01    0.09
  53260                CONDUIT      1.00     0  16:06      1.67    0.06    0.16
  53240                CONDUIT      1.00     0  16:21      1.35    0.03    0.20
  53230                CONDUIT      3.00     1  00:00      1.63    0.03    0.17
  53380                CONDUIT      1.45     0  05:15      1.39    0.01    0.07
  53370                CONDUIT      1.07     0  08:08      2.05    0.04    0.18
  53360                CONDUIT      1.38     0  09:41      0.81    0.02    0.14
  53350                CONDUIT      1.06     0  12:18      0.47    0.04    0.18
  53330                CONDUIT      2.21     0  12:11      0.82    0.03    0.17
  53320                CONDUIT      2.31     0  13:08      2.80    0.08    0.26
  53310                CONDUIT      2.60     0  13:14      1.19    0.03    0.15
  53340                CONDUIT      1.11     0  05:21      0.80    0.02    0.16
  53220                CONDUIT      3.00     1  00:00      2.65    0.05    0.20
  53210                CONDUIT      3.05     0  17:41      2.63    0.06    0.24
  53200                CONDUIT      3.10     0  17:40      2.10    0.79    0.24
  53190                CONDUIT      3.04     0  18:35      2.11    0.76    0.23
  53180                CONDUIT      3.00     1  00:00      1.63    1.05    0.15
  53170                CONDUIT      3.00     1  00:00      3.37    0.01    0.18
  53160                CONDUIT      3.02     0  22:22      3.05    0.05    0.27
  53150                CONDUIT      3.06     0  22:22      1.43    0.05    0.19
  53140                CONDUIT      3.05     0  22:24      3.96    0.01    0.10
  53130                CONDUIT      3.00     1  00:00      1.02    0.03    0.16
  53110                CONDUIT      2.97     1  00:00      2.20    0.04    0.20
  53100                CONDUIT      3.92     1  00:00      1.27    0.03    0.15
  50210                CONDUIT      4.76     1  00:00      3.43    0.00    0.02
  50200                CONDUIT      4.68     1  00:00      4.72    0.00    0.02
  50190                CONDUIT      5.65     1  00:00      2.69    0.00    0.02
  50180                CONDUIT      5.63     1  00:00      4.13    0.01    0.08
  50170                CONDUIT      5.55     1  00:00      4.44    0.00    0.01
  50130                CONDUIT      5.16     1  00:00      2.17    0.00    0.01
  50120                CONDUIT      4.25     1  00:00      4.55    0.00    0.01
  50110                CONDUIT      4.17     1  00:00      3.73    0.00    0.02
  50100                CONDUIT      5.53     1  00:00      3.72    0.03    0.13
  52030                CONDUIT      1.06     0  06:11      2.13    0.00    0.05
  52020                CONDUIT      1.26     0  09:32      0.86    0.01    0.08
  52010                CONDUIT      1.32     0  09:37      1.23    0.01    0.07
  54030                CONDUIT      8.51     0  02:32      5.21    0.00    0.02
  54020                CONDUIT      1.11     0  06:52      3.68    0.00    0.01
  54010                CONDUIT      1.25     0  09:19      3.67    0.00    0.01
  53120                CONDUIT      1.00     0  05:28      2.51    0.01    0.15
  50220                CONDUIT      4.87     1  00:00      3.90    0.00    0.02
  51140                CONDUIT      1.32     0  05:11      2.87    0.00    0.00
  51130                CONDUIT      1.12     0  05:18      2.26    0.00    0.00
  51120                CONDUIT      1.12     0  10:18      5.11    0.00    0.00
  51110                CONDUIT      1.03     0  12:49      4.16    0.00    0.00
  51100                CONDUIT      1.00     0  12:51      3.76    0.00    0.00
  51090                CONDUIT      1.02     0  17:48      3.76    0.00    0.00
  760                  CONDUIT      1.02     0  17:50      2.77    0.00    0.00
  51040                CONDUIT      1.77     0  02:32      4.07    0.00    0.01
  51020                CONDUIT      2.79     0  07:24      2.78    0.00    0.04
  51010                CONDUIT      2.00     0  20:15      2.11    0.00    0.13
  51030                CONDUIT      1.88     0  04:58      2.37    0.00    0.03
  
  
  ***************************
  Flow Classification Summary
  ***************************
  
  -------------------------------------------------------------------------------------
                      Adjusted    ---------- Fraction of Time in Flow Class ---------- 
                       /Actual         Up    Down  Sub   Sup   Up    Down  Norm  Inlet 
  Conduit               Length    Dry  Dry   Dry   Crit  Crit  Crit  Crit  Ltd   Ctrl  
  -------------------------------------------------------------------------------------
  20370                   1.00   0.11  0.00  0.00  0.00  0.00  0.00  0.89  0.00  0.00
  20360                   1.00   0.23  0.00  0.00  0.00  0.00  0.00  0.77  0.00  0.00
  20350                   1.00   0.34  0.00  0.00  0.54  0.00  0.00  0.11  0.54  0.00
  20340                   1.00   0.46  0.00  0.00  0.43  0.00  0.00  0.11  0.00  0.00
  20330                   1.00   0.57  0.00  0.00  0.31  0.00  0.00  0.11  0.31  0.00
  20320                   1.00   0.69  0.00  0.00  0.00  0.00  0.00  0.31  0.00  0.00
  20310                   1.00   0.80  0.00  0.00  0.09  0.00  0.00  0.11  0.09  0.00
  20300                   1.00   0.91  0.00  0.00  0.00  0.00  0.00  0.09  0.00  0.00
  20290                   1.00   0.36  0.64  0.00  0.00  0.00  0.00  0.00  0.00  0.00
  20280                   1.00   0.36  0.00  0.00  0.58  0.00  0.00  0.07  0.00  0.00
  20270                   1.00   0.31  0.11  0.00  0.58  0.00  0.00  0.00  0.57  0.00
  20260                   1.00   0.31  0.00  0.00  0.58  0.00  0.00  0.11  0.04  0.00
  20250                   1.00   0.42  0.00  0.00  0.55  0.00  0.00  0.02  0.55  0.00
  20240                   1.00   0.45  0.00  0.00  0.04  0.00  0.00  0.51  0.00  0.00
  20230                   1.00   0.48  0.00  0.00  0.48  0.00  0.00  0.04  0.48  0.00
  20220                   1.00   0.52  0.00  0.00  0.44  0.00  0.00  0.04  0.00  0.00
  20210                   1.00   0.56  0.00  0.00  0.41  0.00  0.00  0.03  0.41  0.00
  20200                   1.00   0.59  0.00  0.00  0.00  0.00  0.00  0.41  0.00  0.00
  20190                   1.00   0.45  0.18  0.00  0.37  0.00  0.00  0.00  0.37  0.00
  20180                   1.00   0.45  0.00  0.00  0.47  0.00  0.00  0.07  0.45  0.00
  20170                   1.00   0.53  0.00  0.00  0.44  0.00  0.00  0.03  0.44  0.00
  20150                   1.00   0.62  0.00  0.00  0.33  0.00  0.00  0.05  0.02  0.00
  20140                   1.00   0.66  0.00  0.00  0.31  0.00  0.00  0.02  0.31  0.00
  20130                   1.00   0.69  0.00  0.00  0.00  0.00  0.00  0.31  0.00  0.00
  20110                   1.00   0.71  0.00  0.00  0.27  0.00  0.00  0.02  0.27  0.00
  20090                   1.00   0.73  0.00  0.00  0.02  0.00  0.00  0.24  0.00  0.00
  20070                   1.00   0.77  0.00  0.00  0.20  0.00  0.00  0.04  0.19  0.00
  20060                   1.00   0.77  0.03  0.00  0.20  0.00  0.00  0.00  0.19  0.00
  20050                   1.00   0.38  0.39  0.00  0.23  0.00  0.00  0.00  0.23  0.00
  20030                   1.00   0.23  0.00  0.00  0.62  0.00  0.15  0.00  0.00  0.00
  20010                   1.00   0.23  0.00  0.00  0.66  0.00  0.00  0.11  0.00  0.00
  10740                   1.00   0.34  0.00  0.00  0.00  0.58  0.00  0.08  0.35  0.00
  21040                   1.00   0.11  0.00  0.00  0.83  0.00  0.00  0.06  0.83  0.00
  21020                   1.00   0.17  0.00  0.00  0.01  0.01  0.00  0.82  0.02  0.00
  21010                   1.00   0.20  0.00  0.00  0.77  0.00  0.00  0.03  0.77  0.00
  21030                   1.00   0.11  0.00  0.00  0.83  0.00  0.00  0.06  0.83  0.00
  22060                   1.00   0.11  0.00  0.00  0.11  0.66  0.00  0.11  0.77  0.00
  22050                   1.00   0.23  0.00  0.00  0.11  0.56  0.00  0.11  0.11  0.00
  22040                   1.00   0.33  0.00  0.00  0.56  0.00  0.00  0.11  0.56  0.00
  22030                   1.00   0.44  0.00  0.00  0.00  0.00  0.00  0.56  0.00  0.00
  22020                   1.00   0.55  0.00  0.00  0.11  0.23  0.00  0.11  0.12  0.00
  22010                   1.00   0.66  0.00  0.00  0.23  0.00  0.00  0.11  0.23  0.00
  23160                   1.00   0.60  0.00  0.00  0.28  0.00  0.00  0.12  0.28  0.00
  23150                   1.00   0.72  0.00  0.00  0.00  0.00  0.00  0.28  0.00  0.00
  23140                   1.00   0.84  0.00  0.00  0.04  0.00  0.00  0.12  0.04  0.00
  23130                   1.00   0.95  0.00  0.00  0.00  0.00  0.00  0.05  0.00  0.00
  23120                   1.00   1.00  0.00  0.00  0.00  0.00  0.00  0.00  0.00  0.00
  23110                   1.00   1.00  0.00  0.00  0.00  0.00  0.00  0.00  0.00  0.00
  23100                   1.00   0.29  0.71  0.00  0.00  0.00  0.00  0.00  0.00  0.00
  23030                   1.00   0.29  0.00  0.00  0.65  0.00  0.00  0.06  0.65  0.00
  23020                   1.00   0.35  0.00  0.00  0.00  0.00  0.00  0.65  0.00  0.00
  23010                   1.00   0.40  0.00  0.00  0.53  0.01  0.00  0.05  0.53  0.00
  23060                   1.00   0.11  0.00  0.00  0.83  0.00  0.00  0.06  0.05  0.00
  23050                   1.00   0.17  0.00  0.00  0.77  0.00  0.00  0.06  0.77  0.00
  23040                   1.00   0.23  0.00  0.00  0.71  0.00  0.00  0.06  0.05  0.00
  23070                   1.00   0.11  0.00  0.00  0.83  0.00  0.00  0.06  0.06  0.00
  25040                   1.00   0.12  0.00  0.00  0.82  0.00  0.00  0.06  0.82  0.00
  25030                   1.00   0.18  0.00  0.00  0.78  0.00  0.00  0.05  0.78  0.00
  25020                   1.00   0.22  0.00  0.00  0.70  0.01  0.00  0.06  0.71  0.00
  25010                   1.00   0.28  0.00  0.00  0.64  0.00  0.00  0.07  0.00  0.00
  25050                   1.00   0.12  0.00  0.00  0.82  0.00  0.00  0.06  0.82  0.00
  24020                   1.00   0.11  0.00  0.00  0.80  0.00  0.00  0.08  0.80  0.00
  24010                   1.00   0.20  0.00  0.00  0.69  0.00  0.00  0.12  0.68  0.00
  20160                   1.00   0.56  0.00  0.00  0.00  0.38  0.00  0.06  0.00  0.00
  23180                   1.00   0.36  0.00  0.00  0.52  0.00  0.00  0.12  0.52  0.00
  23170                   1.00   0.48  0.00  0.00  0.40  0.00  0.00  0.12  0.00  0.00
  23200                   1.00   0.12  0.00  0.00  0.76  0.00  0.00  0.12  0.76  0.00
  23190                   1.00   0.24  0.00  0.00  0.64  0.00  0.00  0.12  0.12  0.00
  10720                   1.00   0.41  0.00  0.00  0.53  0.00  0.00  0.06  0.03  0.00
  10710                   1.00   0.47  0.00  0.00  0.51  0.00  0.00  0.02  0.49  0.00
  10700                   1.00   0.49  0.00  0.00  0.47  0.00  0.00  0.04  0.42  0.00
  10690                   1.00   0.12  0.41  0.00  0.47  0.00  0.00  0.00  0.43  0.00
  10670                   1.00   0.22  0.00  0.00  0.68  0.00  0.00  0.09  0.02  0.00
  10650                   1.00   0.32  0.00  0.00  0.00  0.00  0.00  0.68  0.00  0.00
  10630                   1.00   0.38  0.00  0.00  0.57  0.00  0.00  0.05  0.56  0.00
  10620                   1.00   0.43  0.00  0.00  0.00  0.00  0.00  0.57  0.00  0.00
  10610                   1.00   0.49  0.00  0.00  0.00  0.43  0.00  0.08  0.41  0.00
  10600                   1.00   0.54  0.00  0.00  0.43  0.00  0.00  0.03  0.43  0.00
  10580                   1.00   0.57  0.00  0.00  0.00  0.00  0.00  0.43  0.00  0.00
  10560                   1.00   0.59  0.00  0.00  0.39  0.00  0.00  0.02  0.39  0.00
  10540                   1.00   0.61  0.00  0.00  0.00  0.00  0.00  0.38  0.00  0.00
  10520                   1.00   0.63  0.00  0.00  0.00  0.00  0.00  0.37  0.00  0.00
  10510                   1.00   0.65  0.00  0.00  0.00  0.33  0.00  0.02  0.33  0.00
  10500                   1.00   0.67  0.00  0.00  0.00  0.31  0.00  0.02  0.31  0.00
  10490                   1.00   0.30  0.39  0.00  0.15  0.16  0.00  0.00  0.31  0.00
  10480                   1.00   0.30  0.00  0.00  0.60  0.00  0.00  0.10  0.60  0.00
  10470                   1.00   0.39  0.00  0.00  0.18  0.10  0.00  0.33  0.09  0.00
  10460                   1.00   0.51  0.00  0.00  0.00  0.40  0.00  0.09  0.30  0.00
  10440                   1.00   0.60  0.00  0.00  0.16  0.14  0.00  0.10  0.00  0.00
  10420                   1.00   0.69  0.00  0.00  0.28  0.00  0.00  0.02  0.26  0.00
  10410                   1.00   0.71  0.00  0.00  0.27  0.00  0.00  0.01  0.00  0.00
  10390                   1.00   0.70  0.00  0.00  0.19  0.04  0.03  0.05  0.00  0.00
  10380                   1.00   0.62  0.00  0.00  0.30  0.00  0.08  0.00  0.00  0.00
  10370                   1.00   0.62  0.00  0.00  0.31  0.00  0.00  0.07  0.08  0.00
  10350                   1.00   0.39  0.25  0.00  0.00  0.00  0.05  0.31  0.00  0.00
  10330                   1.00   0.39  0.00  0.00  0.53  0.00  0.00  0.09  0.52  0.00
  10320                   1.00   0.47  0.00  0.00  0.00  0.00  0.00  0.53  0.00  0.00
  10300                   1.00   0.58  0.00  0.00  0.39  0.00  0.00  0.03  0.39  0.00
  10280                   1.00   0.29  0.00  0.00  0.39  0.00  0.32  0.00  0.00  0.00
  10260                   1.00   0.29  0.00  0.00  0.38  0.22  0.00  0.11  0.60  0.00
  10250                   1.00   0.40  0.00  0.00  0.53  0.00  0.00  0.07  0.20  0.00
  10240                   1.00   0.45  0.00  0.00  0.46  0.00  0.00  0.09  0.22  0.00
  10230                   1.00   0.51  0.00  0.00  0.43  0.00  0.00  0.07  0.26  0.00
  10220                   1.00   0.56  0.00  0.00  0.09  0.00  0.00  0.34  0.00  0.00
  10200                   1.00   0.62  0.00  0.00  0.01  0.00  0.00  0.37  0.00  0.00
  10190                   1.00   0.66  0.00  0.00  0.31  0.00  0.00  0.03  0.00  0.00
  10180                   1.00   0.69  0.00  0.00  0.29  0.00  0.00  0.03  0.29  0.00
  10170                   1.00   0.71  0.00  0.00  0.00  0.00  0.00  0.29  0.00  0.00
  10160                   1.00   0.73  0.00  0.00  0.25  0.00  0.00  0.01  0.13  0.00
  10140                   1.00   0.75  0.00  0.00  0.00  0.00  0.00  0.25  0.00  0.00
  10130                   1.00   0.76  0.00  0.00  0.23  0.00  0.00  0.01  0.00  0.00
  10110                   1.00   0.77  0.00  0.00  0.00  0.00  0.00  0.23  0.00  0.00
  10070                   1.00   0.78  0.00  0.00  0.00  0.00  0.00  0.22  0.00  0.00
  10030                   1.00   0.80  0.00  0.00  0.00  0.00  0.00  0.20  0.00  0.00
  10010                   1.00   0.80  0.00  0.00  0.00  0.00  0.00  0.20  0.00  0.00
  10050                   1.00   0.79  0.00  0.00  0.20  0.00  0.00  0.01  0.20  0.00
  10080                   1.00   0.78  0.00  0.00  0.21  0.00  0.00  0.01  0.00  0.00
  10090                   1.00   0.77  0.00  0.00  0.00  0.00  0.00  0.23  0.00  0.00
  10680                   1.00   0.12  0.00  0.00  0.00  0.20  0.00  0.67  0.00  0.00
  41070                   1.00   0.11  0.00  0.00  0.79  0.00  0.00  0.10  0.79  0.00
  41060                   1.00   0.21  0.00  0.00  0.00  0.68  0.00  0.11  0.68  0.00
  41050                   1.00   0.32  0.00  0.00  0.00  0.00  0.00  0.68  0.00  0.00
  41040                   1.00   0.52  0.00  0.00  0.00  0.39  0.00  0.10  0.10  0.00
  41030                   1.00   0.61  0.00  0.00  0.29  0.00  0.00  0.09  0.29  0.00
  41020                   1.00   0.71  0.00  0.00  0.00  0.00  0.00  0.29  0.00  0.00
  41010                   1.00   0.51  0.30  0.00  0.20  0.00  0.00  0.00  0.20  0.00
  41045                   1.00   0.42  0.00  0.00  0.00  0.00  0.00  0.58  0.00  0.00
  42040                   1.00   0.09  0.00  0.00  0.81  0.00  0.00  0.09  0.81  0.00
  42030                   1.00   0.19  0.00  0.00  0.71  0.00  0.00  0.10  0.71  0.00
  42020                   1.00   0.28  0.00  0.00  0.62  0.00  0.00  0.10  0.00  0.00
  42010                   1.00   0.38  0.00  0.00  0.38  0.23  0.00  0.02  0.60  0.00
  45140                   1.00   0.11  0.00  0.00  0.00  0.00  0.00  0.89  0.00  0.00
  45130                   1.00   0.22  0.00  0.00  0.11  0.57  0.00  0.11  0.11  0.00
  45120                   1.00   0.33  0.00  0.00  0.10  0.46  0.00  0.11  0.56  0.00
  45110                   1.00   0.44  0.00  0.00  0.46  0.00  0.00  0.11  0.46  0.00
  45100                   1.00   0.54  0.00  0.00  0.00  0.00  0.00  0.46  0.00  0.00
  45090                   1.00   0.65  0.00  0.00  0.10  0.15  0.00  0.11  0.24  0.00
  45080                   1.00   0.75  0.00  0.00  0.14  0.00  0.00  0.10  0.14  0.00
  45070                   1.00   0.86  0.00  0.00  0.00  0.00  0.00  0.14  0.00  0.00
  45060                   1.00   0.96  0.00  0.00  0.00  0.00  0.00  0.04  0.00  0.00
  45050                   1.00   1.00  0.00  0.00  0.00  0.00  0.00  0.00  0.00  0.00
  45040                   1.00   1.00  0.00  0.00  0.00  0.00  0.00  0.00  0.00  0.00
  45030                   1.00   1.00  0.00  0.00  0.00  0.00  0.00  0.00  0.00  0.00
  45020                   1.00   1.00  0.00  0.00  0.00  0.00  0.00  0.00  0.00  0.00
  45010                   1.00   0.71  0.29  0.00  0.00  0.00  0.00  0.00  0.00  0.00
  49040                   1.00   0.11  0.00  0.00  0.82  0.00  0.00  0.07  0.82  0.00
  49030                   1.00   0.18  0.00  0.00  0.00  0.00  0.00  0.82  0.00  0.00
  49020                   1.00   0.30  0.00  0.00  0.00  0.00  0.00  0.70  0.00  0.00
  49010                   1.00   0.42  0.00  0.00  0.51  0.00  0.00  0.07  0.51  0.00
  48010                   1.00   0.11  0.00  0.00  0.88  0.00  0.00  0.01  0.88  0.00
  47040                   1.00   0.11  0.00  0.00  0.01  0.85  0.00  0.03  0.86  0.00
  47030                   1.00   0.14  0.00  0.00  0.78  0.00  0.00  0.09  0.78  0.00
  47020                   1.00   0.22  0.00  0.00  0.00  0.00  0.00  0.78  0.00  0.00
  47010                   1.00   0.22  0.11  0.00  0.67  0.00  0.00  0.00  0.67  0.00
  46020                   1.00   0.10  0.00  0.00  0.00  0.80  0.00  0.10  0.00  0.00
  46010                   1.00   0.20  0.00  0.00  0.31  0.39  0.00  0.10  0.70  0.00
  31020                   1.00   0.10  0.00  0.00  0.00  0.00  0.00  0.90  0.00  0.00
  31010                   1.00   0.20  0.00  0.00  0.70  0.01  0.00  0.09  0.71  0.00
  32090                   1.00   0.11  0.00  0.00  0.78  0.00  0.00  0.11  0.77  0.00
  32080                   1.00   0.22  0.00  0.00  0.00  0.00  0.00  0.78  0.00  0.00
  32070                   1.00   0.33  0.00  0.00  0.00  0.00  0.00  0.67  0.00  0.00
  32060                   1.00   0.44  0.00  0.00  0.45  0.00  0.00  0.10  0.46  0.00
  32050                   1.00   0.54  0.00  0.00  0.00  0.00  0.00  0.46  0.00  0.00
  32040                   1.00   0.64  0.01  0.00  0.00  0.35  0.00  0.00  0.00  0.00
  32020                   1.00   0.20  0.00  0.00  0.00  0.04  0.00  0.76  0.00  0.00
  32010                   1.00   0.29  0.00  0.00  0.27  0.04  0.00  0.40  0.27  0.00
  32030                   1.00   0.10  0.00  0.00  0.00  0.35  0.00  0.55  0.00  0.00
  53300                   1.00   0.11  0.00  0.00  0.78  0.00  0.00  0.11  0.00  0.00
  53290                   1.00   0.22  0.00  0.00  0.00  0.00  0.00  0.78  0.00  0.00
  53280                   1.00   0.33  0.00  0.00  0.00  0.00  0.00  0.67  0.00  0.00
  53270                   1.00   0.43  0.00  0.00  0.46  0.00  0.00  0.11  0.01  0.00
  53260                   1.00   0.54  0.00  0.00  0.33  0.00  0.00  0.13  0.00  0.00
  53240                   1.00   0.54  0.11  0.00  0.35  0.00  0.00  0.00  0.35  0.00
  53230                   1.00   0.54  0.00  0.00  0.39  0.00  0.00  0.07  0.00  0.00
  53380                   1.00   0.11  0.00  0.00  0.78  0.00  0.00  0.11  0.78  0.00
  53370                   1.00   0.22  0.00  0.00  0.67  0.00  0.00  0.12  0.66  0.00
  53360                   1.00   0.33  0.00  0.00  0.60  0.00  0.00  0.07  0.59  0.00
  53350                   1.00   0.22  0.00  0.00  0.60  0.00  0.18  0.00  0.00  0.00
  53330                   1.00   0.22  0.00  0.00  0.58  0.00  0.00  0.20  0.02  0.00
  53320                   1.00   0.42  0.00  0.00  0.52  0.00  0.00  0.07  0.00  0.00
  53310                   1.00   0.48  0.00  0.00  0.46  0.00  0.00  0.06  0.45  0.00
  53340                   1.00   0.11  0.00  0.00  0.78  0.00  0.00  0.12  0.02  0.00
  53220                   1.00   0.61  0.00  0.00  0.34  0.00  0.00  0.05  0.34  0.00
  53210                   1.00   0.66  0.00  0.00  0.30  0.00  0.00  0.04  0.00  0.00
  53200                   1.00   0.70  0.00  0.00  0.26  0.00  0.00  0.04  0.00  0.00
  53190                   1.00   0.74  0.00  0.00  0.23  0.00  0.00  0.04  0.00  0.00
  53180                   1.00   0.77  0.00  0.00  0.00  0.00  0.00  0.23  0.00  0.00
  53170                   1.00   0.82  0.00  0.00  0.15  0.00  0.00  0.04  0.15  0.00
  53160                   1.00   0.85  0.00  0.00  0.11  0.00  0.00  0.04  0.00  0.00
  53150                   1.00   0.89  0.00  0.00  0.07  0.00  0.00  0.04  0.00  0.00
  53140                   1.00   0.93  0.00  0.00  0.03  0.00  0.00  0.04  0.03  0.00
  53130                   1.00   0.56  0.41  0.00  0.03  0.00  0.00  0.00  0.03  0.00
  53110                   1.00   0.21  0.00  0.00  0.44  0.00  0.35  0.00  0.00  0.00
  53100                   1.00   0.21  0.00  0.00  0.61  0.00  0.00  0.18  0.00  0.00
  50210                   1.00   0.45  0.00  0.00  0.48  0.02  0.00  0.05  0.00  0.00
  50200                   1.00   0.39  0.11  0.00  0.00  0.47  0.00  0.02  0.00  0.00
  50190                   1.00   0.39  0.00  0.00  0.51  0.00  0.00  0.10  0.51  0.00
  50180                   1.00   0.49  0.00  0.00  0.00  0.00  0.00  0.51  0.00  0.00
  50170                   1.00   0.53  0.00  0.00  0.00  0.43  0.00  0.04  0.00  0.00
  50130                   1.00   0.57  0.00  0.00  0.39  0.00  0.00  0.03  0.39  0.00
  50120                   1.00   0.61  0.00  0.00  0.00  0.35  0.00  0.04  0.34  0.00
  50110                   1.00   0.51  0.14  0.00  0.34  0.01  0.00  0.00  0.35  0.00
  50100                   1.00   0.51  0.00  0.00  0.27  0.00  0.00  0.22  0.27  0.00
  52030                   1.00   0.11  0.00  0.00  0.76  0.00  0.00  0.13  0.74  0.00
  52020                   1.00   0.21  0.00  0.00  0.62  0.00  0.00  0.16  0.00  0.00
  52010                   1.00   0.38  0.00  0.00  0.61  0.00  0.00  0.01  0.60  0.00
  54030                   1.00   0.11  0.00  0.00  0.82  0.00  0.00  0.08  0.11  0.00
  54020                   1.00   0.18  0.00  0.00  0.22  0.50  0.00  0.10  0.69  0.00
  54010                   1.00   0.28  0.00  0.00  0.02  0.59  0.00  0.10  0.02  0.00
  53120                   1.00   0.10  0.00  0.00  0.77  0.00  0.00  0.12  0.73  0.00
  50220                   1.00   0.39  0.00  0.00  0.52  0.03  0.00  0.06  0.55  0.00
  51140                   1.00   0.11  0.00  0.00  0.78  0.00  0.00  0.11  0.00  0.00
  51130                   1.00   0.22  0.00  0.00  0.68  0.00  0.00  0.11  0.00  0.00
  51120                   1.00   0.32  0.00  0.00  0.00  0.00  0.00  0.68  0.00  0.00
  51110                   1.00   0.43  0.00  0.00  0.00  0.47  0.00  0.10  0.00  0.00
  51100                   1.00   0.53  0.00  0.00  0.00  0.00  0.00  0.47  0.00  0.00
  51090                   1.00   0.64  0.00  0.00  0.00  0.26  0.00  0.10  0.00  0.00
  760                     1.00   0.74  0.00  0.00  0.00  0.00  0.00  0.26  0.00  0.00
  51040                   1.00   0.11  0.00  0.00  0.00  0.79  0.00  0.10  0.00  0.00
  51020                   1.00   0.31  0.00  0.00  0.00  0.00  0.00  0.69  0.00  0.00
  51010                   1.00   0.40  0.00  0.00  0.49  0.00  0.00  0.11  0.49  0.00
  51030                   1.00   0.21  0.00  0.00  0.00  0.29  0.00  0.50  0.29  0.00
  
  
  *************************
  Conduit Surcharge Summary
  *************************
  
  ----------------------------------------------------------------------------
                                                           Hours        Hours 
                         --------- Hours Full --------   Above Full   Capacity
  Conduit                Both Ends  Upstream  Dnstream   Normal Flow   Limited
  ----------------------------------------------------------------------------
  25010                       0.01      0.01      0.01     17.01         0.01
  53180                       0.01      0.01      0.01      4.84         0.01
  

  Analysis begun on:  Wed Jul 22 13:57:43 2026
  Analysis ended on:  Wed Jul 22 13:57:50 2026
  Total elapsed time: 00:00:07