
  EPA STORM WATER MANAGEMENT MODEL - VERSION 5.2 (Build 5.2.4)
  ------------------------------------------------------------

  Indian Mill Creek Test Run 
  WARNING 08: elevation drop exceeds length for Conduit 10380
  WARNING 08: elevation drop exceeds length for Conduit 10140
  WARNING 08: elevation drop exceeds length for Conduit 10110
  WARNING 08: elevation drop exceeds length for Conduit 10070
  WARNING 08: elevation drop exceeds length for Conduit 10090
  WARNING 08: elevation drop exceeds length for Conduit 50190
  
  ****************
  Analysis Options
  ****************
  Flow Units ............... CFS
  Process Models:
    Rainfall/Runoff ........ NO
    RDII ................... NO
    Snowmelt ............... NO
    Groundwater ............ NO
    Flow Routing ........... YES
    Ponding Allowed ........ NO
    Water Quality .......... NO
  Flow Routing Method ...... DYNWAVE
  Surcharge Method ......... EXTRAN
  Starting Date ............ 01/01/2001 00:00:00
  Ending Date .............. 01/02/2001 00:00:00
  Antecedent Dry Days ...... 0.0
  Report Time Step ......... 00:15:00
  Routing Time Step ........ 15.00 sec
  Variable Time Step ....... YES
  Maximum Trials ........... 50
  Number of Threads ........ 1
  Head Tolerance ........... 0.005000 ft
  
  
  **************************        Volume        Volume
  Flow Routing Continuity        acre-feet      10^6 gal
  **************************     ---------     ---------
  Dry Weather Inflow .......         0.000         0.000
  Wet Weather Inflow .......         0.000         0.000
  Groundwater Inflow .......         0.000         0.000
  RDII Inflow ..............         0.000         0.000
  External Inflow ..........        55.535        18.097
  External Outflow .........         0.000         0.000
  Flooding Loss ............        40.879        13.321
  Evaporation Loss .........         0.000         0.000
  Exfiltration Loss ........         0.000         0.000
  Initial Stored Volume ....         0.003         0.001
  Final Stored Volume ......        30.309         9.877
  Continuity Error (%) .....       -28.178
  
  
  *************************
  Highest Continuity Errors
  *************************
  Node 920230 (100.00%)
  Node 920180 (100.00%)
  Node 923200 (100.00%)
  Node 910350 (100.00%)
  Node 941040 (100.00%)
  
  
  ***************************
  Time-Step Critical Elements
  ***************************
  Link 10440 (96.70%)
  
  
  ********************************
  Highest Flow Instability Indexes
  ********************************
  Link 10410 (5)
  Link 10390 (4)
  Link 50180 (3)
  Link 22030 (2)
  
  
  *********************************
  Most Frequent Nonconverging Nodes
  *********************************
  Node 910000 (0.61%)
  Node 910610 (0.04%)
  Node 910620 (0.04%)
  Node 910470 (0.03%)
  Node 910490 (0.02%)
  
  
  *************************
  Routing Time Step Summary
  *************************
  Minimum Time Step           :     0.50 sec
  Average Time Step           :     2.53 sec
  Maximum Time Step           :    15.00 sec
  % of Time in Steady State   :     0.00
  Average Iterations per Step :     2.35
  % of Steps Not Converging   :     0.61
  Time Step Frequencies       :
     15.000 -  7.597 sec      :     1.93 %
      7.597 -  3.848 sec      :     0.09 %
      3.848 -  1.949 sec      :    86.16 %
      1.949 -  0.987 sec      :     5.34 %
      0.987 -  0.500 sec      :     6.48 %
  
  
  ******************
  Node Depth Summary
  ******************
  
  ---------------------------------------------------------------------------------
                                 Average  Maximum  Maximum  Time of Max    Reported
                                   Depth    Depth      HGL   Occurrence   Max Depth
  Node                 Type         Feet     Feet     Feet  days hr:min        Feet
  ---------------------------------------------------------------------------------
  920370               JUNCTION   783.35   791.20  1591.20     0  08:36      791.20
  920360               JUNCTION   683.15   791.20  1591.20     0  08:46      791.20
  920350               JUNCTION     0.00     0.00   825.90     0  00:00        0.00
  920340               JUNCTION     0.00     0.00   820.70     0  00:00        0.00
  920330               JUNCTION     0.00     0.00   820.30     0  00:00        0.00
  920320               JUNCTION     0.00     0.00   790.00     0  00:00        0.00
  920310               JUNCTION     0.00     0.00   790.00     0  00:00        0.00
  920300               JUNCTION     0.00     0.00   780.00     0  00:00        0.00
  920290               JUNCTION     0.00     0.00   780.00     0  00:00        0.00
  920280               JUNCTION   542.36   770.97  1549.57     0  10:04      770.97
  920270               JUNCTION   493.79   770.34  1548.34     0  10:07      770.33
  920260               JUNCTION   653.73   767.84  1543.34     0  13:46      767.84
  920250               JUNCTION   550.70   763.36  1534.36     0  14:42      763.36
  920240               JUNCTION   465.85   761.57  1531.57     1  00:00      761.57
  920230               JUNCTION   422.60   761.57  1531.57     1  00:00      761.57
  920220               JUNCTION     0.00     0.00  1000.00     0  00:00        0.00
  920210               JUNCTION     0.00     0.00   767.10     0  00:00        0.00
  920200               JUNCTION     0.00     0.00   760.00     0  00:00        0.00
  920190               JUNCTION     0.00     0.00   760.00     0  00:00        0.00
  920180               JUNCTION   475.03   751.94  1508.94     1  00:00      751.94
  920170               JUNCTION     0.00     0.00  1000.00     0  00:00        0.00
  920160               JUNCTION     0.00     0.00   750.00     0  00:00        0.00
  920150               JUNCTION     0.00     0.00   750.00     0  00:00        0.00
  920140               JUNCTION     0.00     0.00   746.30     0  00:00        0.00
  920130               JUNCTION     0.00     0.00   750.00     0  00:00        0.00
  920110               JUNCTION     0.00     0.00   750.00     0  00:00        0.00
  920090               JUNCTION     0.00     0.00   740.00     0  00:00        0.00
  920070               JUNCTION     0.00     0.00   740.00     0  00:00        0.00
  920060               JUNCTION     0.00     0.00   737.50     0  00:00        0.00
  920050               JUNCTION     0.00     0.00   736.20     0  00:00        0.00
  920030               JUNCTION     0.00     0.00   745.00     0  05:55        0.00
  920010               JUNCTION   586.90   728.95  1473.95     0  05:55      728.91
  910740               JUNCTION   552.79   728.28  1463.28     0  09:46      728.28
  910720               JUNCTION   512.87   727.61  1462.61     0  10:08      727.61
  921040               JUNCTION   746.09   753.44  1510.44     0  02:38      753.06
  921020               JUNCTION   720.93   748.39  1500.69     0  07:29      748.39
  921010               JUNCTION   631.55   733.10  1482.30     0  04:40      733.08
  921030               JUNCTION   746.09   753.44  1510.44     0  02:38      753.06
  922060               JUNCTION   766.20   774.06  1555.81     0  02:42      773.70
  922050               JUNCTION   732.52   764.83  1537.88     0  06:10      764.83
  922040               JUNCTION   612.47   756.14  1520.49     0  06:30      756.14
  922030               JUNCTION   531.55   754.55  1514.55     0  23:58      754.52
  922020               JUNCTION   449.05   754.54  1514.54     1  00:00      754.54
  922010               JUNCTION     0.00     0.00  1000.00     0  00:00        0.00
  923200               JUNCTION   809.79   821.28  1645.13     1  00:00      821.28
  923180               JUNCTION     0.00     0.00   819.95     0  00:00        0.00
  923160               JUNCTION     0.00     0.00   817.85     0  00:00        0.00
  923150               JUNCTION     0.00     0.00   815.00     0  00:00        0.00
  923140               JUNCTION     0.00     0.00   815.00     0  00:00        0.00
  923130               JUNCTION     0.00     0.00   808.50     0  00:00        0.00
  923120               JUNCTION     0.00     0.00   803.80     0  00:00        0.00
  923110               JUNCTION     0.00     0.00   791.30     0  00:00        0.00
  923100               JUNCTION     0.00     0.00   786.60     0  00:00        0.00
  923030               JUNCTION   618.78   768.60  1547.10     0  09:57      768.60
  923020               JUNCTION   563.80   760.97  1531.67     0  12:00      760.97
  923010               JUNCTION   515.96   760.68  1531.18     0  09:11      760.63
  923060               JUNCTION   771.86   779.77  1568.97     0  02:43      779.65
  923050               JUNCTION   754.71   778.58  1567.08     0  03:44      778.58
  923040               JUNCTION   672.37   773.11  1556.11     0  07:53      773.11
  923070               JUNCTION   778.48   786.26  1582.26     0  02:44      786.25
  925040               JUNCTION   786.77   794.52  1590.42     0  04:13      794.52
  925030               JUNCTION   702.64   783.88  1569.08     0  04:16      783.88
  925020               JUNCTION   634.44   772.29  1552.29     0  05:49      772.29
  925010               JUNCTION   591.17   771.40  1551.40     0  08:56      771.40
  925050               JUNCTION   786.77   794.52  1590.42     0  04:13      794.52
  924020               JUNCTION   772.31   780.19  1567.69     0  02:43      780.11
  924010               JUNCTION   750.80   772.38  1552.48     0  03:14      772.38
  923170               JUNCTION     0.00     0.00   818.75     0  00:00        0.00
  923190               JUNCTION     0.00     0.00  1000.00     0  00:00        0.00
  910710               JUNCTION   463.16   722.82  1452.72     0  19:19      722.82
  91700                JUNCTION   430.53   720.85  1452.57     0  11:17      720.84
  910690               JUNCTION   702.18   718.51  1445.93     0  02:49      717.00
  910680               JUNCTION   704.75   722.09  1447.61     0  02:46      719.08
  910650               JUNCTION   699.80   725.50  1455.50     0  02:45      713.93
  910630               JUNCTION   699.26   721.98  1451.98     0  02:45      713.52
  910620               JUNCTION   697.41   718.10  1441.20     0  02:46      712.23
  910610               JUNCTION   696.42   718.30  1440.60     0  02:46      711.18
  910600               JUNCTION   692.09   712.91  1430.91     0  02:46      706.85
  910580               JUNCTION   694.27   710.00  1420.00     0  02:46      710.00
  910560               JUNCTION   694.15   710.00  1420.00     0  02:47      709.98
  910540               JUNCTION   683.61   712.10  1432.10     0  02:48      699.85
  910520               JUNCTION   683.05   711.87  1431.87     0  02:48      698.68
  910510               JUNCTION   674.26   698.42  1399.32     0  02:48      689.82
  910500               JUNCTION   666.62   690.39  1383.89     0  02:49      682.49
  910490               JUNCTION   663.91   686.92  1378.12     0  02:49      680.28
  910480               JUNCTION   658.97   681.12  1367.62     0  02:50      675.69
  910470               JUNCTION   652.77   674.82  1357.82     0  02:51      669.64
  910460               JUNCTION   645.79   666.96  1342.96     0  02:50      662.66
  910440               JUNCTION   636.00   660.46  1325.46     0  02:52      654.80
  910420               JUNCTION   635.34   658.00  1323.00     0  02:53      653.32
  910410               JUNCTION   631.33   652.35  1313.15     0  02:51      649.23
  910390               JUNCTION   636.13   655.00  1310.00     0  02:52      655.00
  910380               JUNCTION   635.81   655.00  1310.00     0  02:52      655.00
  910370               JUNCTION     0.00     0.00  1000.00     0  00:00        0.00
  910350               JUNCTION   368.20   648.18  1305.18     1  00:00      648.18
  910330               JUNCTION   440.06   648.18  1305.18     1  00:00      648.18
  910320               JUNCTION     0.00     0.00  1000.00     0  00:00        0.00
  910300               JUNCTION     0.00     0.00  1000.00     0  00:00        0.00
  910280               JUNCTION     0.00     0.00   643.20     0  07:08        0.00
  910260               JUNCTION   491.92   633.96  1277.16     0  09:14      633.96
  910250               JUNCTION   433.12   631.72  1268.92     1  00:00      631.72
  910240               JUNCTION   395.32   631.72  1268.92     1  00:00      631.72
  910230               JUNCTION     0.00     0.00  1000.00     0  00:00        0.00
  910220               JUNCTION     0.00     0.00  1000.00     0  00:00        0.00
  910200               JUNCTION     0.00     0.00  1000.00     0  00:00        0.00
  910190               JUNCTION     0.00     0.00   625.40     0  00:00        0.00
  910180               JUNCTION     0.00     0.00   625.40     0  00:00        0.00
  910170               JUNCTION     0.00     0.00  1000.00     0  00:00        0.00
  910160               JUNCTION     0.00     0.00  1000.00     0  00:00        0.00
  910140               JUNCTION     0.00     0.00  1000.00     0  00:00        0.00
  910130               JUNCTION     0.00     0.00   620.20     0  00:00        0.00
  910110               JUNCTION     0.00     0.00   620.20     0  00:00        0.00
  910070               JUNCTION     0.00     0.00   624.00     0  00:00        0.00
  910050               JUNCTION     0.00     0.00  1000.00     0  00:00        0.00
  910030               JUNCTION     0.00     0.00   628.00     0  00:00        0.00
  910010               JUNCTION     0.00     0.00   628.00     0  00:00        0.00
  910080               JUNCTION     0.00     0.00   624.00     0  00:00        0.00
  910090               JUNCTION     0.00     0.00  1000.00     0  00:00        0.00
  910670               JUNCTION   705.12   724.72  1449.44     0  02:44      724.72
  941070               JUNCTION   743.12   750.41  1750.41     0  02:37      750.02
  941060               JUNCTION   689.13   733.16  1476.06     0  06:37      733.16
  941050               JUNCTION   566.01   710.31  1431.81     0  07:15      710.31
  941040               JUNCTION   414.38   688.17  1378.77     1  00:00      688.17
  941030               JUNCTION     0.00     0.00  1000.00     0  00:00        0.00
  941020               JUNCTION     0.00     0.00   660.00     0  00:00        0.00
  941010               JUNCTION     0.00     0.00   660.00     0  00:00        0.00
  941045               JUNCTION   481.24   688.21  1382.51     0  11:35      688.21
  942040               JUNCTION   633.21   638.27  1280.77     0  04:27      638.27
  942030               JUNCTION   579.56   634.27  1276.27     0  04:33      634.25
  942020               JUNCTION   502.55   633.25  1274.25     0  08:44      633.25
  942010               JUNCTION   443.47   633.43  1268.93     1  00:00      633.43
  945140               JUNCTION   746.44   754.33  1514.33     0  15:39      754.33
  945130               JUNCTION   658.16   754.34  1514.34     0  15:44      754.34
  945120               JUNCTION     0.00     0.00  1000.00     0  00:00        0.00
  945110               JUNCTION     0.00     0.00  1000.00     0  00:00        0.00
  945100               JUNCTION     0.00     0.00   745.00     0  00:00        0.00
  945090               JUNCTION     0.00     0.00   745.00     0  00:00        0.00
  945080               JUNCTION     0.00     0.00  1000.00     0  00:00        0.00
  945070               JUNCTION     0.00     0.00   710.00     0  00:00        0.00
  945060               JUNCTION     0.00     0.00   710.00     0  00:00        0.00
  945050               JUNCTION     0.00     0.00   710.00     0  00:00        0.00
  945040               JUNCTION     0.00     0.00   710.00     0  00:00        0.00
  945030               JUNCTION     0.00     0.00  1000.00     0  00:00        0.00
  945020               JUNCTION     0.00     0.00   670.00     0  00:00        0.00
  945010               JUNCTION     0.00     0.00   670.00     0  00:00        0.00
  949040               JUNCTION   752.96   760.33  1529.83     0  02:39      760.10
  949030               JUNCTION   695.00   750.75  1510.75     0  08:38      750.75
  949020               JUNCTION   583.44   750.10  1510.10     0  07:18      750.06
  949010               JUNCTION   501.88   733.45  1477.87     0  09:37      733.44
  948010               JUNCTION   739.02   746.30  1503.12     0  02:37      745.93
  947040               JUNCTION   756.89   764.35  1764.35     0  02:40      764.21
  947030               JUNCTION   712.42   736.35  1736.35     0  03:18      736.33
  947020               JUNCTION   611.33   725.42  1465.42     0  10:17      725.42
  947010               JUNCTION   526.29   724.85  1464.85     0  10:21      724.85
  946020               JUNCTION   686.47   692.59  1417.39     0  02:25      692.40
  946010               JUNCTION   640.55   684.43  1401.33     0  04:09      684.43
  931020               JUNCTION   699.87   705.99  1419.99     0  05:27      705.99
  931010               JUNCTION   609.99   683.98  1374.98     0  05:37      683.98
  932090               JUNCTION   723.78   730.33  1474.33     0  06:28      730.33
  932080               JUNCTION   624.52   728.19  1474.19     0  06:42      728.19
  932070               JUNCTION   541.63   727.26  1467.26     0  08:19      727.26
  932060               JUNCTION   455.44   706.21  1424.21     0  16:13      706.21
  932050               JUNCTION   375.26   704.18  1424.18     0  16:13      704.18
  932040               JUNCTION   294.99   702.80  1422.80     0  16:14      702.80
  932020               JUNCTION   619.31   693.79  1399.79     0  16:26      693.79
  932010               JUNCTION   511.13   661.51  1331.51     0  16:52      661.51
  932030               JUNCTION   690.87   696.83  1400.83     0  04:57      696.83
  953300               JUNCTION   736.25   743.27  1743.27     0  02:35      743.02
  953290               JUNCTION   685.11   741.29  1485.29     0  10:05      741.29
  953280               JUNCTION   568.52   735.08  1473.08     0  15:29      735.08
  953270               JUNCTION   491.59   734.80  1472.80     1  00:00      734.80
  953260               JUNCTION   416.29   734.80  1472.80     1  00:00      734.80
  953240               JUNCTION     0.00     0.00  1000.00     0  00:00        0.00
  953230               JUNCTION   364.32   722.94  1449.14     1  00:00      722.94
  953220               JUNCTION   272.31   719.62  1448.62     0  18:04      719.61
  953380               JUNCTION   722.69   729.59  1463.09     0  02:33      729.26
  953370               JUNCTION   650.25   726.26  1457.16     0  06:44      726.26
  953360               JUNCTION   556.37   725.78  1456.68     0  09:11      725.77
  953350               JUNCTION   502.73   725.62  1454.82     1  00:00      725.62
  953330               JUNCTION   630.11   725.68  1454.78     1  00:00      725.68
  953320               JUNCTION   486.46   724.05  1454.05     0  13:35      724.05
  953310               JUNCTION   411.83   723.95  1453.95     0  13:36      723.95
  953340               JUNCTION   718.95   725.46  1454.86     0  05:27      725.46
  953210               JUNCTION   214.38   718.73  1447.73     1  00:00      718.73
  953200               JUNCTION   171.28   718.67  1447.67     1  00:00      718.67
  953190               JUNCTION   128.42   718.55  1447.55     1  00:00      718.55
  953180               JUNCTION    86.05   718.25  1447.25     1  00:00      718.25
  953170               JUNCTION    42.88   717.95  1444.95     1  00:00      717.95
  953160               JUNCTION     5.95   388.12  1114.12     1  00:00      388.12
  953150               JUNCTION     0.00     0.00   726.00     0  00:00        0.00
  953140               JUNCTION     0.00     0.00   726.00     0  00:00        0.00
  953130               JUNCTION     0.00     0.00   726.00     0  00:00        0.00
  953110               JUNCTION     0.00     0.00   725.50     0  00:00        0.00
  953100               JUNCTION   634.07   714.24  1439.24     0  07:40      714.24
  950220               JUNCTION   543.96   716.80  1433.60     0  17:29      716.80
  950210               JUNCTION     0.00     0.00  1000.00     0  00:00        0.00
  950200               JUNCTION     0.00     0.00  1000.00     0  00:00        0.00
  950190               JUNCTION   514.66   695.59  1695.59     0  08:10      695.51
  950180               JUNCTION   452.22   697.59  1406.09     0  23:59      697.59
  950170               JUNCTION   384.09   697.57  1406.07     0  23:59      697.57
  950130               JUNCTION     0.00     0.00  1000.00     0  00:00        0.00
  950120               JUNCTION     0.00     0.00  1000.00     0  00:00        0.00
  950110               JUNCTION     0.00     0.00  1000.00     0  00:00        0.00
  950100               JUNCTION     0.00     0.00  1000.00     0  00:00        0.00
  952030               JUNCTION   721.03   727.77  1727.77     0  02:32      727.53
  952020               JUNCTION   687.22   724.85  1453.85     0  08:17      724.85
  952010               JUNCTION   542.68   719.98  1444.28     0  09:03      719.98
  954030               JUNCTION   717.14   724.04  1724.04     0  02:31      723.62
  954020               JUNCTION   699.98   714.86  1714.86     0  04:09      714.86
  954010               JUNCTION   595.14   705.06  1705.06     0  08:10      705.06
  953120               JUNCTION   708.76   715.03  1440.03     0  02:33      715.03
  951140               JUNCTION   729.11   735.75  1480.75     0  06:55      735.75
  951130               JUNCTION   642.42   733.97  1479.97     0  05:53      733.97
  951120               JUNCTION   553.82   732.58  1475.58     0  10:37      732.58
  951110               JUNCTION   472.82   722.47  1453.47     0  13:26      722.47
  951100               JUNCTION   395.53   715.78  1439.78     0  15:55      715.78
  951090               JUNCTION   316.00   712.68  1432.68     0  16:07      712.68
  951080               JUNCTION   233.93   709.60  1429.60     0  18:19      709.60
  951020               JUNCTION   545.46   711.80  1424.80     0  21:01      711.80
  951040               JUNCTION   716.63   723.04  1450.04     0  05:40      723.04
  951010               JUNCTION     0.00     0.00  1000.00     0  00:00        0.00
  951030               JUNCTION   632.15   713.68  1432.68     0  05:01      713.64
  910000               OUTFALL      0.00     0.00  1000.00     0  00:00        0.00
  
  
  *******************
  Node Inflow Summary
  *******************
  
  -------------------------------------------------------------------------------------------------
                                  Maximum  Maximum                  Lateral       Total        Flow
                                  Lateral    Total  Time of Max      Inflow      Inflow     Balance
                                   Inflow   Inflow   Occurrence      Volume      Volume       Error
  Node                 Type           CFS      CFS  days hr:min    10^6 gal    10^6 gal     Percent
  -------------------------------------------------------------------------------------------------
  920370               JUNCTION      1.00     1.19     0  08:49       0.646       0.648      12.999
  920360               JUNCTION      0.00     1.02     0  02:46           0       0.161    9146.233
  920350               JUNCTION      0.00     0.00     0  00:00           0           0       0.000 gal
  920340               JUNCTION      0.00     0.00     0  00:00           0           0       0.000 gal
  920330               JUNCTION      0.00     0.00     0  00:00           0           0       0.000 gal
  920320               JUNCTION      0.00     0.00     0  00:00           0           0       0.000 gal
  920310               JUNCTION      0.00     0.00     0  00:00           0           0       0.000 gal
  920300               JUNCTION      0.00     0.00     0  00:00           0           0       0.000 gal
  920290               JUNCTION      0.00     0.00     0  00:00           0           0       0.000 gal
  920280               JUNCTION      0.00     2.02     0  09:05           0       0.903      10.054
  920270               JUNCTION      0.00     2.42     0  10:07           0        0.82       9.349
  920260               JUNCTION      0.00     3.78     0  10:08           0        1.32       7.899
  920250               JUNCTION      0.00     3.00     0  13:46           0        1.22       8.184
  920240               JUNCTION      0.00     3.00     0  14:42           0        1.13     172.018
  920230               JUNCTION      0.00     3.14     0  12:08           0       0.415  414789.658 gal
  920220               JUNCTION      0.00     0.00     0  00:00           0           0       0.000 gal
  920210               JUNCTION      0.00     0.00     0  00:00           0           0       0.000 gal
  920200               JUNCTION      0.00     0.00     0  00:00           0           0       0.000 gal
  920190               JUNCTION      0.00     0.00     0  00:00           0           0       0.000 gal
  920180               JUNCTION      0.00     7.77     0  09:12           0       0.811  810600.424 gal
  920170               JUNCTION      0.00     0.00     0  00:00           0           0       0.000 gal
  920160               JUNCTION      0.00     0.00     0  00:00           0           0       0.000 gal
  920150               JUNCTION      0.00     0.00     0  00:00           0           0       0.000 gal
  920140               JUNCTION      0.00     0.00     0  00:00           0           0       0.000 gal
  920130               JUNCTION      0.00     0.00     0  00:00           0           0       0.000 gal
  920110               JUNCTION      0.00     0.00     0  00:00           0           0       0.000 gal
  920090               JUNCTION      0.00     0.00     0  00:00           0           0       0.000 gal
  920070               JUNCTION      0.00     0.00     0  00:00           0           0       0.000 gal
  920060               JUNCTION      0.00     0.00     0  00:00           0           0       0.000 gal
  920050               JUNCTION      0.00     0.00     0  00:00           0           0       0.000 gal
  920030               JUNCTION      0.00     0.00     0  00:00           0           0       0.000 gal
  920010               JUNCTION      0.00     2.97     0  04:40           0        1.04       6.381
  910740               JUNCTION      0.00     4.45     0  05:55           0        0.98       8.486
  910720               JUNCTION      0.00     2.00     0  09:53           0       0.903      10.530
  921040               JUNCTION      1.00     1.00     0  00:00       0.646       0.646       9.306
  921020               JUNCTION      0.00    51.72     0  02:38           0        1.18       6.535
  921010               JUNCTION      0.00     2.00     0  08:30           0        1.11       6.507
  921030               JUNCTION      1.00     1.00     0  00:00       0.646       0.646       9.306
  922060               JUNCTION      1.00     1.00     0  00:00       0.646       0.646       4.671
  922050               JUNCTION      0.00    43.29     0  02:42           0       0.617      13.890
  922040               JUNCTION      0.00     1.00     0  06:30           0       0.542      15.055
  922030               JUNCTION      0.00     4.69     0  14:48           0       0.702      26.205
  922020               JUNCTION      0.00     5.30     0  14:42           0       0.556     140.897
  922010               JUNCTION      0.00     0.00     0  00:00           0           0       0.000 gal
  923200               JUNCTION      1.00     1.00     0  00:00       0.646       0.646  646270.130 gal
  923180               JUNCTION      0.00     0.00     0  00:00           0           0       0.000 gal
  923160               JUNCTION      0.00     0.00     0  00:00           0           0       0.000 gal
  923150               JUNCTION      0.00     0.00     0  00:00           0           0       0.000 gal
  923140               JUNCTION      0.00     0.00     0  00:00           0           0       0.000 gal
  923130               JUNCTION      0.00     0.00     0  00:00           0           0       0.000 gal
  923120               JUNCTION      0.00     0.00     0  00:00           0           0       0.000 gal
  923110               JUNCTION      0.00     0.00     0  00:00           0           0       0.000 gal
  923100               JUNCTION      0.00     0.00     0  00:00           0           0       0.000 gal
  923030               JUNCTION      0.00     2.00     0  09:25           0        1.04       9.406
  923020               JUNCTION      0.00     2.00     0  09:57           0       0.954       9.773
  923010               JUNCTION      0.00     2.00     1  00:00           0       0.869       7.186
  923060               JUNCTION      1.00     1.00     0  00:00       0.646       0.646       7.085
  923050               JUNCTION      0.00    22.71     0  02:45           0         1.2       7.136
  923040               JUNCTION      0.00     2.00     0  03:44           0        1.12       7.270
  923070               JUNCTION      1.00     1.00     0  00:00       0.646       0.646       8.489
  925040               JUNCTION      1.00     1.00     0  00:00       0.646       0.646      13.461
  925030               JUNCTION      0.00     2.23     0  04:13           0        1.14       6.861
  925020               JUNCTION      0.00     2.10     0  05:34           0        1.07       7.563
  925010               JUNCTION      0.00     2.01     0  05:49           0       0.991       9.785
  925050               JUNCTION      1.00     1.00     0  00:00       0.646       0.646      13.461
  924020               JUNCTION      1.00     1.00     0  00:00       0.646       0.646       1.086
  924010               JUNCTION      0.00    25.53     0  02:44           0       0.639      12.775
  923170               JUNCTION      0.00     0.00     0  00:00           0           0       0.000 gal
  923190               JUNCTION      0.00     0.00     0  00:00           0           0       0.000 gal
  910710               JUNCTION      0.00     2.02     0  10:09           0       0.817      16.462
  91700                JUNCTION      0.00    15.27     0  02:46           0        1.09       6.556
  910690               JUNCTION      0.00   346.51     0  02:46           0        1.32      -2.790
  910680               JUNCTION      0.00  3012.31     0  02:45           0        5.27       3.749
  910650               JUNCTION      0.00  1117.66     0  02:45           0        4.04     -10.874
  910630               JUNCTION      0.00  2651.29     0  02:45           0        3.86     -22.844
  910620               JUNCTION      0.00  4246.48     0  02:45           0        4.85      -2.013
  910610               JUNCTION      0.00  1645.09     0  02:46           0        4.95      -8.449
  910600               JUNCTION      0.00  4227.49     0  02:46           0        5.41       2.067
  910580               JUNCTION      0.00  3783.80     0  02:46           0         5.3       1.604
  910560               JUNCTION      0.00  3876.46     0  02:48           0        5.05       7.654
  910540               JUNCTION      0.00  2941.22     0  02:48           0        4.07     -13.917
  910520               JUNCTION      0.00  3257.02     0  02:48           0        3.62     -48.352
  910510               JUNCTION      0.00 12041.62     0  02:48           0        6.34       0.208
  910500               JUNCTION      0.00  6322.55     0  02:49           0        6.32       4.143
  910490               JUNCTION      0.00  5679.36     0  02:49           0        6.07      -3.756
  910480               JUNCTION      0.00  4198.81     0  02:50           0        6.84      -3.789
  910470               JUNCTION      0.00  2952.09     0  02:51           0        7.11      -5.781
  910460               JUNCTION      0.00  2934.30     0  02:52           0        7.55     -10.722
  910440               JUNCTION      0.00  2831.58     0  02:52           0        8.46      -7.105
  910420               JUNCTION      0.00  2906.77     0  02:52           0         9.1      -2.875
  910410               JUNCTION      0.00  2976.17     0  02:53           0        9.66      -2.727
  910390               JUNCTION      0.00  3376.67     0  02:52           0        9.99       1.073
  910380               JUNCTION      0.00  1680.02     0  02:52           0       0.874      10.215
  910370               JUNCTION      0.00     0.00     0  00:00           0           0       0.000 gal
  910350               JUNCTION      0.00     1.01     0  12:28           0       0.223  223182.885 gal
  910330               JUNCTION      0.00     2.00     0  16:52           0       0.665     197.919
  910320               JUNCTION      0.00     0.00     0  00:00           0           0       0.000 gal
  910300               JUNCTION      0.00     0.00     0  00:00           0           0       0.000 gal
  910280               JUNCTION      0.00     0.00     0  00:00           0           0       0.000 gal
  910260               JUNCTION      0.00     1.00     0  05:38           0       0.514      13.544
  910250               JUNCTION      0.00     3.52     0  14:56           0       0.853      73.233
  910240               JUNCTION      0.00     3.61     0  14:59           0       0.493    1730.189
  910230               JUNCTION      0.00     0.00     0  00:00           0           0       0.000 gal
  910220               JUNCTION      0.00     0.00     0  00:00           0           0       0.000 gal
  910200               JUNCTION      0.00     0.00     0  00:00           0           0       0.000 gal
  910190               JUNCTION      0.00     0.00     0  00:00           0           0       0.000 gal
  910180               JUNCTION      0.00     0.00     0  00:00           0           0       0.000 gal
  910170               JUNCTION      0.00     0.00     0  00:00           0           0       0.000 gal
  910160               JUNCTION      0.00     0.00     0  00:00           0           0       0.000 gal
  910140               JUNCTION      0.00     0.00     0  00:00           0           0       0.000 gal
  910130               JUNCTION      0.00     0.00     0  00:00           0           0       0.000 gal
  910110               JUNCTION      0.00     0.00     0  00:00           0           0       0.000 gal
  910070               JUNCTION      0.00     0.00     0  00:00           0           0       0.000 gal
  910050               JUNCTION      0.00     0.00     0  00:00           0           0       0.000 gal
  910030               JUNCTION      0.00     0.00     0  00:00           0           0       0.000 gal
  910010               JUNCTION      0.00     0.00     0  00:00           0           0       0.000 gal
  910080               JUNCTION      0.00     0.00     0  00:00           0           0       0.000 gal
  910090               JUNCTION      0.00     0.00     0  00:00           0           0       0.000 gal
  910670               JUNCTION      0.00  4035.93     0  02:44           0        5.85     -19.573
  941070               JUNCTION      1.00     1.00     0  00:00       0.646       0.646       7.601
  941060               JUNCTION      0.00    96.12     0  02:37           0       0.601      13.035
  941050               JUNCTION      0.00     1.00     0  06:54           0       0.531      14.618
  941040               JUNCTION      0.00     1.00     0  11:48           0       0.399  398728.285 gal
  941030               JUNCTION      0.00     0.00     0  00:00           0           0       0.000 gal
  941020               JUNCTION      0.00     0.00     0  00:00           0           0       0.000 gal
  941010               JUNCTION      0.00     0.00     0  00:00           0           0       0.000 gal
  941045               JUNCTION      0.00     1.00     0  07:15           0       0.464      16.267
  942040               JUNCTION      1.00     1.00     0  00:00       0.646       0.646      10.186
  942030               JUNCTION      0.00     1.43     0  04:30           0       0.587      11.552
  942020               JUNCTION      0.00     1.12     0  04:34           0       0.526      13.616
  942010               JUNCTION      0.00     1.27     0  09:03           0       0.463      23.766
  945140               JUNCTION      1.00     1.51     0  15:48       0.646       0.651      13.027
  945130               JUNCTION      0.00     1.02     0  05:48           0       0.352    7073.017
  945120               JUNCTION      0.00     0.00     0  00:00           0           0       0.000 gal
  945110               JUNCTION      0.00     0.00     0  00:00           0           0       0.000 gal
  945100               JUNCTION      0.00     0.00     0  00:00           0           0       0.000 gal
  945090               JUNCTION      0.00     0.00     0  00:00           0           0       0.000 gal
  945080               JUNCTION      0.00     0.00     0  00:00           0           0       0.000 gal
  945070               JUNCTION      0.00     0.00     0  00:00           0           0       0.000 gal
  945060               JUNCTION      0.00     0.00     0  00:00           0           0       0.000 gal
  945050               JUNCTION      0.00     0.00     0  00:00           0           0       0.000 gal
  945040               JUNCTION      0.00     0.00     0  00:00           0           0       0.000 gal
  945030               JUNCTION      0.00     0.00     0  00:00           0           0       0.000 gal
  945020               JUNCTION      0.00     0.00     0  00:00           0           0       0.000 gal
  945010               JUNCTION      0.00     0.00     0  00:00           0           0       0.000 gal
  949040               JUNCTION      1.00     1.00     0  00:00       0.646       0.646       8.130
  949030               JUNCTION      0.00    19.97     0  02:40           0       0.598      14.894
  949020               JUNCTION      0.00     1.00     0  10:55           0        0.52      14.032
  949010               JUNCTION      0.00     3.39     0  07:18           0       0.456      17.782
  948010               JUNCTION      1.00     1.00     0  00:00       0.646       0.646      -1.687
  947040               JUNCTION      1.00     1.00     0  00:00       0.646       0.646       3.043
  947030               JUNCTION      0.00    19.64     0  02:41           0       0.627      11.898
  947020               JUNCTION      0.00     3.21     0  03:18           0        0.56      16.007
  947010               JUNCTION      0.00     1.00     0  10:27           0       0.483      16.914
  946020               JUNCTION      1.00     1.00     0  00:00       0.646       0.646       7.985
  946010               JUNCTION      0.00    15.44     0  02:26           0       0.598      12.017
  931020               JUNCTION      1.00     1.00     0  00:00       0.646       0.646      11.581
  931010               JUNCTION      0.00     2.33     0  02:28           0       0.579      12.740
  932090               JUNCTION      1.00     1.00     0  00:00       0.646       0.646      14.008
  932080               JUNCTION      0.00     1.00     0  14:03           0       0.567      14.160
  932070               JUNCTION      0.00     1.00     0  09:46           0       0.497      16.066
  932060               JUNCTION      0.00     1.00     0  10:34           0       0.428      21.538
  932050               JUNCTION      0.00     1.00     0  13:25           0       0.352      24.245
  932040               JUNCTION      0.00     1.00     0  16:16           0       0.283      30.462
  932020               JUNCTION      0.00     2.00     0  16:14           0       0.797       9.313
  932010               JUNCTION      0.00     2.00     0  16:26           0       0.729       9.663
  932030               JUNCTION      1.00     1.00     0  00:00       0.646       0.646      11.445
  953300               JUNCTION      1.00     1.00     0  00:00       0.646       0.646       8.705
  953290               JUNCTION      0.00    50.00     0  02:36           0       0.595      15.157
  953280               JUNCTION      0.00     1.00     0  10:47           0       0.516      15.504
  953270               JUNCTION      0.00     1.00     0  15:29           0       0.447      25.131
  953260               JUNCTION      0.00     1.02     0  12:57           0       0.357  357203.722 gal
  953240               JUNCTION      0.00     0.00     0  00:00           0           0       0.000 gal
  953230               JUNCTION      0.00     2.41     0  13:54           0       0.637      39.091
  953220               JUNCTION      0.00     2.00     1  00:00           0       0.458      18.785
  953380               JUNCTION      1.00     1.00     0  00:00       0.646       0.646      10.919
  953370               JUNCTION      0.00     4.70     0  02:33           0       0.583      13.858
  953360               JUNCTION      0.00     1.05     0  08:00           0       0.512      17.704
  953350               JUNCTION      0.00     1.89     0  09:16           0        0.47      22.090
  953330               JUNCTION      0.00     2.00     0  13:03           0       0.957      15.706
  953320               JUNCTION      0.00     2.00     0  13:00           0       0.791      10.345
  953310               JUNCTION      0.00     2.11     0  13:54           0       0.717      12.554
  953340               JUNCTION      1.00     1.00     0  00:00       0.646       0.646      13.104
  953210               JUNCTION      0.00     2.14     0  18:05           0       0.386      21.902
  953200               JUNCTION      0.00     2.03     0  20:43           0       0.316      28.370
  953190               JUNCTION      0.00     2.07     0  20:42           0       0.246      39.590
  953180               JUNCTION      0.00     2.01     0  22:04           0       0.177      68.339
  953170               JUNCTION      0.00     2.00     1  00:00           0       0.105     187.427
  953160               JUNCTION      0.00     2.00     1  00:00           0      0.0365   36481.791 gal
  953150               JUNCTION      0.00     0.00     0  00:00           0           0       0.000 gal
  953140               JUNCTION      0.00     0.00     0  00:00           0           0       0.000 gal
  953130               JUNCTION      0.00     0.00     0  00:00           0           0       0.000 gal
  953110               JUNCTION      0.00     0.00     0  00:00           0           0       0.000 gal
  953100               JUNCTION      0.00     1.00     0  02:33           0       0.579      14.073
  950220               JUNCTION      0.00     2.11     0  09:03           0       0.934     166.365
  950210               JUNCTION      0.00     0.00     0  00:00           0           0       0.000 gal
  950200               JUNCTION      0.00     0.00     0  00:00           0           0       0.000 gal
  950190               JUNCTION      0.00     1.00     0  08:10           0       0.492      14.176
  950180               JUNCTION      0.00    31.23     0  08:10           0       0.534      19.933
  950170               JUNCTION      0.00     3.76     0  16:32           0       0.445     331.435
  950130               JUNCTION      0.00     0.00     0  00:00           0           0       0.000 gal
  950120               JUNCTION      0.00     0.00     0  00:00           0           0       0.000 gal
  950110               JUNCTION      0.00     0.00     0  00:00           0           0       0.000 gal
  950100               JUNCTION      0.00     0.00     0  00:00           0           0       0.000 gal
  952030               JUNCTION      1.00     1.00     0  00:00       0.646       0.646       6.523
  952020               JUNCTION      0.00    43.16     0  02:32           0       0.607      21.411
  952010               JUNCTION      0.00     1.13     0  08:46           0         0.5      17.067
  954030               JUNCTION      1.00     1.00     0  00:00       0.646       0.646       2.129
  954020               JUNCTION      0.00    25.96     0  02:32           0       0.633      13.037
  954010               JUNCTION      0.00     1.00     0  04:09           0        0.56      13.857
  953120               JUNCTION      1.00     1.00     0  00:00       0.646       0.646      11.665
  951140               JUNCTION      1.00     1.00     0  00:00       0.646       0.646      12.502
  951130               JUNCTION      0.00     1.00     0  10:15           0       0.574      13.843
  951120               JUNCTION      0.00     1.00     0  08:35           0       0.505      16.009
  951110               JUNCTION      0.00     1.00     0  10:37           0       0.435      18.833
  951100               JUNCTION      0.00     1.00     0  13:26           0       0.366      22.835
  951090               JUNCTION      0.00     1.00     0  15:55           0       0.298      29.571
  951080               JUNCTION      0.00     1.00     0  16:08           0        0.23      41.509
  951020               JUNCTION      0.00     2.45     0  05:01           0       0.674     319.834
  951040               JUNCTION      1.00     1.00     0  00:00       0.646       0.646      11.827
  951010               JUNCTION      0.00     0.00     0  00:00           0           0       0.000 gal
  951030               JUNCTION      0.00     1.00     0  08:35           0       0.578      12.886
  910000               OUTFALL       0.00     0.00     0  00:00           0           0       0.000 gal
  
  
  **********************
  Node Surcharge Summary
  **********************
  
  Surcharging occurs when water rises above the top of the highest conduit.
  ---------------------------------------------------------------------
                                               Max. Height   Min. Depth
                                   Hours       Above Crown    Below Rim
  Node                 Type      Surcharged           Feet         Feet
  ---------------------------------------------------------------------
  920370               JUNCTION       15.39          0.000        0.000
  910650               JUNCTION        0.01          0.000        0.000
  910580               JUNCTION        0.16          0.000        0.000
  910560               JUNCTION        0.06          0.000        0.000
  910540               JUNCTION        0.01          0.000        0.000
  910520               JUNCTION        0.01          0.000        0.000
  910390               JUNCTION       18.55          0.000        0.000
  910380               JUNCTION       19.46          0.000        0.000
  910670               JUNCTION        0.01          0.000        0.000
  945140               JUNCTION        8.34          0.000        0.000
  950220               JUNCTION        6.51          0.000        0.000
  951020               JUNCTION        2.98          0.000        0.000
  
  
  *********************
  Node Flooding Summary
  *********************
  
  Flooding refers to all water that overflows a node, whether it ponds or not.
  --------------------------------------------------------------------------
                                                             Total   Maximum
                                 Maximum   Time of Max       Flood    Ponded
                        Hours       Rate    Occurrence      Volume     Depth
  Node                 Flooded       CFS   days hr:min    10^6 gal      Feet
  --------------------------------------------------------------------------
  920370                 15.39      1.19      0  08:49       0.412     0.000
  910650                  0.01    502.69      0  02:45       0.021     0.000
  910580                  0.16   2763.37      0  02:46       1.307     0.000
  910560                  0.06   3875.83      0  02:48       1.259     0.000
  910520                  0.01   1657.85      0  02:48       0.044     0.000
  910390                 18.23   2936.17      0  02:53       8.719     0.000
  910380                 19.31   1617.96      0  02:52       0.736     0.000
  910670                  0.01   1943.72      0  02:44       0.175     0.000
  945140                  8.34      1.51      0  15:48       0.224     0.000
  950220                  6.51      2.00      0  18:53       0.351     0.000
  951020                  2.98      2.00      0  21:01       0.161     0.000
  
  
  ***********************
  Outfall Loading Summary
  ***********************
  
  -----------------------------------------------------------
                         Flow       Avg       Max       Total
                         Freq      Flow      Flow      Volume
  Outfall Node           Pcnt       CFS       CFS    10^6 gal
  -----------------------------------------------------------
  910000                 0.00      0.00      0.00       0.000
  -----------------------------------------------------------
  System                 0.00      0.00      0.00       0.000
  
  
  ********************
  Link Flow Summary
  ********************
  
  -----------------------------------------------------------------------------
                                 Maximum  Time of Max   Maximum    Max/    Max/
                                  |Flow|   Occurrence   |Veloc|    Full    Full
  Link                 Type          CFS  days hr:min    ft/sec    Flow   Depth
  -----------------------------------------------------------------------------
  20370                CONDUIT      1.02     0  02:46      2.67    0.50    1.00
  20360                CONDUIT      0.00     0  00:00      0.00    0.00    0.15
  20350                CONDUIT      0.00     0  00:00      0.00    0.00    0.00
  20340                CONDUIT      0.00     0  00:00      0.00    0.00    0.00
  20330                CONDUIT      0.00     0  00:00      0.00    0.00    0.00
  20320                CONDUIT      0.00     0  00:00      0.00    0.00    0.00
  20310                CONDUIT      0.00     0  00:00      0.00    0.00    0.00
  20300                CONDUIT      0.00     0  00:00      0.00    0.00    0.00
  20290                CONDUIT      0.00     0  00:00      0.00    0.00    0.01
  20280                CONDUIT      2.42     0  10:07      1.52    0.00    0.02
  20270                CONDUIT      2.78     0  10:08      1.97    0.00    0.02
  20260                CONDUIT      3.00     0  13:46      2.06    0.00    0.02
  20250                CONDUIT      3.00     0  14:42      1.86    0.00    0.30
  20240                CONDUIT      3.14     0  12:08      1.93    0.05    1.00
  20230                CONDUIT      0.00     0  00:00      0.00    0.00    0.18
  20220                CONDUIT      0.00     0  00:00      0.00    0.00    0.00
  20210                CONDUIT      0.00     0  00:00      0.00    0.00    0.00
  20200                CONDUIT      0.00     0  00:00      0.00    0.00    0.00
  20190                CONDUIT      0.00     0  00:00      0.00    0.00    0.19
  20180                CONDUIT      0.00     0  00:00      0.00    0.00    0.19
  20170                CONDUIT      0.00     0  00:00      0.00    0.00    0.00
  20150                CONDUIT      0.00     0  00:00      0.00    0.00    0.00
  20140                CONDUIT      0.00     0  00:00      0.00    0.00    0.00
  20130                CONDUIT      0.00     0  00:00      0.00    0.00    0.00
  20110                CONDUIT      0.00     0  00:00      0.00    0.00    0.00
  20090                CONDUIT      0.00     0  00:00      0.00    0.00    0.00
  20070                CONDUIT      0.00     0  00:00      0.00    0.00    0.00
  20060                CONDUIT      0.00     0  00:00      0.00    0.00    0.00
  20050                CONDUIT      0.00     0  00:00      0.00    0.00    0.00
  20030                CONDUIT      0.00     0  00:00      0.00    0.00    0.02
  20010                CONDUIT      4.45     0  05:55      3.01    0.00    0.03
  10740                CONDUIT      2.00     0  09:53      3.21    0.01    0.06
  21040                CONDUIT     25.86     0  02:38      7.07    0.01    0.09
  21020                CONDUIT      2.00     0  08:30      2.14    0.00    0.02
  21010                CONDUIT      2.97     0  04:40      3.05    0.00    0.01
  21030                CONDUIT     25.86     0  02:38      7.07    0.01    0.09
  22060                CONDUIT     43.29     0  02:42      8.45    0.00    0.06
  22050                CONDUIT      1.00     0  06:30      2.01    0.00    0.01
  22040                CONDUIT      1.07     0  06:30      2.07    0.00    0.17
  22030                CONDUIT      5.30     0  14:42      2.87    0.02    0.60
  22020                CONDUIT      0.00     0  00:00      0.00    0.00    0.24
  22010                CONDUIT      0.00     0  00:00      0.00    0.00    0.00
  23160                CONDUIT      0.00     0  00:00      0.00    0.00    0.00
  23150                CONDUIT      0.00     0  00:00      0.00    0.00    0.00
  23140                CONDUIT      0.00     0  00:00      0.00    0.00    0.00
  23130                CONDUIT      0.00     0  00:00      0.00    0.00    0.00
  23120                CONDUIT      0.00     0  00:00      0.00    0.00    0.00
  23110                CONDUIT      0.00     0  00:00      0.00    0.00    0.00
  23100                CONDUIT      0.00     0  00:00      0.00    0.00    0.01
  23030                CONDUIT      2.00     0  09:57      2.04    0.00    0.02
  23020                CONDUIT      2.00     1  00:00      3.12    0.00    0.04
  23010                CONDUIT      7.77     0  09:12      4.31    0.00    0.20
  23060                CONDUIT     15.31     0  02:44      2.99    0.00    0.05
  23050                CONDUIT      2.00     0  03:44      2.37    0.00    0.01
  23040                CONDUIT      2.00     0  09:25      1.84    0.00    0.01
  23070                CONDUIT     10.70     0  02:45      4.26    0.00    0.02
  25040                CONDUIT      1.12     0  04:13      1.51    0.01    0.10
  25030                CONDUIT      2.10     0  05:34      2.05    0.03    0.15
  25020                CONDUIT      2.01     0  05:49      5.17    0.01    0.11
  25010                CONDUIT      2.02     0  09:05      0.97    0.09    0.22
  25050                CONDUIT      1.12     0  04:13      1.51    0.01    0.10
  24020                CONDUIT     25.53     0  02:44      5.42    0.00    0.06
  24010                CONDUIT      1.37     0  03:14      1.77    0.00    0.01
  20160                CONDUIT      0.00     0  00:00      0.00    0.00    0.00
  23180                CONDUIT      0.00     0  00:00      0.00    0.00    0.00
  23170                CONDUIT      0.00     0  00:00      0.00    0.00    0.00
  23200                CONDUIT      0.00     0  00:00      0.00    0.00    0.37
  23190                CONDUIT      0.00     0  00:00      0.00    0.00    0.00
  10720                CONDUIT      2.02     0  10:09      1.80    0.00    0.04
  10710                CONDUIT      2.00     0  19:25      0.72    0.00    0.04
  10700                CONDUIT     15.27     0  02:46      2.11    0.00    0.50
  10690                CONDUIT    346.51     0  02:46      3.40    0.04    0.84
  10670                CONDUIT   4035.93     0  02:44     34.85    0.11    0.96
  10650                CONDUIT   2651.29     0  02:45      9.79    0.48    0.80
  10630                CONDUIT   4246.48     0  02:45     28.82    0.25    0.87
  10620                CONDUIT   1645.09     0  02:46     25.00    0.15    0.78
  10610                CONDUIT   4227.49     0  02:46     30.34    0.18    0.83
  10600                CONDUIT   3783.80     0  02:46     25.46    0.35    0.94
  10580                CONDUIT   1256.87     0  02:46     42.55    2.79    1.00
  10560                CONDUIT   3778.22     0  02:48     23.35    0.44    1.00
  10540                CONDUIT   3257.02     0  02:48     26.95    1.07    0.96
  10520                CONDUIT  12041.62     0  02:48     48.96    0.49    1.00
  10510                CONDUIT   6322.55     0  02:49     30.97    0.32    0.82
  10500                CONDUIT   5679.36     0  02:49     31.25    0.32    0.77
  10490                CONDUIT   4198.81     0  02:50     28.39    0.27    0.77
  10480                CONDUIT   2952.09     0  02:51     22.37    0.21    0.73
  10470                CONDUIT   2934.30     0  02:52     27.49    0.12    0.61
  10460                CONDUIT   2831.58     0  02:52     21.45    0.11    0.70
  10440                CONDUIT   2906.77     0  02:52     43.94    3.32    0.96
  10420                CONDUIT   2976.17     0  02:53     23.80    0.17    0.46
  10410                CONDUIT   3376.67     0  02:52     26.71    0.17    0.83
  10390                CONDUIT   1680.02     0  02:52    >50.00    6.70    1.00
  10380                CONDUIT      0.00     0  00:00      0.00    0.00    0.50
  10370                CONDUIT      0.00     0  00:00      0.00    0.00    0.16
  10350                CONDUIT      1.01     0  12:28      1.52    0.00    0.41
  10330                CONDUIT      0.00     0  00:00      0.00    0.00    0.17
  10320                CONDUIT      0.00     0  00:00      0.00    0.00    0.00
  10300                CONDUIT      0.00     0  00:00      0.00    0.00    0.00
  10280                CONDUIT      0.00     0  00:00      0.00    0.00    0.01
  10260                CONDUIT      1.00     0  09:14      1.61    0.00    0.26
  10250                CONDUIT      3.61     0  14:59      1.73    0.00    0.60
  10240                CONDUIT      0.00     0  00:00      0.00    0.00    0.34
  10230                CONDUIT      0.00     0  00:00      0.00    0.00    0.00
  10220                CONDUIT      0.00     0  00:00      0.00    0.00    0.00
  10200                CONDUIT      0.00     0  00:00      0.00    0.00    0.00
  10190                CONDUIT      0.00     0  00:00      0.00    0.00    0.00
  10180                CONDUIT      0.00     0  00:00      0.00    0.00    0.00
  10170                CONDUIT      0.00     0  00:00      0.00    0.00    0.00
  10160                CONDUIT      0.00     0  00:00      0.00    0.00    0.00
  10140                CONDUIT      0.00     0  00:00      0.00    0.00    0.00
  10130                CONDUIT      0.00     0  00:00      0.00    0.00    0.00
  10110                CONDUIT      0.00     0  00:00      0.00    0.00    0.00
  10070                CONDUIT      0.00     0  00:00      0.00    0.00    0.00
  10030                CONDUIT      0.00     0  00:00      0.00    0.00    0.00
  10010                CONDUIT      0.00     0  00:00      0.00    0.00    0.00
  10050                CONDUIT      0.00     0  00:00      0.00    0.00    0.00
  10080                CONDUIT      0.00     0  00:00      0.00    0.00    0.00
  10090                CONDUIT      0.00     0  00:00      0.00    0.00    0.00
  10680                CONDUIT   3007.15     0  02:45     16.22    0.33    0.76
  41070                CONDUIT     96.12     0  02:37     28.47    0.00    0.03
  41060                CONDUIT      1.00     0  06:54      5.75    0.00    0.04
  41050                CONDUIT      1.00     0  07:15      5.34    0.00    0.04
  41040                CONDUIT      0.00     0  00:00      0.00    0.00    0.28
  41030                CONDUIT      0.00     0  00:00      0.00    0.00    0.00
  41020                CONDUIT      0.00     0  00:00      0.00    0.00    0.00
  41010                CONDUIT      0.00     0  00:00      0.00    0.00    0.00
  41045                CONDUIT      1.00     0  11:48      5.28    0.00    0.32
  42040                CONDUIT      1.43     0  04:30      1.39    0.01    0.06
  42030                CONDUIT      1.12     0  04:34      3.09    0.01    0.07
  42020                CONDUIT      1.27     0  09:03      1.62    0.00    0.29
  42010                CONDUIT      1.02     0  15:00      2.71    0.17    1.00
  45140                CONDUIT      1.02     0  05:48      2.24    0.06    1.00
  45130                CONDUIT      0.00     0  00:00      0.00    0.00    0.22
  45120                CONDUIT      0.00     0  00:00      0.00    0.00    0.00
  45110                CONDUIT      0.00     0  00:00      0.00    0.00    0.00
  45100                CONDUIT      0.00     0  00:00      0.00    0.00    0.00
  45090                CONDUIT      0.00     0  00:00      0.00    0.00    0.00
  45080                CONDUIT      0.00     0  00:00      0.00    0.00    0.00
  45070                CONDUIT      0.00     0  00:00      0.00    0.00    0.00
  45060                CONDUIT      0.00     0  00:00      0.00    0.00    0.00
  45050                CONDUIT      0.00     0  00:00      0.00    0.00    0.00
  45040                CONDUIT      0.00     0  00:00      0.00    0.00    0.00
  45030                CONDUIT      0.00     0  00:00      0.00    0.00    0.00
  45020                CONDUIT      0.00     0  00:00      0.00    0.00    0.00
  45010                CONDUIT      0.00     0  00:00      0.00    0.00    0.25
  49040                CONDUIT     19.97     0  02:40      6.50    0.00    0.03
  49030                CONDUIT      1.00     0  10:55      2.97    0.01    0.06
  49020                CONDUIT      3.39     0  07:18      3.39    0.00    0.01
  49010                CONDUIT      1.04     0  09:37      2.29    0.00    0.01
  48010                CONDUIT     48.28     0  02:37     10.15    0.00    0.35
  47040                CONDUIT     19.64     0  02:41      5.72    0.00    0.01
  47030                CONDUIT      3.21     0  03:18      6.73    0.00    0.02
  47020                CONDUIT      1.00     0  10:27      2.79    0.00    0.03
  47010                CONDUIT      1.00     0  10:21      0.03    0.00    0.50
  46020                CONDUIT     15.44     0  02:26      5.75    0.00    0.01
  46010                CONDUIT      1.06     0  04:09      1.54    0.00    0.50
  31020                CONDUIT      2.33     0  02:28     15.32    0.04    0.10
  31010                CONDUIT      1.00     0  05:38      6.91    0.01    0.05
  32090                CONDUIT      1.00     0  14:03      0.65    0.08    0.35
  32080                CONDUIT      1.00     0  09:46      3.14    0.03    0.12
  32070                CONDUIT      1.00     0  10:34      7.98    0.01    0.46
  32060                CONDUIT      1.00     0  13:25      0.58    0.05    0.42
  32050                CONDUIT      1.00     0  16:16      2.11    0.06    0.15
  32040                CONDUIT      1.00     0  16:14      6.54    0.01    0.11
  32020                CONDUIT      2.00     0  16:26      6.96    0.02    0.11
  32010                CONDUIT      2.00     0  16:52      5.01    0.03    0.56
  32030                CONDUIT      1.00     0  06:43      2.26    0.62    0.51
  53300                CONDUIT     50.00     0  02:36     20.96    0.01    0.08
  53290                CONDUIT      1.00     0  10:47      3.93    0.07    0.17
  53280                CONDUIT      1.00     0  15:29      4.40    0.02    0.54
  53270                CONDUIT      1.02     0  12:57      1.71    0.01    0.96
  53260                CONDUIT      0.00     0  00:00      0.00    0.00    0.50
  53240                CONDUIT      0.00     0  00:00      0.00    0.00    0.23
  53230                CONDUIT      2.00     1  00:00      0.83    0.08    0.22
  53380                CONDUIT      4.70     0  02:33      2.74    0.02    0.11
  53370                CONDUIT      1.05     0  08:00      2.05    0.04    0.15
  53360                CONDUIT      1.63     0  09:17      1.05    0.01    0.14
  53350                CONDUIT      1.00     0  13:04      0.46    0.03    0.22
  53330                CONDUIT      2.00     0  13:00      0.67    0.07    0.18
  53320                CONDUIT      2.11     0  13:54      2.86    0.08    0.18
  53310                CONDUIT      2.41     0  13:54      1.59    0.01    0.18
  53340                CONDUIT      1.07     0  05:39      0.84    0.01    0.18
  53220                CONDUIT      2.14     0  18:05      2.45    0.03    0.14
  53210                CONDUIT      2.03     0  20:43      2.29    0.04    0.14
  53200                CONDUIT      2.07     0  20:42      1.95    0.05    0.15
  53190                CONDUIT      2.01     0  22:04      1.97    0.05    0.12
  53180                CONDUIT      2.00     1  00:00      2.59    0.02    0.08
  53170                CONDUIT      2.00     1  00:00      3.48    0.01    0.06
  53160                CONDUIT      0.00     0  00:00      0.00    0.00    0.00
  53150                CONDUIT      0.00     0  00:00      0.00    0.00    0.00
  53140                CONDUIT      0.00     0  00:00      0.00    0.00    0.00
  53130                CONDUIT      0.00     0  00:00      0.00    0.00    0.00
  53110                CONDUIT      0.00     0  00:00      0.00    0.00    0.03
  53100                CONDUIT      1.21     0  08:05      1.38    0.00    0.52
  50210                CONDUIT      0.00     0  00:00      0.00    0.00    0.00
  50200                CONDUIT      0.00     0  00:00      0.00    0.00    0.00
  50190                CONDUIT     31.23     0  08:10     35.51    0.00    0.11
  50180                CONDUIT      3.76     0  16:32      2.58    0.01    0.48
  50170                CONDUIT      0.00     0  00:00      0.00    0.00    0.12
  50130                CONDUIT      0.00     0  00:00      0.00    0.00    0.00
  50120                CONDUIT      0.00     0  00:00      0.00    0.00    0.00
  50110                CONDUIT      0.00     0  00:00      0.00    0.00    0.00
  50100                CONDUIT      0.00     0  00:00      0.00    0.00    0.00
  52030                CONDUIT     43.16     0  02:32     17.15    0.01    0.05
  52020                CONDUIT      1.13     0  08:46      1.02    0.01    0.06
  52010                CONDUIT      1.11     0  09:03      0.68    0.00    0.52
  54030                CONDUIT     25.96     0  02:32      5.08    0.00    0.02
  54020                CONDUIT      1.00     0  04:09      1.56    0.00    0.00
  54010                CONDUIT      1.00     0  08:10      1.57    0.00    0.00
  53120                CONDUIT      1.00     0  02:33      2.51    0.01    0.07
  50220                CONDUIT      0.00     0  00:00      0.00    0.00    0.50
  51140                CONDUIT      1.00     0  10:15      1.61    0.04    0.12
  51130                CONDUIT      1.00     0  08:35      3.13    0.01    0.07
  51120                CONDUIT      1.00     0  10:37      5.08    0.01    0.06
  51110                CONDUIT      1.00     0  13:26      3.98    0.01    0.05
  51100                CONDUIT      1.00     0  15:55      3.77    0.01    0.06
  51090                CONDUIT      1.00     0  16:08      2.84    0.01    0.07
  51080                CONDUIT      1.00     0  18:19      0.24    0.01    0.53
  51040                CONDUIT      1.00     0  08:35      4.12    0.04    0.13
  51020                CONDUIT      0.00     0  00:00      0.00    0.00    0.50
  51010                CONDUIT      0.00     0  00:00      0.00    0.00    0.00
  51030                CONDUIT      2.45     0  05:01      3.27    0.00    0.51
  
  
  ***************************
  Flow Classification Summary
  ***************************
  
  -------------------------------------------------------------------------------------
                      Adjusted    ---------- Fraction of Time in Flow Class ---------- 
                       /Actual         Up    Down  Sub   Sup   Up    Down  Norm  Inlet 
  Conduit               Length    Dry  Dry   Dry   Crit  Crit  Crit  Crit  Ltd   Ctrl  
  -------------------------------------------------------------------------------------
  20370                   1.00   0.11  0.00  0.00  0.74  0.00  0.00  0.15  0.00  0.00
  20360                   1.00   0.23  0.77  0.00  0.00  0.00  0.00  0.00  0.00  0.00
  20350                   1.00   1.00  0.00  0.00  0.00  0.00  0.00  0.00  0.00  0.00
  20340                   1.00   1.00  0.00  0.00  0.00  0.00  0.00  0.00  0.00  0.00
  20330                   1.00   1.00  0.00  0.00  0.00  0.00  0.00  0.00  0.00  0.00
  20320                   1.00   1.00  0.00  0.00  0.00  0.00  0.00  0.00  0.00  0.00
  20310                   1.00   1.00  0.00  0.00  0.00  0.00  0.00  0.00  0.00  0.00
  20300                   1.00   1.00  0.00  0.00  0.00  0.00  0.00  0.00  0.00  0.00
  20290                   1.00   0.36  0.64  0.00  0.00  0.00  0.00  0.00  0.00  0.00
  20280                   1.00   0.36  0.00  0.00  0.58  0.00  0.00  0.06  0.00  0.00
  20270                   1.00   0.23  0.19  0.00  0.57  0.00  0.00  0.01  0.57  0.00
  20260                   1.00   0.23  0.00  0.00  0.61  0.00  0.00  0.15  0.61  0.00
  20250                   1.00   0.37  0.00  0.00  0.55  0.00  0.00  0.09  0.55  0.00
  20240                   1.00   0.45  0.00  0.00  0.50  0.00  0.00  0.05  0.00  0.00
  20230                   1.00   0.50  0.50  0.00  0.00  0.00  0.00  0.00  0.00  0.00
  20220                   1.00   1.00  0.00  0.00  0.00  0.00  0.00  0.00  0.00  0.00
  20210                   1.00   1.00  0.00  0.00  0.00  0.00  0.00  0.00  0.00  0.00
  20200                   1.00   1.00  0.00  0.00  0.00  0.00  0.00  0.00  0.00  0.00
  20190                   1.00   0.43  0.57  0.00  0.00  0.00  0.00  0.00  0.00  0.00
  20180                   1.00   0.43  0.57  0.00  0.00  0.00  0.00  0.00  0.00  0.00
  20170                   1.00   1.00  0.00  0.00  0.00  0.00  0.00  0.00  0.00  0.00
  20150                   1.00   1.00  0.00  0.00  0.00  0.00  0.00  0.00  0.00  0.00
  20140                   1.00   1.00  0.00  0.00  0.00  0.00  0.00  0.00  0.00  0.00
  20130                   1.00   1.00  0.00  0.00  0.00  0.00  0.00  0.00  0.00  0.00
  20110                   1.00   1.00  0.00  0.00  0.00  0.00  0.00  0.00  0.00  0.00
  20090                   1.00   1.00  0.00  0.00  0.00  0.00  0.00  0.00  0.00  0.00
  20070                   1.00   1.00  0.00  0.00  0.00  0.00  0.00  0.00  0.00  0.00
  20060                   1.00   1.00  0.00  0.00  0.00  0.00  0.00  0.00  0.00  0.00
  20050                   1.00   1.00  0.00  0.00  0.00  0.00  0.00  0.00  0.00  0.00
  20030                   1.00   0.25  0.75  0.00  0.00  0.00  0.00  0.00  0.00  0.00
  20010                   1.00   0.25  0.00  0.00  0.70  0.00  0.00  0.05  0.70  0.00
  10740                   1.00   0.29  0.00  0.00  0.00  0.00  0.00  0.71  0.00  0.00
  21040                   1.00   0.11  0.00  0.00  0.85  0.01  0.00  0.03  0.86  0.00
  21020                   1.00   0.14  0.00  0.00  0.00  0.00  0.00  0.86  0.00  0.00
  21010                   1.00   0.19  0.00  0.00  0.00  0.75  0.00  0.05  0.75  0.00
  21030                   1.00   0.11  0.00  0.00  0.85  0.01  0.00  0.03  0.86  0.00
  22060                   1.00   0.11  0.00  0.00  0.00  0.81  0.00  0.07  0.81  0.00
  22050                   1.00   0.16  0.00  0.00  0.00  0.02  0.00  0.83  0.02  0.00
  22040                   1.00   0.27  0.00  0.00  0.62  0.00  0.00  0.11  0.62  0.00
  22030                   1.00   0.38  0.00  0.00  0.48  0.01  0.00  0.13  0.05  0.00
  22020                   1.00   0.49  0.51  0.00  0.00  0.00  0.00  0.00  0.00  0.00
  22010                   1.00   1.00  0.00  0.00  0.00  0.00  0.00  0.00  0.00  0.00
  23160                   1.00   1.00  0.00  0.00  0.00  0.00  0.00  0.00  0.00  0.00
  23150                   1.00   1.00  0.00  0.00  0.00  0.00  0.00  0.00  0.00  0.00
  23140                   1.00   1.00  0.00  0.00  0.00  0.00  0.00  0.00  0.00  0.00
  23130                   1.00   1.00  0.00  0.00  0.00  0.00  0.00  0.00  0.00  0.00
  23120                   1.00   1.00  0.00  0.00  0.00  0.00  0.00  0.00  0.00  0.00
  23110                   1.00   1.00  0.00  0.00  0.00  0.00  0.00  0.00  0.00  0.00
  23100                   1.00   0.25  0.75  0.00  0.00  0.00  0.00  0.00  0.00  0.00
  23030                   1.00   0.25  0.00  0.00  0.68  0.00  0.00  0.07  0.68  0.00
  23020                   1.00   0.32  0.00  0.00  0.00  0.00  0.00  0.68  0.00  0.00
  23010                   1.00   0.38  0.00  0.00  0.57  0.00  0.00  0.04  0.57  0.00
  23060                   1.00   0.11  0.00  0.00  0.86  0.00  0.00  0.02  0.00  0.00
  23050                   1.00   0.13  0.00  0.00  0.00  0.81  0.00  0.06  0.81  0.00
  23040                   1.00   0.19  0.00  0.00  0.00  0.00  0.00  0.81  0.00  0.00
  23070                   1.00   0.11  0.00  0.00  0.86  0.01  0.00  0.02  0.87  0.00
  25040                   1.00   0.12  0.00  0.00  0.82  0.00  0.00  0.06  0.82  0.00
  25030                   1.00   0.18  0.00  0.00  0.77  0.00  0.00  0.06  0.77  0.00
  25020                   1.00   0.23  0.00  0.00  0.00  0.70  0.00  0.07  0.70  0.00
  25010                   1.00   0.29  0.00  0.00  0.63  0.00  0.00  0.08  0.00  0.00
  25050                   1.00   0.12  0.00  0.00  0.82  0.00  0.00  0.06  0.82  0.00
  24020                   1.00   0.11  0.00  0.00  0.00  0.86  0.00  0.02  0.86  0.00
  24010                   1.00   0.13  0.00  0.00  0.63  0.11  0.00  0.14  0.74  0.00
  20160                   1.00   1.00  0.00  0.00  0.00  0.00  0.00  0.00  0.00  0.00
  23180                   1.00   1.00  0.00  0.00  0.00  0.00  0.00  0.00  0.00  0.00
  23170                   1.00   1.00  0.00  0.00  0.00  0.00  0.00  0.00  0.00  0.00
  23200                   1.00   0.12  0.88  0.00  0.00  0.00  0.00  0.00  0.00  0.00
  23190                   1.00   1.00  0.00  0.00  0.00  0.00  0.00  0.00  0.00  0.00
  10720                   1.00   0.35  0.00  0.00  0.58  0.00  0.00  0.07  0.58  0.00
  10710                   1.00   0.42  0.00  0.00  0.53  0.00  0.05  0.00  0.00  0.00
  10700                   1.00   0.12  0.35  0.00  0.52  0.00  0.00  0.01  0.52  0.00
  10690                   1.00   0.11  0.00  0.00  0.88  0.00  0.00  0.00  0.87  0.00
  10670                   1.00   0.11  0.00  0.00  0.88  0.00  0.00  0.00  0.00  0.00
  10650                   1.00   0.11  0.00  0.00  0.88  0.00  0.00  0.00  0.87  0.00
  10630                   1.00   0.11  0.00  0.00  0.00  0.88  0.00  0.00  0.88  0.00
  10620                   1.00   0.11  0.00  0.00  0.00  0.00  0.00  0.88  0.00  0.00
  10610                   1.00   0.12  0.00  0.00  0.00  0.00  0.00  0.88  0.00  0.00
  10600                   1.00   0.12  0.00  0.00  0.88  0.00  0.00  0.00  0.88  0.00
  10580                   1.00   0.12  0.00  0.00  0.88  0.00  0.00  0.00  0.00  0.00
  10560                   1.00   0.12  0.00  0.00  0.88  0.00  0.00  0.00  0.00  0.00
  10540                   1.00   0.12  0.00  0.00  0.00  0.00  0.00  0.88  0.00  0.00
  10520                   1.00   0.12  0.00  0.00  0.00  0.88  0.00  0.00  0.88  0.00
  10510                   1.00   0.12  0.00  0.00  0.00  0.88  0.00  0.00  0.88  0.00
  10500                   1.00   0.12  0.00  0.00  0.00  0.88  0.00  0.00  0.88  0.00
  10490                   1.00   0.12  0.00  0.00  0.23  0.65  0.00  0.00  0.88  0.00
  10480                   1.00   0.12  0.00  0.00  0.00  0.04  0.00  0.84  0.04  0.00
  10470                   1.00   0.12  0.00  0.00  0.00  0.01  0.00  0.88  0.01  0.00
  10460                   1.00   0.12  0.00  0.00  0.88  0.00  0.00  0.00  0.88  0.00
  10440                   1.00   0.12  0.00  0.00  0.00  0.00  0.00  0.88  0.00  0.00
  10420                   1.00   0.12  0.00  0.00  0.87  0.00  0.00  0.01  0.87  0.00
  10410                   1.00   0.12  0.00  0.00  0.88  0.00  0.00  0.00  0.00  0.00
  10390                   1.00   0.12  0.00  0.00  0.88  0.00  0.00  0.00  0.00  0.00
  10380                   1.00   0.12  0.88  0.00  0.00  0.00  0.00  0.00  0.00  0.00
  10370                   1.00   0.52  0.48  0.00  0.00  0.00  0.00  0.00  0.00  0.00
  10350                   1.00   0.40  0.00  0.00  0.48  0.00  0.12  0.00  0.00  0.00
  10330                   1.00   0.40  0.60  0.00  0.00  0.00  0.00  0.00  0.00  0.00
  10320                   1.00   1.00  0.00  0.00  0.00  0.00  0.00  0.00  0.00  0.00
  10300                   1.00   1.00  0.00  0.00  0.00  0.00  0.00  0.00  0.00  0.00
  10280                   1.00   0.30  0.70  0.00  0.00  0.00  0.00  0.00  0.00  0.00
  10260                   1.00   0.30  0.00  0.00  0.61  0.00  0.00  0.09  0.61  0.00
  10250                   1.00   0.39  0.00  0.00  0.57  0.00  0.00  0.05  0.05  0.00
  10240                   1.00   0.43  0.57  0.00  0.00  0.00  0.00  0.00  0.00  0.00
  10230                   1.00   1.00  0.00  0.00  0.00  0.00  0.00  0.00  0.00  0.00
  10220                   1.00   1.00  0.00  0.00  0.00  0.00  0.00  0.00  0.00  0.00
  10200                   1.00   1.00  0.00  0.00  0.00  0.00  0.00  0.00  0.00  0.00
  10190                   1.00   1.00  0.00  0.00  0.00  0.00  0.00  0.00  0.00  0.00
  10180                   1.00   1.00  0.00  0.00  0.00  0.00  0.00  0.00  0.00  0.00
  10170                   1.00   1.00  0.00  0.00  0.00  0.00  0.00  0.00  0.00  0.00
  10160                   1.00   1.00  0.00  0.00  0.00  0.00  0.00  0.00  0.00  0.00
  10140                   1.00   1.00  0.00  0.00  0.00  0.00  0.00  0.00  0.00  0.00
  10130                   1.00   1.00  0.00  0.00  0.00  0.00  0.00  0.00  0.00  0.00
  10110                   1.00   1.00  0.00  0.00  0.00  0.00  0.00  0.00  0.00  0.00
  10070                   1.00   1.00  0.00  0.00  0.00  0.00  0.00  0.00  0.00  0.00
  10030                   1.00   1.00  0.00  0.00  0.00  0.00  0.00  0.00  0.00  0.00
  10010                   1.00   1.00  0.00  0.00  0.00  0.00  0.00  0.00  0.00  0.00
  10050                   1.00   1.00  0.00  0.00  0.00  0.00  0.00  0.00  0.00  0.00
  10080                   1.00   1.00  0.00  0.00  0.00  0.00  0.00  0.00  0.00  0.00
  10090                   1.00   1.00  0.00  0.00  0.00  0.00  0.00  0.00  0.00  0.00
  10680                   1.00   0.11  0.00  0.00  0.88  0.00  0.00  0.00  0.00  0.00
  41070                   1.00   0.11  0.00  0.00  0.82  0.00  0.00  0.06  0.83  0.00
  41060                   1.00   0.17  0.00  0.00  0.00  0.71  0.00  0.11  0.71  0.00
  41050                   1.00   0.28  0.00  0.00  0.00  0.00  0.00  0.72  0.00  0.00
  41040                   1.00   0.48  0.52  0.00  0.00  0.00  0.00  0.00  0.00  0.00
  41030                   1.00   1.00  0.00  0.00  0.00  0.00  0.00  0.00  0.00  0.00
  41020                   1.00   1.00  0.00  0.00  0.00  0.00  0.00  0.00  0.00  0.00
  41010                   1.00   1.00  0.00  0.00  0.00  0.00  0.00  0.00  0.00  0.00
  41045                   1.00   0.38  0.00  0.00  0.48  0.03  0.00  0.11  0.51  0.00
  42040                   1.00   0.09  0.00  0.00  0.81  0.00  0.00  0.09  0.81  0.00
  42030                   1.00   0.19  0.00  0.00  0.00  0.00  0.00  0.81  0.00  0.00
  42020                   1.00   0.28  0.00  0.00  0.62  0.00  0.00  0.10  0.62  0.00
  42010                   1.00   0.38  0.00  0.00  0.48  0.00  0.00  0.14  0.10  0.00
  45140                   1.00   0.11  0.00  0.00  0.76  0.00  0.00  0.13  0.17  0.00
  45130                   1.00   0.22  0.78  0.00  0.00  0.00  0.00  0.00  0.00  0.00
  45120                   1.00   1.00  0.00  0.00  0.00  0.00  0.00  0.00  0.00  0.00
  45110                   1.00   1.00  0.00  0.00  0.00  0.00  0.00  0.00  0.00  0.00
  45100                   1.00   1.00  0.00  0.00  0.00  0.00  0.00  0.00  0.00  0.00
  45090                   1.00   1.00  0.00  0.00  0.00  0.00  0.00  0.00  0.00  0.00
  45080                   1.00   1.00  0.00  0.00  0.00  0.00  0.00  0.00  0.00  0.00
  45070                   1.00   1.00  0.00  0.00  0.00  0.00  0.00  0.00  0.00  0.00
  45060                   1.00   1.00  0.00  0.00  0.00  0.00  0.00  0.00  0.00  0.00
  45050                   1.00   1.00  0.00  0.00  0.00  0.00  0.00  0.00  0.00  0.00
  45040                   1.00   1.00  0.00  0.00  0.00  0.00  0.00  0.00  0.00  0.00
  45030                   1.00   1.00  0.00  0.00  0.00  0.00  0.00  0.00  0.00  0.00
  45020                   1.00   1.00  0.00  0.00  0.00  0.00  0.00  0.00  0.00  0.00
  45010                   1.00   0.12  0.88  0.00  0.00  0.00  0.00  0.00  0.00  0.00
  49040                   1.00   0.11  0.00  0.00  0.82  0.00  0.00  0.07  0.82  0.00
  49030                   1.00   0.18  0.00  0.00  0.00  0.00  0.00  0.82  0.00  0.00
  49020                   1.00   0.30  0.00  0.00  0.00  0.00  0.00  0.70  0.00  0.00
  49010                   1.00   0.40  0.00  0.00  0.53  0.00  0.00  0.07  0.53  0.00
  48010                   1.00   0.11  0.00  0.00  0.89  0.00  0.00  0.01  0.89  0.00
  47040                   1.00   0.11  0.00  0.00  0.00  0.00  0.00  0.89  0.00  0.00
  47030                   1.00   0.14  0.00  0.00  0.76  0.01  0.00  0.10  0.76  0.00
  47020                   1.00   0.24  0.00  0.00  0.00  0.00  0.00  0.76  0.00  0.00
  47010                   1.00   0.11  0.24  0.00  0.64  0.00  0.00  0.00  0.64  0.00
  46020                   1.00   0.10  0.00  0.00  0.00  0.00  0.00  0.90  0.00  0.00
  46010                   1.00   0.12  0.06  0.00  0.67  0.16  0.00  0.00  0.83  0.00
  31020                   1.00   0.10  0.00  0.00  0.00  0.00  0.00  0.90  0.00  0.00
  31010                   1.00   0.20  0.00  0.00  0.00  0.00  0.00  0.80  0.00  0.00
  32090                   1.00   0.11  0.01  0.00  0.00  0.00  0.89  0.00  0.00  0.00
  32080                   1.00   0.23  0.00  0.00  0.00  0.00  0.00  0.77  0.00  0.00
  32070                   1.00   0.34  0.00  0.00  0.56  0.00  0.00  0.10  0.56  0.00
  32060                   1.00   0.44  0.01  0.00  0.44  0.00  0.11  0.00  0.00  0.00
  32050                   1.00   0.56  0.00  0.00  0.00  0.00  0.00  0.44  0.00  0.00
  32040                   1.00   0.20  0.46  0.00  0.00  0.34  0.00  0.00  0.34  0.00
  32020                   1.00   0.20  0.00  0.00  0.00  0.69  0.00  0.10  0.69  0.00
  32010                   1.00   0.30  0.00  0.00  0.46  0.13  0.00  0.11  0.59  0.00
  32030                   1.00   0.10  0.00  0.00  0.00  0.00  0.00  0.90  0.00  0.00
  53300                   1.00   0.11  0.00  0.00  0.81  0.00  0.00  0.08  0.81  0.00
  53290                   1.00   0.19  0.00  0.00  0.00  0.00  0.00  0.81  0.00  0.00
  53280                   1.00   0.31  0.00  0.00  0.34  0.02  0.00  0.34  0.36  0.00
  53270                   1.00   0.41  0.00  0.00  0.47  0.00  0.00  0.12  0.01  0.00
  53260                   1.00   0.52  0.48  0.00  0.00  0.00  0.00  0.00  0.00  0.00
  53240                   1.00   0.56  0.44  0.00  0.00  0.00  0.00  0.00  0.00  0.00
  53230                   1.00   0.56  0.00  0.00  0.31  0.00  0.13  0.00  0.00  0.00
  53380                   1.00   0.11  0.00  0.00  0.80  0.00  0.00  0.10  0.79  0.00
  53370                   1.00   0.20  0.00  0.00  0.67  0.00  0.00  0.12  0.06  0.00
  53360                   1.00   0.31  0.00  0.00  0.62  0.00  0.00  0.07  0.61  0.00
  53350                   1.00   0.22  0.01  0.00  0.62  0.00  0.15  0.00  0.00  0.00
  53330                   1.00   0.22  0.00  0.00  0.57  0.00  0.00  0.21  0.00  0.00
  53320                   1.00   0.43  0.00  0.00  0.07  0.00  0.00  0.50  0.00  0.00
  53310                   1.00   0.50  0.00  0.00  0.43  0.00  0.00  0.07  0.42  0.00
  53340                   1.00   0.11  0.00  0.00  0.77  0.00  0.00  0.12  0.16  0.00
  53220                   1.00   0.69  0.00  0.00  0.25  0.00  0.00  0.06  0.25  0.00
  53210                   1.00   0.75  0.00  0.00  0.19  0.00  0.00  0.05  0.00  0.00
  53200                   1.00   0.81  0.00  0.00  0.14  0.00  0.00  0.06  0.00  0.00
  53190                   1.00   0.86  0.00  0.00  0.08  0.00  0.00  0.06  0.00  0.00
  53180                   1.00   0.92  0.00  0.00  0.00  0.00  0.00  0.08  0.00  0.00
  53170                   1.00   0.97  0.00  0.00  0.00  0.00  0.00  0.03  0.00  0.00
  53160                   1.00   1.00  0.00  0.00  0.00  0.00  0.00  0.00  0.00  0.00
  53150                   1.00   1.00  0.00  0.00  0.00  0.00  0.00  0.00  0.00  0.00
  53140                   1.00   1.00  0.00  0.00  0.00  0.00  0.00  0.00  0.00  0.00
  53130                   1.00   1.00  0.00  0.00  0.00  0.00  0.00  0.00  0.00  0.00
  53110                   1.00   0.21  0.79  0.00  0.00  0.00  0.00  0.00  0.00  0.00
  53100                   1.00   0.21  0.00  0.00  0.67  0.00  0.00  0.12  0.66  0.00
  50210                   1.00   1.00  0.00  0.00  0.00  0.00  0.00  0.00  0.00  0.00
  50200                   1.00   0.34  0.66  0.00  0.00  0.00  0.00  0.00  0.00  0.00
  50190                   1.00   0.34  0.00  0.00  0.57  0.00  0.00  0.09  0.57  0.00
  50180                   1.00   0.43  0.00  0.00  0.45  0.00  0.00  0.12  0.05  0.00
  50170                   1.00   0.54  0.46  0.00  0.00  0.00  0.00  0.00  0.00  0.00
  50130                   1.00   1.00  0.00  0.00  0.00  0.00  0.00  0.00  0.00  0.00
  50120                   1.00   1.00  0.00  0.00  0.00  0.00  0.00  0.00  0.00  0.00
  50110                   1.00   1.00  0.00  0.00  0.00  0.00  0.00  0.00  0.00  0.00
  50100                   1.00   1.00  0.00  0.00  0.00  0.00  0.00  0.00  0.00  0.00
  52030                   1.00   0.11  0.00  0.00  0.82  0.02  0.00  0.06  0.83  0.00
  52020                   1.00   0.16  0.00  0.00  0.66  0.00  0.00  0.18  0.00  0.00
  52010                   1.00   0.32  0.02  0.00  0.66  0.00  0.00  0.00  0.66  0.00
  54030                   1.00   0.11  0.00  0.00  0.00  0.00  0.00  0.89  0.00  0.00
  54020                   1.00   0.13  0.00  0.00  0.00  0.00  0.00  0.87  0.00  0.00
  54010                   1.00   0.24  0.00  0.00  0.00  0.00  0.00  0.76  0.00  0.00
  53120                   1.00   0.10  0.00  0.00  0.00  0.00  0.00  0.90  0.00  0.00
  50220                   1.00   0.32  0.68  0.00  0.00  0.00  0.00  0.00  0.00  0.00
  51140                   1.00   0.11  0.00  0.00  0.00  0.00  0.00  0.89  0.00  0.00
  51130                   1.00   0.22  0.00  0.00  0.00  0.00  0.00  0.78  0.00  0.00
  51120                   1.00   0.33  0.00  0.00  0.00  0.57  0.00  0.11  0.57  0.00
  51110                   1.00   0.43  0.00  0.00  0.00  0.46  0.00  0.11  0.46  0.00
  51100                   1.00   0.54  0.00  0.00  0.00  0.36  0.00  0.11  0.36  0.00
  51090                   1.00   0.64  0.00  0.00  0.00  0.00  0.00  0.36  0.00  0.00
  51080                   1.00   0.32  0.43  0.00  0.25  0.00  0.00  0.00  0.25  0.00
  51040                   1.00   0.11  0.00  0.00  0.00  0.00  0.00  0.89  0.00  0.00
  51020                   1.00   0.31  0.69  0.00  0.00  0.00  0.00  0.00  0.00  0.00
  51010                   1.00   1.00  0.00  0.00  0.00  0.00  0.00  0.00  0.00  0.00
  51030                   1.00   0.21  0.00  0.00  0.68  0.00  0.00  0.10  0.69  0.00
  
  
  *************************
  Conduit Surcharge Summary
  *************************
  
  ----------------------------------------------------------------------------
                                                           Hours        Hours 
                         --------- Hours Full --------   Above Full   Capacity
  Conduit                Both Ends  Upstream  Dnstream   Normal Flow   Limited
  ----------------------------------------------------------------------------
  20370                      15.39     15.39     15.63      0.01         0.01
  20240                       4.09      4.09      4.72      0.01         0.01
  10670                       0.01      0.01      0.01      0.01         0.01
  10650                       0.01      0.01      0.01      0.01         0.01
  10630                       0.01      0.01      0.01      0.01         0.01
  10620                       0.01      0.01      0.01      0.01         0.01
  10610                       0.01      0.01      0.01      0.01         0.01
  10600                       0.01      0.01      0.01      0.01         0.01
  10580                      21.22     21.23     21.22      0.02         0.01
  10560                       0.01      0.01      0.01      0.01         0.01
  10540                       0.01      0.01      0.01      0.01         0.01
  10520                       0.01      0.01      0.01      0.01         0.01
  10510                       0.01      0.01      0.01      0.01         0.01
  10500                       0.01      0.01      0.01      0.01         0.01
  10490                       0.01      0.01      0.01      0.01         0.01
  10480                       0.01      0.01      0.01      0.01         0.01
  10470                       0.01      0.01      0.01      0.01         0.01
  10460                       0.01      0.01      0.01      0.01         0.01
  10440                       0.01      0.02      0.01      0.07         0.01
  10410                       0.01      0.01     18.23      0.01         0.01
  10390                      21.13     21.13     21.13      0.02         0.07
  42010                       4.54      4.54      7.84      0.01         0.01
  45140                       0.01      0.01     14.20      0.01         0.01
  32010                       0.01      0.01      4.99      0.01         0.01
  53280                       0.01      0.01      3.29      0.01         0.01
  53100                       0.01      0.01      6.51      0.01         0.01
  52010                       0.01      0.01      6.51      0.01         0.01
  51080                       0.01      0.01      2.98      0.01         0.01
  51030                       0.01      0.01      7.40      0.01         0.01
  

  Analysis begun on:  Wed Jul 22 13:57:29 2026
  Analysis ended on:  Wed Jul 22 13:57:34 2026
  Total elapsed time: 00:00:05