
  EPA STORM WATER MANAGEMENT MODEL - VERSION 5.2 (Build 5.2.4)
  ------------------------------------------------------------

  Converted from XPSWMM .xp file 
  WARNING 04: minimum elevation drop used for Conduit Drain1
  WARNING 04: minimum elevation drop used for Conduit Drain2
  WARNING 04: minimum elevation drop used for Conduit Drain4
  WARNING 04: minimum elevation drop used for Conduit Drain3
  WARNING 04: minimum elevation drop used for Conduit Drain6
  WARNING 04: minimum elevation drop used for Conduit Drain5
  WARNING 04: minimum elevation drop used for Conduit Drain7
  
  ****************
  Analysis Options
  ****************
  Flow Units ............... CMS
  Process Models:
    Rainfall/Runoff ........ NO
    RDII ................... NO
    Snowmelt ............... NO
    Groundwater ............ NO
    Flow Routing ........... YES
    Ponding Allowed ........ NO
    Water Quality .......... NO
  Flow Routing Method ...... DYNWAVE
  Surcharge Method ......... EXTRAN
  Starting Date ............ 01/01/2001 00:00:00
  Ending Date .............. 01/02/2001 00:00:00
  Antecedent Dry Days ...... 0.0
  Report Time Step ......... 00:15:00
  Routing Time Step ........ 1.00 sec
  Variable Time Step ....... YES
  Maximum Trials ........... 50
  Number of Threads ........ 1
  Head Tolerance ........... 0.000100 m
  
  
  **************************        Volume        Volume
  Flow Routing Continuity        hectare-m      10^6 ltr
  **************************     ---------     ---------
  Dry Weather Inflow .......         0.000         0.000
  Wet Weather Inflow .......         0.000         0.000
  Groundwater Inflow .......         0.000         0.000
  RDII Inflow ..............         0.000         0.000
  External Inflow ..........         1.037        10.367
  External Outflow .........         0.019         0.188
  Flooding Loss ............         0.000         0.000
  Evaporation Loss .........         0.000         0.000
  Exfiltration Loss ........         0.000         0.000
  Initial Stored Volume ....         0.040         0.400
  Final Stored Volume ......         1.057        10.570
  Continuity Error (%) .....         0.083
  
  
  *************************
  Highest Continuity Errors
  *************************
  Node Basin2 (12.75%)
  Node Basin3 (12.75%)
  Node Basin1 (10.92%)
  
  
  ***************************
  Time-Step Critical Elements
  ***************************
  None
  
  
  ********************************
  Highest Flow Instability Indexes
  ********************************
  All links are stable.
  
  
  *********************************
  Most Frequent Nonconverging Nodes
  *********************************
  Convergence obtained at all time steps.
  
  
  *************************
  Routing Time Step Summary
  *************************
  Minimum Time Step           :     0.50 sec
  Average Time Step           :     1.00 sec
  Maximum Time Step           :     1.00 sec
  % of Time in Steady State   :     0.00
  Average Iterations per Step :     2.00
  % of Steps Not Converging   :     0.00
  Time Step Frequencies       :
      1.000 -  0.871 sec      :   100.00 %
      0.871 -  0.758 sec      :     0.00 %
      0.758 -  0.660 sec      :     0.00 %
      0.660 -  0.574 sec      :     0.00 %
      0.574 -  0.500 sec      :     0.00 %
  
  
  ******************
  Node Depth Summary
  ******************
  
  ---------------------------------------------------------------------------------
                                 Average  Maximum  Maximum  Time of Max    Reported
                                   Depth    Depth      HGL   Occurrence   Max Depth
  Node                 Type       Meters   Meters   Meters  days hr:min      Meters
  ---------------------------------------------------------------------------------
  Outlet2              JUNCTION     0.16     1.16     4.16     1  00:00        1.16
  Outlet3              JUNCTION     0.16     1.16     4.16     1  00:00        1.16
  Outlet1              OUTFALL      0.00     0.00     3.00     0  00:00        0.00
  Basin1               STORAGE      0.60     1.09     4.09     1  00:00        1.09
  Lake1                STORAGE      0.66     1.09     4.09     1  00:00        1.09
  Basin2               STORAGE      0.60     1.16     4.16     1  00:00        1.16
  Lake2                STORAGE      0.67     1.16     4.16     1  00:00        1.16
  Basin3               STORAGE      0.60     1.16     4.16     1  00:00        1.16
  Lake3                STORAGE      0.67     1.16     4.16     1  00:00        1.16
  Outlet4              STORAGE      0.60     1.18     4.18     1  00:00        1.18
  Lake4                STORAGE      0.67     1.18     4.18     1  00:00        1.18
  
  
  *******************
  Node Inflow Summary
  *******************
  
  -------------------------------------------------------------------------------------------------
                                  Maximum  Maximum                  Lateral       Total        Flow
                                  Lateral    Total  Time of Max      Inflow      Inflow     Balance
                                   Inflow   Inflow   Occurrence      Volume      Volume       Error
  Node                 Type           CMS      CMS  days hr:min    10^6 ltr    10^6 ltr     Percent
  -------------------------------------------------------------------------------------------------
  Outlet2              JUNCTION     0.000    0.004     0  20:52           0      0.0241       0.000
  Outlet3              JUNCTION     0.000    0.004     0  20:52           0      0.0241       0.000
  Outlet1              OUTFALL      0.000    0.026     1  00:00           0       0.188       0.000
  Basin1               STORAGE      0.000    0.033     0  06:39           0        1.44      12.260
  Lake1                STORAGE      0.030    0.030     0  00:00        2.59        2.69       6.360
  Basin2               STORAGE      0.000    0.033     0  06:39           0        1.36      14.616
  Lake2                STORAGE      0.030    0.030     0  00:00        2.59        2.69       7.009
  Basin3               STORAGE      0.000    0.033     0  06:39           0        1.36      14.616
  Lake3                STORAGE      0.030    0.030     0  00:00        2.59        2.69       7.009
  Outlet4              STORAGE      0.000    0.033     0  06:39           0        1.33      12.617
  Lake4                STORAGE      0.030    0.030     0  00:00        2.59        2.69       7.225
  
  
  **********************
  Node Surcharge Summary
  **********************
  
  No nodes were surcharged.
  
  
  *********************
  Node Flooding Summary
  *********************
  
  No nodes were flooded.
  
  
  **********************
  Storage Volume Summary
  **********************
  
  ------------------------------------------------------------------------------------------------
                         Average    Avg   Evap  Exfil     Maximum    Max    Time of Max    Maximum
                          Volume   Pcnt   Pcnt   Pcnt      Volume   Pcnt     Occurrence    Outflow
  Storage Unit           1000 m³   Full   Loss   Loss     1000 m³   Full    days hr:min        CMS
  ------------------------------------------------------------------------------------------------
  Basin1                   0.595    6.0    0.0    0.0       1.093   10.9       1  00:00      0.026
  Lake1                    0.664    6.6    0.0    0.0       1.093   10.9       1  00:00      0.033
  Basin2                   0.599    6.0    0.0    0.0       1.159   11.6       1  00:00      0.004
  Lake2                    0.667    6.7    0.0    0.0       1.159   11.6       1  00:00      0.033
  Basin3                   0.599    6.0    0.0    0.0       1.159   11.6       1  00:00      0.004
  Lake3                    0.667    6.7    0.0    0.0       1.159   11.6       1  00:00      0.033
  Outlet4                  0.600    6.0    0.0    0.0       1.181   11.8       1  00:00      0.000
  Lake4                    0.669    6.7    0.0    0.0       1.181   11.8       1  00:00      0.033
  
  
  ***********************
  Outfall Loading Summary
  ***********************
  
  -----------------------------------------------------------
                         Flow       Avg       Max       Total
                         Freq      Flow      Flow      Volume
  Outfall Node           Pcnt       CMS       CMS    10^6 ltr
  -----------------------------------------------------------
  Outlet1               16.66     0.013     0.026       0.188
  -----------------------------------------------------------
  System                16.66     0.013     0.026       0.188
  
  
  ********************
  Link Flow Summary
  ********************
  
  -----------------------------------------------------------------------------
                                 Maximum  Time of Max   Maximum    Max/    Max/
                                  |Flow|   Occurrence   |Veloc|    Full    Full
  Link                 Type          CMS  days hr:min     m/sec    Flow   Depth
  -----------------------------------------------------------------------------
  Drain1               CONDUIT     0.033     0  06:39      0.16    0.04    0.39
  Drain2               CONDUIT     0.026     1  00:00      0.15    0.12    0.06
  Drain4               CONDUIT     0.004     0  20:52      0.05    0.02    0.16
  Drain3               CONDUIT     0.033     0  06:39      0.16    0.04    0.42
  Drain6               CONDUIT     0.004     0  20:52      0.05    0.02    0.16
  Drain5               CONDUIT     0.033     0  06:39      0.16    0.04    0.42
  Drain7               CONDUIT     0.033     0  06:39      0.16    0.04    0.43
  
  
  ***************************
  Flow Classification Summary
  ***************************
  
  -------------------------------------------------------------------------------------
                      Adjusted    ---------- Fraction of Time in Flow Class ---------- 
                       /Actual         Up    Down  Sub   Sup   Up    Down  Norm  Inlet 
  Conduit               Length    Dry  Dry   Dry   Crit  Crit  Crit  Crit  Ltd   Ctrl  
  -------------------------------------------------------------------------------------
  Drain1                  1.00   0.08  0.00  0.00  0.73  0.00  0.00  0.18  0.00  0.00
  Drain2                  1.00   0.83  0.00  0.00  0.00  0.00  0.00  0.17  0.00  0.00
  Drain4                  1.00   0.83  0.00  0.00  0.14  0.00  0.00  0.03  0.00  0.00
  Drain3                  1.00   0.08  0.00  0.00  0.73  0.00  0.00  0.18  0.00  0.00
  Drain6                  1.00   0.83  0.00  0.00  0.14  0.00  0.00  0.03  0.00  0.00
  Drain5                  1.00   0.08  0.00  0.00  0.73  0.00  0.00  0.18  0.00  0.00
  Drain7                  1.00   0.08  0.00  0.00  0.73  0.00  0.00  0.18  0.00  0.00
  
  
  *************************
  Conduit Surcharge Summary
  *************************
  
  No conduits were surcharged.
  

  Analysis begun on:  Wed Jul 22 13:59:00 2026
  Analysis ended on:  Wed Jul 22 13:59:00 2026
  Total elapsed time: < 1 sec