
  EPA STORM WATER MANAGEMENT MODEL - VERSION 5.2 (Build 5.2.4)
  ------------------------------------------------------------

  Kitching Creek Westside Model 
  WARNING 04: minimum elevation drop used for Conduit 753
  WARNING 04: minimum elevation drop used for Conduit 781
  WARNING 04: minimum elevation drop used for Conduit 716
  WARNING 04: minimum elevation drop used for Conduit 873
  WARNING 04: minimum elevation drop used for Conduit 766
  WARNING 04: minimum elevation drop used for Conduit 767
  WARNING 04: minimum elevation drop used for Conduit 768
  WARNING 04: minimum elevation drop used for Conduit 504
  WARNING 04: minimum elevation drop used for Conduit 507
  WARNING 04: minimum elevation drop used for Conduit 509
  WARNING 04: minimum elevation drop used for Conduit 516
  WARNING 04: minimum elevation drop used for Conduit 518
  WARNING 04: minimum elevation drop used for Conduit 520
  WARNING 04: minimum elevation drop used for Conduit 522
  WARNING 04: minimum elevation drop used for Conduit 524
  WARNING 04: minimum elevation drop used for Conduit 783
  WARNING 04: minimum elevation drop used for Conduit 784
  WARNING 04: minimum elevation drop used for Conduit 787
  WARNING 04: minimum elevation drop used for Conduit 788
  WARNING 04: minimum elevation drop used for Conduit 795
  WARNING 04: minimum elevation drop used for Conduit 796
  WARNING 04: minimum elevation drop used for Conduit 797
  WARNING 04: minimum elevation drop used for Conduit 798
  WARNING 04: minimum elevation drop used for Conduit 799
  WARNING 04: minimum elevation drop used for Conduit 800
  WARNING 04: minimum elevation drop used for Conduit 806
  WARNING 04: minimum elevation drop used for Conduit 814
  WARNING 04: minimum elevation drop used for Conduit 815
  WARNING 04: minimum elevation drop used for Conduit 816
  WARNING 04: minimum elevation drop used for Conduit 817
  WARNING 04: minimum elevation drop used for Conduit 820
  WARNING 04: minimum elevation drop used for Conduit 822
  WARNING 04: minimum elevation drop used for Conduit 824
  WARNING 04: minimum elevation drop used for Conduit 825
  WARNING 04: minimum elevation drop used for Conduit 827
  WARNING 04: minimum elevation drop used for Conduit 829
  WARNING 04: minimum elevation drop used for Conduit 830
  WARNING 04: minimum elevation drop used for Conduit 831
  WARNING 04: minimum elevation drop used for Conduit 839
  WARNING 04: minimum elevation drop used for Conduit 840
  WARNING 04: minimum elevation drop used for Conduit 841
  WARNING 04: minimum elevation drop used for Conduit 842
  WARNING 04: minimum elevation drop used for Conduit 845
  WARNING 04: minimum elevation drop used for Conduit 846
  WARNING 04: minimum elevation drop used for Conduit 857
  WARNING 04: minimum elevation drop used for Conduit 858
  WARNING 04: minimum elevation drop used for Conduit 861
  WARNING 04: minimum elevation drop used for Conduit 862
  WARNING 04: minimum elevation drop used for Conduit 863
  WARNING 04: minimum elevation drop used for Conduit 866
  WARNING 04: minimum elevation drop used for Conduit 867
  WARNING 04: minimum elevation drop used for Conduit 36_cul
  
  ****************
  Analysis Options
  ****************
  Flow Units ............... CFS
  Process Models:
    Rainfall/Runoff ........ NO
    RDII ................... NO
    Snowmelt ............... NO
    Groundwater ............ NO
    Flow Routing ........... YES
    Ponding Allowed ........ NO
    Water Quality .......... NO
  Flow Routing Method ...... DYNWAVE
  Surcharge Method ......... EXTRAN
  Starting Date ............ 01/01/2001 00:00:00
  Ending Date .............. 01/02/2001 00:00:00
  Antecedent Dry Days ...... 0.0
  Report Time Step ......... 00:15:00
  Routing Time Step ........ 20.00 sec
  Variable Time Step ....... YES
  Maximum Trials ........... 50
  Number of Threads ........ 1
  Head Tolerance ........... 0.003300 ft
  
  
  **************************        Volume        Volume
  Flow Routing Continuity        acre-feet      10^6 gal
  **************************     ---------     ---------
  Dry Weather Inflow .......         0.000         0.000
  Wet Weather Inflow .......         0.000         0.000
  Groundwater Inflow .......         0.000         0.000
  RDII Inflow ..............         0.000         0.000
  External Inflow ..........        47.601        15.512
  External Outflow .........         0.000         0.000
  Flooding Loss ............        23.527         7.667
  Evaporation Loss .........         0.000         0.000
  Exfiltration Loss ........         0.000         0.000
  Initial Stored Volume ....         0.003         0.001
  Final Stored Volume ......        27.749         9.042
  Continuity Error (%) .....        -7.712
  
  
  *************************
  Highest Continuity Errors
  *************************
  Node 437 (100.00%)
  Node 21 (100.00%)
  Node 288 (100.00%)
  Node 418 (100.00%)
  Node 429 (100.00%)
  
  
  ***************************
  Time-Step Critical Elements
  ***************************
  Link 36_cul (41.54%)
  Link 722 (34.90%)
  Link 721 (12.22%)
  Link 726 (10.86%)
  
  
  ********************************
  Highest Flow Instability Indexes
  ********************************
  Link 36_cul (50)
  Link 753 (32)
  Link 717 (1)
  
  
  *********************************
  Most Frequent Nonconverging Nodes
  *********************************
  Node 250 (36.13%)
  Node dirt_rd (35.04%)
  Node 34_cul (25.11%)
  Node 259 (0.02%)
  Node 258 (0.02%)
  
  
  *************************
  Routing Time Step Summary
  *************************
  Minimum Time Step           :     0.50 sec
  Average Time Step           :     3.76 sec
  Maximum Time Step           :    20.00 sec
  % of Time in Steady State   :     0.00
  Average Iterations per Step :    21.78
  % of Steps Not Converging   :    36.13
  Time Step Frequencies       :
     20.000 -  9.564 sec      :     0.04 %
      9.564 -  4.573 sec      :    39.64 %
      4.573 -  2.187 sec      :    27.76 %
      2.187 -  1.046 sec      :    31.29 %
      1.046 -  0.500 sec      :     1.27 %
  
  
  ******************
  Node Depth Summary
  ******************
  
  ---------------------------------------------------------------------------------
                                 Average  Maximum  Maximum  Time of Max    Reported
                                   Depth    Depth      HGL   Occurrence   Max Depth
  Node                 Type         Feet     Feet     Feet  days hr:min        Feet
  ---------------------------------------------------------------------------------
  205                  JUNCTION     7.95     9.51    34.51     1  00:00        9.51
  239                  JUNCTION     4.40     9.51    28.51     1  00:00        9.51
  238                  JUNCTION     5.71    11.92    30.92     0  23:57       11.92
  237                  JUNCTION     7.66    15.58    36.58     0  23:54       15.58
  236                  JUNCTION    14.63    15.59    36.59     0  22:33       15.59
  234                  JUNCTION    14.59    15.59    36.59     0  23:30       15.59
  233                  JUNCTION    12.34    15.60    36.60     0  22:01       15.60
  232                  JUNCTION    11.93    15.60    36.60     0  21:17       15.60
  231                  JUNCTION     0.00     0.00    21.00     0  00:00        0.00
  230                  JUNCTION     0.00     0.00    21.00     0  00:00        0.00
  229                  JUNCTION     0.00     0.00    21.00     0  00:00        0.00
  206                  JUNCTION     0.00     0.00    25.00     0  00:00        0.00
  226                  JUNCTION     0.00     0.00    21.00     0  00:00        0.00
  227                  JUNCTION    12.26    13.50    34.50     1  00:00       13.50
  223                  JUNCTION    13.04    14.51    34.51     1  00:00       14.51
  221                  JUNCTION    12.21    13.71    34.51     1  00:00       13.71
  222                  JUNCTION    12.91    14.51    34.51     1  00:00       14.51
  220                  JUNCTION    13.62    15.31    34.51     1  00:00       15.31
  218                  JUNCTION    13.07    14.51    34.51     1  00:00       14.51
  219                  JUNCTION    12.98    14.51    34.51     1  00:00       14.51
  228                  JUNCTION    13.66    14.11    35.11     0  06:26       14.11
  244                  JUNCTION    13.85    14.11    35.11     0  06:26       14.11
  253                  JUNCTION    14.42    15.10    35.10     0  06:31       15.10
  245                  JUNCTION    14.66    15.10    35.10     0  06:21       15.10
  247                  JUNCTION    13.96    14.11    35.11     0  06:23       14.10
  246                  JUNCTION    14.00    14.11    35.11     0  06:23       14.10
  405                  JUNCTION     0.00     0.00     0.00     0  00:00        0.00
  400                  JUNCTION     0.00     0.00     0.00     0  00:00        0.00
  404                  JUNCTION     0.00     0.00     0.00     0  00:00        0.00
  401                  JUNCTION     0.00     0.00     0.00     0  00:00        0.00
  403                  JUNCTION     0.00     0.00     0.00     0  00:00        0.00
  402                  JUNCTION     0.00     0.00     0.00     0  00:00        0.00
  235                  JUNCTION    14.89    15.59    36.59     0  23:48       15.59
  240                  JUNCTION    17.30    17.60    36.60     0  23:48       17.60
  437                  JUNCTION    10.91    16.64    36.64     1  00:00       16.64
  309                  JUNCTION    14.06    14.17    33.17     0  00:03       14.09
  251                  JUNCTION     7.88     7.90    22.90     0  00:44        7.90
  252                  JUNCTION     4.58     4.63    17.63     0  01:26        4.63
  212                  JUNCTION     2.99     3.03    16.03     0  04:26        3.03
  213                  JUNCTION     1.01     1.43    14.43     0  00:30        1.42
  256                  JUNCTION     0.16     0.16     0.16     0  00:00        0.16
  257                  JUNCTION    11.02    11.11    24.11     0  11:26       11.11
  258                  JUNCTION    10.13    10.81    22.81     0  00:03       10.52
  260                  JUNCTION    11.92    12.32    26.32     0  00:02       12.09
  259                  JUNCTION     5.80     6.90    16.50     0  00:05        6.71
  214                  JUNCTION     0.96     1.23    14.23     0  01:00        1.23
  215                  JUNCTION     0.17     0.29    13.99     0  01:10        0.28
  216                  JUNCTION     2.48     4.31    12.31     1  00:00        4.31
  217                  JUNCTION     2.46     4.31    12.31     1  00:00        4.31
  210                  JUNCTION     0.00     0.00    19.00     0  00:00        0.00
  211                  JUNCTION     0.07     0.17    19.17     1  00:00        0.17
  209                  JUNCTION     0.00     0.00    22.00     0  00:00        0.00
  208                  JUNCTION     0.00     0.00    22.00     0  00:00        0.00
  207                  JUNCTION     0.00     0.00    25.00     0  00:00        0.00
  224                  JUNCTION     0.00     0.00    20.00     0  00:00        0.00
  225                  JUNCTION     0.00     0.00    20.00     0  00:00        0.00
  274                  JUNCTION     0.00     0.00    25.70     0  00:00        0.00
  275                  JUNCTION    17.05    17.06    39.06     0  00:51       17.06
  276                  JUNCTION    16.77    17.06    37.06     0  04:41       17.06
  277                  JUNCTION    12.09    14.51    34.51     1  00:00       14.51
  278                  JUNCTION    11.81    14.51    34.51     1  00:00       14.51
  254                  JUNCTION    19.01    19.12    39.12     0  04:35       19.12
  169                  JUNCTION     0.00     0.00    15.50     0  00:00        0.00
  170                  JUNCTION     0.00     0.00    17.00     0  00:00        0.00
  226.1                JUNCTION    12.11    13.40    34.50     1  00:00       13.40
  181                  JUNCTION     0.00     0.00    18.00     0  00:00        0.00
  183                  JUNCTION     0.00     0.00    18.00     0  00:00        0.00
  261                  JUNCTION     0.00     0.00    24.00     0  00:00        0.00
  262                  JUNCTION     0.00     0.00    22.00     0  00:00        0.00
  263                  JUNCTION     0.00     0.00    22.00     0  00:00        0.00
  264                  JUNCTION     0.00     0.00    21.00     0  00:00        0.00
  265                  JUNCTION     0.00     0.00    21.00     0  00:00        0.00
  266                  JUNCTION     0.00     0.00    22.00     0  00:00        0.00
  267                  JUNCTION     0.00     0.00    21.00     0  00:00        0.00
  268                  JUNCTION     0.00     0.00    18.00     0  00:00        0.00
  269                  JUNCTION     0.00     0.00    22.00     0  00:00        0.00
  270                  JUNCTION     0.00     0.00    20.00     0  00:00        0.00
  271                  JUNCTION     0.00     0.00    22.00     0  00:00        0.00
  272                  JUNCTION     0.00     0.00    24.10     0  00:00        0.00
  273                  JUNCTION     0.00     0.00    24.00     0  00:00        0.00
  2                    JUNCTION    19.05    20.12    42.12     1  00:00       20.12
  3                    JUNCTION    18.85    20.12    42.12     1  00:00       20.12
  5                    JUNCTION    18.55    20.12    42.12     1  00:00       20.12
  7                    JUNCTION    17.12    20.12    42.12     1  00:00       20.12
  9                    JUNCTION    16.73    20.12    42.12     1  00:00       20.12
  13                   JUNCTION     1.06    18.12    42.12     1  00:00       18.12
  17                   JUNCTION     0.40    18.02    42.02     1  00:00       18.02
  21                   JUNCTION     0.00     0.07    24.07     1  00:00        0.07
  23                   JUNCTION     0.00     0.00    25.00     0  00:00        0.00
  31                   JUNCTION     0.00     0.00    24.00     0  00:00        0.00
  35                   JUNCTION     0.00     0.00    24.00     0  00:00        0.00
  39                   JUNCTION     0.00     0.00    24.00     0  00:00        0.00
  43                   JUNCTION     0.00     0.00    24.00     0  00:00        0.00
  47                   JUNCTION     0.00     0.00    24.00     0  00:00        0.00
  279                  JUNCTION    17.82    18.26    42.26     1  00:00       18.26
  280                  JUNCTION    17.40    18.26    42.26     1  00:00       18.26
  281                  JUNCTION    16.87    18.26    42.26     1  00:00       18.26
  282                  JUNCTION    17.51    19.26    42.26     1  00:00       19.26
  283                  JUNCTION    14.97    18.26    42.26     1  00:00       18.26
  284                  JUNCTION    14.61    18.26    42.26     1  00:00       18.26
  285                  JUNCTION     7.69    18.07    42.07     1  00:00       18.07
  286                  JUNCTION     6.68    17.07    39.07     1  00:00       17.07
  287                  JUNCTION     5.48    15.05    36.05     1  00:00       15.05
  288                  JUNCTION     3.14    10.81    31.81     1  00:00       10.81
  289                  JUNCTION     0.00     0.00    22.00     0  00:00        0.00
  290                  JUNCTION     0.00     0.00    20.00     0  00:00        0.00
  291                  JUNCTION     0.00     0.00    18.00     0  00:00        0.00
  292                  JUNCTION     0.00     0.00    18.00     0  00:00        0.00
  293                  JUNCTION     0.00     0.00    18.00     0  00:00        0.00
  294                  JUNCTION     0.00     0.00    18.00     0  00:00        0.00
  295                  JUNCTION     0.00     0.00    18.00     0  00:00        0.00
  296                  JUNCTION     0.00     0.00    18.00     0  00:00        0.00
  297                  JUNCTION     0.00     0.00    18.00     0  00:00        0.00
  298                  JUNCTION     0.00     0.00    17.00     0  00:00        0.00
  299                  JUNCTION     0.00     0.00    17.00     0  00:00        0.00
  300                  JUNCTION     0.00     0.00    18.00     0  00:00        0.00
  301                  JUNCTION     0.00     0.00    16.00     0  00:00        0.00
  302                  JUNCTION     0.00     0.00    16.00     0  00:00        0.00
  303                  JUNCTION     0.00     0.00    16.00     0  00:00        0.00
  304                  JUNCTION     0.00     0.00    14.30     0  00:00        0.00
  305                  JUNCTION     0.00     0.00    13.20     0  00:00        0.00
  306                  JUNCTION     0.00     0.00    11.50     0  00:00        0.00
  406                  JUNCTION    20.06    20.12    42.12     0  00:04       20.07
  407                  JUNCTION    18.03    18.08    39.08     0  00:10       18.07
  408                  JUNCTION    18.18    18.42    37.42     1  00:00       18.42
  409                  JUNCTION    15.93    17.42    37.42     1  00:00       17.42
  410                  JUNCTION    15.59    17.41    37.41     1  00:00       17.41
  411                  JUNCTION    15.08    17.41    37.41     1  00:00       17.41
  412                  JUNCTION    14.76    17.40    37.40     1  00:00       17.40
  413                  JUNCTION    14.18    17.40    37.40     1  00:00       17.40
  414                  JUNCTION    14.59    18.40    37.40     1  00:00       18.40
  415                  JUNCTION    12.35    17.40    37.40     1  00:00       17.40
  416                  JUNCTION    12.04    17.39    37.39     1  00:00       17.39
  417                  JUNCTION    10.91    17.39    37.39     1  00:00       17.39
  418                  JUNCTION    10.61    17.40    37.40     1  00:00       17.40
  419                  JUNCTION     0.00     0.00    23.00     0  00:00        0.00
  420                  JUNCTION     0.00     0.00    23.00     0  00:00        0.00
  421                  JUNCTION     0.00     0.00    23.00     0  00:00        0.00
  422                  JUNCTION     0.00     0.00    20.00     0  00:00        0.00
  423                  JUNCTION     0.00     0.00    20.00     0  00:00        0.00
  424                  JUNCTION     0.00     0.00    18.00     0  00:00        0.00
  425                  JUNCTION     0.00     0.00    18.00     0  00:00        0.00
  426                  JUNCTION     0.00     0.00    18.00     0  00:00        0.00
  427                  JUNCTION     0.00     0.00    18.00     0  00:00        0.00
  428                  JUNCTION     0.00     0.00    20.00     0  00:00        0.00
  429                  JUNCTION     7.94    16.00    36.00     1  00:00       16.00
  430                  JUNCTION     9.35    16.00    36.00     1  00:00       16.00
  431                  JUNCTION    10.71    16.00    36.00     1  00:00       16.00
  432                  JUNCTION    11.86    16.01    36.01     1  00:00       16.01
  433                  JUNCTION    12.66    16.01    36.01     1  00:00       16.01
  434                  JUNCTION    14.18    17.11    39.11     0  04:47       17.11
  435                  JUNCTION    12.88    16.64    36.64     1  00:00       16.64
  436                  JUNCTION    12.15    16.64    36.64     1  00:00       16.64
  443                  JUNCTION     0.00     0.00    24.00     0  00:00        0.00
  438                  JUNCTION     0.00     0.00    19.00     0  00:00        0.00
  439                  JUNCTION     0.00     0.00    20.00     0  00:00        0.00
  440                  JUNCTION     0.00     0.00    22.00     0  00:00        0.00
  441                  JUNCTION     0.00     0.00    20.00     0  00:00        0.00
  442                  JUNCTION     0.00     0.00    24.00     0  00:00        0.00
  444                  JUNCTION     0.00     0.00    22.00     0  00:00        0.00
  445                  JUNCTION     0.00     0.00    21.00     0  00:00        0.00
  446                  JUNCTION     0.00     0.00    20.00     0  00:00        0.00
  447                  JUNCTION     0.00     0.00    20.00     0  00:00        0.00
  448                  JUNCTION     0.00     0.00    20.00     0  00:00        0.00
  454                  JUNCTION     0.00     0.00    20.00     0  00:00        0.00
  449                  JUNCTION    17.95    18.00    36.00     0  01:38       18.00
  450                  JUNCTION     0.00     0.00    20.00     0  00:00        0.00
  451                  JUNCTION     0.00     0.00    20.00     0  00:00        0.00
  452                  JUNCTION     0.00     0.00    20.00     0  00:00        0.00
  453                  JUNCTION     0.00     0.00    20.00     0  00:00        0.00
  455                  JUNCTION     0.00     0.00    18.00     0  00:00        0.00
  456                  JUNCTION     0.00     0.00    18.00     0  00:00        0.00
  457                  JUNCTION     0.00     0.00    18.00     0  00:00        0.00
  458                  JUNCTION     0.00     0.00    20.00     0  00:00        0.00
  459                  JUNCTION     0.00     0.00    18.00     0  00:00        0.00
  460                  JUNCTION    15.06    15.06    32.06     0  01:54       15.06
  461                  JUNCTION     0.00     0.00    22.00     0  00:00        0.00
  RD-BR                JUNCTION    14.80    14.90    21.80     0  00:32       14.90
  RD-138               JUNCTION     1.00     1.00     1.00     0  00:00        1.00
  WR-DR1               JUNCTION    18.49    18.50    33.00     0  00:06       18.50
  dirt_road            JUNCTION    12.37    12.38    20.51     0  00:06       12.38
  WR-FPLDR2            JUNCTION    15.47    15.48    28.71     0  00:08       15.48
  WR-JDSP1             JUNCTION    14.99    15.00    27.50     0  00:03       15.00
  dirt_rd              JUNCTION    16.09    17.00    31.00     0  00:08       17.00
  34_cul               JUNCTION    15.98    17.00    31.00     0  00:08       17.00
  250                  OUTFALL      0.00     0.00    15.50     0  00:00        0.00
  
  
  *******************
  Node Inflow Summary
  *******************
  
  -------------------------------------------------------------------------------------------------
                                  Maximum  Maximum                  Lateral       Total        Flow
                                  Lateral    Total  Time of Max      Inflow      Inflow     Balance
                                   Inflow   Inflow   Occurrence      Volume      Volume       Error
  Node                 Type           CFS      CFS  days hr:min    10^6 gal    10^6 gal     Percent
  -------------------------------------------------------------------------------------------------
  205                  JUNCTION      0.00     3.50     1  00:00           0        1.02       0.000
  239                  JUNCTION      0.00     1.00     0  23:57           0       0.295       4.456
  238                  JUNCTION      0.00     1.00     0  23:54           0       0.302       2.298
  237                  JUNCTION      0.00     1.00     0  21:32           0       0.312       3.036
  236                  JUNCTION      0.00     1.01     0  17:52           0       0.389      24.534
  234                  JUNCTION      0.00     0.92     0  06:45           0       0.181      66.939
  233                  JUNCTION      0.00     0.88     0  06:43           0        0.11      83.829
  232                  JUNCTION      0.00     0.84     0  06:41           0      0.0594    2468.384
  231                  JUNCTION      0.00     0.00     0  00:00           0           0       0.000 gal
  230                  JUNCTION      0.00     0.00     0  00:00           0           0       0.000 gal
  229                  JUNCTION      0.00     0.00     0  00:00           0           0       0.000 gal
  206                  JUNCTION      0.00     0.00     0  00:00           0           0       0.000 gal
  226                  JUNCTION      0.00     0.00     0  00:00           0           0       0.000 gal
  227                  JUNCTION      1.00     1.00     0  00:00       0.646       0.646       0.418
  223                  JUNCTION      1.00     1.00     0  00:00       0.646       0.646       0.523
  221                  JUNCTION      0.00     2.87     0  05:52           0        1.15      87.494
  222                  JUNCTION      1.00     1.00     0  00:00       0.646       0.646       0.836
  220                  JUNCTION      0.00     4.18     0  04:32           0        1.31    1420.462
  218                  JUNCTION      1.00     1.17     0  06:47       0.646       0.646       0.718
  219                  JUNCTION      0.00     2.61     0  00:02           0       0.672     372.936
  228                  JUNCTION      0.00     0.39     0  00:24           0     0.00291     341.670
  244                  JUNCTION      1.00     1.32     0  00:25       0.646       0.647      14.237
  253                  JUNCTION      0.00     0.54     0  00:33           0     0.00398     761.741
  245                  JUNCTION      0.00     2.33     0  06:27           0        1.19      25.222
  247                  JUNCTION      0.00     0.64     0  00:08           0     0.00303     170.206
  246                  JUNCTION      1.00     1.52     0  00:09       0.646       0.647       2.204
  405                  JUNCTION      0.00     0.00     0  00:00           0           0       0.000 gal
  400                  JUNCTION      0.00     0.00     0  00:00           0           0       0.000 gal
  404                  JUNCTION      0.00     0.00     0  00:00           0           0       0.000 gal
  401                  JUNCTION      0.00     0.00     0  00:00           0           0       0.000 gal
  403                  JUNCTION      0.00     0.00     0  00:00           0           0       0.000 gal
  402                  JUNCTION      0.00     0.00     0  00:00           0           0       0.000 gal
  235                  JUNCTION      0.00     1.09     0  11:46           0       0.622       9.302
  240                  JUNCTION      1.00     1.00     0  00:00       0.646       0.646       4.048
  437                  JUNCTION      0.00     0.44     0  08:59           0       0.113  113151.701 gal
  309                  JUNCTION      1.00     1.00     0  00:00       0.646       0.646      -1.494
  251                  JUNCTION      0.00     4.69     0  00:03           0       0.656       2.946
  252                  JUNCTION      0.00     1.05     0  00:46           0       0.637       1.607
  212                  JUNCTION      0.00     1.19     0  01:54           0       0.627       3.507
  213                  JUNCTION      0.00    42.54     0  00:07           0        2.28       5.812
  256                  JUNCTION      1.00     1.21     0  11:22       0.646       0.783       0.002
  257                  JUNCTION      0.00     1.00     0  01:54           0       0.641       1.646
  258                  JUNCTION      0.00    12.74     0  00:02           0         1.2     -16.899
  260                  JUNCTION      1.00     1.00     0  00:00       0.646       0.646      -8.233
  259                  JUNCTION      0.00    40.31     0  00:03           0        1.44     -14.001
  214                  JUNCTION      0.00    18.87     0  00:36           0        2.16       9.042
  215                  JUNCTION      0.00     7.59     0  00:59           0        1.98       1.228
  216                  JUNCTION      0.00     7.26     0  01:11           0        1.95     170.115
  217                  JUNCTION      0.00     4.35     0  01:55           0       0.723       0.000
  210                  JUNCTION      0.00     0.00     0  00:00           0           0       0.000 gal
  211                  JUNCTION      0.00     1.00     1  00:00           0       0.283       0.017
  209                  JUNCTION      0.00     0.00     0  00:00           0           0       0.000 gal
  208                  JUNCTION      0.00     0.00     0  00:00           0           0       0.000 gal
  207                  JUNCTION      0.00     0.00     0  00:00           0           0       0.000 gal
  224                  JUNCTION      0.00     0.00     0  00:00           0           0       0.000 gal
  225                  JUNCTION      0.00     0.00     0  00:00           0           0       0.000 gal
  274                  JUNCTION      0.00     0.00     0  00:00           0           0       0.000 gal
  275                  JUNCTION      1.00     1.00     0  00:00       0.646       0.646       0.530
  276                  JUNCTION      0.00     1.00     0  00:52           0       0.643      14.554
  277                  JUNCTION      0.00     1.00     0  04:41           0       0.561       3.184
  278                  JUNCTION      0.00     1.03     0  19:09           0       0.544       3.776
  254                  JUNCTION      1.00     1.00     0  00:00       0.646       0.646      18.871
  169                  JUNCTION      0.00     0.00     0  00:00           0           0       0.000 gal
  170                  JUNCTION      0.00     0.00     0  00:00           0           0       0.000 gal
  226.1                JUNCTION      0.00     4.39     1  00:00           0       0.765      31.831
  181                  JUNCTION      0.00     0.00     0  00:00           0           0       0.000 gal
  183                  JUNCTION      0.00     0.00     0  00:00           0           0       0.000 gal
  261                  JUNCTION      0.00     0.00     0  00:00           0           0       0.000 gal
  262                  JUNCTION      0.00     0.00     0  00:00           0           0       0.000 gal
  263                  JUNCTION      0.00     0.00     0  00:00           0           0       0.000 gal
  264                  JUNCTION      0.00     0.00     0  00:00           0           0       0.000 gal
  265                  JUNCTION      0.00     0.00     0  00:00           0           0       0.000 gal
  266                  JUNCTION      0.00     0.00     0  00:00           0           0       0.000 gal
  267                  JUNCTION      0.00     0.00     0  00:00           0           0       0.000 gal
  268                  JUNCTION      0.00     0.00     0  00:00           0           0       0.000 gal
  269                  JUNCTION      0.00     0.00     0  00:00           0           0       0.000 gal
  270                  JUNCTION      0.00     0.00     0  00:00           0           0       0.000 gal
  271                  JUNCTION      0.00     0.00     0  00:00           0           0       0.000 gal
  272                  JUNCTION      0.00     0.00     0  00:00           0           0       0.000 gal
  273                  JUNCTION      0.00     0.00     0  00:00           0           0       0.000 gal
  2                    JUNCTION      1.00     1.00     0  00:00       0.646       0.646      10.237
  3                    JUNCTION      0.00     1.02     0  02:38           0       0.586      24.587
  5                    JUNCTION      0.00     1.00     0  01:04           0       0.471      61.169
  7                    JUNCTION      0.00     0.84     0  22:35           0       0.292      69.635
  9                    JUNCTION      0.00     0.75     0  22:36           0       0.172    1131.018
  13                   JUNCTION      0.00     0.55     0  22:38           0       0.014     482.267
  17                   JUNCTION      0.00     0.13     1  00:00           0     0.00235    2347.189 gal
  21                   JUNCTION      0.00     0.00     1  00:00           0    7.05e-06       7.050 gal
  23                   JUNCTION      0.00     0.00     0  00:00           0           0       0.000 gal
  31                   JUNCTION      0.00     0.00     0  00:00           0           0       0.000 gal
  35                   JUNCTION      0.00     0.00     0  00:00           0           0       0.000 gal
  39                   JUNCTION      0.00     0.00     0  00:00           0           0       0.000 gal
  43                   JUNCTION      0.00     0.00     0  00:00           0           0       0.000 gal
  47                   JUNCTION      0.00     0.00     0  00:00           0           0       0.000 gal
  279                  JUNCTION      1.00     1.00     0  00:00       0.646       0.646      11.706
  280                  JUNCTION      0.00     1.01     0  04:00           0       0.579      14.525
  281                  JUNCTION      0.00     1.03     0  03:50           0       0.505      12.642
  282                  JUNCTION      0.00     1.00     0  03:40           0       0.448      35.782
  283                  JUNCTION      0.00     1.00     1  00:00           0        0.33      24.205
  284                  JUNCTION      0.00     1.00     0  23:58           0       0.266      15.562
  285                  JUNCTION      0.00     1.00     1  00:00           0        0.23       2.003
  286                  JUNCTION      0.00     1.00     1  00:00           0       0.226       2.208
  287                  JUNCTION      0.00     1.00     1  00:00           0       0.221       0.569
  288                  JUNCTION      0.00     1.00     1  00:00           0       0.219  219472.951 gal
  289                  JUNCTION      0.00     0.00     0  00:00           0           0       0.000 gal
  290                  JUNCTION      0.00     0.00     0  00:00           0           0       0.000 gal
  291                  JUNCTION      0.00     0.00     0  00:00           0           0       0.000 gal
  292                  JUNCTION      0.00     0.00     0  00:00           0           0       0.000 gal
  293                  JUNCTION      0.00     0.00     0  00:00           0           0       0.000 gal
  294                  JUNCTION      0.00     0.00     0  00:00           0           0       0.000 gal
  295                  JUNCTION      0.00     0.00     0  00:00           0           0       0.000 gal
  296                  JUNCTION      0.00     0.00     0  00:00           0           0       0.000 gal
  297                  JUNCTION      0.00     0.00     0  00:00           0           0       0.000 gal
  298                  JUNCTION      0.00     0.00     0  00:00           0           0       0.000 gal
  299                  JUNCTION      0.00     0.00     0  00:00           0           0       0.000 gal
  300                  JUNCTION      0.00     0.00     0  00:00           0           0       0.000 gal
  301                  JUNCTION      0.00     0.00     0  00:00           0           0       0.000 gal
  302                  JUNCTION      0.00     0.00     0  00:00           0           0       0.000 gal
  303                  JUNCTION      0.00     0.00     0  00:00           0           0       0.000 gal
  304                  JUNCTION      0.00     0.00     0  00:00           0           0       0.000 gal
  305                  JUNCTION      0.00     0.00     0  00:00           0           0       0.000 gal
  306                  JUNCTION      0.00     0.00     0  00:00           0           0       0.000 gal
  406                  JUNCTION      1.00     1.00     0  00:00       0.646       0.646       0.020
  407                  JUNCTION      0.00     2.34     0  00:04           0       0.646       0.331
  408                  JUNCTION      0.00     1.19     0  00:10           0       0.644      10.581
  409                  JUNCTION      0.00     1.00     0  21:12           0       0.582       3.495
  410                  JUNCTION      0.00     1.01     0  21:11           0       0.563       3.257
  411                  JUNCTION      0.00     1.01     0  21:09           0       0.545       2.664
  412                  JUNCTION      0.00     1.01     0  21:04           0       0.531       3.588
  413                  JUNCTION      0.00     1.63     0  06:12           0       0.513       3.421
  414                  JUNCTION      0.00     2.82     0  06:07           0       0.499      14.323
  415                  JUNCTION      0.00     1.06     0  06:28           0       0.436       3.024
  416                  JUNCTION      0.00     1.08     0  20:48           0        0.42       4.172
  417                  JUNCTION      0.00     1.12     0  20:50           0       0.403     102.554
  418                  JUNCTION      0.00     0.71     0  20:56           0       0.199  199148.319 gal
  419                  JUNCTION      0.00     0.00     0  00:00           0           0       0.000 gal
  420                  JUNCTION      0.00     0.00     0  00:00           0           0       0.000 gal
  421                  JUNCTION      0.00     0.00     0  00:00           0           0       0.000 gal
  422                  JUNCTION      0.00     0.00     0  00:00           0           0       0.000 gal
  423                  JUNCTION      0.00     0.00     0  00:00           0           0       0.000 gal
  424                  JUNCTION      0.00     0.00     0  00:00           0           0       0.000 gal
  425                  JUNCTION      0.00     0.00     0  00:00           0           0       0.000 gal
  426                  JUNCTION      0.00     0.00     0  00:00           0           0       0.000 gal
  427                  JUNCTION      0.00     0.00     0  00:00           0           0       0.000 gal
  428                  JUNCTION      0.00     0.00     0  00:00           0           0       0.000 gal
  429                  JUNCTION      0.00     0.33     0  12:57           0      0.0518   51760.024 gal
  430                  JUNCTION      0.00     0.40     0  11:26           0       0.111     113.547
  431                  JUNCTION      0.00     0.45     0  11:52           0       0.169      53.340
  432                  JUNCTION      0.00     0.50     0  07:00           0       0.228      34.371
  433                  JUNCTION      0.00     0.50     0  04:47           0       0.267      17.292
  434                  JUNCTION      0.00     1.02     0  04:40           0       0.544       1.621
  435                  JUNCTION      0.00     0.50     0  04:47           0       0.268      35.005
  436                  JUNCTION      0.00     0.50     0  06:59           0       0.198      75.358
  443                  JUNCTION      0.00     0.00     0  00:00           0           0       0.000 gal
  438                  JUNCTION      0.00     0.00     0  00:00           0           0       0.000 gal
  439                  JUNCTION      0.00     0.00     0  00:00           0           0       0.000 gal
  440                  JUNCTION      0.00     0.00     0  00:00           0           0       0.000 gal
  441                  JUNCTION      0.00     0.00     0  00:00           0           0       0.000 gal
  442                  JUNCTION      0.00     0.00     0  00:00           0           0       0.000 gal
  444                  JUNCTION      0.00     0.00     0  00:00           0           0       0.000 gal
  445                  JUNCTION      0.00     0.00     0  00:00           0           0       0.000 gal
  446                  JUNCTION      0.00     0.00     0  00:00           0           0       0.000 gal
  447                  JUNCTION      0.00     0.00     0  00:00           0           0       0.000 gal
  448                  JUNCTION      0.00     0.00     0  00:00           0           0       0.000 gal
  454                  JUNCTION      0.00     0.00     0  00:00           0           0       0.000 gal
  449                  JUNCTION      1.00     1.00     0  00:00       0.646       0.646       7.372
  450                  JUNCTION      0.00     0.00     0  00:00           0           0       0.000 gal
  451                  JUNCTION      0.00     0.00     0  00:00           0           0       0.000 gal
  452                  JUNCTION      0.00     0.00     0  00:00           0           0       0.000 gal
  453                  JUNCTION      0.00     0.00     0  00:00           0           0       0.000 gal
  455                  JUNCTION      0.00     0.00     0  00:00           0           0       0.000 gal
  456                  JUNCTION      0.00     0.00     0  00:00           0           0       0.000 gal
  457                  JUNCTION      0.00     0.00     0  00:00           0           0       0.000 gal
  458                  JUNCTION      0.00     0.00     0  00:00           0           0       0.000 gal
  459                  JUNCTION      0.00     0.00     0  00:00           0           0       0.000 gal
  460                  JUNCTION      1.00     1.00     0  00:00       0.646       0.646       0.870
  461                  JUNCTION      0.00     0.00     0  00:00           0           0       0.000 gal
  RD-BR                JUNCTION      1.00     1.00     0  00:00       0.646       0.646       2.331
  RD-138               JUNCTION      1.00     2.00     1  00:00       0.646       0.929       0.031
  WR-DR1               JUNCTION      1.00     1.00     0  00:00       0.646       0.646       0.433
  dirt_road            JUNCTION      1.00     1.00     0  00:00       0.646       0.646       0.481
  WR-FPLDR2            JUNCTION      1.00     5.35     1  00:00       0.646       0.823       0.486
  WR-JDSP1             JUNCTION      1.00     1.00     0  00:00       0.646       0.646       0.246
  dirt_rd              JUNCTION      1.00    67.50     0  04:33       0.646        1.62      -7.708
  34_cul               JUNCTION      0.00    77.60     0  01:11           0        1.22       0.000
  250                  OUTFALL       0.00     0.00     0  00:00           0           0       0.000 gal
  
  
  **********************
  Node Surcharge Summary
  **********************
  
  Surcharging occurs when water rises above the top of the highest conduit.
  ---------------------------------------------------------------------
                                               Max. Height   Min. Depth
                                   Hours       Above Crown    Below Rim
  Node                 Type      Surcharged           Feet         Feet
  ---------------------------------------------------------------------
  245                  JUNCTION       17.64          0.000        0.000
  405                  JUNCTION       24.00          0.000        0.000
  400                  JUNCTION       24.00          0.000        0.000
  404                  JUNCTION       24.00          0.000        0.000
  401                  JUNCTION       24.00          0.000        0.000
  403                  JUNCTION       24.00          0.000        0.000
  402                  JUNCTION       24.00          0.000        0.000
  256                  JUNCTION       24.00          0.000        0.000
  224                  JUNCTION       24.00          0.000        0.000
  449                  JUNCTION       22.35          0.000        0.000
  RD-BR                JUNCTION       23.45          0.000        0.000
  RD-138               JUNCTION       23.99          0.000        0.000
  WR-DR1               JUNCTION       23.90          0.000        0.000
  dirt_road            JUNCTION       23.89          0.000        0.000
  WR-FPLDR2            JUNCTION       23.86          0.000        0.000
  WR-JDSP1             JUNCTION       23.94          0.000        0.000
  dirt_rd              JUNCTION       10.66          0.000        0.000
  34_cul               JUNCTION        6.15          0.000        0.000
  
  
  *********************
  Node Flooding Summary
  *********************
  
  Flooding refers to all water that overflows a node, whether it ponds or not.
  --------------------------------------------------------------------------
                                                             Total   Maximum
                                 Maximum   Time of Max       Flood    Ponded
                        Hours       Rate    Occurrence      Volume     Depth
  Node                 Flooded       CFS   days hr:min    10^6 gal      Feet
  --------------------------------------------------------------------------
  245                    17.64      2.33      0  06:27       0.950     0.000
  256                    24.00      1.21      0  13:18       0.783     0.000
  449                    22.35      1.00      0  01:38       0.602     0.000
  RD-BR                  23.45      1.00      0  00:32       0.632     0.000
  RD-138                 23.99      2.00      1  00:00       0.929     0.000
  WR-DR1                 23.90      1.00      0  00:06       0.643     0.000
  dirt_road              23.89      1.00      0  00:06       0.643     0.000
  WR-FPLDR2              23.86      5.35      1  00:00       0.819     0.000
  WR-JDSP1               23.94      1.00      0  00:03       0.645     0.000
  dirt_rd                10.66     41.32      0  01:02       0.553     0.000
  34_cul                  6.15     74.38      0  01:11       0.528     0.000
  
  
  ***********************
  Outfall Loading Summary
  ***********************
  
  -----------------------------------------------------------
                         Flow       Avg       Max       Total
                         Freq      Flow      Flow      Volume
  Outfall Node           Pcnt       CFS       CFS    10^6 gal
  -----------------------------------------------------------
  250                    0.00      0.00      0.00       0.000
  -----------------------------------------------------------
  System                 0.00      0.00      0.00       0.000
  
  
  ********************
  Link Flow Summary
  ********************
  
  -----------------------------------------------------------------------------
                                 Maximum  Time of Max   Maximum    Max/    Max/
                                  |Flow|   Occurrence   |Veloc|    Full    Full
  Link                 Type          CFS  days hr:min    ft/sec    Flow   Depth
  -----------------------------------------------------------------------------
  728                  CONDUIT      0.00     0  00:00      0.00    0.00    0.00
  729                  CONDUIT      0.00     0  00:00      0.00    0.00    0.00
  730                  CONDUIT      0.00     0  00:00      0.00    0.00    0.13
  731                  CONDUIT      0.84     0  06:41      0.50    0.00    0.20
  732                  CONDUIT      0.88     0  06:43      0.22    0.00    0.16
  733                  CONDUIT      0.92     0  06:45      0.41    0.00    0.18
  734                  CONDUIT      1.01     0  17:52      0.37    0.00    0.18
  735                  CONDUIT      1.00     0  21:32      0.17    0.00    0.12
  736                  CONDUIT      1.00     0  23:54      1.08    0.00    0.02
  737                  CONDUIT      1.00     0  23:57      0.85    0.00    0.02
  739                  CONDUIT      1.01     0  12:00      0.08    0.00    0.65
  254.1                CONDUIT      0.00     0  00:00      0.00    0.00    0.50
  722                  CONDUIT      1.00     0  01:40      1.05    0.01    0.79
  721                  CONDUIT      1.49     0  03:41      3.33    0.00    0.91
  717                  CONDUIT      2.61     0  00:02      5.24    0.01    0.70
  727                  CONDUIT      0.00     0  00:00      0.00    0.00    0.00
  743                  CONDUIT      0.39     0  00:24      2.07    0.00    0.42
  753                  CONDUIT      0.54     0  00:33      1.25    0.15    1.00
  748                  CONDUIT      0.00     0  00:00      0.00    0.00    0.17
  749                  CONDUIT      0.00     0  00:00      0.00    0.00    0.00
  268.1                CONDUIT      0.64     0  00:08      2.10    0.01    0.32
  744                  CONDUIT      1.31     0  06:29      0.29    0.04    0.75
  745                  CONDUIT      1.23     0  00:33      0.76    0.02    0.60
  759                  CONDUIT      0.21     0  14:14     10.58    1.30    1.00
  760                  CONDUIT      0.79     0  11:26      0.65    0.02    0.50
  761                  CONDUIT     40.31     0  00:03      3.41    0.20    0.70
  762                  CONDUIT     42.54     0  00:07      3.45    0.10    0.39
  763                  CONDUIT     12.74     0  00:02      2.65    0.50    0.82
  758                  CONDUIT      4.69     0  00:03      2.70    0.00    0.03
  751                  CONDUIT      1.05     0  00:46      1.08    0.00    0.02
  752                  CONDUIT      1.19     0  01:54      0.99    0.00    0.04
  712                  CONDUIT      1.00     0  04:26      0.23    0.00    0.06
  707                  CONDUIT      0.00     0  00:00      0.00    0.00    0.00
  708                  CONDUIT      0.00     0  00:00      0.00    0.00    0.00
  709                  CONDUIT      0.00     0  00:00      0.00    0.00    0.00
  CMP-C-2              CONDUIT      1.00     1  00:00      2.09    0.06    0.59
  711                  CONDUIT      0.00     0  00:00      0.00    0.00    0.00
  872                  CONDUIT      0.00     0  00:00      0.00    0.00    0.00
  706                  CONDUIT      0.00     0  00:00      0.00    0.00    0.00
  726                  CONDUIT      1.00     0  03:46      1.61    0.01    0.59
  725                  CONDUIT      3.39     1  00:00      0.28    0.01    0.25
  720                  CONDUIT      2.54     1  00:00      0.31    0.01    0.28
  719                  CONDUIT      2.62     0  05:16      0.21    0.01    0.44
  718                  CONDUIT      0.98     0  04:32      0.19    0.01    0.88
  CMP-4NBR1            CONDUIT      0.00     0  00:00      0.00    0.00    0.50
  724                  CONDUIT      0.00     0  00:00      0.00    0.00    0.00
  778                  CONDUIT      0.00     0  00:00      0.00    0.00    0.00
  779                  CONDUIT      1.00     0  00:52      1.50    0.00    0.51
  780                  CONDUIT      1.00     0  04:41      1.51    0.00    0.10
  781                  CONDUIT      1.03     0  19:09      0.58    0.02    0.09
  782                  CONDUIT      1.02     0  19:33      0.37    0.00    0.39
  738                  CONDUIT      1.00     1  00:00      0.83    0.00    0.02
  713                  CONDUIT     18.87     0  00:36      1.79    0.01    0.09
  714                  CONDUIT      7.59     0  00:59      0.91    0.00    0.05
  715                  CONDUIT      7.26     0  01:11      2.68    0.00    0.22
  716                  CONDUIT      4.35     0  01:55      0.72    0.01    0.22
  755                  CONDUIT      1.02     0  04:40      0.15    0.01    0.31
  CMP-C4               CONDUIT      0.00     0  00:00      0.00    0.00    0.50
  711.2                CONDUIT      0.00     0  00:00      0.00    0.00    0.01
  RCP-NBR2             CONDUIT      4.35     1  00:00      0.66    0.01    0.54
  CMP-2.5GAT           CONDUIT      0.00     0  00:00      0.00    0.00    0.50
  873                  CONDUIT      0.00     0  00:00      0.00    0.00    0.00
  765                  CONDUIT      0.00     0  00:00      0.00    0.00    0.00
  766                  CONDUIT      0.00     0  00:00      0.00    0.00    0.00
  767                  CONDUIT      0.00     0  00:00      0.00    0.00    0.00
  768                  CONDUIT      0.00     0  00:00      0.00    0.00    0.00
  769                  CONDUIT      0.00     0  00:00      0.00    0.00    0.00
  770                  CONDUIT      0.00     0  00:00      0.00    0.00    0.00
  771                  CONDUIT      0.00     0  00:00      0.00    0.00    0.00
  772                  CONDUIT      0.00     0  00:00      0.00    0.00    0.00
  773                  CONDUIT      0.00     0  00:00      0.00    0.00    0.00
  774                  CONDUIT      0.00     0  00:00      0.00    0.00    0.00
  775                  CONDUIT      0.00     0  00:00      0.00    0.00    0.00
  776                  CONDUIT      0.00     0  00:00      0.00    0.00    0.00
  501                  CONDUIT      1.02     0  02:38      0.56    0.02    0.53
  502                  CONDUIT      1.00     0  01:04      0.92    0.00    0.65
  503                  CONDUIT      0.84     0  22:35      0.13    0.00    0.65
  504                  CONDUIT      0.75     0  22:36      0.35    0.04    0.53
  505                  CONDUIT      0.55     0  22:38      0.04    0.00    0.28
  507                  CONDUIT      0.13     1  00:00      0.19    0.03    0.03
  509                  CONDUIT      0.00     1  00:00      0.00    0.00    0.00
  511                  CONDUIT      0.00     0  00:00      0.00    0.00    0.00
  514                  CONDUIT      0.00     0  00:00      0.00    0.00    0.00
  516                  CONDUIT      0.00     0  00:00      0.00    0.00    0.00
  518                  CONDUIT      0.00     0  00:00      0.00    0.00    0.00
  520                  CONDUIT      0.00     0  00:00      0.00    0.00    0.00
  522                  CONDUIT      0.00     0  00:00      0.00    0.00    0.00
  524                  CONDUIT      0.00     0  00:00      0.00    0.00    0.00
  783                  CONDUIT      1.01     0  04:00      0.44    0.02    0.18
  784                  CONDUIT      1.03     0  03:50      0.55    0.03    0.25
  785                  CONDUIT      1.00     0  03:40      0.94    0.00    0.59
  786                  CONDUIT      1.00     1  00:00      0.13    0.00    0.59
  787                  CONDUIT      1.00     0  23:58      0.38    0.09    0.42
  788                  CONDUIT      1.00     1  00:00      0.58    0.02    0.03
  789                  CONDUIT      1.00     1  00:00      1.38    0.00    0.04
  790                  CONDUIT      1.00     1  00:00      1.42    0.00    0.02
  791                  CONDUIT      1.00     1  00:00      1.61    0.00    0.51
  792                  CONDUIT      0.00     0  00:00      0.00    0.00    0.28
  777                  CONDUIT      0.00     0  00:00      0.00    0.00    0.00
  793                  CONDUIT      0.00     0  00:00      0.00    0.00    0.00
  794                  CONDUIT      0.00     0  00:00      0.00    0.00    0.00
  795                  CONDUIT      0.00     0  00:00      0.00    0.00    0.00
  796                  CONDUIT      0.00     0  00:00      0.00    0.00    0.00
  797                  CONDUIT      0.00     0  00:00      0.00    0.00    0.00
  798                  CONDUIT      0.00     0  00:00      0.00    0.00    0.00
  799                  CONDUIT      0.00     0  00:00      0.00    0.00    0.00
  800                  CONDUIT      0.00     0  00:00      0.00    0.00    0.00
  801                  CONDUIT      0.00     0  00:00      0.00    0.00    0.00
  802                  CONDUIT      0.00     0  00:00      0.00    0.00    0.00
  803                  CONDUIT      0.00     0  00:00      0.00    0.00    0.00
  804                  CONDUIT      0.00     0  00:00      0.00    0.00    0.00
  805                  CONDUIT      0.00     0  00:00      0.00    0.00    0.00
  806                  CONDUIT      0.00     0  00:00      0.00    0.00    0.00
  807                  CONDUIT      0.00     0  00:00      0.00    0.00    0.00
  808                  CONDUIT      0.00     0  00:00      0.00    0.00    0.00
  809                  CONDUIT      0.00     0  00:00      0.00    0.00    0.00
  810                  CONDUIT      0.00     0  00:00      0.00    0.00    0.41
  811                  CONDUIT      2.34     0  00:04      1.94    0.01    0.06
  812                  CONDUIT      1.19     0  00:10      1.51    0.00    0.37
  813                  CONDUIT      1.00     0  21:12      0.12    0.01    0.46
  814                  CONDUIT      1.01     0  21:11      0.42    0.09    0.14
  815                  CONDUIT      1.01     0  21:09      0.39    0.09    0.14
  816                  CONDUIT      1.01     0  21:04      0.84    0.19    0.20
  817                  CONDUIT      1.02     0  21:01      0.54    0.09    0.13
  818                  CONDUIT      1.97     0  06:15      0.74    0.01    0.45
  819                  CONDUIT      1.86     0  06:07      0.27    0.01    0.45
  820                  CONDUIT      1.08     0  20:48      0.59    0.09    0.13
  821                  CONDUIT      1.12     0  20:50      0.95    0.00    0.57
  822                  CONDUIT      0.71     0  20:56      0.38    0.03    0.85
  823                  CONDUIT      0.00     0  00:00      0.00    0.00    0.28
  824                  CONDUIT      0.00     0  00:00      0.00    0.00    0.00
  825                  CONDUIT      0.00     0  00:00      0.00    0.00    0.00
  826                  CONDUIT      0.00     0  00:00      0.00    0.00    0.00
  827                  CONDUIT      0.00     0  00:00      0.00    0.00    0.00
  828                  CONDUIT      0.00     0  00:00      0.00    0.00    0.00
  829                  CONDUIT      0.00     0  00:00      0.00    0.00    0.00
  830                  CONDUIT      0.00     0  00:00      0.00    0.00    0.00
  831                  CONDUIT      0.00     0  00:00      0.00    0.00    0.00
  832                  CONDUIT      0.00     0  00:00      0.00    0.00    0.00
  386                  CONDUIT      0.00     0  00:00      0.00    0.00    0.00
  839                  CONDUIT      0.33     0  12:57      0.19    0.21    0.33
  840                  CONDUIT      0.40     0  11:26      0.22    0.08    0.20
  841                  CONDUIT      0.45     0  11:52      0.22    0.09    0.20
  842                  CONDUIT      0.50     0  07:00      0.25    0.10    0.20
  843                  CONDUIT      0.50     0  04:47      0.90    0.00    0.11
  844                  CONDUIT      0.50     0  04:47      0.89    0.00    0.29
  845                  CONDUIT      0.50     0  06:59      0.25    0.10    0.33
  846                  CONDUIT      0.44     0  08:59      0.23    0.09    0.33
  847                  CONDUIT      0.00     0  00:00      0.00    0.00    0.16
  848                  CONDUIT      0.00     0  00:00      0.00    0.00    0.00
  849                  CONDUIT      0.00     0  00:00      0.00    0.00    0.00
  850                  CONDUIT      0.00     0  00:00      0.00    0.00    0.00
  851                  CONDUIT      0.00     0  00:00      0.00    0.00    0.00
  852                  CONDUIT      0.00     0  00:00      0.00    0.00    0.00
  854                  CONDUIT      0.00     0  00:00      0.00    0.00    0.00
  855                  CONDUIT      0.00     0  00:00      0.00    0.00    0.00
  856                  CONDUIT      0.00     0  00:00      0.00    0.00    0.00
  857                  CONDUIT      0.00     0  00:00      0.00    0.00    0.00
  858                  CONDUIT      0.00     0  00:00      0.00    0.00    0.00
  853                  CONDUIT      0.00     0  00:00      0.00    0.00    0.00
  860                  CONDUIT      0.00     0  00:00      0.00    0.00    0.50
  861                  CONDUIT      0.00     0  00:00      0.00    0.00    0.00
  862                  CONDUIT      0.00     0  00:00      0.00    0.00    0.00
  863                  CONDUIT      0.00     0  00:00      0.00    0.00    0.00
  864                  CONDUIT      0.00     0  00:00      0.00    0.00    0.00
  865                  CONDUIT      0.00     0  00:00      0.00    0.00    0.00
  866                  CONDUIT      0.00     0  00:00      0.00    0.00    0.00
  867                  CONDUIT      0.00     0  00:00      0.00    0.00    0.00
  868                  CONDUIT      0.00     0  00:00      0.00    0.00    0.00
  870                  CONDUIT      0.00     0  00:00      0.00    0.00    0.00
  874                  CONDUIT      0.00     0  00:00      0.00    0.00    0.01
  875                  CONDUIT      1.00     0  01:54      1.50    0.00    0.04
  36_cul               CONDUIT     77.60     0  01:11     20.04   30.38    1.00
  
  
  ***************************
  Flow Classification Summary
  ***************************
  
  -------------------------------------------------------------------------------------
                      Adjusted    ---------- Fraction of Time in Flow Class ---------- 
                       /Actual         Up    Down  Sub   Sup   Up    Down  Norm  Inlet 
  Conduit               Length    Dry  Dry   Dry   Crit  Crit  Crit  Crit  Ltd   Ctrl  
  -------------------------------------------------------------------------------------
  728                     1.00   1.00  0.00  0.00  0.00  0.00  0.00  0.00  0.00  0.00
  729                     1.00   1.00  0.00  0.00  0.00  0.00  0.00  0.00  0.00  0.00
  730                     1.00   0.20  0.80  0.00  0.00  0.00  0.00  0.00  0.00  0.00
  731                     1.00   0.18  0.00  0.00  0.80  0.00  0.00  0.03  0.06  0.00
  732                     1.00   0.05  0.11  0.00  0.82  0.00  0.02  0.00  0.00  0.00
  733                     1.00   0.03  0.00  0.00  0.94  0.00  0.00  0.03  0.00  0.00
  734                     1.00   0.03  0.00  0.00  0.95  0.00  0.03  0.00  0.00  0.00
  735                     1.00   0.05  0.40  0.00  0.53  0.00  0.02  0.00  0.01  0.00
  736                     1.00   0.47  0.00  0.00  0.51  0.00  0.00  0.02  0.00  0.00
  737                     1.00   0.48  0.00  0.00  0.50  0.00  0.00  0.03  0.49  0.00
  739                     1.00   0.00  0.02  0.00  0.97  0.00  0.01  0.00  0.00  0.00
  254.1                   1.00   0.00  1.00  0.00  0.00  0.00  0.00  0.00  0.00  0.00
  722                     1.00   0.00  0.00  0.00  0.93  0.00  0.07  0.00  0.00  0.00
  721                     1.00   0.00  0.00  0.00  0.96  0.02  0.00  0.02  0.12  0.00
  717                     1.00   0.00  0.00  0.00  0.95  0.02  0.00  0.03  0.21  0.00
  727                     1.00   1.00  0.00  0.00  0.00  0.00  0.00  0.00  0.00  0.00
  743                     1.00   0.00  0.00  0.00  0.98  0.00  0.00  0.01  0.00  0.00
  753                     1.00   0.01  0.00  0.00  0.98  0.00  0.00  0.02  0.00  0.00
  748                     1.00   0.47  0.53  0.00  0.00  0.00  0.00  0.00  0.00  0.00
  749                     1.00   1.00  0.00  0.00  0.00  0.00  0.00  0.00  0.00  0.00
  268.1                   1.00   0.00  0.00  0.00  0.99  0.00  0.00  0.00  0.00  0.00
  744                     1.00   0.00  0.00  0.00  0.99  0.00  0.00  0.01  0.11  0.00
  745                     1.00   0.00  0.00  0.00  0.99  0.00  0.00  0.01  0.19  0.00
  759                     1.00   0.00  0.00  0.00  1.00  0.00  0.00  0.00  0.00  0.00
  760                     1.00   0.00  0.01  0.00  0.99  0.00  0.00  0.00  0.99  0.00
  761                     1.00   0.00  0.00  0.00  1.00  0.00  0.00  0.00  1.00  0.00
  762                     1.00   0.00  0.00  0.00  0.99  0.00  0.00  0.01  0.99  0.00
  763                     1.00   0.00  0.00  0.00  1.00  0.00  0.00  0.00  1.00  0.00
  758                     1.00   0.00  0.00  0.00  0.98  0.00  0.00  0.01  0.99  0.00
  751                     1.00   0.00  0.00  0.00  0.99  0.00  0.00  0.01  0.97  0.00
  752                     1.00   0.01  0.00  0.00  0.95  0.00  0.00  0.04  0.92  0.00
  712                     1.00   0.00  0.01  0.00  0.99  0.00  0.00  0.00  0.99  0.00
  707                     1.00   1.00  0.00  0.00  0.00  0.00  0.00  0.00  0.00  0.00
  708                     1.00   1.00  0.00  0.00  0.00  0.00  0.00  0.00  0.00  0.00
  709                     1.00   1.00  0.00  0.00  0.00  0.00  0.00  0.00  0.00  0.00
  CMP-C-2                 1.00   0.00  0.49  0.00  0.51  0.00  0.00  0.00  0.51  0.00
  711                     1.00   1.00  0.00  0.00  0.00  0.00  0.00  0.00  0.00  0.00
  872                     1.00   1.00  0.00  0.00  0.00  0.00  0.00  0.00  0.00  0.00
  706                     1.00   1.00  0.00  0.00  0.00  0.00  0.00  0.00  0.00  0.00
  726                     1.00   0.00  0.00  0.00  0.95  0.00  0.05  0.00  0.00  0.00
  725                     1.00   0.00  0.00  0.00  0.96  0.00  0.00  0.04  0.03  0.00
  720                     1.00   0.00  0.02  0.00  0.97  0.00  0.00  0.00  0.13  0.00
  719                     1.00   0.00  0.00  0.00  1.00  0.00  0.00  0.00  0.21  0.00
  718                     1.00   0.00  0.00  0.00  1.00  0.00  0.00  0.00  0.17  0.00
  CMP-4NBR1               1.00   0.00  1.00  0.00  0.00  0.00  0.00  0.00  0.00  0.00
  724                     1.00   1.00  0.00  0.00  0.00  0.00  0.00  0.00  0.00  0.00
  778                     1.00   1.00  0.00  0.00  0.00  0.00  0.00  0.00  0.00  0.00
  779                     1.00   0.00  0.00  0.00  0.99  0.00  0.00  0.00  0.99  0.00
  780                     1.00   0.13  0.00  0.00  0.87  0.00  0.00  0.01  0.87  0.00
  781                     1.00   0.13  0.00  0.00  0.85  0.00  0.00  0.01  0.00  0.00
  782                     1.00   0.03  0.12  0.00  0.86  0.00  0.00  0.00  0.65  0.00
  738                     1.00   0.49  0.00  0.00  0.00  0.00  0.00  0.51  0.00  0.00
  713                     1.00   0.00  0.00  0.00  1.00  0.00  0.00  0.00  0.00  0.00
  714                     1.00   0.00  0.02  0.00  0.98  0.00  0.00  0.00  0.00  0.00
  715                     1.00   0.02  0.00  0.00  0.96  0.02  0.00  0.00  0.95  0.00
  716                     1.00   0.03  0.00  0.00  0.97  0.00  0.00  0.00  0.00  0.00
  755                     1.00   0.00  0.13  0.00  0.85  0.00  0.01  0.00  0.00  0.00
  CMP-C4                  1.00   0.00  1.00  0.00  0.00  0.00  0.00  0.00  0.00  0.00
  711.2                   1.00   0.01  0.99  0.00  0.00  0.00  0.00  0.00  0.00  0.00
  RCP-NBR2                1.00   0.00  0.88  0.00  0.12  0.00  0.00  0.00  0.12  0.00
  CMP-2.5GAT              1.00   0.00  1.00  0.00  0.00  0.00  0.00  0.00  0.00  0.00
  873                     1.00   1.00  0.00  0.00  0.00  0.00  0.00  0.00  0.00  0.00
  765                     1.00   1.00  0.00  0.00  0.00  0.00  0.00  0.00  0.00  0.00
  766                     1.00   1.00  0.00  0.00  0.00  0.00  0.00  0.00  0.00  0.00
  767                     1.00   1.00  0.00  0.00  0.00  0.00  0.00  0.00  0.00  0.00
  768                     1.00   1.00  0.00  0.00  0.00  0.00  0.00  0.00  0.00  0.00
  769                     1.00   1.00  0.00  0.00  0.00  0.00  0.00  0.00  0.00  0.00
  770                     1.00   1.00  0.00  0.00  0.00  0.00  0.00  0.00  0.00  0.00
  771                     1.00   1.00  0.00  0.00  0.00  0.00  0.00  0.00  0.00  0.00
  772                     1.00   1.00  0.00  0.00  0.00  0.00  0.00  0.00  0.00  0.00
  773                     1.00   1.00  0.00  0.00  0.00  0.00  0.00  0.00  0.00  0.00
  774                     1.00   1.00  0.00  0.00  0.00  0.00  0.00  0.00  0.00  0.00
  775                     1.00   1.00  0.00  0.00  0.00  0.00  0.00  0.00  0.00  0.00
  776                     1.00   1.00  0.00  0.00  0.00  0.00  0.00  0.00  0.00  0.00
  501                     1.00   0.00  0.00  0.00  0.98  0.00  0.00  0.01  0.00  0.00
  502                     1.00   0.01  0.00  0.00  0.98  0.00  0.00  0.01  0.08  0.00
  503                     1.00   0.02  0.06  0.00  0.90  0.00  0.01  0.00  0.00  0.00
  504                     1.00   0.09  0.00  0.00  0.88  0.00  0.00  0.02  0.00  0.00
  505                     1.00   0.12  0.80  0.00  0.07  0.00  0.02  0.00  0.00  0.00
  507                     1.00   0.93  0.00  0.00  0.00  0.00  0.00  0.06  0.00  0.00
  509                     1.00   0.99  0.00  0.00  0.00  0.00  0.00  0.01  0.00  0.00
  511                     1.00   1.00  0.00  0.00  0.00  0.00  0.00  0.00  0.00  0.00
  514                     1.00   1.00  0.00  0.00  0.00  0.00  0.00  0.00  0.00  0.00
  516                     1.00   1.00  0.00  0.00  0.00  0.00  0.00  0.00  0.00  0.00
  518                     1.00   1.00  0.00  0.00  0.00  0.00  0.00  0.00  0.00  0.00
  520                     1.00   1.00  0.00  0.00  0.00  0.00  0.00  0.00  0.00  0.00
  522                     1.00   1.00  0.00  0.00  0.00  0.00  0.00  0.00  0.00  0.00
  524                     1.00   1.00  0.00  0.00  0.00  0.00  0.00  0.00  0.00  0.00
  783                     1.00   0.00  0.00  0.00  0.97  0.00  0.00  0.03  0.00  0.00
  784                     1.00   0.03  0.00  0.00  0.95  0.00  0.00  0.03  0.00  0.00
  785                     1.00   0.05  0.00  0.00  0.93  0.00  0.00  0.01  0.08  0.00
  786                     1.00   0.06  0.07  0.00  0.85  0.00  0.01  0.00  0.00  0.00
  787                     1.00   0.14  0.00  0.00  0.83  0.00  0.00  0.02  0.00  0.00
  788                     1.00   0.50  0.00  0.00  0.43  0.00  0.00  0.07  0.00  0.00
  789                     1.00   0.56  0.00  0.00  0.41  0.00  0.00  0.03  0.35  0.00
  790                     1.00   0.58  0.00  0.00  0.00  0.00  0.00  0.41  0.00  0.00
  791                     1.00   0.60  0.00  0.00  0.40  0.00  0.00  0.00  0.40  0.00
  792                     1.00   0.60  0.40  0.00  0.00  0.00  0.00  0.00  0.00  0.00
  777                     1.00   1.00  0.00  0.00  0.00  0.00  0.00  0.00  0.00  0.00
  793                     1.00   1.00  0.00  0.00  0.00  0.00  0.00  0.00  0.00  0.00
  794                     1.00   1.00  0.00  0.00  0.00  0.00  0.00  0.00  0.00  0.00
  795                     1.00   1.00  0.00  0.00  0.00  0.00  0.00  0.00  0.00  0.00
  796                     1.00   1.00  0.00  0.00  0.00  0.00  0.00  0.00  0.00  0.00
  797                     1.00   1.00  0.00  0.00  0.00  0.00  0.00  0.00  0.00  0.00
  798                     1.00   1.00  0.00  0.00  0.00  0.00  0.00  0.00  0.00  0.00
  799                     1.00   1.00  0.00  0.00  0.00  0.00  0.00  0.00  0.00  0.00
  800                     1.00   1.00  0.00  0.00  0.00  0.00  0.00  0.00  0.00  0.00
  801                     1.00   1.00  0.00  0.00  0.00  0.00  0.00  0.00  0.00  0.00
  802                     1.00   1.00  0.00  0.00  0.00  0.00  0.00  0.00  0.00  0.00
  803                     1.00   1.00  0.00  0.00  0.00  0.00  0.00  0.00  0.00  0.00
  804                     1.00   1.00  0.00  0.00  0.00  0.00  0.00  0.00  0.00  0.00
  805                     1.00   1.00  0.00  0.00  0.00  0.00  0.00  0.00  0.00  0.00
  806                     1.00   1.00  0.00  0.00  0.00  0.00  0.00  0.00  0.00  0.00
  807                     1.00   1.00  0.00  0.00  0.00  0.00  0.00  0.00  0.00  0.00
  808                     1.00   1.00  0.00  0.00  0.00  0.00  0.00  0.00  0.00  0.00
  809                     1.00   1.00  0.00  0.00  0.00  0.00  0.00  0.00  0.00  0.00
  810                     1.00   0.00  1.00  0.00  0.00  0.00  0.00  0.00  0.00  0.00
  811                     1.00   0.00  0.00  0.00  0.99  0.00  0.00  0.00  0.02  0.00
  812                     1.00   0.00  0.00  0.00  0.99  0.00  0.00  0.00  0.99  0.00
  813                     1.00   0.01  0.06  0.00  0.93  0.00  0.01  0.00  0.00  0.00
  814                     1.00   0.07  0.00  0.00  0.91  0.00  0.00  0.02  0.00  0.00
  815                     1.00   0.09  0.00  0.00  0.88  0.00  0.00  0.02  0.00  0.00
  816                     1.00   0.12  0.00  0.00  0.86  0.00  0.00  0.02  0.00  0.00
  817                     1.00   0.13  0.00  0.00  0.84  0.00  0.00  0.03  0.00  0.00
  818                     1.00   0.16  0.00  0.00  0.83  0.00  0.00  0.02  0.08  0.00
  819                     1.00   0.17  0.07  0.00  0.75  0.00  0.01  0.00  0.00  0.00
  820                     1.00   0.25  0.00  0.00  0.72  0.00  0.00  0.02  0.00  0.00
  821                     1.00   0.27  0.00  0.00  0.72  0.00  0.00  0.01  0.57  0.00
  822                     1.00   0.28  0.00  0.00  0.70  0.00  0.00  0.02  0.00  0.00
  823                     1.00   0.30  0.70  0.00  0.00  0.00  0.00  0.00  0.00  0.00
  824                     1.00   1.00  0.00  0.00  0.00  0.00  0.00  0.00  0.00  0.00
  825                     1.00   1.00  0.00  0.00  0.00  0.00  0.00  0.00  0.00  0.00
  826                     1.00   1.00  0.00  0.00  0.00  0.00  0.00  0.00  0.00  0.00
  827                     1.00   1.00  0.00  0.00  0.00  0.00  0.00  0.00  0.00  0.00
  828                     1.00   1.00  0.00  0.00  0.00  0.00  0.00  0.00  0.00  0.00
  829                     1.00   1.00  0.00  0.00  0.00  0.00  0.00  0.00  0.00  0.00
  830                     1.00   1.00  0.00  0.00  0.00  0.00  0.00  0.00  0.00  0.00
  831                     1.00   1.00  0.00  0.00  0.00  0.00  0.00  0.00  0.00  0.00
  832                     1.00   1.00  0.00  0.00  0.00  0.00  0.00  0.00  0.00  0.00
  386                     1.00   1.00  0.00  0.00  0.00  0.00  0.00  0.00  0.00  0.00
  839                     1.00   0.37  0.00  0.00  0.53  0.00  0.10  0.00  0.00  0.00
  840                     1.00   0.29  0.00  0.00  0.61  0.00  0.10  0.00  0.00  0.00
  841                     1.00   0.22  0.00  0.00  0.71  0.00  0.07  0.00  0.00  0.00
  842                     1.00   0.17  0.00  0.00  0.78  0.00  0.05  0.00  0.00  0.00
  843                     1.00   0.15  0.00  0.00  0.82  0.00  0.00  0.03  0.81  0.00
  844                     1.00   0.15  0.00  0.00  0.83  0.00  0.00  0.02  0.82  0.00
  845                     1.00   0.17  0.00  0.00  0.77  0.00  0.00  0.06  0.00  0.00
  846                     1.00   0.22  0.00  0.00  0.70  0.00  0.00  0.08  0.00  0.00
  847                     1.00   0.29  0.71  0.00  0.00  0.00  0.00  0.00  0.00  0.00
  848                     1.00   1.00  0.00  0.00  0.00  0.00  0.00  0.00  0.00  0.00
  849                     1.00   1.00  0.00  0.00  0.00  0.00  0.00  0.00  0.00  0.00
  850                     1.00   1.00  0.00  0.00  0.00  0.00  0.00  0.00  0.00  0.00
  851                     1.00   1.00  0.00  0.00  0.00  0.00  0.00  0.00  0.00  0.00
  852                     1.00   1.00  0.00  0.00  0.00  0.00  0.00  0.00  0.00  0.00
  854                     1.00   1.00  0.00  0.00  0.00  0.00  0.00  0.00  0.00  0.00
  855                     1.00   1.00  0.00  0.00  0.00  0.00  0.00  0.00  0.00  0.00
  856                     1.00   1.00  0.00  0.00  0.00  0.00  0.00  0.00  0.00  0.00
  857                     1.00   1.00  0.00  0.00  0.00  0.00  0.00  0.00  0.00  0.00
  858                     1.00   1.00  0.00  0.00  0.00  0.00  0.00  0.00  0.00  0.00
  853                     1.00   1.00  0.00  0.00  0.00  0.00  0.00  0.00  0.00  0.00
  860                     1.00   0.00  1.00  0.00  0.00  0.00  0.00  0.00  0.00  0.00
  861                     1.00   1.00  0.00  0.00  0.00  0.00  0.00  0.00  0.00  0.00
  862                     1.00   1.00  0.00  0.00  0.00  0.00  0.00  0.00  0.00  0.00
  863                     1.00   1.00  0.00  0.00  0.00  0.00  0.00  0.00  0.00  0.00
  864                     1.00   1.00  0.00  0.00  0.00  0.00  0.00  0.00  0.00  0.00
  865                     1.00   1.00  0.00  0.00  0.00  0.00  0.00  0.00  0.00  0.00
  866                     1.00   1.00  0.00  0.00  0.00  0.00  0.00  0.00  0.00  0.00
  867                     1.00   1.00  0.00  0.00  0.00  0.00  0.00  0.00  0.00  0.00
  868                     1.00   1.00  0.00  0.00  0.00  0.00  0.00  0.00  0.00  0.00
  870                     1.00   1.00  0.00  0.00  0.00  0.00  0.00  0.00  0.00  0.00
  874                     1.00   0.00  1.00  0.00  0.00  0.00  0.00  0.00  0.00  0.00
  875                     1.00   0.00  0.00  0.00  0.98  0.00  0.00  0.02  0.98  0.00
  36_cul                  1.00   0.00  0.00  0.00  0.88  0.02  0.05  0.05  0.04  0.00
  
  
  *************************
  Conduit Surcharge Summary
  *************************
  
  ----------------------------------------------------------------------------
                                                           Hours        Hours 
                         --------- Hours Full --------   Above Full   Capacity
  Conduit                Both Ends  Upstream  Dnstream   Normal Flow   Limited
  ----------------------------------------------------------------------------
  721                         0.01      0.01      2.27      0.01         0.01
  753                        19.35     19.35     19.35      0.01         0.11
  744                         0.01      0.01     17.64      0.01         0.01
  745                         0.01      0.01     17.64      0.01         0.01
  759                        23.90     23.90     23.95     23.87        23.86
  760                         0.01      0.01      0.19      0.01         0.01
  761                         0.01      0.01      0.01      0.01         0.01
  763                         0.01      0.01      0.01      0.01         0.01
  CMP-C-2                     0.01      0.01     12.13      0.01         0.01
  725                         0.01      0.05      0.01      0.01         0.01
  719                         0.01      0.06      0.01      0.01         0.01
  718                         0.01      0.01      2.32      0.01         0.01
  779                         0.01      0.01     20.95      0.01         0.01
  780                         0.01      3.01      0.01      0.01         0.01
  781                         0.01      3.15      0.01      0.01         0.01
  782                         0.01      3.39      0.01      0.01         0.01
  RCP-NBR2                    0.01     21.05      2.91      0.01         0.01
  791                         0.01      0.01      3.41      0.01         0.01
  821                         0.01      0.01      4.01      0.01         0.01
  36_cul                      4.75      8.26      7.84      4.29         0.01
  

  Analysis begun on:  Wed Jul 22 14:01:30 2026
  Analysis ended on:  Wed Jul 22 14:01:34 2026
  Total elapsed time: 00:00:04