
  EPA STORM WATER MANAGEMENT MODEL - VERSION 5.2 (Build 5.2.4)
  ------------------------------------------------------------

  West Basins Baird MHP 
  
  ****************
  Analysis Options
  ****************
  Flow Units ............... CFS
  Process Models:
    Rainfall/Runoff ........ NO
    RDII ................... NO
    Snowmelt ............... NO
    Groundwater ............ NO
    Flow Routing ........... YES
    Ponding Allowed ........ NO
    Water Quality .......... NO
  Flow Routing Method ...... DYNWAVE
  Surcharge Method ......... EXTRAN
  Starting Date ............ 01/01/2001 00:00:00
  Ending Date .............. 01/02/2001 00:00:00
  Antecedent Dry Days ...... 0.0
  Report Time Step ......... 00:15:00
  Routing Time Step ........ 60.00 sec
  Variable Time Step ....... YES
  Maximum Trials ........... 50
  Number of Threads ........ 1
  Head Tolerance ........... 0.003300 ft
  
  
  **************************        Volume        Volume
  Flow Routing Continuity        acre-feet      10^6 gal
  **************************     ---------     ---------
  Dry Weather Inflow .......         0.000         0.000
  Wet Weather Inflow .......         0.000         0.000
  Groundwater Inflow .......         0.000         0.000
  RDII Inflow ..............         0.000         0.000
  External Inflow ..........         5.950         1.939
  External Outflow .........         2.138         0.697
  Flooding Loss ............         4.696         1.530
  Evaporation Loss .........         0.000         0.000
  Exfiltration Loss ........         0.000         0.000
  Initial Stored Volume ....         0.028         0.009
  Final Stored Volume ......         0.231         0.075
  Continuity Error (%) .....       -18.184
  
  
  *************************
  Highest Continuity Errors
  *************************
  Node infl (-13.91%)
  Node stormjunc (-10.37%)
  Node san (-8.85%)
  Node wet (4.15%)
  
  
  ***************************
  Time-Step Critical Elements
  ***************************
  Link storm_3 (98.71%)
  
  
  ********************************
  Highest Flow Instability Indexes
  ********************************
  All links are stable.
  
  
  *********************************
  Most Frequent Nonconverging Nodes
  *********************************
  Node WWTP (0.07%)
  Node stormjunc (0.04%)
  Node wet (0.04%)
  Node Watershed (0.04%)
  Node infl (0.03%)
  
  
  *************************
  Routing Time Step Summary
  *************************
  Minimum Time Step           :     1.17 sec
  Average Time Step           :     2.38 sec
  Maximum Time Step           :    60.00 sec
  % of Time in Steady State   :     0.00
  Average Iterations per Step :     2.04
  % of Steps Not Converging   :     0.07
  Time Step Frequencies       :
     60.000 - 23.031 sec      :     0.25 %
     23.031 -  8.841 sec      :     0.02 %
      8.841 -  3.393 sec      :     0.01 %
      3.393 -  1.303 sec      :    99.72 %
      1.303 -  0.500 sec      :     0.00 %
  
  
  ******************
  Node Depth Summary
  ******************
  
  ---------------------------------------------------------------------------------
                                 Average  Maximum  Maximum  Time of Max    Reported
                                   Depth    Depth      HGL   Occurrence   Max Depth
  Node                 Type         Feet     Feet     Feet  days hr:min        Feet
  ---------------------------------------------------------------------------------
  dwf                  JUNCTION   100.12   101.27   221.27     0  00:52      100.23
  infl                 JUNCTION    99.54   102.00   222.00     0  00:53      100.23
  Watershed            JUNCTION    99.88   101.57   221.57     0  00:23      100.23
  san                  JUNCTION    97.24   102.00   222.00     0  00:30       99.23
  stormjunc            JUNCTION    97.75   101.00   221.00     0  00:24       99.23
  cb                   JUNCTION    98.02    98.68   218.68     0  01:49       98.65
  WWTP                 OUTFALL      0.00     0.00   120.00     0  00:00        0.00
  wet                  STORAGE      0.03     7.85   127.85     0  01:10        6.44
  storage              STORAGE      9.99    10.00   130.00     0  00:49       10.00
  
  
  *******************
  Node Inflow Summary
  *******************
  
  -------------------------------------------------------------------------------------------------
                                  Maximum  Maximum                  Lateral       Total        Flow
                                  Lateral    Total  Time of Max      Inflow      Inflow     Balance
                                   Inflow   Inflow   Occurrence      Volume      Volume       Error
  Node                 Type           CFS      CFS  days hr:min    10^6 gal    10^6 gal     Percent
  -------------------------------------------------------------------------------------------------
  dwf                  JUNCTION      1.00     1.00     0  01:15       0.646       0.646      -4.634
  infl                 JUNCTION      0.00   137.95     0  00:53           0       0.678     -12.212
  Watershed            JUNCTION      1.00    34.84     0  01:22       0.646       0.661      -5.807
  san                  JUNCTION      0.00   137.95     0  00:30           0       0.737      -8.128
  stormjunc            JUNCTION      0.00   137.95     0  00:24           0       0.717      -9.394
  cb                   JUNCTION      1.00     1.00     0  00:00       0.646       0.646     -14.384
  WWTP                 OUTFALL       0.00   183.93     0  01:21           0       0.697       0.000
  wet                  STORAGE       0.00   182.09     0  01:06           0        1.49       4.329
  storage              STORAGE       0.00    10.00     0  00:00           0        1.43      -0.078
  
  
  **********************
  Node Surcharge Summary
  **********************
  
  Surcharging occurs when water rises above the top of the highest conduit.
  ---------------------------------------------------------------------
                                               Max. Height   Min. Depth
                                   Hours       Above Crown    Below Rim
  Node                 Type      Surcharged           Feet         Feet
  ---------------------------------------------------------------------
  infl                 JUNCTION        0.03          0.000        0.000
  san                  JUNCTION        0.06          0.000        0.000
  stormjunc            JUNCTION        0.03          0.000        0.000
  
  
  *********************
  Node Flooding Summary
  *********************
  
  Flooding refers to all water that overflows a node, whether it ponds or not.
  --------------------------------------------------------------------------
                                                             Total   Maximum
                                 Maximum   Time of Max       Flood    Ponded
                        Hours       Rate    Occurrence      Volume     Depth
  Node                 Flooded       CFS   days hr:min    10^6 gal      Feet
  --------------------------------------------------------------------------
  infl                    0.03     68.97      0  00:53       0.045     0.000
  san                     0.06     68.97      0  00:30       0.097     0.000
  stormjunc               0.03     68.97      0  00:24       0.045     0.000
  storage                22.91     10.00      0  01:28       1.362     0.000
  
  
  **********************
  Storage Volume Summary
  **********************
  
  ------------------------------------------------------------------------------------------------
                         Average    Avg   Evap  Exfil     Maximum    Max    Time of Max    Maximum
                          Volume   Pcnt   Pcnt   Pcnt      Volume   Pcnt     Occurrence    Outflow
  Storage Unit          1000 ft³   Full   Loss   Loss    1000 ft³   Full    days hr:min        CFS
  ------------------------------------------------------------------------------------------------
  wet                      0.027    0.3    0.0    0.0       7.850   78.5       0  01:10      10.00
  storage                  9.991   99.9    0.0    0.0      10.000  100.0       0  00:49       0.00
  
  
  ***********************
  Outfall Loading Summary
  ***********************
  
  -----------------------------------------------------------
                         Flow       Avg       Max       Total
                         Freq      Flow      Flow      Volume
  Outfall Node           Pcnt       CFS       CFS    10^6 gal
  -----------------------------------------------------------
  WWTP                  97.18      1.01    183.93       0.697
  -----------------------------------------------------------
  System                97.18      1.01    183.93       0.697
  
  
  ********************
  Link Flow Summary
  ********************
  
  -----------------------------------------------------------------------------
                                 Maximum  Time of Max   Maximum    Max/    Max/
                                  |Flow|   Occurrence   |Veloc|    Full    Full
  Link                 Type          CFS  days hr:min    ft/sec    Flow   Depth
  -----------------------------------------------------------------------------
  sanitary             CONDUIT    137.95     0  00:53    >50.00    3.77    1.00
  sanitary_2           CONDUIT    137.95     0  00:30    >50.00    3.77    1.00
  storm                CONDUIT    137.95     0  00:24    >50.00    3.77    1.00
  sanitary_3           CONDUIT    183.93     0  01:21    >50.00    5.03    0.50
  storm_2              CONDUIT    137.95     0  01:09    >50.00    3.77    1.00
  cross                CONDUIT     28.74     0  01:21    >50.00    4.07    0.50
  storm_3              CONDUIT    182.09     0  01:06    >50.00    6.13    0.50
  pumps                PUMP        10.00     0  00:00              1.00
  
  
  ***************************
  Flow Classification Summary
  ***************************
  
  -------------------------------------------------------------------------------------
                      Adjusted    ---------- Fraction of Time in Flow Class ---------- 
                       /Actual         Up    Down  Sub   Sup   Up    Down  Norm  Inlet 
  Conduit               Length    Dry  Dry   Dry   Crit  Crit  Crit  Crit  Ltd   Ctrl  
  -------------------------------------------------------------------------------------
  sanitary                1.00   0.06  0.00  0.00  0.92  0.00  0.00  0.02  0.92  0.00
  sanitary_2              1.00   0.07  0.00  0.00  0.00  0.91  0.00  0.02  0.00  0.00
  storm                   1.00   0.07  0.00  0.00  0.00  0.91  0.00  0.02  0.00  0.00
  sanitary_3              1.00   0.09  0.00  0.00  0.00  0.00  0.00  0.91  0.00  0.00
  storm_2                 1.00   0.08  0.00  0.00  0.00  0.00  0.00  0.92  0.00  0.00
  cross                   1.00   1.00  0.00  0.00  0.00  0.00  0.00  0.00  0.00  0.00
  storm_3                 1.00   0.07  0.00  0.00  0.00  0.00  0.00  0.93  0.00  0.00
  
  
  *************************
  Conduit Surcharge Summary
  *************************
  
  ----------------------------------------------------------------------------
                                                           Hours        Hours 
                         --------- Hours Full --------   Above Full   Capacity
  Conduit                Both Ends  Upstream  Dnstream   Normal Flow   Limited
  ----------------------------------------------------------------------------
  sanitary                    0.20      0.21      0.91      0.03         0.01
  sanitary_2                  1.33      1.37      1.36      0.05         0.01
  storm                       0.75      0.85      1.21      0.04         0.01
  sanitary_3                  0.34      1.74      0.34      0.02         0.01
  storm_2                     0.01      1.63      0.01      0.05         0.01
  cross                       0.32      0.49     23.48      0.02         0.01
  storm_3                     0.01      0.36      0.01      0.07         0.01
  
  
  ***************
  Pumping Summary
  ***************
  
  ---------------------------------------------------------------------------------------------------------
                                                  Min       Avg       Max     Total     Power    % Time Off
                        Percent   Number of      Flow      Flow      Flow    Volume     Usage    Pump Curve
  Pump                 Utilized   Start-Ups       CFS       CFS       CFS  10^6 gal     Kw-hr    Low   High
  ---------------------------------------------------------------------------------------------------------
  pumps                   96.39           7      0.00      2.05     10.00     1.430     41.57    0.0    3.8
  

  Analysis begun on:  Wed Jul 22 14:05:02 2026
  Analysis ended on:  Wed Jul 22 14:05:02 2026
  Total elapsed time: < 1 sec