
  EPA STORM WATER MANAGEMENT MODEL - VERSION 5.2 (Build 5.2.4)
  ------------------------------------------------------------

  Example 4 
  
  ****************
  Analysis Options
  ****************
  Flow Units ............... CFS
  Process Models:
    Rainfall/Runoff ........ NO
    RDII ................... NO
    Snowmelt ............... NO
    Groundwater ............ NO
    Flow Routing ........... YES
    Ponding Allowed ........ NO
    Water Quality .......... NO
  Flow Routing Method ...... DYNWAVE
  Surcharge Method ......... EXTRAN
  Starting Date ............ 01/01/2001 00:00:00
  Ending Date .............. 01/02/2001 00:00:00
  Antecedent Dry Days ...... 0.0
  Report Time Step ......... 00:15:00
  Routing Time Step ........ 15.00 sec
  Variable Time Step ....... YES
  Maximum Trials ........... 8
  Number of Threads ........ 1
  Head Tolerance ........... 0.005000 ft
  
  
  **************************        Volume        Volume
  Flow Routing Continuity        acre-feet      10^6 gal
  **************************     ---------     ---------
  Dry Weather Inflow .......         0.000         0.000
  Wet Weather Inflow .......         0.000         0.000
  Groundwater Inflow .......         0.000         0.000
  RDII Inflow ..............         0.000         0.000
  External Inflow ..........         9.917         3.232
  External Outflow .........         0.000         0.000
  Flooding Loss ............         0.000         0.000
  Evaporation Loss .........         0.000         0.000
  Exfiltration Loss ........         0.000         0.000
  Initial Stored Volume ....         0.000         0.000
  Final Stored Volume ......         0.026         0.008
  Continuity Error (%) .....        99.741
  
  
  *************************
  Highest Continuity Errors
  *************************
  Node J1 (100.00%)
  Node J3 (100.00%)
  Node J5 (100.00%)
  Node J7 (100.00%)
  Node J13 (100.00%)
  
  
  ***************************
  Time-Step Critical Elements
  ***************************
  None
  
  
  ********************************
  Highest Flow Instability Indexes
  ********************************
  All links are stable.
  
  
  *********************************
  Most Frequent Nonconverging Nodes
  *********************************
  Node O1 (0.05%)
  Node J13 (0.03%)
  Node J14 (0.03%)
  Node J5 (0.03%)
  Node J12 (0.02%)
  
  
  *************************
  Routing Time Step Summary
  *************************
  Minimum Time Step           :     6.67 sec
  Average Time Step           :    14.99 sec
  Maximum Time Step           :    15.00 sec
  % of Time in Steady State   :     0.00
  Average Iterations per Step :     2.01
  % of Steps Not Converging   :     0.05
  Time Step Frequencies       :
     15.000 -  7.597 sec      :    99.98 %
      7.597 -  3.848 sec      :     0.02 %
      3.848 -  1.949 sec      :     0.00 %
      1.949 -  0.987 sec      :     0.00 %
      0.987 -  0.500 sec      :     0.00 %
  
  
  ******************
  Node Depth Summary
  ******************
  
  ---------------------------------------------------------------------------------
                                 Average  Maximum  Maximum  Time of Max    Reported
                                   Depth    Depth      HGL   Occurrence   Max Depth
  Node                 Type         Feet     Feet     Feet  days hr:min        Feet
  ---------------------------------------------------------------------------------
  J1                   JUNCTION   254.76  1870.64  6846.64     1  00:00     1870.64
  J2                   JUNCTION     0.00     0.00  4970.50     0  00:00        0.00
  J3                   JUNCTION   246.45  1839.41  6815.41     1  00:00     1839.41
  J4                   JUNCTION     0.00     0.00  4974.00     0  00:00        0.00
  J5                   JUNCTION   265.87  1911.23  6884.03     1  00:00     1911.23
  J6                   JUNCTION     0.00     0.00  4972.50     0  00:00        0.00
  J7                   JUNCTION   263.13  1901.28  6875.78     1  00:00     1901.28
  J8                   JUNCTION     0.00     0.00  4970.00     0  00:00        0.00
  J9                   JUNCTION     0.00     0.00  4967.80     0  00:00        0.00
  J10                  JUNCTION     0.00     0.00  4967.50     0  00:00        0.00
  J11                  JUNCTION     0.00     0.00  4968.50     0  00:00        0.00
  J12                  JUNCTION  3175.09  4974.08  9950.88     0  18:58     4974.08
  J13                  JUNCTION   265.40  1909.50  6883.50     1  00:00     1909.50
  J14                  JUNCTION  3174.83  4973.36  9948.26     0  17:22     4973.15
  J15                  JUNCTION  3175.30  4974.83  9952.33     0  20:27     4974.83
  J16                  JUNCTION  3175.01  4973.79  9948.79     0  17:22     4973.77
  J17                  JUNCTION  3174.97  4973.75  9950.25     0  17:21     4973.65
  J1A                  JUNCTION     0.00     0.00  4975.50     0  00:00        0.00
  J13A                 JUNCTION     0.00     0.00  4972.00     0  00:00        0.00
  O1                   OUTFALL      0.00     0.00  4972.00     0  00:00        0.00
  
  
  *******************
  Node Inflow Summary
  *******************
  
  -------------------------------------------------------------------------------------------------
                                  Maximum  Maximum                  Lateral       Total        Flow
                                  Lateral    Total  Time of Max      Inflow      Inflow     Balance
                                   Inflow   Inflow   Occurrence      Volume      Volume       Error
  Node                 Type           CFS      CFS  days hr:min    10^6 gal    10^6 gal     Percent
  -------------------------------------------------------------------------------------------------
  J1                   JUNCTION      0.00     1.00     0  18:58           0       0.176  175822.848 gal
  J2                   JUNCTION      0.00     0.00     0  00:00           0           0       0.000 gal
  J3                   JUNCTION      0.00     1.63     0  17:22           0       0.173  172937.161 gal
  J4                   JUNCTION      0.00     0.00     0  00:00           0           0       0.000 gal
  J5                   JUNCTION      0.00     2.36     0  17:22           0        0.18  179524.731 gal
  J6                   JUNCTION      0.00     0.00     0  00:00           0           0       0.000 gal
  J7                   JUNCTION      0.00     1.07     0  17:22           0       0.179  178701.830 gal
  J8                   JUNCTION      0.00     0.00     0  00:00           0           0       0.000 gal
  J9                   JUNCTION      0.00     0.00     0  00:00           0           0       0.000 gal
  J10                  JUNCTION      0.00     0.00     0  00:00           0           0       0.000 gal
  J11                  JUNCTION      0.00     0.00     0  00:00           0           0       0.000 gal
  J12                  JUNCTION      1.00     1.00     0  00:00       0.646       0.646     267.569
  J13                  JUNCTION      0.00     2.37     0  17:22           0       0.179  179460.807 gal
  J14                  JUNCTION      1.00     1.00     0  00:00       0.646       0.646     260.118
  J15                  JUNCTION      1.00     1.00     0  00:00       0.646       0.646     273.702
  J16                  JUNCTION      1.00     1.00     0  00:00       0.646       0.646     261.647
  J17                  JUNCTION      1.00     1.00     0  00:00       0.646       0.646     259.989
  J1A                  JUNCTION      0.00     0.00     0  00:00           0           0       0.000 gal
  J13A                 JUNCTION      0.00     0.00     0  00:00           0           0       0.000 gal
  O1                   OUTFALL       0.00     0.00     0  00:00           0           0       0.000 gal
  
  
  **********************
  Node Surcharge Summary
  **********************
  
  No nodes were surcharged.
  
  
  *********************
  Node Flooding Summary
  *********************
  
  No nodes were flooded.
  
  
  ***********************
  Outfall Loading Summary
  ***********************
  
  -----------------------------------------------------------
                         Flow       Avg       Max       Total
                         Freq      Flow      Flow      Volume
  Outfall Node           Pcnt       CFS       CFS    10^6 gal
  -----------------------------------------------------------
  O1                     0.00      0.00      0.00       0.000
  -----------------------------------------------------------
  System                 0.00      0.00      0.00       0.000
  
  
  ********************
  Link Flow Summary
  ********************
  
  -----------------------------------------------------------------------------
                                 Maximum  Time of Max   Maximum    Max/    Max/
                                  |Flow|   Occurrence   |Veloc|    Full    Full
  Link                 Type          CFS  days hr:min    ft/sec    Flow   Depth
  -----------------------------------------------------------------------------
  236                  CONDUIT      0.00     0  00:00      0.00    0.00    0.00
  202                  CONDUIT      0.00     0  00:00      0.00    0.00    0.00
  203                  CONDUIT      0.00     0  00:00      0.00    0.00    0.00
  204                  CONDUIT      0.00     0  00:00      0.00    0.00    0.00
  205                  CONDUIT      0.00     0  00:00      0.00    0.00    0.00
  207                  CONDUIT      0.00     0  00:00      0.00    0.00    0.00
  206                  CONDUIT      0.00     0  00:00      0.00    0.00    0.00
  208                  CONDUIT      0.00     0  00:00      0.00    0.00    0.00
  209                  CONDUIT      0.00     0  00:00      0.00    0.00    0.00
  210                  CONDUIT      0.00     0  00:00      0.00    0.00    0.00
  211                  CONDUIT      0.00     0  00:00      0.00    0.00    0.00
  212                  CONDUIT      1.00     0  18:58      1.00    0.01    0.06
  214                  CONDUIT      2.37     0  17:22      4.09    0.04    0.21
  238                  CONDUIT      0.00     0  00:00      0.00    0.00    0.00
  215                  CONDUIT      1.63     0  17:22      1.82    0.02    0.07
  217                  CONDUIT      2.36     0  17:22      2.11    0.01    0.07
  216                  CONDUIT      1.07     0  17:22      2.92    0.04    0.19
  201                  CONDUIT      0.00     0  00:00      0.00    0.00    0.00
  213                  CONDUIT      0.00     0  00:00      0.00    0.00    0.00
  
  
  ***************************
  Flow Classification Summary
  ***************************
  
  -------------------------------------------------------------------------------------
                      Adjusted    ---------- Fraction of Time in Flow Class ---------- 
                       /Actual         Up    Down  Sub   Sup   Up    Down  Norm  Inlet 
  Conduit               Length    Dry  Dry   Dry   Crit  Crit  Crit  Crit  Ltd   Ctrl  
  -------------------------------------------------------------------------------------
  236                     1.00   1.00  0.00  0.00  0.00  0.00  0.00  0.00  0.00  0.00
  202                     1.00   1.00  0.00  0.00  0.00  0.00  0.00  0.00  0.00  0.00
  203                     1.00   1.00  0.00  0.00  0.00  0.00  0.00  0.00  0.00  0.00
  204                     1.00   1.00  0.00  0.00  0.00  0.00  0.00  0.00  0.00  0.00
  205                     1.00   1.00  0.00  0.00  0.00  0.00  0.00  0.00  0.00  0.00
  207                     1.00   1.00  0.00  0.00  0.00  0.00  0.00  0.00  0.00  0.00
  206                     1.00   1.00  0.00  0.00  0.00  0.00  0.00  0.00  0.00  0.00
  208                     1.00   1.00  0.00  0.00  0.00  0.00  0.00  0.00  0.00  0.00
  209                     1.00   1.00  0.00  0.00  0.00  0.00  0.00  0.00  0.00  0.00
  210                     1.00   1.00  0.00  0.00  0.00  0.00  0.00  0.00  0.00  0.00
  211                     1.00   1.00  0.00  0.00  0.00  0.00  0.00  0.00  0.00  0.00
  212                     1.00   0.72  0.00  0.00  0.00  0.00  0.00  0.28  0.00  0.00
  214                     1.00   0.72  0.00  0.00  0.00  0.00  0.00  0.28  0.00  0.00
  238                     1.00   1.00  0.00  0.00  0.00  0.00  0.00  0.00  0.00  0.00
  215                     1.00   0.72  0.00  0.00  0.00  0.00  0.00  0.28  0.00  0.00
  217                     1.00   0.72  0.00  0.00  0.00  0.00  0.00  0.28  0.00  0.00
  216                     1.00   0.72  0.00  0.00  0.00  0.00  0.00  0.28  0.00  0.00
  201                     1.00   1.00  0.00  0.00  0.00  0.00  0.00  0.00  0.00  0.00
  213                     1.00   1.00  0.00  0.00  0.00  0.00  0.00  0.00  0.00  0.00
  
  
  *************************
  Conduit Surcharge Summary
  *************************
  
  No conduits were surcharged.
  

  Analysis begun on:  Wed Jul 22 14:05:03 2026
  Analysis ended on:  Wed Jul 22 14:05:03 2026
  Total elapsed time: < 1 sec