
  EPA STORM WATER MANAGEMENT MODEL - VERSION 5.2 (Build 5.2.4)
  ------------------------------------------------------------

  GRASS LAKE WATERSHED MANAGEMENT ORGANIZATION 
  
  ****************
  Analysis Options
  ****************
  Flow Units ............... CFS
  Process Models:
    Rainfall/Runoff ........ NO
    RDII ................... NO
    Snowmelt ............... NO
    Groundwater ............ NO
    Flow Routing ........... YES
    Ponding Allowed ........ NO
    Water Quality .......... NO
  Flow Routing Method ...... DYNWAVE
  Surcharge Method ......... EXTRAN
  Starting Date ............ 01/01/2001 00:00:00
  Ending Date .............. 01/02/2001 00:00:00
  Antecedent Dry Days ...... 0.0
  Report Time Step ......... 00:15:00
  Routing Time Step ........ 20.00 sec
  Variable Time Step ....... YES
  Maximum Trials ........... 8
  Number of Threads ........ 1
  Head Tolerance ........... 0.005000 ft
  
  
  **************************        Volume        Volume
  Flow Routing Continuity        acre-feet      10^6 gal
  **************************     ---------     ---------
  Dry Weather Inflow .......         0.000         0.000
  Wet Weather Inflow .......         0.000         0.000
  Groundwater Inflow .......         0.000         0.000
  RDII Inflow ..............         0.000         0.000
  External Inflow ..........         0.000         0.000
  External Outflow .........         0.000         0.000
  Flooding Loss ............         0.000         0.000
  Evaporation Loss .........         0.000         0.000
  Exfiltration Loss ........         0.000         0.000
  Initial Stored Volume ....         0.000         0.000
  Final Stored Volume ......         0.000         0.000
  Continuity Error (%) .....         0.000
  
  
  ***************************
  Time-Step Critical Elements
  ***************************
  None
  
  
  ********************************
  Highest Flow Instability Indexes
  ********************************
  All links are stable.
  
  
  *********************************
  Most Frequent Nonconverging Nodes
  *********************************
  Convergence obtained at all time steps.
  
  
  *************************
  Routing Time Step Summary
  *************************
  Minimum Time Step           :    19.50 sec
  Average Time Step           :    20.00 sec
  Maximum Time Step           :    20.00 sec
  % of Time in Steady State   :     0.00
  Average Iterations per Step :     2.00
  % of Steps Not Converging   :     0.00
  Time Step Frequencies       :
     20.000 -  9.564 sec      :   100.00 %
      9.564 -  4.573 sec      :     0.00 %
      4.573 -  2.187 sec      :     0.00 %
      2.187 -  1.046 sec      :     0.00 %
      1.046 -  0.500 sec      :     0.00 %
  
  
  ******************
  Node Depth Summary
  ******************
  
  ---------------------------------------------------------------------------------
                                 Average  Maximum  Maximum  Time of Max    Reported
                                   Depth    Depth      HGL   Occurrence   Max Depth
  Node                 Type         Feet     Feet     Feet  days hr:min        Feet
  ---------------------------------------------------------------------------------
  LO-9                 JUNCTION     0.00     0.00     0.00     0  00:00        0.00
  WILLOW               JUNCTION     0.00     0.00     0.00     0  00:00        0.00
  WP-2                 JUNCTION     0.00     0.00     0.00     0  00:00        0.00
  WP-3                 JUNCTION     0.00     0.00     0.00     0  00:00        0.00
  WP-4                 JUNCTION     0.00     0.00     0.00     0  00:00        0.00
  WP-5                 JUNCTION     0.00     0.00     0.00     0  00:00        0.00
  WP-6                 JUNCTION     0.00     0.00     0.00     0  00:00        0.00
  BENNETT              JUNCTION     0.00     0.00     0.00     0  00:00        0.00
  WP-1                 JUNCTION     0.00     0.00     0.00     0  00:00        0.00
  PUMP                 JUNCTION     0.00     0.00     0.00     0  00:00        0.00
  LK                   OUTFALL      0.00     0.00     0.00     0  00:00        0.00
  
  
  *******************
  Node Inflow Summary
  *******************
  
  -------------------------------------------------------------------------------------------------
                                  Maximum  Maximum                  Lateral       Total        Flow
                                  Lateral    Total  Time of Max      Inflow      Inflow     Balance
                                   Inflow   Inflow   Occurrence      Volume      Volume       Error
  Node                 Type           CFS      CFS  days hr:min    10^6 gal    10^6 gal     Percent
  -------------------------------------------------------------------------------------------------
  LO-9                 JUNCTION      0.00     0.00     0  00:00           0           0       0.000 gal
  WILLOW               JUNCTION      0.00     0.00     0  00:00           0           0       0.000 gal
  WP-2                 JUNCTION      0.00     0.00     0  00:00           0           0       0.000 gal
  WP-3                 JUNCTION      0.00     0.00     0  00:00           0           0       0.000 gal
  WP-4                 JUNCTION      0.00     0.00     0  00:00           0           0       0.000 gal
  WP-5                 JUNCTION      0.00     0.00     0  00:00           0           0       0.000 gal
  WP-6                 JUNCTION      0.00     0.00     0  00:00           0           0       0.000 gal
  BENNETT              JUNCTION      0.00     0.00     0  00:00           0           0       0.000 gal
  WP-1                 JUNCTION      0.00     0.00     0  00:00           0           0       0.000 gal
  PUMP                 JUNCTION      0.00     0.00     0  00:00           0           0       0.000 gal
  LK                   OUTFALL       0.00     0.00     0  00:00           0           0       0.000 gal
  
  
  **********************
  Node Surcharge Summary
  **********************
  
  No nodes were surcharged.
  
  
  *********************
  Node Flooding Summary
  *********************
  
  No nodes were flooded.
  
  
  ***********************
  Outfall Loading Summary
  ***********************
  
  -----------------------------------------------------------
                         Flow       Avg       Max       Total
                         Freq      Flow      Flow      Volume
  Outfall Node           Pcnt       CFS       CFS    10^6 gal
  -----------------------------------------------------------
  LK                     0.00      0.00      0.00       0.000
  -----------------------------------------------------------
  System                 0.00      0.00      0.00       0.000
  
  
  ********************
  Link Flow Summary
  ********************
  
  -----------------------------------------------------------------------------
                                 Maximum  Time of Max   Maximum    Max/    Max/
                                  |Flow|   Occurrence   |Veloc|    Full    Full
  Link                 Type          CFS  days hr:min    ft/sec    Flow   Depth
  -----------------------------------------------------------------------------
  LO-9/LO              CONDUIT      0.00     0  00:00      0.00    0.00    0.00
  WP/WP-1              CONDUIT      0.00     0  00:00      0.00    0.00    0.00
  WP-2/WP-3            CONDUIT      0.00     0  00:00      0.00    0.00    0.00
  WP-3/WP-4            CONDUIT      0.00     0  00:00      0.00    0.00    0.00
  WP-4/WP-5            CONDUIT      0.00     0  00:00      0.00    0.00    0.00
  WP-5/WP-6            CONDUIT      0.00     0  00:00      0.00    0.00    0.00
  WP-6/BL              CONDUIT      0.00     0  00:00      0.00    0.00    0.00
  WP-1/WP-2            CONDUIT      0.00     0  00:00      0.00    0.00    0.00
  BL-PUMP              CONDUIT      0.00     0  00:00      0.00    0.00    0.00
  PUMP/LO-9            CONDUIT      0.00     0  00:00      0.00    0.00    0.00
  
  
  ***************************
  Flow Classification Summary
  ***************************
  
  -------------------------------------------------------------------------------------
                      Adjusted    ---------- Fraction of Time in Flow Class ---------- 
                       /Actual         Up    Down  Sub   Sup   Up    Down  Norm  Inlet 
  Conduit               Length    Dry  Dry   Dry   Crit  Crit  Crit  Crit  Ltd   Ctrl  
  -------------------------------------------------------------------------------------
  LO-9/LO                 1.00   1.00  0.00  0.00  0.00  0.00  0.00  0.00  0.00  0.00
  WP/WP-1                 1.00   1.00  0.00  0.00  0.00  0.00  0.00  0.00  0.00  0.00
  WP-2/WP-3               1.00   1.00  0.00  0.00  0.00  0.00  0.00  0.00  0.00  0.00
  WP-3/WP-4               1.00   1.00  0.00  0.00  0.00  0.00  0.00  0.00  0.00  0.00
  WP-4/WP-5               1.00   1.00  0.00  0.00  0.00  0.00  0.00  0.00  0.00  0.00
  WP-5/WP-6               1.00   1.00  0.00  0.00  0.00  0.00  0.00  0.00  0.00  0.00
  WP-6/BL                 1.00   1.00  0.00  0.00  0.00  0.00  0.00  0.00  0.00  0.00
  WP-1/WP-2               1.00   1.00  0.00  0.00  0.00  0.00  0.00  0.00  0.00  0.00
  BL-PUMP                 1.00   1.00  0.00  0.00  0.00  0.00  0.00  0.00  0.00  0.00
  PUMP/LO-9               1.00   1.00  0.00  0.00  0.00  0.00  0.00  0.00  0.00  0.00
  
  
  *************************
  Conduit Surcharge Summary
  *************************
  
  No conduits were surcharged.
  

  Analysis begun on:  Sun Jul 19 15:20:29 2026
  Analysis ended on:  Sun Jul 19 15:20:29 2026
  Total elapsed time: < 1 sec