
  EPA STORM WATER MANAGEMENT MODEL - VERSION 5.2 (Build 5.2.4)
  ------------------------------------------------------------

  Converted from XPSWMM .xp file 
  
  ****************
  Analysis Options
  ****************
  Flow Units ............... CFS
  Process Models:
    Rainfall/Runoff ........ NO
    RDII ................... NO
    Snowmelt ............... NO
    Groundwater ............ NO
    Flow Routing ........... YES
    Ponding Allowed ........ NO
    Water Quality .......... NO
  Flow Routing Method ...... DYNWAVE
  Surcharge Method ......... EXTRAN
  Starting Date ............ 01/01/2001 00:00:00
  Ending Date .............. 01/02/2001 00:00:00
  Antecedent Dry Days ...... 0.0
  Report Time Step ......... 00:15:00
  Routing Time Step ........ 20.00 sec
  Variable Time Step ....... YES
  Maximum Trials ........... 8
  Number of Threads ........ 1
  Head Tolerance ........... 0.005000 ft
  
  
  **************************        Volume        Volume
  Flow Routing Continuity        acre-feet      10^6 gal
  **************************     ---------     ---------
  Dry Weather Inflow .......         0.000         0.000
  Wet Weather Inflow .......         0.000         0.000
  Groundwater Inflow .......         0.000         0.000
  RDII Inflow ..............         0.000         0.000
  External Inflow ..........        47.601        15.512
  External Outflow .........         2.883         0.939
  Flooding Loss ............        33.510        10.920
  Evaporation Loss .........         0.000         0.000
  Exfiltration Loss ........         0.000         0.000
  Initial Stored Volume ....         0.000         0.000
  Final Stored Volume ......         9.811         3.197
  Continuity Error (%) .....         2.937
  
  
  *************************
  Highest Continuity Errors
  *************************
  Node 5180 (100.00%)
  Node 5060 (99.54%)
  Node 1620 (44.80%)
  Node 5310 (-25.70%)
  Node 5160 (20.23%)
  
  
  ***************************
  Time-Step Critical Elements
  ***************************
  Link 525 (82.65%)
  Link 5333 (4.17%)
  Link 523 (3.19%)
  Link 1705 (2.91%)
  Link 1813 (2.14%)
  
  
  ********************************
  Highest Flow Instability Indexes
  ********************************
  Link 505a (32)
  Link 5085 (15)
  Link 5075 (13)
  Link 5105 (9)
  Link 5095 (8)
  
  
  *********************************
  Most Frequent Nonconverging Nodes
  *********************************
  Node 5540 (4.07%)
  Node 5230 (0.41%)
  Node 5220 (0.36%)
  Node 810 (0.33%)
  Node 5100 (0.31%)
  
  
  *************************
  Routing Time Step Summary
  *************************
  Minimum Time Step           :     1.72 sec
  Average Time Step           :    14.89 sec
  Maximum Time Step           :    20.00 sec
  % of Time in Steady State   :     0.00
  Average Iterations per Step :     2.39
  % of Steps Not Converging   :     4.07
  Time Step Frequencies       :
     20.000 -  9.564 sec      :    96.12 %
      9.564 -  4.573 sec      :     3.53 %
      4.573 -  2.187 sec      :     0.33 %
      2.187 -  1.046 sec      :     0.02 %
      1.046 -  0.500 sec      :     0.00 %
  
  
  ******************
  Node Depth Summary
  ******************
  
  ---------------------------------------------------------------------------------
                                 Average  Maximum  Maximum  Time of Max    Reported
                                   Depth    Depth      HGL   Occurrence   Max Depth
  Node                 Type         Feet     Feet     Feet  days hr:min        Feet
  ---------------------------------------------------------------------------------
  5010                 JUNCTION   214.62   262.85   527.95     0  04:29      262.84
  5020                 JUNCTION   230.11   252.52   508.62     0  08:05      252.52
  5030                 JUNCTION   219.04   250.53   506.53     0  02:53      250.31
  5040                 JUNCTION   213.34   251.23   504.43     0  05:53      251.22
  5050                 JUNCTION   230.67   252.20   504.40     0  05:53      252.20
  5060                 JUNCTION    22.10    32.00   293.00     1  00:00       32.00
  5070                 JUNCTION   232.57   246.05   496.45     0  04:53      246.03
  5080                 JUNCTION   231.57   245.33   496.43     0  04:52      245.32
  5090                 JUNCTION   227.36   248.20   496.40     0  04:51      248.20
  5100                 JUNCTION   236.09   249.11   496.41     0  04:52      249.11
  5110                 JUNCTION   211.63   244.92   496.42     0  04:52      244.91
  5120                 JUNCTION     0.00     0.00   246.90     0  00:00        0.00
  5000                 JUNCTION   230.97   267.37   546.90     0  04:31      267.37
  120                  JUNCTION   353.28   362.89   726.84     0  01:43      362.89
  130                  JUNCTION   288.99   313.68   627.91     0  02:23      313.60
  110                  JUNCTION   255.13   272.70   545.40     0  02:26      272.70
  100                  JUNCTION   273.43   279.00   558.95     0  01:54      279.00
  200                  JUNCTION   265.70   270.93   543.63     0  01:40      270.93
  300                  JUNCTION   280.86   287.00   574.85     0  01:00      286.76
  310                  JUNCTION   243.18   261.79   525.04     0  02:22      261.67
  5130                 JUNCTION   207.25   235.14   476.64     0  03:54      235.14
  5140                 JUNCTION   192.32   230.61   467.51     0  04:09      230.61
  5150                 JUNCTION   183.35   229.39   464.19     0  05:25      229.39
  5160                 JUNCTION   165.23   215.06   435.56     0  09:34      215.06
  5180                 JUNCTION    35.53    73.01   276.31     1  00:00       73.01
  5190                 JUNCTION     0.00     0.00   192.10     0  00:00        0.00
  5200                 JUNCTION     0.00     0.00   167.10     0  00:00        0.00
  5210                 JUNCTION     0.00     0.00   163.20     0  00:00        0.00
  5220                 JUNCTION   141.49   158.25   318.05     0  02:18      155.45
  5230                 JUNCTION   139.05   154.63   313.63     0  02:22      154.13
  5234                 JUNCTION   136.32   155.00   310.00     0  02:20      151.18
  5240                 JUNCTION   132.60   148.61   299.61     0  02:22      147.32
  5250                 JUNCTION   125.34   141.47   283.97     0  02:21      139.80
  5260                 JUNCTION   121.60   136.65   275.15     0  02:21      135.66
  5270                 JUNCTION   115.46   130.50   261.00     0  02:22      130.17
  5280                 JUNCTION   113.36   127.03   258.03     0  02:27      126.96
  5290                 JUNCTION   104.19   116.94   239.44     0  02:26      116.86
  5300                 JUNCTION   101.47   114.12   230.62     0  02:26      113.75
  5310                 JUNCTION    95.27   115.50   231.00     0  02:25      110.20
  5320                 JUNCTION    93.32   106.91   217.91     0  02:27      106.64
  5330                 JUNCTION    89.77   102.71   209.71     0  02:27      102.44
  1240                 JUNCTION    98.13   111.14   230.04     0  02:27      108.64
  5350                 JUNCTION    62.57    70.87   146.87     0  02:27       70.82
  5360                 JUNCTION    45.79    53.00   106.00     0  02:28       53.00
  5370                 JUNCTION    38.48    40.37    79.77     0  03:26       40.24
  5380                 JUNCTION    29.60    30.48    62.48     0  03:26       30.48
  5390                 JUNCTION    26.67    27.50    56.50     0  03:27       27.49
  5400                 JUNCTION    21.75    22.49    49.39     0  03:28       22.49
  5410                 JUNCTION    17.85    18.63    41.63     0  00:39       18.56
  5334                 JUNCTION    85.09    97.82   198.82     0  02:26       96.64
  5340                 JUNCTION    69.50    80.48   162.48     0  02:29       80.47
  5420                 JUNCTION    12.87    15.69    32.69     0  00:40       13.40
  5430                 JUNCTION    10.01    11.99    26.99     0  00:41       10.69
  5440                 JUNCTION     6.99    12.30    24.60     0  00:40        7.48
  5450                 JUNCTION     5.52    10.30    20.60     0  00:40        7.06
  5460                 JUNCTION     4.63     7.36    17.86     0  00:40        5.73
  5470                 JUNCTION     0.31     2.27     5.30     0  00:41        1.33
  5480                 JUNCTION     2.08     4.41     3.94     0  00:44        4.35
  5490                 JUNCTION     0.37     1.62     2.82     0  00:45        1.44
  5500                 JUNCTION     0.56     1.64    -1.16     0  00:48        0.92
  5510                 JUNCTION     0.74     1.78    -1.32     0  00:48        1.13
  5520                 JUNCTION     0.41     1.16    -2.44     0  00:50        0.74
  5530                 JUNCTION     0.43     1.13    -2.67     0  00:50        0.74
  5550                 JUNCTION     0.37     2.71     0.73     0  00:42        1.89
  5560                 JUNCTION     0.73     3.50    -1.05     0  00:43        3.46
  210                  JUNCTION   244.95   261.39   525.19     0  01:54      261.31
  400                  JUNCTION   272.86   278.50   559.20     0  00:58      278.44
  700                  JUNCTION   244.28   248.79   505.29     0  00:52      248.63
  600                  JUNCTION   245.05   249.71   501.91     0  00:52      249.43
  800                  JUNCTION   301.40   308.33   618.18     0  01:04      308.26
  900                  JUNCTION   334.69   343.44   687.79     0  01:12      343.26
  910                  JUNCTION   270.73   291.99   584.84     0  02:12      291.77
  1000                 JUNCTION   199.41   202.15   408.15     0  01:05      202.15
  1010                 JUNCTION   173.87   182.10   368.00     0  01:51      182.10
  1020                 JUNCTION   162.35   175.40   353.90     0  02:18      175.08
  1110                 JUNCTION   179.31   220.17   442.67     0  04:23      220.17
  1130                 JUNCTION   195.69   205.75   414.15     0  01:28      205.62
  1140                 JUNCTION     0.54     5.18   195.08     1  00:00        5.18
  1150                 JUNCTION     0.00     0.00   172.00     0  00:00        0.00
  1160                 JUNCTION     0.00     0.00   164.80     0  00:00        0.00
  1120                 JUNCTION   221.49   225.15   452.20     0  00:47      224.97
  1200                 JUNCTION   324.64   332.78   666.53     0  01:09      332.67
  1210                 JUNCTION   281.47   308.15   617.90     0  03:08      308.15
  1230                 JUNCTION   260.00   277.78   558.03     0  01:58      277.67
  1220                 JUNCTION   281.27   287.19   576.69     0  02:02      287.19
  1250                 JUNCTION    95.38   114.95   231.15     0  02:26      108.55
  1300                 JUNCTION    73.81    74.31   150.06     0  00:15       74.20
  1310                 JUNCTION    56.99    57.90   117.25     0  00:26       57.76
  1320                 JUNCTION    50.28    51.80   105.40     0  01:45       51.80
  1330                 JUNCTION    47.13    50.09   101.99     0  01:56       50.09
  1340                 JUNCTION    45.00    49.23   100.33     0  02:42       49.23
  1350                 JUNCTION    35.87    40.92    83.72     0  02:52       40.90
  1400                 JUNCTION    28.29    28.44    58.64     0  00:06       28.35
  1410                 JUNCTION    16.66    16.75    35.35     0  02:53       16.75
  5474                 JUNCTION     0.56     3.10     4.20     0  00:42        2.37
  1500                 JUNCTION     0.17     0.17    -2.86     0  00:01        0.17
  1510                 JUNCTION     2.95     3.00    -4.40     0  00:45        3.00
  5570                 JUNCTION     0.51     2.57    -2.05     0  00:44        2.46
  5580                 JUNCTION     0.74     2.21    -2.92     0  00:46        1.77
  5590                 JUNCTION     1.20     2.31    -3.33     0  00:50        2.00
  5600                 JUNCTION     0.72     1.70    -3.50     0  00:55        1.49
  5610                 JUNCTION     0.54     1.25    -4.39     0  01:04        1.13
  5620                 JUNCTION     1.35     1.58    -5.22     0  03:50        1.54
  5630                 JUNCTION     2.09     2.38    -5.27     0  03:48        2.35
  5640                 JUNCTION     6.47     7.00    -5.30     0  03:48        7.00
  1620                 JUNCTION    23.80    59.26   276.31     1  00:00       59.26
  1630                 JUNCTION     0.00     0.00   209.65     0  00:00        0.00
  1640                 JUNCTION   192.20   208.95   418.60     0  03:19      208.95
  1610                 JUNCTION   208.57   211.70   430.15     0  00:44      211.66
  1650                 JUNCTION   169.66   208.92   417.84     0  05:08      208.92
  1720                 JUNCTION   170.50   172.49   346.05     0  00:52      172.49
  1730                 JUNCTION     0.00     0.00   169.65     0  00:00        0.00
  1740                 JUNCTION   157.70   168.34   337.70     0  02:42      168.34
  1750                 JUNCTION   142.18   168.16   336.32     0  04:12      168.16
  530                  JUNCTION     0.01     0.19   275.04     0  02:10        0.18
  524                  JUNCTION   273.78   293.65   593.00     0  02:10      293.46
  540                  JUNCTION   231.77   273.48   548.33     0  04:38      273.48
  550                  JUNCTION   195.31   264.39   528.78     0  07:08      264.39
  1820                 JUNCTION     0.00     0.00    10.81     0  00:00        0.00
  1830                 JUNCTION     0.84     0.84    10.52     0  00:02        0.84
  1840                 JUNCTION     0.00     0.53     4.09     0  00:02        0.00
  1850                 JUNCTION     2.40     2.89     5.78     0  00:03        2.40
  1860                 JUNCTION     0.89     0.89     1.78     0  00:02        0.89
  1810                 JUNCTION     6.10     6.62    13.43     0  00:03        6.10
  1800                 JUNCTION     7.96     8.14    21.95     0  00:02        7.97
  520                  JUNCTION   296.93   303.73   607.08     0  01:03      303.58
  1616                 JUNCTION   198.20   209.77   427.22     0  04:50      209.77
  1108                 JUNCTION   202.09   238.20   478.20     0  04:46      238.20
  1106                 JUNCTION   217.59   241.94   485.64     0  04:21      241.94
  1102                 JUNCTION   288.44   294.86   590.86     0  01:02      294.69
  1104                 JUNCTION   249.22   266.18   532.38     0  01:56      265.87
  580                  JUNCTION     0.00     0.00   261.40     0  00:00        0.00
  560                  JUNCTION   245.14   249.52   510.92     0  00:55      249.52
  1404                 JUNCTION    22.94    23.14    46.46     0  00:23       23.14
  1504                 JUNCTION     0.83     0.83   -20.60     0  00:02        0.83
  1144                 JUNCTION     0.00     0.00   186.65     0  00:00        0.00
  410                  JUNCTION   255.23   277.81   555.62     0  02:51      277.81
  5104                 JUNCTION     0.00     0.00   251.41     0  00:00        0.00
  304                  JUNCTION   256.25   286.38   572.76     0  04:22      286.38
  1204                 JUNCTION   288.68   330.99   661.98     0  04:36      330.99
  1900                 JUNCTION     2.71     2.72    11.22     0  00:05        2.71
  1910                 JUNCTION     0.23     0.23     2.93     0  00:10        0.23
  810                  JUNCTION   253.24   257.97   517.97     0  01:07      257.97
  5354                 JUNCTION    60.50    68.03   136.06     0  02:30       68.03
  5540                 OUTFALL      0.25     0.88    -3.12     0  00:51        0.53
  5170                 STORAGE      0.19     0.61   206.11     1  00:00        0.61
  1710                 STORAGE     10.90    24.23   195.08     1  00:00       24.23
  510                  STORAGE      1.08     3.65   293.00     1  00:00        3.65
  570                  STORAGE      5.82     6.24   261.40     0  02:14        6.24
  
  
  *******************
  Node Inflow Summary
  *******************
  
  -------------------------------------------------------------------------------------------------
                                  Maximum  Maximum                  Lateral       Total        Flow
                                  Lateral    Total  Time of Max      Inflow      Inflow     Balance
                                   Inflow   Inflow   Occurrence      Volume      Volume       Error
  Node                 Type           CFS      CFS  days hr:min    10^6 gal    10^6 gal     Percent
  -------------------------------------------------------------------------------------------------
  5010                 JUNCTION      0.00     2.53     0  03:18           0       0.439       5.934
  5020                 JUNCTION      0.00     3.12     0  01:55           0        1.02       2.895
  5030                 JUNCTION      0.00     2.42     0  08:07           0        1.36       1.476
  5040                 JUNCTION      0.00     6.13     0  02:54           0        1.35       7.060
  5050                 JUNCTION      0.00     4.59     0  05:54           0        1.54       9.459
  5060                 JUNCTION      0.00     1.11     0  02:07           0       0.144   21500.021
  5070                 JUNCTION      0.00     3.85     0  00:52           0       0.632       8.898
  5080                 JUNCTION      0.00     3.89     0  00:52           0        1.22       5.966
  5090                 JUNCTION      0.00     7.41     0  04:57           0        2.25       5.307
  5100                 JUNCTION      0.00    12.48     0  01:02           0        1.31      13.161
  5110                 JUNCTION      0.00     4.00     0  02:56           0      0.0564     273.982
  5120                 JUNCTION      0.00     0.00     0  00:00           0           0       0.000 gal
  5000                 JUNCTION      0.00     1.75     0  02:23           0       0.582       4.587
  120                  JUNCTION      1.00     1.00     0  00:00       0.646       0.646       5.706
  130                  JUNCTION      0.00     1.00     0  02:23           0       0.611       5.011
  110                  JUNCTION      0.00     1.90     0  03:18           0       0.737       5.449
  100                  JUNCTION      1.00     1.00     0  00:00       0.646       0.646       4.464
  200                  JUNCTION      1.00     1.00     0  00:00       0.646       0.646       4.292
  300                  JUNCTION      1.00     1.00     0  00:00       0.646       0.646       4.054
  310                  JUNCTION      0.00     3.28     0  01:00           0       0.393       6.512
  5130                 JUNCTION      0.00     4.31     0  02:12           0       0.588       4.409
  5140                 JUNCTION      0.00     4.56     0  02:58           0       0.563       4.276
  5150                 JUNCTION      0.00     1.00     0  04:09           0        0.54       3.892
  5160                 JUNCTION      0.00    16.07     0  04:44           0        0.52      25.364
  5180                 JUNCTION      0.00     0.69     0  04:20           0       0.218  218470.458 gal
  5190                 JUNCTION      0.00     0.00     0  00:00           0           0       0.000 gal
  5200                 JUNCTION      0.00     0.00     0  00:00           0           0       0.000 gal
  5210                 JUNCTION      0.00     0.00     0  00:00           0           0       0.000 gal
  5220                 JUNCTION      0.00    30.09     0  02:12           0       0.602      -8.386
  5230                 JUNCTION      0.00   140.11     0  02:18           0       0.657      -0.618
  5234                 JUNCTION      0.00   198.94     0  02:19           0       0.661     -15.947
  5240                 JUNCTION      0.00   366.88     0  02:20           0        0.78       5.268
  5250                 JUNCTION      0.00   131.98     0  02:21           0       0.741     -12.888
  5260                 JUNCTION      0.00   126.64     0  02:21           0       0.851      -0.481
  5270                 JUNCTION      0.00   104.25     0  02:21           0       0.855      -5.212
  5280                 JUNCTION      0.00    71.07     0  02:21           0       0.849       0.328
  5290                 JUNCTION      0.00    47.01     0  02:27           0       0.846      -4.467
  5300                 JUNCTION      0.00    94.62     0  02:25           0       0.466       2.361
  5310                 JUNCTION      0.00   635.13     0  02:26           0        2.17     -20.447
  5320                 JUNCTION      0.00   303.39     0  02:27           0        2.47       0.766
  5330                 JUNCTION      0.00   303.16     0  02:27           0        2.45      -0.097
  1240                 JUNCTION      0.00   172.05     0  02:25           0        1.41       0.494
  5350                 JUNCTION      0.00   276.88     0  02:29           0        2.57      -1.098
  5360                 JUNCTION      0.00   270.47     0  02:29           0        2.56      -0.916
  5370                 JUNCTION      0.00    12.05     0  02:28           0        2.22      -0.264
  5380                 JUNCTION      0.00    10.79     0  03:26           0        2.22       0.244
  5390                 JUNCTION      0.00    38.38     0  00:34           0        2.22       0.063
  5400                 JUNCTION      0.00    29.33     0  00:34           0        2.21       0.190
  5410                 JUNCTION      0.00    10.78     0  03:28           0        2.21      -0.268
  5334                 JUNCTION      0.00   305.07     0  02:27           0        2.45      -3.843
  5340                 JUNCTION      0.00   535.56     0  02:26           0        2.55      -0.848
  5420                 JUNCTION      0.00    11.34     0  00:40           0        2.22      -4.451
  5430                 JUNCTION      0.00   200.10     0  00:40           0        2.32      -1.192
  5440                 JUNCTION      0.00   108.93     0  00:41           0        2.35      -6.047
  5450                 JUNCTION      0.00   826.39     0  00:40           0         2.5      -1.731
  5460                 JUNCTION      0.00   150.52     0  00:41           0        2.49      -1.081
  5470                 JUNCTION      0.00   168.36     0  00:40           0        2.51      -0.015
  5480                 JUNCTION      0.00    82.75     0  00:43           0        1.91       1.601
  5490                 JUNCTION      0.00    56.44     0  00:44           0        1.88       0.191
  5500                 JUNCTION      0.00    52.08     0  00:46           0        2.52       0.380
  5510                 JUNCTION      0.00    34.85     0  00:47           0        2.51       0.230
  5520                 JUNCTION      0.00    35.45     0  00:48           0        2.51       0.208
  5530                 JUNCTION      0.00    13.97     0  00:50           0       0.941       0.179
  5550                 JUNCTION      0.00    71.11     0  00:41           0         1.2       0.198
  5560                 JUNCTION      0.00    66.50     0  00:42           0         1.2       0.313
  210                  JUNCTION      0.00     1.19     0  00:56           0        0.62       1.892
  400                  JUNCTION      1.00     1.00     0  00:00       0.646       0.646       4.127
  700                  JUNCTION      1.00     1.00     0  00:00       0.646       0.646       3.668
  600                  JUNCTION      1.00     1.00     0  00:00       0.646       0.646       3.533
  800                  JUNCTION      1.00     1.00     0  00:00       0.646       0.646       4.618
  900                  JUNCTION      1.00     1.00     0  00:00       0.646       0.646       5.174
  910                  JUNCTION      0.00     3.77     0  01:12           0       0.614       4.470
  1000                 JUNCTION      1.00     1.00     0  00:00       0.646       0.646       3.116
  1010                 JUNCTION      0.00     1.00     0  01:23           0       0.627       2.926
  1020                 JUNCTION      0.00     1.00     0  02:18           0       0.609       1.198
  1110                 JUNCTION      0.00     1.56     0  03:33           0        0.55       3.947
  1130                 JUNCTION      0.00     4.25     0  04:21           0        1.15       1.616
  1140                 JUNCTION      0.00     4.01     0  01:28           0        1.14       2.080
  1150                 JUNCTION      0.00     0.00     0  00:00           0           0       0.000 gal
  1160                 JUNCTION      0.00     0.00     0  00:00           0           0       0.000 gal
  1120                 JUNCTION      1.00     1.00     0  00:00       0.646       0.646       3.250
  1200                 JUNCTION      1.00     1.00     0  00:00       0.646       0.646       4.962
  1210                 JUNCTION      0.00     1.55     0  01:10           0       0.398       7.915
  1230                 JUNCTION      0.00     5.49     0  01:00           0       0.988       2.615
  1220                 JUNCTION      1.00     1.00     0  00:00       0.646       0.646       4.343
  1250                 JUNCTION      0.00   935.77     0  02:26           0        1.65      -4.997
  1300                 JUNCTION      1.00     1.00     0  00:00       0.646       0.646       1.014
  1310                 JUNCTION      0.00     2.13     0  00:16           0        0.64       0.494
  1320                 JUNCTION      0.00     1.57     0  00:26           0       0.179       2.978
  1330                 JUNCTION      0.00     0.28     0  01:50           0       0.174       2.979
  1340                 JUNCTION      0.00     0.28     0  01:56           0       0.169       2.963
  1350                 JUNCTION      0.00     0.28     0  02:42           0       0.164       2.402
  1400                 JUNCTION      1.00     1.00     0  00:00       0.646       0.646       0.365
  1410                 JUNCTION      0.00     1.59     0  00:06           0       0.605       0.271
  5474                 JUNCTION      0.00    94.20     0  00:41           0        1.92       0.157
  1500                 JUNCTION      1.00     1.00     0  00:00       0.646       0.646       0.029
  1510                 JUNCTION      0.00    18.65     0  00:50           0        1.85       0.859
  5570                 JUNCTION      0.00    52.28     0  00:43           0        1.19       0.156
  5580                 JUNCTION      0.00    51.11     0  00:44           0        1.19       0.525
  5590                 JUNCTION      0.00    41.62     0  00:46           0        1.18       1.958
  5600                 JUNCTION      0.00    19.17     0  00:51           0        1.16       1.074
  5610                 JUNCTION      0.00     9.14     0  00:57           0        1.15       0.770
  5620                 JUNCTION      0.00     8.13     0  01:08           0        1.14       3.024
  5630                 JUNCTION      0.00     6.30     0  01:15           0        1.14       5.520
  5640                 JUNCTION      0.00     6.61     0  03:54           0        1.08       0.000
  1620                 JUNCTION      0.00     0.67     0  19:31           0       0.396      81.161
  1630                 JUNCTION      0.00     0.75     0  00:44           0       0.208       0.000
  1640                 JUNCTION      0.00     0.75     0  00:44           0       0.208      10.541
  1610                 JUNCTION      1.00     1.00     0  00:00       0.646       0.646       3.115
  1650                 JUNCTION      0.00     0.34     0  05:07           0       0.189       0.000
  1720                 JUNCTION      1.00     1.00     0  00:00       0.646       0.646       2.597
  1730                 JUNCTION      0.00     0.96     0  00:37           0       0.211       0.000
  1740                 JUNCTION      0.00     0.96     0  00:37           0       0.211       8.196
  1750                 JUNCTION      0.00     0.33     0  04:07           0       0.195       0.000
  530                  JUNCTION      0.00     7.78     0  02:04           0       0.218      -0.009
  524                  JUNCTION      0.00     2.24     0  01:04           0       0.618       4.210
  540                  JUNCTION      0.00     7.78     0  02:04           0       0.218      13.554
  550                  JUNCTION      0.00     0.54     0  04:34           0       0.192       0.000
  1820                 JUNCTION      0.00     0.00     0  00:00           0           0    -100.000
  1830                 JUNCTION      0.00     0.00     0  00:00           0           0       0.000 gal
  1840                 JUNCTION      0.00     4.48     0  00:03           0       0.648      -0.011
  1850                 JUNCTION      0.00     4.58     0  00:03           0       0.648       0.001
  1860                 JUNCTION      0.00     2.97     0  00:04           0       0.648       0.000
  1810                 JUNCTION      0.00     3.33     0  00:02           0       0.646      -0.338
  1800                 JUNCTION      1.00     1.00     0  00:00       0.646       0.646       0.057
  520                  JUNCTION      1.00     1.00     0  00:00       0.646       0.646       4.594
  1616                 JUNCTION      0.00     1.48     0  00:44           0       0.418       5.706
  1108                 JUNCTION      0.00     1.00     0  03:33           0       0.573       4.225
  1106                 JUNCTION      0.00     6.09     0  01:56           0       0.596       4.005
  1102                 JUNCTION      1.00     1.00     0  00:00       0.646       0.646       4.328
  1104                 JUNCTION      0.00     3.03     0  01:02           0       0.619       3.938
  580                  JUNCTION      0.00     0.00     0  00:00           0           0       0.000 gal
  560                  JUNCTION      1.00     1.00     0  00:00       0.646       0.646       3.804
  1404                 JUNCTION      0.00     0.65     0  00:06           0       0.199       0.000
  1504                 JUNCTION      0.00     0.59     0  00:01           0       0.353       0.000
  1144                 JUNCTION      0.00     0.00     0  00:00           0           0       0.000 gal
  410                  JUNCTION      0.00     0.93     0  00:59           0       0.336       0.000
  5104                 JUNCTION      0.00     0.00     0  00:00           0           0       0.000 gal
  304                  JUNCTION      0.00     1.67     0  01:00           0       0.228       0.000
  1204                 JUNCTION      0.00     0.81     0  01:10           0       0.218       0.000
  1900                 JUNCTION      1.00     1.00     0  00:00       0.646       0.646       0.161
  1910                 JUNCTION      0.00     1.09     0  00:00           0       0.645       0.248
  810                  JUNCTION      1.00     1.00     0  00:00       0.646       0.646       3.411
  5354                 JUNCTION      0.00     6.20     0  02:29           0      0.0415       0.000
  5540                 OUTFALL       0.00    13.46     0  00:51           0       0.939       0.000
  5170                 STORAGE       0.00     1.00     0  09:34           0       0.415       0.011
  1710                 STORAGE       0.00     4.49     0  01:29           0        1.53       7.638
  510                  STORAGE       0.00     9.02     0  02:04           0       0.375       4.749
  570                  STORAGE       0.00     1.75     0  00:52           0       0.623      -0.002
  
  
  **********************
  Node Surcharge Summary
  **********************
  
  Surcharging occurs when water rises above the top of the highest conduit.
  ---------------------------------------------------------------------
                                               Max. Height   Min. Depth
                                   Hours       Above Crown    Below Rim
  Node                 Type      Surcharged           Feet         Feet
  ---------------------------------------------------------------------
  5050                 JUNCTION       18.12          0.000        0.000
  5090                 JUNCTION       19.15          0.000        0.000
  110                  JUNCTION       21.56          0.000        0.000
  5234                 JUNCTION        0.01          0.000        0.000
  5270                 JUNCTION        0.07          0.000        0.000
  5310                 JUNCTION        0.01          0.000        0.000
  5360                 JUNCTION        0.40          0.000        0.000
  5440                 JUNCTION        0.01          0.000        0.000
  5450                 JUNCTION        0.01          0.000        0.000
  5560                 JUNCTION        0.03          0.000        0.000
  1510                 JUNCTION       23.24          0.000        0.000
  5640                 JUNCTION       20.20          0.000        0.000
  1650                 JUNCTION       18.86          0.000        0.000
  1750                 JUNCTION       19.79          0.000        0.000
  550                  JUNCTION       16.86          0.000        0.000
  1850                 JUNCTION        0.02          0.000        0.000
  1860                 JUNCTION       23.96          0.000        0.000
  1404                 JUNCTION       23.62          0.000        0.000
  1504                 JUNCTION       23.97          0.000        0.000
  410                  JUNCTION       21.15          0.000        0.000
  304                  JUNCTION       19.63          0.000        0.000
  1204                 JUNCTION       19.40          0.000        0.000
  5354                 JUNCTION       21.50          0.000        0.000
  
  
  *********************
  Node Flooding Summary
  *********************
  
  Flooding refers to all water that overflows a node, whether it ponds or not.
  --------------------------------------------------------------------------
                                                             Total   Maximum
                                 Maximum   Time of Max       Flood    Ponded
                        Hours       Rate    Occurrence      Volume     Depth
  Node                 Flooded       CFS   days hr:min    10^6 gal      Feet
  --------------------------------------------------------------------------
  5050                   18.12      4.54      0  05:54       1.405     0.000
  5090                   19.15      7.34      0  04:57       2.063     0.000
  110                    21.56      1.47      0  03:19       0.699     0.000
  5234                    0.01     69.47      0  02:20       0.007     0.000
  5270                    0.07     49.74      0  02:23       0.054     0.000
  5310                    0.01    172.06      0  02:25       0.012     0.000
  5360                    0.40    259.13      0  02:29       0.821     0.000
  5440                    0.01     44.86      0  00:40       0.004     0.000
  5450                    0.01    514.13      0  00:40       0.055     0.000
  5560                    0.03     20.04      0  00:43       0.005     0.000
  1510                   23.24     18.63      0  00:50       1.837     0.000
  5640                   20.20      6.60      0  03:54       0.944     0.000
  1650                   18.86      0.33      0  05:08       0.169     0.000
  1750                   19.79      0.33      0  04:12       0.178     0.000
  550                    16.86      0.37      0  07:08       0.167     0.000
  1850                    0.02      2.20      0  00:03       0.001     0.000
  1860                   23.95      2.94      0  00:04       0.648     0.000
  1404                   23.62      0.31      0  00:23       0.197     0.000
  1504                   23.97      0.57      0  00:02       0.353     0.000
  410                    21.15      0.54      0  02:51       0.309     0.000
  304                    19.63      0.37      0  04:27       0.194     0.000
  1204                   19.40      0.35      0  04:36       0.185     0.000
  5354                   21.50      6.10      0  02:30       0.035     0.000
  570                    21.76      1.00      0  02:25       0.586     0.000
  
  
  **********************
  Storage Volume Summary
  **********************
  
  ------------------------------------------------------------------------------------------------
                         Average    Avg   Evap  Exfil     Maximum    Max    Time of Max    Maximum
                          Volume   Pcnt   Pcnt   Pcnt      Volume   Pcnt     Occurrence    Outflow
  Storage Unit          1000 ft³   Full   Loss   Loss    1000 ft³   Full    days hr:min        CFS
  ------------------------------------------------------------------------------------------------
  5170                    17.410    1.3    0.0    0.0      55.448    4.2       1  00:00       0.00
  1710                    85.610   40.6    0.0    0.0     190.328   90.4       1  00:00       0.00
  510                      8.518    4.9    0.0    0.0      28.678   16.4       1  00:00       1.11
  570                      4.591   93.3    0.0    0.0       4.920  100.0       0  02:14       0.00
  
  
  ***********************
  Outfall Loading Summary
  ***********************
  
  -----------------------------------------------------------
                         Flow       Avg       Max       Total
                         Freq      Flow      Flow      Volume
  Outfall Node           Pcnt       CFS       CFS    10^6 gal
  -----------------------------------------------------------
  5540                  99.38      1.44     13.46       0.939
  -----------------------------------------------------------
  System                99.38      1.44     13.46       0.939
  
  
  ********************
  Link Flow Summary
  ********************
  
  -----------------------------------------------------------------------------
                                 Maximum  Time of Max   Maximum    Max/    Max/
                                  |Flow|   Occurrence   |Veloc|    Full    Full
  Link                 Type          CFS  days hr:min    ft/sec    Flow   Depth
  -----------------------------------------------------------------------------
  5015                 CONDUIT      1.76     0  04:29      6.45    0.03    0.15
  5025                 CONDUIT      1.79     0  19:43      2.74    0.02    0.11
  5035                 CONDUIT      6.13     0  02:54      5.81    0.01    0.36
  5045                 CONDUIT      4.14     0  05:54      0.98    0.02    0.84
  5055                 CONDUIT      0.00     0  00:00      0.00    0.00    0.50
  5065                 CONDUIT      0.00     0  00:00      0.00    0.00    0.14
  5075                 CONDUIT      2.73     0  04:55      1.75    0.02    0.32
  5085                 CONDUIT      4.71     0  04:57      3.51    0.01    0.69
  5095                 CONDUIT      5.40     0  02:57      0.38    0.02    1.00
  5105                 CONDUIT      7.67     0  02:55      0.75    0.02    0.86
  5115                 CONDUIT      0.00     0  00:00      0.00    0.00    0.00
  5005                 CONDUIT      2.53     0  03:18      7.25    0.03    0.12
  105                  CONDUIT      1.00     0  01:59      4.45    0.13    0.62
  115                  CONDUIT      0.90     0  03:18      0.49    0.06    0.56
  125                  CONDUIT      1.00     0  02:23      8.76    0.05    0.18
  135                  CONDUIT      1.75     0  02:23     38.65    0.22    0.33
  305                  CONDUIT      3.28     0  01:00     11.01    0.18    0.29
  315                  CONDUIT      1.55     0  02:23      8.11    0.05    0.20
  5125                 CONDUIT      0.00     0  00:00      0.00    0.00    0.06
  5135                 CONDUIT      4.56     0  02:58      4.45    0.00    0.04
  5145                 CONDUIT      1.00     0  04:09      4.64    0.01    0.09
  5155                 CONDUIT     16.07     0  04:44     16.10    0.01    0.47
  5165                 CONDUIT      1.00     0  09:34      3.14    0.00    0.01
  5175                 CONDUIT      0.00     0  00:00      0.00    0.00    0.00
  5185                 CONDUIT      0.00     0  00:00      0.00    0.00    0.00
  5195                 CONDUIT      0.00     0  00:00      0.00    0.00    0.00
  5205                 CONDUIT      0.00     0  00:00      0.00    0.00    0.00
  5215                 CONDUIT      0.00     0  00:00      0.00    0.00    0.34
  5225                 CONDUIT    140.11     0  02:18      6.37    0.35    0.78
  5233                 CONDUIT    198.94     0  02:19     11.32    0.46    0.77
  5235                 CONDUIT    366.88     0  02:20      8.68    0.81    0.99
  5245                 CONDUIT    131.98     0  02:21      7.22    0.37    0.85
  5255                 CONDUIT    126.64     0  02:21      6.31    0.49    0.85
  5265                 CONDUIT    104.25     0  02:21     12.35    0.49    0.82
  5275                 CONDUIT     71.07     0  02:21      4.99    1.12    0.77
  5285                 CONDUIT     47.01     0  02:27      5.71    0.06    0.60
  5295                 CONDUIT     94.62     0  02:25      6.43    0.43    0.66
  5305                 CONDUIT     74.95     0  02:25      4.71    0.27    0.72
  5315                 CONDUIT    303.39     0  02:27     11.90    1.28    1.00
  5325                 CONDUIT    303.16     0  02:27     10.60    0.19    0.51
  1237                 CONDUIT    171.05     0  02:25     12.85    0.24    0.50
  5355                 CONDUIT    270.47     0  02:29     19.39    0.23    0.72
  5365                 CONDUIT     11.33     0  02:30      5.03    1.03    1.00
  5375                 CONDUIT     10.79     0  03:26      4.79    1.03    1.00
  5385                 CONDUIT     38.38     0  00:34      5.48    0.31    0.50
  5395                 CONDUIT     29.33     0  00:34      6.40    0.25    0.34
  5405                 CONDUIT     10.78     0  03:28      8.23    0.03    0.12
  5333                 CONDUIT    305.07     0  02:27     24.90    0.41    0.67
  5335                 CONDUIT    535.56     0  02:26     15.87    0.36    0.81
  5345                 CONDUIT    276.88     0  02:29     10.34    0.99    0.99
  5415                 CONDUIT     11.34     0  00:40      3.65    0.06    0.59
  5425                 CONDUIT    200.10     0  00:40      7.45    0.25    0.48
  5435                 CONDUIT    108.93     0  00:41      7.02    0.27    0.72
  5445                 CONDUIT    826.39     0  00:40     10.01    0.65    0.84
  5455                 CONDUIT    150.52     0  00:41     12.21    2.50    0.95
  5465                 CONDUIT    168.36     0  00:40     12.91    0.16    0.37
  5485                 CONDUIT     56.44     0  00:44      4.83    0.39    0.58
  5495                 CONDUIT     51.08     0  00:46      8.45    0.08    0.19
  5505                 CONDUIT     34.85     0  00:47      5.22    0.09    0.21
  5515                 CONDUIT     35.45     0  00:48      6.05    0.14    0.18
  5525                 CONDUIT     13.97     0  00:50      3.48    0.05    0.14
  5535                 CONDUIT     13.46     0  00:51      3.72    0.05    0.13
  5545                 CONDUIT     71.11     0  00:41     11.90    0.70    0.67
  5555                 CONDUIT     66.50     0  00:42      8.99    0.93    0.87
  205                  CONDUIT      1.19     0  00:56      7.87    0.03    0.21
  215                  CONDUIT      3.12     0  01:55      3.65    0.12    0.23
  405                  CONDUIT      1.46     0  00:58     30.37    0.01    0.52
  705                  CONDUIT      3.89     0  00:52     13.89    0.00    0.15
  605                  CONDUIT      3.85     0  00:52      5.92    0.05    0.31
  805                  CONDUIT      2.02     0  01:04     11.42    0.03    0.54
  905                  CONDUIT      3.77     0  01:12    >50.00    0.13    0.25
  915                  CONDUIT      4.31     0  02:12     45.82    0.17    0.28
  1005                 CONDUIT      1.00     0  01:23      6.54    0.00    0.04
  1015                 CONDUIT      1.00     0  02:18      5.30    0.01    0.12
  1025                 CONDUIT     30.09     0  02:12     29.12    0.04    0.43
  1115                 CONDUIT      3.25     0  04:21     10.02    0.03    0.12
  1135                 CONDUIT      4.01     0  01:28     10.17    0.02    0.11
  1145                 CONDUIT      0.00     0  00:00      0.00    0.00    0.00
  1155                 CONDUIT      0.00     0  00:00      0.00    0.00    0.00
  1165                 CONDUIT      0.00     0  00:00      0.00    0.00    0.46
  1125                 CONDUIT      3.42     0  00:47      9.99    0.04    0.14
  1205                 CONDUIT      1.55     0  01:10     15.55    0.10    0.21
  1215                 CONDUIT      0.66     0  02:47      6.46    0.01    0.09
  1235                 CONDUIT      3.70     0  01:58     19.78    0.09    0.55
  1225                 CONDUIT      5.49     0  01:00     24.43    0.19    0.18
  1245                 CONDUIT    115.69     0  02:27      7.20    0.24    0.70
  1255                 CONDUIT    915.81     0  02:26      8.39    0.15    0.80
  1305                 CONDUIT      2.13     0  00:16     16.70    0.06    0.25
  1313                 CONDUIT      7.81     0  00:26     20.86    0.10    0.36
  1315                 CONDUIT      1.57     0  00:26      5.26    0.12    0.22
  1325                 CONDUIT      0.28     0  01:50      1.89    0.02    0.10
  1335                 CONDUIT      0.28     0  01:56      1.97    0.02    0.09
  1345                 CONDUIT      0.28     0  02:42      3.25    0.01    0.06
  1405                 CONDUIT      1.59     0  00:06      7.89    0.03    0.12
  1355                 CONDUIT      0.37     0  02:53      4.46    0.01    0.07
  5473                 CONDUIT     93.51     0  00:41     12.52    0.41    0.51
  5475                 CONDUIT     82.75     0  00:43     11.66    0.68    0.69
  1415                 CONDUIT      2.65     0  00:10     21.78    0.03    0.53
  1505                 CONDUIT      0.46     0  00:02      5.00    0.01    0.54
  1515                 CONDUIT     18.20     0  00:50      3.48    0.32    0.69
  5565                 CONDUIT     52.28     0  00:43      6.77    4.23    0.87
  5575                 CONDUIT     51.11     0  00:44      8.53    1.07    0.57
  5585                 CONDUIT     41.62     0  00:46      6.61    0.39    0.35
  5595                 CONDUIT     19.17     0  00:51      2.98    0.20    0.31
  5605                 CONDUIT      9.14     0  00:57      2.03    0.11    0.19
  5615                 CONDUIT      8.13     0  01:08      2.01    0.06    0.18
  5625                 CONDUIT      6.30     0  01:15      2.08    0.05    0.28
  5635                 CONDUIT      6.61     0  03:54      2.88    0.01    0.67
  1623                 CONDUIT      0.00     0  00:00      0.00    0.00    0.00
  1613                 CONDUIT      0.75     0  00:44      6.46    0.27    0.38
  1645                 CONDUIT      0.34     0  05:07      2.37    0.40    0.72
  1723                 CONDUIT      1.65     0  00:37     25.06    0.00    0.04
  1715                 CONDUIT      0.00     0  00:00      0.00    0.00    0.00
  1725                 CONDUIT      0.96     0  00:37     40.46    0.09    0.20
  1745                 CONDUIT      0.33     0  04:07      2.82    0.06    0.58
  505a                 CONDUIT      1.11     0  02:07      2.74    0.00    1.00
  515                  CONDUIT      0.00     0  00:00      0.00    0.00    0.00
  527                  CONDUIT      9.02     0  02:04     25.50    0.01    0.04
  525                  CONDUIT      7.78     0  02:04    >50.00    0.44    0.24
  545                  CONDUIT      0.54     0  04:34     27.82    0.05    0.56
  1835                 CONDUIT      0.00     0  00:00      0.00    0.00    0.00
  1855                 CONDUIT      2.97     0  00:04      5.64    1.04    1.00
  1815                 CONDUIT      0.00     0  00:00      0.00    0.00    0.07
  1805                 CONDUIT      3.33     0  00:02      9.02    0.00    0.08
  1625                 CONDUIT      0.69     0  04:20      0.84    0.00    1.00
  1705                 CONDUIT      3.83     0  01:29      2.12    0.01    1.00
  523                  CONDUIT      2.24     0  01:04      8.93    0.26    0.36
  1827                 CONDUIT      0.00     0  00:00      0.00    0.00    0.00
  1813                 CONDUIT      4.48     0  00:03      8.30    1.19    0.99
  1615                 CONDUIT      1.48     0  00:44      3.85    0.00    0.06
  1617                 CONDUIT      0.67     0  19:31      1.74    0.00    0.03
  1109                 CONDUIT      1.56     0  03:33     15.28    0.03    0.15
  1107                 CONDUIT      1.00     0  03:33      4.61    0.03    0.13
  1103                 CONDUIT      3.03     0  01:02     19.69    0.10    0.23
  1105                 CONDUIT      6.09     0  01:56     14.46    0.17    0.29
  585                  CONDUIT      0.00     0  00:00      0.00    0.00    0.00
  577                  CONDUIT      0.00     0  00:00      0.00    0.00    0.00
  565                  CONDUIT      1.75     0  00:52      9.70    0.01    0.06
  1403                 CONDUIT      0.65     0  00:06      5.62    0.16    0.59
  1503                 CONDUIT      0.59     0  00:01      6.90    0.10    0.60
  1143                 CONDUIT      0.00     0  00:00      0.00    0.00    0.00
  407                  CONDUIT      0.93     0  00:59      5.08    0.07    0.57
  5103                 CONDUIT      0.00     0  00:00      0.00    0.00    0.00
  303                  CONDUIT      1.67     0  01:00      4.26    0.03    0.53
  1203                 CONDUIT      0.81     0  01:10      4.01    0.06    0.56
  1905                 CONDUIT      1.09     0  00:00      5.08    0.00    0.04
  1915                 CONDUIT      1.02     0  00:11      3.15    0.00    0.16
  815                  CONDUIT     12.48     0  01:02    >50.00    0.33    0.56
  5353                 CONDUIT      6.20     0  02:29      8.75    1.03    0.91
  575                  ORIFICE      0.00     0  00:00                      0.00
  1825                 WEIR         0.52     0  00:01                      0.00
  1635                 PUMP         0.75     0  00:44              0.08
  1735                 PUMP         0.96     0  00:37              0.10
  535                  PUMP         7.78     0  02:04              0.78
  1845                 PUMP         4.58     0  00:03              0.46
  
  
  ***************************
  Flow Classification Summary
  ***************************
  
  -------------------------------------------------------------------------------------
                      Adjusted    ---------- Fraction of Time in Flow Class ---------- 
                       /Actual         Up    Down  Sub   Sup   Up    Down  Norm  Inlet 
  Conduit               Length    Dry  Dry   Dry   Crit  Crit  Crit  Crit  Ltd   Ctrl  
  -------------------------------------------------------------------------------------
  5015                    1.00   0.10  0.09  0.00  0.00  0.81  0.00  0.00  0.81  0.00
  5025                    1.00   0.10  0.00  0.00  0.00  0.00  0.00  0.90  0.00  0.00
  5035                    1.00   0.12  0.00  0.00  0.84  0.02  0.00  0.02  0.86  0.00
  5045                    1.00   0.12  0.02  0.00  0.86  0.00  0.00  0.00  0.02  0.00
  5055                    1.00   0.12  0.88  0.00  0.00  0.00  0.00  0.00  0.00  0.00
  5065                    1.00   0.07  0.93  0.00  0.00  0.00  0.00  0.00  0.00  0.00
  5075                    1.00   0.07  0.00  0.00  0.93  0.00  0.00  0.00  0.01  0.00
  5085                    1.00   0.07  0.00  0.00  0.91  0.00  0.00  0.02  0.06  0.00
  5095                    1.00   0.06  0.02  0.00  0.91  0.00  0.01  0.00  0.00  0.00
  5105                    1.00   0.06  0.05  0.00  0.88  0.00  0.02  0.00  0.00  0.00
  5115                    1.00   1.00  0.00  0.00  0.00  0.00  0.00  0.00  0.00  0.00
  5005                    1.00   0.14  0.00  0.00  0.00  0.00  0.00  0.86  0.00  0.00
  105                     1.00   0.04  0.00  0.00  0.92  0.00  0.00  0.04  0.92  0.00
  115                     1.00   0.08  0.06  0.00  0.86  0.00  0.00  0.00  0.86  0.00
  125                     1.00   0.05  0.00  0.00  0.00  0.90  0.00  0.05  0.90  0.00
  135                     1.00   0.10  0.00  0.00  0.00  0.00  0.00  0.90  0.00  0.00
  305                     1.00   0.04  0.00  0.00  0.00  0.90  0.00  0.06  0.90  0.00
  315                     1.00   0.10  0.00  0.00  0.00  0.88  0.00  0.02  0.88  0.00
  5125                    1.00   0.12  0.88  0.00  0.00  0.00  0.00  0.00  0.00  0.00
  5135                    1.00   0.12  0.00  0.00  0.84  0.00  0.00  0.04  0.84  0.00
  5145                    1.00   0.16  0.00  0.00  0.00  0.00  0.00  0.84  0.00  0.00
  5155                    1.00   0.20  0.00  0.00  0.77  0.00  0.00  0.03  0.77  0.00
  5165                    1.00   0.36  0.00  0.00  0.00  0.00  0.00  0.64  0.00  0.00
  5175                    1.00   1.00  0.00  0.00  0.00  0.00  0.00  0.00  0.00  0.00
  5185                    1.00   1.00  0.00  0.00  0.00  0.00  0.00  0.00  0.00  0.00
  5195                    1.00   1.00  0.00  0.00  0.00  0.00  0.00  0.00  0.00  0.00
  5205                    1.00   1.00  0.00  0.00  0.00  0.00  0.00  0.00  0.00  0.00
  5215                    1.00   0.10  0.90  0.00  0.00  0.00  0.00  0.00  0.00  0.00
  5225                    1.00   0.10  0.00  0.00  0.90  0.00  0.00  0.00  0.00  0.00
  5233                    1.00   0.10  0.00  0.00  0.90  0.00  0.00  0.00  0.01  0.00
  5235                    1.00   0.10  0.00  0.00  0.90  0.00  0.00  0.00  0.90  0.00
  5245                    1.00   0.10  0.00  0.00  0.90  0.00  0.00  0.00  0.90  0.00
  5255                    1.00   0.10  0.00  0.00  0.90  0.00  0.00  0.01  0.00  0.00
  5265                    1.00   0.10  0.00  0.00  0.90  0.00  0.00  0.00  0.90  0.00
  5275                    1.00   0.10  0.00  0.00  0.89  0.00  0.00  0.01  0.00  0.00
  5285                    1.00   0.10  0.00  0.00  0.89  0.00  0.00  0.01  0.89  0.00
  5295                    1.00   0.10  0.00  0.00  0.89  0.00  0.00  0.00  0.00  0.00
  5305                    1.00   0.10  0.00  0.00  0.90  0.00  0.00  0.00  0.90  0.00
  5315                    1.00   0.10  0.00  0.00  0.00  0.00  0.00  0.90  0.00  0.00
  5325                    1.00   0.10  0.00  0.00  0.89  0.00  0.00  0.01  0.89  0.00
  1237                    1.00   0.10  0.00  0.00  0.00  0.00  0.00  0.90  0.00  0.00
  5355                    1.00   0.10  0.00  0.00  0.89  0.00  0.00  0.00  0.90  0.00
  5365                    1.00   0.02  0.08  0.00  0.02  0.88  0.00  0.00  0.86  0.00
  5375                    1.00   0.02  0.00  0.00  0.00  0.00  0.00  0.97  0.01  0.00
  5385                    1.00   0.02  0.00  0.00  0.97  0.00  0.00  0.00  0.97  0.00
  5395                    1.00   0.02  0.00  0.00  0.98  0.00  0.00  0.00  0.97  0.00
  5405                    1.00   0.02  0.00  0.00  0.00  0.00  0.00  0.97  0.00  0.00
  5333                    1.00   0.10  0.00  0.00  0.00  0.00  0.00  0.90  0.00  0.00
  5335                    1.00   0.10  0.00  0.00  0.89  0.00  0.00  0.00  0.90  0.00
  5345                    1.00   0.10  0.00  0.00  0.00  0.00  0.00  0.90  0.00  0.00
  5415                    1.00   0.03  0.00  0.00  0.97  0.00  0.00  0.00  0.97  0.00
  5425                    1.00   0.03  0.00  0.00  0.97  0.00  0.00  0.00  0.97  0.00
  5435                    1.00   0.03  0.00  0.00  0.00  0.00  0.00  0.97  0.00  0.00
  5445                    1.00   0.03  0.00  0.00  0.97  0.00  0.00  0.00  0.97  0.00
  5455                    1.00   0.03  0.00  0.00  0.00  0.00  0.00  0.97  0.00  0.00
  5465                    1.00   0.00  0.03  0.00  0.97  0.01  0.00  0.00  0.97  0.00
  5485                    1.00   0.00  0.03  0.00  0.97  0.00  0.00  0.00  0.00  0.00
  5495                    1.00   0.00  0.03  0.00  0.97  0.00  0.00  0.00  0.97  0.00
  5505                    1.00   0.00  0.00  0.00  1.00  0.00  0.00  0.00  0.90  0.00
  5515                    1.00   0.00  0.00  0.00  1.00  0.00  0.00  0.00  0.00  0.00
  5525                    1.00   0.00  0.00  0.00  1.00  0.00  0.00  0.00  0.92  0.00
  5535                    1.00   0.00  0.00  0.00  1.00  0.00  0.00  0.00  0.00  0.00
  5545                    1.00   0.00  0.00  0.00  0.02  0.98  0.00  0.00  0.99  0.00
  5555                    1.00   0.00  0.00  0.00  1.00  0.00  0.00  0.00  0.99  0.00
  205                     1.00   0.04  0.00  0.00  0.01  0.91  0.00  0.04  0.92  0.00
  215                     1.00   0.08  0.00  0.00  0.89  0.00  0.00  0.03  0.81  0.00
  405                     1.00   0.04  0.00  0.00  0.88  0.01  0.00  0.08  0.88  0.00
  705                     1.00   0.04  0.00  0.00  0.85  0.08  0.00  0.03  0.93  0.00
  605                     1.00   0.04  0.00  0.00  0.93  0.00  0.00  0.03  0.93  0.00
  805                     1.00   0.04  0.00  0.00  0.94  0.00  0.00  0.01  0.94  0.00
  905                     1.00   0.05  0.00  0.00  0.00  0.91  0.00  0.04  0.91  0.00
  915                     1.00   0.09  0.00  0.00  0.00  0.00  0.00  0.91  0.00  0.00
  1005                    1.00   0.03  0.00  0.00  0.00  0.94  0.00  0.03  0.94  0.00
  1015                    1.00   0.06  0.00  0.00  0.00  0.00  0.00  0.94  0.00  0.00
  1025                    1.00   0.09  0.00  0.00  0.90  0.00  0.00  0.00  0.90  0.00
  1115                    1.00   0.06  0.12  0.00  0.00  0.82  0.00  0.00  0.82  0.00
  1135                    1.00   0.06  0.00  0.00  0.00  0.00  0.00  0.94  0.00  0.00
  1145                    1.00   1.00  0.00  0.00  0.00  0.00  0.00  0.00  0.00  0.00
  1155                    1.00   1.00  0.00  0.00  0.00  0.00  0.00  0.00  0.00  0.00
  1165                    1.00   0.10  0.90  0.00  0.00  0.00  0.00  0.00  0.00  0.00
  1125                    1.00   0.03  0.00  0.00  0.00  0.82  0.00  0.15  0.82  0.00
  1205                    1.00   0.05  0.00  0.00  0.00  0.00  0.00  0.95  0.00  0.00
  1215                    1.00   0.08  0.03  0.00  0.00  0.88  0.00  0.00  0.88  0.00
  1235                    1.00   0.08  0.00  0.00  0.01  0.89  0.00  0.01  0.90  0.00
  1225                    1.00   0.04  0.00  0.00  0.00  0.00  0.00  0.96  0.00  0.00
  1245                    1.00   0.10  0.00  0.00  0.00  0.00  0.00  0.90  0.00  0.00
  1255                    1.00   0.10  0.00  0.00  0.90  0.00  0.00  0.00  0.89  0.00
  1305                    1.00   0.01  0.00  0.00  0.00  0.00  0.00  0.99  0.00  0.00
  1313                    1.00   0.02  0.00  0.00  0.05  0.85  0.00  0.08  0.90  0.00
  1315                    1.00   0.02  0.00  0.00  0.00  0.96  0.00  0.02  0.96  0.00
  1325                    1.00   0.04  0.00  0.00  0.93  0.00  0.00  0.03  0.00  0.00
  1335                    1.00   0.07  0.00  0.00  0.00  0.00  0.00  0.93  0.00  0.00
  1345                    1.00   0.10  0.00  0.00  0.00  0.00  0.00  0.90  0.00  0.00
  1405                    1.00   0.00  0.00  0.00  0.00  0.88  0.00  0.12  0.88  0.00
  1355                    1.00   0.01  0.11  0.00  0.00  0.88  0.00  0.00  0.88  0.00
  5473                    1.00   0.00  0.00  0.00  0.99  0.01  0.00  0.00  1.00  0.00
  5475                    1.00   0.00  0.00  0.00  1.00  0.00  0.00  0.00  0.03  0.00
  1415                    1.00   0.00  0.01  0.00  0.91  0.08  0.00  0.00  0.99  0.00
  1505                    1.00   0.00  0.00  0.00  1.00  0.00  0.00  0.00  1.00  0.00
  1515                    1.00   0.00  0.00  0.00  1.00  0.00  0.00  0.00  1.00  0.00
  5565                    1.00   0.00  0.00  0.00  1.00  0.00  0.00  0.00  0.00  0.00
  5575                    1.00   0.00  0.00  0.00  1.00  0.00  0.00  0.00  0.88  0.00
  5585                    1.00   0.00  0.00  0.00  1.00  0.00  0.00  0.00  0.02  0.00
  5595                    1.00   0.00  0.03  0.00  0.97  0.00  0.00  0.00  0.00  0.00
  5605                    1.00   0.03  0.00  0.00  0.97  0.00  0.00  0.00  0.00  0.00
  5615                    1.00   0.03  0.00  0.00  0.97  0.00  0.00  0.00  0.95  0.00
  5625                    1.00   0.03  0.00  0.00  0.97  0.00  0.00  0.00  0.02  0.00
  5635                    1.00   0.03  0.00  0.00  0.96  0.00  0.00  0.00  0.03  0.00
  1623                    1.00   1.00  0.00  0.00  0.00  0.00  0.00  0.00  0.00  0.00
  1613                    1.00   0.03  0.00  0.00  0.00  0.00  0.00  0.97  0.00  0.00
  1645                    1.00   0.12  0.00  0.00  0.79  0.00  0.00  0.09  0.79  0.00
  1723                    1.00   0.02  0.00  0.00  0.00  0.00  0.00  0.98  0.00  0.00
  1715                    1.00   1.00  0.00  0.00  0.00  0.00  0.00  0.00  0.00  0.00
  1725                    1.00   0.02  0.00  0.00  0.00  0.00  0.00  0.98  0.00  0.00
  1745                    1.00   0.10  0.00  0.00  0.83  0.00  0.00  0.07  0.83  0.00
  505a                    1.00   0.09  0.00  0.00  0.91  0.00  0.00  0.00  0.31  0.00
  515                     1.00   1.00  0.00  0.00  0.00  0.00  0.00  0.00  0.00  0.00
  527                     1.00   0.09  0.00  0.00  0.00  0.00  0.00  0.91  0.00  0.00
  525                     1.00   0.09  0.00  0.00  0.00  0.00  0.00  0.91  0.00  0.00
  545                     1.00   0.19  0.00  0.00  0.70  0.00  0.00  0.10  0.71  0.00
  1835                    1.00   1.00  0.00  0.00  0.00  0.00  0.00  0.00  0.00  0.00
  1855                    1.00   0.00  0.00  0.00  1.00  0.00  0.00  0.00  1.00  0.00
  1815                    1.00   0.00  1.00  0.00  0.00  0.00  0.00  0.00  0.00  0.00
  1805                    1.00   0.00  0.00  0.00  0.00  1.00  0.00  0.00  1.00  0.00
  1625                    1.00   0.08  0.00  0.00  0.92  0.00  0.00  0.00  0.10  0.00
  1705                    1.00   0.03  0.04  0.00  0.94  0.00  0.00  0.00  0.74  0.00
  523                     1.00   0.04  0.00  0.00  0.00  0.00  0.00  0.96  0.00  0.00
  1827                    1.00   1.00  0.00  0.00  0.00  0.00  0.00  0.00  0.00  0.00
  1813                    1.00   0.00  0.00  0.00  0.00  0.00  0.00  1.00  0.00  0.00
  1615                    1.00   0.03  0.00  0.00  0.92  0.00  0.00  0.05  0.92  0.00
  1617                    1.00   0.08  0.00  0.00  0.00  0.00  0.00  0.92  0.00  0.00
  1109                    1.00   0.15  0.00  0.00  0.00  0.00  0.00  0.85  0.00  0.00
  1107                    1.00   0.11  0.00  0.00  0.00  0.00  0.00  0.89  0.00  0.00
  1103                    1.00   0.04  0.00  0.00  0.00  0.00  0.00  0.96  0.00  0.00
  1105                    1.00   0.08  0.00  0.00  0.00  0.89  0.00  0.03  0.89  0.00
  585                     1.00   1.00  0.00  0.00  0.00  0.00  0.00  0.00  0.00  0.00
  577                     1.00   1.00  0.00  0.00  0.00  0.00  0.00  0.00  0.00  0.00
  565                     1.00   0.04  0.00  0.00  0.00  0.00  0.00  0.96  0.00  0.00
  1403                    1.00   0.00  0.00  0.00  0.99  0.00  0.00  0.01  0.99  0.00
  1503                    1.00   0.00  0.00  0.00  1.00  0.00  0.00  0.00  1.00  0.00
  1143                    1.00   1.00  0.00  0.00  0.00  0.00  0.00  0.00  0.00  0.00
  407                     1.00   0.04  0.00  0.00  0.89  0.00  0.00  0.07  0.89  0.00
  5103                    1.00   1.00  0.00  0.00  0.00  0.00  0.00  0.00  0.00  0.00
  303                     1.00   0.04  0.00  0.00  0.85  0.00  0.00  0.11  0.85  0.00
  1203                    1.00   0.05  0.00  0.00  0.82  0.00  0.00  0.13  0.82  0.00
  1905                    1.00   0.00  0.00  0.00  0.00  1.00  0.00  0.00  1.00  0.00
  1915                    1.00   0.00  0.00  0.00  0.99  0.01  0.00  0.00  0.99  0.00
  815                     1.00   0.04  0.00  0.00  0.94  0.00  0.00  0.01  0.94  0.00
  5353                    1.00   0.10  0.00  0.00  0.89  0.00  0.00  0.00  0.90  0.00
  
  
  *************************
  Conduit Surcharge Summary
  *************************
  
  ----------------------------------------------------------------------------
                                                           Hours        Hours 
                         --------- Hours Full --------   Above Full   Capacity
  Conduit                Both Ends  Upstream  Dnstream   Normal Flow   Limited
  ----------------------------------------------------------------------------
  5045                        0.01      0.01     18.12      0.01         0.01
  5085                        0.01      0.01     19.15      0.01         0.01
  5095                       19.15     19.15     20.33      0.01         0.01
  5105                        0.01      0.01     20.33      0.01         0.01
  105                         0.01      0.01     21.75      0.01         0.01
  115                         0.01      0.01     20.69      0.01         0.01
  5225                        0.01      0.01      0.01      0.01         0.01
  5233                        0.01      0.04      0.01      0.01         0.01
  5235                        0.01      0.02      0.01      0.01         0.01
  5245                        0.01      0.02      0.01      0.01         0.01
  5255                        0.01      0.01      0.01      0.01         0.01
  5265                        0.01      0.01      0.07      0.01         0.01
  5275                        0.01      0.07      0.01      0.01         0.01
  5285                        0.01      0.01      0.01      0.01         0.01
  5295                        0.01      0.04      0.01      0.01         0.01
  5305                        0.01      0.01      0.08      0.01         0.01
  5315                        0.01      0.08      0.01      0.08         0.01
  5325                        0.01      0.01      0.01      0.01         0.01
  1237                        0.01      0.02      0.01      0.01         0.01
  5355                        0.01      0.01      0.40      0.01         0.01
  5365                        0.93      0.97      1.16      0.73         0.69
  5375                        0.01      1.16      0.01      1.15         0.01
  5385                        0.01      0.01      0.01      0.01         0.01
  5333                        0.01      0.01      0.01      0.01         0.01
  5335                        0.01      0.01      0.01      0.01         0.01
  5345                        0.01      0.01      0.01      0.01         0.01
  5415                        0.01      0.01      0.01      0.01         0.01
  5425                        0.01      0.01      0.01      0.01         0.01
  5435                        0.01      0.01      0.01      0.01         0.01
  5445                        0.01      0.01      0.02      0.01         0.01
  5455                        0.01      0.04      0.01      0.07         0.01
  5555                        0.01      0.01      0.03      0.01         0.01
  405                         0.01      0.01     19.99      0.01         0.01
  805                         0.01      0.01     22.19      0.01         0.01
  1235                        0.01      0.01      0.07      0.01         0.01
  1245                        0.01      0.01      0.01      0.01         0.01
  1415                        0.01      0.01      0.10      0.01         0.01
  1505                        0.01      0.01     23.42      0.01         0.01
  1515                        0.01      0.01     23.24      0.01         0.01
  5565                        0.01      0.03      0.01      0.13         0.01
  5575                        0.01      0.01      0.01      0.02         0.01
  5635                        0.01      0.01     20.20      0.01         0.01
  1645                        0.01      0.01     18.86      0.01         0.01
  505a                       10.54     10.54     21.67      0.01         0.01
  1835                        0.01      0.01      0.01      0.01         0.01
  1855                        0.03      0.04     23.95      0.01         0.01
  1625                       19.39     19.39     21.85      0.01         0.01
  1705                        3.95      3.95     21.50      0.01         0.01
  1827                        0.01      0.01      0.01      0.01         0.01
  1813                        0.01      0.01      0.02      0.02         0.01
  1403                        0.01      0.01     23.62      0.01         0.01
  407                         0.01      0.01     21.15      0.01         0.01
  303                         0.01      0.01     19.63      0.01         0.01
  1203                        0.01      0.01     19.40      0.01         0.01
  815                         0.01      0.01     22.36      0.01         0.01
  5353                        0.01      0.01     21.50      0.01         0.01
  
  
  ***************
  Pumping Summary
  ***************
  
  ---------------------------------------------------------------------------------------------------------
                                                  Min       Avg       Max     Total     Power    % Time Off
                        Percent   Number of      Flow      Flow      Flow    Volume     Usage    Pump Curve
  Pump                 Utilized   Start-Ups       CFS       CFS       CFS  10^6 gal     Kw-hr    Low   High
  ---------------------------------------------------------------------------------------------------------
  1635                    96.92           1      0.00      0.33      0.75     0.208    130.36    0.0    0.0
  1735                    97.51           1      0.00      0.33      0.96     0.211    107.16    0.0    0.0
  535                     91.01           4      0.00      0.37      7.78     0.218    176.20    0.0    0.0
  1845                    99.86           1      0.00      1.01      4.58     0.648      3.53    0.0    0.0
  

  Analysis begun on:  Wed Jul 22 14:05:04 2026
  Analysis ended on:  Wed Jul 22 14:05:05 2026
  Total elapsed time: 00:00:01