
  EPA STORM WATER MANAGEMENT MODEL - VERSION 5.2 (Build 5.2.4)
  ------------------------------------------------------------

  Marwayne - Calibration for snowmelt parameters 
  
  ****************
  Analysis Options
  ****************
  Flow Units ............... CMS
  Process Models:
    Rainfall/Runoff ........ NO
    RDII ................... NO
    Snowmelt ............... NO
    Groundwater ............ NO
    Flow Routing ........... YES
    Ponding Allowed ........ NO
    Water Quality .......... NO
  Flow Routing Method ...... DYNWAVE
  Surcharge Method ......... EXTRAN
  Starting Date ............ 01/01/2001 00:00:00
  Ending Date .............. 01/02/2001 00:00:00
  Antecedent Dry Days ...... 0.0
  Report Time Step ......... 00:15:00
  Routing Time Step ........ 60.00 sec
  Variable Time Step ....... YES
  Maximum Trials ........... 50
  Number of Threads ........ 1
  Head Tolerance ........... 0.001524 m
  
  
  **************************        Volume        Volume
  Flow Routing Continuity        hectare-m      10^6 ltr
  **************************     ---------     ---------
  Dry Weather Inflow .......         0.000         0.000
  Wet Weather Inflow .......         0.000         0.000
  Groundwater Inflow .......         0.000         0.000
  RDII Inflow ..............         0.000         0.000
  External Inflow ..........         0.778         7.775
  External Outflow .........        73.911       739.118
  Flooding Loss ............         0.069         0.694
  Evaporation Loss .........         0.000         0.000
  Exfiltration Loss ........         0.000         0.000
  Initial Stored Volume ....         0.002         0.018
  Final Stored Volume ......        27.054       270.547
  Continuity Error (%) .....    -12864.057
  
  
  *************************
  Highest Continuity Errors
  *************************
  Node 30 (-2533.13%)
  Node 29 (-404.27%)
  
  
  ***************************
  Time-Step Critical Elements
  ***************************
  Link 35 (86.00%)
  
  
  ********************************
  Highest Flow Instability Indexes
  ********************************
  All links are stable.
  
  
  *********************************
  Most Frequent Nonconverging Nodes
  *********************************
  Node out (0.22%)
  Node 29 (0.09%)
  Node 30 (0.06%)
  Node 31 (0.06%)
  Node 37 (0.06%)
  
  
  *************************
  Routing Time Step Summary
  *************************
  Minimum Time Step           :    13.34 sec
  Average Time Step           :    27.01 sec
  Maximum Time Step           :    60.00 sec
  % of Time in Steady State   :     0.00
  Average Iterations per Step :     2.11
  % of Steps Not Converging   :     0.22
  Time Step Frequencies       :
     60.000 - 23.031 sec      :    50.25 %
     23.031 -  8.841 sec      :    49.75 %
      8.841 -  3.393 sec      :     0.00 %
      3.393 -  1.303 sec      :     0.00 %
      1.303 -  0.500 sec      :     0.00 %
  
  
  ******************
  Node Depth Summary
  ******************
  
  ---------------------------------------------------------------------------------
                                 Average  Maximum  Maximum  Time of Max    Reported
                                   Depth    Depth      HGL   Occurrence   Max Depth
  Node                 Type       Meters   Meters   Meters  days hr:min      Meters
  ---------------------------------------------------------------------------------
  28                   JUNCTION   628.71   675.08  1355.08     0  14:43      675.08
  29                   JUNCTION   402.52   645.26  1300.26     0  14:44      645.26
  30                   JUNCTION   536.46   621.00  1246.00     0  07:25      620.95
  31                   JUNCTION   588.78   648.12  1303.12     0  09:29      648.12
  37                   JUNCTION   507.38   685.17  1375.17     0  13:50      685.17
  out                  OUTFALL      0.00     0.00   625.00     0  00:00        0.00
  
  
  *******************
  Node Inflow Summary
  *******************
  
  -------------------------------------------------------------------------------------------------
                                  Maximum  Maximum                  Lateral       Total        Flow
                                  Lateral    Total  Time of Max      Inflow      Inflow     Balance
                                   Inflow   Inflow   Occurrence      Volume      Volume       Error
  Node                 Type           CMS      CMS  days hr:min    10^6 ltr    10^6 ltr     Percent
  -------------------------------------------------------------------------------------------------
  28                   JUNCTION     0.030    0.030     0  00:00        2.59        2.59     -14.751
  29                   JUNCTION     0.000    0.727     0  07:18           0        3.04     -80.169
  30                   JUNCTION     0.000   23.132     0  07:25           0        28.1     -96.202
  31                   JUNCTION     0.030    0.030     0  00:00        2.59        2.59     -47.747
  37                   JUNCTION     0.030    0.030     0  00:00        2.59        2.59     -66.797
  out                  OUTFALL      0.000   55.367     0  07:26           0         739       0.000
  
  
  **********************
  Node Surcharge Summary
  **********************
  
  Surcharging occurs when water rises above the top of the highest conduit.
  ---------------------------------------------------------------------
                                               Max. Height   Min. Depth
                                   Hours       Above Crown    Below Rim
  Node                 Type      Surcharged         Meters       Meters
  ---------------------------------------------------------------------
  30                   JUNCTION        0.02          0.000        0.000
  
  
  *********************
  Node Flooding Summary
  *********************
  
  Flooding refers to all water that overflows a node, whether it ponds or not.
  --------------------------------------------------------------------------
                                                             Total   Maximum
                                 Maximum   Time of Max       Flood    Ponded
                        Hours       Rate    Occurrence      Volume     Depth
  Node                 Flooded       CMS   days hr:min    10^6 ltr    Meters
  --------------------------------------------------------------------------
  30                      0.02    11.566      0  07:25       0.694     0.000
  
  
  ***********************
  Outfall Loading Summary
  ***********************
  
  -----------------------------------------------------------
                         Flow       Avg       Max       Total
                         Freq      Flow      Flow      Volume
  Outfall Node           Pcnt       CMS       CMS    10^6 ltr
  -----------------------------------------------------------
  out                   86.03    14.726    55.367     739.115
  -----------------------------------------------------------
  System                86.03    14.726    55.367     739.115
  
  
  ********************
  Link Flow Summary
  ********************
  
  -----------------------------------------------------------------------------
                                 Maximum  Time of Max   Maximum    Max/    Max/
                                  |Flow|   Occurrence   |Veloc|    Full    Full
  Link                 Type          CMS  days hr:min     m/sec    Flow   Depth
  -----------------------------------------------------------------------------
  33                   CONDUIT     0.727     0  07:18      1.62    0.01    0.04
  34                   CONDUIT     0.597     0  14:44      0.03    0.01    0.50
  35                   CONDUIT    55.367     0  07:26      1.01    1.30    0.61
  36                   CONDUIT    14.982     0  07:01      3.62    0.33    0.50
  38                   CONDUIT    23.132     0  07:25      5.61    0.41    0.50
  
  
  ***************************
  Flow Classification Summary
  ***************************
  
  -------------------------------------------------------------------------------------
                      Adjusted    ---------- Fraction of Time in Flow Class ---------- 
                       /Actual         Up    Down  Sub   Sup   Up    Down  Norm  Inlet 
  Conduit               Length    Dry  Dry   Dry   Crit  Crit  Crit  Crit  Ltd   Ctrl  
  -------------------------------------------------------------------------------------
  33                      1.00   0.31  0.00  0.00  0.39  0.00  0.00  0.30  0.39  0.00
  34                      1.00   0.31  0.30  0.00  0.39  0.00  0.00  0.00  0.39  0.00
  35                      1.00   0.31  0.00  0.00  0.00  0.00  0.00  0.69  0.00  0.00
  36                      1.00   0.31  0.09  0.00  0.60  0.00  0.00  0.00  0.60  0.00
  38                      1.00   0.31  0.27  0.00  0.42  0.00  0.00  0.00  0.42  0.00
  
  
  *************************
  Conduit Surcharge Summary
  *************************
  
  ----------------------------------------------------------------------------
                                                           Hours        Hours 
                         --------- Hours Full --------   Above Full   Capacity
  Conduit                Both Ends  Upstream  Dnstream   Normal Flow   Limited
  ----------------------------------------------------------------------------
  35                          0.01      0.02      0.01      0.63         0.01
  

  Analysis begun on:  Wed Jul 22 14:10:01 2026
  Analysis ended on:  Wed Jul 22 14:10:01 2026
  Total elapsed time: < 1 sec