
  EPA STORM WATER MANAGEMENT MODEL - VERSION 5.2 (Build 5.2.4)
  ------------------------------------------------------------

  Converted from XPSWMM .xp file 
  
  ****************
  Analysis Options
  ****************
  Flow Units ............... CMS
  Process Models:
    Rainfall/Runoff ........ NO
    RDII ................... NO
    Snowmelt ............... NO
    Groundwater ............ NO
    Flow Routing ........... YES
    Ponding Allowed ........ NO
    Water Quality .......... NO
  Flow Routing Method ...... DYNWAVE
  Surcharge Method ......... EXTRAN
  Starting Date ............ 01/01/2001 00:00:00
  Ending Date .............. 01/02/2001 00:00:00
  Antecedent Dry Days ...... 0.0
  Report Time Step ......... 00:15:00
  Routing Time Step ........ 30.00 sec
  Variable Time Step ....... YES
  Maximum Trials ........... 50
  Number of Threads ........ 1
  Head Tolerance ........... 0.001524 m
  
  
  **************************        Volume        Volume
  Flow Routing Continuity        hectare-m      10^6 ltr
  **************************     ---------     ---------
  Dry Weather Inflow .......         0.000         0.000
  Wet Weather Inflow .......         0.000         0.000
  Groundwater Inflow .......         0.000         0.000
  RDII Inflow ..............         0.000         0.000
  External Inflow ..........        19.006       190.060
  External Outflow .........         3.558        35.581
  Flooding Loss ............        14.944       149.442
  Evaporation Loss .........         0.000         0.000
  Exfiltration Loss ........         0.000         0.000
  Initial Stored Volume ....         0.000         0.000
  Final Stored Volume ......         0.016         0.158
  Continuity Error (%) .....         2.567
  
  
  *************************
  Highest Continuity Errors
  *************************
  Node 4 (13.07%)
  Node 85 (11.28%)
  Node 64 (9.69%)
  Node 22 (5.36%)
  Node 40 (3.78%)
  
  
  ***************************
  Time-Step Critical Elements
  ***************************
  Link 100 (96.01%)
  Link 24 (3.70%)
  
  
  ********************************
  Highest Flow Instability Indexes
  ********************************
  All links are stable.
  
  
  *********************************
  Most Frequent Nonconverging Nodes
  *********************************
  Node exutoire (0.13%)
  Node 40 (0.03%)
  Node 73 (0.02%)
  Node 49 (0.02%)
  Node 66 (0.02%)
  
  
  *************************
  Routing Time Step Summary
  *************************
  Minimum Time Step           :     1.34 sec
  Average Time Step           :     4.65 sec
  Maximum Time Step           :    30.00 sec
  % of Time in Steady State   :     0.00
  Average Iterations per Step :     2.08
  % of Steps Not Converging   :     0.13
  Time Step Frequencies       :
     30.000 - 13.228 sec      :     0.16 %
     13.228 -  5.833 sec      :     3.72 %
      5.833 -  2.572 sec      :    96.09 %
      2.572 -  1.134 sec      :     0.03 %
      1.134 -  0.500 sec      :     0.00 %
  
  
  ******************
  Node Depth Summary
  ******************
  
  ---------------------------------------------------------------------------------
                                 Average  Maximum  Maximum  Time of Max    Reported
                                   Depth    Depth      HGL   Occurrence   Max Depth
  Node                 Type       Meters   Meters   Meters  days hr:min      Meters
  ---------------------------------------------------------------------------------
  constant             JUNCTION     0.00     0.00   151.00     0  00:00        0.00
  4                    JUNCTION   140.34   148.53   299.53     0  03:48      148.53
  6                    JUNCTION   145.73   148.53   299.53     0  00:56      148.43
  8                    JUNCTION   147.74   148.83   300.83     0  04:04      148.83
  10                   JUNCTION   140.92   149.79   301.79     0  03:11      149.79
  hydro                JUNCTION   148.63   148.75   300.25     0  00:14      148.75
  16                   JUNCTION   144.86   149.65   302.65     0  01:35      149.65
  19                   JUNCTION   149.86   151.42   304.42     0  00:49      151.42
  22                   JUNCTION   148.62   151.80   305.40     0  01:27      151.80
  23                   JUNCTION   151.68   151.80   305.80     0  00:14      151.80
  28                   JUNCTION   150.22   150.34   306.44     0  00:15      150.34
  29                   JUNCTION   148.63   150.25   306.25     0  00:51      150.25
  33                   JUNCTION   145.65   149.93   305.83     0  03:08      149.93
  35                   JUNCTION   150.13   150.25   306.25     0  00:14      150.25
  37                   JUNCTION   151.09   151.21   306.81     0  00:15      151.21
  38                   JUNCTION     0.00     0.00   156.00     0  00:00        0.00
  40                   JUNCTION   148.89   150.94   306.74     0  01:01      150.94
  42                   JUNCTION   142.76   150.67   306.67     0  03:08      150.67
  45                   JUNCTION   155.14   155.27   311.17     0  00:15      155.27
  49                   JUNCTION   141.17   149.93   301.93     0  03:09      149.93
  53                   JUNCTION   149.60   149.72   301.72     0  00:17      149.72
  59                   JUNCTION   150.76   150.88   303.88     0  00:14      150.88
  64                   JUNCTION   145.29   150.72   303.42     0  03:39      150.72
  66                   JUNCTION   145.16   150.00   303.00     0  04:04      150.00
  72                   JUNCTION   152.06   152.19   306.19     0  00:19      152.19
  73                   JUNCTION   150.51   151.47   305.17     0  00:32      151.47
  79                   JUNCTION   148.35   150.96   304.26     0  04:04      150.96
  82                   JUNCTION   151.85   151.97   305.37     0  00:14      151.97
  85                   JUNCTION   144.43   151.25   304.25     0  02:43      151.25
  90                   JUNCTION   150.93   151.05   307.05     0  00:15      151.05
  exutoire             OUTFALL      0.00     0.00   150.00     0  00:00        0.00
  
  
  *******************
  Node Inflow Summary
  *******************
  
  -------------------------------------------------------------------------------------------------
                                  Maximum  Maximum                  Lateral       Total        Flow
                                  Lateral    Total  Time of Max      Inflow      Inflow     Balance
                                   Inflow   Inflow   Occurrence      Volume      Volume       Error
  Node                 Type           CMS      CMS  days hr:min    10^6 ltr    10^6 ltr     Percent
  -------------------------------------------------------------------------------------------------
  constant             JUNCTION     0.000    0.000     0  00:00           0           0       0.000 ltr
  4                    JUNCTION     0.000    0.039     0  00:56           0        1.33      15.040
  6                    JUNCTION     0.000    0.444     0  04:05           0        35.8       0.481
  8                    JUNCTION     0.000    0.428     0  04:05           0        34.8       0.534
  10                   JUNCTION     0.000    0.153     0  03:09           0        12.1       1.522
  hydro                JUNCTION     0.200    0.200     0  00:00        17.3        17.3       0.999
  16                   JUNCTION     0.000    0.063     0  03:21           0        5.23       3.474
  19                   JUNCTION     0.000    0.093     0  00:48           0        7.04       2.642
  22                   JUNCTION     0.000    0.041     0  00:17           0         3.3       5.666
  23                   JUNCTION     0.200    0.200     0  00:00        17.3        17.3       1.025
  28                   JUNCTION     0.200    0.200     0  00:00        17.3        17.3       1.062
  29                   JUNCTION     0.000    0.087     0  00:15           0        5.05       3.768
  33                   JUNCTION     0.000    0.091     0  03:22           0        7.38       2.451
  35                   JUNCTION     0.200    0.200     0  00:00        17.3        17.3       1.030
  37                   JUNCTION     0.200    0.200     0  00:00        17.3        17.3       1.054
  38                   JUNCTION     0.000    0.000     0  00:00           0           0       0.000 ltr
  40                   JUNCTION     0.000    0.070     0  01:00           0        4.81       3.929
  42                   JUNCTION     0.000    0.032     0  02:36           0        2.59       7.431
  45                   JUNCTION     0.200    0.200     0  00:00        17.3        17.3       1.061
  49                   JUNCTION     0.000    0.091     0  03:09           0        7.21       2.543
  53                   JUNCTION     0.200    0.200     0  00:00        17.3        17.3       1.124
  59                   JUNCTION     0.200    0.200     0  00:00        17.3        17.3       1.029
  64                   JUNCTION     0.000    0.026     0  00:14           0        1.88      10.730
  66                   JUNCTION     0.000    0.130     1  00:00           0        10.6       1.694
  72                   JUNCTION     0.200    0.200     0  00:00        17.3        17.3       1.132
  73                   JUNCTION     0.000    0.196     0  00:31           0        15.2       1.204
  79                   JUNCTION     0.000    0.117     0  01:01           0        9.33       2.051
  82                   JUNCTION     0.200    0.200     0  00:00        17.3        17.3       1.029
  85                   JUNCTION     0.000    0.022     0  02:43           0        1.57      12.710
  90                   JUNCTION     0.200    0.200     0  00:00        17.3        17.3       1.081
  exutoire             OUTFALL      0.000    0.459     0  00:56           0        35.6       0.000
  
  
  **********************
  Node Surcharge Summary
  **********************
  
  Surcharging occurs when water rises above the top of the highest conduit.
  ---------------------------------------------------------------------
                                               Max. Height   Min. Depth
                                   Hours       Above Crown    Below Rim
  Node                 Type      Surcharged         Meters       Meters
  ---------------------------------------------------------------------
  hydro                JUNCTION       23.77          0.000        0.000
  19                   JUNCTION       23.18          0.000        0.000
  22                   JUNCTION       22.54          0.000        0.000
  23                   JUNCTION       23.76          0.000        0.000
  28                   JUNCTION       23.75          0.000        0.000
  29                   JUNCTION       23.14          0.000        0.000
  35                   JUNCTION       23.76          0.000        0.000
  37                   JUNCTION       23.75          0.000        0.000
  40                   JUNCTION       22.98          0.000        0.000
  45                   JUNCTION       23.75          0.000        0.000
  53                   JUNCTION       23.71          0.000        0.000
  59                   JUNCTION       23.76          0.000        0.000
  72                   JUNCTION       23.67          0.000        0.000
  73                   JUNCTION       23.46          0.000        0.000
  82                   JUNCTION       23.76          0.000        0.000
  85                   JUNCTION       21.27          0.000        0.000
  90                   JUNCTION       23.74          0.000        0.000
  
  
  *********************
  Node Flooding Summary
  *********************
  
  Flooding refers to all water that overflows a node, whether it ponds or not.
  --------------------------------------------------------------------------
                                                             Total   Maximum
                                 Maximum   Time of Max       Flood    Ponded
                        Hours       Rate    Occurrence      Volume     Depth
  Node                 Flooded       CMS   days hr:min    10^6 ltr    Meters
  --------------------------------------------------------------------------
  hydro                  23.77     0.192      0  00:14      15.781     0.000
  19                     23.18     0.021      0  00:49       1.622     0.000
  22                     22.54     0.040      0  01:27       3.126     0.000
  23                     23.76     0.135      0  00:14       6.764     0.000
  28                     23.75     0.148      0  00:15      12.086     0.000
  29                     23.14     0.026      0  00:51       0.959     0.000
  35                     23.76     0.200      1  00:00      17.065     0.000
  37                     23.75     0.200      0  00:56      17.099     0.000
  40                     22.98     0.030      0  01:01       2.037     0.000
  45                     23.75     0.188      0  01:27      16.031     0.000
  53                     23.71     0.055      0  02:23       4.664     0.000
  59                     23.76     0.187      0  00:14      15.224     0.000
  72                     23.67     0.022      0  02:24       1.840     0.000
  73                     23.46     0.083      0  00:32       5.729     0.000
  82                     23.76     0.192      0  00:14      15.750     0.000
  85                     21.27     0.022      0  02:43       1.391     0.000
  90                     23.74     0.144      0  01:26      12.287     0.000
  
  
  ***********************
  Outfall Loading Summary
  ***********************
  
  -----------------------------------------------------------
                         Flow       Avg       Max       Total
                         Freq      Flow      Flow      Volume
  Outfall Node           Pcnt       CMS       CMS    10^6 ltr
  -----------------------------------------------------------
  exutoire              97.65     0.431     0.459      35.580
  -----------------------------------------------------------
  System                97.65     0.431     0.459      35.580
  
  
  ********************
  Link Flow Summary
  ********************
  
  -----------------------------------------------------------------------------
                                 Maximum  Time of Max   Maximum    Max/    Max/
                                  |Flow|   Occurrence   |Veloc|    Full    Full
  Link                 Type          CMS  days hr:min     m/sec    Flow   Depth
  -----------------------------------------------------------------------------
  5                    CONDUIT     0.000     0  00:00      0.00    0.00    0.32
  7                    CONDUIT     0.024     0  00:56      0.86    1.11    0.83
  14                   CONDUIT     0.016     0  03:48      0.94    1.06    0.92
  17                   CONDUIT     0.064     0  01:35      2.14    0.40    0.61
  21                   CONDUIT     0.063     0  03:21      1.01    1.27    0.82
  24                   CONDUIT     0.041     0  00:17      1.33    1.21    1.00
  27                   CONDUIT     0.093     0  00:48      1.37    1.08    1.00
  30                   CONDUIT     0.070     0  00:50      1.19    1.20    1.00
  32                   CONDUIT     0.047     0  01:32      0.79    1.17    0.78
  36                   CONDUIT     0.022     0  00:14      0.80    1.61    1.00
  39                   CONDUIT     0.000     0  00:00      0.00    0.00    0.50
  41                   CONDUIT     0.000     0  00:00      0.00    0.00    0.50
  43                   CONDUIT     0.032     0  02:36      0.58    0.52    0.74
  44                   CONDUIT     0.031     0  03:22      0.97    0.46    0.47
  47                   CONDUIT     0.026     0  00:15      0.91    2.77    0.85
  50                   CONDUIT     0.091     0  03:09      3.59    0.04    0.26
  51                   CONDUIT     0.091     0  03:09      0.92    0.29    0.38
  52                   CONDUIT     0.153     0  03:13      1.50    0.32    0.39
  55                   CONDUIT     0.147     0  00:17      1.31    1.08    0.85
  63                   CONDUIT     0.026     0  00:14      0.92    1.18    1.00
  67                   CONDUIT     0.022     0  03:42      0.62    0.26    0.32
  68                   CONDUIT     0.130     0  04:05      1.86    0.57    0.54
  74                   CONDUIT     0.196     0  00:31      1.65    1.10    1.00
  78                   CONDUIT     0.117     0  01:01      1.69    1.12    1.00
  81                   CONDUIT     0.108     1  00:00      1.17    0.88    0.69
  84                   CONDUIT     0.016     0  00:14      0.98    1.04    1.00
  88                   CONDUIT     0.006     0  02:43      0.38    0.75    1.00
  92                   CONDUIT     0.070     0  01:00      2.12    1.16    1.00
  98                   CONDUIT     0.428     0  04:05      3.56    0.18    0.29
  100                  CONDUIT     0.459     0  00:56      3.81    0.19    0.33
  
  
  ***************************
  Flow Classification Summary
  ***************************
  
  -------------------------------------------------------------------------------------
                      Adjusted    ---------- Fraction of Time in Flow Class ---------- 
                       /Actual         Up    Down  Sub   Sup   Up    Down  Norm  Inlet 
  Conduit               Length    Dry  Dry   Dry   Crit  Crit  Crit  Crit  Ltd   Ctrl  
  -------------------------------------------------------------------------------------
  5                       1.00   0.14  0.86  0.00  0.00  0.00  0.00  0.00  0.00  0.00
  7                       1.00   0.04  0.06  0.00  0.86  0.00  0.04  0.00  0.86  0.00
  14                      1.00   0.01  0.00  0.00  0.86  0.00  0.00  0.13  0.00  0.00
  17                      1.00   0.07  0.00  0.00  0.00  0.90  0.00  0.03  0.90  0.00
  21                      1.00   0.03  0.00  0.00  0.00  0.00  0.00  0.97  0.00  0.00
  24                      1.00   0.01  0.00  0.00  0.94  0.00  0.00  0.05  0.00  0.00
  27                      1.00   0.01  0.00  0.00  0.97  0.00  0.00  0.02  0.00  0.00
  30                      1.00   0.01  0.00  0.00  0.97  0.00  0.00  0.02  0.00  0.00
  32                      1.00   0.03  0.00  0.00  0.00  0.00  0.00  0.97  0.00  0.00
  36                      1.00   0.01  0.00  0.00  0.97  0.00  0.00  0.02  0.00  0.00
  39                      1.00   0.01  0.99  0.00  0.00  0.00  0.00  0.00  0.00  0.00
  41                      1.00   0.04  0.96  0.00  0.00  0.00  0.00  0.00  0.00  0.00
  43                      1.00   0.04  0.00  0.00  0.89  0.00  0.07  0.00  0.00  0.00
  44                      1.00   0.06  0.04  0.00  0.00  0.00  0.00  0.89  0.00  0.00
  47                      1.00   0.01  0.00  0.00  0.00  0.00  0.00  0.99  0.00  0.00
  50                      1.00   0.06  0.00  0.00  0.00  0.90  0.00  0.03  0.90  0.00
  51                      1.00   0.10  0.00  0.00  0.90  0.00  0.00  0.00  0.90  0.00
  52                      1.00   0.02  0.07  0.00  0.00  0.01  0.00  0.89  0.01  0.00
  55                      1.00   0.01  0.00  0.00  0.00  0.00  0.00  0.99  0.00  0.00
  63                      1.00   0.01  0.00  0.00  0.90  0.00  0.00  0.09  0.00  0.00
  67                      1.00   0.10  0.00  0.00  0.00  0.00  0.00  0.90  0.00  0.00
  68                      1.00   0.06  0.00  0.00  0.00  0.00  0.00  0.94  0.00  0.00
  74                      1.00   0.01  0.00  0.00  0.98  0.00  0.00  0.01  0.00  0.00
  78                      1.00   0.02  0.00  0.00  0.96  0.00  0.00  0.02  0.00  0.00
  81                      1.00   0.04  0.00  0.00  0.00  0.00  0.00  0.96  0.00  0.00
  84                      1.00   0.01  0.00  0.00  0.89  0.00  0.00  0.10  0.00  0.00
  88                      1.00   0.04  0.00  0.00  0.89  0.00  0.07  0.00  0.00  0.00
  92                      1.00   0.01  0.00  0.00  0.96  0.00  0.00  0.03  0.00  0.00
  98                      1.00   0.02  0.00  0.00  0.00  0.00  0.00  0.98  0.00  0.00
  100                     1.00   0.04  0.00  0.00  0.00  0.00  0.00  0.96  0.00  0.00
  
  
  *************************
  Conduit Surcharge Summary
  *************************
  
  ----------------------------------------------------------------------------
                                                           Hours        Hours 
                         --------- Hours Full --------   Above Full   Capacity
  Conduit                Both Ends  Upstream  Dnstream   Normal Flow   Limited
  ----------------------------------------------------------------------------
  7                           0.01      0.01     23.07      0.01         0.01
  14                          0.01     23.77      0.01     23.77         0.01
  21                          0.01     23.18      0.01     23.19         0.01
  24                         22.54     23.76     22.54     23.76        22.54
  27                         23.19     23.76     23.19      0.57         0.01
  30                         23.14     23.75     23.14      0.64         0.01
  32                          0.01     23.14      0.01     23.15         0.01
  36                          0.01      0.01     23.16      0.60         0.01
  43                          0.01      0.01     22.99      0.01         0.01
  47                          0.01      0.01      0.01     23.75         0.01
  55                          0.01     23.72      0.01     23.72         0.01
  63                         21.56     23.76     21.56      2.20         0.01
  74                          0.01     23.68      0.01      0.27         0.01
  78                         22.93     23.47     22.93     23.47        22.93
  84                         21.27     23.76     21.27      2.50         0.01
  88                         21.27     21.27     23.05      0.01         0.01
  92                         22.99     23.75     22.99      0.76         0.01
  

  Analysis begun on:  Sun Jul 19 15:20:31 2026
  Analysis ended on:  Sun Jul 19 15:20:31 2026
  Total elapsed time: < 1 sec