
  EPA STORM WATER MANAGEMENT MODEL - VERSION 5.2 (Build 5.2.4)
  ------------------------------------------------------------

  Analysis of Mission Road (north of I10) 
  WARNING 04: minimum elevation drop used for Conduit BOX-8X5
  WARNING 04: minimum elevation drop used for Conduit 202
  WARNING 04: minimum elevation drop used for Conduit 207
  
  ****************
  Analysis Options
  ****************
  Flow Units ............... CFS
  Process Models:
    Rainfall/Runoff ........ NO
    RDII ................... NO
    Snowmelt ............... NO
    Groundwater ............ NO
    Flow Routing ........... YES
    Ponding Allowed ........ NO
    Water Quality .......... NO
  Flow Routing Method ...... DYNWAVE
  Surcharge Method ......... EXTRAN
  Starting Date ............ 01/01/2001 00:00:00
  Ending Date .............. 01/02/2001 00:00:00
  Antecedent Dry Days ...... 0.0
  Report Time Step ......... 00:15:00
  Routing Time Step ........ 5.00 sec
  Variable Time Step ....... YES
  Maximum Trials ........... 30
  Number of Threads ........ 1
  Head Tolerance ........... 0.003300 ft
  
  
  **************************        Volume        Volume
  Flow Routing Continuity        acre-feet      10^6 gal
  **************************     ---------     ---------
  Dry Weather Inflow .......         0.000         0.000
  Wet Weather Inflow .......         0.000         0.000
  Groundwater Inflow .......         0.000         0.000
  RDII Inflow ..............         0.000         0.000
  External Inflow ..........         0.000         0.000
  External Outflow .........         0.000         0.000
  Flooding Loss ............         0.000         0.000
  Evaporation Loss .........         0.000         0.000
  Exfiltration Loss ........         0.000         0.000
  Initial Stored Volume ....         0.000         0.000
  Final Stored Volume ......         0.000         0.000
  Continuity Error (%) .....         0.000
  
  
  ***************************
  Time-Step Critical Elements
  ***************************
  None
  
  
  ********************************
  Highest Flow Instability Indexes
  ********************************
  All links are stable.
  
  
  *********************************
  Most Frequent Nonconverging Nodes
  *********************************
  Convergence obtained at all time steps.
  
  
  *************************
  Routing Time Step Summary
  *************************
  Minimum Time Step           :     4.50 sec
  Average Time Step           :     5.00 sec
  Maximum Time Step           :     5.00 sec
  % of Time in Steady State   :     0.00
  Average Iterations per Step :     2.00
  % of Steps Not Converging   :     0.00
  Time Step Frequencies       :
      5.000 -  3.155 sec      :   100.00 %
      3.155 -  1.991 sec      :     0.00 %
      1.991 -  1.256 sec      :     0.00 %
      1.256 -  0.792 sec      :     0.00 %
      0.792 -  0.500 sec      :     0.00 %
  
  
  ******************
  Node Depth Summary
  ******************
  
  ---------------------------------------------------------------------------------
                                 Average  Maximum  Maximum  Time of Max    Reported
                                   Depth    Depth      HGL   Occurrence   Max Depth
  Node                 Type         Feet     Feet     Feet  days hr:min        Feet
  ---------------------------------------------------------------------------------
  S-1                  JUNCTION     0.00     0.00    98.50     0  00:00        0.00
  S-2                  JUNCTION     0.00     0.00    98.50     0  00:00        0.00
  S-3                  JUNCTION     0.00     0.00    96.35     0  00:00        0.00
  S-4                  JUNCTION     0.00     0.00    96.35     0  00:00        0.00
  PondA                JUNCTION     0.00     0.00    94.60     0  00:00        0.00
  S-6                  JUNCTION     0.00     0.00    94.60     0  00:00        0.00
  S-7                  JUNCTION     0.00     0.00    93.00     0  00:00        0.00
  S-8                  JUNCTION     0.00     0.00    93.00     0  00:00        0.00
  S-10                 JUNCTION     0.00     0.00    94.30     0  00:00        0.00
  S-11                 JUNCTION     0.00     0.00    94.25     0  00:00        0.00
  S-12                 JUNCTION     0.00     0.00    99.20     0  00:00        0.00
  S-13                 JUNCTION     0.00     0.00    97.20     0  00:00        0.00
  S-14                 JUNCTION     0.00     0.00    98.75     0  00:00        0.00
  S-15                 JUNCTION     0.00     0.00    99.00     0  00:00        0.00
  S-16                 JUNCTION     0.00     0.00    99.00     0  00:00        0.00
  S-17                 JUNCTION     0.00     0.00   101.70     0  00:00        0.00
  S-18                 JUNCTION     0.00     0.00   101.50     0  00:00        0.00
  S-19                 JUNCTION     0.00     0.00   104.60     0  00:00        0.00
  S-20                 JUNCTION     0.00     0.00   104.60     0  00:00        0.00
  S-21                 JUNCTION     0.00     0.00   110.50     0  00:00        0.00
  S-22                 JUNCTION     0.00     0.00   110.50     0  00:00        0.00
  S-23                 JUNCTION     0.00     0.00   114.70     0  00:00        0.00
  S-24                 JUNCTION     0.00     0.00   114.70     0  00:00        0.00
  S-20A                JUNCTION     0.00     0.00   102.50     0  00:00        0.00
  S-26                 JUNCTION     0.00     0.00   117.40     0  00:00        0.00
  S-27                 JUNCTION     0.00     0.00   117.20     0  00:00        0.00
  S-28                 JUNCTION     0.00     0.00   117.20     0  00:00        0.00
  S-29                 JUNCTION     0.00     0.00   116.00     0  00:00        0.00
  S-30                 JUNCTION     0.00     0.00   116.00     0  00:00        0.00
  S-31                 JUNCTION     0.00     0.00   112.70     0  00:00        0.00
  S-32                 JUNCTION     0.00     0.00   112.70     0  00:00        0.00
  S-33                 JUNCTION     0.00     0.00   110.70     0  00:00        0.00
  S-34                 JUNCTION     0.00     0.00   110.70     0  00:00        0.00
  S-32A                JUNCTION     0.00     0.00   111.20     0  00:00        0.00
  S-34A                JUNCTION     0.00     0.00   109.50     0  00:00        0.00
  S-35                 JUNCTION     0.00     0.00   110.20     0  00:00        0.00
  S-36                 JUNCTION     0.00     0.00   110.20     0  00:00        0.00
  S-34B                JUNCTION     0.00     0.00   109.55     0  00:00        0.00
  S-36A                JUNCTION     0.00     0.00   109.30     0  00:00        0.00
  S-36B                JUNCTION     0.00     0.00   108.90     0  00:00        0.00
  S-37                 JUNCTION     0.00     0.00   109.50     0  00:00        0.00
  S-38                 JUNCTION     0.00     0.00   109.55     0  00:00        0.00
  S--39                JUNCTION     0.00     0.00   108.90     0  00:00        0.00
  S-40                 JUNCTION     0.00     0.00   108.90     0  00:00        0.00
  S-38A                JUNCTION     0.00     0.00   107.00     0  00:00        0.00
  S-41                 JUNCTION     0.00     0.00   108.15     0  00:00        0.00
  S-42                 JUNCTION     0.00     0.00   108.00     0  00:00        0.00
  BOX-C                JUNCTION     0.00     0.00   108.20     0  00:00        0.00
  JNT-1                JUNCTION     0.00     0.00   108.00     0  00:00        0.00
  OTFL-2               JUNCTION     0.00     0.00   108.00     0  00:00        0.00
  S-45                 JUNCTION     0.00     0.00   109.85     0  00:00        0.00
  S-46                 JUNCTION     0.00     0.00   109.90     0  00:00        0.00
  S-47                 JUNCTION     0.00     0.00   112.30     0  00:00        0.00
  S-48                 JUNCTION     0.00     0.00   112.25     0  00:00        0.00
  S-49                 JUNCTION     0.00     0.00   114.30     0  00:00        0.00
  S-50                 JUNCTION     0.00     0.00   114.25     0  00:00        0.00
  S-51                 JUNCTION     0.00     0.00   116.00     0  00:00        0.00
  S-52                 JUNCTION     0.00     0.00   116.05     0  00:00        0.00
  S-53                 JUNCTION     0.00     0.00   118.50     0  00:00        0.00
  S-54                 JUNCTION     0.00     0.00   118.50     0  00:00        0.00
  S-57                 JUNCTION     0.00     0.00   122.90     0  00:00        0.00
  S-58                 JUNCTION     0.00     0.00   133.60     0  00:00        0.00
  S-59                 JUNCTION     0.00     0.00   141.05     0  00:00        0.00
  S-60                 JUNCTION     0.00     0.00   141.00     0  00:00        0.00
  S-61                 JUNCTION     0.00     0.00   146.00     0  00:00        0.00
  S-62                 JUNCTION     0.00     0.00   145.95     0  00:00        0.00
  S-63                 JUNCTION     0.00     0.00   150.10     0  00:00        0.00
  S-64                 JUNCTION     0.00     0.00   150.10     0  00:00        0.00
  S-65                 JUNCTION     0.00     0.00   156.85     0  00:00        0.00
  S-66                 JUNCTION     0.00     0.00   156.90     0  00:00        0.00
  S-67                 JUNCTION     0.00     0.00   164.10     0  00:00        0.00
  S-68                 JUNCTION     0.00     0.00   164.05     0  00:00        0.00
  S-69                 JUNCTION     0.00     0.00   170.55     0  00:00        0.00
  S-70                 JUNCTION     0.00     0.00   170.50     0  00:00        0.00
  S-71                 JUNCTION     0.00     0.00   175.10     0  00:00        0.00
  S-72                 JUNCTION     0.00     0.00   175.10     0  00:00        0.00
  S-73                 JUNCTION     0.00     0.00   172.30     0  00:00        0.00
  S-74                 JUNCTION     0.00     0.00   172.20     0  00:00        0.00
  S-16A                JUNCTION     0.00     0.00    99.50     0  00:00        0.00
  S-16B                JUNCTION     0.00     0.00    99.50     0  00:00        0.00
  S-16C                JUNCTION     0.00     0.00    98.60     0  00:00        0.00
  S-16D                JUNCTION     0.00     0.00    98.55     0  00:00        0.00
  S-16F                JUNCTION     0.00     0.00   103.50     0  00:00        0.00
  S-16G                JUNCTION     0.00     0.00   103.70     0  00:00        0.00
  S-16E                JUNCTION     0.00     0.00   101.10     0  00:00        0.00
  S-1A                 JUNCTION     0.00     0.00    98.03     0  00:00        0.00
  S-38B                JUNCTION     0.00     0.00   105.00     0  00:00        0.00
  DITCH                JUNCTION     0.00     0.00   108.00     0  00:00        0.00
  S-55                 JUNCTION     0.00     0.00   125.70     0  00:00        0.00
  S-56                 JUNCTION     0.00     0.00   125.70     0  00:00        0.00
  Railroad             JUNCTION     0.00     0.00   108.00     0  00:00        0.00
  North                JUNCTION     0.00     0.00   108.00     0  00:00        0.00
  South                JUNCTION     0.00     0.00   105.00     0  00:00        0.00
  POND                 OUTFALL      0.00     0.00   108.00     0  00:00        0.00
  
  
  *******************
  Node Inflow Summary
  *******************
  
  -------------------------------------------------------------------------------------------------
                                  Maximum  Maximum                  Lateral       Total        Flow
                                  Lateral    Total  Time of Max      Inflow      Inflow     Balance
                                   Inflow   Inflow   Occurrence      Volume      Volume       Error
  Node                 Type           CFS      CFS  days hr:min    10^6 gal    10^6 gal     Percent
  -------------------------------------------------------------------------------------------------
  S-1                  JUNCTION      0.00     0.00     0  00:00           0           0       0.000 gal
  S-2                  JUNCTION      0.00     0.00     0  00:00           0           0       0.000 gal
  S-3                  JUNCTION      0.00     0.00     0  00:00           0           0       0.000 gal
  S-4                  JUNCTION      0.00     0.00     0  00:00           0           0       0.000 gal
  PondA                JUNCTION      0.00     0.00     0  00:00           0           0       0.000 gal
  S-6                  JUNCTION      0.00     0.00     0  00:00           0           0       0.000 gal
  S-7                  JUNCTION      0.00     0.00     0  00:00           0           0       0.000 gal
  S-8                  JUNCTION      0.00     0.00     0  00:00           0           0       0.000 gal
  S-10                 JUNCTION      0.00     0.00     0  00:00           0           0       0.000 gal
  S-11                 JUNCTION      0.00     0.00     0  00:00           0           0       0.000 gal
  S-12                 JUNCTION      0.00     0.00     0  00:00           0           0       0.000 gal
  S-13                 JUNCTION      0.00     0.00     0  00:00           0           0       0.000 gal
  S-14                 JUNCTION      0.00     0.00     0  00:00           0           0       0.000 gal
  S-15                 JUNCTION      0.00     0.00     0  00:00           0           0       0.000 gal
  S-16                 JUNCTION      0.00     0.00     0  00:00           0           0       0.000 gal
  S-17                 JUNCTION      0.00     0.00     0  00:00           0           0       0.000 gal
  S-18                 JUNCTION      0.00     0.00     0  00:00           0           0       0.000 gal
  S-19                 JUNCTION      0.00     0.00     0  00:00           0           0       0.000 gal
  S-20                 JUNCTION      0.00     0.00     0  00:00           0           0       0.000 gal
  S-21                 JUNCTION      0.00     0.00     0  00:00           0           0       0.000 gal
  S-22                 JUNCTION      0.00     0.00     0  00:00           0           0       0.000 gal
  S-23                 JUNCTION      0.00     0.00     0  00:00           0           0       0.000 gal
  S-24                 JUNCTION      0.00     0.00     0  00:00           0           0       0.000 gal
  S-20A                JUNCTION      0.00     0.00     0  00:00           0           0       0.000 gal
  S-26                 JUNCTION      0.00     0.00     0  00:00           0           0       0.000 gal
  S-27                 JUNCTION      0.00     0.00     0  00:00           0           0       0.000 gal
  S-28                 JUNCTION      0.00     0.00     0  00:00           0           0       0.000 gal
  S-29                 JUNCTION      0.00     0.00     0  00:00           0           0       0.000 gal
  S-30                 JUNCTION      0.00     0.00     0  00:00           0           0       0.000 gal
  S-31                 JUNCTION      0.00     0.00     0  00:00           0           0       0.000 gal
  S-32                 JUNCTION      0.00     0.00     0  00:00           0           0       0.000 gal
  S-33                 JUNCTION      0.00     0.00     0  00:00           0           0       0.000 gal
  S-34                 JUNCTION      0.00     0.00     0  00:00           0           0       0.000 gal
  S-32A                JUNCTION      0.00     0.00     0  00:00           0           0       0.000 gal
  S-34A                JUNCTION      0.00     0.00     0  00:00           0           0       0.000 gal
  S-35                 JUNCTION      0.00     0.00     0  00:00           0           0       0.000 gal
  S-36                 JUNCTION      0.00     0.00     0  00:00           0           0       0.000 gal
  S-34B                JUNCTION      0.00     0.00     0  00:00           0           0       0.000 gal
  S-36A                JUNCTION      0.00     0.00     0  00:00           0           0       0.000 gal
  S-36B                JUNCTION      0.00     0.00     0  00:00           0           0       0.000 gal
  S-37                 JUNCTION      0.00     0.00     0  00:00           0           0       0.000 gal
  S-38                 JUNCTION      0.00     0.00     0  00:00           0           0       0.000 gal
  S--39                JUNCTION      0.00     0.00     0  00:00           0           0       0.000 gal
  S-40                 JUNCTION      0.00     0.00     0  00:00           0           0       0.000 gal
  S-38A                JUNCTION      0.00     0.00     0  00:00           0           0       0.000 gal
  S-41                 JUNCTION      0.00     0.00     0  00:00           0           0       0.000 gal
  S-42                 JUNCTION      0.00     0.00     0  00:00           0           0       0.000 gal
  BOX-C                JUNCTION      0.00     0.00     0  00:00           0           0       0.000 gal
  JNT-1                JUNCTION      0.00     0.00     0  00:00           0           0       0.000 gal
  OTFL-2               JUNCTION      0.00     0.00     0  00:00           0           0       0.000 gal
  S-45                 JUNCTION      0.00     0.00     0  00:00           0           0       0.000 gal
  S-46                 JUNCTION      0.00     0.00     0  00:00           0           0       0.000 gal
  S-47                 JUNCTION      0.00     0.00     0  00:00           0           0       0.000 gal
  S-48                 JUNCTION      0.00     0.00     0  00:00           0           0       0.000 gal
  S-49                 JUNCTION      0.00     0.00     0  00:00           0           0       0.000 gal
  S-50                 JUNCTION      0.00     0.00     0  00:00           0           0       0.000 gal
  S-51                 JUNCTION      0.00     0.00     0  00:00           0           0       0.000 gal
  S-52                 JUNCTION      0.00     0.00     0  00:00           0           0       0.000 gal
  S-53                 JUNCTION      0.00     0.00     0  00:00           0           0       0.000 gal
  S-54                 JUNCTION      0.00     0.00     0  00:00           0           0       0.000 gal
  S-57                 JUNCTION      0.00     0.00     0  00:00           0           0       0.000 gal
  S-58                 JUNCTION      0.00     0.00     0  00:00           0           0       0.000 gal
  S-59                 JUNCTION      0.00     0.00     0  00:00           0           0       0.000 gal
  S-60                 JUNCTION      0.00     0.00     0  00:00           0           0       0.000 gal
  S-61                 JUNCTION      0.00     0.00     0  00:00           0           0       0.000 gal
  S-62                 JUNCTION      0.00     0.00     0  00:00           0           0       0.000 gal
  S-63                 JUNCTION      0.00     0.00     0  00:00           0           0       0.000 gal
  S-64                 JUNCTION      0.00     0.00     0  00:00           0           0       0.000 gal
  S-65                 JUNCTION      0.00     0.00     0  00:00           0           0       0.000 gal
  S-66                 JUNCTION      0.00     0.00     0  00:00           0           0       0.000 gal
  S-67                 JUNCTION      0.00     0.00     0  00:00           0           0       0.000 gal
  S-68                 JUNCTION      0.00     0.00     0  00:00           0           0       0.000 gal
  S-69                 JUNCTION      0.00     0.00     0  00:00           0           0       0.000 gal
  S-70                 JUNCTION      0.00     0.00     0  00:00           0           0       0.000 gal
  S-71                 JUNCTION      0.00     0.00     0  00:00           0           0       0.000 gal
  S-72                 JUNCTION      0.00     0.00     0  00:00           0           0       0.000 gal
  S-73                 JUNCTION      0.00     0.00     0  00:00           0           0       0.000 gal
  S-74                 JUNCTION      0.00     0.00     0  00:00           0           0       0.000 gal
  S-16A                JUNCTION      0.00     0.00     0  00:00           0           0       0.000 gal
  S-16B                JUNCTION      0.00     0.00     0  00:00           0           0       0.000 gal
  S-16C                JUNCTION      0.00     0.00     0  00:00           0           0       0.000 gal
  S-16D                JUNCTION      0.00     0.00     0  00:00           0           0       0.000 gal
  S-16F                JUNCTION      0.00     0.00     0  00:00           0           0       0.000 gal
  S-16G                JUNCTION      0.00     0.00     0  00:00           0           0       0.000 gal
  S-16E                JUNCTION      0.00     0.00     0  00:00           0           0       0.000 gal
  S-1A                 JUNCTION      0.00     0.00     0  00:00           0           0       0.000 gal
  S-38B                JUNCTION      0.00     0.00     0  00:00           0           0       0.000 gal
  DITCH                JUNCTION      0.00     0.00     0  00:00           0           0       0.000 gal
  S-55                 JUNCTION      0.00     0.00     0  00:00           0           0       0.000 gal
  S-56                 JUNCTION      0.00     0.00     0  00:00           0           0       0.000 gal
  Railroad             JUNCTION      0.00     0.00     0  00:00           0           0       0.000 gal
  North                JUNCTION      0.00     0.00     0  00:00           0           0       0.000 gal
  South                JUNCTION      0.00     0.00     0  00:00           0           0       0.000 gal
  POND                 OUTFALL       0.00     0.00     0  00:00           0           0       0.000 gal
  
  
  **********************
  Node Surcharge Summary
  **********************
  
  No nodes were surcharged.
  
  
  *********************
  Node Flooding Summary
  *********************
  
  No nodes were flooded.
  
  
  ***********************
  Outfall Loading Summary
  ***********************
  
  -----------------------------------------------------------
                         Flow       Avg       Max       Total
                         Freq      Flow      Flow      Volume
  Outfall Node           Pcnt       CFS       CFS    10^6 gal
  -----------------------------------------------------------
  POND                   0.00      0.00      0.00       0.000
  -----------------------------------------------------------
  System                 0.00      0.00      0.00       0.000
  
  
  ********************
  Link Flow Summary
  ********************
  
  -----------------------------------------------------------------------------
                                 Maximum  Time of Max   Maximum    Max/    Max/
                                  |Flow|   Occurrence   |Veloc|    Full    Full
  Link                 Type          CFS  days hr:min    ft/sec    Flow   Depth
  -----------------------------------------------------------------------------
  18"RCP               CONDUIT      0.00     0  00:00      0.00    0.00    0.00
  24"RCP               CONDUIT      0.00     0  00:00      0.00    0.00    0.00
  30"RCP               CONDUIT      0.00     0  00:00      0.00    0.00    0.00
  29"45"RCP            CONDUIT      0.00     0  00:00      0.00    0.00    0.00
  36"RCP               CONDUIT      0.00     0  00:00      0.00    0.00    0.00
  43-68A               CONDUIT      0.00     0  00:00      0.00    0.00    0.00
  29-45B               CONDUIT      0.00     0  00:00      0.00    0.00    0.00
  29-45A               CONDUIT      0.00     0  00:00      0.00    0.00    0.00
  29-45C               CONDUIT      0.00     0  00:00      0.00    0.00    0.00
  43-68B               CONDUIT      0.00     0  00:00      0.00    0.00    0.00
  43-68C               CONDUIT      0.00     0  00:00      0.00    0.00    0.00
  43-68D               CONDUIT      0.00     0  00:00      0.00    0.00    0.00
  18                   CONDUIT      0.00     0  00:00      0.00    0.00    0.00
  18_2                 CONDUIT      0.00     0  00:00      0.00    0.00    0.00
  38-60                CONDUIT      0.00     0  00:00      0.00    0.00    0.00
  30                   CONDUIT      0.00     0  00:00      0.00    0.00    0.00
  34-53                CONDUIT      0.00     0  00:00      0.00    0.00    0.00
  18_3                 CONDUIT      0.00     0  00:00      0.00    0.00    0.00
  255-18RCP            CONDUIT      0.00     0  00:00      0.00    0.00    0.00
  18_4                 CONDUIT      0.00     0  00:00      0.00    0.00    0.00
  225-18RCP            CONDUIT      0.00     0  00:00      0.00    0.00    0.00
  258-18RCP            CONDUIT      0.00     0  00:00      0.00    0.00    0.00
  18-RCP               CONDUIT      0.00     0  00:00      0.00    0.00    0.00
  18-RCP-2             CONDUIT      0.00     0  00:00      0.00    0.00    0.00
  18-RCP-4             CONDUIT      0.00     0  00:00      0.00    0.00    0.00
  18-RCP-6             CONDUIT      0.00     0  00:00      0.00    0.00    0.00
  18-RCP-1             CONDUIT      0.00     0  00:00      0.00    0.00    0.00
  18-RCP-3             CONDUIT      0.00     0  00:00      0.00    0.00    0.00
  18-RCP-5             CONDUIT      0.00     0  00:00      0.00    0.00    0.00
  18-A                 CONDUIT      0.00     0  00:00      0.00    0.00    0.00
  18-RCP-8             CONDUIT      0.00     0  00:00      0.00    0.00    0.00
  24                   CONDUIT      0.00     0  00:00      0.00    0.00    0.00
  24_2                 CONDUIT      0.00     0  00:00      0.00    0.00    0.00
  18-B                 CONDUIT      0.00     0  00:00      0.00    0.00    0.00
  24_3                 CONDUIT      0.00     0  00:00      0.00    0.00    0.00
  24-38-B              CONDUIT      0.00     0  00:00      0.00    0.00    0.00
  24X38-A              CONDUIT      0.00     0  00:00      0.00    0.00    0.00
  18-C                 CONDUIT      0.00     0  00:00      0.00    0.00    0.00
  24X38-C              CONDUIT      0.00     0  00:00      0.00    0.00    0.00
  24-A                 CONDUIT      0.00     0  00:00      0.00    0.00    0.00
  BOX-8X5              CONDUIT      0.00     0  00:00      0.00    0.00    0.00
  18-F                 CONDUIT      0.00     0  00:00      0.00    0.00    0.00
  30-B                 CONDUIT      0.00     0  00:00      0.00    0.00    0.00
  30-A                 CONDUIT      0.00     0  00:00      0.00    0.00    0.00
  18-E                 CONDUIT      0.00     0  00:00      0.00    0.00    0.00
  18-G                 CONDUIT      0.00     0  00:00      0.00    0.00    0.00
  30-C                 CONDUIT      0.00     0  00:00      0.00    0.00    0.00
  18-H                 CONDUIT      0.00     0  00:00      0.00    0.00    0.00
  30-D                 CONDUIT      0.00     0  00:00      0.00    0.00    0.00
  18-I                 CONDUIT      0.00     0  00:00      0.00    0.00    0.00
  30-E                 CONDUIT      0.00     0  00:00      0.00    0.00    0.00
  133                  CONDUIT      0.00     0  00:00      0.00    0.00    0.00
  134                  CONDUIT      0.00     0  00:00      0.00    0.00    0.00
  140                  CONDUIT      0.00     0  00:00      0.00    0.00    0.00
  141                  CONDUIT      0.00     0  00:00      0.00    0.00    0.00
  142                  CONDUIT      0.00     0  00:00      0.00    0.00    0.00
  143                  CONDUIT      0.00     0  00:00      0.00    0.00    0.00
  150                  CONDUIT      0.00     0  00:00      0.00    0.00    0.00
  151                  CONDUIT      0.00     0  00:00      0.00    0.00    0.00
  152                  CONDUIT      0.00     0  00:00      0.00    0.00    0.00
  153                  CONDUIT      0.00     0  00:00      0.00    0.00    0.00
  154                  CONDUIT      0.00     0  00:00      0.00    0.00    0.00
  155                  CONDUIT      0.00     0  00:00      0.00    0.00    0.00
  162                  CONDUIT      0.00     0  00:00      0.00    0.00    0.00
  163                  CONDUIT      0.00     0  00:00      0.00    0.00    0.00
  164                  CONDUIT      0.00     0  00:00      0.00    0.00    0.00
  165                  CONDUIT      0.00     0  00:00      0.00    0.00    0.00
  166                  CONDUIT      0.00     0  00:00      0.00    0.00    0.00
  167                  CONDUIT      0.00     0  00:00      0.00    0.00    0.00
  18-RCP1              CONDUIT      0.00     0  00:00      0.00    0.00    0.00
  18-RCP2              CONDUIT      0.00     0  00:00      0.00    0.00    0.00
  18-RCP3              CONDUIT      0.00     0  00:00      0.00    0.00    0.00
  18-RCP4              CONDUIT      0.00     0  00:00      0.00    0.00    0.00
  18-RCP5              CONDUIT      0.00     0  00:00      0.00    0.00    0.00
  18-RCP6              CONDUIT      0.00     0  00:00      0.00    0.00    0.00
  18-RCP7              CONDUIT      0.00     0  00:00      0.00    0.00    0.00
  24-RCP1              CONDUIT      0.00     0  00:00      0.00    0.00    0.00
  18-RCPA              CONDUIT      0.00     0  00:00      0.00    0.00    0.00
  185                  CONDUIT      0.00     0  00:00      0.00    0.00    0.00
  NE-18                CONDUIT      0.00     0  00:00      0.00    0.00    0.00
  NE-24                CONDUIT      0.00     0  00:00      0.00    0.00    0.00
  P24                  CONDUIT      0.00     0  00:00      0.00    0.00    0.00
  BOC-2X3              CONDUIT      0.00     0  00:00      0.00    0.00    0.00
  s41/ditch            CONDUIT      0.00     0  00:00      0.00    0.00    0.00
  196                  CONDUIT      0.00     0  00:00      0.00    0.00    0.00
  199                  CONDUIT      0.00     0  00:00      0.00    0.00    0.00
  200                  CONDUIT      0.00     0  00:00      0.00    0.00    0.00
  202                  CONDUIT      0.00     0  00:00      0.00    0.00    0.00
  203                  CONDUIT      0.00     0  00:00      0.00    0.00    0.00
  205                  CONDUIT      0.00     0  00:00      0.00    0.00    0.00
  207                  CONDUIT      0.00     0  00:00      0.00    0.00    0.00
  209                  CONDUIT      0.00     0  00:00      0.00    0.00    0.00
  210                  CONDUIT      0.00     0  00:00      0.00    0.00    0.00
  
  
  ***************************
  Flow Classification Summary
  ***************************
  
  -------------------------------------------------------------------------------------
                      Adjusted    ---------- Fraction of Time in Flow Class ---------- 
                       /Actual         Up    Down  Sub   Sup   Up    Down  Norm  Inlet 
  Conduit               Length    Dry  Dry   Dry   Crit  Crit  Crit  Crit  Ltd   Ctrl  
  -------------------------------------------------------------------------------------
  18"RCP                  1.00   1.00  0.00  0.00  0.00  0.00  0.00  0.00  0.00  0.00
  24"RCP                  1.00   1.00  0.00  0.00  0.00  0.00  0.00  0.00  0.00  0.00
  30"RCP                  1.00   1.00  0.00  0.00  0.00  0.00  0.00  0.00  0.00  0.00
  29"45"RCP               1.00   1.00  0.00  0.00  0.00  0.00  0.00  0.00  0.00  0.00
  36"RCP                  1.00   1.00  0.00  0.00  0.00  0.00  0.00  0.00  0.00  0.00
  43-68A                  1.00   1.00  0.00  0.00  0.00  0.00  0.00  0.00  0.00  0.00
  29-45B                  1.00   1.00  0.00  0.00  0.00  0.00  0.00  0.00  0.00  0.00
  29-45A                  1.00   1.00  0.00  0.00  0.00  0.00  0.00  0.00  0.00  0.00
  29-45C                  1.00   1.00  0.00  0.00  0.00  0.00  0.00  0.00  0.00  0.00
  43-68B                  1.00   1.00  0.00  0.00  0.00  0.00  0.00  0.00  0.00  0.00
  43-68C                  1.00   1.00  0.00  0.00  0.00  0.00  0.00  0.00  0.00  0.00
  43-68D                  1.00   1.00  0.00  0.00  0.00  0.00  0.00  0.00  0.00  0.00
  18                      1.00   1.00  0.00  0.00  0.00  0.00  0.00  0.00  0.00  0.00
  18_2                    1.00   1.00  0.00  0.00  0.00  0.00  0.00  0.00  0.00  0.00
  38-60                   1.00   1.00  0.00  0.00  0.00  0.00  0.00  0.00  0.00  0.00
  30                      1.00   1.00  0.00  0.00  0.00  0.00  0.00  0.00  0.00  0.00
  34-53                   1.00   1.00  0.00  0.00  0.00  0.00  0.00  0.00  0.00  0.00
  18_3                    1.00   1.00  0.00  0.00  0.00  0.00  0.00  0.00  0.00  0.00
  255-18RCP               1.00   1.00  0.00  0.00  0.00  0.00  0.00  0.00  0.00  0.00
  18_4                    1.00   1.00  0.00  0.00  0.00  0.00  0.00  0.00  0.00  0.00
  225-18RCP               1.00   1.00  0.00  0.00  0.00  0.00  0.00  0.00  0.00  0.00
  258-18RCP               1.00   1.00  0.00  0.00  0.00  0.00  0.00  0.00  0.00  0.00
  18-RCP                  1.00   1.00  0.00  0.00  0.00  0.00  0.00  0.00  0.00  0.00
  18-RCP-2                1.00   1.00  0.00  0.00  0.00  0.00  0.00  0.00  0.00  0.00
  18-RCP-4                1.00   1.00  0.00  0.00  0.00  0.00  0.00  0.00  0.00  0.00
  18-RCP-6                1.00   1.00  0.00  0.00  0.00  0.00  0.00  0.00  0.00  0.00
  18-RCP-1                1.00   1.00  0.00  0.00  0.00  0.00  0.00  0.00  0.00  0.00
  18-RCP-3                1.00   1.00  0.00  0.00  0.00  0.00  0.00  0.00  0.00  0.00
  18-RCP-5                1.00   1.00  0.00  0.00  0.00  0.00  0.00  0.00  0.00  0.00
  18-A                    1.00   1.00  0.00  0.00  0.00  0.00  0.00  0.00  0.00  0.00
  18-RCP-8                1.00   1.00  0.00  0.00  0.00  0.00  0.00  0.00  0.00  0.00
  24                      1.00   1.00  0.00  0.00  0.00  0.00  0.00  0.00  0.00  0.00
  24_2                    1.00   1.00  0.00  0.00  0.00  0.00  0.00  0.00  0.00  0.00
  18-B                    1.00   1.00  0.00  0.00  0.00  0.00  0.00  0.00  0.00  0.00
  24_3                    1.00   1.00  0.00  0.00  0.00  0.00  0.00  0.00  0.00  0.00
  24-38-B                 1.00   1.00  0.00  0.00  0.00  0.00  0.00  0.00  0.00  0.00
  24X38-A                 1.00   1.00  0.00  0.00  0.00  0.00  0.00  0.00  0.00  0.00
  18-C                    1.00   1.00  0.00  0.00  0.00  0.00  0.00  0.00  0.00  0.00
  24X38-C                 1.00   1.00  0.00  0.00  0.00  0.00  0.00  0.00  0.00  0.00
  24-A                    1.00   1.00  0.00  0.00  0.00  0.00  0.00  0.00  0.00  0.00
  BOX-8X5                 1.00   1.00  0.00  0.00  0.00  0.00  0.00  0.00  0.00  0.00
  18-F                    1.00   1.00  0.00  0.00  0.00  0.00  0.00  0.00  0.00  0.00
  30-B                    1.00   1.00  0.00  0.00  0.00  0.00  0.00  0.00  0.00  0.00
  30-A                    1.00   1.00  0.00  0.00  0.00  0.00  0.00  0.00  0.00  0.00
  18-E                    1.00   1.00  0.00  0.00  0.00  0.00  0.00  0.00  0.00  0.00
  18-G                    1.00   1.00  0.00  0.00  0.00  0.00  0.00  0.00  0.00  0.00
  30-C                    1.00   1.00  0.00  0.00  0.00  0.00  0.00  0.00  0.00  0.00
  18-H                    1.00   1.00  0.00  0.00  0.00  0.00  0.00  0.00  0.00  0.00
  30-D                    1.00   1.00  0.00  0.00  0.00  0.00  0.00  0.00  0.00  0.00
  18-I                    1.00   1.00  0.00  0.00  0.00  0.00  0.00  0.00  0.00  0.00
  30-E                    1.00   1.00  0.00  0.00  0.00  0.00  0.00  0.00  0.00  0.00
  133                     1.00   1.00  0.00  0.00  0.00  0.00  0.00  0.00  0.00  0.00
  134                     1.00   1.00  0.00  0.00  0.00  0.00  0.00  0.00  0.00  0.00
  140                     1.00   1.00  0.00  0.00  0.00  0.00  0.00  0.00  0.00  0.00
  141                     1.00   1.00  0.00  0.00  0.00  0.00  0.00  0.00  0.00  0.00
  142                     1.00   1.00  0.00  0.00  0.00  0.00  0.00  0.00  0.00  0.00
  143                     1.00   1.00  0.00  0.00  0.00  0.00  0.00  0.00  0.00  0.00
  150                     1.00   1.00  0.00  0.00  0.00  0.00  0.00  0.00  0.00  0.00
  151                     1.00   1.00  0.00  0.00  0.00  0.00  0.00  0.00  0.00  0.00
  152                     1.00   1.00  0.00  0.00  0.00  0.00  0.00  0.00  0.00  0.00
  153                     1.00   1.00  0.00  0.00  0.00  0.00  0.00  0.00  0.00  0.00
  154                     1.00   1.00  0.00  0.00  0.00  0.00  0.00  0.00  0.00  0.00
  155                     1.00   1.00  0.00  0.00  0.00  0.00  0.00  0.00  0.00  0.00
  162                     1.00   1.00  0.00  0.00  0.00  0.00  0.00  0.00  0.00  0.00
  163                     1.00   1.00  0.00  0.00  0.00  0.00  0.00  0.00  0.00  0.00
  164                     1.00   1.00  0.00  0.00  0.00  0.00  0.00  0.00  0.00  0.00
  165                     1.00   1.00  0.00  0.00  0.00  0.00  0.00  0.00  0.00  0.00
  166                     1.00   1.00  0.00  0.00  0.00  0.00  0.00  0.00  0.00  0.00
  167                     1.00   1.00  0.00  0.00  0.00  0.00  0.00  0.00  0.00  0.00
  18-RCP1                 1.00   1.00  0.00  0.00  0.00  0.00  0.00  0.00  0.00  0.00
  18-RCP2                 1.00   1.00  0.00  0.00  0.00  0.00  0.00  0.00  0.00  0.00
  18-RCP3                 1.00   1.00  0.00  0.00  0.00  0.00  0.00  0.00  0.00  0.00
  18-RCP4                 1.00   1.00  0.00  0.00  0.00  0.00  0.00  0.00  0.00  0.00
  18-RCP5                 1.00   1.00  0.00  0.00  0.00  0.00  0.00  0.00  0.00  0.00
  18-RCP6                 1.00   1.00  0.00  0.00  0.00  0.00  0.00  0.00  0.00  0.00
  18-RCP7                 1.00   1.00  0.00  0.00  0.00  0.00  0.00  0.00  0.00  0.00
  24-RCP1                 1.00   1.00  0.00  0.00  0.00  0.00  0.00  0.00  0.00  0.00
  18-RCPA                 1.00   1.00  0.00  0.00  0.00  0.00  0.00  0.00  0.00  0.00
  185                     1.00   1.00  0.00  0.00  0.00  0.00  0.00  0.00  0.00  0.00
  NE-18                   1.00   1.00  0.00  0.00  0.00  0.00  0.00  0.00  0.00  0.00
  NE-24                   1.00   1.00  0.00  0.00  0.00  0.00  0.00  0.00  0.00  0.00
  P24                     1.00   1.00  0.00  0.00  0.00  0.00  0.00  0.00  0.00  0.00
  BOC-2X3                 1.00   1.00  0.00  0.00  0.00  0.00  0.00  0.00  0.00  0.00
  s41/ditch               1.00   1.00  0.00  0.00  0.00  0.00  0.00  0.00  0.00  0.00
  196                     1.00   1.00  0.00  0.00  0.00  0.00  0.00  0.00  0.00  0.00
  199                     1.00   1.00  0.00  0.00  0.00  0.00  0.00  0.00  0.00  0.00
  200                     1.00   1.00  0.00  0.00  0.00  0.00  0.00  0.00  0.00  0.00
  202                     1.00   1.00  0.00  0.00  0.00  0.00  0.00  0.00  0.00  0.00
  203                     1.00   1.00  0.00  0.00  0.00  0.00  0.00  0.00  0.00  0.00
  205                     1.00   1.00  0.00  0.00  0.00  0.00  0.00  0.00  0.00  0.00
  207                     1.00   1.00  0.00  0.00  0.00  0.00  0.00  0.00  0.00  0.00
  209                     1.00   1.00  0.00  0.00  0.00  0.00  0.00  0.00  0.00  0.00
  210                     1.00   1.00  0.00  0.00  0.00  0.00  0.00  0.00  0.00  0.00
  
  
  *************************
  Conduit Surcharge Summary
  *************************
  
  No conduits were surcharged.
  

  Analysis begun on:  Sun Jul 19 15:20:46 2026
  Analysis ended on:  Sun Jul 19 15:20:46 2026
  Total elapsed time: < 1 sec