
  EPA STORM WATER MANAGEMENT MODEL - VERSION 5.2 (Build 5.2.4)
  ------------------------------------------------------------

  Converted from XPSWMM .xp file 
  
  ****************
  Analysis Options
  ****************
  Flow Units ............... CFS
  Process Models:
    Rainfall/Runoff ........ NO
    RDII ................... NO
    Snowmelt ............... NO
    Groundwater ............ NO
    Flow Routing ........... YES
    Ponding Allowed ........ NO
    Water Quality .......... NO
  Flow Routing Method ...... DYNWAVE
  Surcharge Method ......... EXTRAN
  Starting Date ............ 01/01/2001 00:00:00
  Ending Date .............. 01/02/2001 00:00:00
  Antecedent Dry Days ...... 0.0
  Report Time Step ......... 00:15:00
  Routing Time Step ........ 60.00 sec
  Variable Time Step ....... YES
  Maximum Trials ........... 8
  Number of Threads ........ 1
  Head Tolerance ........... 0.005000 ft
  
  
  **************************        Volume        Volume
  Flow Routing Continuity        acre-feet      10^6 gal
  **************************     ---------     ---------
  Dry Weather Inflow .......         0.000         0.000
  Wet Weather Inflow .......         0.000         0.000
  Groundwater Inflow .......         0.000         0.000
  RDII Inflow ..............         0.000         0.000
  External Inflow ..........         3.967         1.293
  External Outflow .........         1.728         0.563
  Flooding Loss ............         1.483         0.483
  Evaporation Loss .........         0.000         0.000
  Exfiltration Loss ........         0.000         0.000
  Initial Stored Volume ....         0.000         0.000
  Final Stored Volume ......         0.006         0.002
  Continuity Error (%) .....        18.916
  
  
  ***************************
  Time-Step Critical Elements
  ***************************
  Link exit_loss (86.23%)
  Link no_el (11.28%)
  
  
  ********************************
  Highest Flow Instability Indexes
  ********************************
  Link exit_loss (1)
  
  
  *********************************
  Most Frequent Nonconverging Nodes
  *********************************
  Node 5 (0.08%)
  Node 2 (0.08%)
  Node 1 (0.04%)
  Node 4 (0.04%)
  
  
  *************************
  Routing Time Step Summary
  *************************
  Minimum Time Step           :     6.01 sec
  Average Time Step           :    11.14 sec
  Maximum Time Step           :    60.00 sec
  % of Time in Steady State   :     0.00
  Average Iterations per Step :     2.01
  % of Steps Not Converging   :     0.08
  Time Step Frequencies       :
     60.000 - 23.031 sec      :     2.48 %
     23.031 -  8.841 sec      :    97.37 %
      8.841 -  3.393 sec      :     0.15 %
      3.393 -  1.303 sec      :     0.00 %
      1.303 -  0.500 sec      :     0.00 %
  
  
  ******************
  Node Depth Summary
  ******************
  
  ---------------------------------------------------------------------------------
                                 Average  Maximum  Maximum  Time of Max    Reported
                                   Depth    Depth      HGL   Occurrence   Max Depth
  Node                 Type         Feet     Feet     Feet  days hr:min        Feet
  ---------------------------------------------------------------------------------
  1                    JUNCTION   889.27   902.00  1812.00     0  03:11      900.28
  4                    JUNCTION   889.90   902.00  1812.00     0  03:11      901.01
  5                    JUNCTION   833.46   901.00  1811.00     0  06:05      901.00
  2                    OUTFALL      0.00     0.00   910.00     0  00:00        0.00
  
  
  *******************
  Node Inflow Summary
  *******************
  
  -------------------------------------------------------------------------------------------------
                                  Maximum  Maximum                  Lateral       Total        Flow
                                  Lateral    Total  Time of Max      Inflow      Inflow     Balance
                                   Inflow   Inflow   Occurrence      Volume      Volume       Error
  Node                 Type           CFS      CFS  days hr:min    10^6 gal    10^6 gal     Percent
  -------------------------------------------------------------------------------------------------
  1                    JUNCTION      1.00     1.00     0  00:00       0.646       0.646      14.701
  4                    JUNCTION      1.00     1.00     0  00:00       0.646       0.646      14.804
  5                    JUNCTION      0.00     9.10     0  03:12           0       0.562       0.000
  2                    OUTFALL       0.00     9.10     0  03:12           0       0.563       0.000
  
  
  **********************
  Node Surcharge Summary
  **********************
  
  Surcharging occurs when water rises above the top of the highest conduit.
  ---------------------------------------------------------------------
                                               Max. Height   Min. Depth
                                   Hours       Above Crown    Below Rim
  Node                 Type      Surcharged           Feet         Feet
  ---------------------------------------------------------------------
  1                    JUNCTION        0.02          0.000        0.000
  4                    JUNCTION        0.02          0.000        0.000
  5                    JUNCTION       17.91          0.000        0.000
  
  
  *********************
  Node Flooding Summary
  *********************
  
  Flooding refers to all water that overflows a node, whether it ponds or not.
  --------------------------------------------------------------------------
                                                             Total   Maximum
                                 Maximum   Time of Max       Flood    Ponded
                        Hours       Rate    Occurrence      Volume     Depth
  Node                 Flooded       CFS   days hr:min    10^6 gal      Feet
  --------------------------------------------------------------------------
  1                       0.02      1.00      0  03:11       0.000     0.000
  4                       0.02      1.00      0  03:11       0.000     0.000
  5                      17.91      1.38      0  06:06       0.482     0.000
  
  
  ***********************
  Outfall Loading Summary
  ***********************
  
  -----------------------------------------------------------
                         Flow       Avg       Max       Total
                         Freq      Flow      Flow      Volume
  Outfall Node           Pcnt       CFS       CFS    10^6 gal
  -----------------------------------------------------------
  2                     97.52      1.00      9.10       0.563
  -----------------------------------------------------------
  System                97.52      1.00      9.10       0.563
  
  
  ********************
  Link Flow Summary
  ********************
  
  -----------------------------------------------------------------------------
                                 Maximum  Time of Max   Maximum    Max/    Max/
                                  |Flow|   Occurrence   |Veloc|    Full    Full
  Link                 Type          CFS  days hr:min    ft/sec    Flow   Depth
  -----------------------------------------------------------------------------
  no_el                CONDUIT      9.10     0  03:12      7.77    0.37    0.44
  exit_loss            CONDUIT      9.10     0  03:12      7.77    0.37    0.77
  
  
  ***************************
  Flow Classification Summary
  ***************************
  
  -------------------------------------------------------------------------------------
                      Adjusted    ---------- Fraction of Time in Flow Class ---------- 
                       /Actual         Up    Down  Sub   Sup   Up    Down  Norm  Inlet 
  Conduit               Length    Dry  Dry   Dry   Crit  Crit  Crit  Crit  Ltd   Ctrl  
  -------------------------------------------------------------------------------------
  no_el                   1.00   0.13  0.00  0.00  0.00  0.00  0.00  0.87  0.00  0.00
  exit_loss               1.00   0.13  0.00  0.00  0.75  0.00  0.00  0.12  0.00  0.00
  
  
  *************************
  Conduit Surcharge Summary
  *************************
  
  ----------------------------------------------------------------------------
                                                           Hours        Hours 
                         --------- Hours Full --------   Above Full   Capacity
  Conduit                Both Ends  Upstream  Dnstream   Normal Flow   Limited
  ----------------------------------------------------------------------------
  no_el                       0.01      0.02      0.01      0.01         0.01
  exit_loss                   0.01      0.02     17.91      0.01         0.01
  

  Analysis begun on:  Wed Jul 22 14:10:27 2026
  Analysis ended on:  Wed Jul 22 14:10:27 2026
  Total elapsed time: < 1 sec