
  EPA STORM WATER MANAGEMENT MODEL - VERSION 5.2 (Build 5.2.4)
  ------------------------------------------------------------

  Sanitary Model 
  
  ****************
  Analysis Options
  ****************
  Flow Units ............... CFS
  Process Models:
    Rainfall/Runoff ........ NO
    RDII ................... NO
    Snowmelt ............... NO
    Groundwater ............ NO
    Flow Routing ........... YES
    Ponding Allowed ........ NO
    Water Quality .......... NO
  Flow Routing Method ...... DYNWAVE
  Surcharge Method ......... EXTRAN
  Starting Date ............ 01/01/2001 00:00:00
  Ending Date .............. 01/02/2001 00:00:00
  Antecedent Dry Days ...... 0.0
  Report Time Step ......... 00:15:00
  Routing Time Step ........ 60.00 sec
  Variable Time Step ....... YES
  Maximum Trials ........... 8
  Number of Threads ........ 1
  Head Tolerance ........... 0.005000 ft
  
  
  **************************        Volume        Volume
  Flow Routing Continuity        acre-feet      10^6 gal
  **************************     ---------     ---------
  Dry Weather Inflow .......         0.000         0.000
  Wet Weather Inflow .......         0.000         0.000
  Groundwater Inflow .......         0.000         0.000
  RDII Inflow ..............         0.000         0.000
  External Inflow ..........         5.058         1.648
  External Outflow .........         0.672         0.219
  Flooding Loss ............         0.076         0.025
  Evaporation Loss .........         0.000         0.000
  Exfiltration Loss ........         0.000         0.000
  Initial Stored Volume ....         0.000         0.000
  Final Stored Volume ......         0.023         0.007
  Continuity Error (%) .....        84.754
  
  
  *************************
  Highest Continuity Errors
  *************************
  Node 87657102 (-577.55%)
  Node 86648902 (100.00%)
  Node 87646701 (100.00%)
  Node 87646702 (100.00%)
  Node 87647902 (100.00%)
  
  
  ***************************
  Time-Step Critical Elements
  ***************************
  None
  
  
  ********************************
  Highest Flow Instability Indexes
  ********************************
  Link C_OUT_SYNTH (150)
  
  
  *********************************
  Most Frequent Nonconverging Nodes
  *********************************
  Node 87657102 (49.97%)
  Node OUT_SYNTH (49.97%)
  
  
  *************************
  Routing Time Step Summary
  *************************
  Minimum Time Step           :    59.50 sec
  Average Time Step           :    59.96 sec
  Maximum Time Step           :    60.00 sec
  % of Time in Steady State   :     0.00
  Average Iterations per Step :     5.00
  % of Steps Not Converging   :    49.97
  Time Step Frequencies       :
     60.000 - 23.031 sec      :   100.00 %
     23.031 -  8.841 sec      :     0.00 %
      8.841 -  3.393 sec      :     0.00 %
      3.393 -  1.303 sec      :     0.00 %
      1.303 -  0.500 sec      :     0.00 %
  
  
  ******************
  Node Depth Summary
  ******************
  
  ---------------------------------------------------------------------------------
                                 Average  Maximum  Maximum  Time of Max    Reported
                                   Depth    Depth      HGL   Occurrence   Max Depth
  Node                 Type         Feet     Feet     Feet  days hr:min        Feet
  ---------------------------------------------------------------------------------
  86647801             JUNCTION   171.89   343.78  1642.95     1  00:00      343.78
  86648902             JUNCTION   171.89   343.78  1639.94     1  00:00      343.78
  86659201             JUNCTION   171.89   343.78  1652.33     1  00:00      343.78
  87646601             JUNCTION   171.89   343.78  1671.30     1  00:00      343.78
  87646701             JUNCTION   171.89   343.78  1668.73     1  00:00      343.78
  87646702             JUNCTION   171.89   343.78  1665.73     1  00:00      343.78
  87647902             JUNCTION   171.89   343.78  1665.64     1  00:00      343.78
  87650201             JUNCTION   171.89   343.78  1644.64     1  00:00      343.78
  87650202             JUNCTION   171.89   343.78  1648.94     1  00:00      343.78
  87651203             JUNCTION   171.89   343.78  1635.23     1  00:00      343.78
  87653001             JUNCTION   171.89   343.78  1650.39     1  00:00      343.78
  87653101             JUNCTION   171.89   343.78  1637.44     1  00:00      343.78
  87653102             JUNCTION   171.89   343.78  1631.48     1  00:00      343.78
  87654001             JUNCTION   171.89   343.78  1643.39     1  00:00      343.78
  87654003             JUNCTION   171.89   343.78  1648.93     1  00:00      343.78
  87654101             JUNCTION   171.89   343.78  1647.49     1  00:00      343.78
  87654102             JUNCTION   171.89   343.78  1638.78     1  00:00      343.78
  87655102             JUNCTION   171.89   343.78  1628.19     1  00:00      343.78
  87656101             JUNCTION   171.89   343.78  1628.98     1  00:00      343.78
  87657101             JUNCTION   171.89   343.78  1626.41     1  00:00      343.78
  87657102             JUNCTION     0.00     0.00  1285.79     0  00:00        0.00
  87657104             JUNCTION   171.89   343.78  1639.44     1  00:00      343.78
  87657202             JUNCTION   171.89   343.78  1623.03     1  00:00      343.78
  87658101             JUNCTION   171.89   343.78  1653.18     1  00:00      343.78
  87658102             JUNCTION   171.89   343.78  1645.17     1  00:00      343.78
  87658701             JUNCTION   171.89   343.78  1660.42     1  00:00      343.78
  87658702             JUNCTION   171.89   343.78  1663.88     1  00:00      343.78
  87659201             JUNCTION   171.89   343.78  1661.24     1  00:00      343.78
  87659603             JUNCTION   171.89   343.78  1641.01     1  00:00      343.78
  87659701             JUNCTION   171.89   343.78  1632.91     1  00:00      343.78
  87659703             JUNCTION   171.89   343.78  1635.10     1  00:00      343.78
  87659801             JUNCTION   171.89   343.78  1653.43     1  00:00      343.78
  88650101             JUNCTION   171.89   343.78  1681.12     1  00:00      343.78
  88650201             JUNCTION   171.89   343.78  1673.04     1  00:00      343.78
  88650202             JUNCTION   171.89   343.78  1673.30     1  00:00      343.78
  88650501             JUNCTION   171.89   343.78  1642.71     1  00:00      343.78
  88650601             JUNCTION   171.89   343.78  1636.15     1  00:00      343.78
  88650701             JUNCTION   171.89   343.78  1634.23     1  00:00      343.78
  88650702             JUNCTION   171.89   343.78  1640.55     1  00:00      343.78
  88651501             JUNCTION   171.89   343.78  1654.95     1  00:00      343.78
  88651601             JUNCTION   171.89   343.78  1638.77     1  00:00      343.78
  88651602             JUNCTION   171.89   343.78  1640.70     1  00:00      343.78
  88651702             JUNCTION   171.89   343.78  1627.93     1  00:00      343.78
  88652401             JUNCTION   171.89   343.78  1657.73     1  00:00      343.78
  88652502             JUNCTION   171.89   343.78  1650.59     1  00:00      343.78
  88652601             JUNCTION   171.89   343.78  1652.71     1  00:00      343.78
  88653401             JUNCTION   171.89   343.78  1646.40     1  00:00      343.78
  88653402             JUNCTION   171.89   343.78  1645.35     1  00:00      343.78
  88653403             JUNCTION   171.89   343.78  1658.04     1  00:00      343.78
  86648900             JUNCTION   171.89   343.78  1638.59     1  00:00      343.78
  OUT_SYNTH            OUTFALL      0.09     0.18  1284.97     0  00:01        0.18
  87650001             STORAGE      8.84    10.00  1299.06     0  05:34       10.00
  
  
  *******************
  Node Inflow Summary
  *******************
  
  -------------------------------------------------------------------------------------------------
                                  Maximum  Maximum                  Lateral       Total        Flow
                                  Lateral    Total  Time of Max      Inflow      Inflow     Balance
                                   Inflow   Inflow   Occurrence      Volume      Volume       Error
  Node                 Type           CFS      CFS  days hr:min    10^6 gal    10^6 gal     Percent
  -------------------------------------------------------------------------------------------------
  86647801             JUNCTION      0.05     0.05     0  00:00      0.0323      0.0323   32313.507 gal
  86648902             JUNCTION      0.05     0.05     0  00:00      0.0323      0.0323   32313.507 gal
  86659201             JUNCTION      0.05     0.05     0  00:00      0.0323      0.0323   32313.507 gal
  87646601             JUNCTION      0.05     0.05     0  00:00      0.0323      0.0323   32313.507 gal
  87646701             JUNCTION      0.05     0.05     0  00:00      0.0323      0.0323   32313.507 gal
  87646702             JUNCTION      0.05     0.05     0  00:00      0.0323      0.0323   32313.507 gal
  87647902             JUNCTION      0.05     0.05     0  00:00      0.0323      0.0323   32313.507 gal
  87650201             JUNCTION      0.05     0.05     0  00:00      0.0323      0.0323   32313.507 gal
  87650202             JUNCTION      0.05     0.05     0  00:00      0.0323      0.0323   32313.507 gal
  87651203             JUNCTION      0.05     0.05     0  00:00      0.0323      0.0323   32313.507 gal
  87653001             JUNCTION      0.05     0.05     0  00:00      0.0323      0.0323   32313.507 gal
  87653101             JUNCTION      0.05     0.05     0  00:00      0.0323      0.0323   32313.507 gal
  87653102             JUNCTION      0.05     0.05     0  00:00      0.0323      0.0323   32313.507 gal
  87654001             JUNCTION      0.05     0.05     0  00:00      0.0323      0.0323   32313.507 gal
  87654003             JUNCTION      0.05     0.05     0  00:00      0.0323      0.0323   32313.507 gal
  87654101             JUNCTION      0.05     0.05     0  00:00      0.0323      0.0323   32313.507 gal
  87654102             JUNCTION      0.05     0.05     0  00:00      0.0323      0.0323   32313.507 gal
  87655102             JUNCTION      0.05     0.05     0  00:00      0.0323      0.0323   32313.507 gal
  87656101             JUNCTION      0.05     0.05     0  00:00      0.0323      0.0323   32313.507 gal
  87657101             JUNCTION      0.05     0.05     0  00:00      0.0323      0.0323   32313.507 gal
  87657102             JUNCTION      0.05     0.05     0  00:00      0.0323      0.0323     -85.241
  87657104             JUNCTION      0.05     0.05     0  00:00      0.0323      0.0323   32313.507 gal
  87657202             JUNCTION      0.05     0.05     0  00:00      0.0323      0.0323       0.000
  87658101             JUNCTION      0.05     0.05     0  00:00      0.0323      0.0323   32313.507 gal
  87658102             JUNCTION      0.05     0.05     0  00:00      0.0323      0.0323   32313.507 gal
  87658701             JUNCTION      0.05     0.05     0  00:00      0.0323      0.0323   32313.507 gal
  87658702             JUNCTION      0.05     0.05     0  00:00      0.0323      0.0323   32313.507 gal
  87659201             JUNCTION      0.05     0.05     0  00:00      0.0323      0.0323   32313.507 gal
  87659603             JUNCTION      0.05     0.05     0  00:00      0.0323      0.0323   32313.507 gal
  87659701             JUNCTION      0.05     0.05     0  00:00      0.0323      0.0323   32313.507 gal
  87659703             JUNCTION      0.05     0.05     0  00:00      0.0323      0.0323   32313.507 gal
  87659801             JUNCTION      0.05     0.05     0  00:00      0.0323      0.0323   32313.507 gal
  88650101             JUNCTION      0.05     0.05     0  00:00      0.0323      0.0323   32313.507 gal
  88650201             JUNCTION      0.05     0.05     0  00:00      0.0323      0.0323   32313.507 gal
  88650202             JUNCTION      0.05     0.05     0  00:00      0.0323      0.0323   32313.507 gal
  88650501             JUNCTION      0.05     0.05     0  00:00      0.0323      0.0323   32313.507 gal
  88650601             JUNCTION      0.05     0.05     0  00:00      0.0323      0.0323   32313.507 gal
  88650701             JUNCTION      0.05     0.05     0  00:00      0.0323      0.0323   32313.507 gal
  88650702             JUNCTION      0.05     0.05     0  00:00      0.0323      0.0323   32313.507 gal
  88651501             JUNCTION      0.05     0.05     0  00:00      0.0323      0.0323   32313.507 gal
  88651601             JUNCTION      0.05     0.05     0  00:00      0.0323      0.0323   32313.507 gal
  88651602             JUNCTION      0.05     0.05     0  00:00      0.0323      0.0323   32313.507 gal
  88651702             JUNCTION      0.05     0.05     0  00:00      0.0323      0.0323   32313.507 gal
  88652401             JUNCTION      0.05     0.05     0  00:00      0.0323      0.0323   32313.507 gal
  88652502             JUNCTION      0.05     0.05     0  00:00      0.0323      0.0323   32313.507 gal
  88652601             JUNCTION      0.05     0.05     0  00:00      0.0323      0.0323   32313.507 gal
  88653401             JUNCTION      0.05     0.05     0  00:00      0.0323      0.0323   32313.507 gal
  88653402             JUNCTION      0.05     0.05     0  00:00      0.0323      0.0323   32313.507 gal
  88653403             JUNCTION      0.05     0.05     0  00:00      0.0323      0.0323   32313.507 gal
  86648900             JUNCTION      0.05     0.05     0  00:00      0.0323      0.0323   32313.507 gal
  OUT_SYNTH            OUTFALL       0.00     0.68     0  00:01           0       0.219       0.000
  87650001             STORAGE       0.05     0.05     0  00:00      0.0323      0.0323       0.012
  
  
  **********************
  Node Surcharge Summary
  **********************
  
  No nodes were surcharged.
  
  
  *********************
  Node Flooding Summary
  *********************
  
  Flooding refers to all water that overflows a node, whether it ponds or not.
  --------------------------------------------------------------------------
                                                             Total   Maximum
                                 Maximum   Time of Max       Flood    Ponded
                        Hours       Rate    Occurrence      Volume     Depth
  Node                 Flooded       CFS   days hr:min    10^6 gal      Feet
  --------------------------------------------------------------------------
  87650001               18.45      0.05      0  05:34       0.025     0.000
  
  
  **********************
  Storage Volume Summary
  **********************
  
  ------------------------------------------------------------------------------------------------
                         Average    Avg   Evap  Exfil     Maximum    Max    Time of Max    Maximum
                          Volume   Pcnt   Pcnt   Pcnt      Volume   Pcnt     Occurrence    Outflow
  Storage Unit          1000 ft³   Full   Loss   Loss    1000 ft³   Full    days hr:min        CFS
  ------------------------------------------------------------------------------------------------
  87650001                 0.884   88.4    0.0    0.0       1.000  100.0       0  05:34       0.00
  
  
  ***********************
  Outfall Loading Summary
  ***********************
  
  -----------------------------------------------------------
                         Flow       Avg       Max       Total
                         Freq      Flow      Flow      Volume
  Outfall Node           Pcnt       CFS       CFS    10^6 gal
  -----------------------------------------------------------
  OUT_SYNTH             49.97      0.68      0.68       0.219
  -----------------------------------------------------------
  System                49.97      0.68      0.68       0.219
  
  
  ********************
  Link Flow Summary
  ********************
  
  -----------------------------------------------------------------------------
                                 Maximum  Time of Max   Maximum    Max/    Max/
                                  |Flow|   Occurrence   |Veloc|    Full    Full
  Link                 Type          CFS  days hr:min    ft/sec    Flow   Depth
  -----------------------------------------------------------------------------
  203                  CONDUIT      0.00     0  00:00      0.00    0.00    0.00
  201                  CONDUIT      0.00     0  00:00      0.00    0.00    0.00
  202                  CONDUIT      0.00     0  00:00      0.00    0.00    0.00
  203_2                CONDUIT      0.00     0  00:00      0.00    0.00    0.00
  207                  CONDUIT      0.00     0  00:00      0.00    0.00    0.00
  204                  CONDUIT      0.00     0  00:00      0.00    0.00    0.00
  205                  CONDUIT      0.00     0  00:00      0.00    0.00    0.00
  206                  CONDUIT      0.00     0  00:00      0.00    0.00    0.00
  207_2                CONDUIT      0.00     0  00:00      0.00    0.00    0.00
  209                  CONDUIT      0.00     0  00:00      0.00    0.00    0.00
  210                  CONDUIT      0.00     0  00:00      0.00    0.00    0.00
  211                  CONDUIT      0.00     0  00:00      0.00    0.00    0.00
  212                  CONDUIT      0.00     0  00:00      0.00    0.00    0.00
  213                  CONDUIT      0.00     0  00:00      0.00    0.00    0.00
  214                  CONDUIT      0.00     0  00:00      0.00    0.00    0.00
  215                  CONDUIT      0.00     0  00:00      0.00    0.00    0.00
  217                  CONDUIT      0.00     0  00:00      0.00    0.00    0.00
  218                  CONDUIT      0.00     0  00:00      0.00    0.00    0.00
  219                  CONDUIT      0.00     0  00:00      0.00    0.00    0.00
  212_2                CONDUIT      0.00     0  00:00      0.00    0.00    0.00
  245                  CONDUIT      0.00     0  00:00      0.00    0.00    0.00
  220                  CONDUIT      0.00     0  00:00      0.00    0.00    0.00
  229                  CONDUIT      0.00     0  00:00      0.00    0.00    0.00
  221                  CONDUIT      0.00     0  00:00      0.00    0.00    0.00
  222                  CONDUIT      0.00     0  00:00      0.00    0.00    0.00
  223                  CONDUIT      0.00     0  00:00      0.00    0.00    0.00
  225                  CONDUIT      0.00     0  00:00      0.00    0.00    0.00
  225_2                CONDUIT      0.00     0  00:00      0.00    0.00    0.00
  247                  CONDUIT      0.00     0  00:00      0.00    0.00    0.00
  227                  CONDUIT      0.00     0  00:00      0.00    0.00    0.00
  228                  CONDUIT      0.00     0  00:00      0.00    0.00    0.00
  229_2                CONDUIT      0.00     0  00:00      0.00    0.00    0.00
  240                  CONDUIT      0.00     0  00:00      0.00    0.00    0.00
  230                  CONDUIT      0.00     0  00:00      0.00    0.00    0.00
  226                  CONDUIT      0.00     0  00:00      0.00    0.00    0.00
  231                  CONDUIT      0.00     0  00:00      0.00    0.00    0.00
  232                  CONDUIT      0.00     0  00:00      0.00    0.00    0.00
  240_2                CONDUIT      0.00     0  00:00      0.00    0.00    0.00
  233                  CONDUIT      0.00     0  00:00      0.00    0.00    0.00
  234                  CONDUIT      0.00     0  00:00      0.00    0.00    0.00
  235                  CONDUIT      0.00     0  00:00      0.00    0.00    0.00
  236                  CONDUIT      0.00     0  00:00      0.00    0.00    0.00
  243                  CONDUIT      0.00     0  00:00      0.00    0.00    0.00
  237                  CONDUIT      0.00     0  00:00      0.00    0.00    0.00
  244                  CONDUIT      0.00     0  00:00      0.00    0.00    0.00
  241                  CONDUIT      0.00     0  00:00      0.00    0.00    0.00
  243_2                CONDUIT      0.00     0  00:00      0.00    0.00    0.00
  216                  CONDUIT      0.00     0  00:00      0.00    0.00    0.00
  245_2                CONDUIT      0.00     0  00:00      0.00    0.00    0.00
  234_2                CONDUIT      0.00     0  00:00      0.00    0.00    0.00
  246                  CONDUIT      0.00     0  00:00      0.00    0.00    0.00
  247_2                CONDUIT      0.00     0  00:00      0.00    0.00    0.00
  235_2                CONDUIT      0.00     0  00:00      0.00    0.00    0.00
  248                  CONDUIT      0.00     0  00:00      0.00    0.00    0.00
  249                  CONDUIT      0.00     0  00:00      0.00    0.00    0.00
  250                  CONDUIT      0.00     0  00:00      0.00    0.00    0.00
  204_2                CONDUIT      0.00     0  00:00      0.00    0.00    0.00
  204_3                CONDUIT      0.00     0  00:00      0.00    0.00    0.00
  251                  CONDUIT      0.00     0  00:00      0.00    0.00    0.00
  242                  CONDUIT      0.00     0  00:00      0.00    0.00    0.00
  238                  CONDUIT      0.00     0  00:00      0.00    0.00    0.00
  239                  CONDUIT      0.00     0  00:00      0.00    0.00    0.00
  C_OUT_SYNTH          CONDUIT      0.68     0  00:01     21.55    0.01    0.02
  208                  PUMP         0.00     0  00:00              0.00
  
  
  ***************************
  Flow Classification Summary
  ***************************
  
  -------------------------------------------------------------------------------------
                      Adjusted    ---------- Fraction of Time in Flow Class ---------- 
                       /Actual         Up    Down  Sub   Sup   Up    Down  Norm  Inlet 
  Conduit               Length    Dry  Dry   Dry   Crit  Crit  Crit  Crit  Ltd   Ctrl  
  -------------------------------------------------------------------------------------
  203                     1.00   1.00  0.00  0.00  0.00  0.00  0.00  0.00  0.00  0.00
  201                     1.00   1.00  0.00  0.00  0.00  0.00  0.00  0.00  0.00  0.00
  202                     1.00   1.00  0.00  0.00  0.00  0.00  0.00  0.00  0.00  0.00
  203_2                   1.00   1.00  0.00  0.00  0.00  0.00  0.00  0.00  0.00  0.00
  207                     1.00   1.00  0.00  0.00  0.00  0.00  0.00  0.00  0.00  0.00
  204                     1.00   1.00  0.00  0.00  0.00  0.00  0.00  0.00  0.00  0.00
  205                     1.00   1.00  0.00  0.00  0.00  0.00  0.00  0.00  0.00  0.00
  206                     1.00   1.00  0.00  0.00  0.00  0.00  0.00  0.00  0.00  0.00
  207_2                   1.00   1.00  0.00  0.00  0.00  0.00  0.00  0.00  0.00  0.00
  209                     1.00   1.00  0.00  0.00  0.00  0.00  0.00  0.00  0.00  0.00
  210                     1.00   1.00  0.00  0.00  0.00  0.00  0.00  0.00  0.00  0.00
  211                     1.00   1.00  0.00  0.00  0.00  0.00  0.00  0.00  0.00  0.00
  212                     1.00   1.00  0.00  0.00  0.00  0.00  0.00  0.00  0.00  0.00
  213                     1.00   1.00  0.00  0.00  0.00  0.00  0.00  0.00  0.00  0.00
  214                     1.00   1.00  0.00  0.00  0.00  0.00  0.00  0.00  0.00  0.00
  215                     1.00   1.00  0.00  0.00  0.00  0.00  0.00  0.00  0.00  0.00
  217                     1.00   1.00  0.00  0.00  0.00  0.00  0.00  0.00  0.00  0.00
  218                     1.00   1.00  0.00  0.00  0.00  0.00  0.00  0.00  0.00  0.00
  219                     1.00   1.00  0.00  0.00  0.00  0.00  0.00  0.00  0.00  0.00
  212_2                   1.00   1.00  0.00  0.00  0.00  0.00  0.00  0.00  0.00  0.00
  245                     1.00   1.00  0.00  0.00  0.00  0.00  0.00  0.00  0.00  0.00
  220                     1.00   1.00  0.00  0.00  0.00  0.00  0.00  0.00  0.00  0.00
  229                     1.00   1.00  0.00  0.00  0.00  0.00  0.00  0.00  0.00  0.00
  221                     1.00   1.00  0.00  0.00  0.00  0.00  0.00  0.00  0.00  0.00
  222                     1.00   1.00  0.00  0.00  0.00  0.00  0.00  0.00  0.00  0.00
  223                     1.00   1.00  0.00  0.00  0.00  0.00  0.00  0.00  0.00  0.00
  225                     1.00   1.00  0.00  0.00  0.00  0.00  0.00  0.00  0.00  0.00
  225_2                   1.00   1.00  0.00  0.00  0.00  0.00  0.00  0.00  0.00  0.00
  247                     1.00   1.00  0.00  0.00  0.00  0.00  0.00  0.00  0.00  0.00
  227                     1.00   1.00  0.00  0.00  0.00  0.00  0.00  0.00  0.00  0.00
  228                     1.00   1.00  0.00  0.00  0.00  0.00  0.00  0.00  0.00  0.00
  229_2                   1.00   1.00  0.00  0.00  0.00  0.00  0.00  0.00  0.00  0.00
  240                     1.00   1.00  0.00  0.00  0.00  0.00  0.00  0.00  0.00  0.00
  230                     1.00   1.00  0.00  0.00  0.00  0.00  0.00  0.00  0.00  0.00
  226                     1.00   1.00  0.00  0.00  0.00  0.00  0.00  0.00  0.00  0.00
  231                     1.00   1.00  0.00  0.00  0.00  0.00  0.00  0.00  0.00  0.00
  232                     1.00   1.00  0.00  0.00  0.00  0.00  0.00  0.00  0.00  0.00
  240_2                   1.00   1.00  0.00  0.00  0.00  0.00  0.00  0.00  0.00  0.00
  233                     1.00   1.00  0.00  0.00  0.00  0.00  0.00  0.00  0.00  0.00
  234                     1.00   1.00  0.00  0.00  0.00  0.00  0.00  0.00  0.00  0.00
  235                     1.00   1.00  0.00  0.00  0.00  0.00  0.00  0.00  0.00  0.00
  236                     1.00   1.00  0.00  0.00  0.00  0.00  0.00  0.00  0.00  0.00
  243                     1.00   1.00  0.00  0.00  0.00  0.00  0.00  0.00  0.00  0.00
  237                     1.00   1.00  0.00  0.00  0.00  0.00  0.00  0.00  0.00  0.00
  244                     1.00   1.00  0.00  0.00  0.00  0.00  0.00  0.00  0.00  0.00
  241                     1.00   1.00  0.00  0.00  0.00  0.00  0.00  0.00  0.00  0.00
  243_2                   1.00   1.00  0.00  0.00  0.00  0.00  0.00  0.00  0.00  0.00
  216                     1.00   1.00  0.00  0.00  0.00  0.00  0.00  0.00  0.00  0.00
  245_2                   1.00   1.00  0.00  0.00  0.00  0.00  0.00  0.00  0.00  0.00
  234_2                   1.00   1.00  0.00  0.00  0.00  0.00  0.00  0.00  0.00  0.00
  246                     1.00   1.00  0.00  0.00  0.00  0.00  0.00  0.00  0.00  0.00
  247_2                   1.00   1.00  0.00  0.00  0.00  0.00  0.00  0.00  0.00  0.00
  235_2                   1.00   1.00  0.00  0.00  0.00  0.00  0.00  0.00  0.00  0.00
  248                     1.00   1.00  0.00  0.00  0.00  0.00  0.00  0.00  0.00  0.00
  249                     1.00   1.00  0.00  0.00  0.00  0.00  0.00  0.00  0.00  0.00
  250                     1.00   1.00  0.00  0.00  0.00  0.00  0.00  0.00  0.00  0.00
  204_2                   1.00   1.00  0.00  0.00  0.00  0.00  0.00  0.00  0.00  0.00
  204_3                   1.00   1.00  0.00  0.00  0.00  0.00  0.00  0.00  0.00  0.00
  251                     1.00   1.00  0.00  0.00  0.00  0.00  0.00  0.00  0.00  0.00
  242                     1.00   1.00  0.00  0.00  0.00  0.00  0.00  0.00  0.00  0.00
  238                     1.00   1.00  0.00  0.00  0.00  0.00  0.00  0.00  0.00  0.00
  239                     1.00   1.00  0.00  0.00  0.00  0.00  0.00  0.00  0.00  0.00
  C_OUT_SYNTH             1.00   0.50  0.00  0.00  0.50  0.00  0.00  0.00  0.00  0.00
  
  
  *************************
  Conduit Surcharge Summary
  *************************
  
  No conduits were surcharged.
  
  
  ***************
  Pumping Summary
  ***************
  
  ---------------------------------------------------------------------------------------------------------
                                                  Min       Avg       Max     Total     Power    % Time Off
                        Percent   Number of      Flow      Flow      Flow    Volume     Usage    Pump Curve
  Pump                 Utilized   Start-Ups       CFS       CFS       CFS  10^6 gal     Kw-hr    Low   High
  ---------------------------------------------------------------------------------------------------------
  208                      0.00           0      0.00      0.00      0.00     0.000      0.00    0.0    0.0
  

  Analysis begun on:  Wed Jul 22 14:10:43 2026
  Analysis ended on:  Wed Jul 22 14:10:43 2026
  Total elapsed time: < 1 sec