
  EPA STORM WATER MANAGEMENT MODEL - VERSION 5.2 (Build 5.2.4)
  ------------------------------------------------------------

  CAiCE Visual Hydro and Visual SWMM Metric Unit Default Database 
  WARNING 04: minimum elevation drop used for Conduit CHAN3
  
  ****************
  Analysis Options
  ****************
  Flow Units ............... CMS
  Process Models:
    Rainfall/Runoff ........ NO
    RDII ................... NO
    Snowmelt ............... NO
    Groundwater ............ NO
    Flow Routing ........... YES
    Ponding Allowed ........ NO
    Water Quality .......... NO
  Flow Routing Method ...... DYNWAVE
  Surcharge Method ......... EXTRAN
  Starting Date ............ 01/01/2001 00:00:00
  Ending Date .............. 01/02/2001 00:00:00
  Antecedent Dry Days ...... 0.0
  Report Time Step ......... 00:15:00
  Routing Time Step ........ 60.00 sec
  Variable Time Step ....... YES
  Maximum Trials ........... 100
  Number of Threads ........ 1
  Head Tolerance ........... 0.003300 m
  
  
  **************************        Volume        Volume
  Flow Routing Continuity        hectare-m      10^6 ltr
  **************************     ---------     ---------
  Dry Weather Inflow .......         0.000         0.000
  Wet Weather Inflow .......         0.000         0.000
  Groundwater Inflow .......         0.000         0.000
  RDII Inflow ..............         0.000         0.000
  External Inflow ..........         0.000         0.000
  External Outflow .........         0.000         0.000
  Flooding Loss ............         0.000         0.000
  Evaporation Loss .........         0.000         0.000
  Exfiltration Loss ........         0.000         0.000
  Initial Stored Volume ....         0.000         0.000
  Final Stored Volume ......         0.000         0.000
  Continuity Error (%) .....         0.000
  
  
  ***************************
  Time-Step Critical Elements
  ***************************
  None
  
  
  ********************************
  Highest Flow Instability Indexes
  ********************************
  All links are stable.
  
  
  *********************************
  Most Frequent Nonconverging Nodes
  *********************************
  Convergence obtained at all time steps.
  
  
  *************************
  Routing Time Step Summary
  *************************
  Minimum Time Step           :    59.50 sec
  Average Time Step           :    59.96 sec
  Maximum Time Step           :    60.00 sec
  % of Time in Steady State   :     0.00
  Average Iterations per Step :     2.00
  % of Steps Not Converging   :     0.00
  Time Step Frequencies       :
     60.000 - 23.031 sec      :   100.00 %
     23.031 -  8.841 sec      :     0.00 %
      8.841 -  3.393 sec      :     0.00 %
      3.393 -  1.303 sec      :     0.00 %
      1.303 -  0.500 sec      :     0.00 %
  
  
  ******************
  Node Depth Summary
  ******************
  
  ---------------------------------------------------------------------------------
                                 Average  Maximum  Maximum  Time of Max    Reported
                                   Depth    Depth      HGL   Occurrence   Max Depth
  Node                 Type       Meters   Meters   Meters  days hr:min      Meters
  ---------------------------------------------------------------------------------
  KC89                 JUNCTION     0.00     0.00   126.40     0  00:00        0.00
  KC90                 JUNCTION     0.00     0.00   126.44     0  00:00        0.00
  KC91                 JUNCTION     0.00     0.00   126.44     0  00:00        0.00
  KC92                 JUNCTION     0.00     0.00   126.32     0  00:00        0.00
  KC93                 JUNCTION     0.00     0.00   126.28     0  00:00        0.00
  KC94                 JUNCTION     0.00     0.00   126.37     0  00:00        0.00
  KC95                 JUNCTION     0.00     0.00   126.51     0  00:00        0.00
  KC96                 JUNCTION     0.00     0.00   126.49     0  00:00        0.00
  KC97                 JUNCTION     0.00     0.00   126.42     0  00:00        0.00
  KC98                 JUNCTION     0.00     0.00   126.25     0  00:00        0.00
  KC99                 JUNCTION     0.00     0.00   126.14     0  00:00        0.00
  KC100                JUNCTION     0.00     0.00   126.09     0  00:00        0.00
  KC101                JUNCTION     0.00     0.00   126.22     0  00:00        0.00
  KC102                JUNCTION     0.00     0.00   126.57     0  00:00        0.00
  KC88                 OUTFALL      0.00     0.00   126.33     0  00:00        0.00
  
  
  *******************
  Node Inflow Summary
  *******************
  
  -------------------------------------------------------------------------------------------------
                                  Maximum  Maximum                  Lateral       Total        Flow
                                  Lateral    Total  Time of Max      Inflow      Inflow     Balance
                                   Inflow   Inflow   Occurrence      Volume      Volume       Error
  Node                 Type           CMS      CMS  days hr:min    10^6 ltr    10^6 ltr     Percent
  -------------------------------------------------------------------------------------------------
  KC89                 JUNCTION     0.000    0.000     0  00:00           0           0       0.000 ltr
  KC90                 JUNCTION     0.000    0.000     0  00:00           0           0       0.000 ltr
  KC91                 JUNCTION     0.000    0.000     0  00:00           0           0       0.000 ltr
  KC92                 JUNCTION     0.000    0.000     0  00:00           0           0       0.000 ltr
  KC93                 JUNCTION     0.000    0.000     0  00:00           0           0       0.000 ltr
  KC94                 JUNCTION     0.000    0.000     0  00:00           0           0       0.000 ltr
  KC95                 JUNCTION     0.000    0.000     0  00:00           0           0       0.000 ltr
  KC96                 JUNCTION     0.000    0.000     0  00:00           0           0       0.000 ltr
  KC97                 JUNCTION     0.000    0.000     0  00:00           0           0       0.000 ltr
  KC98                 JUNCTION     0.000    0.000     0  00:00           0           0       0.000 ltr
  KC99                 JUNCTION     0.000    0.000     0  00:00           0           0       0.000 ltr
  KC100                JUNCTION     0.000    0.000     0  00:00           0           0       0.000 ltr
  KC101                JUNCTION     0.000    0.000     0  00:00           0           0       0.000 ltr
  KC102                JUNCTION     0.000    0.000     0  00:00           0           0       0.000 ltr
  KC88                 OUTFALL      0.000    0.000     0  00:00           0           0       0.000 ltr
  
  
  **********************
  Node Surcharge Summary
  **********************
  
  No nodes were surcharged.
  
  
  *********************
  Node Flooding Summary
  *********************
  
  No nodes were flooded.
  
  
  ***********************
  Outfall Loading Summary
  ***********************
  
  -----------------------------------------------------------
                         Flow       Avg       Max       Total
                         Freq      Flow      Flow      Volume
  Outfall Node           Pcnt       CMS       CMS    10^6 ltr
  -----------------------------------------------------------
  KC88                   0.00     0.000     0.000       0.000
  -----------------------------------------------------------
  System                 0.00     0.000     0.000       0.000
  
  
  ********************
  Link Flow Summary
  ********************
  
  -----------------------------------------------------------------------------
                                 Maximum  Time of Max   Maximum    Max/    Max/
                                  |Flow|   Occurrence   |Veloc|    Full    Full
  Link                 Type          CMS  days hr:min     m/sec    Flow   Depth
  -----------------------------------------------------------------------------
  CHAN13               CONDUIT     0.000     0  00:00      0.00    0.00    0.00
  CHAN11               CONDUIT     0.000     0  00:00      0.00    0.00    0.00
  CHAN10               CONDUIT     0.000     0  00:00      0.00    0.00    0.00
  CHAN9                CONDUIT     0.000     0  00:00      0.00    0.00    0.00
  CHAN8                CONDUIT     0.000     0  00:00      0.00    0.00    0.00
  CHAN7                CONDUIT     0.000     0  00:00      0.00    0.00    0.00
  CHAN6                CONDUIT     0.000     0  00:00      0.00    0.00    0.00
  CHAN5                CONDUIT     0.000     0  00:00      0.00    0.00    0.00
  CHAN4                CONDUIT     0.000     0  00:00      0.00    0.00    0.00
  CHAN3                CONDUIT     0.000     0  00:00      0.00    0.00    0.00
  CHAN1                CONDUIT     0.000     0  00:00      0.00    0.00    0.00
  CHAN14               CONDUIT     0.000     0  00:00      0.00    0.00    0.00
  CHAN12               CONDUIT     0.000     0  00:00      0.00    0.00    0.00
  CHAN2                CONDUIT     0.000     0  00:00      0.00    0.00    0.00
  
  
  ***************************
  Flow Classification Summary
  ***************************
  
  -------------------------------------------------------------------------------------
                      Adjusted    ---------- Fraction of Time in Flow Class ---------- 
                       /Actual         Up    Down  Sub   Sup   Up    Down  Norm  Inlet 
  Conduit               Length    Dry  Dry   Dry   Crit  Crit  Crit  Crit  Ltd   Ctrl  
  -------------------------------------------------------------------------------------
  CHAN13                  1.00   1.00  0.00  0.00  0.00  0.00  0.00  0.00  0.00  0.00
  CHAN11                  1.00   1.00  0.00  0.00  0.00  0.00  0.00  0.00  0.00  0.00
  CHAN10                  1.00   1.00  0.00  0.00  0.00  0.00  0.00  0.00  0.00  0.00
  CHAN9                   1.00   1.00  0.00  0.00  0.00  0.00  0.00  0.00  0.00  0.00
  CHAN8                   1.00   1.00  0.00  0.00  0.00  0.00  0.00  0.00  0.00  0.00
  CHAN7                   1.00   1.00  0.00  0.00  0.00  0.00  0.00  0.00  0.00  0.00
  CHAN6                   1.00   1.00  0.00  0.00  0.00  0.00  0.00  0.00  0.00  0.00
  CHAN5                   1.00   1.00  0.00  0.00  0.00  0.00  0.00  0.00  0.00  0.00
  CHAN4                   1.00   1.00  0.00  0.00  0.00  0.00  0.00  0.00  0.00  0.00
  CHAN3                   1.00   1.00  0.00  0.00  0.00  0.00  0.00  0.00  0.00  0.00
  CHAN1                   1.00   1.00  0.00  0.00  0.00  0.00  0.00  0.00  0.00  0.00
  CHAN14                  1.00   1.00  0.00  0.00  0.00  0.00  0.00  0.00  0.00  0.00
  CHAN12                  1.00   1.00  0.00  0.00  0.00  0.00  0.00  0.00  0.00  0.00
  CHAN2                   1.00   1.00  0.00  0.00  0.00  0.00  0.00  0.00  0.00  0.00
  
  
  *************************
  Conduit Surcharge Summary
  *************************
  
  No conduits were surcharged.
  

  Analysis begun on:  Sun Jul 19 15:20:57 2026
  Analysis ended on:  Sun Jul 19 15:20:57 2026
  Total elapsed time: < 1 sec