
  EPA STORM WATER MANAGEMENT MODEL - VERSION 5.2 (Build 5.2.4)
  ------------------------------------------------------------

  CAiCE Visual Hydro US Unit Default Database 
  WARNING 04: minimum elevation drop used for Conduit EDDIE2
  WARNING 04: minimum elevation drop used for Conduit EDDIE3
  WARNING 04: minimum elevation drop used for Conduit EDDIE1
  WARNING 04: minimum elevation drop used for Conduit EDDIE4
  
  ****************
  Analysis Options
  ****************
  Flow Units ............... CFS
  Process Models:
    Rainfall/Runoff ........ NO
    RDII ................... NO
    Snowmelt ............... NO
    Groundwater ............ NO
    Flow Routing ........... YES
    Ponding Allowed ........ NO
    Water Quality .......... NO
  Flow Routing Method ...... DYNWAVE
  Surcharge Method ......... EXTRAN
  Starting Date ............ 01/01/2001 00:00:00
  Ending Date .............. 01/02/2001 00:00:00
  Antecedent Dry Days ...... 0.0
  Report Time Step ......... 00:15:00
  Routing Time Step ........ 60.00 sec
  Variable Time Step ....... YES
  Maximum Trials ........... 8
  Number of Threads ........ 1
  Head Tolerance ........... 0.003300 ft
  
  
  **************************        Volume        Volume
  Flow Routing Continuity        acre-feet      10^6 gal
  **************************     ---------     ---------
  Dry Weather Inflow .......         0.000         0.000
  Wet Weather Inflow .......         0.000         0.000
  Groundwater Inflow .......         0.000         0.000
  RDII Inflow ..............         0.000         0.000
  External Inflow ..........         1.983         0.646
  External Outflow .........         1.981         0.646
  Flooding Loss ............         0.000         0.000
  Evaporation Loss .........         0.000         0.000
  Exfiltration Loss ........         0.000         0.000
  Initial Stored Volume ....         0.000         0.000
  Final Stored Volume ......         0.002         0.001
  Continuity Error (%) .....        -0.007
  
  
  ***************************
  Time-Step Critical Elements
  ***************************
  Link EDDIE2 (99.93%)
  
  
  ********************************
  Highest Flow Instability Indexes
  ********************************
  All links are stable.
  
  
  *********************************
  Most Frequent Nonconverging Nodes
  *********************************
  Convergence obtained at all time steps.
  
  
  *************************
  Routing Time Step Summary
  *************************
  Minimum Time Step           :     4.69 sec
  Average Time Step           :     5.65 sec
  Maximum Time Step           :     7.08 sec
  % of Time in Steady State   :     0.00
  Average Iterations per Step :     2.00
  % of Steps Not Converging   :     0.00
  Time Step Frequencies       :
     60.000 - 23.031 sec      :     0.00 %
     23.031 -  8.841 sec      :     0.00 %
      8.841 -  3.393 sec      :   100.00 %
      3.393 -  1.303 sec      :     0.00 %
      1.303 -  0.500 sec      :     0.00 %
  
  
  ******************
  Node Depth Summary
  ******************
  
  ---------------------------------------------------------------------------------
                                 Average  Maximum  Maximum  Time of Max    Reported
                                   Depth    Depth      HGL   Occurrence   Max Depth
  Node                 Type         Feet     Feet     Feet  days hr:min        Feet
  ---------------------------------------------------------------------------------
  P36                  JUNCTION     0.75     0.75     0.75     0  00:22        0.75
  P27                  JUNCTION     0.70     0.70     0.70     0  00:20        0.70
  P23                  JUNCTION     0.64     0.64     0.64     0  00:20        0.64
  P17                  JUNCTION     0.55     0.55     0.55     0  00:21        0.55
  P9                   OUTFALL      0.37     0.37     0.37     1  00:00        0.37
  
  
  *******************
  Node Inflow Summary
  *******************
  
  -------------------------------------------------------------------------------------------------
                                  Maximum  Maximum                  Lateral       Total        Flow
                                  Lateral    Total  Time of Max      Inflow      Inflow     Balance
                                   Inflow   Inflow   Occurrence      Volume      Volume       Error
  Node                 Type           CFS      CFS  days hr:min    10^6 gal    10^6 gal     Percent
  -------------------------------------------------------------------------------------------------
  P36                  JUNCTION      1.00     1.00     0  00:00       0.646       0.646       0.019
  P27                  JUNCTION      0.00     1.03     0  00:00           0       0.646       0.036
  P23                  JUNCTION      0.00     1.00     0  00:23           0       0.646       0.031
  P17                  JUNCTION      0.00     1.00     0  00:21           0       0.646       0.028
  P9                   OUTFALL       0.00     1.00     1  00:00           0       0.646       0.000
  
  
  **********************
  Node Surcharge Summary
  **********************
  
  No nodes were surcharged.
  
  
  *********************
  Node Flooding Summary
  *********************
  
  No nodes were flooded.
  
  
  ***********************
  Outfall Loading Summary
  ***********************
  
  -----------------------------------------------------------
                         Flow       Avg       Max       Total
                         Freq      Flow      Flow      Volume
  Outfall Node           Pcnt       CFS       CFS    10^6 gal
  -----------------------------------------------------------
  P9                    99.95      1.00      1.00       0.646
  -----------------------------------------------------------
  System                99.95      1.00      1.00       0.646
  
  
  ********************
  Link Flow Summary
  ********************
  
  -----------------------------------------------------------------------------
                                 Maximum  Time of Max   Maximum    Max/    Max/
                                  |Flow|   Occurrence   |Veloc|    Full    Full
  Link                 Type          CFS  days hr:min    ft/sec    Flow   Depth
  -----------------------------------------------------------------------------
  EDDIE2               CONDUIT      1.00     0  00:23      2.66    5.69    0.67
  EDDIE3               CONDUIT      1.00     0  00:21      2.53    5.71    0.60
  EDDIE1               CONDUIT      1.03     0  00:00      3.09    6.02    0.72
  EDDIE4               CONDUIT      1.00     1  00:00      2.50    5.78    0.46
  
  
  ***************************
  Flow Classification Summary
  ***************************
  
  -------------------------------------------------------------------------------------
                      Adjusted    ---------- Fraction of Time in Flow Class ---------- 
                       /Actual         Up    Down  Sub   Sup   Up    Down  Norm  Inlet 
  Conduit               Length    Dry  Dry   Dry   Crit  Crit  Crit  Crit  Ltd   Ctrl  
  -------------------------------------------------------------------------------------
  EDDIE2                  1.00   0.00  0.00  0.00  1.00  0.00  0.00  0.00  0.00  0.00
  EDDIE3                  1.00   0.00  0.00  0.00  1.00  0.00  0.00  0.00  0.00  0.00
  EDDIE1                  1.00   0.00  0.00  0.00  1.00  0.00  0.00  0.00  0.00  0.00
  EDDIE4                  1.00   0.00  0.00  0.00  1.00  0.00  0.00  0.00  0.00  0.00
  
  
  *************************
  Conduit Surcharge Summary
  *************************
  
  ----------------------------------------------------------------------------
                                                           Hours        Hours 
                         --------- Hours Full --------   Above Full   Capacity
  Conduit                Both Ends  Upstream  Dnstream   Normal Flow   Limited
  ----------------------------------------------------------------------------
  EDDIE2                      0.01      0.01      0.01     23.99         0.01
  EDDIE3                      0.01      0.01      0.01     23.99         0.01
  EDDIE1                      0.01      0.01      0.01     24.00         0.01
  EDDIE4                      0.01      0.01      0.01     23.98         0.01
  

  Analysis begun on:  Wed Jul 22 14:11:03 2026
  Analysis ended on:  Wed Jul 22 14:11:03 2026
  Total elapsed time: < 1 sec