
  EPA STORM WATER MANAGEMENT MODEL - VERSION 5.2 (Build 5.2.4)
  ------------------------------------------------------------

  This is an XPX File 
  WARNING 04: minimum elevation drop used for Conduit P5206
  WARNING 04: minimum elevation drop used for Conduit P5207
  WARNING 04: minimum elevation drop used for Conduit P75223
  WARNING 08: elevation drop exceeds length for Conduit P75228
  WARNING 08: elevation drop exceeds length for Conduit P5301
  WARNING 04: minimum elevation drop used for Conduit P5304
  WARNING 04: minimum elevation drop used for Conduit P5407
  WARNING 04: minimum elevation drop used for Conduit P75405
  WARNING 04: minimum elevation drop used for Conduit P75411
  WARNING 04: minimum elevation drop used for Conduit P75417
  WARNING 04: minimum elevation drop used for Conduit P5707
  
  ****************
  Analysis Options
  ****************
  Flow Units ............... CFS
  Process Models:
    Rainfall/Runoff ........ NO
    RDII ................... NO
    Snowmelt ............... NO
    Groundwater ............ NO
    Flow Routing ........... YES
    Ponding Allowed ........ NO
    Water Quality .......... NO
  Flow Routing Method ...... DYNWAVE
  Surcharge Method ......... EXTRAN
  Starting Date ............ 01/01/2001 00:00:00
  Ending Date .............. 01/02/2001 00:00:00
  Antecedent Dry Days ...... 0.0
  Report Time Step ......... 00:15:00
  Routing Time Step ........ 10.00 sec
  Variable Time Step ....... YES
  Maximum Trials ........... 30
  Number of Threads ........ 1
  Head Tolerance ........... 0.001000 ft
  
  
  **************************        Volume        Volume
  Flow Routing Continuity        acre-feet      10^6 gal
  **************************     ---------     ---------
  Dry Weather Inflow .......         0.000         0.000
  Wet Weather Inflow .......         0.000         0.000
  Groundwater Inflow .......         0.000         0.000
  RDII Inflow ..............         0.000         0.000
  External Inflow ..........      1270.363       413.967
  External Outflow .........         0.000         0.000
  Flooding Loss ............      1260.534       410.764
  Evaporation Loss .........         0.000         0.000
  Exfiltration Loss ........         0.000         0.000
  Initial Stored Volume ....         0.001         0.000
  Final Stored Volume ......        49.647        16.178
  Continuity Error (%) .....        -3.134
  
  
  *************************
  Highest Continuity Errors
  *************************
  Node 5406 (35.79%)
  Node 5703 (-1.89%)
  Node 75405 (1.60%)
  
  
  ***************************
  Time-Step Critical Elements
  ***************************
  None
  
  
  ********************************
  Highest Flow Instability Indexes
  ********************************
  All links are stable.
  
  
  *********************************
  Most Frequent Nonconverging Nodes
  *********************************
  Node 5304 (0.71%)
  Node 5403 (0.32%)
  Node 5404 (0.29%)
  Node 5705 (0.20%)
  Node 5402 (0.19%)
  
  
  *************************
  Routing Time Step Summary
  *************************
  Minimum Time Step           :     2.75 sec
  Average Time Step           :     9.99 sec
  Maximum Time Step           :    10.00 sec
  % of Time in Steady State   :     0.00
  Average Iterations per Step :     2.34
  % of Steps Not Converging   :     0.71
  Time Step Frequencies       :
     10.000 -  5.493 sec      :    99.97 %
      5.493 -  3.017 sec      :     0.02 %
      3.017 -  1.657 sec      :     0.01 %
      1.657 -  0.910 sec      :     0.00 %
      0.910 -  0.500 sec      :     0.00 %
  
  
  ******************
  Node Depth Summary
  ******************
  
  ---------------------------------------------------------------------------------
                                 Average  Maximum  Maximum  Time of Max    Reported
                                   Depth    Depth      HGL   Occurrence   Max Depth
  Node                 Type         Feet     Feet     Feet  days hr:min        Feet
  ---------------------------------------------------------------------------------
  5203                 JUNCTION     0.00     0.00  1936.00     0  00:00        0.00
  5204                 JUNCTION     0.00     0.00  1936.00     0  00:00        0.00
  5205                 JUNCTION     0.00     0.00  1936.00     0  00:00        0.00
  5206                 JUNCTION     0.00     0.00  1936.00     0  00:00        0.00
  5207                 JUNCTION     0.00     0.00  1936.00     0  00:00        0.00
  5208                 JUNCTION     0.00     0.00  1936.00     0  00:00        0.00
  5209                 JUNCTION     0.00     0.00  1936.00     0  00:00        0.00
  5210                 JUNCTION     0.00     0.00  1936.00     0  00:00        0.00
  5211                 JUNCTION     0.00     0.00  1936.00     0  00:00        0.00
  5212                 JUNCTION     0.00     0.00  1936.00     0  00:00        0.00
  5213                 JUNCTION     0.00     0.00  1936.00     0  00:00        0.00
  5214                 JUNCTION     0.00     0.00  1936.00     0  00:00        0.00
  5215                 JUNCTION     0.00     0.00  1936.00     0  00:00        0.00
  5216                 JUNCTION     0.00     0.00  1936.00     0  00:00        0.00
  5217                 JUNCTION     0.00     0.00  1936.00     0  00:00        0.00
  5218                 JUNCTION     0.00     0.00  1936.00     0  00:00        0.00
  5219                 JUNCTION     0.00     0.00  1936.00     0  00:00        0.00
  5220                 JUNCTION     0.00     0.00  1936.00     0  00:00        0.00
  5221                 JUNCTION     0.00     0.00  1936.00     0  00:00        0.00
  5222                 JUNCTION     0.00     0.00  1936.00     0  00:00        0.00
  5223                 JUNCTION     0.00     0.00  1936.00     0  00:00        0.00
  5224                 JUNCTION     0.00     0.00  1569.00     0  00:00        0.00
  5225                 JUNCTION     0.00     0.00  1569.00     0  00:00        0.00
  5226                 JUNCTION     0.00     0.00  1569.00     0  00:00        0.00
  5227                 JUNCTION     0.00     0.00  1569.00     0  00:00        0.00
  5228                 JUNCTION     0.00     0.00  1569.00     0  00:00        0.00
  5229                 JUNCTION     0.00     0.00  1104.00     0  00:00        0.00
  5230                 JUNCTION     0.00     0.00  1104.00     0  00:00        0.00
  5231                 JUNCTION     0.00     0.00  1104.00     0  00:00        0.00
  75223                JUNCTION     0.00     0.00  1936.00     0  00:00        0.00
  75228                JUNCTION     0.00     0.00  1104.00     0  00:00        0.00
  5302                 JUNCTION     0.00     0.00  1936.00     0  00:00        0.00
  5303                 JUNCTION     0.00     0.00  1936.00     0  00:00        0.00
  5305                 JUNCTION     0.00     0.00  1193.00     0  00:00        0.00
  5306                 JUNCTION     0.00     0.00  1193.00     0  00:00        0.00
  75304                JUNCTION     0.00     0.00  1193.00     0  00:00        0.00
  5602                 JUNCTION     0.00     0.00  1118.00     0  00:00        0.00
  5603                 JUNCTION     0.00     0.00  1118.00     0  00:00        0.00
  5604                 JUNCTION     0.00     0.00  1118.00     0  00:00        0.00
  5605                 JUNCTION     0.00     0.00  1118.00     0  00:00        0.00
  5606                 JUNCTION     0.00     0.00  1118.00     0  00:00        0.00
  5607                 JUNCTION     0.00     0.00  1118.00     0  00:00        0.00
  75608                JUNCTION     0.00     0.00  1118.00     0  00:00        0.00
  5608                 JUNCTION     0.00     0.00  1118.00     0  00:00        0.00
  5401                 JUNCTION  1246.99  1247.70  2528.70     0  10:39     1247.70
  5402                 JUNCTION  1244.76  1250.48  2522.48     0  10:39     1250.48
  5403                 JUNCTION  1227.57  1237.94  2508.94     0  10:40     1237.94
  5404                 JUNCTION  1228.68  1245.76  2502.76     0  00:20     1241.20
  5405                 JUNCTION  1076.47  1088.00  2345.00     0  00:15     1088.00
  5406                 JUNCTION   743.53   756.00  2013.00     0  08:40      756.00
  5407                 JUNCTION     0.00     0.00  1257.00     0  00:00        0.00
  5408                 JUNCTION     0.00     0.00  1257.00     0  00:00        0.00
  5409                 JUNCTION     0.00     0.00  1257.00     0  00:00        0.00
  5410                 JUNCTION     0.00     0.00  1115.00     0  00:00        0.00
  5411                 JUNCTION     0.00     0.00  1115.00     0  00:00        0.00
  5412                 JUNCTION     0.00     0.00  1115.00     0  00:00        0.00
  5413                 JUNCTION     0.00     0.00  1115.00     0  00:00        0.00
  5414                 JUNCTION     0.00     0.00  1010.00     0  00:00        0.00
  5415                 JUNCTION     0.00     0.00  1010.00     0  00:00        0.00
  5416                 JUNCTION     0.00     0.00   972.00     0  00:00        0.00
  5417                 JUNCTION     0.00     0.00   972.00     0  00:00        0.00
  5418                 JUNCTION     0.00     0.00   972.00     0  00:00        0.00
  75405                JUNCTION  1067.13  1079.73  2336.73     0  00:18     1079.36
  75411                JUNCTION     0.00     0.00  1115.00     0  00:00        0.00
  75417                JUNCTION     0.00     0.00   972.00     0  00:00        0.00
  5702                 JUNCTION  1245.34  1248.06  2543.06     0  00:01     1245.72
  5703                 JUNCTION   992.43  1001.67  2296.67     0  00:01      993.53
  5704                 JUNCTION   865.10   868.88  2163.88     0  00:09      867.88
  5705                 JUNCTION   750.50   752.50  2047.50     0  00:04      752.50
  5706                 JUNCTION     0.00     0.00  1295.00     0  00:00        0.00
  5707                 JUNCTION     0.00     0.00  1295.00     0  00:00        0.00
  5708                 JUNCTION     0.00     0.00  1295.00     0  00:00        0.00
  5709                 JUNCTION     0.00     0.00  1295.00     0  00:00        0.00
  5710                 JUNCTION     0.00     0.00  1295.00     0  00:00        0.00
  5711                 JUNCTION     0.00     0.00  1295.00     0  00:00        0.00
  5712                 JUNCTION     0.00     0.00  1295.00     0  00:00        0.00
  5713                 JUNCTION     0.00     0.00  1295.00     0  00:00        0.00
  5714                 JUNCTION     0.00     0.00  1216.00     0  00:00        0.00
  5715                 JUNCTION     0.00     0.00  1216.00     0  00:00        0.00
  5716                 JUNCTION     0.00     0.00  1216.00     0  00:00        0.00
  5717                 JUNCTION     0.00     0.00  1216.00     0  00:00        0.00
  5718                 JUNCTION     0.00     0.00  1216.00     0  00:00        0.00
  5719                 JUNCTION     0.00     0.00  1216.00     0  00:00        0.00
  5720                 JUNCTION     0.00     0.00  1216.00     0  00:00        0.00
  5721                 JUNCTION     0.00     0.00  1193.00     0  00:00        0.00
  5722                 JUNCTION     0.00     0.00  1193.00     0  00:00        0.00
  5723                 JUNCTION     0.00     0.00  1193.00     0  00:00        0.00
  5725                 JUNCTION     0.00     0.00  1193.00     0  00:00        0.00
  5727                 JUNCTION     0.00     0.00  1193.00     0  00:00        0.00
  5304                 OUTFALL      0.00     0.00  1936.00     0  00:00        0.00
  
  
  *******************
  Node Inflow Summary
  *******************
  
  -------------------------------------------------------------------------------------------------
                                  Maximum  Maximum                  Lateral       Total        Flow
                                  Lateral    Total  Time of Max      Inflow      Inflow     Balance
                                   Inflow   Inflow   Occurrence      Volume      Volume       Error
  Node                 Type           CFS      CFS  days hr:min    10^6 gal    10^6 gal     Percent
  -------------------------------------------------------------------------------------------------
  5203                 JUNCTION      0.00     0.00     0  00:00           0           0       0.000 gal
  5204                 JUNCTION      0.00     0.00     0  00:00           0           0       0.000 gal
  5205                 JUNCTION      0.00     0.00     0  00:00           0           0       0.000 gal
  5206                 JUNCTION      0.00     0.00     0  00:00           0           0       0.000 gal
  5207                 JUNCTION      0.00     0.00     0  00:00           0           0       0.000 gal
  5208                 JUNCTION      0.00     0.00     0  00:00           0           0       0.000 gal
  5209                 JUNCTION      0.00     0.00     0  00:00           0           0       0.000 gal
  5210                 JUNCTION      0.00     0.00     0  00:00           0           0       0.000 gal
  5211                 JUNCTION      0.00     0.00     0  00:00           0           0       0.000 gal
  5212                 JUNCTION      0.00     0.00     0  00:00           0           0       0.000 gal
  5213                 JUNCTION      0.00     0.00     0  00:00           0           0       0.000 gal
  5214                 JUNCTION      0.00     0.00     0  00:00           0           0       0.000 gal
  5215                 JUNCTION      0.00     0.00     0  00:00           0           0       0.000 gal
  5216                 JUNCTION      0.00     0.00     0  00:00           0           0       0.000 gal
  5217                 JUNCTION      0.00     0.00     0  00:00           0           0       0.000 gal
  5218                 JUNCTION      0.00     0.00     0  00:00           0           0       0.000 gal
  5219                 JUNCTION      0.00     0.00     0  00:00           0           0       0.000 gal
  5220                 JUNCTION      0.00     0.00     0  00:00           0           0       0.000 gal
  5221                 JUNCTION      0.00     0.00     0  00:00           0           0       0.000 gal
  5222                 JUNCTION      0.00     0.00     0  00:00           0           0       0.000 gal
  5223                 JUNCTION      0.00     0.00     0  00:00           0           0       0.000 gal
  5224                 JUNCTION      0.00     0.00     0  00:00           0           0       0.000 gal
  5225                 JUNCTION      0.00     0.00     0  00:00           0           0       0.000 gal
  5226                 JUNCTION      0.00     0.00     0  00:00           0           0       0.000 gal
  5227                 JUNCTION      0.00     0.00     0  00:00           0           0       0.000 gal
  5228                 JUNCTION      0.00     0.00     0  00:00           0           0       0.000 gal
  5229                 JUNCTION      0.00     0.00     0  00:00           0           0       0.000 gal
  5230                 JUNCTION      0.00     0.00     0  00:00           0           0       0.000 gal
  5231                 JUNCTION      0.00     0.00     0  00:00           0           0       0.000 gal
  75223                JUNCTION      0.00     0.00     0  00:00           0           0       0.000 gal
  75228                JUNCTION      0.00     0.00     0  00:00           0           0       0.000 gal
  5302                 JUNCTION      0.00     0.00     0  00:00           0           0       0.000 gal
  5303                 JUNCTION      0.00     0.00     0  00:00           0           0       0.000 gal
  5305                 JUNCTION      0.00     0.00     0  00:00           0           0       0.000 gal
  5306                 JUNCTION      0.00     0.00     0  00:00           0           0       0.000 gal
  75304                JUNCTION      0.00     0.00     0  00:00           0           0       0.000 gal
  5602                 JUNCTION      0.00     0.00     0  00:00           0           0       0.000 gal
  5603                 JUNCTION      0.00     0.00     0  00:00           0           0       0.000 gal
  5604                 JUNCTION      0.00     0.00     0  00:00           0           0       0.000 gal
  5605                 JUNCTION      0.00     0.00     0  00:00           0           0       0.000 gal
  5606                 JUNCTION      0.00     0.00     0  00:00           0           0       0.000 gal
  5607                 JUNCTION      0.00     0.00     0  00:00           0           0       0.000 gal
  75608                JUNCTION      0.00     0.00     0  00:00           0           0       0.000 gal
  5608                 JUNCTION      0.00     0.00     0  00:00           0           0       0.000 gal
  5401                 JUNCTION    222.50   222.50     0  00:00         144         144       2.415
  5402                 JUNCTION      0.00   222.50     1  00:00           0         140       0.067
  5403                 JUNCTION      0.00   222.50     0  10:40           0         140       0.408
  5404                 JUNCTION      0.00  2106.13     0  00:13           0         140      -0.438
  5405                 JUNCTION      0.00  3473.01     0  00:20           0         140       0.106
  5406                 JUNCTION      0.00    63.26     0  00:18           0        6.73      55.751
  5407                 JUNCTION      0.00     0.00     0  00:00           0           0       0.000 gal
  5408                 JUNCTION      0.00     0.00     0  00:00           0           0       0.000 gal
  5409                 JUNCTION      0.00     0.00     0  00:00           0           0       0.000 gal
  5410                 JUNCTION      0.00     0.00     0  00:00           0           0       0.000 gal
  5411                 JUNCTION      0.00     0.00     0  00:00           0           0       0.000 gal
  5412                 JUNCTION      0.00     0.00     0  00:00           0           0       0.000 gal
  5413                 JUNCTION      0.00     0.00     0  00:00           0           0       0.000 gal
  5414                 JUNCTION      0.00     0.00     0  00:00           0           0       0.000 gal
  5415                 JUNCTION      0.00     0.00     0  00:00           0           0       0.000 gal
  5416                 JUNCTION      0.00     0.00     0  00:00           0           0       0.000 gal
  5417                 JUNCTION      0.00     0.00     0  00:00           0           0       0.000 gal
  5418                 JUNCTION      0.00     0.00     0  00:00           0           0       0.000 gal
  75405                JUNCTION      0.00   168.63     0  00:14           0        6.84       1.622
  75411                JUNCTION      0.00     0.00     0  00:00           0           0       0.000 gal
  75417                JUNCTION      0.00     0.00     0  00:00           0           0       0.000 gal
  5702                 JUNCTION    418.00   418.00     0  00:01         270         270      -0.054
  5703                 JUNCTION      0.00  1598.62     0  00:01           0         270      -1.855
  5704                 JUNCTION      0.00  2129.58     0  00:04           0         275       0.821
  5705                 JUNCTION      0.00  1148.71     0  00:09           0         273       0.040
  5706                 JUNCTION      0.00     0.00     0  00:00           0           0       0.000 gal
  5707                 JUNCTION      0.00     0.00     0  00:00           0           0       0.000 gal
  5708                 JUNCTION      0.00     0.00     0  00:00           0           0       0.000 gal
  5709                 JUNCTION      0.00     0.00     0  00:00           0           0       0.000 gal
  5710                 JUNCTION      0.00     0.00     0  00:00           0           0       0.000 gal
  5711                 JUNCTION      0.00     0.00     0  00:00           0           0       0.000 gal
  5712                 JUNCTION      0.00     0.00     0  00:00           0           0       0.000 gal
  5713                 JUNCTION      0.00     0.00     0  00:00           0           0       0.000 gal
  5714                 JUNCTION      0.00     0.00     0  00:00           0           0       0.000 gal
  5715                 JUNCTION      0.00     0.00     0  00:00           0           0       0.000 gal
  5716                 JUNCTION      0.00     0.00     0  00:00           0           0       0.000 gal
  5717                 JUNCTION      0.00     0.00     0  00:00           0           0       0.000 gal
  5718                 JUNCTION      0.00     0.00     0  00:00           0           0       0.000 gal
  5719                 JUNCTION      0.00     0.00     0  00:00           0           0       0.000 gal
  5720                 JUNCTION      0.00     0.00     0  00:00           0           0       0.000 gal
  5721                 JUNCTION      0.00     0.00     0  00:00           0           0       0.000 gal
  5722                 JUNCTION      0.00     0.00     0  00:00           0           0       0.000 gal
  5723                 JUNCTION      0.00     0.00     0  00:00           0           0       0.000 gal
  5725                 JUNCTION      0.00     0.00     0  00:00           0           0       0.000 gal
  5727                 JUNCTION      0.00     0.00     0  00:00           0           0       0.000 gal
  5304                 OUTFALL       0.00     0.00     0  00:00           0           0       0.000 gal
  
  
  **********************
  Node Surcharge Summary
  **********************
  
  Surcharging occurs when water rises above the top of the highest conduit.
  ---------------------------------------------------------------------
                                               Max. Height   Min. Depth
                                   Hours       Above Crown    Below Rim
  Node                 Type      Surcharged           Feet         Feet
  ---------------------------------------------------------------------
  5405                 JUNCTION       23.67          0.000        0.000
  5406                 JUNCTION       15.32          0.000        0.000
  5703                 JUNCTION        0.01          0.000        0.000
  5705                 JUNCTION       23.92          0.000        0.000
  
  
  *********************
  Node Flooding Summary
  *********************
  
  Flooding refers to all water that overflows a node, whether it ponds or not.
  --------------------------------------------------------------------------
                                                             Total   Maximum
                                 Maximum   Time of Max       Flood    Ponded
                        Hours       Rate    Occurrence      Volume     Depth
  Node                 Flooded       CFS   days hr:min    10^6 gal      Feet
  --------------------------------------------------------------------------
  5405                   23.67   2940.58      0  00:20     133.360     0.000
  5406                   15.32     10.48      0  08:40       4.324     0.000
  5703                    0.01   1228.38      0  00:01       0.098     0.000
  5705                   23.92   1148.53      0  00:09     272.967     0.000
  
  
  ***********************
  Outfall Loading Summary
  ***********************
  
  -----------------------------------------------------------
                         Flow       Avg       Max       Total
                         Freq      Flow      Flow      Volume
  Outfall Node           Pcnt       CFS       CFS    10^6 gal
  -----------------------------------------------------------
  5304                   0.00      0.00      0.00       0.000
  -----------------------------------------------------------
  System                 0.00      0.00      0.00       0.000
  
  
  ********************
  Link Flow Summary
  ********************
  
  -----------------------------------------------------------------------------
                                 Maximum  Time of Max   Maximum    Max/    Max/
                                  |Flow|   Occurrence   |Veloc|    Full    Full
  Link                 Type          CFS  days hr:min    ft/sec    Flow   Depth
  -----------------------------------------------------------------------------
  P5203                CONDUIT      0.00     0  00:00      0.00    0.00    0.00
  P5204                CONDUIT      0.00     0  00:00      0.00    0.00    0.00
  P5205                CONDUIT      0.00     0  00:00      0.00    0.00    0.00
  P5206                CONDUIT      0.00     0  00:00      0.00    0.00    0.00
  P5207                CONDUIT      0.00     0  00:00      0.00    0.00    0.00
  P5208                CONDUIT      0.00     0  00:00      0.00    0.00    0.00
  P5209                CONDUIT      0.00     0  00:00      0.00    0.00    0.00
  P5210                CONDUIT      0.00     0  00:00      0.00    0.00    0.00
  P5211                CONDUIT      0.00     0  00:00      0.00    0.00    0.00
  P5212                CONDUIT      0.00     0  00:00      0.00    0.00    0.00
  P5213                CONDUIT      0.00     0  00:00      0.00    0.00    0.00
  P5214                CONDUIT      0.00     0  00:00      0.00    0.00    0.00
  P5215                CONDUIT      0.00     0  00:00      0.00    0.00    0.00
  P5216                CONDUIT      0.00     0  00:00      0.00    0.00    0.00
  P5217                CONDUIT      0.00     0  00:00      0.00    0.00    0.00
  P5218                CONDUIT      0.00     0  00:00      0.00    0.00    0.00
  P5219                CONDUIT      0.00     0  00:00      0.00    0.00    0.00
  P5220                CONDUIT      0.00     0  00:00      0.00    0.00    0.00
  P5221                CONDUIT      0.00     0  00:00      0.00    0.00    0.00
  P5222                CONDUIT      0.00     0  00:00      0.00    0.00    0.00
  P5223                CONDUIT      0.00     0  00:00      0.00    0.00    0.00
  P5224                CONDUIT      0.00     0  00:00      0.00    0.00    0.00
  P5225                CONDUIT      0.00     0  00:00      0.00    0.00    0.00
  P5226                CONDUIT      0.00     0  00:00      0.00    0.00    0.00
  P5227                CONDUIT      0.00     0  00:00      0.00    0.00    0.00
  P5228                CONDUIT      0.00     0  00:00      0.00    0.00    0.00
  P5229                CONDUIT      0.00     0  00:00      0.00    0.00    0.00
  P5230                CONDUIT      0.00     0  00:00      0.00    0.00    0.00
  P75223               CONDUIT      0.00     0  00:00      0.00    0.00    0.00
  P75228               CONDUIT      0.00     0  00:00      0.00    0.00    0.00
  P5301                CONDUIT      0.00     0  00:00      0.00    0.00    0.00
  P5302                CONDUIT      0.00     0  00:00      0.00    0.00    0.00
  P5303                CONDUIT      0.00     0  00:00      0.00    0.00    0.00
  P5304                CONDUIT      0.00     0  00:00      0.00    0.00    0.00
  P5305                CONDUIT      0.00     0  00:00      0.00    0.00    0.00
  P5601                CONDUIT      0.00     0  00:00      0.00    0.00    0.00
  P5602                CONDUIT      0.00     0  00:00      0.00    0.00    0.00
  P5603                CONDUIT      0.00     0  00:00      0.00    0.00    0.00
  P5604                CONDUIT      0.00     0  00:00      0.00    0.00    0.00
  P5605                CONDUIT      0.00     0  00:00      0.00    0.00    0.00
  P5606                CONDUIT      0.00     0  00:00      0.00    0.00    0.00
  P5607                CONDUIT      0.00     0  00:00      0.00    0.00    0.00
  P5401                CONDUIT    222.50     1  00:00     45.79    1.27    0.58
  P5402                CONDUIT    222.50     0  10:40     21.08    0.17    0.59
  P5403                CONDUIT   2106.13     0  00:13    >50.00    3.63    0.62
  P5404                CONDUIT   3473.01     0  00:20    >50.00    0.59    0.78
  P5405                CONDUIT     63.26     0  00:18     19.65    0.02    0.52
  P5406                CONDUIT      0.00     0  00:00      0.00    0.00    0.50
  P5407                CONDUIT      0.00     0  00:00      0.00    0.00    0.00
  P5408                CONDUIT      0.00     0  00:00      0.00    0.00    0.00
  P5409                CONDUIT      0.00     0  00:00      0.00    0.00    0.00
  P5410                CONDUIT      0.00     0  00:00      0.00    0.00    0.00
  P5411                CONDUIT      0.00     0  00:00      0.00    0.00    0.00
  P5412                CONDUIT      0.00     0  00:00      0.00    0.00    0.00
  P5413                CONDUIT      0.00     0  00:00      0.00    0.00    0.00
  P5414                CONDUIT      0.00     0  00:00      0.00    0.00    0.00
  P5415                CONDUIT      0.00     0  00:00      0.00    0.00    0.00
  P5416                CONDUIT      0.00     0  00:00      0.00    0.00    0.00
  P5417                CONDUIT      0.00     0  00:00      0.00    0.00    0.00
  P5418                CONDUIT      0.00     0  00:00      0.00    0.00    0.00
  P75405               CONDUIT    168.63     0  00:14    >50.00  1496.72    1.00
  P75411               CONDUIT      0.00     0  00:00      0.00    0.00    0.00
  P75417               CONDUIT      0.00     0  00:00      0.00    0.00    0.00
  P5702                CONDUIT   1598.62     0  00:01    >50.00    0.18    0.66
  P5703                CONDUIT   2129.58     0  00:04     28.00    0.96    1.00
  P5704                CONDUIT   1148.71     0  00:09     21.23    0.62    0.78
  P5705                CONDUIT      0.00     0  00:00      0.00    0.00    0.50
  P5706                CONDUIT      0.00     0  00:00      0.00    0.00    0.00
  P5707                CONDUIT      0.00     0  00:00      0.00    0.00    0.00
  P5708                CONDUIT      0.00     0  00:00      0.00    0.00    0.00
  P5709                CONDUIT      0.00     0  00:00      0.00    0.00    0.00
  P5710                CONDUIT      0.00     0  00:00      0.00    0.00    0.00
  P5711                CONDUIT      0.00     0  00:00      0.00    0.00    0.00
  P5712                CONDUIT      0.00     0  00:00      0.00    0.00    0.00
  P5713                CONDUIT      0.00     0  00:00      0.00    0.00    0.00
  P5714                CONDUIT      0.00     0  00:00      0.00    0.00    0.00
  P5715                CONDUIT      0.00     0  00:00      0.00    0.00    0.00
  P5716                CONDUIT      0.00     0  00:00      0.00    0.00    0.00
  P5717                CONDUIT      0.00     0  00:00      0.00    0.00    0.00
  P5718                CONDUIT      0.00     0  00:00      0.00    0.00    0.00
  P5719                CONDUIT      0.00     0  00:00      0.00    0.00    0.00
  P5720                CONDUIT      0.00     0  00:00      0.00    0.00    0.00
  P5721                CONDUIT      0.00     0  00:00      0.00    0.00    0.00
  P5722                CONDUIT      0.00     0  00:00      0.00    0.00    0.00
  P5723                CONDUIT      0.00     0  00:00      0.00    0.00    0.00
  P5724                CONDUIT      0.00     0  00:00      0.00    0.00    0.00
  P5725                CONDUIT      0.00     0  00:00      0.00    0.00    0.00
  P5726                CONDUIT      0.00     0  00:00      0.00    0.00    0.00
  
  
  ***************************
  Flow Classification Summary
  ***************************
  
  -------------------------------------------------------------------------------------
                      Adjusted    ---------- Fraction of Time in Flow Class ---------- 
                       /Actual         Up    Down  Sub   Sup   Up    Down  Norm  Inlet 
  Conduit               Length    Dry  Dry   Dry   Crit  Crit  Crit  Crit  Ltd   Ctrl  
  -------------------------------------------------------------------------------------
  P5203                   1.00   1.00  0.00  0.00  0.00  0.00  0.00  0.00  0.00  0.00
  P5204                   1.00   1.00  0.00  0.00  0.00  0.00  0.00  0.00  0.00  0.00
  P5205                   1.00   1.00  0.00  0.00  0.00  0.00  0.00  0.00  0.00  0.00
  P5206                   1.00   1.00  0.00  0.00  0.00  0.00  0.00  0.00  0.00  0.00
  P5207                   1.00   1.00  0.00  0.00  0.00  0.00  0.00  0.00  0.00  0.00
  P5208                   1.00   1.00  0.00  0.00  0.00  0.00  0.00  0.00  0.00  0.00
  P5209                   1.00   1.00  0.00  0.00  0.00  0.00  0.00  0.00  0.00  0.00
  P5210                   1.00   1.00  0.00  0.00  0.00  0.00  0.00  0.00  0.00  0.00
  P5211                   1.00   1.00  0.00  0.00  0.00  0.00  0.00  0.00  0.00  0.00
  P5212                   1.00   1.00  0.00  0.00  0.00  0.00  0.00  0.00  0.00  0.00
  P5213                   1.00   1.00  0.00  0.00  0.00  0.00  0.00  0.00  0.00  0.00
  P5214                   1.00   1.00  0.00  0.00  0.00  0.00  0.00  0.00  0.00  0.00
  P5215                   1.00   1.00  0.00  0.00  0.00  0.00  0.00  0.00  0.00  0.00
  P5216                   1.00   1.00  0.00  0.00  0.00  0.00  0.00  0.00  0.00  0.00
  P5217                   1.00   1.00  0.00  0.00  0.00  0.00  0.00  0.00  0.00  0.00
  P5218                   1.00   1.00  0.00  0.00  0.00  0.00  0.00  0.00  0.00  0.00
  P5219                   1.00   1.00  0.00  0.00  0.00  0.00  0.00  0.00  0.00  0.00
  P5220                   1.00   1.00  0.00  0.00  0.00  0.00  0.00  0.00  0.00  0.00
  P5221                   1.00   1.00  0.00  0.00  0.00  0.00  0.00  0.00  0.00  0.00
  P5222                   1.00   1.00  0.00  0.00  0.00  0.00  0.00  0.00  0.00  0.00
  P5223                   1.00   1.00  0.00  0.00  0.00  0.00  0.00  0.00  0.00  0.00
  P5224                   1.00   1.00  0.00  0.00  0.00  0.00  0.00  0.00  0.00  0.00
  P5225                   1.00   1.00  0.00  0.00  0.00  0.00  0.00  0.00  0.00  0.00
  P5226                   1.00   1.00  0.00  0.00  0.00  0.00  0.00  0.00  0.00  0.00
  P5227                   1.00   1.00  0.00  0.00  0.00  0.00  0.00  0.00  0.00  0.00
  P5228                   1.00   1.00  0.00  0.00  0.00  0.00  0.00  0.00  0.00  0.00
  P5229                   1.00   1.00  0.00  0.00  0.00  0.00  0.00  0.00  0.00  0.00
  P5230                   1.00   1.00  0.00  0.00  0.00  0.00  0.00  0.00  0.00  0.00
  P75223                  1.00   1.00  0.00  0.00  0.00  0.00  0.00  0.00  0.00  0.00
  P75228                  1.00   1.00  0.00  0.00  0.00  0.00  0.00  0.00  0.00  0.00
  P5301                   1.00   1.00  0.00  0.00  0.00  0.00  0.00  0.00  0.00  0.00
  P5302                   1.00   1.00  0.00  0.00  0.00  0.00  0.00  0.00  0.00  0.00
  P5303                   1.00   1.00  0.00  0.00  0.00  0.00  0.00  0.00  0.00  0.00
  P5304                   1.00   1.00  0.00  0.00  0.00  0.00  0.00  0.00  0.00  0.00
  P5305                   1.00   1.00  0.00  0.00  0.00  0.00  0.00  0.00  0.00  0.00
  P5601                   1.00   1.00  0.00  0.00  0.00  0.00  0.00  0.00  0.00  0.00
  P5602                   1.00   1.00  0.00  0.00  0.00  0.00  0.00  0.00  0.00  0.00
  P5603                   1.00   1.00  0.00  0.00  0.00  0.00  0.00  0.00  0.00  0.00
  P5604                   1.00   1.00  0.00  0.00  0.00  0.00  0.00  0.00  0.00  0.00
  P5605                   1.00   1.00  0.00  0.00  0.00  0.00  0.00  0.00  0.00  0.00
  P5606                   1.00   1.00  0.00  0.00  0.00  0.00  0.00  0.00  0.00  0.00
  P5607                   1.00   1.00  0.00  0.00  0.00  0.00  0.00  0.00  0.00  0.00
  P5401                   1.00   0.00  0.00  0.00  0.00  0.00  0.00  1.00  0.00  0.00
  P5402                   1.00   0.01  0.00  0.00  0.00  0.99  0.00  0.01  0.99  0.00
  P5403                   1.00   0.01  0.00  0.00  0.00  0.00  0.00  0.99  0.00  0.00
  P5404                   1.00   0.01  0.00  0.00  0.99  0.00  0.00  0.00  0.99  0.00
  P5405                   1.00   0.01  0.00  0.00  0.98  0.00  0.00  0.00  0.98  0.00
  P5406                   1.00   0.02  0.98  0.00  0.00  0.00  0.00  0.00  0.00  0.00
  P5407                   1.00   1.00  0.00  0.00  0.00  0.00  0.00  0.00  0.00  0.00
  P5408                   1.00   1.00  0.00  0.00  0.00  0.00  0.00  0.00  0.00  0.00
  P5409                   1.00   1.00  0.00  0.00  0.00  0.00  0.00  0.00  0.00  0.00
  P5410                   1.00   1.00  0.00  0.00  0.00  0.00  0.00  0.00  0.00  0.00
  P5411                   1.00   1.00  0.00  0.00  0.00  0.00  0.00  0.00  0.00  0.00
  P5412                   1.00   1.00  0.00  0.00  0.00  0.00  0.00  0.00  0.00  0.00
  P5413                   1.00   1.00  0.00  0.00  0.00  0.00  0.00  0.00  0.00  0.00
  P5414                   1.00   1.00  0.00  0.00  0.00  0.00  0.00  0.00  0.00  0.00
  P5415                   1.00   1.00  0.00  0.00  0.00  0.00  0.00  0.00  0.00  0.00
  P5416                   1.00   1.00  0.00  0.00  0.00  0.00  0.00  0.00  0.00  0.00
  P5417                   1.00   1.00  0.00  0.00  0.00  0.00  0.00  0.00  0.00  0.00
  P5418                   1.00   1.00  0.00  0.00  0.00  0.00  0.00  0.00  0.00  0.00
  P75405                  1.00   0.01  0.00  0.00  0.99  0.00  0.00  0.00  0.00  0.00
  P75411                  1.00   1.00  0.00  0.00  0.00  0.00  0.00  0.00  0.00  0.00
  P75417                  1.00   1.00  0.00  0.00  0.00  0.00  0.00  0.00  0.00  0.00
  P5702                   1.00   0.00  0.00  0.00  0.00  1.00  0.00  0.00  1.00  0.00
  P5703                   1.00   0.00  0.00  0.00  0.00  0.99  0.00  0.00  0.99  0.00
  P5704                   1.00   0.00  0.00  0.00  1.00  0.00  0.00  0.00  1.00  0.00
  P5705                   1.00   0.00  1.00  0.00  0.00  0.00  0.00  0.00  0.00  0.00
  P5706                   1.00   1.00  0.00  0.00  0.00  0.00  0.00  0.00  0.00  0.00
  P5707                   1.00   1.00  0.00  0.00  0.00  0.00  0.00  0.00  0.00  0.00
  P5708                   1.00   1.00  0.00  0.00  0.00  0.00  0.00  0.00  0.00  0.00
  P5709                   1.00   1.00  0.00  0.00  0.00  0.00  0.00  0.00  0.00  0.00
  P5710                   1.00   1.00  0.00  0.00  0.00  0.00  0.00  0.00  0.00  0.00
  P5711                   1.00   1.00  0.00  0.00  0.00  0.00  0.00  0.00  0.00  0.00
  P5712                   1.00   1.00  0.00  0.00  0.00  0.00  0.00  0.00  0.00  0.00
  P5713                   1.00   1.00  0.00  0.00  0.00  0.00  0.00  0.00  0.00  0.00
  P5714                   1.00   1.00  0.00  0.00  0.00  0.00  0.00  0.00  0.00  0.00
  P5715                   1.00   1.00  0.00  0.00  0.00  0.00  0.00  0.00  0.00  0.00
  P5716                   1.00   1.00  0.00  0.00  0.00  0.00  0.00  0.00  0.00  0.00
  P5717                   1.00   1.00  0.00  0.00  0.00  0.00  0.00  0.00  0.00  0.00
  P5718                   1.00   1.00  0.00  0.00  0.00  0.00  0.00  0.00  0.00  0.00
  P5719                   1.00   1.00  0.00  0.00  0.00  0.00  0.00  0.00  0.00  0.00
  P5720                   1.00   1.00  0.00  0.00  0.00  0.00  0.00  0.00  0.00  0.00
  P5721                   1.00   1.00  0.00  0.00  0.00  0.00  0.00  0.00  0.00  0.00
  P5722                   1.00   1.00  0.00  0.00  0.00  0.00  0.00  0.00  0.00  0.00
  P5723                   1.00   1.00  0.00  0.00  0.00  0.00  0.00  0.00  0.00  0.00
  P5724                   1.00   1.00  0.00  0.00  0.00  0.00  0.00  0.00  0.00  0.00
  P5725                   1.00   1.00  0.00  0.00  0.00  0.00  0.00  0.00  0.00  0.00
  P5726                   1.00   1.00  0.00  0.00  0.00  0.00  0.00  0.00  0.00  0.00
  
  
  *************************
  Conduit Surcharge Summary
  *************************
  
  ----------------------------------------------------------------------------
                                                           Hours        Hours 
                         --------- Hours Full --------   Above Full   Capacity
  Conduit                Both Ends  Upstream  Dnstream   Normal Flow   Limited
  ----------------------------------------------------------------------------
  P5401                       0.01      0.01      0.01     23.13         0.01
  P5402                       0.01      0.01      0.01      0.01         0.01
  P5403                       0.01      0.01      0.01      0.01         0.01
  P5404                       0.01      0.06     23.67      0.01         0.01
  P5405                       0.01      0.01     15.32      0.01         0.01
  P75405                     23.77     23.77     23.77     23.77        23.77
  P5702                       0.01      0.01      0.01      0.01         0.01
  P5703                       0.01      0.03      0.01      0.01         0.01
  P5704                       0.01      0.01     23.92      0.01         0.01
  

  Analysis begun on:  Wed Jul 22 14:11:17 2026
  Analysis ended on:  Wed Jul 22 14:11:17 2026
  Total elapsed time: < 1 sec