
  EPA STORM WATER MANAGEMENT MODEL - VERSION 5.2 (Build 5.2.4)
  ------------------------------------------------------------

  Converted from XPSWMM .xp file 
  WARNING 04: minimum elevation drop used for Conduit 4
  WARNING 04: minimum elevation drop used for Conduit 6
  WARNING 04: minimum elevation drop used for Conduit 8
  WARNING 04: minimum elevation drop used for Conduit 10
  WARNING 04: minimum elevation drop used for Conduit 12
  WARNING 04: minimum elevation drop used for Conduit 14
  
  ****************
  Analysis Options
  ****************
  Flow Units ............... CFS
  Process Models:
    Rainfall/Runoff ........ NO
    RDII ................... NO
    Snowmelt ............... NO
    Groundwater ............ NO
    Flow Routing ........... YES
    Ponding Allowed ........ NO
    Water Quality .......... NO
  Flow Routing Method ...... DYNWAVE
  Surcharge Method ......... EXTRAN
  Starting Date ............ 01/01/2001 00:00:00
  Ending Date .............. 01/02/2001 00:00:00
  Antecedent Dry Days ...... 0.0
  Report Time Step ......... 00:15:00
  Routing Time Step ........ 60.00 sec
  Variable Time Step ....... YES
  Maximum Trials ........... 8
  Number of Threads ........ 1
  Head Tolerance ........... 0.005000 ft
  
  
  **************************        Volume        Volume
  Flow Routing Continuity        acre-feet      10^6 gal
  **************************     ---------     ---------
  Dry Weather Inflow .......         0.000         0.000
  Wet Weather Inflow .......         0.000         0.000
  Groundwater Inflow .......         0.000         0.000
  RDII Inflow ..............         0.000         0.000
  External Inflow ..........         1.983         0.646
  External Outflow .........         0.619         0.202
  Flooding Loss ............         0.000         0.000
  Evaporation Loss .........         0.000         0.000
  Exfiltration Loss ........         0.000         0.000
  Initial Stored Volume ....         0.000         0.000
  Final Stored Volume ......         1.149         0.375
  Continuity Error (%) .....        10.827
  
  
  *************************
  Highest Continuity Errors
  *************************
  Node 7 (8.04%)
  Node 9 (6.84%)
  Node 3 (3.39%)
  Node 5 (3.12%)
  
  
  ***************************
  Time-Step Critical Elements
  ***************************
  Link 6 (97.90%)
  Link 4 (1.73%)
  
  
  ********************************
  Highest Flow Instability Indexes
  ********************************
  All links are stable.
  
  
  *********************************
  Most Frequent Nonconverging Nodes
  *********************************
  Node 11 (0.04%)
  Node 3 (0.02%)
  Node 2 (0.02%)
  Node 9 (0.01%)
  Node 7 (0.01%)
  
  
  *************************
  Routing Time Step Summary
  *************************
  Minimum Time Step           :     1.69 sec
  Average Time Step           :     5.27 sec
  Maximum Time Step           :    60.00 sec
  % of Time in Steady State   :     0.00
  Average Iterations per Step :     2.00
  % of Steps Not Converging   :     0.04
  Time Step Frequencies       :
     60.000 - 23.031 sec      :     0.35 %
     23.031 -  8.841 sec      :     0.00 %
      8.841 -  3.393 sec      :    99.64 %
      3.393 -  1.303 sec      :     0.01 %
      1.303 -  0.500 sec      :     0.00 %
  
  
  ******************
  Node Depth Summary
  ******************
  
  ---------------------------------------------------------------------------------
                                 Average  Maximum  Maximum  Time of Max    Reported
                                   Depth    Depth      HGL   Occurrence   Max Depth
  Node                 Type         Feet     Feet     Feet  days hr:min        Feet
  ---------------------------------------------------------------------------------
  2                    JUNCTION   200.25   200.58   405.58     0  00:56      200.54
  3                    JUNCTION   198.98   200.49   405.49     0  04:57      200.49
  5                    JUNCTION   193.19   200.37   405.37     0  04:57      200.37
  7                    JUNCTION   183.91   200.34   405.34     0  04:58      200.34
  9                    JUNCTION   178.23   200.30   405.30     0  04:58      200.30
  11                   OUTFALL      0.00     0.00   205.00     0  00:00        0.00
  offline              STORAGE      2.46     5.00   210.00     1  00:00        5.00
  
  
  *******************
  Node Inflow Summary
  *******************
  
  -------------------------------------------------------------------------------------------------
                                  Maximum  Maximum                  Lateral       Total        Flow
                                  Lateral    Total  Time of Max      Inflow      Inflow     Balance
                                   Inflow   Inflow   Occurrence      Volume      Volume       Error
  Node                 Type           CFS      CFS  days hr:min    10^6 gal    10^6 gal     Percent
  -------------------------------------------------------------------------------------------------
  2                    JUNCTION      1.00     1.00     0  00:00       0.646       0.646       2.285
  3                    JUNCTION      0.00    24.00     0  00:43           0       0.632       3.507
  5                    JUNCTION      0.00     1.01     0  02:02           0        0.61       3.224
  7                    JUNCTION      0.00     0.53     0  03:26           0       0.236       8.748
  9                    JUNCTION      0.00     0.45     0  04:42           0       0.217       7.340
  11                   OUTFALL       0.00     0.39     0  05:00           0       0.202       0.000
  offline              STORAGE       0.00     0.61     0  04:58           0       0.356      -4.804
  
  
  **********************
  Node Surcharge Summary
  **********************
  
  No nodes were surcharged.
  
  
  *********************
  Node Flooding Summary
  *********************
  
  No nodes were flooded.
  
  
  **********************
  Storage Volume Summary
  **********************
  
  ------------------------------------------------------------------------------------------------
                         Average    Avg   Evap  Exfil     Maximum    Max    Time of Max    Maximum
                          Volume   Pcnt   Pcnt   Pcnt      Volume   Pcnt     Occurrence    Outflow
  Storage Unit          1000 ft³   Full   Loss   Loss    1000 ft³   Full    days hr:min        CFS
  ------------------------------------------------------------------------------------------------
  offline                 24.611   24.6    0.0    0.0      49.975   50.0       1  00:00       0.00
  
  
  ***********************
  Outfall Loading Summary
  ***********************
  
  -----------------------------------------------------------
                         Flow       Avg       Max       Total
                         Freq      Flow      Flow      Volume
  Outfall Node           Pcnt       CFS       CFS    10^6 gal
  -----------------------------------------------------------
  11                    83.27      0.39      0.39       0.202
  -----------------------------------------------------------
  System                83.27      0.39      0.39       0.202
  
  
  ********************
  Link Flow Summary
  ********************
  
  -----------------------------------------------------------------------------
                                 Maximum  Time of Max   Maximum    Max/    Max/
                                  |Flow|   Occurrence   |Veloc|    Full    Full
  Link                 Type          CFS  days hr:min    ft/sec    Flow   Depth
  -----------------------------------------------------------------------------
  4                    CONDUIT     24.00     0  00:43     30.41    1.24    0.10
  6                    CONDUIT      1.01     0  02:02      2.02    0.05    0.09
  8                    CONDUIT      0.53     0  03:26      1.54    0.03    0.07
  10                   CONDUIT      0.45     0  04:42      1.50    0.02    0.06
  12                   CONDUIT      0.39     0  05:00      1.45    0.02    0.04
  14                   CONDUIT      0.61     0  04:58      1.64    0.03    0.06
  
  
  ***************************
  Flow Classification Summary
  ***************************
  
  -------------------------------------------------------------------------------------
                      Adjusted    ---------- Fraction of Time in Flow Class ---------- 
                       /Actual         Up    Down  Sub   Sup   Up    Down  Norm  Inlet 
  Conduit               Length    Dry  Dry   Dry   Crit  Crit  Crit  Crit  Ltd   Ctrl  
  -------------------------------------------------------------------------------------
  4                       1.00   0.04  0.00  0.00  0.94  0.00  0.00  0.02  0.00  0.00
  6                       1.00   0.06  0.00  0.00  0.92  0.00  0.00  0.03  0.00  0.00
  8                       1.00   0.08  0.00  0.00  0.86  0.00  0.00  0.06  0.00  0.00
  10                      1.00   0.14  0.00  0.00  0.80  0.00  0.00  0.05  0.00  0.00
  12                      1.00   0.20  0.00  0.00  0.00  0.00  0.00  0.80  0.00  0.00
  14                      1.00   0.08  0.00  0.00  0.00  0.00  0.00  0.92  0.00  0.00
  
  
  *************************
  Conduit Surcharge Summary
  *************************
  
  ----------------------------------------------------------------------------
                                                           Hours        Hours 
                         --------- Hours Full --------   Above Full   Capacity
  Conduit                Both Ends  Upstream  Dnstream   Normal Flow   Limited
  ----------------------------------------------------------------------------
  4                           0.01      0.01      0.01      0.02         0.01
  6                           0.01      0.01      0.39      0.01         0.01
  8                           0.01      0.01      1.10      0.01         0.01
  10                          0.01      0.01      2.50      0.01         0.01
  12                          0.01      3.77      0.01      0.01         0.01
  14                          0.01      1.10      0.01      0.01         0.01
  

  Analysis begun on:  Wed Jul 22 14:12:01 2026
  Analysis ended on:  Wed Jul 22 14:12:02 2026
  Total elapsed time: 00:00:01