
  EPA STORM WATER MANAGEMENT MODEL - VERSION 5.2 (Build 5.2.4)
  ------------------------------------------------------------

  Converted from XPSWMM .xp file 
  
  ****************
  Analysis Options
  ****************
  Flow Units ............... CFS
  Process Models:
    Rainfall/Runoff ........ NO
    RDII ................... NO
    Snowmelt ............... NO
    Groundwater ............ NO
    Flow Routing ........... YES
    Ponding Allowed ........ NO
    Water Quality .......... NO
  Flow Routing Method ...... DYNWAVE
  Surcharge Method ......... EXTRAN
  Starting Date ............ 01/01/2001 00:00:00
  Ending Date .............. 01/02/2001 00:00:00
  Antecedent Dry Days ...... 0.0
  Report Time Step ......... 00:15:00
  Routing Time Step ........ 10.00 sec
  Variable Time Step ....... YES
  Maximum Trials ........... 50
  Number of Threads ........ 1
  Head Tolerance ........... 0.003300 ft
  
  
  **************************        Volume        Volume
  Flow Routing Continuity        acre-feet      10^6 gal
  **************************     ---------     ---------
  Dry Weather Inflow .......         0.000         0.000
  Wet Weather Inflow .......         0.000         0.000
  Groundwater Inflow .......         0.000         0.000
  RDII Inflow ..............         0.000         0.000
  External Inflow ..........         1.983         0.646
  External Outflow .........        11.201         3.650
  Flooding Loss ............         6.289         2.049
  Evaporation Loss .........         0.000         0.000
  Exfiltration Loss ........         0.000         0.000
  Initial Stored Volume ....         0.000         0.000
  Final Stored Volume ......         0.085         0.028
  Continuity Error (%) .....      -786.096
  
  
  *************************
  Highest Continuity Errors
  *************************
  Node 7 (-18.44%)
  Node 2 (-17.70%)
  Node 3 (2.50%)
  
  
  ***************************
  Time-Step Critical Elements
  ***************************
  Link 9 (32.47%)
  Link dummylink (7.67%)
  Link overflow (1.20%)
  
  
  ********************************
  Highest Flow Instability Indexes
  ********************************
  Link orifice1 (121)
  Link orifice2 (103)
  Link 9 (90)
  Link dummylink (81)
  Link overflow (55)
  
  
  *********************************
  Most Frequent Nonconverging Nodes
  *********************************
  Node dummynode (65.00%)
  Node 3 (54.23%)
  Node 7 (52.96%)
  Node 1 (49.45%)
  Node 2 (43.71%)
  
  
  *************************
  Routing Time Step Summary
  *************************
  Minimum Time Step           :     0.50 sec
  Average Time Step           :     8.28 sec
  Maximum Time Step           :    10.00 sec
  % of Time in Steady State   :     0.00
  Average Iterations per Step :    37.39
  % of Steps Not Converging   :    65.00
  Time Step Frequencies       :
     10.000 -  5.493 sec      :    80.82 %
      5.493 -  3.017 sec      :    14.21 %
      3.017 -  1.657 sec      :     2.18 %
      1.657 -  0.910 sec      :     2.68 %
      0.910 -  0.500 sec      :     0.11 %
  
  
  ******************
  Node Depth Summary
  ******************
  
  ---------------------------------------------------------------------------------
                                 Average  Maximum  Maximum  Time of Max    Reported
                                   Depth    Depth      HGL   Occurrence   Max Depth
  Node                 Type         Feet     Feet     Feet  days hr:min        Feet
  ---------------------------------------------------------------------------------
  1                    JUNCTION    94.21   120.00   240.00     0  01:36      104.10
  2                    JUNCTION    95.29   119.90   239.90     0  01:36      104.08
  3                    JUNCTION    95.24   103.90   223.90     0  01:36      103.68
  7                    JUNCTION    94.07   104.00   224.00     0  01:36      104.00
  dummynode            OUTFALL      0.00     0.00   120.00     0  00:00        0.00
  
  
  *******************
  Node Inflow Summary
  *******************
  
  -------------------------------------------------------------------------------------------------
                                  Maximum  Maximum                  Lateral       Total        Flow
                                  Lateral    Total  Time of Max      Inflow      Inflow     Balance
                                   Inflow   Inflow   Occurrence      Volume      Volume       Error
  Node                 Type           CFS      CFS  days hr:min    10^6 gal    10^6 gal     Percent
  -------------------------------------------------------------------------------------------------
  1                    JUNCTION      1.00  7127.81     0  01:36       0.646        12.6     -12.844
  2                    JUNCTION      0.00 12324.14     0  23:39           0        7.85     -15.040
  3                    JUNCTION      0.00   624.99     0  01:36           0        9.16       2.562
  7                    JUNCTION      0.00   643.99     0  23:39           0        11.1     -15.572
  dummynode            OUTFALL       0.00   109.26     0  03:19           0        3.65       0.000
  
  
  **********************
  Node Surcharge Summary
  **********************
  
  Surcharging occurs when water rises above the top of the highest conduit.
  ---------------------------------------------------------------------
                                               Max. Height   Min. Depth
                                   Hours       Above Crown    Below Rim
  Node                 Type      Surcharged           Feet         Feet
  ---------------------------------------------------------------------
  1                    JUNCTION        0.01          0.000        0.000
  2                    JUNCTION        0.01          0.000        0.000
  3                    JUNCTION        0.14          0.000        0.000
  7                    JUNCTION        0.21          0.000        0.000
  
  
  *********************
  Node Flooding Summary
  *********************
  
  Flooding refers to all water that overflows a node, whether it ponds or not.
  --------------------------------------------------------------------------
                                                             Total   Maximum
                                 Maximum   Time of Max       Flood    Ponded
                        Hours       Rate    Occurrence      Volume     Depth
  Node                 Flooded       CFS   days hr:min    10^6 gal      Feet
  --------------------------------------------------------------------------
  1                       0.01   3384.67      0  01:36       0.238     0.000
  2                       0.01   9645.03      0  01:36       0.299     0.000
  3                       0.14    445.03      0  01:36       0.640     0.000
  7                       0.21    459.63      0  01:36       0.913     0.000
  
  
  ***********************
  Outfall Loading Summary
  ***********************
  
  -----------------------------------------------------------
                         Flow       Avg       Max       Total
                         Freq      Flow      Flow      Volume
  Outfall Node           Pcnt       CFS       CFS    10^6 gal
  -----------------------------------------------------------
  dummynode             94.45      8.23    109.26       3.650
  -----------------------------------------------------------
  System                94.45      8.23    109.26       3.650
  
  
  ********************
  Link Flow Summary
  ********************
  
  -----------------------------------------------------------------------------
                                 Maximum  Time of Max   Maximum    Max/    Max/
                                  |Flow|   Occurrence   |Veloc|    Full    Full
  Link                 Type          CFS  days hr:min    ft/sec    Flow   Depth
  -----------------------------------------------------------------------------
  9                    CONDUIT    168.68     0  22:06    >50.00    4.00    1.00
  dummylink            CONDUIT    109.26     0  03:19      9.24    5.79    0.89
  overflow             CONDUIT  12324.14     0  23:39     19.13    0.50    0.87
  orifice2             ORIFICE    607.50     0  01:36                      1.00
  orifice1             ORIFICE    720.43     0  05:16                      1.00
  
  
  ***************************
  Flow Classification Summary
  ***************************
  
  -------------------------------------------------------------------------------------
                      Adjusted    ---------- Fraction of Time in Flow Class ---------- 
                       /Actual         Up    Down  Sub   Sup   Up    Down  Norm  Inlet 
  Conduit               Length    Dry  Dry   Dry   Crit  Crit  Crit  Crit  Ltd   Ctrl  
  -------------------------------------------------------------------------------------
  9                       1.00   0.07  0.00  0.00  0.72  0.05  0.01  0.15  0.24  0.00
  dummylink               1.00   0.07  0.00  0.00  0.00  0.00  0.00  0.93  0.00  0.00
  overflow                1.00   0.07  0.00  0.00  0.92  0.00  0.01  0.00  0.00  0.00
  
  
  *************************
  Conduit Surcharge Summary
  *************************
  
  ----------------------------------------------------------------------------
                                                           Hours        Hours 
                         --------- Hours Full --------   Above Full   Capacity
  Conduit                Both Ends  Upstream  Dnstream   Normal Flow   Limited
  ----------------------------------------------------------------------------
  9                           0.14      0.97      0.15      1.13         0.01
  dummylink                   0.01      0.15      0.01      0.68         0.01
  overflow                    0.01      0.01      0.01      0.01         0.01
  

  Analysis begun on:  Wed Jul 22 14:13:52 2026
  Analysis ended on:  Wed Jul 22 14:13:52 2026
  Total elapsed time: < 1 sec