
  EPA STORM WATER MANAGEMENT MODEL - VERSION 5.2 (Build 5.2.4)
  ------------------------------------------------------------

  OVERLAND FLOW NORTH OF THE CHINA BASIN CHANNEL 
  WARNING 04: minimum elevation drop used for Conduit 1490
  WARNING 04: minimum elevation drop used for Conduit 1420
  WARNING 04: minimum elevation drop used for Conduit 1560
  
  ****************
  Analysis Options
  ****************
  Flow Units ............... CFS
  Process Models:
    Rainfall/Runoff ........ NO
    RDII ................... NO
    Snowmelt ............... NO
    Groundwater ............ NO
    Flow Routing ........... YES
    Ponding Allowed ........ NO
    Water Quality .......... NO
  Flow Routing Method ...... DYNWAVE
  Surcharge Method ......... EXTRAN
  Starting Date ............ 01/01/2001 00:00:00
  Ending Date .............. 01/02/2001 00:00:00
  Antecedent Dry Days ...... 0.0
  Report Time Step ......... 00:15:00
  Routing Time Step ........ 5.00 sec
  Variable Time Step ....... YES
  Maximum Trials ........... 30
  Number of Threads ........ 1
  Head Tolerance ........... 0.005000 ft
  
  
  **************************        Volume        Volume
  Flow Routing Continuity        acre-feet      10^6 gal
  **************************     ---------     ---------
  Dry Weather Inflow .......         0.000         0.000
  Wet Weather Inflow .......         0.000         0.000
  Groundwater Inflow .......         0.000         0.000
  RDII Inflow ..............         0.000         0.000
  External Inflow ..........         0.000         0.000
  External Outflow .........         0.000         0.000
  Flooding Loss ............         0.000         0.000
  Evaporation Loss .........         0.000         0.000
  Exfiltration Loss ........         0.000         0.000
  Initial Stored Volume ....         0.001         0.000
  Final Stored Volume ......         0.001         0.000
  Continuity Error (%) .....         0.000
  
  
  ***************************
  Time-Step Critical Elements
  ***************************
  None
  
  
  ********************************
  Highest Flow Instability Indexes
  ********************************
  All links are stable.
  
  
  *********************************
  Most Frequent Nonconverging Nodes
  *********************************
  Convergence obtained at all time steps.
  
  
  *************************
  Routing Time Step Summary
  *************************
  Minimum Time Step           :     4.50 sec
  Average Time Step           :     5.00 sec
  Maximum Time Step           :     5.00 sec
  % of Time in Steady State   :     0.00
  Average Iterations per Step :     2.00
  % of Steps Not Converging   :     0.00
  Time Step Frequencies       :
      5.000 -  3.155 sec      :   100.00 %
      3.155 -  1.991 sec      :     0.00 %
      1.991 -  1.256 sec      :     0.00 %
      1.256 -  0.792 sec      :     0.00 %
      0.792 -  0.500 sec      :     0.00 %
  
  
  ******************
  Node Depth Summary
  ******************
  
  ---------------------------------------------------------------------------------
                                 Average  Maximum  Maximum  Time of Max    Reported
                                   Depth    Depth      HGL   Occurrence   Max Depth
  Node                 Type         Feet     Feet     Feet  days hr:min        Feet
  ---------------------------------------------------------------------------------
  110                  JUNCTION     0.00     0.00    21.50     0  00:00        0.00
  100                  JUNCTION     0.00     0.00    15.50     0  00:00        0.00
  120                  JUNCTION     0.00     0.00    20.70     0  00:00        0.00
  130                  JUNCTION     0.00     0.00    14.00     0  00:00        0.00
  150                  JUNCTION     0.00     0.00     9.70     0  00:00        0.00
  170                  JUNCTION     0.00     0.00    11.50     0  00:00        0.00
  180                  JUNCTION     0.00     0.00    10.00     0  00:00        0.00
  200                  JUNCTION     0.00     0.00     9.30     0  00:00        0.00
  210                  JUNCTION     0.00     0.00     9.70     0  00:00        0.00
  220                  JUNCTION     0.00     0.00     9.50     0  00:00        0.00
  230                  JUNCTION     0.00     0.00    10.00     0  00:00        0.00
  300                  JUNCTION     0.00     0.00     9.30     0  00:00        0.00
  310                  JUNCTION     0.00     0.00     9.20     0  00:00        0.00
  330                  JUNCTION     0.00     0.00     8.00     0  00:00        0.00
  350                  JUNCTION     0.00     0.00     6.60     0  00:00        0.00
  370                  JUNCTION     0.00     0.00    10.00     0  00:00        0.00
  450                  JUNCTION     0.00     0.00     9.50     0  00:00        0.00
  460                  JUNCTION     0.00     0.00     9.20     0  00:00        0.00
  480                  JUNCTION     0.00     0.00     7.60     0  00:00        0.00
  510                  JUNCTION     0.00     0.00     7.10     0  00:00        0.00
  560                  JUNCTION     0.00     0.00    18.50     0  00:00        0.00
  570                  JUNCTION     0.00     0.00    16.30     0  00:00        0.00
  580                  JUNCTION     0.00     0.00    12.60     0  00:00        0.00
  590                  JUNCTION     0.00     0.00    11.00     0  00:00        0.00
  600                  JUNCTION     0.00     0.00     9.00     0  00:00        0.00
  610                  JUNCTION     0.00     0.00     9.10     0  00:00        0.00
  420                  JUNCTION     0.00     0.00     6.00     0  00:00        0.00
  500                  JUNCTION     0.00     0.00     9.60     0  00:00        0.00
  470                  JUNCTION     0.00     0.00     8.20     0  00:00        0.00
  380                  JUNCTION     0.00     0.00     6.00     0  00:00        0.00
  320                  JUNCTION     0.00     0.00     9.20     0  00:00        0.00
  190                  JUNCTION     0.00     0.00     9.65     0  00:00        0.00
  520                  JUNCTION     0.00     0.00     9.50     0  00:00        0.00
  490                  JUNCTION     0.00     0.00     8.60     0  00:00        0.00
  410                  JUNCTION     0.00     0.00     6.00     0  00:00        0.00
  340                  JUNCTION     0.00     0.00     6.30     0  00:00        0.00
  440                  JUNCTION     0.00     0.00     6.50     0  00:00        0.00
  390                  JUNCTION     0.00     0.00     6.50     0  00:00        0.00
  430                  JUNCTION     0.00     0.00     6.00     0  00:00        0.00
  240                  JUNCTION     0.00     0.00     9.50     0  00:00        0.00
  160                  OUTFALL      0.00     0.00    10.00     0  00:00        0.00
  360                  STORAGE      0.00     0.00     5.00     0  00:00        0.00
  
  
  *******************
  Node Inflow Summary
  *******************
  
  -------------------------------------------------------------------------------------------------
                                  Maximum  Maximum                  Lateral       Total        Flow
                                  Lateral    Total  Time of Max      Inflow      Inflow     Balance
                                   Inflow   Inflow   Occurrence      Volume      Volume       Error
  Node                 Type           CFS      CFS  days hr:min    10^6 gal    10^6 gal     Percent
  -------------------------------------------------------------------------------------------------
  110                  JUNCTION      0.00     0.00     0  00:00           0           0       0.000 gal
  100                  JUNCTION      0.00     0.00     0  00:00           0           0       0.000 gal
  120                  JUNCTION      0.00     0.00     0  00:00           0           0       0.000 gal
  130                  JUNCTION      0.00     0.00     0  00:00           0           0       0.000 gal
  150                  JUNCTION      0.00     0.00     0  00:00           0           0       0.000 gal
  170                  JUNCTION      0.00     0.00     0  00:00           0           0       0.000 gal
  180                  JUNCTION      0.00     0.00     0  00:00           0           0       0.000 gal
  200                  JUNCTION      0.00     0.00     0  00:00           0           0       0.000 gal
  210                  JUNCTION      0.00     0.00     0  00:00           0           0       0.000 gal
  220                  JUNCTION      0.00     0.00     0  00:00           0           0       0.000 gal
  230                  JUNCTION      0.00     0.00     0  00:00           0           0       0.000 gal
  300                  JUNCTION      0.00     0.00     0  00:00           0           0       0.000 gal
  310                  JUNCTION      0.00     0.00     0  00:00           0           0       0.000 gal
  330                  JUNCTION      0.00     0.00     0  00:00           0           0       0.000 gal
  350                  JUNCTION      0.00     0.00     0  00:00           0           0       0.000 gal
  370                  JUNCTION      0.00     0.00     0  00:00           0           0       0.000 gal
  450                  JUNCTION      0.00     0.00     0  00:00           0           0       0.000 gal
  460                  JUNCTION      0.00     0.00     0  00:00           0           0       0.000 gal
  480                  JUNCTION      0.00     0.00     0  00:00           0           0       0.000 gal
  510                  JUNCTION      0.00     0.00     0  00:00           0           0       0.000 gal
  560                  JUNCTION      0.00     0.00     0  00:00           0           0       0.000 gal
  570                  JUNCTION      0.00     0.00     0  00:00           0           0       0.000 gal
  580                  JUNCTION      0.00     0.00     0  00:00           0           0       0.000 gal
  590                  JUNCTION      0.00     0.00     0  00:00           0           0       0.000 gal
  600                  JUNCTION      0.00     0.00     0  00:00           0           0       0.000 gal
  610                  JUNCTION      0.00     0.00     0  00:00           0           0       0.000 gal
  420                  JUNCTION      0.00     0.00     0  00:00           0           0       0.000 gal
  500                  JUNCTION      0.00     0.00     0  00:00           0           0       0.000 gal
  470                  JUNCTION      0.00     0.00     0  00:00           0           0       0.000 gal
  380                  JUNCTION      0.00     0.00     0  00:00           0           0       0.000 gal
  320                  JUNCTION      0.00     0.00     0  00:00           0           0       0.000 gal
  190                  JUNCTION      0.00     0.00     0  00:00           0           0       0.000 gal
  520                  JUNCTION      0.00     0.00     0  00:00           0           0       0.000 gal
  490                  JUNCTION      0.00     0.00     0  00:00           0           0       0.000 gal
  410                  JUNCTION      0.00     0.00     0  00:00           0           0       0.000 gal
  340                  JUNCTION      0.00     0.00     0  00:00           0           0       0.000 gal
  440                  JUNCTION      0.00     0.00     0  00:00           0           0       0.000 gal
  390                  JUNCTION      0.00     0.00     0  00:00           0           0       0.000 gal
  430                  JUNCTION      0.00     0.00     0  00:00           0           0       0.000 gal
  240                  JUNCTION      0.00     0.00     0  00:00           0           0       0.000 gal
  160                  OUTFALL       0.00     0.00     0  00:00           0           0       0.000 gal
  360                  STORAGE       0.00     0.00     0  00:00           0           0       0.000 gal
  
  
  **********************
  Node Surcharge Summary
  **********************
  
  No nodes were surcharged.
  
  
  *********************
  Node Flooding Summary
  *********************
  
  No nodes were flooded.
  
  
  **********************
  Storage Volume Summary
  **********************
  
  ------------------------------------------------------------------------------------------------
                         Average    Avg   Evap  Exfil     Maximum    Max    Time of Max    Maximum
                          Volume   Pcnt   Pcnt   Pcnt      Volume   Pcnt     Occurrence    Outflow
  Storage Unit          1000 ft³   Full   Loss   Loss    1000 ft³   Full    days hr:min        CFS
  ------------------------------------------------------------------------------------------------
  360                      0.000    0.0    0.0    0.0       0.000    0.0       0  00:00       0.00
  
  
  ***********************
  Outfall Loading Summary
  ***********************
  
  -----------------------------------------------------------
                         Flow       Avg       Max       Total
                         Freq      Flow      Flow      Volume
  Outfall Node           Pcnt       CFS       CFS    10^6 gal
  -----------------------------------------------------------
  160                    0.00      0.00      0.00       0.000
  -----------------------------------------------------------
  System                 0.00      0.00      0.00       0.000
  
  
  ********************
  Link Flow Summary
  ********************
  
  -----------------------------------------------------------------------------
                                 Maximum  Time of Max   Maximum    Max/    Max/
                                  |Flow|   Occurrence   |Veloc|    Full    Full
  Link                 Type          CFS  days hr:min    ft/sec    Flow   Depth
  -----------------------------------------------------------------------------
  1100                 CONDUIT      0.00     0  00:00      0.00    0.00    0.00
  1110                 CONDUIT      0.00     0  00:00      0.00    0.00    0.00
  1120                 CONDUIT      0.00     0  00:00      0.00    0.00    0.00
  1130                 CONDUIT      0.00     0  00:00      0.00    0.00    0.00
  1140                 CONDUIT      0.00     0  00:00      0.00    0.00    0.00
  1200                 CONDUIT      0.00     0  00:00      0.00    0.00    0.00
  1230                 CONDUIT      0.00     0  00:00      0.00    0.00    0.00
  1240                 CONDUIT      0.00     0  00:00      0.00    0.00    0.00
  1250                 CONDUIT      0.00     0  00:00      0.00    0.00    0.00
  1410                 CONDUIT      0.00     0  00:00      0.00    0.00    0.00
  1460                 CONDUIT      0.00     0  00:00      0.00    0.00    0.00
  1470                 CONDUIT      0.00     0  00:00      0.00    0.00    0.00
  1820                 CONDUIT      0.00     0  00:00      0.00    0.00    0.00
  1830                 CONDUIT      0.00     0  00:00      0.00    0.00    0.00
  1840                 CONDUIT      0.00     0  00:00      0.00    0.00    0.00
  1850                 CONDUIT      0.00     0  00:00      0.00    0.00    0.00
  1860                 CONDUIT      0.00     0  00:00      0.00    0.00    0.00
  1150                 CONDUIT      0.00     0  00:00      0.00    0.00    0.00
  1260                 CONDUIT      0.00     0  00:00      0.00    0.00    0.00
  1480                 CONDUIT      0.00     0  00:00      0.00    0.00    0.00
  1720                 CONDUIT      0.00     0  00:00      0.00    0.00    0.00
  1160                 CONDUIT      0.00     0  00:00      0.00    0.00    0.00
  1270                 CONDUIT      0.00     0  00:00      0.00    0.00    0.00
  1490                 CONDUIT      0.00     0  00:00      0.00    0.00    0.00
  1730                 CONDUIT      0.00     0  00:00      0.00    0.00    0.00
  1170                 CONDUIT      0.00     0  00:00      0.00    0.00    0.00
  1590                 CONDUIT      0.00     0  00:00      0.00    0.00    0.00
  1180                 CONDUIT      0.00     0  00:00      0.00    0.00    0.00
  1190                 CONDUIT      0.00     0  00:00      0.00    0.00    0.00
  1810                 CONDUIT      0.00     0  00:00      0.00    0.00    0.00
  1660                 CONDUIT      0.00     0  00:00      0.00    0.00    0.00
  1650                 CONDUIT      0.00     0  00:00      0.00    0.00    0.00
  1670                 CONDUIT      0.00     0  00:00      0.00    0.00    0.00
  1550                 CONDUIT      0.00     0  00:00      0.00    0.00    0.00
  1500                 CONDUIT      0.00     0  00:00      0.00    0.00    0.00
  1430                 CONDUIT      0.00     0  00:00      0.00    0.00    0.00
  1420                 CONDUIT      0.00     0  00:00      0.00    0.00    0.00
  1280                 CONDUIT      0.00     0  00:00      0.00    0.00    0.00
  1220                 CONDUIT      0.00     0  00:00      0.00    0.00    0.00
  1210                 CONDUIT      0.00     0  00:00      0.00    0.00    0.00
  1700                 CONDUIT      0.00     0  00:00      0.00    0.00    0.00
  1710                 CONDUIT      0.00     0  00:00      0.00    0.00    0.00
  1740                 CONDUIT      0.00     0  00:00      0.00    0.00    0.00
  1760                 CONDUIT      0.00     0  00:00      0.00    0.00    0.00
  1680                 CONDUIT      0.00     0  00:00      0.00    0.00    0.00
  1690                 CONDUIT      0.00     0  00:00      0.00    0.00    0.00
  1640                 CONDUIT      0.00     0  00:00      0.00    0.00    0.00
  1530                 CONDUIT      0.00     0  00:00      0.00    0.00    0.00
  1510                 CONDUIT      0.00     0  00:00      0.00    0.00    0.00
  1440                 CONDUIT      0.00     0  00:00      0.00    0.00    0.00
  1450                 CONDUIT      0.00     0  00:00      0.00    0.00    0.00
  1290                 CONDUIT      0.00     0  00:00      0.00    0.00    0.00
  1310                 CONDUIT      0.00     0  00:00      0.00    0.00    0.00
  1600                 CONDUIT      0.00     0  00:00      0.00    0.00    0.00
  1560                 CONDUIT      0.00     0  00:00      0.00    0.00    0.00
  1520                 CONDUIT      0.00     0  00:00      0.00    0.00    0.00
  1540                 CONDUIT      0.00     0  00:00      0.00    0.00    0.00
  1580                 CONDUIT      0.00     0  00:00      0.00    0.00    0.00
  1300                 CONDUIT      0.00     0  00:00      0.00    0.00    0.00
  1570                 WEIR         0.00     0  00:00                      0.00
  
  
  ***************************
  Flow Classification Summary
  ***************************
  
  -------------------------------------------------------------------------------------
                      Adjusted    ---------- Fraction of Time in Flow Class ---------- 
                       /Actual         Up    Down  Sub   Sup   Up    Down  Norm  Inlet 
  Conduit               Length    Dry  Dry   Dry   Crit  Crit  Crit  Crit  Ltd   Ctrl  
  -------------------------------------------------------------------------------------
  1100                    1.00   1.00  0.00  0.00  0.00  0.00  0.00  0.00  0.00  0.00
  1110                    1.00   1.00  0.00  0.00  0.00  0.00  0.00  0.00  0.00  0.00
  1120                    1.00   1.00  0.00  0.00  0.00  0.00  0.00  0.00  0.00  0.00
  1130                    1.00   1.00  0.00  0.00  0.00  0.00  0.00  0.00  0.00  0.00
  1140                    1.00   1.00  0.00  0.00  0.00  0.00  0.00  0.00  0.00  0.00
  1200                    1.00   1.00  0.00  0.00  0.00  0.00  0.00  0.00  0.00  0.00
  1230                    1.00   1.00  0.00  0.00  0.00  0.00  0.00  0.00  0.00  0.00
  1240                    1.00   1.00  0.00  0.00  0.00  0.00  0.00  0.00  0.00  0.00
  1250                    1.00   1.00  0.00  0.00  0.00  0.00  0.00  0.00  0.00  0.00
  1410                    1.00   1.00  0.00  0.00  0.00  0.00  0.00  0.00  0.00  0.00
  1460                    1.00   1.00  0.00  0.00  0.00  0.00  0.00  0.00  0.00  0.00
  1470                    1.00   1.00  0.00  0.00  0.00  0.00  0.00  0.00  0.00  0.00
  1820                    1.00   1.00  0.00  0.00  0.00  0.00  0.00  0.00  0.00  0.00
  1830                    1.00   1.00  0.00  0.00  0.00  0.00  0.00  0.00  0.00  0.00
  1840                    1.00   1.00  0.00  0.00  0.00  0.00  0.00  0.00  0.00  0.00
  1850                    1.00   1.00  0.00  0.00  0.00  0.00  0.00  0.00  0.00  0.00
  1860                    1.00   1.00  0.00  0.00  0.00  0.00  0.00  0.00  0.00  0.00
  1150                    1.00   1.00  0.00  0.00  0.00  0.00  0.00  0.00  0.00  0.00
  1260                    1.00   1.00  0.00  0.00  0.00  0.00  0.00  0.00  0.00  0.00
  1480                    1.00   1.00  0.00  0.00  0.00  0.00  0.00  0.00  0.00  0.00
  1720                    1.00   1.00  0.00  0.00  0.00  0.00  0.00  0.00  0.00  0.00
  1160                    1.00   1.00  0.00  0.00  0.00  0.00  0.00  0.00  0.00  0.00
  1270                    1.00   1.00  0.00  0.00  0.00  0.00  0.00  0.00  0.00  0.00
  1490                    1.00   1.00  0.00  0.00  0.00  0.00  0.00  0.00  0.00  0.00
  1730                    1.00   1.00  0.00  0.00  0.00  0.00  0.00  0.00  0.00  0.00
  1170                    1.00   1.00  0.00  0.00  0.00  0.00  0.00  0.00  0.00  0.00
  1590                    1.00   1.00  0.00  0.00  0.00  0.00  0.00  0.00  0.00  0.00
  1180                    1.00   1.00  0.00  0.00  0.00  0.00  0.00  0.00  0.00  0.00
  1190                    1.00   1.00  0.00  0.00  0.00  0.00  0.00  0.00  0.00  0.00
  1810                    1.00   1.00  0.00  0.00  0.00  0.00  0.00  0.00  0.00  0.00
  1660                    1.00   1.00  0.00  0.00  0.00  0.00  0.00  0.00  0.00  0.00
  1650                    1.00   1.00  0.00  0.00  0.00  0.00  0.00  0.00  0.00  0.00
  1670                    1.00   1.00  0.00  0.00  0.00  0.00  0.00  0.00  0.00  0.00
  1550                    1.00   1.00  0.00  0.00  0.00  0.00  0.00  0.00  0.00  0.00
  1500                    1.00   1.00  0.00  0.00  0.00  0.00  0.00  0.00  0.00  0.00
  1430                    1.00   1.00  0.00  0.00  0.00  0.00  0.00  0.00  0.00  0.00
  1420                    1.00   1.00  0.00  0.00  0.00  0.00  0.00  0.00  0.00  0.00
  1280                    1.00   1.00  0.00  0.00  0.00  0.00  0.00  0.00  0.00  0.00
  1220                    1.00   1.00  0.00  0.00  0.00  0.00  0.00  0.00  0.00  0.00
  1210                    1.00   1.00  0.00  0.00  0.00  0.00  0.00  0.00  0.00  0.00
  1700                    1.00   1.00  0.00  0.00  0.00  0.00  0.00  0.00  0.00  0.00
  1710                    1.00   1.00  0.00  0.00  0.00  0.00  0.00  0.00  0.00  0.00
  1740                    1.00   1.00  0.00  0.00  0.00  0.00  0.00  0.00  0.00  0.00
  1760                    1.00   1.00  0.00  0.00  0.00  0.00  0.00  0.00  0.00  0.00
  1680                    1.00   1.00  0.00  0.00  0.00  0.00  0.00  0.00  0.00  0.00
  1690                    1.00   1.00  0.00  0.00  0.00  0.00  0.00  0.00  0.00  0.00
  1640                    1.00   1.00  0.00  0.00  0.00  0.00  0.00  0.00  0.00  0.00
  1530                    1.00   1.00  0.00  0.00  0.00  0.00  0.00  0.00  0.00  0.00
  1510                    1.00   1.00  0.00  0.00  0.00  0.00  0.00  0.00  0.00  0.00
  1440                    1.00   1.00  0.00  0.00  0.00  0.00  0.00  0.00  0.00  0.00
  1450                    1.00   1.00  0.00  0.00  0.00  0.00  0.00  0.00  0.00  0.00
  1290                    1.00   1.00  0.00  0.00  0.00  0.00  0.00  0.00  0.00  0.00
  1310                    1.00   1.00  0.00  0.00  0.00  0.00  0.00  0.00  0.00  0.00
  1600                    1.00   1.00  0.00  0.00  0.00  0.00  0.00  0.00  0.00  0.00
  1560                    1.00   1.00  0.00  0.00  0.00  0.00  0.00  0.00  0.00  0.00
  1520                    1.00   1.00  0.00  0.00  0.00  0.00  0.00  0.00  0.00  0.00
  1540                    1.00   1.00  0.00  0.00  0.00  0.00  0.00  0.00  0.00  0.00
  1580                    1.00   1.00  0.00  0.00  0.00  0.00  0.00  0.00  0.00  0.00
  1300                    1.00   1.00  0.00  0.00  0.00  0.00  0.00  0.00  0.00  0.00
  
  
  *************************
  Conduit Surcharge Summary
  *************************
  
  No conduits were surcharged.
  

  Analysis begun on:  Sun Jul 19 15:21:41 2026
  Analysis ended on:  Sun Jul 19 15:21:42 2026
  Total elapsed time: 00:00:01