
  EPA STORM WATER MANAGEMENT MODEL - VERSION 5.2 (Build 5.2.4)
  ------------------------------------------------------------

  PEBBLE CREEK VILLAGE UNIT 13 
  
  ****************
  Analysis Options
  ****************
  Flow Units ............... CFS
  Process Models:
    Rainfall/Runoff ........ NO
    RDII ................... NO
    Snowmelt ............... NO
    Groundwater ............ NO
    Flow Routing ........... YES
    Ponding Allowed ........ NO
    Water Quality .......... NO
  Flow Routing Method ...... DYNWAVE
  Surcharge Method ......... EXTRAN
  Starting Date ............ 01/01/2001 00:00:00
  Ending Date .............. 01/02/2001 00:00:00
  Antecedent Dry Days ...... 0.0
  Report Time Step ......... 00:15:00
  Routing Time Step ........ 1.00 sec
  Variable Time Step ....... YES
  Maximum Trials ........... 50
  Number of Threads ........ 1
  Head Tolerance ........... 0.005000 ft
  
  
  **************************        Volume        Volume
  Flow Routing Continuity        acre-feet      10^6 gal
  **************************     ---------     ---------
  Dry Weather Inflow .......         0.000         0.000
  Wet Weather Inflow .......         0.000         0.000
  Groundwater Inflow .......         0.000         0.000
  RDII Inflow ..............         0.000         0.000
  External Inflow ..........         1.983         0.646
  External Outflow .........         1.916         0.625
  Flooding Loss ............         0.000         0.000
  Evaporation Loss .........         0.000         0.000
  Exfiltration Loss ........         0.000         0.000
  Initial Stored Volume ....         0.000         0.000
  Final Stored Volume ......         0.008         0.003
  Continuity Error (%) .....         2.973
  
  
  *************************
  Highest Continuity Errors
  *************************
  Node 10A (1.05%)
  
  
  ***************************
  Time-Step Critical Elements
  ***************************
  None
  
  
  ********************************
  Highest Flow Instability Indexes
  ********************************
  All links are stable.
  
  
  *********************************
  Most Frequent Nonconverging Nodes
  *********************************
  Convergence obtained at all time steps.
  
  
  *************************
  Routing Time Step Summary
  *************************
  Minimum Time Step           :     0.50 sec
  Average Time Step           :     1.00 sec
  Maximum Time Step           :     1.00 sec
  % of Time in Steady State   :     0.00
  Average Iterations per Step :     2.00
  % of Steps Not Converging   :     0.00
  Time Step Frequencies       :
      1.000 -  0.871 sec      :   100.00 %
      0.871 -  0.758 sec      :     0.00 %
      0.758 -  0.660 sec      :     0.00 %
      0.660 -  0.574 sec      :     0.00 %
      0.574 -  0.500 sec      :     0.00 %
  
  
  ******************
  Node Depth Summary
  ******************
  
  ---------------------------------------------------------------------------------
                                 Average  Maximum  Maximum  Time of Max    Reported
                                   Depth    Depth      HGL   Occurrence   Max Depth
  Node                 Type         Feet     Feet     Feet  days hr:min        Feet
  ---------------------------------------------------------------------------------
  10A                  JUNCTION    51.35    51.97   107.97     0  01:37       51.97
  50A                  JUNCTION    49.49    50.62   106.62     0  00:37       50.59
  50B                  JUNCTION    48.87    50.35   105.95     0  01:38       50.35
  D.A.E1a              JUNCTION     0.00     0.00    55.00     0  00:00        0.00
  228                  JUNCTION    52.13    52.33   108.33     0  00:12       52.33
  50-BOUNDRY           OUTFALL      0.00     0.00    55.50     0  00:00        0.00
  D.A.                 STORAGE      0.00     0.00    56.50     0  00:00        0.00
  D.A._2               STORAGE      0.00     0.00    56.50     0  00:00        0.00
  D.A._3               STORAGE      0.00     0.00    55.00     0  00:00        0.00
  D.A._4               STORAGE      0.00     0.00    56.50     0  00:00        0.00
  
  
  *******************
  Node Inflow Summary
  *******************
  
  -------------------------------------------------------------------------------------------------
                                  Maximum  Maximum                  Lateral       Total        Flow
                                  Lateral    Total  Time of Max      Inflow      Inflow     Balance
                                   Inflow   Inflow   Occurrence      Volume      Volume       Error
  Node                 Type           CFS      CFS  days hr:min    10^6 gal    10^6 gal     Percent
  -------------------------------------------------------------------------------------------------
  10A                  JUNCTION      0.00     1.01     0  00:12           0       0.641       1.059
  50A                  JUNCTION      0.00     1.00     1  00:00           0       0.634       0.758
  50B                  JUNCTION      0.00     1.16     0  00:37           0        0.63       0.826
  D.A.E1a              JUNCTION      0.00     0.00     0  00:00           0           0       0.000 gal
  228                  JUNCTION      1.00     1.00     0  00:00       0.646       0.646       0.806
  50-BOUNDRY           OUTFALL       0.00     1.00     0  01:39           0       0.624       0.000
  D.A.                 STORAGE       0.00     0.00     0  00:00           0           0       0.000 gal
  D.A._2               STORAGE       0.00     0.00     0  00:00           0           0       0.000 gal
  D.A._3               STORAGE       0.00     0.00     0  00:00           0           0       0.000 gal
  D.A._4               STORAGE       0.00     0.00     0  00:00           0           0       0.000 gal
  
  
  **********************
  Node Surcharge Summary
  **********************
  
  No nodes were surcharged.
  
  
  *********************
  Node Flooding Summary
  *********************
  
  No nodes were flooded.
  
  
  **********************
  Storage Volume Summary
  **********************
  
  ------------------------------------------------------------------------------------------------
                         Average    Avg   Evap  Exfil     Maximum    Max    Time of Max    Maximum
                          Volume   Pcnt   Pcnt   Pcnt      Volume   Pcnt     Occurrence    Outflow
  Storage Unit          1000 ft³   Full   Loss   Loss    1000 ft³   Full    days hr:min        CFS
  ------------------------------------------------------------------------------------------------
  D.A.                     0.000    0.0    0.0    0.0       0.000    0.0       0  00:00       0.00
  D.A._2                   0.000    0.0    0.0    0.0       0.000    0.0       0  00:00       0.00
  D.A._3                   0.000    0.0    0.0    0.0       0.000    0.0       0  00:00       0.00
  D.A._4                   0.000    0.0    0.0    0.0       0.000    0.0       0  00:00       0.00
  
  
  ***********************
  Outfall Loading Summary
  ***********************
  
  -----------------------------------------------------------
                         Flow       Avg       Max       Total
                         Freq      Flow      Flow      Volume
  Outfall Node           Pcnt       CFS       CFS    10^6 gal
  -----------------------------------------------------------
  50-BOUNDRY            96.69      1.00      1.00       0.624
  -----------------------------------------------------------
  System                96.69      1.00      1.00       0.624
  
  
  ********************
  Link Flow Summary
  ********************
  
  -----------------------------------------------------------------------------
                                 Maximum  Time of Max   Maximum    Max/    Max/
                                  |Flow|   Occurrence   |Veloc|    Full    Full
  Link                 Type          CFS  days hr:min    ft/sec    Flow   Depth
  -----------------------------------------------------------------------------
  NEW                  CONDUIT      1.00     1  00:00      2.31    0.03    0.11
  REACH                CONDUIT      1.16     0  00:37      5.50    0.01    0.07
  REACH_2              CONDUIT      1.00     0  01:39      3.02    0.01    0.06
  REACH_3              CONDUIT      0.00     0  00:00      0.00    0.00    0.00
  reach11c             CONDUIT      0.00     0  00:00      0.00    0.00    0.08
  reach1a              CONDUIT      1.01     0  00:12      2.69    0.04    0.14
  REACH_11             ORIFICE      0.00     0  00:00                      0.00
  reach4               ORIFICE      0.00     0  00:00                      0.00
  reach2               WEIR         0.00     0  00:00                      0.00
  
  
  ***************************
  Flow Classification Summary
  ***************************
  
  -------------------------------------------------------------------------------------
                      Adjusted    ---------- Fraction of Time in Flow Class ---------- 
                       /Actual         Up    Down  Sub   Sup   Up    Down  Norm  Inlet 
  Conduit               Length    Dry  Dry   Dry   Crit  Crit  Crit  Crit  Ltd   Ctrl  
  -------------------------------------------------------------------------------------
  NEW                     1.00   0.02  0.00  0.00  0.00  0.00  0.00  0.98  0.00  0.00
  REACH                   1.00   0.03  0.00  0.00  0.00  0.97  0.00  0.01  0.97  0.00
  REACH_2                 1.00   0.03  0.00  0.00  0.00  0.00  0.00  0.97  0.00  0.00
  REACH_3                 1.00   1.00  0.00  0.00  0.00  0.00  0.00  0.00  0.00  0.00
  reach11c                1.00   0.03  0.97  0.00  0.00  0.00  0.00  0.00  0.00  0.00
  reach1a                 1.00   0.01  0.00  0.00  0.98  0.00  0.00  0.01  0.98  0.00
  
  
  *************************
  Conduit Surcharge Summary
  *************************
  
  No conduits were surcharged.
  

  Analysis begun on:  Wed Jul 22 14:14:25 2026
  Analysis ended on:  Wed Jul 22 14:14:25 2026
  Total elapsed time: < 1 sec