
  EPA STORM WATER MANAGEMENT MODEL - VERSION 5.2 (Build 5.2.4)
  ------------------------------------------------------------

  PENHILLS INTERCEPTOR MODEL 
  
  ****************
  Analysis Options
  ****************
  Flow Units ............... CFS
  Process Models:
    Rainfall/Runoff ........ NO
    RDII ................... NO
    Snowmelt ............... NO
    Groundwater ............ NO
    Flow Routing ........... YES
    Ponding Allowed ........ NO
    Water Quality .......... NO
  Flow Routing Method ...... DYNWAVE
  Surcharge Method ......... EXTRAN
  Starting Date ............ 01/01/2001 00:00:00
  Ending Date .............. 01/02/2001 00:00:00
  Antecedent Dry Days ...... 0.0
  Report Time Step ......... 00:15:00
  Routing Time Step ........ 15.00 sec
  Variable Time Step ....... YES
  Maximum Trials ........... 50
  Number of Threads ........ 1
  Head Tolerance ........... 0.003300 ft
  
  
  **************************        Volume        Volume
  Flow Routing Continuity        acre-feet      10^6 gal
  **************************     ---------     ---------
  Dry Weather Inflow .......         0.000         0.000
  Wet Weather Inflow .......         0.000         0.000
  Groundwater Inflow .......         0.000         0.000
  RDII Inflow ..............         0.000         0.000
  External Inflow ..........         3.967         1.293
  External Outflow .........         1.531         0.499
  Flooding Loss ............         0.000         0.000
  Evaporation Loss .........         0.000         0.000
  Exfiltration Loss ........         0.000         0.000
  Initial Stored Volume ....         0.000         0.000
  Final Stored Volume ......         1.986         0.647
  Continuity Error (%) .....        11.344
  
  
  *************************
  Highest Continuity Errors
  *************************
  Node TP (12.95%)
  
  
  ***************************
  Time-Step Critical Elements
  ***************************
  Link PPS (95.31%)
  
  
  ********************************
  Highest Flow Instability Indexes
  ********************************
  All links are stable.
  
  
  *********************************
  Most Frequent Nonconverging Nodes
  *********************************
  Node PS (0.01%)
  Node TP1 (0.01%)
  
  
  *************************
  Routing Time Step Summary
  *************************
  Minimum Time Step           :     0.76 sec
  Average Time Step           :     6.19 sec
  Maximum Time Step           :    15.00 sec
  % of Time in Steady State   :     0.00
  Average Iterations per Step :     2.01
  % of Steps Not Converging   :     0.01
  Time Step Frequencies       :
     15.000 -  7.597 sec      :     4.69 %
      7.597 -  3.848 sec      :    95.31 %
      3.848 -  1.949 sec      :     0.00 %
      1.949 -  0.987 sec      :     0.00 %
      0.987 -  0.500 sec      :     0.01 %
  
  
  ******************
  Node Depth Summary
  ******************
  
  ---------------------------------------------------------------------------------
                                 Average  Maximum  Maximum  Time of Max    Reported
                                   Depth    Depth      HGL   Occurrence   Max Depth
  Node                 Type         Feet     Feet     Feet  days hr:min        Feet
  ---------------------------------------------------------------------------------
  310d                 JUNCTION     0.00     0.00   899.67     0  00:00        0.00
  310c                 JUNCTION     0.00     0.00   895.98     0  00:00        0.00
  310b                 JUNCTION     0.00     0.00   896.59     0  00:00        0.00
  310                  JUNCTION     0.00     0.00   898.61     0  00:00        0.00
  308                  JUNCTION     0.00     0.00   891.30     0  00:00        0.00
  307a                 JUNCTION     0.00     0.00   891.75     0  00:00        0.00
  306                  JUNCTION     0.00     0.00   891.67     0  00:00        0.00
  305                  JUNCTION     0.00     0.00   890.12     0  00:00        0.00
  302                  JUNCTION     0.00     0.00   889.20     0  00:00        0.00
  301                  JUNCTION     0.00     0.00   884.62     0  00:00        0.00
  233b                 JUNCTION     0.00     0.00   885.00     0  00:00        0.00
  233a                 JUNCTION     0.00     0.00   882.33     0  00:00        0.00
  233                  JUNCTION     0.00     0.00   874.67     0  00:00        0.00
  232                  JUNCTION     0.00     0.00   873.77     0  00:00        0.00
  231                  JUNCTION     0.00     0.00   870.87     0  00:00        0.00
  230                  JUNCTION     0.00     0.00   870.87     0  00:00        0.00
  229                  JUNCTION     0.00     0.00   874.82     0  00:00        0.00
  228                  JUNCTION     0.00     0.00   871.30     0  00:00        0.00
  227                  JUNCTION     0.00     0.00   871.20     0  00:00        0.00
  226                  JUNCTION     0.00     0.00   869.85     0  00:00        0.00
  225                  JUNCTION     0.00     0.00   869.80     0  00:00        0.00
  224                  JUNCTION     0.00     0.00   869.17     0  00:00        0.00
  223                  JUNCTION     0.00     0.00   865.67     0  00:00        0.00
  222                  JUNCTION     0.00     0.00   865.27     0  00:00        0.00
  221                  JUNCTION     0.00     0.00   864.17     0  00:00        0.00
  220                  JUNCTION     0.00     0.00   863.07     0  00:00        0.00
  219                  JUNCTION     0.00     0.00   862.67     0  00:00        0.00
  218                  JUNCTION     0.00     0.00   864.79     0  00:00        0.00
  217                  JUNCTION     0.00     0.00   859.69     0  00:00        0.00
  216a                 JUNCTION     0.00     0.00   862.48     0  00:00        0.00
  216                  JUNCTION     0.00     0.00   858.63     0  00:00        0.00
  215a                 JUNCTION     0.00     0.00   853.80     0  00:00        0.00
  215                  JUNCTION     0.00     0.00   851.10     0  00:00        0.00
  214                  JUNCTION     0.00     0.00   851.28     0  00:00        0.00
  213                  JUNCTION     0.00     0.00   852.20     0  00:00        0.00
  212                  JUNCTION     0.00     0.00   844.63     0  00:00        0.00
  211                  JUNCTION     0.00     0.00   842.89     0  00:00        0.00
  210                  JUNCTION     0.00     0.00   850.84     0  00:00        0.00
  209                  JUNCTION     0.00     0.00   843.05     0  00:00        0.00
  208                  JUNCTION     0.00     0.00   836.88     0  00:00        0.00
  207                  JUNCTION     0.00     0.00   837.65     0  00:00        0.00
  206                  JUNCTION     0.00     0.00   836.57     0  00:00        0.00
  205                  JUNCTION     0.00     0.00   833.59     0  00:00        0.00
  204                  JUNCTION     0.00     0.00   828.27     0  00:00        0.00
  203                  JUNCTION     0.00     0.00   831.46     0  00:00        0.00
  202                  JUNCTION     0.00     0.00   834.00     0  00:00        0.00
  201                  JUNCTION     0.00     0.00   827.38     0  00:00        0.00
  202a                 JUNCTION     0.00     0.00   824.93     0  00:00        0.00
  201a                 JUNCTION     0.00     0.00   821.33     0  00:00        0.00
  200a                 JUNCTION     0.00     0.00   822.89     0  00:00        0.00
  199a                 JUNCTION     0.00     0.00   818.00     0  00:00        0.00
  198a                 JUNCTION     0.00     0.00   814.17     0  00:00        0.00
  197a                 JUNCTION     0.00     0.00   816.66     0  00:00        0.00
  196a                 JUNCTION     0.00     0.00   816.93     0  00:00        0.00
  195a                 JUNCTION     0.00     0.00   815.85     0  00:00        0.00
  194a                 JUNCTION     0.00     0.00   810.90     0  00:00        0.00
  192                  JUNCTION     0.00     0.00   809.47     0  00:00        0.00
  191                  JUNCTION     0.00     0.00   808.37     0  00:00        0.00
  190                  JUNCTION     0.00     0.00   807.66     0  00:00        0.00
  189                  JUNCTION     0.00     0.00   806.10     0  00:00        0.00
  188                  JUNCTION     0.00     0.00   803.54     0  00:00        0.00
  187                  JUNCTION     0.00     0.00   801.87     0  00:00        0.00
  186                  JUNCTION     0.00     0.00   804.28     0  00:00        0.00
  185                  JUNCTION     0.00     0.00   798.00     0  00:00        0.00
  184                  JUNCTION     0.00     0.00   799.88     0  00:00        0.00
  183                  JUNCTION     0.00     0.00   797.52     0  00:00        0.00
  182                  JUNCTION     0.00     0.00   796.86     0  00:00        0.00
  181                  JUNCTION     0.00     0.00   795.34     0  00:00        0.00
  180                  JUNCTION     0.00     0.00   793.59     0  00:00        0.00
  179a                 JUNCTION     0.00     0.00   788.54     0  00:00        0.00
  179                  JUNCTION     0.00     0.00   789.45     0  00:00        0.00
  178a                 JUNCTION     0.00     0.00   789.58     0  00:00        0.00
  178                  JUNCTION     0.00     0.00   787.29     0  00:00        0.00
  177a                 JUNCTION     0.00     0.00   787.97     0  00:00        0.00
  176a                 JUNCTION     0.00     0.00   787.75     0  00:00        0.00
  176                  JUNCTION     0.00     0.00   785.84     0  00:00        0.00
  175                  JUNCTION     0.00     0.00   784.80     0  00:00        0.00
  174i                 JUNCTION     0.00     0.00   786.13     0  00:00        0.00
  174h                 JUNCTION     0.00     0.00   785.04     0  00:00        0.00
  174g                 JUNCTION     0.00     0.00   784.76     0  00:00        0.00
  174f                 JUNCTION     0.00     0.00   784.56     0  00:00        0.00
  174e                 JUNCTION     0.00     0.00   786.03     0  00:00        0.00
  174d                 JUNCTION     0.00     0.00   787.51     0  00:00        0.00
  174c                 JUNCTION     0.00     0.00   786.51     0  00:00        0.00
  174b                 JUNCTION     0.00     0.00   787.12     0  00:00        0.00
  174a                 JUNCTION     0.00     0.00   785.26     0  00:00        0.00
  TP                   JUNCTION   680.03   779.79  1563.14     0  05:55      779.79
  308A                 JUNCTION     0.00     0.00   891.80     0  00:00        0.00
  307B                 JUNCTION     0.00     0.00   892.25     0  00:00        0.00
  306A                 JUNCTION     0.00     0.00   892.17     0  00:00        0.00
  305A                 JUNCTION     0.00     0.00   890.62     0  00:00        0.00
  PS                   JUNCTION   761.38   779.66  1564.92     0  02:43      779.65
  301A                 JUNCTION     0.00     0.00   885.12     0  00:00        0.00
  302A                 JUNCTION     0.00     0.00   889.70     0  00:00        0.00
  308_2                JUNCTION     0.00     0.00   891.30     0  00:00        0.00
  307a_2               JUNCTION     0.00     0.00   891.75     0  00:00        0.00
  306_2                JUNCTION     0.00     0.00   891.67     0  00:00        0.00
  305_2                JUNCTION     0.00     0.00   890.12     0  00:00        0.00
  302_2                JUNCTION     0.00     0.00   889.20     0  00:00        0.00
  301_2                JUNCTION     0.00     0.00   884.62     0  00:00        0.00
  300_2                JUNCTION     0.00     0.00   885.15     0  00:00        0.00
  233b_2               JUNCTION     0.00     0.00   883.55     0  00:00        0.00
  233a_2               JUNCTION     0.00     0.00   882.33     0  00:00        0.00
  TP1                  OUTFALL      0.00     0.00   783.35     0  00:00        0.00
  BALL                 STORAGE      0.89     1.73   910.41     1  00:00        1.73
  310a                 STORAGE      0.00     0.00   892.24     0  00:00        0.00
  LBR                  STORAGE      0.00     0.00   890.48     0  00:00        0.00
  MER                  STORAGE      0.00     0.00   888.92     0  00:00        0.00
  303                  STORAGE      0.00     0.00   887.49     0  00:00        0.00
  300                  STORAGE      0.00     0.00   885.65     0  00:00        0.00
  193                  STORAGE      0.00     0.00   808.75     0  00:00        0.00
  LBR1                 STORAGE      0.00     0.00   890.58     0  00:00        0.00
  MER1                 STORAGE      0.00     0.00   889.42     0  00:00        0.00
  T                    STORAGE      0.00     0.00   925.00     0  00:00        0.00
  WW1                  STORAGE      0.00     0.00   885.65     0  00:00        0.00
  303A                 STORAGE      0.00     0.00   887.99     0  00:00        0.00
  MER_2                STORAGE      0.00     0.00   888.92     0  00:00        0.00
  303_2                STORAGE      0.00     0.00   887.49     0  00:00        0.00
  LBR_2                STORAGE      0.00     0.00   890.48     0  00:00        0.00
  WW                   STORAGE      0.00     0.00   885.65     0  00:00        0.00
  
  
  *******************
  Node Inflow Summary
  *******************
  
  -------------------------------------------------------------------------------------------------
                                  Maximum  Maximum                  Lateral       Total        Flow
                                  Lateral    Total  Time of Max      Inflow      Inflow     Balance
                                   Inflow   Inflow   Occurrence      Volume      Volume       Error
  Node                 Type           CFS      CFS  days hr:min    10^6 gal    10^6 gal     Percent
  -------------------------------------------------------------------------------------------------
  310d                 JUNCTION      0.00     0.00     0  00:00           0           0       0.000 gal
  310c                 JUNCTION      0.00     0.00     0  00:00           0           0       0.000 gal
  310b                 JUNCTION      0.00     0.00     0  00:00           0           0       0.000 gal
  310                  JUNCTION      0.00     0.00     0  00:00           0           0       0.000 gal
  308                  JUNCTION      0.00     0.00     0  00:00           0           0       0.000 gal
  307a                 JUNCTION      0.00     0.00     0  00:00           0           0       0.000 gal
  306                  JUNCTION      0.00     0.00     0  00:00           0           0       0.000 gal
  305                  JUNCTION      0.00     0.00     0  00:00           0           0       0.000 gal
  302                  JUNCTION      0.00     0.00     0  00:00           0           0       0.000 gal
  301                  JUNCTION      0.00     0.00     0  00:00           0           0       0.000 gal
  233b                 JUNCTION      0.00     0.00     0  00:00           0           0       0.000 gal
  233a                 JUNCTION      0.00     0.00     0  00:00           0           0       0.000 gal
  233                  JUNCTION      0.00     0.00     0  00:00           0           0       0.000 gal
  232                  JUNCTION      0.00     0.00     0  00:00           0           0       0.000 gal
  231                  JUNCTION      0.00     0.00     0  00:00           0           0       0.000 gal
  230                  JUNCTION      0.00     0.00     0  00:00           0           0       0.000 gal
  229                  JUNCTION      0.00     0.00     0  00:00           0           0       0.000 gal
  228                  JUNCTION      0.00     0.00     0  00:00           0           0       0.000 gal
  227                  JUNCTION      0.00     0.00     0  00:00           0           0       0.000 gal
  226                  JUNCTION      0.00     0.00     0  00:00           0           0       0.000 gal
  225                  JUNCTION      0.00     0.00     0  00:00           0           0       0.000 gal
  224                  JUNCTION      0.00     0.00     0  00:00           0           0       0.000 gal
  223                  JUNCTION      0.00     0.00     0  00:00           0           0       0.000 gal
  222                  JUNCTION      0.00     0.00     0  00:00           0           0       0.000 gal
  221                  JUNCTION      0.00     0.00     0  00:00           0           0       0.000 gal
  220                  JUNCTION      0.00     0.00     0  00:00           0           0       0.000 gal
  219                  JUNCTION      0.00     0.00     0  00:00           0           0       0.000 gal
  218                  JUNCTION      0.00     0.00     0  00:00           0           0       0.000 gal
  217                  JUNCTION      0.00     0.00     0  00:00           0           0       0.000 gal
  216a                 JUNCTION      0.00     0.00     0  00:00           0           0       0.000 gal
  216                  JUNCTION      0.00     0.00     0  00:00           0           0       0.000 gal
  215a                 JUNCTION      0.00     0.00     0  00:00           0           0       0.000 gal
  215                  JUNCTION      0.00     0.00     0  00:00           0           0       0.000 gal
  214                  JUNCTION      0.00     0.00     0  00:00           0           0       0.000 gal
  213                  JUNCTION      0.00     0.00     0  00:00           0           0       0.000 gal
  212                  JUNCTION      0.00     0.00     0  00:00           0           0       0.000 gal
  211                  JUNCTION      0.00     0.00     0  00:00           0           0       0.000 gal
  210                  JUNCTION      0.00     0.00     0  00:00           0           0       0.000 gal
  209                  JUNCTION      0.00     0.00     0  00:00           0           0       0.000 gal
  208                  JUNCTION      0.00     0.00     0  00:00           0           0       0.000 gal
  207                  JUNCTION      0.00     0.00     0  00:00           0           0       0.000 gal
  206                  JUNCTION      0.00     0.00     0  00:00           0           0       0.000 gal
  205                  JUNCTION      0.00     0.00     0  00:00           0           0       0.000 gal
  204                  JUNCTION      0.00     0.00     0  00:00           0           0       0.000 gal
  203                  JUNCTION      0.00     0.00     0  00:00           0           0       0.000 gal
  202                  JUNCTION      0.00     0.00     0  00:00           0           0       0.000 gal
  201                  JUNCTION      0.00     0.00     0  00:00           0           0       0.000 gal
  202a                 JUNCTION      0.00     0.00     0  00:00           0           0       0.000 gal
  201a                 JUNCTION      0.00     0.00     0  00:00           0           0       0.000 gal
  200a                 JUNCTION      0.00     0.00     0  00:00           0           0       0.000 gal
  199a                 JUNCTION      0.00     0.00     0  00:00           0           0       0.000 gal
  198a                 JUNCTION      0.00     0.00     0  00:00           0           0       0.000 gal
  197a                 JUNCTION      0.00     0.00     0  00:00           0           0       0.000 gal
  196a                 JUNCTION      0.00     0.00     0  00:00           0           0       0.000 gal
  195a                 JUNCTION      0.00     0.00     0  00:00           0           0       0.000 gal
  194a                 JUNCTION      0.00     0.00     0  00:00           0           0       0.000 gal
  192                  JUNCTION      0.00     0.00     0  00:00           0           0       0.000 gal
  191                  JUNCTION      0.00     0.00     0  00:00           0           0       0.000 gal
  190                  JUNCTION      0.00     0.00     0  00:00           0           0       0.000 gal
  189                  JUNCTION      0.00     0.00     0  00:00           0           0       0.000 gal
  188                  JUNCTION      0.00     0.00     0  00:00           0           0       0.000 gal
  187                  JUNCTION      0.00     0.00     0  00:00           0           0       0.000 gal
  186                  JUNCTION      0.00     0.00     0  00:00           0           0       0.000 gal
  185                  JUNCTION      0.00     0.00     0  00:00           0           0       0.000 gal
  184                  JUNCTION      0.00     0.00     0  00:00           0           0       0.000 gal
  183                  JUNCTION      0.00     0.00     0  00:00           0           0       0.000 gal
  182                  JUNCTION      0.00     0.00     0  00:00           0           0       0.000 gal
  181                  JUNCTION      0.00     0.00     0  00:00           0           0       0.000 gal
  180                  JUNCTION      0.00     0.00     0  00:00           0           0       0.000 gal
  179a                 JUNCTION      0.00     0.00     0  00:00           0           0       0.000 gal
  179                  JUNCTION      0.00     0.00     0  00:00           0           0       0.000 gal
  178a                 JUNCTION      0.00     0.00     0  00:00           0           0       0.000 gal
  178                  JUNCTION      0.00     0.00     0  00:00           0           0       0.000 gal
  177a                 JUNCTION      0.00     0.00     0  00:00           0           0       0.000 gal
  176a                 JUNCTION      0.00     0.00     0  00:00           0           0       0.000 gal
  176                  JUNCTION      0.00     0.00     0  00:00           0           0       0.000 gal
  175                  JUNCTION      0.00     0.00     0  00:00           0           0       0.000 gal
  174i                 JUNCTION      0.00     0.00     0  00:00           0           0       0.000 gal
  174h                 JUNCTION      0.00     0.00     0  00:00           0           0       0.000 gal
  174g                 JUNCTION      0.00     0.00     0  00:00           0           0       0.000 gal
  174f                 JUNCTION      0.00     0.00     0  00:00           0           0       0.000 gal
  174e                 JUNCTION      0.00     0.00     0  00:00           0           0       0.000 gal
  174d                 JUNCTION      0.00     0.00     0  00:00           0           0       0.000 gal
  174c                 JUNCTION      0.00     0.00     0  00:00           0           0       0.000 gal
  174b                 JUNCTION      0.00     0.00     0  00:00           0           0       0.000 gal
  174a                 JUNCTION      0.00     0.00     0  00:00           0           0       0.000 gal
  TP                   JUNCTION      0.00     1.03     0  02:43           0       0.573      14.872
  308A                 JUNCTION      0.00     0.00     0  00:00           0           0       0.000 gal
  307B                 JUNCTION      0.00     0.00     0  00:00           0           0       0.000 gal
  306A                 JUNCTION      0.00     0.00     0  00:00           0           0       0.000 gal
  305A                 JUNCTION      0.00     0.00     0  00:00           0           0       0.000 gal
  PS                   JUNCTION      1.00     1.00     0  00:00       0.646       0.646      12.803
  301A                 JUNCTION      0.00     0.00     0  00:00           0           0       0.000 gal
  302A                 JUNCTION      0.00     0.00     0  00:00           0           0       0.000 gal
  308_2                JUNCTION      0.00     0.00     0  00:00           0           0       0.000 gal
  307a_2               JUNCTION      0.00     0.00     0  00:00           0           0       0.000 gal
  306_2                JUNCTION      0.00     0.00     0  00:00           0           0       0.000 gal
  305_2                JUNCTION      0.00     0.00     0  00:00           0           0       0.000 gal
  302_2                JUNCTION      0.00     0.00     0  00:00           0           0       0.000 gal
  301_2                JUNCTION      0.00     0.00     0  00:00           0           0       0.000 gal
  300_2                JUNCTION      0.00     0.00     0  00:00           0           0       0.000 gal
  233b_2               JUNCTION      0.00     0.00     0  00:00           0           0       0.000 gal
  233a_2               JUNCTION      0.00     0.00     0  00:00           0           0       0.000 gal
  TP1                  OUTFALL       0.00     1.00     0  05:59           0       0.499       0.000
  BALL                 STORAGE       1.00     1.00     0  00:00       0.646       0.646       0.000
  310a                 STORAGE       0.00     0.00     0  00:00           0           0       0.000 gal
  LBR                  STORAGE       0.00     0.00     0  00:00           0           0       0.000 gal
  MER                  STORAGE       0.00     0.00     0  00:00           0           0       0.000 gal
  303                  STORAGE       0.00     0.00     0  00:00           0           0       0.000 gal
  300                  STORAGE       0.00     0.00     0  00:00           0           0       0.000 gal
  193                  STORAGE       0.00     0.00     0  00:00           0           0       0.000 gal
  LBR1                 STORAGE       0.00     0.00     0  00:00           0           0       0.000 gal
  MER1                 STORAGE       0.00     0.00     0  00:00           0           0       0.000 gal
  T                    STORAGE       0.00     0.00     0  00:00           0           0       0.000 gal
  WW1                  STORAGE       0.00     0.00     0  00:00           0           0       0.000 gal
  303A                 STORAGE       0.00     0.00     0  00:00           0           0       0.000 gal
  MER_2                STORAGE       0.00     0.00     0  00:00           0           0       0.000 gal
  303_2                STORAGE       0.00     0.00     0  00:00           0           0       0.000 gal
  LBR_2                STORAGE       0.00     0.00     0  00:00           0           0       0.000 gal
  WW                   STORAGE       0.00     0.00     0  00:00           0           0       0.000 gal
  
  
  **********************
  Node Surcharge Summary
  **********************
  
  Surcharging occurs when water rises above the top of the highest conduit.
  ---------------------------------------------------------------------
                                               Max. Height   Min. Depth
                                   Hours       Above Crown    Below Rim
  Node                 Type      Surcharged           Feet         Feet
  ---------------------------------------------------------------------
  308_2                JUNCTION       24.00          0.000        0.000
  307a_2               JUNCTION       24.00          0.000        0.000
  306_2                JUNCTION       24.00          0.000        0.000
  305_2                JUNCTION       24.00          0.000        0.000
  302_2                JUNCTION       24.00          0.000        0.000
  301_2                JUNCTION       24.00          0.000        0.000
  300_2                JUNCTION       24.00          0.000        0.000
  233b_2               JUNCTION       24.00          0.000        0.000
  233a_2               JUNCTION       24.00          0.000        0.000
  
  
  *********************
  Node Flooding Summary
  *********************
  
  No nodes were flooded.
  
  
  **********************
  Storage Volume Summary
  **********************
  
  ------------------------------------------------------------------------------------------------
                         Average    Avg   Evap  Exfil     Maximum    Max    Time of Max    Maximum
                          Volume   Pcnt   Pcnt   Pcnt      Volume   Pcnt     Occurrence    Outflow
  Storage Unit          1000 ft³   Full   Loss   Loss    1000 ft³   Full    days hr:min        CFS
  ------------------------------------------------------------------------------------------------
  BALL                    44.525    8.9    0.0    0.0      86.400   17.3       1  00:00       0.00
  310a                     0.000    0.0    0.0    0.0       0.000    0.0       0  00:00       0.00
  LBR                      0.000    0.0    0.0    0.0       0.000    0.0       0  00:00       0.00
  MER                      0.000    0.0    0.0    0.0       0.000    0.0       0  00:00       0.00
  303                      0.000    0.0    0.0    0.0       0.000    0.0       0  00:00       0.00
  300                      0.000    0.0    0.0    0.0       0.000    0.0       0  00:00       0.00
  193                      0.000    0.0    0.0    0.0       0.000    0.0       0  00:00       0.00
  LBR1                     0.000    0.0    0.0    0.0       0.000    0.0       0  00:00       0.00
  MER1                     0.000    0.0    0.0    0.0       0.000    0.0       0  00:00       0.00
  T                        0.000    0.0    0.0    0.0       0.000    0.0       0  00:00       0.00
  WW1                      0.000    0.0    0.0    0.0       0.000    0.0       0  00:00       0.00
  303A                     0.000    0.0    0.0    0.0       0.000    0.0       0  00:00       0.00
  MER_2                    0.000    0.0    0.0    0.0       0.000    0.0       0  00:00       0.00
  303_2                    0.000    0.0    0.0    0.0       0.000    0.0       0  00:00       0.00
  LBR_2                    0.000    0.0    0.0    0.0       0.000    0.0       0  00:00       0.00
  WW                       0.000    0.0    0.0    0.0       0.000    0.0       0  00:00       0.00
  
  
  ***********************
  Outfall Loading Summary
  ***********************
  
  -----------------------------------------------------------
                         Flow       Avg       Max       Total
                         Freq      Flow      Flow      Volume
  Outfall Node           Pcnt       CFS       CFS    10^6 gal
  -----------------------------------------------------------
  TP1                   79.10      1.00      1.00       0.499
  -----------------------------------------------------------
  System                79.10      1.00      1.00       0.499
  
  
  ********************
  Link Flow Summary
  ********************
  
  -----------------------------------------------------------------------------
                                 Maximum  Time of Max   Maximum    Max/    Max/
                                  |Flow|   Occurrence   |Veloc|    Full    Full
  Link                 Type          CFS  days hr:min    ft/sec    Flow   Depth
  -----------------------------------------------------------------------------
  1                    CONDUIT      0.00     0  00:00      0.00    0.00    0.00
  2                    CONDUIT      0.00     0  00:00      0.00    0.00    0.00
  3                    CONDUIT      0.00     0  00:00      0.00    0.00    0.00
  4                    CONDUIT      0.00     0  00:00      0.00    0.00    0.00
  5                    CONDUIT      0.00     0  00:00      0.00    0.00    0.00
  6                    CONDUIT      0.00     0  00:00      0.00    0.00    0.00
  7                    CONDUIT      0.00     0  00:00      0.00    0.00    0.00
  8                    CONDUIT      0.00     0  00:00      0.00    0.00    0.00
  9                    CONDUIT      0.00     0  00:00      0.00    0.00    0.00
  10                   CONDUIT      0.00     0  00:00      0.00    0.00    0.00
  11                   CONDUIT      0.00     0  00:00      0.00    0.00    0.00
  12                   CONDUIT      0.00     0  00:00      0.00    0.00    0.00
  13                   CONDUIT      0.00     0  00:00      0.00    0.00    0.00
  14                   CONDUIT      0.00     0  00:00      0.00    0.00    0.00
  15                   CONDUIT      0.00     0  00:00      0.00    0.00    0.00
  16                   CONDUIT      0.00     0  00:00      0.00    0.00    0.00
  17                   CONDUIT      0.00     0  00:00      0.00    0.00    0.00
  18                   CONDUIT      0.00     0  00:00      0.00    0.00    0.00
  19                   CONDUIT      0.00     0  00:00      0.00    0.00    0.00
  20                   CONDUIT      0.00     0  00:00      0.00    0.00    0.00
  21                   CONDUIT      0.00     0  00:00      0.00    0.00    0.00
  22                   CONDUIT      0.00     0  00:00      0.00    0.00    0.00
  23                   CONDUIT      0.00     0  00:00      0.00    0.00    0.00
  24                   CONDUIT      0.00     0  00:00      0.00    0.00    0.00
  25                   CONDUIT      0.00     0  00:00      0.00    0.00    0.00
  26                   CONDUIT      0.00     0  00:00      0.00    0.00    0.00
  27                   CONDUIT      0.00     0  00:00      0.00    0.00    0.00
  28                   CONDUIT      0.00     0  00:00      0.00    0.00    0.00
  29                   CONDUIT      0.00     0  00:00      0.00    0.00    0.00
  30                   CONDUIT      0.00     0  00:00      0.00    0.00    0.00
  31                   CONDUIT      0.00     0  00:00      0.00    0.00    0.00
  32                   CONDUIT      0.00     0  00:00      0.00    0.00    0.00
  33                   CONDUIT      0.00     0  00:00      0.00    0.00    0.00
  34                   CONDUIT      0.00     0  00:00      0.00    0.00    0.00
  35                   CONDUIT      0.00     0  00:00      0.00    0.00    0.00
  36                   CONDUIT      0.00     0  00:00      0.00    0.00    0.00
  37                   CONDUIT      0.00     0  00:00      0.00    0.00    0.00
  38                   CONDUIT      0.00     0  00:00      0.00    0.00    0.00
  39                   CONDUIT      0.00     0  00:00      0.00    0.00    0.00
  40                   CONDUIT      0.00     0  00:00      0.00    0.00    0.00
  41                   CONDUIT      0.00     0  00:00      0.00    0.00    0.00
  42                   CONDUIT      0.00     0  00:00      0.00    0.00    0.00
  43                   CONDUIT      0.00     0  00:00      0.00    0.00    0.00
  44                   CONDUIT      0.00     0  00:00      0.00    0.00    0.00
  45                   CONDUIT      0.00     0  00:00      0.00    0.00    0.00
  46                   CONDUIT      0.00     0  00:00      0.00    0.00    0.00
  47                   CONDUIT      0.00     0  00:00      0.00    0.00    0.00
  48                   CONDUIT      0.00     0  00:00      0.00    0.00    0.00
  49                   CONDUIT      0.00     0  00:00      0.00    0.00    0.00
  50                   CONDUIT      0.00     0  00:00      0.00    0.00    0.00
  51                   CONDUIT      0.00     0  00:00      0.00    0.00    0.00
  52                   CONDUIT      0.00     0  00:00      0.00    0.00    0.00
  53                   CONDUIT      0.00     0  00:00      0.00    0.00    0.00
  54                   CONDUIT      0.00     0  00:00      0.00    0.00    0.00
  55                   CONDUIT      0.00     0  00:00      0.00    0.00    0.00
  56                   CONDUIT      0.00     0  00:00      0.00    0.00    0.00
  57                   CONDUIT      0.00     0  00:00      0.00    0.00    0.00
  58                   CONDUIT      0.00     0  00:00      0.00    0.00    0.00
  59                   CONDUIT      0.00     0  00:00      0.00    0.00    0.00
  60                   CONDUIT      0.00     0  00:00      0.00    0.00    0.00
  61                   CONDUIT      0.00     0  00:00      0.00    0.00    0.00
  62                   CONDUIT      0.00     0  00:00      0.00    0.00    0.00
  63                   CONDUIT      0.00     0  00:00      0.00    0.00    0.00
  64                   CONDUIT      0.00     0  00:00      0.00    0.00    0.00
  65                   CONDUIT      0.00     0  00:00      0.00    0.00    0.00
  66                   CONDUIT      0.00     0  00:00      0.00    0.00    0.00
  67                   CONDUIT      0.00     0  00:00      0.00    0.00    0.00
  68                   CONDUIT      0.00     0  00:00      0.00    0.00    0.00
  69                   CONDUIT      0.00     0  00:00      0.00    0.00    0.00
  70                   CONDUIT      0.00     0  00:00      0.00    0.00    0.00
  71                   CONDUIT      0.00     0  00:00      0.00    0.00    0.00
  72                   CONDUIT      0.00     0  00:00      0.00    0.00    0.00
  73                   CONDUIT      0.00     0  00:00      0.00    0.00    0.00
  74                   CONDUIT      0.00     0  00:00      0.00    0.00    0.00
  75                   CONDUIT      0.00     0  00:00      0.00    0.00    0.00
  76                   CONDUIT      0.00     0  00:00      0.00    0.00    0.00
  77                   CONDUIT      0.00     0  00:00      0.00    0.00    0.00
  78                   CONDUIT      0.00     0  00:00      0.00    0.00    0.00
  79                   CONDUIT      0.00     0  00:00      0.00    0.00    0.00
  80                   CONDUIT      0.00     0  00:00      0.00    0.00    0.00
  81                   CONDUIT      0.00     0  00:00      0.00    0.00    0.00
  82                   CONDUIT      0.00     0  00:00      0.00    0.00    0.00
  83                   CONDUIT      0.00     0  00:00      0.00    0.00    0.00
  84                   CONDUIT      0.00     0  00:00      0.00    0.00    0.00
  85                   CONDUIT      0.00     0  00:00      0.00    0.00    0.00
  86                   CONDUIT      0.00     0  00:00      0.00    0.00    0.00
  87                   CONDUIT      0.00     0  00:00      0.00    0.00    0.00
  88                   CONDUIT      0.00     0  00:00      0.00    0.00    0.00
  89                   CONDUIT      0.00     0  00:00      0.00    0.00    0.00
  90                   CONDUIT      0.00     0  00:00      0.00    0.00    0.00
  91                   CONDUIT      0.00     0  00:00      0.00    0.00    0.00
  92                   CONDUIT      0.00     0  00:00      0.00    0.00    0.00
  93                   CONDUIT      0.00     0  00:00      0.00    0.00    0.10
  7A                   CONDUIT      0.00     0  00:00      0.00    0.00    0.00
  8A                   CONDUIT      0.00     0  00:00      0.00    0.00    0.00
  9A                   CONDUIT      0.00     0  00:00      0.00    0.00    0.00
  10A                  CONDUIT      0.00     0  00:00      0.00    0.00    0.00
  11A                  CONDUIT      0.00     0  00:00      0.00    0.00    0.00
  PPS                  CONDUIT      1.03     0  02:43      6.21    0.05    0.22
  P1                   CONDUIT      1.00     0  05:59      2.19    0.08    0.17
  15A                  CONDUIT      0.00     0  00:00      0.00    0.00    0.00
  14A                  CONDUIT      0.00     0  00:00      0.00    0.00    0.00
  13A                  CONDUIT      0.00     0  00:00      0.00    0.00    0.00
  12A                  CONDUIT      0.00     0  00:00      0.00    0.00    0.00
  CC2                  CONDUIT      0.00     0  00:00      0.00    0.00    0.00
  8_2                  CONDUIT      0.00     0  00:00      0.00    0.00    0.00
  9_2                  CONDUIT      0.00     0  00:00      0.00    0.00    0.00
  10_2                 CONDUIT      0.00     0  00:00      0.00    0.00    0.00
  11_2                 CONDUIT      0.00     0  00:00      0.00    0.00    0.00
  12_2                 CONDUIT      0.00     0  00:00      0.00    0.00    0.00
  13_2                 CONDUIT      0.00     0  00:00      0.00    0.00    0.00
  14_2                 CONDUIT      0.00     0  00:00      0.00    0.00    0.00
  15_2                 CONDUIT      0.00     0  00:00      0.00    0.00    0.00
  7_2                  CONDUIT      0.00     0  00:00      0.00    0.00    0.00
  16_2                 CONDUIT      0.00     0  00:00      0.00    0.00    0.00
  17_2                 CONDUIT      0.00     0  00:00      0.00    0.00    0.00
  TE                   ORIFICE      0.00     0  00:00                      0.00
  834.1                WEIR         0.00     0  00:00                      0.00
  TIN                  PUMP         0.00     0  00:00              0.00
  
  
  ***************************
  Flow Classification Summary
  ***************************
  
  -------------------------------------------------------------------------------------
                      Adjusted    ---------- Fraction of Time in Flow Class ---------- 
                       /Actual         Up    Down  Sub   Sup   Up    Down  Norm  Inlet 
  Conduit               Length    Dry  Dry   Dry   Crit  Crit  Crit  Crit  Ltd   Ctrl  
  -------------------------------------------------------------------------------------
  1                       1.00   1.00  0.00  0.00  0.00  0.00  0.00  0.00  0.00  0.00
  2                       1.00   1.00  0.00  0.00  0.00  0.00  0.00  0.00  0.00  0.00
  3                       1.00   1.00  0.00  0.00  0.00  0.00  0.00  0.00  0.00  0.00
  4                       1.00   1.00  0.00  0.00  0.00  0.00  0.00  0.00  0.00  0.00
  5                       1.00   1.00  0.00  0.00  0.00  0.00  0.00  0.00  0.00  0.00
  6                       1.00   1.00  0.00  0.00  0.00  0.00  0.00  0.00  0.00  0.00
  7                       1.00   1.00  0.00  0.00  0.00  0.00  0.00  0.00  0.00  0.00
  8                       1.00   1.00  0.00  0.00  0.00  0.00  0.00  0.00  0.00  0.00
  9                       1.00   1.00  0.00  0.00  0.00  0.00  0.00  0.00  0.00  0.00
  10                      1.00   1.00  0.00  0.00  0.00  0.00  0.00  0.00  0.00  0.00
  11                      1.00   1.00  0.00  0.00  0.00  0.00  0.00  0.00  0.00  0.00
  12                      1.00   1.00  0.00  0.00  0.00  0.00  0.00  0.00  0.00  0.00
  13                      1.00   1.00  0.00  0.00  0.00  0.00  0.00  0.00  0.00  0.00
  14                      1.00   1.00  0.00  0.00  0.00  0.00  0.00  0.00  0.00  0.00
  15                      1.00   1.00  0.00  0.00  0.00  0.00  0.00  0.00  0.00  0.00
  16                      1.00   1.00  0.00  0.00  0.00  0.00  0.00  0.00  0.00  0.00
  17                      1.00   1.00  0.00  0.00  0.00  0.00  0.00  0.00  0.00  0.00
  18                      1.00   1.00  0.00  0.00  0.00  0.00  0.00  0.00  0.00  0.00
  19                      1.00   1.00  0.00  0.00  0.00  0.00  0.00  0.00  0.00  0.00
  20                      1.00   1.00  0.00  0.00  0.00  0.00  0.00  0.00  0.00  0.00
  21                      1.00   1.00  0.00  0.00  0.00  0.00  0.00  0.00  0.00  0.00
  22                      1.00   1.00  0.00  0.00  0.00  0.00  0.00  0.00  0.00  0.00
  23                      1.00   1.00  0.00  0.00  0.00  0.00  0.00  0.00  0.00  0.00
  24                      1.00   1.00  0.00  0.00  0.00  0.00  0.00  0.00  0.00  0.00
  25                      1.00   1.00  0.00  0.00  0.00  0.00  0.00  0.00  0.00  0.00
  26                      1.00   1.00  0.00  0.00  0.00  0.00  0.00  0.00  0.00  0.00
  27                      1.00   1.00  0.00  0.00  0.00  0.00  0.00  0.00  0.00  0.00
  28                      1.00   1.00  0.00  0.00  0.00  0.00  0.00  0.00  0.00  0.00
  29                      1.00   1.00  0.00  0.00  0.00  0.00  0.00  0.00  0.00  0.00
  30                      1.00   1.00  0.00  0.00  0.00  0.00  0.00  0.00  0.00  0.00
  31                      1.00   1.00  0.00  0.00  0.00  0.00  0.00  0.00  0.00  0.00
  32                      1.00   1.00  0.00  0.00  0.00  0.00  0.00  0.00  0.00  0.00
  33                      1.00   1.00  0.00  0.00  0.00  0.00  0.00  0.00  0.00  0.00
  34                      1.00   1.00  0.00  0.00  0.00  0.00  0.00  0.00  0.00  0.00
  35                      1.00   1.00  0.00  0.00  0.00  0.00  0.00  0.00  0.00  0.00
  36                      1.00   1.00  0.00  0.00  0.00  0.00  0.00  0.00  0.00  0.00
  37                      1.00   1.00  0.00  0.00  0.00  0.00  0.00  0.00  0.00  0.00
  38                      1.00   1.00  0.00  0.00  0.00  0.00  0.00  0.00  0.00  0.00
  39                      1.00   1.00  0.00  0.00  0.00  0.00  0.00  0.00  0.00  0.00
  40                      1.00   1.00  0.00  0.00  0.00  0.00  0.00  0.00  0.00  0.00
  41                      1.00   1.00  0.00  0.00  0.00  0.00  0.00  0.00  0.00  0.00
  42                      1.00   1.00  0.00  0.00  0.00  0.00  0.00  0.00  0.00  0.00
  43                      1.00   1.00  0.00  0.00  0.00  0.00  0.00  0.00  0.00  0.00
  44                      1.00   1.00  0.00  0.00  0.00  0.00  0.00  0.00  0.00  0.00
  45                      1.00   1.00  0.00  0.00  0.00  0.00  0.00  0.00  0.00  0.00
  46                      1.00   1.00  0.00  0.00  0.00  0.00  0.00  0.00  0.00  0.00
  47                      1.00   1.00  0.00  0.00  0.00  0.00  0.00  0.00  0.00  0.00
  48                      1.00   1.00  0.00  0.00  0.00  0.00  0.00  0.00  0.00  0.00
  49                      1.00   1.00  0.00  0.00  0.00  0.00  0.00  0.00  0.00  0.00
  50                      1.00   1.00  0.00  0.00  0.00  0.00  0.00  0.00  0.00  0.00
  51                      1.00   1.00  0.00  0.00  0.00  0.00  0.00  0.00  0.00  0.00
  52                      1.00   1.00  0.00  0.00  0.00  0.00  0.00  0.00  0.00  0.00
  53                      1.00   1.00  0.00  0.00  0.00  0.00  0.00  0.00  0.00  0.00
  54                      1.00   1.00  0.00  0.00  0.00  0.00  0.00  0.00  0.00  0.00
  55                      1.00   1.00  0.00  0.00  0.00  0.00  0.00  0.00  0.00  0.00
  56                      1.00   1.00  0.00  0.00  0.00  0.00  0.00  0.00  0.00  0.00
  57                      1.00   1.00  0.00  0.00  0.00  0.00  0.00  0.00  0.00  0.00
  58                      1.00   1.00  0.00  0.00  0.00  0.00  0.00  0.00  0.00  0.00
  59                      1.00   1.00  0.00  0.00  0.00  0.00  0.00  0.00  0.00  0.00
  60                      1.00   1.00  0.00  0.00  0.00  0.00  0.00  0.00  0.00  0.00
  61                      1.00   1.00  0.00  0.00  0.00  0.00  0.00  0.00  0.00  0.00
  62                      1.00   1.00  0.00  0.00  0.00  0.00  0.00  0.00  0.00  0.00
  63                      1.00   1.00  0.00  0.00  0.00  0.00  0.00  0.00  0.00  0.00
  64                      1.00   1.00  0.00  0.00  0.00  0.00  0.00  0.00  0.00  0.00
  65                      1.00   1.00  0.00  0.00  0.00  0.00  0.00  0.00  0.00  0.00
  66                      1.00   1.00  0.00  0.00  0.00  0.00  0.00  0.00  0.00  0.00
  67                      1.00   1.00  0.00  0.00  0.00  0.00  0.00  0.00  0.00  0.00
  68                      1.00   1.00  0.00  0.00  0.00  0.00  0.00  0.00  0.00  0.00
  69                      1.00   1.00  0.00  0.00  0.00  0.00  0.00  0.00  0.00  0.00
  70                      1.00   1.00  0.00  0.00  0.00  0.00  0.00  0.00  0.00  0.00
  71                      1.00   1.00  0.00  0.00  0.00  0.00  0.00  0.00  0.00  0.00
  72                      1.00   1.00  0.00  0.00  0.00  0.00  0.00  0.00  0.00  0.00
  73                      1.00   1.00  0.00  0.00  0.00  0.00  0.00  0.00  0.00  0.00
  74                      1.00   1.00  0.00  0.00  0.00  0.00  0.00  0.00  0.00  0.00
  75                      1.00   1.00  0.00  0.00  0.00  0.00  0.00  0.00  0.00  0.00
  76                      1.00   1.00  0.00  0.00  0.00  0.00  0.00  0.00  0.00  0.00
  77                      1.00   1.00  0.00  0.00  0.00  0.00  0.00  0.00  0.00  0.00
  78                      1.00   1.00  0.00  0.00  0.00  0.00  0.00  0.00  0.00  0.00
  79                      1.00   1.00  0.00  0.00  0.00  0.00  0.00  0.00  0.00  0.00
  80                      1.00   1.00  0.00  0.00  0.00  0.00  0.00  0.00  0.00  0.00
  81                      1.00   1.00  0.00  0.00  0.00  0.00  0.00  0.00  0.00  0.00
  82                      1.00   1.00  0.00  0.00  0.00  0.00  0.00  0.00  0.00  0.00
  83                      1.00   1.00  0.00  0.00  0.00  0.00  0.00  0.00  0.00  0.00
  84                      1.00   1.00  0.00  0.00  0.00  0.00  0.00  0.00  0.00  0.00
  85                      1.00   1.00  0.00  0.00  0.00  0.00  0.00  0.00  0.00  0.00
  86                      1.00   1.00  0.00  0.00  0.00  0.00  0.00  0.00  0.00  0.00
  87                      1.00   1.00  0.00  0.00  0.00  0.00  0.00  0.00  0.00  0.00
  88                      1.00   1.00  0.00  0.00  0.00  0.00  0.00  0.00  0.00  0.00
  89                      1.00   1.00  0.00  0.00  0.00  0.00  0.00  0.00  0.00  0.00
  90                      1.00   1.00  0.00  0.00  0.00  0.00  0.00  0.00  0.00  0.00
  91                      1.00   1.00  0.00  0.00  0.00  0.00  0.00  0.00  0.00  0.00
  92                      1.00   1.00  0.00  0.00  0.00  0.00  0.00  0.00  0.00  0.00
  93                      1.00   0.23  0.77  0.00  0.00  0.00  0.00  0.00  0.00  0.00
  7A                      1.00   1.00  0.00  0.00  0.00  0.00  0.00  0.00  0.00  0.00
  8A                      1.00   1.00  0.00  0.00  0.00  0.00  0.00  0.00  0.00  0.00
  9A                      1.00   1.00  0.00  0.00  0.00  0.00  0.00  0.00  0.00  0.00
  10A                     1.00   1.00  0.00  0.00  0.00  0.00  0.00  0.00  0.00  0.00
  11A                     1.00   1.00  0.00  0.00  0.00  0.00  0.00  0.00  0.00  0.00
  PPS                     1.00   0.11  0.00  0.00  0.00  0.77  0.00  0.11  0.77  0.00
  P1                      1.00   0.23  0.00  0.00  0.00  0.00  0.00  0.77  0.00  0.00
  15A                     1.00   1.00  0.00  0.00  0.00  0.00  0.00  0.00  0.00  0.00
  14A                     1.00   1.00  0.00  0.00  0.00  0.00  0.00  0.00  0.00  0.00
  13A                     1.00   1.00  0.00  0.00  0.00  0.00  0.00  0.00  0.00  0.00
  12A                     1.00   1.00  0.00  0.00  0.00  0.00  0.00  0.00  0.00  0.00
  CC2                     1.00   1.00  0.00  0.00  0.00  0.00  0.00  0.00  0.00  0.00
  8_2                     1.00   1.00  0.00  0.00  0.00  0.00  0.00  0.00  0.00  0.00
  9_2                     1.00   1.00  0.00  0.00  0.00  0.00  0.00  0.00  0.00  0.00
  10_2                    1.00   1.00  0.00  0.00  0.00  0.00  0.00  0.00  0.00  0.00
  11_2                    1.00   1.00  0.00  0.00  0.00  0.00  0.00  0.00  0.00  0.00
  12_2                    1.00   1.00  0.00  0.00  0.00  0.00  0.00  0.00  0.00  0.00
  13_2                    1.00   1.00  0.00  0.00  0.00  0.00  0.00  0.00  0.00  0.00
  14_2                    1.00   1.00  0.00  0.00  0.00  0.00  0.00  0.00  0.00  0.00
  15_2                    1.00   1.00  0.00  0.00  0.00  0.00  0.00  0.00  0.00  0.00
  7_2                     1.00   1.00  0.00  0.00  0.00  0.00  0.00  0.00  0.00  0.00
  16_2                    1.00   1.00  0.00  0.00  0.00  0.00  0.00  0.00  0.00  0.00
  17_2                    1.00   1.00  0.00  0.00  0.00  0.00  0.00  0.00  0.00  0.00
  
  
  *************************
  Conduit Surcharge Summary
  *************************
  
  No conduits were surcharged.
  
  
  ***************
  Pumping Summary
  ***************
  
  ---------------------------------------------------------------------------------------------------------
                                                  Min       Avg       Max     Total     Power    % Time Off
                        Percent   Number of      Flow      Flow      Flow    Volume     Usage    Pump Curve
  Pump                 Utilized   Start-Ups       CFS       CFS       CFS  10^6 gal     Kw-hr    Low   High
  ---------------------------------------------------------------------------------------------------------
  TIN                      0.00           0      0.00      0.00      0.00     0.000      0.00    0.0    0.0
  

  Analysis begun on:  Wed Jul 22 14:14:26 2026
  Analysis ended on:  Wed Jul 22 14:14:26 2026
  Total elapsed time: < 1 sec