
  EPA STORM WATER MANAGEMENT MODEL - VERSION 5.2 (Build 5.2.4)
  ------------------------------------------------------------

  Rocky Ridge Phase 3 - March 05, 1997 - 02:30 p.m. 
  
  ****************
  Analysis Options
  ****************
  Flow Units ............... CMS
  Process Models:
    Rainfall/Runoff ........ NO
    RDII ................... NO
    Snowmelt ............... NO
    Groundwater ............ NO
    Flow Routing ........... YES
    Ponding Allowed ........ NO
    Water Quality .......... NO
  Flow Routing Method ...... DYNWAVE
  Surcharge Method ......... EXTRAN
  Starting Date ............ 01/01/2001 00:00:00
  Ending Date .............. 01/02/2001 00:00:00
  Antecedent Dry Days ...... 0.0
  Report Time Step ......... 00:15:00
  Routing Time Step ........ 5.00 sec
  Variable Time Step ....... YES
  Maximum Trials ........... 100
  Number of Threads ........ 1
  Head Tolerance ........... 0.001000 m
  
  
  **************************        Volume        Volume
  Flow Routing Continuity        hectare-m      10^6 ltr
  **************************     ---------     ---------
  Dry Weather Inflow .......         0.000         0.000
  Wet Weather Inflow .......         0.000         0.000
  Groundwater Inflow .......         0.000         0.000
  RDII Inflow ..............         0.000         0.000
  External Inflow ..........         0.000         0.000
  External Outflow .........         0.000         0.000
  Flooding Loss ............         0.000         0.000
  Evaporation Loss .........         0.000         0.000
  Exfiltration Loss ........         0.000         0.000
  Initial Stored Volume ....         0.000         0.000
  Final Stored Volume ......         0.000         0.000
  Continuity Error (%) .....         0.000
  
  
  ***************************
  Time-Step Critical Elements
  ***************************
  None
  
  
  ********************************
  Highest Flow Instability Indexes
  ********************************
  All links are stable.
  
  
  *********************************
  Most Frequent Nonconverging Nodes
  *********************************
  Convergence obtained at all time steps.
  
  
  *************************
  Routing Time Step Summary
  *************************
  Minimum Time Step           :     4.50 sec
  Average Time Step           :     5.00 sec
  Maximum Time Step           :     5.00 sec
  % of Time in Steady State   :     0.00
  Average Iterations per Step :     2.00
  % of Steps Not Converging   :     0.00
  Time Step Frequencies       :
      5.000 -  3.155 sec      :   100.00 %
      3.155 -  1.991 sec      :     0.00 %
      1.991 -  1.256 sec      :     0.00 %
      1.256 -  0.792 sec      :     0.00 %
      0.792 -  0.500 sec      :     0.00 %
  
  
  ******************
  Node Depth Summary
  ******************
  
  ---------------------------------------------------------------------------------
                                 Average  Maximum  Maximum  Time of Max    Reported
                                   Depth    Depth      HGL   Occurrence   Max Depth
  Node                 Type       Meters   Meters   Meters  days hr:min      Meters
  ---------------------------------------------------------------------------------
  0004                 JUNCTION     0.00     0.00    62.65     0  00:00        0.00
  0003                 JUNCTION     0.00     0.00    63.19     0  00:00        0.00
  0002                 JUNCTION     0.00     0.00    62.92     0  00:00        0.00
  0006                 JUNCTION     0.00     0.00    62.38     0  00:00        0.00
  0005                 JUNCTION     0.00     0.00    62.75     0  00:00        0.00
  0001                 JUNCTION     0.00     0.00    60.48     0  00:00        0.00
  0173                 JUNCTION     0.00     0.00    60.48     0  00:00        0.00
  0073                 JUNCTION     0.00     0.00    60.29     0  00:00        0.00
  0072                 JUNCTION     0.00     0.00    60.50     0  00:00        0.00
  1000                 JUNCTION     0.00     0.00    62.00     0  00:00        0.00
  0172                 JUNCTION     0.00     0.00    59.50     0  00:00        0.00
  0013                 JUNCTION     0.00     0.00    63.30     0  00:00        0.00
  0011                 JUNCTION     0.00     0.00    62.00     0  00:00        0.00
  0008                 JUNCTION     0.00     0.00    61.50     0  00:00        0.00
  0012                 JUNCTION     0.00     0.00    62.75     0  00:00        0.00
  0010                 JUNCTION     0.00     0.00    61.83     0  00:00        0.00
  0009                 JUNCTION     0.00     0.00    61.95     0  00:00        0.00
  0071                 OUTFALL      0.00     0.00    59.00     0  00:00        0.00
  1001                 STORAGE      0.00     0.00    62.00     0  00:00        0.00
  
  
  *******************
  Node Inflow Summary
  *******************
  
  -------------------------------------------------------------------------------------------------
                                  Maximum  Maximum                  Lateral       Total        Flow
                                  Lateral    Total  Time of Max      Inflow      Inflow     Balance
                                   Inflow   Inflow   Occurrence      Volume      Volume       Error
  Node                 Type           CMS      CMS  days hr:min    10^6 ltr    10^6 ltr     Percent
  -------------------------------------------------------------------------------------------------
  0004                 JUNCTION     0.000    0.000     0  00:00           0           0       0.000 ltr
  0003                 JUNCTION     0.000    0.000     0  00:00           0           0       0.000 ltr
  0002                 JUNCTION     0.000    0.000     0  00:00           0           0       0.000 ltr
  0006                 JUNCTION     0.000    0.000     0  00:00           0           0       0.000 ltr
  0005                 JUNCTION     0.000    0.000     0  00:00           0           0       0.000 ltr
  0001                 JUNCTION     0.000    0.000     0  00:00           0           0       0.000 ltr
  0173                 JUNCTION     0.000    0.000     0  00:00           0           0       0.000 ltr
  0073                 JUNCTION     0.000    0.000     0  00:00           0           0       0.000 ltr
  0072                 JUNCTION     0.000    0.000     0  00:00           0           0       0.000 ltr
  1000                 JUNCTION     0.000    0.000     0  00:00           0           0       0.000 ltr
  0172                 JUNCTION     0.000    0.000     0  00:00           0           0       0.000 ltr
  0013                 JUNCTION     0.000    0.000     0  00:00           0           0       0.000 ltr
  0011                 JUNCTION     0.000    0.000     0  00:00           0           0       0.000 ltr
  0008                 JUNCTION     0.000    0.000     0  00:00           0           0       0.000 ltr
  0012                 JUNCTION     0.000    0.000     0  00:00           0           0       0.000 ltr
  0010                 JUNCTION     0.000    0.000     0  00:00           0           0       0.000 ltr
  0009                 JUNCTION     0.000    0.000     0  00:00           0           0       0.000 ltr
  0071                 OUTFALL      0.000    0.000     0  00:00           0           0       0.000 ltr
  1001                 STORAGE      0.000    0.000     0  00:00           0           0       0.000 ltr
  
  
  **********************
  Node Surcharge Summary
  **********************
  
  No nodes were surcharged.
  
  
  *********************
  Node Flooding Summary
  *********************
  
  No nodes were flooded.
  
  
  **********************
  Storage Volume Summary
  **********************
  
  ------------------------------------------------------------------------------------------------
                         Average    Avg   Evap  Exfil     Maximum    Max    Time of Max    Maximum
                          Volume   Pcnt   Pcnt   Pcnt      Volume   Pcnt     Occurrence    Outflow
  Storage Unit           1000 m³   Full   Loss   Loss     1000 m³   Full    days hr:min        CMS
  ------------------------------------------------------------------------------------------------
  1001                     0.000    0.0    0.0    0.0       0.000    0.0       0  00:00      0.000
  
  
  ***********************
  Outfall Loading Summary
  ***********************
  
  -----------------------------------------------------------
                         Flow       Avg       Max       Total
                         Freq      Flow      Flow      Volume
  Outfall Node           Pcnt       CMS       CMS    10^6 ltr
  -----------------------------------------------------------
  0071                   0.00     0.000     0.000       0.000
  -----------------------------------------------------------
  System                 0.00     0.000     0.000       0.000
  
  
  ********************
  Link Flow Summary
  ********************
  
  -----------------------------------------------------------------------------
                                 Maximum  Time of Max   Maximum    Max/    Max/
                                  |Flow|   Occurrence   |Veloc|    Full    Full
  Link                 Type          CMS  days hr:min     m/sec    Flow   Depth
  -----------------------------------------------------------------------------
  P0004                CONDUIT     0.000     0  00:00      0.00    0.00    0.00
  P0003                CONDUIT     0.000     0  00:00      0.00    0.00    0.00
  P0006                CONDUIT     0.000     0  00:00      0.00    0.00    0.00
  P0005                CONDUIT     0.000     0  00:00      0.00    0.00    0.00
  P0002                CONDUIT     0.000     0  00:00      0.00    0.00    0.00
  P0001                CONDUIT     0.000     0  00:00      0.00    0.00    0.00
  P0073A               CONDUIT     0.000     0  00:00      0.00    0.00    0.00
  P0073                CONDUIT     0.000     0  00:00      0.00    0.00    0.00
  P1000                CONDUIT     0.000     0  00:00      0.00    0.00    0.00
  P0072                CONDUIT     0.000     0  00:00      0.00    0.00    0.00
  P0013                CONDUIT     0.000     0  00:00      0.00    0.00    0.00
  P0011                CONDUIT     0.000     0  00:00      0.00    0.00    0.00
  P0008                CONDUIT     0.000     0  00:00      0.00    0.00    0.00
  P0012                CONDUIT     0.000     0  00:00      0.00    0.00    0.00
  P0010                CONDUIT     0.000     0  00:00      0.00    0.00    0.00
  P0009                CONDUIT     0.000     0  00:00      0.00    0.00    0.00
  P1001                CONDUIT     0.000     0  00:00      0.00    0.00    0.00
  O0072                ORIFICE     0.000     0  00:00                      0.00
  
  
  ***************************
  Flow Classification Summary
  ***************************
  
  -------------------------------------------------------------------------------------
                      Adjusted    ---------- Fraction of Time in Flow Class ---------- 
                       /Actual         Up    Down  Sub   Sup   Up    Down  Norm  Inlet 
  Conduit               Length    Dry  Dry   Dry   Crit  Crit  Crit  Crit  Ltd   Ctrl  
  -------------------------------------------------------------------------------------
  P0004                   1.00   1.00  0.00  0.00  0.00  0.00  0.00  0.00  0.00  0.00
  P0003                   1.00   1.00  0.00  0.00  0.00  0.00  0.00  0.00  0.00  0.00
  P0006                   1.00   1.00  0.00  0.00  0.00  0.00  0.00  0.00  0.00  0.00
  P0005                   1.00   1.00  0.00  0.00  0.00  0.00  0.00  0.00  0.00  0.00
  P0002                   1.00   1.00  0.00  0.00  0.00  0.00  0.00  0.00  0.00  0.00
  P0001                   1.00   1.00  0.00  0.00  0.00  0.00  0.00  0.00  0.00  0.00
  P0073A                  1.00   1.00  0.00  0.00  0.00  0.00  0.00  0.00  0.00  0.00
  P0073                   1.00   1.00  0.00  0.00  0.00  0.00  0.00  0.00  0.00  0.00
  P1000                   1.00   1.00  0.00  0.00  0.00  0.00  0.00  0.00  0.00  0.00
  P0072                   1.00   1.00  0.00  0.00  0.00  0.00  0.00  0.00  0.00  0.00
  P0013                   1.00   1.00  0.00  0.00  0.00  0.00  0.00  0.00  0.00  0.00
  P0011                   1.00   1.00  0.00  0.00  0.00  0.00  0.00  0.00  0.00  0.00
  P0008                   1.00   1.00  0.00  0.00  0.00  0.00  0.00  0.00  0.00  0.00
  P0012                   1.00   1.00  0.00  0.00  0.00  0.00  0.00  0.00  0.00  0.00
  P0010                   1.00   1.00  0.00  0.00  0.00  0.00  0.00  0.00  0.00  0.00
  P0009                   1.00   1.00  0.00  0.00  0.00  0.00  0.00  0.00  0.00  0.00
  P1001                   1.00   1.00  0.00  0.00  0.00  0.00  0.00  0.00  0.00  0.00
  
  
  *************************
  Conduit Surcharge Summary
  *************************
  
  No conduits were surcharged.
  

  Analysis begun on:  Sun Jul 19 15:21:45 2026
  Analysis ended on:  Sun Jul 19 15:21:45 2026
  Total elapsed time: < 1 sec