
  EPA STORM WATER MANAGEMENT MODEL - VERSION 5.2 (Build 5.2.4)
  ------------------------------------------------------------

  SYMPHONY PLACE 
  WARNING 08: elevation drop exceeds length for Conduit 3272
  WARNING 04: minimum elevation drop used for Conduit 3273
  WARNING 08: elevation drop exceeds length for Conduit 3275
  WARNING 08: elevation drop exceeds length for Conduit 3305
  WARNING 08: elevation drop exceeds length for Conduit 609
  WARNING 08: elevation drop exceeds length for Conduit 7373
  WARNING 08: elevation drop exceeds length for Conduit 8687
  WARNING 04: minimum elevation drop used for Conduit 8788
  WARNING 08: elevation drop exceeds length for Conduit 1230
  WARNING 10: crest elevation raised to downstream invert for regulator Link MUL23
  WARNING 10: crest elevation raised to downstream invert for regulator Link 7071
  
  ****************
  Analysis Options
  ****************
  Flow Units ............... CFS
  Process Models:
    Rainfall/Runoff ........ NO
    RDII ................... NO
    Snowmelt ............... NO
    Groundwater ............ NO
    Flow Routing ........... YES
    Ponding Allowed ........ NO
    Water Quality .......... NO
  Flow Routing Method ...... DYNWAVE
  Surcharge Method ......... EXTRAN
  Starting Date ............ 01/01/2001 00:00:00
  Ending Date .............. 01/02/2001 00:00:00
  Antecedent Dry Days ...... 0.0
  Report Time Step ......... 00:15:00
  Routing Time Step ........ 2.00 sec
  Variable Time Step ....... YES
  Maximum Trials ........... 30
  Number of Threads ........ 1
  Head Tolerance ........... 0.005000 ft
  
  
  **************************        Volume        Volume
  Flow Routing Continuity        acre-feet      10^6 gal
  **************************     ---------     ---------
  Dry Weather Inflow .......         0.000         0.000
  Wet Weather Inflow .......         0.000         0.000
  Groundwater Inflow .......         0.000         0.000
  RDII Inflow ..............         0.000         0.000
  External Inflow ..........        85.286        27.792
  External Outflow .........         0.000         0.000
  Flooding Loss ............        74.371        24.235
  Evaporation Loss .........         0.000         0.000
  Exfiltration Loss ........         0.000         0.000
  Initial Stored Volume ....         0.154         0.050
  Final Stored Volume ......         8.610         2.806
  Continuity Error (%) .....         2.878
  
  
  *************************
  Highest Continuity Errors
  *************************
  Node 1321 (96.18%)
  Node 1575 (11.58%)
  Node 30500 (11.34%)
  Node 1170 (6.03%)
  Node 1755 (2.60%)
  
  
  ***************************
  Time-Step Critical Elements
  ***************************
  None
  
  
  ********************************
  Highest Flow Instability Indexes
  ********************************
  Link 7071 (146)
  Link MUL19 (7)
  Link 1112 (2)
  
  
  *********************************
  Most Frequent Nonconverging Nodes
  *********************************
  Node 1090 (97.54%)
  Node 70710 (97.50%)
  Node 1561 (97.50%)
  Node 11120 (0.18%)
  Node 1420 (0.07%)
  
  
  *************************
  Routing Time Step Summary
  *************************
  Minimum Time Step           :     1.50 sec
  Average Time Step           :     2.00 sec
  Maximum Time Step           :     2.00 sec
  % of Time in Steady State   :     0.00
  Average Iterations per Step :    29.32
  % of Steps Not Converging   :    97.54
  Time Step Frequencies       :
      2.000 -  1.516 sec      :   100.00 %
      1.516 -  1.149 sec      :     0.00 %
      1.149 -  0.871 sec      :     0.00 %
      0.871 -  0.660 sec      :     0.00 %
      0.660 -  0.500 sec      :     0.00 %
  
  
  ******************
  Node Depth Summary
  ******************
  
  ---------------------------------------------------------------------------------
                                 Average  Maximum  Maximum  Time of Max    Reported
                                   Depth    Depth      HGL   Occurrence   Max Depth
  Node                 Type         Feet     Feet     Feet  days hr:min        Feet
  ---------------------------------------------------------------------------------
  1010                 JUNCTION     0.00     0.00    90.50     0  00:00        0.00
  1020                 JUNCTION    79.79    80.26   173.26     0  04:58       80.26
  1055                 JUNCTION     0.00     0.00    99.00     0  00:00        0.00
  1100                 JUNCTION    54.85    55.07   136.17     0  01:18       55.07
  1160                 JUNCTION    49.40    50.07   132.17     0  01:52       50.07
  1170                 JUNCTION    47.85    49.00   131.10     0  01:53       49.00
  1110                 JUNCTION     0.00     0.00    88.90     0  00:00        0.00
  1120                 JUNCTION     0.00     0.00    81.80     0  00:00        0.00
  1130                 JUNCTION     0.00     0.00    81.80     0  00:00        0.00
  1910                 JUNCTION     0.08     0.17   108.87     0  00:31        0.14
  1440                 JUNCTION     0.00     0.00   115.00     0  00:00        0.00
  1445                 JUNCTION     0.00     0.00   110.00     0  00:00        0.00
  1505                 JUNCTION    83.19    83.70   173.70     0  07:24       83.70
  1465                 JUNCTION   109.16   110.04   226.44     0  10:20      110.04
  1515                 JUNCTION   103.25   104.04   213.04     0  09:53      104.04
  1480                 JUNCTION    86.53    87.09   179.09     1  00:00       87.09
  1840                 JUNCTION     0.00     0.00   130.00     0  00:00        0.00
  1896                 JUNCTION     0.00     0.00    96.00     0  00:00        0.00
  1885                 JUNCTION     0.00     0.00    99.50     0  00:00        0.00
  1871                 JUNCTION    66.22    70.19   170.19     0  21:26       70.19
  1865                 JUNCTION    77.80    80.05   199.55     0  04:17       80.05
  1870                 JUNCTION    72.68    76.04   181.04     0  21:06       76.04
  1846                 JUNCTION   111.13   112.04   261.04     0  02:15      112.04
  1336                 JUNCTION     0.00     0.00   106.00     0  00:00        0.00
  1740                 JUNCTION     0.00     0.00    97.00     0  00:00        0.00
  1915                 JUNCTION   115.09   116.08   236.08     0  08:21      116.08
  1900                 JUNCTION   135.68   137.05   278.05     0  00:28      137.05
  1920                 JUNCTION   148.38   150.04   310.04     0  00:31      150.03
  1340                 JUNCTION   183.64   186.17   376.17     0  00:49      186.17
  1345                 JUNCTION   139.30   144.79   332.09     0  01:35      144.79
  1350                 JUNCTION     0.00     0.00   168.00     0  00:00        0.00
  1355                 JUNCTION     0.00     0.00   136.00     0  00:00        0.00
  1364                 JUNCTION     0.00     0.00   142.00     0  00:00        0.00
  1405                 JUNCTION     0.07     0.07   127.07     0  00:38        0.07
  1561                 JUNCTION     0.87     1.19   173.19     0  00:39        1.04
  1555                 JUNCTION     0.00     0.00   172.00     0  00:00        0.00
  1376                 JUNCTION     0.00     0.00   175.00     0  00:00        0.00
  1530                 JUNCTION     0.00     0.00   165.00     0  00:00        0.00
  1535                 JUNCTION     0.00     0.00   165.00     0  00:00        0.00
  1395                 JUNCTION     0.00     0.00   165.00     0  00:00        0.00
  1540                 JUNCTION     0.00     0.00   149.30     0  00:00        0.00
  1545                 JUNCTION     0.00     0.00   138.87     0  00:00        0.00
  1550                 JUNCTION     0.00     0.00   132.85     0  00:00        0.00
  1400                 JUNCTION     0.00     0.00   128.16     0  00:00        0.00
  1556                 JUNCTION     0.00     0.00   125.19     0  00:00        0.00
  1560                 JUNCTION   119.35   120.41   246.04     0  00:35      120.41
  1410                 JUNCTION     0.00     0.00   120.00     0  00:00        0.00
  1435                 JUNCTION     0.00     0.00   115.00     0  00:00        0.00
  1815                 JUNCTION     0.00     0.00   135.00     0  00:00        0.00
  1305                 JUNCTION     0.00     0.00   168.00     0  00:00        0.00
  1306                 JUNCTION     0.00     0.00   160.00     0  00:00        0.00
  1322                 JUNCTION     0.00     0.00   155.00     0  00:00        0.00
  1327                 JUNCTION     0.00     0.00   140.00     0  00:00        0.00
  1326                 JUNCTION     0.00     0.00   146.00     0  00:00        0.00
  1330                 JUNCTION     0.00     0.00   129.50     0  00:00        0.00
  1331                 JUNCTION     0.00     0.00   128.50     0  00:00        0.00
  1321                 JUNCTION     9.41    10.00   160.00     0  02:49       10.00
  1335                 JUNCTION     0.00     0.00   130.00     0  00:00        0.00
  1690                 JUNCTION   107.75   108.61   245.61     0  00:30      108.61
  1755                 JUNCTION   155.44   162.04   344.04     0  03:53      162.04
  1750                 JUNCTION   131.05   140.02   300.02     0  03:53      140.02
  1590                 JUNCTION   187.54   190.17   387.17     0  01:17      190.17
  1600                 JUNCTION   131.74   133.03   274.03     0  02:26      133.03
  1585                 JUNCTION   188.42   191.07   387.07     0  02:01      191.07
  1575                 JUNCTION    93.86    97.69   207.69     0  05:01       97.69
  1725                 JUNCTION     0.00     0.00   186.00     0  00:00        0.00
  1720                 JUNCTION     0.00     0.00   170.00     0  00:00        0.00
  1715                 JUNCTION     0.00     0.00   150.00     0  00:00        0.00
  1760                 JUNCTION     0.00     0.00   150.00     0  00:00        0.00
  1730                 JUNCTION     0.00     0.00   133.00     0  00:00        0.00
  1675                 JUNCTION     0.00     0.00   119.00     0  00:00        0.00
  1610                 JUNCTION     0.00     0.00   135.00     0  00:00        0.00
  1621                 JUNCTION     0.00     0.00   155.00     0  00:00        0.00
  1566                 JUNCTION     0.00     0.00    95.50     0  00:00        0.00
  1525                 JUNCTION     0.00     0.00    93.20     0  00:00        0.00
  HW_Link_1            JUNCTION     4.09     4.09     4.09     0  00:00        4.09
  TW_Link_1            JUNCTION     0.00     0.00     0.00     0  00:00        0.00
  30500                JUNCTION     7.58     8.00     8.00     0  02:43        8.00
  3090                 JUNCTION     6.47     6.50     8.00     0  00:16        6.50
  3100                 JUNCTION     6.07     6.12     8.02     0  00:16        6.10
  32720                JUNCTION    10.49    10.50    18.00     0  00:04       10.50
  3274                 JUNCTION     3.00     3.00     4.00     0  00:02        3.00
  32740                JUNCTION     3.00     3.00     4.00     0  00:02        3.00
  32750                JUNCTION     3.00     3.00     3.00     0  00:04        3.00
  33050                JUNCTION     1.00     1.00     1.00     0  00:00        1.00
  6090                 JUNCTION     3.50     3.50     3.50     0  00:04        3.50
  70710                JUNCTION   170.27   172.67   172.67     0  00:38      172.33
  73730                JUNCTION     1.00     1.00     1.00     0  00:00        1.00
  86870                JUNCTION     3.00     3.00     3.00     0  00:04        3.00
  8789                 JUNCTION     3.95     4.00     4.00     0  00:33        4.00
  87880                JUNCTION     3.95     4.00     4.00     0  00:33        4.00
  11120                JUNCTION   117.77   118.83   118.83     0  01:15      118.83
  12300                JUNCTION     3.00     3.00     3.00     0  00:04        3.00
  2048                 JUNCTION     5.94     6.00     6.00     0  00:29        6.00
  2051                 JUNCTION     5.93     6.00     6.00     0  00:35        6.00
  1090                 OUTFALL      0.00     0.00    85.00     0  00:00        0.00
  1140                 STORAGE      0.00     0.00    98.00     0  00:00        0.00
  1050                 STORAGE      9.47    10.00   109.00     0  01:59       10.00
  1070                 STORAGE      0.00     0.00    99.00     0  00:00        0.00
  1080                 STORAGE      0.00     0.00    85.00     0  00:00        0.00
  1150                 STORAGE      0.00     0.00    84.30     0  00:00        0.00
  1060                 STORAGE      9.42    10.00    82.00     0  02:46       10.00
  1470                 STORAGE      9.89    10.00    98.00     0  01:00       10.00
  1471                 STORAGE      0.85     1.83   101.83     1  00:00        1.83
  1021                 STORAGE      0.00     0.00    92.00     0  00:00        0.00
  1905                 STORAGE      0.18     0.19   108.89     0  17:22        0.19
  1904                 STORAGE      0.00     0.00   117.00     0  00:00        0.00
  1425                 STORAGE      9.52    10.00   179.00     0  01:58       10.00
  1365                 STORAGE      0.00     0.00   142.00     0  00:00        0.00
  1360                 STORAGE      0.00     0.00   127.00     0  00:00        0.00
  1370                 STORAGE      9.42    10.00   177.00     0  02:46       10.00
  1375                 STORAGE      0.00     0.00   172.00     0  00:00        0.00
  1380                 STORAGE      0.00     0.00   167.00     0  00:00        0.00
  1390                 STORAGE      9.42    10.00   194.00     0  02:46       10.00
  1385                 STORAGE      0.00     0.00   171.00     0  00:00        0.00
  1415                 STORAGE      0.00     0.00   119.00     0  00:00        0.00
  1420                 STORAGE      3.04     3.19   118.19     1  00:00        3.19
  1810                 STORAGE      9.42    10.00   145.50     0  02:46       10.00
  1301                 STORAGE      9.55    10.00   176.00     0  02:08       10.00
  1310                 STORAGE      0.00     0.00   155.00     0  00:00        0.00
  1325                 STORAGE      0.00     0.00   140.00     0  00:00        0.00
  1605                 STORAGE      4.18     8.50   110.00     1  00:00        8.50
  1580                 STORAGE      9.42    10.00   190.00     0  02:46       10.00
  1565                 STORAGE      1.84     1.93    97.01     0  21:54        1.93
  1735                 STORAGE      8.35    10.00   111.00     0  04:02       10.00
  1615                 STORAGE      9.42    10.00   196.00     0  02:46       10.00
  1620                 STORAGE      0.00     0.00   155.00     0  00:00        0.00
  1695                 STORAGE      0.00     0.00   100.50     0  00:00        0.00
  1570                 STORAGE      9.42    10.00   105.00     0  02:46       10.00
  1700                 STORAGE      9.42    10.00   105.00     0  02:46       10.00
  1300                 STORAGE      9.33    10.00   180.00     0  03:15       10.00
  1320                 STORAGE      9.41    10.00   160.00     0  02:49       10.00
  
  
  *******************
  Node Inflow Summary
  *******************
  
  -------------------------------------------------------------------------------------------------
                                  Maximum  Maximum                  Lateral       Total        Flow
                                  Lateral    Total  Time of Max      Inflow      Inflow     Balance
                                   Inflow   Inflow   Occurrence      Volume      Volume       Error
  Node                 Type           CFS      CFS  days hr:min    10^6 gal    10^6 gal     Percent
  -------------------------------------------------------------------------------------------------
  1010                 JUNCTION      0.00     0.00     0  00:00           0           0       0.000 gal
  1020                 JUNCTION      1.00     1.00     0  00:00       0.646       0.646       2.550
  1055                 JUNCTION      0.00     0.00     0  00:00           0           0       0.000 gal
  1100                 JUNCTION      1.00     1.00     0  00:00       0.646       0.646       1.043
  1160                 JUNCTION      0.00     1.00     0  01:18           0        0.64       0.952
  1170                 JUNCTION      0.00     1.00     0  01:52           0       0.634       6.415
  1110                 JUNCTION      0.00     0.00     0  00:00           0           0       0.000 gal
  1120                 JUNCTION      0.00     0.00     0  00:00           0           0       0.000 gal
  1130                 JUNCTION      0.00     0.00     0  00:00           0           0       0.000 gal
  1910                 JUNCTION      0.00     5.61     0  00:31           0       0.681       0.002
  1440                 JUNCTION      0.00     0.00     0  00:00           0           0       0.000 gal
  1445                 JUNCTION      0.00     0.00     0  00:00           0           0       0.000 gal
  1505                 JUNCTION      1.00     1.00     0  00:00       0.646       0.646       2.039
  1465                 JUNCTION      1.00     1.00     0  00:00       0.646       0.646       4.874
  1515                 JUNCTION      1.00     1.00     0  00:00       0.646       0.646       4.812
  1480                 JUNCTION      1.00     1.00     0  00:00       0.646       0.646      10.150
  1840                 JUNCTION      0.00     0.00     0  00:00           0           0       0.000 gal
  1896                 JUNCTION      0.00     0.00     0  00:00           0           0       0.000 gal
  1885                 JUNCTION      0.00     0.00     0  00:00           0           0       0.000 gal
  1871                 JUNCTION      0.00     1.94     0  01:13           0        0.61       2.181
  1865                 JUNCTION      0.00     1.00     0  02:15           0       0.631       1.718
  1870                 JUNCTION      0.00     1.00     0  04:17           0        0.62       1.662
  1846                 JUNCTION      1.00     1.00     0  00:00       0.646       0.646       2.438
  1336                 JUNCTION      0.00     0.00     0  00:00           0           0       0.000 gal
  1740                 JUNCTION      0.00     0.00     0  00:00           0           0       0.000 gal
  1915                 JUNCTION      1.00     1.00     0  00:00       0.646       0.646       4.248
  1900                 JUNCTION      1.00     1.00     0  00:00       0.646       0.646       1.969
  1920                 JUNCTION      1.00     1.00     0  00:00       0.646       0.646      -5.063
  1340                 JUNCTION      1.00     1.00     0  00:00       0.646       0.646       2.816
  1345                 JUNCTION      0.00     1.00     0  00:49           0       0.629       2.302
  1350                 JUNCTION      0.00     0.00     0  00:00           0           0       0.000 gal
  1355                 JUNCTION      0.00     0.00     0  00:00           0           0       0.000 gal
  1364                 JUNCTION      0.00     0.00     0  00:00           0           0       0.000 gal
  1405                 JUNCTION      0.00     1.00     1  00:00           0       0.634       0.004
  1561                 JUNCTION      0.00     0.41     0  00:36           0    0.000321       1.961
  1555                 JUNCTION      0.00     0.00     0  00:00           0           0       0.000 gal
  1376                 JUNCTION      0.00     0.00     0  00:00           0           0       0.000 gal
  1530                 JUNCTION      0.00     0.00     0  00:00           0           0       0.000 gal
  1535                 JUNCTION      0.00     0.00     0  00:00           0           0       0.000 gal
  1395                 JUNCTION      0.00     0.00     0  00:00           0           0       0.000 gal
  1540                 JUNCTION      0.00     0.00     0  00:00           0           0       0.000 gal
  1545                 JUNCTION      0.00     0.00     0  00:00           0           0       0.000 gal
  1550                 JUNCTION      0.00     0.00     0  00:00           0           0       0.000 gal
  1400                 JUNCTION      0.00     0.00     0  00:00           0           0       0.000 gal
  1556                 JUNCTION      0.00     0.00     0  00:00           0           0       0.000 gal
  1560                 JUNCTION      1.00     1.00     0  00:00       0.646       0.646       1.874
  1410                 JUNCTION      0.00     0.00     0  00:00           0           0       0.000 gal
  1435                 JUNCTION      0.00     0.00     0  00:00           0           0       0.000 gal
  1815                 JUNCTION      0.00     0.00     0  00:00           0           0       0.000 gal
  1305                 JUNCTION      0.00     0.00     0  00:00           0           0       0.000 gal
  1306                 JUNCTION      0.00     0.00     0  00:00           0           0       0.000 gal
  1322                 JUNCTION      0.00     0.00     0  00:00           0           0       0.000 gal
  1327                 JUNCTION      0.00     0.00     0  00:00           0           0       0.000 gal
  1326                 JUNCTION      0.00     0.00     0  00:00           0           0       0.000 gal
  1330                 JUNCTION      0.00     0.00     0  00:00           0           0       0.000 gal
  1331                 JUNCTION      0.00     0.00     0  00:00           0           0       0.000 gal
  1321                 JUNCTION      0.00     0.09     0  00:02           0     0.00103    2517.427
  1335                 JUNCTION      0.00     0.00     0  00:00           0           0       0.000 gal
  1690                 JUNCTION      1.00     1.00     0  00:00       0.646       0.646       1.635
  1755                 JUNCTION      0.00     1.00     0  01:17           0       0.628       2.670
  1750                 JUNCTION      0.00     1.33     0  01:15           0       0.611       2.254
  1590                 JUNCTION      1.00     1.00     0  00:00       0.646       0.646       2.984
  1600                 JUNCTION      1.00     1.00     0  00:00       0.646       0.646       2.014
  1585                 JUNCTION      1.00     1.00     0  00:00       0.646       0.646       3.242
  1575                 JUNCTION      0.00     2.00     0  03:53           0        1.22      13.099
  1725                 JUNCTION      0.00     0.00     0  00:00           0           0       0.000 gal
  1720                 JUNCTION      0.00     0.00     0  00:00           0           0       0.000 gal
  1715                 JUNCTION      0.00     0.00     0  00:00           0           0       0.000 gal
  1760                 JUNCTION      0.00     0.00     0  00:00           0           0       0.000 gal
  1730                 JUNCTION      0.00     0.00     0  00:00           0           0       0.000 gal
  1675                 JUNCTION      0.00     0.00     0  00:00           0           0       0.000 gal
  1610                 JUNCTION      0.00     0.00     0  00:00           0           0       0.000 gal
  1621                 JUNCTION      0.00     0.00     0  00:00           0           0       0.000 gal
  1566                 JUNCTION      0.00     1.00     0  21:54           0       0.619       0.000
  1525                 JUNCTION      0.00     0.00     0  00:00           0           0       0.000 gal
  HW_Link_1            JUNCTION      1.00     1.00     0  00:00       0.646       0.646       0.059
  TW_Link_1            JUNCTION      0.00     1.01     0  00:00           0       0.646       0.000
  30500                JUNCTION      1.00     1.00     0  00:00       0.646       0.646      12.787
  3090                 JUNCTION      1.00     1.54     0  00:16       0.646       0.647       0.622
  3100                 JUNCTION      0.00     0.78     0  00:02           0     0.00389       0.000
  32720                JUNCTION      1.00     1.00     0  00:00       0.646       0.646       0.317
  3274                 JUNCTION      1.00     1.00     0  00:00       0.646       0.646       0.125
  32740                JUNCTION      0.00     0.96     0  00:01           0     0.00644       0.000
  32750                JUNCTION      1.00     5.48     0  00:31       0.646        1.33       0.139
  33050                JUNCTION      1.00     3.00     0  17:22       0.646        1.84       0.017
  6090                 JUNCTION      1.00     2.00     0  00:35       0.646        1.28       0.142
  70710                JUNCTION      1.00     1.00     0  00:36       0.646       0.647  201186.766
  73730                JUNCTION      1.00     1.00     0  00:00       0.646       0.646       0.025
  86870                JUNCTION      1.00     1.00     0  00:00       0.646       0.646       0.331
  8789                 JUNCTION      1.00     1.00     0  00:00       0.646       0.646       1.159
  87880                JUNCTION      0.00     1.07     0  00:02           0       0.093       0.000
  11120                JUNCTION      1.00    26.14     0  01:16       0.646       0.653       1.620
  12300                JUNCTION      1.00     1.00     0  00:00       0.646       0.646       0.306
  2048                 JUNCTION      1.00     1.00     0  00:00       0.646       0.646       2.093
  2051                 JUNCTION      1.00     1.00     0  00:00       0.646       0.646       2.490
  1090                 OUTFALL       0.00     0.00     0  00:00           0           0       0.000 gal
  1140                 STORAGE       0.00     0.00     0  00:00           0           0       0.000 gal
  1050                 STORAGE       0.00     1.00     0  04:58           0        0.63       0.001
  1070                 STORAGE       0.00     0.00     0  00:00           0           0       0.000 gal
  1080                 STORAGE       0.00     0.00     0  00:00           0           0       0.000 gal
  1150                 STORAGE       0.00     0.00     0  00:00           0           0       0.000 gal
  1060                 STORAGE       1.00     1.00     0  00:00       0.646       0.646      -0.001
  1470                 STORAGE       0.00     4.00     1  00:00           0         2.5       0.001
  1471                 STORAGE       0.00     1.00     1  00:00           0       0.597       0.000
  1021                 STORAGE       0.00     0.00     0  00:00           0           0       0.000 gal
  1905                 STORAGE       0.00     2.49     0  00:28           0        1.25       0.004
  1904                 STORAGE       0.00     0.00     0  00:00           0           0       0.000 gal
  1425                 STORAGE       1.00     2.00     0  01:35       0.646        1.26       0.001
  1365                 STORAGE       0.00     0.00     0  00:00           0           0       0.000 gal
  1360                 STORAGE       0.00     0.00     0  00:00           0           0       0.000 gal
  1370                 STORAGE       1.00     1.00     0  00:00       0.646       0.646      -0.001
  1375                 STORAGE       0.00     0.00     0  00:00           0           0       0.000 gal
  1380                 STORAGE       0.00     0.00     0  00:00           0           0       0.000 gal
  1390                 STORAGE       1.00     1.00     0  00:00       0.646       0.646      -0.001
  1385                 STORAGE       0.00     0.00     0  00:00           0           0       0.000 gal
  1415                 STORAGE       0.00     0.00     0  00:00           0           0       0.000 gal
  1420                 STORAGE       0.00    42.08     0  01:14           0      0.0308       1.643
  1810                 STORAGE       1.00     1.00     0  00:00       0.646       0.646      -0.001
  1301                 STORAGE       0.00     0.23     0  03:15           0       0.144       0.002
  1310                 STORAGE       0.00     0.00     0  00:00           0           0       0.000 gal
  1325                 STORAGE       0.00     0.00     0  00:00           0           0       0.000 gal
  1605                 STORAGE       0.00     1.00     0  00:30           0       0.636       0.000
  1580                 STORAGE       1.00     1.00     0  00:00       0.646       0.646      -0.001
  1565                 STORAGE       0.00     1.13     0  00:27           0       0.634      -0.000
  1735                 STORAGE       0.00     2.00     0  05:01           0        1.08       0.001
  1615                 STORAGE       1.00     1.00     0  00:00       0.646       0.646      -0.001
  1620                 STORAGE       0.00     0.00     0  00:00           0           0       0.000 gal
  1695                 STORAGE       0.00     0.00     0  00:00           0           0       0.000 gal
  1570                 STORAGE       1.00     1.00     0  00:00       0.646       0.646      -0.001
  1700                 STORAGE       1.00     1.00     0  00:00       0.646       0.646      -0.001
  1300                 STORAGE       1.00     1.00     0  00:00       0.646       0.646       0.000
  1320                 STORAGE       1.00     1.01     0  02:49       0.646       0.646       0.023
  
  
  **********************
  Node Surcharge Summary
  **********************
  
  Surcharging occurs when water rises above the top of the highest conduit.
  ---------------------------------------------------------------------
                                               Max. Height   Min. Depth
                                   Hours       Above Crown    Below Rim
  Node                 Type      Surcharged           Feet         Feet
  ---------------------------------------------------------------------
  1170                 JUNCTION       22.11          0.000        0.000
  30500                JUNCTION       21.28          0.000        0.000
  3090                 JUNCTION       23.72          0.000        0.000
  32720                JUNCTION       23.92          0.000        0.000
  3274                 JUNCTION       23.95          0.000        0.000
  32740                JUNCTION       23.95          0.000        0.000
  32750                JUNCTION       23.93          0.000        0.000
  33050                JUNCTION       23.99          0.000        0.000
  6090                 JUNCTION       23.93          0.000        0.000
  73730                JUNCTION       23.99          0.000        0.000
  86870                JUNCTION       23.92          0.000        0.000
  8789                 JUNCTION       23.45          0.000        0.000
  87880                JUNCTION       23.45          0.000        0.000
  11120                JUNCTION       22.72          0.000        0.000
  12300                JUNCTION       23.93          0.000        0.000
  2048                 JUNCTION       23.51          0.000        0.000
  2051                 JUNCTION       23.42          0.000        0.000
  
  
  *********************
  Node Flooding Summary
  *********************
  
  Flooding refers to all water that overflows a node, whether it ponds or not.
  --------------------------------------------------------------------------
                                                             Total   Maximum
                                 Maximum   Time of Max       Flood    Ponded
                        Hours       Rate    Occurrence      Volume     Depth
  Node                 Flooded       CFS   days hr:min    10^6 gal      Feet
  --------------------------------------------------------------------------
  1170                   22.11      1.00      0  01:53       0.595     0.000
  1566                   23.41      1.00      0  21:54       0.619     0.000
  TW_Link_1              23.99      1.00      0  00:01       0.646     0.000
  30500                  21.28      1.00      0  02:43       0.573     0.000
  3090                   23.72      1.46      0  00:16       0.639     0.000
  32720                  23.92      1.00      0  00:04       0.644     0.000
  3274                   23.95      1.00      1  00:00       0.639     0.000
  32740                  23.95      0.54      0  00:02       0.006     0.000
  32750                  23.93      5.47      0  00:31       1.325     0.000
  33050                  23.99      3.00      0  17:22       1.841     0.000
  6090                   23.93      2.00      0  00:35       1.279     0.000
  73730                  23.99      1.00      0  00:00       0.646     0.000
  86870                  23.92      1.00      0  00:04       0.644     0.000
  8789                   23.45      0.95      1  00:00       0.546     0.000
  87880                  23.45      0.51      0  00:33       0.085     0.000
  11120                  22.72     13.57      0  01:16       0.612     0.000
  12300                  23.93      1.00      0  00:04       0.644     0.000
  2048                   23.51      1.00      0  00:29       0.633     0.000
  2051                   23.42      1.00      0  00:35       0.631     0.000
  1050                   22.01      1.00      0  04:58       0.593     0.000
  1060                   21.22      1.00      0  02:46       0.571     0.000
  1470                   22.99      4.00      1  00:00       2.426     0.000
  1425                   22.02      2.00      0  01:58       1.186     0.000
  1370                   21.22      1.00      0  02:46       0.571     0.000
  1390                   21.22      1.00      0  02:46       0.571     0.000
  1810                   21.22      1.00      0  02:46       0.571     0.000
  1301                   21.86      0.23      0  03:15       0.136     0.000
  1580                   21.22      1.00      0  02:46       0.571     0.000
  1735                   19.95      2.00      0  05:01       1.075     0.000
  1615                   21.22      1.00      0  02:46       0.571     0.000
  1570                   21.22      1.00      0  02:46       0.571     0.000
  1700                   21.22      1.00      0  02:46       0.571     0.000
  1300                   20.75      0.77      0  03:15       0.428     0.000
  1320                   21.18      1.01      0  02:49       0.570     0.000
  
  
  **********************
  Storage Volume Summary
  **********************
  
  ------------------------------------------------------------------------------------------------
                         Average    Avg   Evap  Exfil     Maximum    Max    Time of Max    Maximum
                          Volume   Pcnt   Pcnt   Pcnt      Volume   Pcnt     Occurrence    Outflow
  Storage Unit          1000 ft³   Full   Loss   Loss    1000 ft³   Full    days hr:min        CFS
  ------------------------------------------------------------------------------------------------
  1140                     0.000    0.0    0.0    0.0       0.000    0.0       0  00:00       0.00
  1050                     4.735   94.7    0.0    0.0       5.000  100.0       0  01:59       0.00
  1070                     0.000    0.0    0.0    0.0       0.000    0.0       0  00:00       0.00
  1080                     0.000    0.0    0.0    0.0       0.000    0.0       0  00:00       0.00
  1150                     0.000    0.0    0.0    0.0       0.000    0.0       0  00:00       0.00
  1060                     9.421   94.2    0.0    0.0      10.000  100.0       0  02:46       0.00
  1470                     9.891   98.9    0.0    0.0      10.000  100.0       0  01:00       0.00
  1471                    36.890    8.5    0.0    0.0      79.822   18.3       1  00:00       0.00
  1021                     0.000    0.0    0.0    0.0       0.000    0.0       0  00:00       0.00
  1905                     7.323    1.8    0.0    0.0       7.784    1.9       0  17:22       2.00
  1904                     0.000    0.0    0.0    0.0       0.000    0.0       0  00:00       0.00
  1425                     9.517   95.2    0.0    0.0      10.000  100.0       0  01:58       0.00
  1365                     0.000    0.0    0.0    0.0       0.000    0.0       0  00:00       0.00
  1360                     0.000    0.0    0.0    0.0       0.000    0.0       0  00:00       0.00
  1370                     9.421   94.2    0.0    0.0      10.000  100.0       0  02:46       0.00
  1375                     0.000    0.0    0.0    0.0       0.000    0.0       0  00:00       0.00
  1380                     0.000    0.0    0.0    0.0       0.000    0.0       0  00:00       0.00
  1390                     9.421   94.2    0.0    0.0      10.000  100.0       0  02:46       0.00
  1385                     0.000    0.0    0.0    0.0       0.000    0.0       0  00:00       0.00
  1415                     0.000    0.0    0.0    0.0       0.000    0.0       0  00:00       0.00
  1420                     3.037   30.4    0.0    0.0       3.190   31.9       1  00:00      25.14
  1810                     9.421   94.2    0.0    0.0      10.000  100.0       0  02:46       0.00
  1301                     0.955   95.5    0.0    0.0       1.000  100.0       0  02:08       0.00
  1310                     0.000    0.0    0.0    0.0       0.000    0.0       0  00:00       0.00
  1325                     0.000    0.0    0.0    0.0       0.000    0.0       0  00:00       0.00
  1605                    41.821   41.8    0.0    0.0      85.010   85.0       1  00:00       0.00
  1580                     9.421   94.2    0.0    0.0      10.000  100.0       0  02:46       0.00
  1565                     1.843   18.4    0.0    0.0       1.926   19.3       0  21:54       1.00
  1735                     0.835   83.5    0.0    0.0       1.000  100.0       0  04:02       0.00
  1615                     9.421   94.2    0.0    0.0      10.000  100.0       0  02:46       0.00
  1620                     0.000    0.0    0.0    0.0       0.000    0.0       0  00:00       0.00
  1695                     0.000    0.0    0.0    0.0       0.000    0.0       0  00:00       0.00
  1570                     9.421   94.2    0.0    0.0      10.000  100.0       0  02:46       0.00
  1700                     9.421   94.2    0.0    0.0      10.000  100.0       0  02:46       0.00
  1300                     9.333   93.3    0.0    0.0      10.000  100.0       0  03:15       0.23
  1320                     9.411   94.1    0.0    0.0      10.000  100.0       0  02:49       0.09
  
  
  ***********************
  Outfall Loading Summary
  ***********************
  
  -----------------------------------------------------------
                         Flow       Avg       Max       Total
                         Freq      Flow      Flow      Volume
  Outfall Node           Pcnt       CFS       CFS    10^6 gal
  -----------------------------------------------------------
  1090                   0.00      0.00      0.00       0.000
  -----------------------------------------------------------
  System                 0.00      0.00      0.00       0.000
  
  
  ********************
  Link Flow Summary
  ********************
  
  -----------------------------------------------------------------------------
                                 Maximum  Time of Max   Maximum    Max/    Max/
                                  |Flow|   Occurrence   |Veloc|    Full    Full
  Link                 Type          CFS  days hr:min    ft/sec    Flow   Depth
  -----------------------------------------------------------------------------
  3010                 CONDUIT      0.00     0  00:00      0.00    0.00    0.00
  3020                 CONDUIT      0.00     0  00:00      0.00    0.00    0.00
  3030                 CONDUIT      1.00     0  04:58      1.52    0.01    0.06
  3035                 CONDUIT      0.00     0  00:00      0.00    0.00    0.00
  3040                 CONDUIT      0.00     0  00:00      0.00    0.00    0.00
  3050                 CONDUIT      0.00     0  00:00      0.00    0.00    0.50
  3060                 CONDUIT      0.00     0  00:00      0.00    0.00    0.00
  3070                 CONDUIT      0.00     0  00:00      0.00    0.00    0.00
  3080                 CONDUIT      0.78     0  00:02      0.51    0.00    0.92
  3140                 CONDUIT      1.00     0  01:18      1.47    0.01    0.07
  3150                 CONDUIT      1.00     0  01:52      1.44    0.01    0.53
  3160                 CONDUIT      0.00     0  00:00      0.00    0.00    0.50
  3170                 CONDUIT      0.00     0  00:00      0.00    0.00    0.00
  3180                 CONDUIT      0.00     0  00:00      0.00    0.00    0.00
  3190                 CONDUIT      0.00     0  00:00      0.00    0.00    0.00
  3272                 CONDUIT      0.00     0  00:00      0.00    0.00    0.50
  3273                 CONDUIT      0.96     0  00:01      1.56    1.82    1.00
  3275                 CONDUIT      4.48     0  00:31      1.18    0.01    0.53
  3278                 CONDUIT      0.00     0  00:00      0.00    0.00    0.00
  3279                 CONDUIT      0.00     0  00:00      0.00    0.00    0.00
  3280                 CONDUIT      1.00     0  07:24      0.70    0.00    0.01
  3281                 CONDUIT      1.00     0  10:20      0.85    0.00    0.01
  3282                 CONDUIT      1.81     0  00:21      1.34    0.00    0.01
  3283                 CONDUIT      1.00     1  00:00      0.36    0.00    0.01
  3287                 CONDUIT      0.00     0  00:00      0.00    0.00    0.00
  3288                 CONDUIT      0.00     0  00:00      0.00    0.00    0.00
  3289                 CONDUIT      0.00     0  00:00      0.00    0.00    0.00
  3292                 CONDUIT      0.00     0  00:00      0.00    0.00    0.00
  3293                 CONDUIT      0.00     0  00:00      0.00    0.00    0.00
  3294                 CONDUIT      1.00     1  00:00      0.76    0.04    0.13
  3295                 CONDUIT      1.00     0  04:17      1.97    0.01    0.05
  3296                 CONDUIT      1.00     0  02:15      2.42    0.00    0.05
  3298                 CONDUIT      0.00     0  00:00      0.00    0.00    0.00
  3299                 CONDUIT      0.00     0  00:00      0.00    0.00    0.01
  3300                 CONDUIT      1.00     0  08:21      0.73    0.00    0.01
  3301                 CONDUIT      2.46     0  00:28      1.26    0.00    0.02
  3302                 CONDUIT      1.94     0  01:13      3.65    0.01    0.12
  3304                 CONDUIT      5.61     0  00:31      0.79    0.00    0.02
  3305                 CONDUIT      2.00     0  17:22      4.09    0.08    0.60
  102                  CONDUIT      1.00     0  00:49      5.10    0.00    0.02
  2030                 CONDUIT      0.00     0  00:00      0.00    0.00    0.00
  304                  CONDUIT      0.00     0  00:00      0.00    0.00    0.00
  2593                 CONDUIT      0.00     0  00:00      0.00    0.00    0.00
  9306                 CONDUIT      0.00     0  00:00      0.00    0.00    0.00
  406                  CONDUIT      0.00     0  00:00      0.00    0.00    0.00
  609                  CONDUIT      1.00     0  00:35      0.20    0.00    0.51
  7125                 CONDUIT      0.00     0  00:00      0.00    0.00    0.00
  7072                 CONDUIT      0.00     0  00:00      0.00    0.00    0.00
  7273                 CONDUIT      0.00     0  00:00      0.00    0.00    0.00
  7373                 CONDUIT      0.00     0  00:00      0.00    0.00    0.50
  7374                 CONDUIT      0.00     0  00:00      0.00    0.00    0.00
  7475                 CONDUIT      0.00     0  00:00      0.00    0.00    0.00
  7508                 CONDUIT      0.00     0  00:00      0.00    0.00    0.00
  881                  CONDUIT      0.00     0  00:00      0.00    0.00    0.00
  8182                 CONDUIT      0.00     0  00:00      0.00    0.00    0.00
  8283                 CONDUIT      0.00     0  00:00      0.00    0.00    0.00
  8384                 CONDUIT      0.00     0  00:00      0.00    0.00    0.00
  8485                 CONDUIT      0.00     0  00:00      0.00    0.00    0.00
  8586                 CONDUIT      0.00     0  00:00      0.00    0.00    0.00
  8687                 CONDUIT      0.00     0  00:00      0.00    0.00    0.50
  8788                 CONDUIT      1.07     0  00:02      1.50    0.30    1.00
  8809                 CONDUIT      1.00     1  00:00      0.79    0.01    0.24
  910                  CONDUIT      0.00     0  00:00      0.00    0.00    0.00
  1012                 CONDUIT      0.00     0  00:00      0.00    0.00    0.00
  1230                 CONDUIT      0.00     0  00:00      0.00    0.00    0.50
  3099                 CONDUIT      0.00     0  00:00      0.00    0.00    0.00
  209                  CONDUIT      0.00     0  00:00      0.00    0.00    0.00
  3000                 CONDUIT      0.00     0  00:00      0.00    0.00    0.00
  1                    CONDUIT      0.00     0  00:00      0.00    0.00    0.00
  2                    CONDUIT      0.00     0  00:00      0.00    0.00    0.00
  3                    CONDUIT      0.00     0  00:00      0.00    0.00    0.00
  4                    CONDUIT      0.00     0  00:00      0.00    0.00    0.00
  5                    CONDUIT      0.00     0  00:00      0.00    0.00    0.00
  6                    CONDUIT      0.00     0  00:00      0.00    0.00    0.00
  7                    CONDUIT      0.00     0  00:00      0.00    0.00    0.00
  8                    CONDUIT      0.00     0  00:00      0.00    0.00    0.00
  9                    CONDUIT      0.00     0  00:00      0.00    0.00    0.00
  10                   CONDUIT      0.00     0  00:00      0.00    0.00    0.00
  2006                 CONDUIT      1.00     0  00:30      9.39    0.00    0.03
  2015                 CONDUIT      1.33     0  01:15      3.09    0.01    0.04
  2016                 CONDUIT      1.00     0  01:17      6.28    0.01    0.06
  2021                 CONDUIT      1.13     0  00:27      2.39    0.00    0.01
  2026                 CONDUIT      1.00     0  02:01      3.27    0.00    0.28
  2027                 CONDUIT      1.00     0  03:53      0.37    0.00    0.51
  2028                 CONDUIT      2.00     0  05:01      2.41    0.00    0.01
  2031                 CONDUIT      0.00     0  00:00      0.00    0.00    0.00
  2032                 CONDUIT      0.00     0  00:00      0.00    0.00    0.00
  2033                 CONDUIT      0.00     0  00:00      0.00    0.00    0.00
  2034                 CONDUIT      0.00     0  00:00      0.00    0.00    0.00
  2035                 CONDUIT      0.00     0  00:00      0.00    0.00    0.00
  2036                 CONDUIT      0.00     0  00:00      0.00    0.00    0.00
  2037                 CONDUIT      0.00     0  00:00      0.00    0.00    0.00
  2038                 CONDUIT      0.00     0  00:00      0.00    0.00    0.00
  2044                 CONDUIT      0.00     0  00:00      0.00    0.00    0.00
  2047                 CONDUIT      0.00     0  00:00      0.00    0.00    0.50
  2049                 CONDUIT      0.00     0  00:00      0.00    0.00    0.00
  2050                 CONDUIT      0.00     0  00:00      0.00    0.00    0.50
  2052                 CONDUIT      0.00     0  00:00      0.00    0.00    0.00
  2053                 CONDUIT      0.00     0  00:00      0.00    0.00    0.00
  2055                 CONDUIT      0.00     0  00:00      0.00    0.00    0.00
  3001                 CONDUIT      0.00     0  00:00      0.00    0.00    0.00
  305                  ORIFICE      1.00     0  01:35                      0.02
  880                  ORIFICE      0.00     0  00:00                      0.00
  2014                 ORIFICE      0.00     0  00:00                      0.00
  MUL16                ORIFICE      0.23     0  03:15                      1.00
  MUL17                ORIFICE      0.00     0  00:00                      0.00
  MUL18                ORIFICE      0.00     0  00:00                      0.00
  MUL19                ORIFICE      0.09     0  00:02                      1.00
  MUL23                ORIFICE      1.00     0  21:54                      1.00
  MUL24                ORIFICE      0.00     0  00:00                      0.00
  Link_1               WEIR         1.01     0  00:00                      0.09
  7071                 WEIR         0.41     0  00:36                      1.00
  1112                 WEIR        42.08     0  01:14                      1.00
  MUL27                WEIR         0.00     0  00:00                      0.00
  
  
  ***************************
  Flow Classification Summary
  ***************************
  
  -------------------------------------------------------------------------------------
                      Adjusted    ---------- Fraction of Time in Flow Class ---------- 
                       /Actual         Up    Down  Sub   Sup   Up    Down  Norm  Inlet 
  Conduit               Length    Dry  Dry   Dry   Crit  Crit  Crit  Crit  Ltd   Ctrl  
  -------------------------------------------------------------------------------------
  3010                    1.00   1.00  0.00  0.00  0.00  0.00  0.00  0.00  0.00  0.00
  3020                    1.00   1.00  0.00  0.00  0.00  0.00  0.00  0.00  0.00  0.00
  3030                    1.00   0.01  0.00  0.00  0.00  0.00  0.00  0.99  0.00  0.00
  3035                    1.00   1.00  0.00  0.00  0.00  0.00  0.00  0.00  0.00  0.00
  3040                    1.00   1.00  0.00  0.00  0.00  0.00  0.00  0.00  0.00  0.00
  3050                    1.00   0.00  1.00  0.00  0.00  0.00  0.00  0.00  0.00  0.00
  3060                    1.00   1.00  0.00  0.00  0.00  0.00  0.00  0.00  0.00  0.00
  3070                    1.00   1.00  0.00  0.00  0.00  0.00  0.00  0.00  0.00  0.00
  3080                    1.00   0.00  0.00  0.00  1.00  0.00  0.00  0.00  0.00  0.00
  3140                    1.00   0.01  0.00  0.00  0.97  0.00  0.00  0.02  0.98  0.00
  3150                    1.00   0.02  0.00  0.00  0.97  0.00  0.00  0.01  0.97  0.00
  3160                    1.00   0.03  0.97  0.00  0.00  0.00  0.00  0.00  0.00  0.00
  3170                    1.00   1.00  0.00  0.00  0.00  0.00  0.00  0.00  0.00  0.00
  3180                    1.00   1.00  0.00  0.00  0.00  0.00  0.00  0.00  0.00  0.00
  3190                    1.00   1.00  0.00  0.00  0.00  0.00  0.00  0.00  0.00  0.00
  3272                    1.00   0.00  1.00  0.00  0.00  0.00  0.00  0.00  0.00  0.00
  3273                    1.00   0.00  0.00  0.00  1.00  0.00  0.00  0.00  0.00  0.00
  3275                    1.00   0.00  0.02  0.00  0.98  0.00  0.00  0.00  0.98  0.00
  3278                    1.00   1.00  0.00  0.00  0.00  0.00  0.00  0.00  0.00  0.00
  3279                    1.00   1.00  0.00  0.00  0.00  0.00  0.00  0.00  0.00  0.00
  3280                    1.00   0.01  0.00  0.00  0.00  0.00  0.00  0.99  0.00  0.00
  3281                    1.00   0.02  0.00  0.00  0.00  0.00  0.00  0.98  0.00  0.00
  3282                    1.00   0.02  0.00  0.00  0.00  0.00  0.00  0.98  0.00  0.00
  3283                    1.00   0.01  0.00  0.00  0.00  0.00  0.00  0.99  0.00  0.00
  3287                    1.00   1.00  0.00  0.00  0.00  0.00  0.00  0.00  0.00  0.00
  3288                    1.00   1.00  0.00  0.00  0.00  0.00  0.00  0.00  0.00  0.00
  3289                    1.00   1.00  0.00  0.00  0.00  0.00  0.00  0.00  0.00  0.00
  3292                    1.00   1.00  0.00  0.00  0.00  0.00  0.00  0.00  0.00  0.00
  3293                    1.00   1.00  0.00  0.00  0.00  0.00  0.00  0.00  0.00  0.00
  3294                    1.00   0.06  0.00  0.00  0.00  0.00  0.00  0.94  0.00  0.00
  3295                    1.00   0.04  0.00  0.00  0.00  0.00  0.00  0.96  0.00  0.00
  3296                    1.00   0.02  0.00  0.00  0.00  0.96  0.00  0.02  0.96  0.00
  3298                    1.00   1.00  0.00  0.00  0.00  0.00  0.00  0.00  0.00  0.00
  3299                    1.00   0.05  0.95  0.00  0.00  0.00  0.00  0.00  0.00  0.00
  3300                    1.00   0.02  0.00  0.00  0.00  0.00  0.00  0.98  0.00  0.00
  3301                    1.00   0.02  0.00  0.00  0.00  0.00  0.00  0.98  0.00  0.00
  3302                    1.00   0.05  0.00  0.00  0.94  0.00  0.00  0.01  0.94  0.00
  3304                    1.00   0.02  0.00  0.00  0.00  0.00  0.00  0.98  0.00  0.00
  3305                    1.00   0.00  0.02  0.00  0.13  0.85  0.00  0.00  0.98  0.00
  102                     1.00   0.03  0.00  0.00  0.00  0.00  0.00  0.97  0.00  0.00
  2030                    1.00   1.00  0.00  0.00  0.00  0.00  0.00  0.00  0.00  0.00
  304                     1.00   1.00  0.00  0.00  0.00  0.00  0.00  0.00  0.00  0.00
  2593                    1.00   1.00  0.00  0.00  0.00  0.00  0.00  0.00  0.00  0.00
  9306                    1.00   1.00  0.00  0.00  0.00  0.00  0.00  0.00  0.00  0.00
  406                     1.00   1.00  0.00  0.00  0.00  0.00  0.00  0.00  0.00  0.00
  609                     1.00   0.00  0.02  0.00  0.98  0.00  0.00  0.00  0.98  0.00
  7125                    1.00   1.00  0.00  0.00  0.00  0.00  0.00  0.00  0.00  0.00
  7072                    1.00   1.00  0.00  0.00  0.00  0.00  0.00  0.00  0.00  0.00
  7273                    1.00   1.00  0.00  0.00  0.00  0.00  0.00  0.00  0.00  0.00
  7373                    1.00   0.00  1.00  0.00  0.00  0.00  0.00  0.00  0.00  0.00
  7374                    1.00   1.00  0.00  0.00  0.00  0.00  0.00  0.00  0.00  0.00
  7475                    1.00   1.00  0.00  0.00  0.00  0.00  0.00  0.00  0.00  0.00
  7508                    1.00   1.00  0.00  0.00  0.00  0.00  0.00  0.00  0.00  0.00
  881                     1.00   1.00  0.00  0.00  0.00  0.00  0.00  0.00  0.00  0.00
  8182                    1.00   1.00  0.00  0.00  0.00  0.00  0.00  0.00  0.00  0.00
  8283                    1.00   1.00  0.00  0.00  0.00  0.00  0.00  0.00  0.00  0.00
  8384                    1.00   1.00  0.00  0.00  0.00  0.00  0.00  0.00  0.00  0.00
  8485                    1.00   1.00  0.00  0.00  0.00  0.00  0.00  0.00  0.00  0.00
  8586                    1.00   1.00  0.00  0.00  0.00  0.00  0.00  0.00  0.00  0.00
  8687                    1.00   0.00  1.00  0.00  0.00  0.00  0.00  0.00  0.00  0.00
  8788                    1.00   0.00  0.00  0.00  1.00  0.00  0.00  0.00  0.00  0.00
  8809                    1.00   0.02  0.00  0.00  0.00  0.00  0.98  0.00  0.00  0.00
  910                     1.00   1.00  0.00  0.00  0.00  0.00  0.00  0.00  0.00  0.00
  1012                    1.00   1.00  0.00  0.00  0.00  0.00  0.00  0.00  0.00  0.00
  1230                    1.00   0.00  1.00  0.00  0.00  0.00  0.00  0.00  0.00  0.00
  3099                    1.00   1.00  0.00  0.00  0.00  0.00  0.00  0.00  0.00  0.00
  209                     1.00   1.00  0.00  0.00  0.00  0.00  0.00  0.00  0.00  0.00
  3000                    1.00   1.00  0.00  0.00  0.00  0.00  0.00  0.00  0.00  0.00
  1                       1.00   1.00  0.00  0.00  0.00  0.00  0.00  0.00  0.00  0.00
  2                       1.00   1.00  0.00  0.00  0.00  0.00  0.00  0.00  0.00  0.00
  3                       1.00   1.00  0.00  0.00  0.00  0.00  0.00  0.00  0.00  0.00
  4                       1.00   1.00  0.00  0.00  0.00  0.00  0.00  0.00  0.00  0.00
  5                       1.00   1.00  0.00  0.00  0.00  0.00  0.00  0.00  0.00  0.00
  6                       1.00   1.00  0.00  0.00  0.00  0.00  0.00  0.00  0.00  0.00
  7                       1.00   1.00  0.00  0.00  0.00  0.00  0.00  0.00  0.00  0.00
  8                       1.00   1.00  0.00  0.00  0.00  0.00  0.00  0.00  0.00  0.00
  9                       1.00   1.00  0.00  0.00  0.00  0.00  0.00  0.00  0.00  0.00
  10                      1.00   1.00  0.00  0.00  0.00  0.00  0.00  0.00  0.00  0.00
  2006                    1.00   0.02  0.00  0.00  0.00  0.00  0.00  0.98  0.00  0.00
  2015                    1.00   0.05  0.00  0.00  0.00  0.00  0.00  0.95  0.00  0.00
  2016                    1.00   0.03  0.00  0.00  0.00  0.00  0.00  0.97  0.00  0.00
  2021                    1.00   0.02  0.00  0.00  0.00  0.00  0.00  0.98  0.00  0.00
  2026                    1.00   0.03  0.00  0.00  0.95  0.01  0.00  0.02  0.95  0.00
  2027                    1.00   0.05  0.03  0.00  0.93  0.00  0.00  0.00  0.93  0.00
  2028                    1.00   0.16  0.00  0.00  0.00  0.00  0.00  0.84  0.00  0.00
  2031                    1.00   1.00  0.00  0.00  0.00  0.00  0.00  0.00  0.00  0.00
  2032                    1.00   1.00  0.00  0.00  0.00  0.00  0.00  0.00  0.00  0.00
  2033                    1.00   1.00  0.00  0.00  0.00  0.00  0.00  0.00  0.00  0.00
  2034                    1.00   1.00  0.00  0.00  0.00  0.00  0.00  0.00  0.00  0.00
  2035                    1.00   1.00  0.00  0.00  0.00  0.00  0.00  0.00  0.00  0.00
  2036                    1.00   1.00  0.00  0.00  0.00  0.00  0.00  0.00  0.00  0.00
  2037                    1.00   1.00  0.00  0.00  0.00  0.00  0.00  0.00  0.00  0.00
  2038                    1.00   1.00  0.00  0.00  0.00  0.00  0.00  0.00  0.00  0.00
  2044                    1.00   1.00  0.00  0.00  0.00  0.00  0.00  0.00  0.00  0.00
  2047                    1.00   0.00  1.00  0.00  0.00  0.00  0.00  0.00  0.00  0.00
  2049                    1.00   1.00  0.00  0.00  0.00  0.00  0.00  0.00  0.00  0.00
  2050                    1.00   0.00  1.00  0.00  0.00  0.00  0.00  0.00  0.00  0.00
  2052                    1.00   1.00  0.00  0.00  0.00  0.00  0.00  0.00  0.00  0.00
  2053                    1.00   1.00  0.00  0.00  0.00  0.00  0.00  0.00  0.00  0.00
  2055                    1.00   1.00  0.00  0.00  0.00  0.00  0.00  0.00  0.00  0.00
  3001                    1.00   1.00  0.00  0.00  0.00  0.00  0.00  0.00  0.00  0.00
  
  
  *************************
  Conduit Surcharge Summary
  *************************
  
  ----------------------------------------------------------------------------
                                                           Hours        Hours 
                         --------- Hours Full --------   Above Full   Capacity
  Conduit                Both Ends  Upstream  Dnstream   Normal Flow   Limited
  ----------------------------------------------------------------------------
  3080                        0.01      0.01     23.72      0.01         0.01
  3150                        0.01      0.01     22.11      0.01         0.01
  3273                       23.95     23.95     23.95      0.01         0.01
  3275                        0.01      0.01     23.48      0.01         0.01
  3305                        0.01      0.01     23.52      0.01         0.01
  609                         0.01      0.01     23.57      0.01         0.01
  8788                       23.45     23.45     23.45      0.01         0.01
  2027                        0.01      0.01     21.61      0.01         0.01
  

  Analysis begun on:  Wed Jul 22 14:14:31 2026
  Analysis ended on:  Wed Jul 22 14:14:35 2026
  Total elapsed time: 00:00:04