
  EPA STORM WATER MANAGEMENT MODEL - VERSION 5.2 (Build 5.2.4)
  ------------------------------------------------------------

  Converted from XPSWMM .xp file 
  
  ****************
  Analysis Options
  ****************
  Flow Units ............... CFS
  Process Models:
    Rainfall/Runoff ........ NO
    RDII ................... NO
    Snowmelt ............... NO
    Groundwater ............ NO
    Flow Routing ........... YES
    Ponding Allowed ........ NO
    Water Quality .......... NO
  Flow Routing Method ...... DYNWAVE
  Surcharge Method ......... EXTRAN
  Starting Date ............ 01/01/2001 00:00:00
  Ending Date .............. 01/02/2001 00:00:00
  Antecedent Dry Days ...... 0.0
  Report Time Step ......... 00:15:00
  Routing Time Step ........ 15.00 sec
  Variable Time Step ....... YES
  Maximum Trials ........... 8
  Number of Threads ........ 1
  Head Tolerance ........... 1.000000 ft
  
  
  **************************        Volume        Volume
  Flow Routing Continuity        acre-feet      10^6 gal
  **************************     ---------     ---------
  Dry Weather Inflow .......         0.000         0.000
  Wet Weather Inflow .......         0.000         0.000
  Groundwater Inflow .......         0.000         0.000
  RDII Inflow ..............         0.000         0.000
  External Inflow ..........         0.000         0.000
  External Outflow .........         0.000         0.000
  Flooding Loss ............         0.000         0.000
  Evaporation Loss .........         0.000         0.000
  Exfiltration Loss ........         0.000         0.000
  Initial Stored Volume ....         0.000         0.000
  Final Stored Volume ......         0.000         0.000
  Continuity Error (%) .....         0.000
  
  
  ***************************
  Time-Step Critical Elements
  ***************************
  None
  
  
  ********************************
  Highest Flow Instability Indexes
  ********************************
  All links are stable.
  
  
  *********************************
  Most Frequent Nonconverging Nodes
  *********************************
  Convergence obtained at all time steps.
  
  
  *************************
  Routing Time Step Summary
  *************************
  Minimum Time Step           :    14.50 sec
  Average Time Step           :    15.00 sec
  Maximum Time Step           :    15.00 sec
  % of Time in Steady State   :     0.00
  Average Iterations per Step :     2.00
  % of Steps Not Converging   :     0.00
  Time Step Frequencies       :
     15.000 -  7.597 sec      :   100.00 %
      7.597 -  3.848 sec      :     0.00 %
      3.848 -  1.949 sec      :     0.00 %
      1.949 -  0.987 sec      :     0.00 %
      0.987 -  0.500 sec      :     0.00 %
  
  
  ******************
  Node Depth Summary
  ******************
  
  ---------------------------------------------------------------------------------
                                 Average  Maximum  Maximum  Time of Max    Reported
                                   Depth    Depth      HGL   Occurrence   Max Depth
  Node                 Type         Feet     Feet     Feet  days hr:min        Feet
  ---------------------------------------------------------------------------------
  A                    JUNCTION     0.00     0.00    15.50     0  00:00        0.00
  B                    JUNCTION     0.00     0.00    15.50     0  00:00        0.00
  C                    JUNCTION     0.00     0.00    15.50     0  00:00        0.00
  D                    JUNCTION     0.00     0.00    15.50     0  00:00        0.00
  E                    JUNCTION     0.00     0.00    15.50     0  00:00        0.00
  F                    JUNCTION     0.00     0.00    15.50     0  00:00        0.00
  G                    JUNCTION     0.00     0.00    15.50     0  00:00        0.00
  H                    JUNCTION     0.00     0.00    15.50     0  00:00        0.00
  J                    JUNCTION     0.00     0.00    15.50     0  00:00        0.00
  K                    JUNCTION     0.00     0.00    15.50     0  00:00        0.00
  L                    JUNCTION     0.00     0.00    15.50     0  00:00        0.00
  M                    JUNCTION     0.00     0.00    15.50     0  00:00        0.00
  N                    JUNCTION     0.00     0.00    15.50     0  00:00        0.00
  OUT                  OUTFALL      0.00     0.00    15.50     0  00:00        0.00
  O                    STORAGE      0.00     0.00    15.50     0  00:00        0.00
  POND                 STORAGE      0.00     0.00    15.50     0  00:00        0.00
  
  
  *******************
  Node Inflow Summary
  *******************
  
  -------------------------------------------------------------------------------------------------
                                  Maximum  Maximum                  Lateral       Total        Flow
                                  Lateral    Total  Time of Max      Inflow      Inflow     Balance
                                   Inflow   Inflow   Occurrence      Volume      Volume       Error
  Node                 Type           CFS      CFS  days hr:min    10^6 gal    10^6 gal     Percent
  -------------------------------------------------------------------------------------------------
  A                    JUNCTION      0.00     0.00     0  00:00           0           0       0.000 gal
  B                    JUNCTION      0.00     0.00     0  00:00           0           0       0.000 gal
  C                    JUNCTION      0.00     0.00     0  00:00           0           0       0.000 gal
  D                    JUNCTION      0.00     0.00     0  00:00           0           0       0.000 gal
  E                    JUNCTION      0.00     0.00     0  00:00           0           0       0.000 gal
  F                    JUNCTION      0.00     0.00     0  00:00           0           0       0.000 gal
  G                    JUNCTION      0.00     0.00     0  00:00           0           0       0.000 gal
  H                    JUNCTION      0.00     0.00     0  00:00           0           0       0.000 gal
  J                    JUNCTION      0.00     0.00     0  00:00           0           0       0.000 gal
  K                    JUNCTION      0.00     0.00     0  00:00           0           0       0.000 gal
  L                    JUNCTION      0.00     0.00     0  00:00           0           0       0.000 gal
  M                    JUNCTION      0.00     0.00     0  00:00           0           0       0.000 gal
  N                    JUNCTION      0.00     0.00     0  00:00           0           0       0.000 gal
  OUT                  OUTFALL       0.00     0.00     0  00:00           0           0       0.000 gal
  O                    STORAGE       0.00     0.00     0  00:00           0           0       0.000 gal
  POND                 STORAGE       0.00     0.00     0  00:00           0           0       0.000 gal
  
  
  **********************
  Node Surcharge Summary
  **********************
  
  No nodes were surcharged.
  
  
  *********************
  Node Flooding Summary
  *********************
  
  No nodes were flooded.
  
  
  **********************
  Storage Volume Summary
  **********************
  
  ------------------------------------------------------------------------------------------------
                         Average    Avg   Evap  Exfil     Maximum    Max    Time of Max    Maximum
                          Volume   Pcnt   Pcnt   Pcnt      Volume   Pcnt     Occurrence    Outflow
  Storage Unit          1000 ft³   Full   Loss   Loss    1000 ft³   Full    days hr:min        CFS
  ------------------------------------------------------------------------------------------------
  O                        0.000    0.0    0.0    0.0       0.000    0.0       0  00:00       0.00
  POND                     0.000    0.0    0.0    0.0       0.000    0.0       0  00:00       0.00
  
  
  ***********************
  Outfall Loading Summary
  ***********************
  
  -----------------------------------------------------------
                         Flow       Avg       Max       Total
                         Freq      Flow      Flow      Volume
  Outfall Node           Pcnt       CFS       CFS    10^6 gal
  -----------------------------------------------------------
  OUT                    0.00      0.00      0.00       0.000
  -----------------------------------------------------------
  System                 0.00      0.00      0.00       0.000
  
  
  ********************
  Link Flow Summary
  ********************
  
  -----------------------------------------------------------------------------
                                 Maximum  Time of Max   Maximum    Max/    Max/
                                  |Flow|   Occurrence   |Veloc|    Full    Full
  Link                 Type          CFS  days hr:min    ft/sec    Flow   Depth
  -----------------------------------------------------------------------------
  1                    CONDUIT      0.00     0  00:00      0.00    0.00    0.00
  2                    CONDUIT      0.00     0  00:00      0.00    0.00    0.00
  3                    CONDUIT      0.00     0  00:00      0.00    0.00    0.00
  4                    CONDUIT      0.00     0  00:00      0.00    0.00    0.00
  5                    CONDUIT      0.00     0  00:00      0.00    0.00    0.00
  6                    CONDUIT      0.00     0  00:00      0.00    0.00    0.00
  7                    CONDUIT      0.00     0  00:00      0.00    0.00    0.00
  8                    CONDUIT      0.00     0  00:00      0.00    0.00    0.00
  9                    CONDUIT      0.00     0  00:00      0.00    0.00    0.00
  10                   CONDUIT      0.00     0  00:00      0.00    0.00    0.00
  11                   CONDUIT      0.00     0  00:00      0.00    0.00    0.00
  12                   CONDUIT      0.00     0  00:00      0.00    0.00    0.00
  13                   CONDUIT      0.00     0  00:00      0.00    0.00    0.00
  14                   CONDUIT      0.00     0  00:00      0.00    0.00    0.00
  15                   CONDUIT      0.00     0  00:00      0.00    0.00    0.00
  
  
  ***************************
  Flow Classification Summary
  ***************************
  
  -------------------------------------------------------------------------------------
                      Adjusted    ---------- Fraction of Time in Flow Class ---------- 
                       /Actual         Up    Down  Sub   Sup   Up    Down  Norm  Inlet 
  Conduit               Length    Dry  Dry   Dry   Crit  Crit  Crit  Crit  Ltd   Ctrl  
  -------------------------------------------------------------------------------------
  1                       1.00   1.00  0.00  0.00  0.00  0.00  0.00  0.00  0.00  0.00
  2                       1.00   1.00  0.00  0.00  0.00  0.00  0.00  0.00  0.00  0.00
  3                       1.00   1.00  0.00  0.00  0.00  0.00  0.00  0.00  0.00  0.00
  4                       1.00   1.00  0.00  0.00  0.00  0.00  0.00  0.00  0.00  0.00
  5                       1.00   1.00  0.00  0.00  0.00  0.00  0.00  0.00  0.00  0.00
  6                       1.00   1.00  0.00  0.00  0.00  0.00  0.00  0.00  0.00  0.00
  7                       1.00   1.00  0.00  0.00  0.00  0.00  0.00  0.00  0.00  0.00
  8                       1.00   1.00  0.00  0.00  0.00  0.00  0.00  0.00  0.00  0.00
  9                       1.00   1.00  0.00  0.00  0.00  0.00  0.00  0.00  0.00  0.00
  10                      1.00   1.00  0.00  0.00  0.00  0.00  0.00  0.00  0.00  0.00
  11                      1.00   1.00  0.00  0.00  0.00  0.00  0.00  0.00  0.00  0.00
  12                      1.00   1.00  0.00  0.00  0.00  0.00  0.00  0.00  0.00  0.00
  13                      1.00   1.00  0.00  0.00  0.00  0.00  0.00  0.00  0.00  0.00
  14                      1.00   1.00  0.00  0.00  0.00  0.00  0.00  0.00  0.00  0.00
  15                      1.00   1.00  0.00  0.00  0.00  0.00  0.00  0.00  0.00  0.00
  
  
  *************************
  Conduit Surcharge Summary
  *************************
  
  No conduits were surcharged.
  

  Analysis begun on:  Sun Jul 19 15:21:49 2026
  Analysis ended on:  Sun Jul 19 15:21:49 2026
  Total elapsed time: < 1 sec