
  EPA STORM WATER MANAGEMENT MODEL - VERSION 5.2 (Build 5.2.4)
  ------------------------------------------------------------

  Pump Station 2 Basin Peak Flow Study 
  WARNING 04: minimum elevation drop used for Conduit 049
  
  ****************
  Analysis Options
  ****************
  Flow Units ............... CFS
  Process Models:
    Rainfall/Runoff ........ NO
    RDII ................... NO
    Snowmelt ............... NO
    Groundwater ............ NO
    Flow Routing ........... YES
    Ponding Allowed ........ NO
    Water Quality .......... NO
  Flow Routing Method ...... DYNWAVE
  Surcharge Method ......... EXTRAN
  Starting Date ............ 01/01/2001 00:00:00
  Ending Date .............. 01/02/2001 00:00:00
  Antecedent Dry Days ...... 0.0
  Report Time Step ......... 00:15:00
  Routing Time Step ........ 3.00 sec
  Variable Time Step ....... YES
  Maximum Trials ........... 50
  Number of Threads ........ 1
  Head Tolerance ........... 0.000100 ft
  
  
  **************************        Volume        Volume
  Flow Routing Continuity        acre-feet      10^6 gal
  **************************     ---------     ---------
  Dry Weather Inflow .......         0.000         0.000
  Wet Weather Inflow .......         0.000         0.000
  Groundwater Inflow .......         0.000         0.000
  RDII Inflow ..............         0.000         0.000
  External Inflow ..........         5.950         1.939
  External Outflow .........        19.834         6.463
  Flooding Loss ............         3.851         1.255
  Evaporation Loss .........         0.000         0.000
  Exfiltration Loss ........         0.000         0.000
  Initial Stored Volume ....         0.000         0.000
  Final Stored Volume ......         0.113         0.037
  Continuity Error (%) .....      -299.960
  
  
  ***************************
  Time-Step Critical Elements
  ***************************
  None
  
  
  ********************************
  Highest Flow Instability Indexes
  ********************************
  All links are stable.
  
  
  *********************************
  Most Frequent Nonconverging Nodes
  *********************************
  Convergence obtained at all time steps.
  
  
  *************************
  Routing Time Step Summary
  *************************
  Minimum Time Step           :     2.50 sec
  Average Time Step           :     3.00 sec
  Maximum Time Step           :     3.00 sec
  % of Time in Steady State   :     0.00
  Average Iterations per Step :     2.00
  % of Steps Not Converging   :     0.00
  Time Step Frequencies       :
      3.000 -  2.096 sec      :   100.00 %
      2.096 -  1.465 sec      :     0.00 %
      1.465 -  1.024 sec      :     0.00 %
      1.024 -  0.715 sec      :     0.00 %
      0.715 -  0.500 sec      :     0.00 %
  
  
  ******************
  Node Depth Summary
  ******************
  
  ---------------------------------------------------------------------------------
                                 Average  Maximum  Maximum  Time of Max    Reported
                                   Depth    Depth      HGL   Occurrence   Max Depth
  Node                 Type         Feet     Feet     Feet  days hr:min        Feet
  ---------------------------------------------------------------------------------
  J049                 JUNCTION     0.00     0.00   150.00     0  00:00        0.00
  E09245               JUNCTION     0.00     0.00    10.00     0  00:00        0.00
  E09163               JUNCTION     0.00     0.00    10.00     0  00:00        0.00
  Node_8049            JUNCTION     0.00     0.00    -6.74     0  00:00        0.00
  Node_2138            JUNCTION     0.99     1.00    -5.74     0  00:30        1.00
  Node_19572337        JUNCTION     0.95     1.00    -5.74     0  01:51        1.00
  Node_9163            JUNCTION     0.47     0.49    -6.25     0  00:11        0.48
  Node_23372334        JUNCTION     1.48     1.50    -8.14     0  00:28        1.50
  Node_19591957        OUTFALL      0.00     0.00    -6.74     0  00:00        0.00
  S49                  STORAGE      0.00     0.00    10.00     0  00:00        0.00
  
  
  *******************
  Node Inflow Summary
  *******************
  
  -------------------------------------------------------------------------------------------------
                                  Maximum  Maximum                  Lateral       Total        Flow
                                  Lateral    Total  Time of Max      Inflow      Inflow     Balance
                                   Inflow   Inflow   Occurrence      Volume      Volume       Error
  Node                 Type           CFS      CFS  days hr:min    10^6 gal    10^6 gal     Percent
  -------------------------------------------------------------------------------------------------
  J049                 JUNCTION      0.00     0.00     0  00:00           0           0       0.000 gal
  E09245               JUNCTION      0.00     0.00     0  00:00           0           0       0.000 gal
  E09163               JUNCTION      0.00     0.00     0  00:00           0           0       0.000 gal
  Node_8049            JUNCTION      1.00     1.00     0  00:00       0.646       0.646     -90.000
  Node_2138            JUNCTION      1.00     1.00     0  00:00       0.646       0.646       1.959
  Node_19572337        JUNCTION      0.00     0.36     0  01:00           0      0.0143       0.000
  Node_9163            JUNCTION      1.00     1.00     0  00:00       0.646       0.646       0.358
  Node_23372334        JUNCTION      0.00     1.07     0  00:12           0       0.644       0.000
  Node_19591957        OUTFALL       0.00    10.00     0  00:00           0        6.46       0.000
  S49                  STORAGE       0.00     0.00     0  00:00           0           0       0.000 gal
  
  
  **********************
  Node Surcharge Summary
  **********************
  
  Surcharging occurs when water rises above the top of the highest conduit.
  ---------------------------------------------------------------------
                                               Max. Height   Min. Depth
                                   Hours       Above Crown    Below Rim
  Node                 Type      Surcharged           Feet         Feet
  ---------------------------------------------------------------------
  J049                 JUNCTION       24.00          0.000        0.000
  E09245               JUNCTION       24.00          0.000        0.000
  E09163               JUNCTION       24.00          0.000        0.000
  Node_8049            JUNCTION       24.00          0.000        0.000
  Node_2138            JUNCTION       23.49          0.000        0.000
  Node_19572337        JUNCTION       22.15          0.000        0.000
  Node_23372334        JUNCTION       23.53          0.000        0.000
  
  
  *********************
  Node Flooding Summary
  *********************
  
  Flooding refers to all water that overflows a node, whether it ponds or not.
  --------------------------------------------------------------------------
                                                             Total   Maximum
                                 Maximum   Time of Max       Flood    Ponded
                        Hours       Rate    Occurrence      Volume     Depth
  Node                 Flooded       CFS   days hr:min    10^6 gal      Feet
  --------------------------------------------------------------------------
  Node_2138              23.49      1.00      1  00:00       0.620     0.000
  Node_19572337          22.15      0.10      0  01:51       0.002     0.000
  Node_23372334          23.53      1.00      0  00:28       0.634     0.000
  
  
  **********************
  Storage Volume Summary
  **********************
  
  ------------------------------------------------------------------------------------------------
                         Average    Avg   Evap  Exfil     Maximum    Max    Time of Max    Maximum
                          Volume   Pcnt   Pcnt   Pcnt      Volume   Pcnt     Occurrence    Outflow
  Storage Unit          1000 ft³   Full   Loss   Loss    1000 ft³   Full    days hr:min        CFS
  ------------------------------------------------------------------------------------------------
  S49                      0.000    0.0    0.0    0.0       0.000    0.0       0  00:00       0.00
  
  
  ***********************
  Outfall Loading Summary
  ***********************
  
  -----------------------------------------------------------
                         Flow       Avg       Max       Total
                         Freq      Flow      Flow      Volume
  Outfall Node           Pcnt       CFS       CFS    10^6 gal
  -----------------------------------------------------------
  Node_19591957        100.00     10.00     10.00       6.463
  -----------------------------------------------------------
  System               100.00     10.00     10.00       6.463
  
  
  ********************
  Link Flow Summary
  ********************
  
  -----------------------------------------------------------------------------
                                 Maximum  Time of Max   Maximum    Max/    Max/
                                  |Flow|   Occurrence   |Veloc|    Full    Full
  Link                 Type          CFS  days hr:min    ft/sec    Flow   Depth
  -----------------------------------------------------------------------------
  049                  CONDUIT      0.36     0  01:00      0.67   20.57    1.00
  PE09163              CONDUIT      1.07     0  00:12      2.59    0.23    0.66
  8049                 PUMP        10.00     0  00:00              1.00
  
  
  ***************************
  Flow Classification Summary
  ***************************
  
  -------------------------------------------------------------------------------------
                      Adjusted    ---------- Fraction of Time in Flow Class ---------- 
                       /Actual         Up    Down  Sub   Sup   Up    Down  Norm  Inlet 
  Conduit               Length    Dry  Dry   Dry   Crit  Crit  Crit  Crit  Ltd   Ctrl  
  -------------------------------------------------------------------------------------
  049                     1.00   0.00  0.00  0.00  1.00  0.00  0.00  0.00  0.00  0.00
  PE09163                 1.00   0.00  0.00  0.00  1.00  0.00  0.00  0.00  0.99  0.00
  
  
  *************************
  Conduit Surcharge Summary
  *************************
  
  ----------------------------------------------------------------------------
                                                           Hours        Hours 
                         --------- Hours Full --------   Above Full   Capacity
  Conduit                Both Ends  Upstream  Dnstream   Normal Flow   Limited
  ----------------------------------------------------------------------------
  049                        22.15     23.49     22.15      2.40         0.01
  PE09163                     0.01      0.01     23.53      0.01         0.01
  
  
  ***************
  Pumping Summary
  ***************
  
  ---------------------------------------------------------------------------------------------------------
                                                  Min       Avg       Max     Total     Power    % Time Off
                        Percent   Number of      Flow      Flow      Flow    Volume     Usage    Pump Curve
  Pump                 Utilized   Start-Ups       CFS       CFS       CFS  10^6 gal     Kw-hr    Low   High
  ---------------------------------------------------------------------------------------------------------
  8049                   100.00           1      0.00     10.00     10.00     6.463      0.00    0.0    0.0
  

  Analysis begun on:  Wed Jul 22 14:15:31 2026
  Analysis ended on:  Wed Jul 22 14:15:31 2026
  Total elapsed time: < 1 sec