
  EPA STORM WATER MANAGEMENT MODEL - VERSION 5.2 (Build 5.2.4)
  ------------------------------------------------------------

  Example 
  WARNING 04: minimum elevation drop used for Conduit pipe
  WARNING 04: minimum elevation drop used for Conduit channel
  WARNING 04: minimum elevation drop used for Conduit pipe_2
  WARNING 04: minimum elevation drop used for Conduit 210
  WARNING 04: minimum elevation drop used for Conduit 212
  
  ****************
  Analysis Options
  ****************
  Flow Units ............... CMS
  Process Models:
    Rainfall/Runoff ........ NO
    RDII ................... NO
    Snowmelt ............... NO
    Groundwater ............ NO
    Flow Routing ........... YES
    Ponding Allowed ........ NO
    Water Quality .......... NO
  Flow Routing Method ...... DYNWAVE
  Surcharge Method ......... EXTRAN
  Starting Date ............ 01/01/2001 00:00:00
  Ending Date .............. 01/02/2001 00:00:00
  Antecedent Dry Days ...... 0.0
  Report Time Step ......... 00:15:00
  Routing Time Step ........ 60.00 sec
  Variable Time Step ....... YES
  Maximum Trials ........... 8
  Number of Threads ........ 1
  Head Tolerance ........... 0.003300 m
  
  
  **************************        Volume        Volume
  Flow Routing Continuity        hectare-m      10^6 ltr
  **************************     ---------     ---------
  Dry Weather Inflow .......         0.000         0.000
  Wet Weather Inflow .......         0.000         0.000
  Groundwater Inflow .......         0.000         0.000
  RDII Inflow ..............         0.000         0.000
  External Inflow ..........         0.259         2.592
  External Outflow .........         0.244         2.444
  Flooding Loss ............         0.000         0.000
  Evaporation Loss .........         0.000         0.000
  Exfiltration Loss ........         0.000         0.000
  Initial Stored Volume ....         0.000         0.000
  Final Stored Volume ......         0.016         0.161
  Continuity Error (%) .....        -0.504
  
  
  *************************
  Highest Continuity Errors
  *************************
  Node _inlet (62.91%)
  Node inlet (4.73%)
  
  
  ***************************
  Time-Step Critical Elements
  ***************************
  None
  
  
  ********************************
  Highest Flow Instability Indexes
  ********************************
  Link 212 (4)
  
  
  *********************************
  Most Frequent Nonconverging Nodes
  *********************************
  Convergence obtained at all time steps.
  
  
  *************************
  Routing Time Step Summary
  *************************
  Minimum Time Step           :    32.81 sec
  Average Time Step           :    59.92 sec
  Maximum Time Step           :    60.00 sec
  % of Time in Steady State   :     0.00
  Average Iterations per Step :     2.00
  % of Steps Not Converging   :     0.00
  Time Step Frequencies       :
     60.000 - 23.031 sec      :   100.00 %
     23.031 -  8.841 sec      :     0.00 %
      8.841 -  3.393 sec      :     0.00 %
      3.393 -  1.303 sec      :     0.00 %
      1.303 -  0.500 sec      :     0.00 %
  
  
  ******************
  Node Depth Summary
  ******************
  
  ---------------------------------------------------------------------------------
                                 Average  Maximum  Maximum  Time of Max    Reported
                                   Depth    Depth      HGL   Occurrence   Max Depth
  Node                 Type       Meters   Meters   Meters  days hr:min      Meters
  ---------------------------------------------------------------------------------
  inlet                JUNCTION     0.25     0.26     0.26     0  12:54        0.26
  inlet_2              JUNCTION     0.00     0.00     0.00     0  00:00        0.00
  inlet_3              JUNCTION     0.00     0.00     0.00     0  00:00        0.00
  _inlet               JUNCTION     0.25     0.26     0.26     0  16:26        0.26
  @inlet               JUNCTION     0.25     0.26     0.26     0  12:41        0.26
  outlet               OUTFALL      0.04     0.04     0.04     0  13:57        0.04
  
  
  *******************
  Node Inflow Summary
  *******************
  
  -------------------------------------------------------------------------------------------------
                                  Maximum  Maximum                  Lateral       Total        Flow
                                  Lateral    Total  Time of Max      Inflow      Inflow     Balance
                                   Inflow   Inflow   Occurrence      Volume      Volume       Error
  Node                 Type           CMS      CMS  days hr:min    10^6 ltr    10^6 ltr     Percent
  -------------------------------------------------------------------------------------------------
  inlet                JUNCTION     0.030    0.030     0  07:56        2.59        2.59       4.962
  inlet_2              JUNCTION     0.000    0.000     0  00:00           0           0       0.000 ltr
  inlet_3              JUNCTION     0.000    0.000     0  00:00           0           0       0.000 ltr
  _inlet               JUNCTION     0.000    0.009     0  00:31           0      0.0264     169.584
  @inlet               JUNCTION     0.000    0.005     0  00:28           0     0.00891       0.000
  outlet               OUTFALL      0.000    0.030     0  13:57           0        2.44       0.000
  
  
  **********************
  Node Surcharge Summary
  **********************
  
  Surcharging occurs when water rises above the top of the highest conduit.
  ---------------------------------------------------------------------
                                               Max. Height   Min. Depth
                                   Hours       Above Crown    Below Rim
  Node                 Type      Surcharged         Meters       Meters
  ---------------------------------------------------------------------
  inlet_2              JUNCTION       24.00          0.000        0.000
  inlet_3              JUNCTION       24.00          0.000        0.000
  
  
  *********************
  Node Flooding Summary
  *********************
  
  No nodes were flooded.
  
  
  ***********************
  Outfall Loading Summary
  ***********************
  
  -----------------------------------------------------------
                         Flow       Avg       Max       Total
                         Freq      Flow      Flow      Volume
  Outfall Node           Pcnt       CMS       CMS    10^6 ltr
  -----------------------------------------------------------
  outlet                99.86     0.028     0.030       2.444
  -----------------------------------------------------------
  System                99.86     0.028     0.030       2.444
  
  
  ********************
  Link Flow Summary
  ********************
  
  -----------------------------------------------------------------------------
                                 Maximum  Time of Max   Maximum    Max/    Max/
                                  |Flow|   Occurrence   |Veloc|    Full    Full
  Link                 Type          CMS  days hr:min     m/sec    Flow   Depth
  -----------------------------------------------------------------------------
  pipe                 CONDUIT     0.000     0  00:00      0.00    0.00    0.59
  channel              CONDUIT     0.030     0  13:57      0.17    0.90    0.15
  pipe_2               CONDUIT     0.000     0  00:00      0.00    0.00    0.29
  210                  CONDUIT     0.009     0  00:31      0.19    0.20    0.26
  212                  CONDUIT     0.005     0  00:28      0.16    0.11    0.26
  
  
  ***************************
  Flow Classification Summary
  ***************************
  
  -------------------------------------------------------------------------------------
                      Adjusted    ---------- Fraction of Time in Flow Class ---------- 
                       /Actual         Up    Down  Sub   Sup   Up    Down  Norm  Inlet 
  Conduit               Length    Dry  Dry   Dry   Crit  Crit  Crit  Crit  Ltd   Ctrl  
  -------------------------------------------------------------------------------------
  pipe                    1.00   0.00  0.00  0.00  1.00  0.00  0.00  0.00  0.00  0.00
  channel                 1.00   0.00  0.00  0.00  1.00  0.00  0.00  0.00  0.00  0.00
  pipe_2                  1.00   0.00  0.00  0.00  1.00  0.00  0.00  0.00  0.00  0.00
  210                     1.00   0.00  0.00  0.00  1.00  0.00  0.00  0.00  0.00  0.00
  212                     1.00   0.00  0.00  0.00  1.00  0.00  0.00  0.00  0.00  0.00
  
  
  *************************
  Conduit Surcharge Summary
  *************************
  
  No conduits were surcharged.
  

  Analysis begun on:  Wed Jul 22 14:15:36 2026
  Analysis ended on:  Wed Jul 22 14:15:36 2026
  Total elapsed time: < 1 sec