
  EPA STORM WATER MANAGEMENT MODEL - VERSION 5.2 (Build 5.2.4)
  ------------------------------------------------------------

  Converted from XPSWMM .xp file 
  WARNING 04: minimum elevation drop used for Conduit 0
  WARNING 04: minimum elevation drop used for Conduit 0_2
  WARNING 04: minimum elevation drop used for Conduit 0_3
  WARNING 04: minimum elevation drop used for Conduit 0_4
  WARNING 04: minimum elevation drop used for Conduit 0_5
  WARNING 04: minimum elevation drop used for Conduit 0_6
  WARNING 04: minimum elevation drop used for Conduit 0_7
  WARNING 04: minimum elevation drop used for Conduit 0_8
  WARNING 04: minimum elevation drop used for Conduit 0_9
  WARNING 04: minimum elevation drop used for Conduit 0_10
  WARNING 04: minimum elevation drop used for Conduit 0_11
  WARNING 04: minimum elevation drop used for Conduit 0_12
  WARNING 04: minimum elevation drop used for Conduit 0_13
  WARNING 04: minimum elevation drop used for Conduit 0_14
  WARNING 04: minimum elevation drop used for Conduit 0_15
  WARNING 04: minimum elevation drop used for Conduit 0_16
  WARNING 04: minimum elevation drop used for Conduit 0_17
  WARNING 04: minimum elevation drop used for Conduit 0_18
  WARNING 04: minimum elevation drop used for Conduit 0_19
  WARNING 04: minimum elevation drop used for Conduit 0_20
  WARNING 04: minimum elevation drop used for Conduit 0_21
  WARNING 04: minimum elevation drop used for Conduit 0_22
  WARNING 04: minimum elevation drop used for Conduit 0_23
  WARNING 04: minimum elevation drop used for Conduit 0_24
  
  ****************
  Analysis Options
  ****************
  Flow Units ............... CFS
  Process Models:
    Rainfall/Runoff ........ NO
    RDII ................... NO
    Snowmelt ............... NO
    Groundwater ............ NO
    Flow Routing ........... YES
    Ponding Allowed ........ NO
    Water Quality .......... NO
  Flow Routing Method ...... DYNWAVE
  Surcharge Method ......... EXTRAN
  Starting Date ............ 01/01/2001 00:00:00
  Ending Date .............. 01/02/2001 00:00:00
  Antecedent Dry Days ...... 0.0
  Report Time Step ......... 00:15:00
  Routing Time Step ........ 20.00 sec
  Variable Time Step ....... YES
  Maximum Trials ........... 8
  Number of Threads ........ 1
  Head Tolerance ........... 0.005000 ft
  
  
  **************************        Volume        Volume
  Flow Routing Continuity        acre-feet      10^6 gal
  **************************     ---------     ---------
  Dry Weather Inflow .......         0.000         0.000
  Wet Weather Inflow .......         0.000         0.000
  Groundwater Inflow .......         0.000         0.000
  RDII Inflow ..............         0.000         0.000
  External Inflow ..........        15.867         5.171
  External Outflow .........         2.692         0.877
  Flooding Loss ............        13.132         4.279
  Evaporation Loss .........         0.000         0.000
  Exfiltration Loss ........         0.000         0.000
  Initial Stored Volume ....         0.000         0.000
  Final Stored Volume ......         0.043         0.014
  Continuity Error (%) .....         0.001
  
  
  *************************
  Highest Continuity Errors
  *************************
  Node ACBA (6.36%)
  Node CBA3 (4.30%)
  Node CBA5 (3.83%)
  Node CBA2 (3.74%)
  Node CBA4 (3.73%)
  
  
  ***************************
  Time-Step Critical Elements
  ***************************
  Link 0_9 (99.10%)
  
  
  ********************************
  Highest Flow Instability Indexes
  ********************************
  All links are stable.
  
  
  *********************************
  Most Frequent Nonconverging Nodes
  *********************************
  Node ODA (0.01%)
  Node ODA9 (0.00%)
  Node Resnew (0.00%)
  Node Reserv (0.00%)
  Node Resex (0.00%)
  
  
  *************************
  Routing Time Step Summary
  *************************
  Minimum Time Step           :     1.38 sec
  Average Time Step           :     3.91 sec
  Maximum Time Step           :    12.78 sec
  % of Time in Steady State   :     0.00
  Average Iterations per Step :     2.00
  % of Steps Not Converging   :     0.01
  Time Step Frequencies       :
     20.000 -  9.564 sec      :     0.03 %
      9.564 -  4.573 sec      :     0.46 %
      4.573 -  2.187 sec      :    99.48 %
      2.187 -  1.046 sec      :     0.02 %
      1.046 -  0.500 sec      :     0.00 %
  
  
  ******************
  Node Depth Summary
  ******************
  
  ---------------------------------------------------------------------------------
                                 Average  Maximum  Maximum  Time of Max    Reported
                                   Depth    Depth      HGL   Occurrence   Max Depth
  Node                 Type         Feet     Feet     Feet  days hr:min        Feet
  ---------------------------------------------------------------------------------
  ACBA                 JUNCTION     1.00     1.00     1.00     0  00:02        1.00
  CBA5                 JUNCTION     1.00     1.00     1.00     0  00:03        1.00
  CBA4                 JUNCTION     1.00     1.00     1.00     0  00:03        1.00
  CBA3                 JUNCTION     1.00     1.00     1.00     0  00:03        1.00
  CBA2                 JUNCTION     1.00     1.00     1.00     0  00:03        1.00
  CBA1                 JUNCTION     1.00     1.00     1.00     0  00:03        1.00
  CBA                  JUNCTION     1.00     1.00     1.00     0  00:03        1.00
  ODA10                JUNCTION     1.00     1.00     1.00     0  00:06        1.00
  ODA9                 JUNCTION     0.99     1.00     1.00     0  00:06        1.00
  ODA8                 JUNCTION     0.99     1.00     1.00     0  00:06        0.99
  ODA7                 JUNCTION     0.99     1.00     1.00     0  00:06        0.99
  ODA6                 JUNCTION     0.99     1.00     1.00     0  00:06        0.99
  ODA5                 JUNCTION     0.99     1.00     1.00     0  00:06        0.99
  ODA4                 JUNCTION     0.99     1.00     1.00     0  00:06        0.99
  ODA3                 JUNCTION     0.98     1.00     1.00     0  00:07        0.98
  ODA2                 JUNCTION     0.96     0.97     0.97     0  00:07        0.96
  ODA1                 JUNCTION     0.82     0.83     0.83     0  00:07        0.82
  new1                 JUNCTION     1.00     1.00     1.00     0  00:07        1.00
  new2                 JUNCTION     1.00     1.00     1.00     0  00:06        1.00
  park                 JUNCTION     1.00     1.00     1.00     0  00:03        1.00
  comm                 JUNCTION     1.00     1.00     1.00     0  00:03        1.00
  Resnew               JUNCTION     1.00     1.00     1.00     0  00:02        1.00
  Reserv               JUNCTION     1.00     1.00     1.00     0  00:02        1.00
  Resex                JUNCTION     1.00     1.00     1.00     0  00:02        1.00
  ODA                  OUTFALL      0.49     0.50     0.50     0  00:07        0.49
  
  
  *******************
  Node Inflow Summary
  *******************
  
  -------------------------------------------------------------------------------------------------
                                  Maximum  Maximum                  Lateral       Total        Flow
                                  Lateral    Total  Time of Max      Inflow      Inflow     Balance
                                   Inflow   Inflow   Occurrence      Volume      Volume       Error
  Node                 Type           CFS      CFS  days hr:min    10^6 gal    10^6 gal     Percent
  -------------------------------------------------------------------------------------------------
  ACBA                 JUNCTION      0.00     3.07     0  00:01           0      0.0193       6.794
  CBA5                 JUNCTION      0.00     1.83     0  00:02           0      0.0152       3.986
  CBA4                 JUNCTION      0.00     1.64     0  00:02           0      0.0152       3.870
  CBA3                 JUNCTION      0.00     2.28     0  00:02           0      0.0139       4.490
  CBA2                 JUNCTION      0.00     1.25     0  00:03           0      0.0146       3.882
  CBA1                 JUNCTION      0.00     2.98     0  00:02           0       0.108       1.399
  CBA                  JUNCTION      1.00     1.00     0  00:00       0.646       0.646       0.048
  ODA10                JUNCTION      0.00     1.44     0  00:03           0       0.104       0.564
  ODA9                 JUNCTION      0.00     1.34     0  00:04           0       0.103       0.578
  ODA8                 JUNCTION      0.00     1.13     0  00:04           0       0.103       0.574
  ODA7                 JUNCTION      0.00     1.00     0  00:04           0       0.102       0.602
  ODA6                 JUNCTION      0.00     1.05     0  00:04           0       0.102       0.594
  ODA5                 JUNCTION      0.00     0.81     0  00:05           0       0.102       0.574
  ODA4                 JUNCTION      0.00     0.87     0  00:04           0       0.103       0.572
  ODA3                 JUNCTION      0.00     0.99     0  00:05           0       0.392       0.228
  ODA2                 JUNCTION      0.00     1.61     0  00:06           0       0.879       0.101
  ODA1                 JUNCTION      0.00     1.44     0  00:07           0       0.878       0.060
  new1                 JUNCTION      1.00     1.00     0  00:00       0.646       0.646       0.046
  new2                 JUNCTION      1.00     1.00     0  00:00       0.646       0.646       0.046
  park                 JUNCTION      1.00     1.00     0  00:00       0.646       0.646       0.048
  comm                 JUNCTION      1.00     1.00     0  00:00       0.646       0.646       0.048
  Resnew               JUNCTION      1.00     1.00     0  00:00       0.646       0.646       0.046
  Reserv               JUNCTION      1.00     1.00     0  00:00       0.646       0.646       0.046
  Resex                JUNCTION      1.00     1.00     0  00:00       0.646       0.646       0.046
  ODA                  OUTFALL       0.00     1.39     0  00:07           0       0.877       0.000
  
  
  **********************
  Node Surcharge Summary
  **********************
  
  Surcharging occurs when water rises above the top of the highest conduit.
  ---------------------------------------------------------------------
                                               Max. Height   Min. Depth
                                   Hours       Above Crown    Below Rim
  Node                 Type      Surcharged           Feet         Feet
  ---------------------------------------------------------------------
  ACBA                 JUNCTION       23.96          0.000        0.000
  CBA5                 JUNCTION       23.95          0.000        0.000
  CBA4                 JUNCTION       23.92          0.000        0.000
  CBA3                 JUNCTION        1.73          0.000        0.000
  CBA2                 JUNCTION        0.25          0.000        0.000
  CBA1                 JUNCTION        0.19          0.000        0.000
  CBA                  JUNCTION       23.94          0.000        0.000
  ODA10                JUNCTION        0.09          0.000        0.000
  ODA9                 JUNCTION        0.07          0.000        0.000
  ODA8                 JUNCTION        0.06          0.000        0.000
  ODA7                 JUNCTION        0.04          0.000        0.000
  ODA6                 JUNCTION        0.03          0.000        0.000
  ODA5                 JUNCTION        0.02          0.000        0.000
  ODA4                 JUNCTION        0.01          0.000        0.000
  ODA3                 JUNCTION        0.01          0.000        0.000
  new1                 JUNCTION       23.88          0.000        0.000
  new2                 JUNCTION       23.89          0.000        0.000
  park                 JUNCTION       23.94          0.000        0.000
  comm                 JUNCTION       23.94          0.000        0.000
  Resnew               JUNCTION       23.97          0.000        0.000
  Reserv               JUNCTION       23.97          0.000        0.000
  Resex                JUNCTION       23.97          0.000        0.000
  
  
  *********************
  Node Flooding Summary
  *********************
  
  Flooding refers to all water that overflows a node, whether it ponds or not.
  --------------------------------------------------------------------------
                                                             Total   Maximum
                                 Maximum   Time of Max       Flood    Ponded
                        Hours       Rate    Occurrence      Volume     Depth
  Node                 Flooded       CFS   days hr:min    10^6 gal      Feet
  --------------------------------------------------------------------------
  ACBA                    2.05      0.71      0  00:03       0.003     0.000
  CBA5                    0.78      0.46      0  00:03       0.000     0.000
  CBA4                    0.96      0.56      0  00:03       0.002     0.000
  CBA3                    0.27      0.66      0  00:03       0.000     0.000
  CBA2                    0.24      0.91      0  00:03       0.000     0.000
  CBA1                    0.18      0.51      0  00:05       0.001     0.000
  CBA                    23.94      0.95      0  05:58       0.614     0.000
  ODA10                   0.09      0.17      0  00:06       0.000     0.000
  ODA9                    0.07      0.11      0  00:06       0.000     0.000
  ODA8                    0.06      0.15      0  00:06       0.000     0.000
  ODA7                    0.04      0.11      0  00:06       0.000     0.000
  ODA6                    0.02      0.17      0  00:06       0.000     0.000
  ODA5                    0.02      0.33      0  00:06       0.000     0.000
  ODA4                    0.01      0.21      0  00:06       0.000     0.000
  ODA3                    0.01      0.10      0  00:07       0.000     0.000
  new1                   23.88      0.26      0  00:08       0.156     0.000
  new2                   23.89      0.55      0  01:04       0.355     0.000
  park                   23.94      0.95      0  05:58       0.614     0.000
  comm                   23.94      0.95      0  05:58       0.614     0.000
  Resnew                 23.97      0.99      0  02:05       0.640     0.000
  Reserv                 23.97      0.99      0  02:05       0.640     0.000
  Resex                  23.97      0.99      0  02:05       0.640     0.000
  
  
  ***********************
  Outfall Loading Summary
  ***********************
  
  -----------------------------------------------------------
                         Flow       Avg       Max       Total
                         Freq      Flow      Flow      Volume
  Outfall Node           Pcnt       CFS       CFS    10^6 gal
  -----------------------------------------------------------
  ODA                   99.97      1.36      1.39       0.877
  -----------------------------------------------------------
  System                99.97      1.36      1.39       0.877
  
  
  ********************
  Link Flow Summary
  ********************
  
  -----------------------------------------------------------------------------
                                 Maximum  Time of Max   Maximum    Max/    Max/
                                  |Flow|   Occurrence   |Veloc|    Full    Full
  Link                 Type          CFS  days hr:min    ft/sec    Flow   Depth
  -----------------------------------------------------------------------------
  0                    CONDUIT      1.83     0  00:02      3.00   16.21    1.00
  0_2                  CONDUIT      1.64     0  00:02      2.78   14.57    1.00
  0_3                  CONDUIT      1.09     0  00:02      1.84    9.65    1.00
  0_4                  CONDUIT      1.19     0  00:02      2.12   10.55    1.00
  0_5                  CONDUIT      1.25     0  00:03      2.20   11.12    1.00
  0_6                  CONDUIT      0.99     0  00:02      2.73    8.83    1.00
  0_7                  CONDUIT      1.44     0  00:03      2.36   12.83    1.00
  0_8                  CONDUIT      1.34     0  00:04      2.34   11.87    1.00
  0_9                  CONDUIT      1.13     0  00:04      2.33   10.05    1.00
  0_10                 CONDUIT      1.00     0  00:04      2.30    8.85    1.00
  0_11                 CONDUIT      0.42     0  00:05      0.74    3.77    1.00
  0_12                 CONDUIT      0.70     0  00:04      1.83    6.25    1.00
  0_13                 CONDUIT      0.81     0  00:05      1.85    7.22    1.00
  0_14                 CONDUIT      0.87     0  00:04      1.82    7.69    1.00
  0_15                 CONDUIT      0.72     0  00:06      0.94    6.40    0.98
  0_16                 CONDUIT      1.44     0  00:07      1.98   12.77    0.90
  0_17                 CONDUIT      1.39     0  00:07      2.52   12.37    0.66
  0_18                 CONDUIT      0.99     0  00:01      3.21    8.76    0.99
  0_19                 CONDUIT      0.99     0  00:05      3.21    8.80    1.00
  0_20                 CONDUIT      1.02     0  00:01      2.56    9.10    1.00
  0_21                 CONDUIT      1.02     0  00:01      2.56    9.10    1.00
  0_22                 CONDUIT      1.02     0  00:01      2.56    9.10    1.00
  0_23                 CONDUIT      0.99     0  00:02      2.73    8.83    1.00
  0_24                 CONDUIT      0.99     0  00:02      2.73    8.83    1.00
  
  
  ***************************
  Flow Classification Summary
  ***************************
  
  -------------------------------------------------------------------------------------
                      Adjusted    ---------- Fraction of Time in Flow Class ---------- 
                       /Actual         Up    Down  Sub   Sup   Up    Down  Norm  Inlet 
  Conduit               Length    Dry  Dry   Dry   Crit  Crit  Crit  Crit  Ltd   Ctrl  
  -------------------------------------------------------------------------------------
  0                       1.00   0.00  0.00  0.00  1.00  0.00  0.00  0.00  0.00  0.00
  0_2                     1.00   0.00  0.00  0.00  1.00  0.00  0.00  0.00  0.00  0.00
  0_3                     1.00   0.00  0.00  0.00  1.00  0.00  0.00  0.00  0.00  0.00
  0_4                     1.00   0.00  0.00  0.00  1.00  0.00  0.00  0.00  0.00  0.00
  0_5                     1.00   0.00  0.00  0.00  1.00  0.00  0.00  0.00  0.00  0.00
  0_6                     1.00   0.00  0.00  0.00  1.00  0.00  0.00  0.00  0.00  0.00
  0_7                     1.00   0.00  0.00  0.00  1.00  0.00  0.00  0.00  0.00  0.00
  0_8                     1.00   0.00  0.00  0.00  1.00  0.00  0.00  0.00  0.00  0.00
  0_9                     1.00   0.00  0.00  0.00  1.00  0.00  0.00  0.00  0.00  0.00
  0_10                    1.00   0.00  0.00  0.00  1.00  0.00  0.00  0.00  0.00  0.00
  0_11                    1.00   0.00  0.00  0.00  1.00  0.00  0.00  0.00  0.00  0.00
  0_12                    1.00   0.00  0.00  0.00  1.00  0.00  0.00  0.00  0.00  0.00
  0_13                    1.00   0.00  0.00  0.00  1.00  0.00  0.00  0.00  0.00  0.00
  0_14                    1.00   0.00  0.00  0.00  1.00  0.00  0.00  0.00  0.00  0.00
  0_15                    1.00   0.00  0.00  0.00  1.00  0.00  0.00  0.00  0.00  0.00
  0_16                    1.00   0.00  0.00  0.00  1.00  0.00  0.00  0.00  0.00  0.00
  0_17                    1.00   0.00  0.00  0.00  1.00  0.00  0.00  0.00  0.00  0.00
  0_18                    1.00   0.00  0.00  0.00  1.00  0.00  0.00  0.00  0.00  0.00
  0_19                    1.00   0.00  0.00  0.00  1.00  0.00  0.00  0.00  0.00  0.00
  0_20                    1.00   0.00  0.00  0.00  1.00  0.00  0.00  0.00  0.00  0.00
  0_21                    1.00   0.00  0.00  0.00  1.00  0.00  0.00  0.00  0.00  0.00
  0_22                    1.00   0.00  0.00  0.00  1.00  0.00  0.00  0.00  0.00  0.00
  0_23                    1.00   0.00  0.00  0.00  1.00  0.00  0.00  0.00  0.00  0.00
  0_24                    1.00   0.00  0.00  0.00  1.00  0.00  0.00  0.00  0.00  0.00
  
  
  *************************
  Conduit Surcharge Summary
  *************************
  
  ----------------------------------------------------------------------------
                                                           Hours        Hours 
                         --------- Hours Full --------   Above Full   Capacity
  Conduit                Both Ends  Upstream  Dnstream   Normal Flow   Limited
  ----------------------------------------------------------------------------
  0                           0.96      2.06      0.96      0.14         0.01
  0_2                         0.96      0.96      0.96      0.12         0.01
  0_3                         0.27      0.96      0.27      0.04         0.01
  0_4                         0.24      0.27      0.24      0.07         0.01
  0_5                         0.18      0.24      0.19      0.11         0.01
  0_6                         0.19     23.94      0.19      0.18         0.01
  0_7                         0.09      0.19      0.09     23.99         0.01
  0_8                         0.07      0.09      0.07     23.97         0.01
  0_9                         0.06      0.07      0.06     23.96         0.01
  0_10                        0.04      0.06      0.04     23.94         0.01
  0_11                        0.02      0.04      0.03     23.87         0.01
  0_12                        0.01      0.03      0.02     23.89         0.01
  0_13                        0.01      0.02      0.01     23.93         0.01
  0_14                        0.01      0.01      0.01     23.95         0.01
  0_15                        0.01      0.01      0.01     23.90         0.01
  0_16                        0.01      0.01      0.01     23.99         0.01
  0_17                        0.01      0.01      0.01     23.97         0.01
  0_18                        0.01     23.88      0.01     24.00         0.01
  0_19                        0.01     23.89      0.01     24.00         0.01
  0_20                        2.06     23.97      2.06      0.14         0.01
  0_21                        2.06     23.97      2.06      0.14         0.01
  0_22                        2.06     23.97      2.06      0.14         0.01
  0_23                        0.19     23.94      0.19      0.18         0.01
  0_24                        0.19     23.94      0.19      0.18         0.01
  

  Analysis begun on:  Wed Jul 22 14:15:36 2026
  Analysis ended on:  Wed Jul 22 14:15:36 2026
  Total elapsed time: < 1 sec