
  EPA STORM WATER MANAGEMENT MODEL - VERSION 5.2 (Build 5.2.4)
  ------------------------------------------------------------

  SWMM  simulation of High Density Residential (HDR) 
  WARNING 04: minimum elevation drop used for Conduit emerg
  
  ****************
  Analysis Options
  ****************
  Flow Units ............... CFS
  Process Models:
    Rainfall/Runoff ........ NO
    RDII ................... NO
    Snowmelt ............... NO
    Groundwater ............ NO
    Flow Routing ........... YES
    Ponding Allowed ........ NO
    Water Quality .......... NO
  Flow Routing Method ...... DYNWAVE
  Surcharge Method ......... EXTRAN
  Starting Date ............ 01/01/2001 00:00:00
  Ending Date .............. 01/02/2001 00:00:00
  Antecedent Dry Days ...... 0.0
  Report Time Step ......... 00:15:00
  Routing Time Step ........ 20.00 sec
  Variable Time Step ....... YES
  Maximum Trials ........... 8
  Number of Threads ........ 1
  Head Tolerance ........... 0.005000 ft
  
  
  **************************        Volume        Volume
  Flow Routing Continuity        acre-feet      10^6 gal
  **************************     ---------     ---------
  Dry Weather Inflow .......         0.000         0.000
  Wet Weather Inflow .......         0.000         0.000
  Groundwater Inflow .......         0.000         0.000
  RDII Inflow ..............         0.000         0.000
  External Inflow ..........         7.934         2.585
  External Outflow .........         0.000         0.000
  Flooding Loss ............         7.742         2.523
  Evaporation Loss .........         0.000         0.000
  Exfiltration Loss ........         0.000         0.000
  Initial Stored Volume ....         0.000         0.000
  Final Stored Volume ......         0.177         0.058
  Continuity Error (%) .....         0.187
  
  
  *************************
  Highest Continuity Errors
  *************************
  Node 105 (9.34%)
  Node 101 (7.20%)
  Node 111 (6.02%)
  Node 900 (2.62%)
  Node 313 (1.41%)
  
  
  ***************************
  Time-Step Critical Elements
  ***************************
  Link 230 (94.24%)
  Link 221 (2.90%)
  Link 225 (2.13%)
  
  
  ********************************
  Highest Flow Instability Indexes
  ********************************
  Link emerg (2)
  Link 221 (2)
  Link 225 (2)
  Link 206 (1)
  Link 204 (1)
  
  
  *********************************
  Most Frequent Nonconverging Nodes
  *********************************
  Node 108 (0.16%)
  Node 313 (0.05%)
  Node 900 (0.03%)
  Node 312 (0.03%)
  Node outfall (0.02%)
  
  
  *************************
  Routing Time Step Summary
  *************************
  Minimum Time Step           :     1.91 sec
  Average Time Step           :     5.82 sec
  Maximum Time Step           :    20.00 sec
  % of Time in Steady State   :     0.00
  Average Iterations per Step :     2.02
  % of Steps Not Converging   :     0.16
  Time Step Frequencies       :
     20.000 -  9.564 sec      :     0.76 %
      9.564 -  4.573 sec      :    95.23 %
      4.573 -  2.187 sec      :     3.98 %
      2.187 -  1.046 sec      :     0.03 %
      1.046 -  0.500 sec      :     0.00 %
  
  
  ******************
  Node Depth Summary
  ******************
  
  ---------------------------------------------------------------------------------
                                 Average  Maximum  Maximum  Time of Max    Reported
                                   Depth    Depth      HGL   Occurrence   Max Depth
  Node                 Type         Feet     Feet     Feet  days hr:min        Feet
  ---------------------------------------------------------------------------------
  113                  JUNCTION     4.67     4.73    14.18     0  01:11        4.72
  313                  JUNCTION     4.64     4.73    14.18     0  01:11        4.71
  312                  JUNCTION     4.96     5.02    14.17     0  01:12        5.01
  111                  JUNCTION     5.31     5.38    14.18     0  01:10        5.37
  105                  JUNCTION     4.80     4.88    14.18     0  01:11        4.87
  101                  JUNCTION     4.80     4.88    14.18     0  01:10        4.86
  900                  JUNCTION     4.82     4.88    14.18     0  01:11        4.87
  110                  JUNCTION     0.00     0.00     9.19     0  00:00        0.00
  109                  JUNCTION     0.00     0.00     9.40     0  00:00        0.00
  107                  JUNCTION     0.00     0.00     8.77     0  00:00        0.00
  106                  JUNCTION     0.00     0.00     9.14     0  00:00        0.00
  104                  JUNCTION     0.00     0.00     9.24     0  00:00        0.00
  102                  JUNCTION     4.30     4.34    14.14     0  01:11        4.34
  103                  JUNCTION     4.62     4.64    14.11     0  01:06        4.64
  112                  JUNCTION     0.00     0.00     9.15     0  00:00        0.00
  Rain_RTC             JUNCTION     0.00     0.00    11.00     0  00:00        0.00
  Dummy_out            JUNCTION     0.00     0.00    11.00     0  00:00        0.00
  outfall              JUNCTION     4.80     4.89    14.19     0  01:11        4.86
  HW_234               JUNCTION     1.00     1.00     1.00     0  00:00        1.00
  108                  OUTFALL      0.00     0.00     8.48     0  00:00        0.00
  
  
  *******************
  Node Inflow Summary
  *******************
  
  -------------------------------------------------------------------------------------------------
                                  Maximum  Maximum                  Lateral       Total        Flow
                                  Lateral    Total  Time of Max      Inflow      Inflow     Balance
                                   Inflow   Inflow   Occurrence      Volume      Volume       Error
  Node                 Type           CFS      CFS  days hr:min    10^6 gal    10^6 gal     Percent
  -------------------------------------------------------------------------------------------------
  113                  JUNCTION      1.00     1.41     0  00:17       0.646       0.647       1.252
  313                  JUNCTION      0.00     0.51     0  01:11           0        0.21       1.433
  312                  JUNCTION      0.00     1.91     0  00:32           0       0.655       1.250
  111                  JUNCTION      0.00     2.64     0  00:49           0       0.132       6.409
  105                  JUNCTION      0.00     2.77     0  00:50           0       0.126      10.298
  101                  JUNCTION      0.00     0.99     0  00:31           0        0.09       7.761
  900                  JUNCTION      0.00     1.48     0  00:18           0       0.432       2.691
  110                  JUNCTION      0.00     0.00     0  00:00           0           0       0.000 gal
  109                  JUNCTION      0.00     0.00     0  00:00           0           0       0.000 gal
  107                  JUNCTION      0.00     0.00     0  00:00           0           0       0.000 gal
  106                  JUNCTION      0.00     0.00     0  00:00           0           0       0.000 gal
  104                  JUNCTION      0.00     0.00     0  00:00           0           0       0.000 gal
  102                  JUNCTION      0.00     1.11     0  01:13           0       0.644       0.000
  103                  JUNCTION      1.00     2.11     0  01:12       0.646        1.26       0.115
  112                  JUNCTION      0.00     0.00     0  00:00           0           0       0.000 gal
  Rain_RTC             JUNCTION      1.00     1.00     0  00:00       0.646       0.646       0.000
  Dummy_out            JUNCTION      0.00     0.00     0  00:00           0           0       0.000 gal
  outfall              JUNCTION      0.00     0.71     0  00:54           0     0.00398       0.000
  HW_234               JUNCTION      1.00     1.00     0  00:00       0.646       0.646       0.049
  108                  OUTFALL       0.00     0.00     0  00:00           0           0       0.000 gal
  
  
  **********************
  Node Surcharge Summary
  **********************
  
  Surcharging occurs when water rises above the top of the highest conduit.
  ---------------------------------------------------------------------
                                               Max. Height   Min. Depth
                                   Hours       Above Crown    Below Rim
  Node                 Type      Surcharged           Feet         Feet
  ---------------------------------------------------------------------
  110                  JUNCTION       24.00          0.000        0.000
  104                  JUNCTION       24.00          0.000        0.000
  103                  JUNCTION       22.88          0.000        0.000
  112                  JUNCTION       24.00          0.000        0.000
  Rain_RTC             JUNCTION       24.00          0.000        0.000
  HW_234               JUNCTION       23.99          0.000        0.000
  
  
  *********************
  Node Flooding Summary
  *********************
  
  Flooding refers to all water that overflows a node, whether it ponds or not.
  --------------------------------------------------------------------------
                                                             Total   Maximum
                                 Maximum   Time of Max       Flood    Ponded
                        Hours       Rate    Occurrence      Volume     Depth
  Node                 Flooded       CFS   days hr:min    10^6 gal      Feet
  --------------------------------------------------------------------------
  103                    22.88      2.11      0  01:12       1.231     0.000
  Rain_RTC               24.00      1.00      0  00:00       0.646     0.000
  HW_234                 23.99      1.00      0  00:00       0.646     0.000
  
  
  ***********************
  Outfall Loading Summary
  ***********************
  
  -----------------------------------------------------------
                         Flow       Avg       Max       Total
                         Freq      Flow      Flow      Volume
  Outfall Node           Pcnt       CFS       CFS    10^6 gal
  -----------------------------------------------------------
  108                    0.00      0.00      0.00       0.000
  -----------------------------------------------------------
  System                 0.00      0.00      0.00       0.000
  
  
  ********************
  Link Flow Summary
  ********************
  
  -----------------------------------------------------------------------------
                                 Maximum  Time of Max   Maximum    Max/    Max/
                                  |Flow|   Occurrence   |Veloc|    Full    Full
  Link                 Type          CFS  days hr:min    ft/sec    Flow   Depth
  -----------------------------------------------------------------------------
  201                  CONDUIT      0.36     0  01:18      0.35    0.05    0.45
  202                  CONDUIT      0.40     0  01:14      0.13    0.03    0.62
  204                  CONDUIT      1.78     0  00:30      1.73    0.11    0.89
  206                  CONDUIT      1.47     0  00:44      1.01    0.14    0.98
  208                  CONDUIT      0.90     0  00:31      1.52    0.03    0.86
  210                  CONDUIT      1.46     0  00:21      2.48    0.01    0.81
  214                  CONDUIT      0.00     0  00:00      0.00    0.00    0.00
  215                  CONDUIT      0.00     0  00:00      0.00    0.00    0.00
  217                  CONDUIT      0.00     0  00:00      0.00    0.00    0.00
  219                  CONDUIT      0.00     0  00:00      0.00    0.00    0.00
  221                  CONDUIT      2.66     0  00:48      1.12    0.05    0.68
  224                  CONDUIT      1.11     0  01:13      2.37    0.23    0.93
  225                  CONDUIT      0.42     0  00:30      0.47    0.04    1.00
  228                  CONDUIT      1.11     0  01:12      1.37    0.37    0.93
  230                  CONDUIT      0.91     0  00:32      1.36    0.21    0.99
  emerg                CONDUIT      0.71     0  00:54      1.03    0.34    0.79
  234                  CONDUIT      0.00     0  00:00      0.00    0.00    0.50
  
  
  ***************************
  Flow Classification Summary
  ***************************
  
  -------------------------------------------------------------------------------------
                      Adjusted    ---------- Fraction of Time in Flow Class ---------- 
                       /Actual         Up    Down  Sub   Sup   Up    Down  Norm  Inlet 
  Conduit               Length    Dry  Dry   Dry   Crit  Crit  Crit  Crit  Ltd   Ctrl  
  -------------------------------------------------------------------------------------
  201                     1.00   0.03  0.02  0.00  0.96  0.00  0.00  0.00  0.00  0.00
  202                     1.00   0.00  0.02  0.00  0.97  0.00  0.00  0.00  0.00  0.00
  204                     1.00   0.00  0.00  0.00  0.99  0.00  0.00  0.00  0.01  0.00
  206                     1.00   0.01  0.00  0.00  0.99  0.00  0.01  0.00  0.00  0.00
  208                     1.00   0.01  0.00  0.00  0.99  0.00  0.00  0.00  0.00  0.00
  210                     1.00   0.00  0.00  0.00  1.00  0.00  0.00  0.00  0.01  0.00
  214                     1.00   1.00  0.00  0.00  0.00  0.00  0.00  0.00  0.00  0.00
  215                     1.00   1.00  0.00  0.00  0.00  0.00  0.00  0.00  0.00  0.00
  217                     1.00   1.00  0.00  0.00  0.00  0.00  0.00  0.00  0.00  0.00
  219                     1.00   1.00  0.00  0.00  0.00  0.00  0.00  0.00  0.00  0.00
  221                     1.00   0.01  0.01  0.00  0.98  0.00  0.00  0.00  0.00  0.00
  224                     1.00   0.00  0.00  0.00  0.99  0.00  0.00  0.00  0.01  0.00
  225                     1.00   0.01  0.01  0.00  0.98  0.00  0.00  0.00  0.00  0.00
  228                     1.00   0.00  0.00  0.00  1.00  0.00  0.00  0.00  0.00  0.00
  230                     1.00   0.00  0.00  0.00  0.99  0.00  0.01  0.00  0.00  0.00
  emerg                   1.00   0.01  0.00  0.00  0.99  0.00  0.00  0.00  0.00  0.00
  234                     1.00   0.00  1.00  0.00  0.00  0.00  0.00  0.00  0.00  0.00
  
  
  *************************
  Conduit Surcharge Summary
  *************************
  
  ----------------------------------------------------------------------------
                                                           Hours        Hours 
                         --------- Hours Full --------   Above Full   Capacity
  Conduit                Both Ends  Upstream  Dnstream   Normal Flow   Limited
  ----------------------------------------------------------------------------
  204                         0.01      0.01     22.93      0.01         0.01
  206                         0.01      0.01     22.93      0.01         0.01
  224                         0.01      0.01     23.03      0.01         0.01
  225                        22.91     22.91     23.43      0.01         0.01
  228                         0.01      0.01     22.88      0.01         0.01
  230                         0.01      0.01     22.92      0.01         0.01
  

  Analysis begun on:  Wed Jul 22 14:15:46 2026
  Analysis ended on:  Wed Jul 22 14:15:46 2026
  Total elapsed time: < 1 sec