
  EPA STORM WATER MANAGEMENT MODEL - VERSION 5.2 (Build 5.2.4)
  ------------------------------------------------------------

  Metropolitan Water District                       08/05 /94 
  WARNING 04: minimum elevation drop used for Conduit P206
  WARNING 04: minimum elevation drop used for Conduit P207
  WARNING 04: minimum elevation drop used for Conduit P7223
  WARNING 04: minimum elevation drop used for Conduit P7228
  
  ****************
  Analysis Options
  ****************
  Flow Units ............... CFS
  Process Models:
    Rainfall/Runoff ........ NO
    RDII ................... NO
    Snowmelt ............... NO
    Groundwater ............ NO
    Flow Routing ........... YES
    Ponding Allowed ........ NO
    Water Quality .......... NO
  Flow Routing Method ...... DYNWAVE
  Surcharge Method ......... EXTRAN
  Starting Date ............ 01/01/2001 00:00:00
  Ending Date .............. 01/02/2001 00:00:00
  Antecedent Dry Days ...... 0.0
  Report Time Step ......... 00:15:00
  Routing Time Step ........ 10.00 sec
  Variable Time Step ....... YES
  Maximum Trials ........... 50
  Number of Threads ........ 1
  Head Tolerance ........... 0.003300 ft
  
  
  **************************        Volume        Volume
  Flow Routing Continuity        acre-feet      10^6 gal
  **************************     ---------     ---------
  Dry Weather Inflow .......         0.000         0.000
  Wet Weather Inflow .......         0.000         0.000
  Groundwater Inflow .......         0.000         0.000
  RDII Inflow ..............         0.000         0.000
  External Inflow ..........       132.887        43.303
  External Outflow .........         0.000         0.000
  Flooding Loss ............       135.091        44.021
  Evaporation Loss .........         0.000         0.000
  Exfiltration Loss ........         0.000         0.000
  Initial Stored Volume ....         0.000         0.000
  Final Stored Volume ......         8.429         2.747
  Continuity Error (%) .....        -8.001
  
  
  *************************
  Highest Continuity Errors
  *************************
  Node 203 (-3.78%)
  Node 204 (3.35%)
  Node 202 (-1.07%)
  
  
  ***************************
  Time-Step Critical Elements
  ***************************
  None
  
  
  ********************************
  Highest Flow Instability Indexes
  ********************************
  All links are stable.
  
  
  *********************************
  Most Frequent Nonconverging Nodes
  *********************************
  Node 727 (0.51%)
  Node 202 (0.46%)
  Node 201 (0.38%)
  Node 203 (0.15%)
  Node 204 (0.14%)
  
  
  *************************
  Routing Time Step Summary
  *************************
  Minimum Time Step           :     2.03 sec
  Average Time Step           :    10.00 sec
  Maximum Time Step           :    10.00 sec
  % of Time in Steady State   :     0.00
  Average Iterations per Step :     2.25
  % of Steps Not Converging   :     0.51
  Time Step Frequencies       :
     10.000 -  5.493 sec      :    99.99 %
      5.493 -  3.017 sec      :     0.00 %
      3.017 -  1.657 sec      :     0.01 %
      1.657 -  0.910 sec      :     0.00 %
      0.910 -  0.500 sec      :     0.00 %
  
  
  ******************
  Node Depth Summary
  ******************
  
  ---------------------------------------------------------------------------------
                                 Average  Maximum  Maximum  Time of Max    Reported
                                   Depth    Depth      HGL   Occurrence   Max Depth
  Node                 Type         Feet     Feet     Feet  days hr:min        Feet
  ---------------------------------------------------------------------------------
  201                  JUNCTION  1896.99  1904.58  3854.58     0  00:13     1902.31
  202                  JUNCTION  1868.24  1890.30  3840.30     0  00:13     1881.36
  203                  JUNCTION  1838.97  1866.30  3816.30     0  00:14     1865.77
  204                  JUNCTION  1628.80  1645.00  3595.00     0  00:16     1645.00
  205                  JUNCTION     0.00     0.00  1950.00     0  00:00        0.00
  206                  JUNCTION     0.00     0.00  1950.00     0  00:00        0.00
  207                  JUNCTION     0.00     0.00  1950.00     0  00:00        0.00
  208                  JUNCTION     0.00     0.00  1950.00     0  00:00        0.00
  209                  JUNCTION     0.00     0.00  1950.00     0  00:00        0.00
  210                  JUNCTION     0.00     0.00  1950.00     0  00:00        0.00
  211                  JUNCTION     0.00     0.00  1950.00     0  00:00        0.00
  212                  JUNCTION     0.00     0.00  1900.00     0  00:00        0.00
  213                  JUNCTION     0.00     0.00  1900.00     0  00:00        0.00
  214                  JUNCTION     0.00     0.00  1900.00     0  00:00        0.00
  215                  JUNCTION     0.00     0.00  1900.00     0  00:00        0.00
  216                  JUNCTION     0.00     0.00  1900.00     0  00:00        0.00
  217                  JUNCTION     0.00     0.00  1850.00     0  00:00        0.00
  218                  JUNCTION     0.00     0.00  1850.00     0  00:00        0.00
  219                  JUNCTION     0.00     0.00  1850.00     0  00:00        0.00
  220                  JUNCTION     0.00     0.00  1850.00     0  00:00        0.00
  221                  JUNCTION     0.00     0.00  1800.00     0  00:00        0.00
  222                  JUNCTION     0.00     0.00  1800.00     0  00:00        0.00
  223                  JUNCTION     0.00     0.00  1800.00     0  00:00        0.00
  7223                 JUNCTION     0.00     0.00  1800.00     0  00:00        0.00
  224                  JUNCTION     0.00     0.00  1600.00     0  00:00        0.00
  225                  JUNCTION     0.00     0.00  1600.00     0  00:00        0.00
  226                  JUNCTION     0.00     0.00  1350.00     0  00:00        0.00
  227                  JUNCTION     0.00     0.00  1350.00     0  00:00        0.00
  228                  JUNCTION     0.00     0.00  1350.00     0  00:00        0.00
  7228                 JUNCTION     0.00     0.00  1350.00     0  00:00        0.00
  229                  JUNCTION     0.00     0.00  1350.00     0  00:00        0.00
  230                  JUNCTION     0.00     0.00  1150.00     0  00:00        0.00
  231                  JUNCTION     0.00     0.00  1150.00     0  00:00        0.00
  727                  OUTFALL      0.00     0.00  1200.00     0  00:00        0.00
  
  
  *******************
  Node Inflow Summary
  *******************
  
  -------------------------------------------------------------------------------------------------
                                  Maximum  Maximum                  Lateral       Total        Flow
                                  Lateral    Total  Time of Max      Inflow      Inflow     Balance
                                   Inflow   Inflow   Occurrence      Volume      Volume       Error
  Node                 Type           CFS      CFS  days hr:min    10^6 gal    10^6 gal     Percent
  -------------------------------------------------------------------------------------------------
  201                  JUNCTION     67.00    67.00     0  00:00        43.3        43.3      -0.284
  202                  JUNCTION      0.00   499.39     0  00:14           0        43.4      -1.058
  203                  JUNCTION      0.00  2502.51     0  00:13           0        43.9      -3.640
  204                  JUNCTION      0.00  3134.08     0  00:15           0        45.5       3.471
  205                  JUNCTION      0.00     0.00     0  00:00           0           0       0.000 gal
  206                  JUNCTION      0.00     0.00     0  00:00           0           0       0.000 gal
  207                  JUNCTION      0.00     0.00     0  00:00           0           0       0.000 gal
  208                  JUNCTION      0.00     0.00     0  00:00           0           0       0.000 gal
  209                  JUNCTION      0.00     0.00     0  00:00           0           0       0.000 gal
  210                  JUNCTION      0.00     0.00     0  00:00           0           0       0.000 gal
  211                  JUNCTION      0.00     0.00     0  00:00           0           0       0.000 gal
  212                  JUNCTION      0.00     0.00     0  00:00           0           0       0.000 gal
  213                  JUNCTION      0.00     0.00     0  00:00           0           0       0.000 gal
  214                  JUNCTION      0.00     0.00     0  00:00           0           0       0.000 gal
  215                  JUNCTION      0.00     0.00     0  00:00           0           0       0.000 gal
  216                  JUNCTION      0.00     0.00     0  00:00           0           0       0.000 gal
  217                  JUNCTION      0.00     0.00     0  00:00           0           0       0.000 gal
  218                  JUNCTION      0.00     0.00     0  00:00           0           0       0.000 gal
  219                  JUNCTION      0.00     0.00     0  00:00           0           0       0.000 gal
  220                  JUNCTION      0.00     0.00     0  00:00           0           0       0.000 gal
  221                  JUNCTION      0.00     0.00     0  00:00           0           0       0.000 gal
  222                  JUNCTION      0.00     0.00     0  00:00           0           0       0.000 gal
  223                  JUNCTION      0.00     0.00     0  00:00           0           0       0.000 gal
  7223                 JUNCTION      0.00     0.00     0  00:00           0           0       0.000 gal
  224                  JUNCTION      0.00     0.00     0  00:00           0           0       0.000 gal
  225                  JUNCTION      0.00     0.00     0  00:00           0           0       0.000 gal
  226                  JUNCTION      0.00     0.00     0  00:00           0           0       0.000 gal
  227                  JUNCTION      0.00     0.00     0  00:00           0           0       0.000 gal
  228                  JUNCTION      0.00     0.00     0  00:00           0           0       0.000 gal
  7228                 JUNCTION      0.00     0.00     0  00:00           0           0       0.000 gal
  229                  JUNCTION      0.00     0.00     0  00:00           0           0       0.000 gal
  230                  JUNCTION      0.00     0.00     0  00:00           0           0       0.000 gal
  231                  JUNCTION      0.00     0.00     0  00:00           0           0       0.000 gal
  727                  OUTFALL       0.00     0.00     0  00:00           0           0       0.000 gal
  
  
  **********************
  Node Surcharge Summary
  **********************
  
  Surcharging occurs when water rises above the top of the highest conduit.
  ---------------------------------------------------------------------
                                               Max. Height   Min. Depth
                                   Hours       Above Crown    Below Rim
  Node                 Type      Surcharged           Feet         Feet
  ---------------------------------------------------------------------
  202                  JUNCTION        0.01          0.000        0.000
  203                  JUNCTION        0.01          0.000        0.000
  204                  JUNCTION       23.73          0.000        0.000
  
  
  *********************
  Node Flooding Summary
  *********************
  
  Flooding refers to all water that overflows a node, whether it ponds or not.
  --------------------------------------------------------------------------
                                                             Total   Maximum
                                 Maximum   Time of Max       Flood    Ponded
                        Hours       Rate    Occurrence      Volume     Depth
  Node                 Flooded       CFS   days hr:min    10^6 gal      Feet
  --------------------------------------------------------------------------
  202                     0.01    123.68      0  00:13       0.009     0.000
  203                     0.01    270.01      0  00:14       0.020     0.000
  204                    23.73   2354.79      0  00:16      43.991     0.000
  
  
  ***********************
  Outfall Loading Summary
  ***********************
  
  -----------------------------------------------------------
                         Flow       Avg       Max       Total
                         Freq      Flow      Flow      Volume
  Outfall Node           Pcnt       CFS       CFS    10^6 gal
  -----------------------------------------------------------
  727                    0.00      0.00      0.00       0.000
  -----------------------------------------------------------
  System                 0.00      0.00      0.00       0.000
  
  
  ********************
  Link Flow Summary
  ********************
  
  -----------------------------------------------------------------------------
                                 Maximum  Time of Max   Maximum    Max/    Max/
                                  |Flow|   Occurrence   |Veloc|    Full    Full
  Link                 Type          CFS  days hr:min    ft/sec    Flow   Depth
  -----------------------------------------------------------------------------
  P201                 CONDUIT    499.39     0  00:14     23.81    0.16    0.66
  P202                 CONDUIT   2502.51     0  00:13     30.60    0.55    0.82
  P203                 CONDUIT   3134.08     0  00:15     48.60    0.89    1.00
  P204                 CONDUIT      0.00     0  00:00      0.00    0.00    0.50
  P205                 CONDUIT      0.00     0  00:00      0.00    0.00    0.00
  P206                 CONDUIT      0.00     0  00:00      0.00    0.00    0.00
  P207                 CONDUIT      0.00     0  00:00      0.00    0.00    0.00
  P208                 CONDUIT      0.00     0  00:00      0.00    0.00    0.00
  P209                 CONDUIT      0.00     0  00:00      0.00    0.00    0.00
  P210                 CONDUIT      0.00     0  00:00      0.00    0.00    0.00
  P211                 CONDUIT      0.00     0  00:00      0.00    0.00    0.00
  P212                 CONDUIT      0.00     0  00:00      0.00    0.00    0.00
  P213                 CONDUIT      0.00     0  00:00      0.00    0.00    0.00
  P214                 CONDUIT      0.00     0  00:00      0.00    0.00    0.00
  P215                 CONDUIT      0.00     0  00:00      0.00    0.00    0.00
  P216                 CONDUIT      0.00     0  00:00      0.00    0.00    0.00
  P217                 CONDUIT      0.00     0  00:00      0.00    0.00    0.00
  P218                 CONDUIT      0.00     0  00:00      0.00    0.00    0.00
  P219                 CONDUIT      0.00     0  00:00      0.00    0.00    0.00
  P220                 CONDUIT      0.00     0  00:00      0.00    0.00    0.00
  P221                 CONDUIT      0.00     0  00:00      0.00    0.00    0.00
  P222                 CONDUIT      0.00     0  00:00      0.00    0.00    0.00
  P223                 CONDUIT      0.00     0  00:00      0.00    0.00    0.00
  P224                 CONDUIT      0.00     0  00:00      0.00    0.00    0.00
  P225                 CONDUIT      0.00     0  00:00      0.00    0.00    0.00
  P226                 CONDUIT      0.00     0  00:00      0.00    0.00    0.00
  P227                 CONDUIT      0.00     0  00:00      0.00    0.00    0.00
  P228                 CONDUIT      0.00     0  00:00      0.00    0.00    0.00
  P229                 CONDUIT      0.00     0  00:00      0.00    0.00    0.00
  P230                 CONDUIT      0.00     0  00:00      0.00    0.00    0.00
  P726                 CONDUIT      0.00     0  00:00      0.00    0.00    0.00
  P7223                CONDUIT      0.00     0  00:00      0.00    0.00    0.00
  P7228                CONDUIT      0.00     0  00:00      0.00    0.00    0.00
  
  
  ***************************
  Flow Classification Summary
  ***************************
  
  -------------------------------------------------------------------------------------
                      Adjusted    ---------- Fraction of Time in Flow Class ---------- 
                       /Actual         Up    Down  Sub   Sup   Up    Down  Norm  Inlet 
  Conduit               Length    Dry  Dry   Dry   Crit  Crit  Crit  Crit  Ltd   Ctrl  
  -------------------------------------------------------------------------------------
  P201                    1.00   0.01  0.00  0.00  0.00  0.00  0.00  0.99  0.00  0.00
  P202                    1.00   0.01  0.00  0.00  0.00  0.01  0.00  0.98  0.01  0.00
  P203                    1.00   0.01  0.00  0.00  0.99  0.00  0.00  0.00  0.99  0.00
  P204                    1.00   0.01  0.99  0.00  0.00  0.00  0.00  0.00  0.00  0.00
  P205                    1.00   1.00  0.00  0.00  0.00  0.00  0.00  0.00  0.00  0.00
  P206                    1.00   1.00  0.00  0.00  0.00  0.00  0.00  0.00  0.00  0.00
  P207                    1.00   1.00  0.00  0.00  0.00  0.00  0.00  0.00  0.00  0.00
  P208                    1.00   1.00  0.00  0.00  0.00  0.00  0.00  0.00  0.00  0.00
  P209                    1.00   1.00  0.00  0.00  0.00  0.00  0.00  0.00  0.00  0.00
  P210                    1.00   1.00  0.00  0.00  0.00  0.00  0.00  0.00  0.00  0.00
  P211                    1.00   1.00  0.00  0.00  0.00  0.00  0.00  0.00  0.00  0.00
  P212                    1.00   1.00  0.00  0.00  0.00  0.00  0.00  0.00  0.00  0.00
  P213                    1.00   1.00  0.00  0.00  0.00  0.00  0.00  0.00  0.00  0.00
  P214                    1.00   1.00  0.00  0.00  0.00  0.00  0.00  0.00  0.00  0.00
  P215                    1.00   1.00  0.00  0.00  0.00  0.00  0.00  0.00  0.00  0.00
  P216                    1.00   1.00  0.00  0.00  0.00  0.00  0.00  0.00  0.00  0.00
  P217                    1.00   1.00  0.00  0.00  0.00  0.00  0.00  0.00  0.00  0.00
  P218                    1.00   1.00  0.00  0.00  0.00  0.00  0.00  0.00  0.00  0.00
  P219                    1.00   1.00  0.00  0.00  0.00  0.00  0.00  0.00  0.00  0.00
  P220                    1.00   1.00  0.00  0.00  0.00  0.00  0.00  0.00  0.00  0.00
  P221                    1.00   1.00  0.00  0.00  0.00  0.00  0.00  0.00  0.00  0.00
  P222                    1.00   1.00  0.00  0.00  0.00  0.00  0.00  0.00  0.00  0.00
  P223                    1.00   1.00  0.00  0.00  0.00  0.00  0.00  0.00  0.00  0.00
  P224                    1.00   1.00  0.00  0.00  0.00  0.00  0.00  0.00  0.00  0.00
  P225                    1.00   1.00  0.00  0.00  0.00  0.00  0.00  0.00  0.00  0.00
  P226                    1.00   1.00  0.00  0.00  0.00  0.00  0.00  0.00  0.00  0.00
  P227                    1.00   1.00  0.00  0.00  0.00  0.00  0.00  0.00  0.00  0.00
  P228                    1.00   1.00  0.00  0.00  0.00  0.00  0.00  0.00  0.00  0.00
  P229                    1.00   1.00  0.00  0.00  0.00  0.00  0.00  0.00  0.00  0.00
  P230                    1.00   1.00  0.00  0.00  0.00  0.00  0.00  0.00  0.00  0.00
  P726                    1.00   1.00  0.00  0.00  0.00  0.00  0.00  0.00  0.00  0.00
  P7223                   1.00   1.00  0.00  0.00  0.00  0.00  0.00  0.00  0.00  0.00
  P7228                   1.00   1.00  0.00  0.00  0.00  0.00  0.00  0.00  0.00  0.00
  
  
  *************************
  Conduit Surcharge Summary
  *************************
  
  ----------------------------------------------------------------------------
                                                           Hours        Hours 
                         --------- Hours Full --------   Above Full   Capacity
  Conduit                Both Ends  Upstream  Dnstream   Normal Flow   Limited
  ----------------------------------------------------------------------------
  P201                        0.01      0.09      0.01      0.01         0.01
  P202                        0.01      0.01      0.01      0.01         0.01
  P203                        0.01      0.02     23.74      0.01         0.01
  

  Analysis begun on:  Sun Jul 19 15:22:09 2026
  Analysis ended on:  Sun Jul 19 15:22:09 2026
  Total elapsed time: < 1 sec