
  EPA STORM WATER MANAGEMENT MODEL - VERSION 5.2 (Build 5.2.4)
  ------------------------------------------------------------

  Example 1 
  
  ****************
  Analysis Options
  ****************
  Flow Units ............... CFS
  Process Models:
    Rainfall/Runoff ........ NO
    RDII ................... NO
    Snowmelt ............... NO
    Groundwater ............ NO
    Flow Routing ........... YES
    Ponding Allowed ........ NO
    Water Quality .......... NO
  Flow Routing Method ...... DYNWAVE
  Surcharge Method ......... EXTRAN
  Starting Date ............ 01/01/2001 00:00:00
  Ending Date .............. 01/02/2001 00:00:00
  Antecedent Dry Days ...... 0.0
  Report Time Step ......... 00:15:00
  Routing Time Step ........ 120.00 sec
  Variable Time Step ....... YES
  Maximum Trials ........... 50
  Number of Threads ........ 1
  Head Tolerance ........... 0.000100 ft
  
  
  **************************        Volume        Volume
  Flow Routing Continuity        acre-feet      10^6 gal
  **************************     ---------     ---------
  Dry Weather Inflow .......         0.000         0.000
  Wet Weather Inflow .......         0.000         0.000
  Groundwater Inflow .......         0.000         0.000
  RDII Inflow ..............         0.000         0.000
  External Inflow ..........         1.983         0.646
  External Outflow .........      1057.561       344.622
  Flooding Loss ............         0.000         0.000
  Evaporation Loss .........         0.000         0.000
  Exfiltration Loss ........         0.000         0.000
  Initial Stored Volume ....         0.000         0.000
  Final Stored Volume ......         0.000         0.000
  Continuity Error (%) .....    -53217.437
  
  
  *************************
  Highest Continuity Errors
  *************************
  Node mh (-53220.81%)
  
  
  ***************************
  Time-Step Critical Elements
  ***************************
  None
  
  
  ********************************
  Highest Flow Instability Indexes
  ********************************
  Link 162 (13)
  
  
  *********************************
  Most Frequent Nonconverging Nodes
  *********************************
  Convergence obtained at all time steps.
  
  
  *************************
  Routing Time Step Summary
  *************************
  Minimum Time Step           :   119.50 sec
  Average Time Step           :   119.83 sec
  Maximum Time Step           :   120.00 sec
  % of Time in Steady State   :     0.00
  Average Iterations per Step :     5.99
  % of Steps Not Converging   :     8.32
  Time Step Frequencies       :
     120.000 - 40.100 sec      :   100.00 %
     40.100 - 13.400 sec      :     0.00 %
     13.400 -  4.478 sec      :     0.00 %
      4.478 -  1.496 sec      :     0.00 %
      1.496 -  0.500 sec      :     0.00 %
  
  
  ******************
  Node Depth Summary
  ******************
  
  ---------------------------------------------------------------------------------
                                 Average  Maximum  Maximum  Time of Max    Reported
                                   Depth    Depth      HGL   Occurrence   Max Depth
  Node                 Type         Feet     Feet     Feet  days hr:min        Feet
  ---------------------------------------------------------------------------------
  mh                   JUNCTION    51.20    95.52   233.52     0  00:20       92.77
  mh_2                 JUNCTION     0.00     0.00   135.10     0  00:00        0.00
  mh_3                 JUNCTION     0.00     0.00   155.00     0  00:00        0.00
  mh_4                 JUNCTION     0.00     0.00   125.00     0  00:00        0.00
  mh_5                 JUNCTION     0.00     0.00   120.00     0  00:00        0.00
  mh_6                 JUNCTION     0.00     0.00   111.00     0  00:00        0.00
  mh_7                 JUNCTION     0.00     0.00   143.00     0  00:00        0.00
  mh_8                 JUNCTION     0.00     0.00   132.00     0  00:00        0.00
  mh_9                 JUNCTION     0.00     0.00   125.00     0  00:00        0.00
  outlet               OUTFALL      0.00     0.00   100.00     0  00:00        0.00
  
  
  *******************
  Node Inflow Summary
  *******************
  
  -------------------------------------------------------------------------------------------------
                                  Maximum  Maximum                  Lateral       Total        Flow
                                  Lateral    Total  Time of Max      Inflow      Inflow     Balance
                                   Inflow   Inflow   Occurrence      Volume      Volume       Error
  Node                 Type           CFS      CFS  days hr:min    10^6 gal    10^6 gal     Percent
  -------------------------------------------------------------------------------------------------
  mh                   JUNCTION      1.00     1.00     0  00:00       0.646       0.646     -99.812
  mh_2                 JUNCTION      0.00     0.00     0  00:00           0           0       0.000 gal
  mh_3                 JUNCTION      0.00     0.00     0  00:00           0           0       0.000 gal
  mh_4                 JUNCTION      0.00     0.00     0  00:00           0           0       0.000 gal
  mh_5                 JUNCTION      0.00     0.00     0  00:00           0           0       0.000 gal
  mh_6                 JUNCTION      0.00     0.00     0  00:00           0           0       0.000 gal
  mh_7                 JUNCTION      0.00     0.00     0  00:00           0           0       0.000 gal
  mh_8                 JUNCTION      0.00     0.00     0  00:00           0           0       0.000 gal
  mh_9                 JUNCTION      0.00     0.00     0  00:00           0           0       0.000 gal
  outlet               OUTFALL       0.00  6480.30     0  00:22           0         345       0.000
  
  
  **********************
  Node Surcharge Summary
  **********************
  
  Surcharging occurs when water rises above the top of the highest conduit.
  ---------------------------------------------------------------------
                                               Max. Height   Min. Depth
                                   Hours       Above Crown    Below Rim
  Node                 Type      Surcharged           Feet         Feet
  ---------------------------------------------------------------------
  mh_2                 JUNCTION       24.00          0.000        0.000
  mh_3                 JUNCTION       24.00          0.000        0.000
  mh_4                 JUNCTION       24.00          0.000        0.000
  mh_5                 JUNCTION       24.00          0.000        0.000
  mh_6                 JUNCTION       24.00          0.000        0.000
  mh_7                 JUNCTION       24.00          0.000        0.000
  mh_8                 JUNCTION       24.00          0.000        0.000
  mh_9                 JUNCTION       24.00          0.000        0.000
  
  
  *********************
  Node Flooding Summary
  *********************
  
  No nodes were flooded.
  
  
  ***********************
  Outfall Loading Summary
  ***********************
  
  -----------------------------------------------------------
                         Flow       Avg       Max       Total
                         Freq      Flow      Flow      Volume
  Outfall Node           Pcnt       CFS       CFS    10^6 gal
  -----------------------------------------------------------
  outlet                 8.32   6398.70   6480.30     344.596
  -----------------------------------------------------------
  System                 8.32   6398.70   6480.30     344.596
  
  
  ********************
  Link Flow Summary
  ********************
  
  -----------------------------------------------------------------------------
                                 Maximum  Time of Max   Maximum    Max/    Max/
                                  |Flow|   Occurrence   |Veloc|    Full    Full
  Link                 Type          CFS  days hr:min    ft/sec    Flow   Depth
  -----------------------------------------------------------------------------
  153                  CONDUIT      0.00     0  00:00      0.00    0.00    0.00
  154                  CONDUIT      0.00     0  00:00      0.00    0.00    0.00
  156                  CONDUIT      0.00     0  00:00      0.00    0.00    0.04
  158                  CONDUIT      0.00     0  00:00      0.00    0.00    0.13
  160                  CONDUIT      0.00     0  00:00      0.00    0.00    0.15
  162                  CONDUIT   6480.30     0  00:22    >50.00    0.15    0.09
  166                  CONDUIT      0.00     0  00:00      0.00    0.00    0.00
  167                  CONDUIT      0.00     0  00:00      0.00    0.00    0.00
  169                  CONDUIT      0.00     0  00:00      0.00    0.00    0.11
  
  
  ***************************
  Flow Classification Summary
  ***************************
  
  -------------------------------------------------------------------------------------
                      Adjusted    ---------- Fraction of Time in Flow Class ---------- 
                       /Actual         Up    Down  Sub   Sup   Up    Down  Norm  Inlet 
  Conduit               Length    Dry  Dry   Dry   Crit  Crit  Crit  Crit  Ltd   Ctrl  
  -------------------------------------------------------------------------------------
  153                     1.00   1.00  0.00  0.00  0.00  0.00  0.00  0.00  0.00  0.00
  154                     1.00   1.00  0.00  0.00  0.00  0.00  0.00  0.00  0.00  0.00
  156                     1.00   0.92  0.08  0.00  0.00  0.00  0.00  0.00  0.00  0.00
  158                     1.00   0.92  0.00  0.00  0.08  0.00  0.00  0.00  0.00  0.00
  160                     1.00   0.92  0.00  0.00  0.08  0.00  0.00  0.00  0.00  0.00
  162                     1.00   0.92  0.00  0.00  0.00  0.00  0.00  0.08  0.00  0.00
  166                     1.00   1.00  0.00  0.00  0.00  0.00  0.00  0.00  0.00  0.00
  167                     1.00   1.00  0.00  0.00  0.00  0.00  0.00  0.00  0.00  0.00
  169                     1.00   0.92  0.08  0.00  0.00  0.00  0.00  0.00  0.00  0.00
  
  
  *************************
  Conduit Surcharge Summary
  *************************
  
  No conduits were surcharged.
  

  Analysis begun on:  Wed Jul 22 14:16:07 2026
  Analysis ended on:  Wed Jul 22 14:16:07 2026
  Total elapsed time: < 1 sec