
  EPA STORM WATER MANAGEMENT MODEL - VERSION 5.2 (Build 5.2.4)
  ------------------------------------------------------------

  Converted from XPSWMM .xp file 
  WARNING 04: minimum elevation drop used for Conduit weir_4
  WARNING 04: minimum elevation drop used for Conduit 2a-e
  WARNING 04: minimum elevation drop used for Conduit 2-36"
  WARNING 04: minimum elevation drop used for Conduit 2a-b
  
  ****************
  Analysis Options
  ****************
  Flow Units ............... CFS
  Process Models:
    Rainfall/Runoff ........ NO
    RDII ................... NO
    Snowmelt ............... NO
    Groundwater ............ NO
    Flow Routing ........... YES
    Ponding Allowed ........ NO
    Water Quality .......... NO
  Flow Routing Method ...... DYNWAVE
  Surcharge Method ......... EXTRAN
  Starting Date ............ 01/01/2001 00:00:00
  Ending Date .............. 01/02/2001 00:00:00
  Antecedent Dry Days ...... 0.0
  Report Time Step ......... 00:15:00
  Routing Time Step ........ 60.00 sec
  Variable Time Step ....... YES
  Maximum Trials ........... 50
  Number of Threads ........ 1
  Head Tolerance ........... 0.003300 ft
  
  
  **************************        Volume        Volume
  Flow Routing Continuity        acre-feet      10^6 gal
  **************************     ---------     ---------
  Dry Weather Inflow .......         0.000         0.000
  Wet Weather Inflow .......         0.000         0.000
  Groundwater Inflow .......         0.000         0.000
  RDII Inflow ..............         0.000         0.000
  External Inflow ..........         0.000         0.000
  External Outflow .........        18.087         5.894
  Flooding Loss ............        21.591         7.036
  Evaporation Loss .........         0.000         0.000
  Exfiltration Loss ........         0.000         0.000
  Initial Stored Volume ....        70.554        22.991
  Final Stored Volume ......        41.993        13.684
  Continuity Error (%) .....       -15.755
  
  
  *************************
  Highest Continuity Errors
  *************************
  Node 62 (-513.18%)
  Node basin (-89.06%)
  Node 64 (77.87%)
  Node 4-c (-35.20%)
  Node 43 (34.31%)
  
  
  ***************************
  Time-Step Critical Elements
  ***************************
  Link 2-36" (51.36%)
  Link 2-60" (47.27%)
  
  
  ********************************
  Highest Flow Instability Indexes
  ********************************
  Link 2-72" (99)
  Link 2a-c (2)
  Link 2a-d (1)
  Link 4-b (1)
  Link 2a-b (1)
  
  
  *********************************
  Most Frequent Nonconverging Nodes
  *********************************
  Node 46 (0.01%)
  Node 62 (0.01%)
  Node 31 (0.01%)
  
  
  *************************
  Routing Time Step Summary
  *************************
  Minimum Time Step           :     0.50 sec
  Average Time Step           :     5.35 sec
  Maximum Time Step           :     7.22 sec
  % of Time in Steady State   :     0.00
  Average Iterations per Step :     2.01
  % of Steps Not Converging   :     0.01
  Time Step Frequencies       :
     60.000 - 23.031 sec      :     0.00 %
     23.031 -  8.841 sec      :     0.00 %
      8.841 -  3.393 sec      :    77.08 %
      3.393 -  1.303 sec      :    22.23 %
      1.303 -  0.500 sec      :     0.69 %
  
  
  ******************
  Node Depth Summary
  ******************
  
  ---------------------------------------------------------------------------------
                                 Average  Maximum  Maximum  Time of Max    Reported
                                   Depth    Depth      HGL   Occurrence   Max Depth
  Node                 Type         Feet     Feet     Feet  days hr:min        Feet
  ---------------------------------------------------------------------------------
  17                   JUNCTION     2.44     6.49    13.99     0  00:02        5.11
  21                   JUNCTION     2.42     5.80    13.30     0  00:08        5.07
  29                   JUNCTION     2.44     6.67    14.17     0  00:02        5.07
  43                   JUNCTION     1.39     1.79     9.29     0  08:59        1.79
  44                   JUNCTION     2.94     8.00    15.00     0  00:02        5.52
  45                   JUNCTION     2.94     8.12    15.12     0  00:01        5.63
  46                   JUNCTION     2.35     6.49    13.49     0  00:00        4.01
  47                   JUNCTION     5.49     5.63    13.13     0  00:03        5.50
  59                   JUNCTION     5.99     6.00    13.00     0  00:03        6.00
  62                   JUNCTION     2.35    11.40    18.40     0  00:00        3.99
  64                   JUNCTION     1.37     1.79     9.29     0  09:00        1.79
  31                   OUTFALL      0.00     0.00     7.50     0  00:00        0.00
  basin                STORAGE      1.84    10.00    18.10     0  00:00        4.74
  4-c                  STORAGE      2.45    10.00    17.50     0  00:00        4.90
  basin_2              STORAGE     10.00    10.00    17.50     0  00:00       10.00
  basin_3              STORAGE     10.00    10.00    17.50     0  00:00       10.00
  basin_4              STORAGE     10.00    10.00    17.50     0  00:00       10.00
  basin_5              STORAGE     10.00    10.00    18.10     0  00:00       10.00
  basin_6              STORAGE     10.00    10.00    17.00     0  00:00       10.00
  basin_7              STORAGE      9.10     9.10    16.10     0  00:00        9.10
  
  
  *******************
  Node Inflow Summary
  *******************
  
  -------------------------------------------------------------------------------------------------
                                  Maximum  Maximum                  Lateral       Total        Flow
                                  Lateral    Total  Time of Max      Inflow      Inflow     Balance
                                   Inflow   Inflow   Occurrence      Volume      Volume       Error
  Node                 Type           CFS      CFS  days hr:min    10^6 gal    10^6 gal     Percent
  -------------------------------------------------------------------------------------------------
  17                   JUNCTION      0.00  2687.60     0  00:01           0        3.18      13.124
  21                   JUNCTION      0.00   571.75     0  00:00           0        1.91      22.632
  29                   JUNCTION      0.00  3752.17     0  00:01           0        9.04       5.568
  43                   JUNCTION      0.00   189.26     0  00:02           0        10.7      52.223
  44                   JUNCTION      0.00  9959.31     0  00:01           0        13.9      12.387
  45                   JUNCTION      0.00  9437.24     0  00:01           0        18.1       6.350
  46                   JUNCTION      0.00  5678.77     0  00:00           0        12.1       2.672
  47                   JUNCTION      0.00     9.41     0  00:02           0     0.00839       0.000
  59                   JUNCTION      0.00    13.41     0  00:03           0        6.46       0.116
  62                   JUNCTION      0.00  1027.57     0  00:00           0       0.301     -83.691
  64                   JUNCTION      0.00  1232.76     0  00:00           0        4.72     351.940
  31                   OUTFALL       0.00   173.55     0  00:02           0        5.89       0.000
  basin                STORAGE       0.00  7702.15     0  00:04           0        24.3     -47.107
  4-c                  STORAGE       0.00   897.23     0  00:04           0        3.08     -26.035
  basin_2              STORAGE       0.00     0.00     0  00:00           0      0.0748       0.000
  basin_3              STORAGE       0.00     0.00     0  00:00           0      0.0748       0.000
  basin_4              STORAGE       0.00     0.00     0  00:00           0      0.0748       0.000
  basin_5              STORAGE       0.00     0.00     0  00:00           0      0.0748       0.000
  basin_6              STORAGE       0.00     0.00     0  00:00           0      0.0748       0.000
  basin_7              STORAGE       0.00     0.00     0  00:00           0      0.0681       0.000
  
  
  **********************
  Node Surcharge Summary
  **********************
  
  Surcharging occurs when water rises above the top of the highest conduit.
  ---------------------------------------------------------------------
                                               Max. Height   Min. Depth
                                   Hours       Above Crown    Below Rim
  Node                 Type      Surcharged           Feet         Feet
  ---------------------------------------------------------------------
  45                   JUNCTION        0.01          0.000        0.000
  59                   JUNCTION       23.95          0.000        0.000
  62                   JUNCTION        0.01          0.000        0.000
  
  
  *********************
  Node Flooding Summary
  *********************
  
  Flooding refers to all water that overflows a node, whether it ponds or not.
  --------------------------------------------------------------------------
                                                             Total   Maximum
                                 Maximum   Time of Max       Flood    Ponded
                        Hours       Rate    Occurrence      Volume     Depth
  Node                 Flooded       CFS   days hr:min    10^6 gal      Feet
  --------------------------------------------------------------------------
  45                      0.01   3367.60      0  00:01       0.583     0.000
  59                     23.95     13.02      0  00:03       6.448     0.000
  62                      0.01    163.75      0  00:00       0.001     0.000
  
  
  **********************
  Storage Volume Summary
  **********************
  
  ------------------------------------------------------------------------------------------------
                         Average    Avg   Evap  Exfil     Maximum    Max    Time of Max    Maximum
                          Volume   Pcnt   Pcnt   Pcnt      Volume   Pcnt     Occurrence    Outflow
  Storage Unit          1000 ft³   Full   Loss   Loss    1000 ft³   Full    days hr:min        CFS
  ------------------------------------------------------------------------------------------------
  basin                    1.845   18.4    0.0    0.0       9.999  100.0       0  00:00   25877.05
  4-c                      2.446   24.5    0.0    0.0      10.000  100.0       0  00:00    1676.93
  basin_2                 10.000  100.0    0.0    0.0      10.000  100.0       0  00:00       0.00
  basin_3                 10.000  100.0    0.0    0.0      10.000  100.0       0  00:00       0.00
  basin_4                 10.000  100.0    0.0    0.0      10.000  100.0       0  00:00       0.00
  basin_5                 10.000  100.0    0.0    0.0      10.000  100.0       0  00:00       0.00
  basin_6                 10.000  100.0    0.0    0.0      10.000  100.0       0  00:00       0.00
  basin_7                  9.100   91.0    0.0    0.0       9.100   91.0       0  00:00       0.00
  
  
  ***********************
  Outfall Loading Summary
  ***********************
  
  -----------------------------------------------------------
                         Flow       Avg       Max       Total
                         Freq      Flow      Flow      Volume
  Outfall Node           Pcnt       CFS       CFS    10^6 gal
  -----------------------------------------------------------
  31                    96.17     17.59    173.55       5.893
  -----------------------------------------------------------
  System                96.17     17.59    173.55       5.893
  
  
  ********************
  Link Flow Summary
  ********************
  
  -----------------------------------------------------------------------------
                                 Maximum  Time of Max   Maximum    Max/    Max/
                                  |Flow|   Occurrence   |Veloc|    Full    Full
  Link                 Type          CFS  days hr:min    ft/sec    Flow   Depth
  -----------------------------------------------------------------------------
  4-e                  CONDUIT   2687.60     0  00:01     10.98    0.18    0.22
  30"                  CONDUIT     70.86     0  00:03     14.44    3.68    1.00
  4-d                  CONDUIT    431.02     0  00:05      5.22    0.08    0.21
  42"                  CONDUIT    171.15     0  00:00     17.79    3.17    1.00
  4-c                  CONDUIT   1337.96     0  00:01      3.99    0.06    0.48
  48"                  CONDUIT    282.11     0  00:00     22.45    3.86    1.00
  4-b                  CONDUIT   3491.22     0  00:01     10.25    0.35    0.33
  60"                  CONDUIT    173.55     0  00:02      9.51    3.23    0.88
  weir_4               CONDUIT      0.00     0  00:00      0.00    0.00    1.00
  2a-e                 CONDUIT     60.06     0  00:49      0.44    0.06    0.13
  2a-d                 CONDUIT   9959.31     0  00:01     11.62    0.41    0.45
  2a-c                 CONDUIT   9391.77     0  00:01     12.14    0.94    0.77
  2-36"                CONDUIT     66.43     0  00:00      9.67   60.81    1.00
  2a-b                 CONDUIT   5678.77     0  00:00     12.04   13.74    0.57
  2-60"                CONDUIT    163.20     0  00:00     16.57    1.72    0.52
  2-30"                CONDUIT     26.57     0  00:24      9.98    2.11    0.85
  2-72"                CONDUIT      9.41     0  00:02      2.37    0.06    0.97
  weir-1               WEIR         0.00     0  00:00                      1.00
  weir-2               WEIR         0.00     0  00:00                      1.00
  weir-3               WEIR         0.00     0  00:00                      1.00
  2-21                 WEIR      1027.57     0  00:00                      1.00
  2a-36"               WEIR      1232.76     0  00:00                      1.00
  ps-2a                PUMP        10.00     0  00:00              1.00
  
  
  ***************************
  Flow Classification Summary
  ***************************
  
  -------------------------------------------------------------------------------------
                      Adjusted    ---------- Fraction of Time in Flow Class ---------- 
                       /Actual         Up    Down  Sub   Sup   Up    Down  Norm  Inlet 
  Conduit               Length    Dry  Dry   Dry   Crit  Crit  Crit  Crit  Ltd   Ctrl  
  -------------------------------------------------------------------------------------
  4-e                     1.00   0.00  0.00  0.00  1.00  0.00  0.00  0.00  0.00  0.00
  30"                     1.00   0.00  0.00  0.00  1.00  0.00  0.00  0.00  0.00  0.00
  4-d                     1.00   0.00  0.00  0.00  1.00  0.00  0.00  0.00  0.00  0.00
  42"                     1.00   0.00  0.00  0.00  1.00  0.00  0.00  0.00  0.00  0.00
  4-c                     1.00   0.00  0.00  0.00  1.00  0.00  0.00  0.00  0.00  0.00
  48"                     1.00   0.00  0.00  0.00  1.00  0.00  0.00  0.00  0.00  0.00
  4-b                     1.00   0.00  0.00  0.00  1.00  0.00  0.00  0.00  0.00  0.00
  60"                     1.00   0.02  0.00  0.00  0.00  0.00  0.00  0.98  0.00  0.00
  weir_4                  1.00   1.00  0.00  0.00  0.00  0.00  0.00  0.00  0.00  0.00
  2a-e                    1.00   0.00  0.00  0.00  1.00  0.00  0.00  0.00  0.00  0.00
  2a-d                    1.00   0.00  0.00  0.00  1.00  0.00  0.00  0.00  0.00  0.00
  2a-c                    1.00   0.00  0.00  0.00  1.00  0.00  0.00  0.00  0.00  0.00
  2-36"                   1.00   0.00  0.00  0.00  0.96  0.00  0.00  0.04  0.00  0.00
  2a-b                    1.00   0.00  0.00  0.00  1.00  0.00  0.00  0.00  0.00  0.00
  2-60"                   1.00   0.00  0.00  0.00  0.93  0.07  0.00  0.00  0.00  0.00
  2-30"                   1.00   0.00  0.00  0.00  0.92  0.08  0.00  0.00  0.00  0.00
  2-72"                   1.00   0.00  0.00  0.00  1.00  0.00  0.00  0.00  0.00  0.00
  
  
  *************************
  Conduit Surcharge Summary
  *************************
  
  ----------------------------------------------------------------------------
                                                           Hours        Hours 
                         --------- Hours Full --------   Above Full   Capacity
  Conduit                Both Ends  Upstream  Dnstream   Normal Flow   Limited
  ----------------------------------------------------------------------------
  30"                         2.60      2.61      3.13      0.15         0.09
  42"                         0.99      0.99      1.74      0.13         0.06
  48"                         0.96      0.97      1.50      0.31         0.20
  60"                         0.01      0.02      0.01      1.50         0.01
  weir_4                      0.01      0.01      0.01      0.01         0.01
  2a-c                        0.01      0.01      0.01      0.01         0.01
  2-36"                       0.35      3.34      0.36     23.99         0.28
  2a-b                        0.01      0.01      0.01      0.01         0.01
  2-60"                       0.01      0.01      0.12      0.24         0.01
  2-30"                       0.01      0.01      7.40      6.01         0.01
  2-72"                       0.01      0.01     23.95      0.01         0.01
  
  
  ***************
  Pumping Summary
  ***************
  
  ---------------------------------------------------------------------------------------------------------
                                                  Min       Avg       Max     Total     Power    % Time Off
                        Percent   Number of      Flow      Flow      Flow    Volume     Usage    Pump Curve
  Pump                 Utilized   Start-Ups       CFS       CFS       CFS  10^6 gal     Kw-hr    Low   High
  ---------------------------------------------------------------------------------------------------------
  ps-2a                  100.00           1      0.00     10.00     10.00     6.463     76.60    0.0    0.0
  

  Analysis begun on:  Sun Jul 19 15:22:12 2026
  Analysis ended on:  Sun Jul 19 15:22:12 2026
  Total elapsed time: < 1 sec