
  EPA STORM WATER MANAGEMENT MODEL - VERSION 5.2 (Build 5.2.4)
  ------------------------------------------------------------

  Converted from XPSWMM .xp file 
  
  ****************
  Analysis Options
  ****************
  Flow Units ............... CFS
  Process Models:
    Rainfall/Runoff ........ NO
    RDII ................... NO
    Snowmelt ............... NO
    Groundwater ............ NO
    Flow Routing ........... YES
    Ponding Allowed ........ NO
    Water Quality .......... NO
  Flow Routing Method ...... DYNWAVE
  Surcharge Method ......... EXTRAN
  Starting Date ............ 01/01/2001 00:00:00
  Ending Date .............. 01/02/2001 00:00:00
  Antecedent Dry Days ...... 0.0
  Report Time Step ......... 00:15:00
  Routing Time Step ........ 15.00 sec
  Variable Time Step ....... YES
  Maximum Trials ........... 8
  Number of Threads ........ 1
  Head Tolerance ........... 0.005000 ft
  
  
  **************************        Volume        Volume
  Flow Routing Continuity        acre-feet      10^6 gal
  **************************     ---------     ---------
  Dry Weather Inflow .......         0.000         0.000
  Wet Weather Inflow .......         0.000         0.000
  Groundwater Inflow .......         0.000         0.000
  RDII Inflow ..............         0.000         0.000
  External Inflow ..........       495.848       161.580
  External Outflow .........       564.626       183.992
  Flooding Loss ............         3.679         1.199
  Evaporation Loss .........         0.000         0.000
  Exfiltration Loss ........         0.000         0.000
  Initial Stored Volume ....         0.000         0.000
  Final Stored Volume ......        11.720         3.819
  Continuity Error (%) .....       -16.976
  
  
  *************************
  Highest Continuity Errors
  *************************
  Node N11 (-7.22%)
  Node N6 (-6.21%)
  Node N5 (-3.81%)
  Node N4 (-3.75%)
  Node N2 (-2.17%)
  
  
  ***************************
  Time-Step Critical Elements
  ***************************
  None
  
  
  ********************************
  Highest Flow Instability Indexes
  ********************************
  All links are stable.
  
  
  *********************************
  Most Frequent Nonconverging Nodes
  *********************************
  Node N12 (1.68%)
  Node N8 (0.71%)
  Node N7 (0.66%)
  Node N10 (0.35%)
  Node N2 (0.35%)
  
  
  *************************
  Routing Time Step Summary
  *************************
  Minimum Time Step           :     6.86 sec
  Average Time Step           :    14.99 sec
  Maximum Time Step           :    15.00 sec
  % of Time in Steady State   :     0.00
  Average Iterations per Step :     2.15
  % of Steps Not Converging   :     1.68
  Time Step Frequencies       :
     15.000 -  7.597 sec      :    99.98 %
      7.597 -  3.848 sec      :     0.02 %
      3.848 -  1.949 sec      :     0.00 %
      1.949 -  0.987 sec      :     0.00 %
      0.987 -  0.500 sec      :     0.00 %
  
  
  ******************
  Node Depth Summary
  ******************
  
  ---------------------------------------------------------------------------------
                                 Average  Maximum  Maximum  Time of Max    Reported
                                   Depth    Depth      HGL   Occurrence   Max Depth
  Node                 Type         Feet     Feet     Feet  days hr:min        Feet
  ---------------------------------------------------------------------------------
  N1                   JUNCTION  1505.72  1507.39  3023.39     0  00:10     1506.90
  N2                   JUNCTION  1501.00  1510.62  3025.45     0  00:05     1504.40
  N3                   JUNCTION  1491.83  1500.22  3007.89     0  00:08     1497.95
  N4                   JUNCTION  1485.92  1503.50  3007.00     0  00:07     1494.69
  N5                   JUNCTION  1480.51  1499.33  2998.66     0  00:08     1491.92
  N6                   JUNCTION  1476.21  1495.17  2990.34     0  00:08     1490.50
  N7                   JUNCTION  1501.12  1507.19  3021.19     0  00:24     1507.16
  N8                   JUNCTION  1490.42  1505.47  3017.47     0  00:38     1505.42
  N9                   JUNCTION  1475.92  1501.42  3009.42     0  00:41     1501.40
  N10                  JUNCTION  1460.61  1496.34  2999.34     0  00:50     1496.31
  N11                  JUNCTION  1481.69  1498.00  2996.00     0  00:10     1495.89
  N12                  OUTFALL      0.00     0.00  1491.00     0  00:00        0.00
  
  
  *******************
  Node Inflow Summary
  *******************
  
  -------------------------------------------------------------------------------------------------
                                  Maximum  Maximum                  Lateral       Total        Flow
                                  Lateral    Total  Time of Max      Inflow      Inflow     Balance
                                   Inflow   Inflow   Occurrence      Volume      Volume       Error
  Node                 Type           CFS      CFS  days hr:min    10^6 gal    10^6 gal     Percent
  -------------------------------------------------------------------------------------------------
  N1                   JUNCTION    250.00   250.00     0  00:03         162         162       0.083
  N2                   JUNCTION      0.00   307.81     0  00:12           0         134      -2.121
  N3                   JUNCTION      0.00  3078.04     0  00:06           0         137       1.146
  N4                   JUNCTION      0.00  1121.21     0  00:08           0         136      -3.614
  N5                   JUNCTION      0.00  4819.76     0  00:09           0         141      -3.668
  N6                   JUNCTION      0.00  6365.72     0  00:09           0         174      -5.843
  N7                   JUNCTION      0.00    68.08     0  00:08           0        26.9       0.865
  N8                   JUNCTION      0.00    96.16     0  00:10           0        26.7       0.635
  N9                   JUNCTION      0.00    69.53     0  00:19           0        26.5       0.735
  N10                  JUNCTION      0.00    56.53     0  00:28           0        26.4       0.713
  N11                  JUNCTION      0.00   247.43     0  00:08           0        26.3      -6.738
  N12                  OUTFALL       0.00  7374.25     0  00:11           0         184       0.000
  
  
  **********************
  Node Surcharge Summary
  **********************
  
  Surcharging occurs when water rises above the top of the highest conduit.
  ---------------------------------------------------------------------
                                               Max. Height   Min. Depth
                                   Hours       Above Crown    Below Rim
  Node                 Type      Surcharged           Feet         Feet
  ---------------------------------------------------------------------
  N4                   JUNCTION        0.01          0.000        0.000
  N5                   JUNCTION        0.01          0.000        0.000
  N6                   JUNCTION        0.03          0.000        0.000
  N11                  JUNCTION        0.01          0.000        0.000
  
  
  *********************
  Node Flooding Summary
  *********************
  
  Flooding refers to all water that overflows a node, whether it ponds or not.
  --------------------------------------------------------------------------
                                                             Total   Maximum
                                 Maximum   Time of Max       Flood    Ponded
                        Hours       Rate    Occurrence      Volume     Depth
  Node                 Flooded       CFS   days hr:min    10^6 gal      Feet
  --------------------------------------------------------------------------
  N4                      0.01    117.39      0  00:07       0.013     0.000
  N5                      0.01   1842.12      0  00:08       0.396     0.000
  N6                      0.03   2291.80      0  00:08       0.777     0.000
  N11                     0.01    100.58      0  00:10       0.013     0.000
  
  
  ***********************
  Outfall Loading Summary
  ***********************
  
  -----------------------------------------------------------
                         Flow       Avg       Max       Total
                         Freq      Flow      Flow      Volume
  Outfall Node           Pcnt       CFS       CFS    10^6 gal
  -----------------------------------------------------------
  N12                   99.39    286.36   7374.25     183.978
  -----------------------------------------------------------
  System                99.39    286.36   7374.25     183.978
  
  
  ********************
  Link Flow Summary
  ********************
  
  -----------------------------------------------------------------------------
                                 Maximum  Time of Max   Maximum    Max/    Max/
                                  |Flow|   Occurrence   |Veloc|    Full    Full
  Link                 Type          CFS  days hr:min    ft/sec    Flow   Depth
  -----------------------------------------------------------------------------
  201                  CONDUIT    307.81     0  00:12      6.91    0.07    0.67
  202                  CONDUIT   3078.04     0  00:06     21.76    0.28    0.84
  204                  CONDUIT   1121.21     0  00:08     17.03    0.13    0.73
  206                  CONDUIT   4819.76     0  00:09     15.29    0.57    0.98
  208                  CONDUIT   6365.72     0  00:09     17.96    0.75    1.00
  201_2                CONDUIT     68.08     0  00:08      3.45    0.16    0.71
  212                  CONDUIT     96.16     0  00:10      6.66    0.13    0.50
  214                  CONDUIT     69.53     0  00:19      6.30    0.16    0.46
  216                  CONDUIT     56.53     0  00:28      6.17    0.11    0.63
  218                  CONDUIT     46.34     0  00:39      5.22    0.09    0.60
  220                  CONDUIT    619.29     0  00:14      7.10    0.61    1.00
  210                  CONDUIT   7374.25     0  00:11     21.73    0.87    0.96
  
  
  ***************************
  Flow Classification Summary
  ***************************
  
  -------------------------------------------------------------------------------------
                      Adjusted    ---------- Fraction of Time in Flow Class ---------- 
                       /Actual         Up    Down  Sub   Sup   Up    Down  Norm  Inlet 
  Conduit               Length    Dry  Dry   Dry   Crit  Crit  Crit  Crit  Ltd   Ctrl  
  -------------------------------------------------------------------------------------
  201                     1.00   0.00  0.00  0.00  0.00  0.00  0.00  1.00  0.00  0.00
  202                     1.00   0.00  0.00  0.00  0.00  0.99  0.00  0.00  0.99  0.00
  204                     1.00   0.00  0.00  0.00  0.01  0.07  0.00  0.92  0.04  0.00
  206                     1.00   0.01  0.00  0.00  0.01  0.99  0.00  0.00  0.99  0.00
  208                     1.00   0.01  0.00  0.00  0.02  0.98  0.00  0.00  0.99  0.00
  201_2                   1.00   0.00  0.00  0.00  0.99  0.00  0.00  0.01  0.00  0.00
  212                     1.00   0.01  0.00  0.00  0.99  0.00  0.00  0.01  0.00  0.00
  214                     1.00   0.01  0.00  0.00  0.98  0.00  0.00  0.01  0.00  0.00
  216                     1.00   0.02  0.00  0.00  0.97  0.00  0.00  0.01  0.03  0.00
  218                     1.00   0.01  0.02  0.00  0.97  0.00  0.00  0.00  0.96  0.00
  220                     1.00   0.01  0.00  0.00  0.99  0.00  0.00  0.00  0.99  0.00
  210                     1.00   0.01  0.00  0.00  0.00  0.00  0.00  0.99  0.00  0.00
  
  
  *************************
  Conduit Surcharge Summary
  *************************
  
  ----------------------------------------------------------------------------
                                                           Hours        Hours 
                         --------- Hours Full --------   Above Full   Capacity
  Conduit                Both Ends  Upstream  Dnstream   Normal Flow   Limited
  ----------------------------------------------------------------------------
  201                         0.01      0.01      0.01      0.01         0.01
  202                         0.01      0.04      0.01      0.01         0.01
  204                         0.01      0.01      0.01      0.01         0.01
  206                         0.01      0.01      0.01      0.01         0.01
  208                         0.01      0.01      0.03      0.01         0.01
  201_2                       0.01      0.01      0.01      0.01         0.01
  212                         0.01      0.03      0.01      0.01         0.01
  216                         0.01      0.01      0.01      0.01         0.01
  218                         0.01      0.01      0.01      0.01         0.01
  220                         0.01      0.01      0.14      0.01         0.01
  210                         0.01      0.03      0.01      0.01         0.01
  

  Analysis begun on:  Wed Jul 22 14:16:25 2026
  Analysis ended on:  Wed Jul 22 14:16:25 2026
  Total elapsed time: < 1 sec