
  EPA STORM WATER MANAGEMENT MODEL - VERSION 5.2 (Build 5.2.4)
  ------------------------------------------------------------

  RUNOFF HYDRAULICS / CLIF5RU.DAT /5 MAY 1993  // 
  WARNING 04: minimum elevation drop used for Conduit 127
  WARNING 04: minimum elevation drop used for Conduit 175
  
  ****************
  Analysis Options
  ****************
  Flow Units ............... CFS
  Process Models:
    Rainfall/Runoff ........ NO
    RDII ................... NO
    Snowmelt ............... NO
    Groundwater ............ NO
    Flow Routing ........... YES
    Ponding Allowed ........ NO
    Water Quality .......... NO
  Flow Routing Method ...... DYNWAVE
  Surcharge Method ......... EXTRAN
  Starting Date ............ 01/01/2001 00:00:00
  Ending Date .............. 01/02/2001 00:00:00
  Antecedent Dry Days ...... 0.0
  Report Time Step ......... 00:15:00
  Routing Time Step ........ 1.00 sec
  Variable Time Step ....... YES
  Maximum Trials ........... 30
  Number of Threads ........ 1
  Head Tolerance ........... 0.003300 ft
  
  
  **************************        Volume        Volume
  Flow Routing Continuity        acre-feet      10^6 gal
  **************************     ---------     ---------
  Dry Weather Inflow .......         0.000         0.000
  Wet Weather Inflow .......         0.000         0.000
  Groundwater Inflow .......         0.000         0.000
  RDII Inflow ..............         0.000         0.000
  External Inflow ..........         0.000         0.000
  External Outflow .........         0.000         0.000
  Flooding Loss ............         0.000         0.000
  Evaporation Loss .........         0.000         0.000
  Exfiltration Loss ........         0.000         0.000
  Initial Stored Volume ....         0.000         0.000
  Final Stored Volume ......         0.000         0.000
  Continuity Error (%) .....         0.000
  
  
  ***************************
  Time-Step Critical Elements
  ***************************
  None
  
  
  ********************************
  Highest Flow Instability Indexes
  ********************************
  All links are stable.
  
  
  *********************************
  Most Frequent Nonconverging Nodes
  *********************************
  Convergence obtained at all time steps.
  
  
  *************************
  Routing Time Step Summary
  *************************
  Minimum Time Step           :     0.50 sec
  Average Time Step           :     1.00 sec
  Maximum Time Step           :     1.00 sec
  % of Time in Steady State   :     0.00
  Average Iterations per Step :     2.00
  % of Steps Not Converging   :     0.00
  Time Step Frequencies       :
      1.000 -  0.871 sec      :   100.00 %
      0.871 -  0.758 sec      :     0.00 %
      0.758 -  0.660 sec      :     0.00 %
      0.660 -  0.574 sec      :     0.00 %
      0.574 -  0.500 sec      :     0.00 %
  
  
  ******************
  Node Depth Summary
  ******************
  
  ---------------------------------------------------------------------------------
                                 Average  Maximum  Maximum  Time of Max    Reported
                                   Depth    Depth      HGL   Occurrence   Max Depth
  Node                 Type         Feet     Feet     Feet  days hr:min        Feet
  ---------------------------------------------------------------------------------
  110                  JUNCTION     0.00     0.00   100.00     0  00:00        0.00
  1120                 JUNCTION     0.00     0.00   100.00     0  00:00        0.00
  1110                 JUNCTION     0.00     0.00   100.00     0  00:00        0.00
  130                  JUNCTION     0.00     0.00   100.00     0  00:00        0.00
  140                  JUNCTION     0.00     0.00   100.00     0  00:00        0.00
  150                  JUNCTION     0.00     0.00   100.00     0  00:00        0.00
  270                  JUNCTION     0.00     0.00   100.00     0  00:00        0.00
  260                  JUNCTION     0.00     0.00   100.00     0  00:00        0.00
  160                  JUNCTION     0.00     0.00   100.00     0  00:00        0.00
  170                  JUNCTION     0.00     0.00   100.00     0  00:00        0.00
  180                  JUNCTION     0.00     0.00   100.00     0  00:00        0.00
  333                  JUNCTION     0.00     0.00   100.00     0  00:00        0.00
  310                  JUNCTION     0.00     0.00   100.00     0  00:00        0.00
  320                  JUNCTION     0.00     0.00   100.00     0  00:00        0.00
  330                  JUNCTION     0.00     0.00   100.00     0  00:00        0.00
  340                  JUNCTION     0.00     0.00   100.00     0  00:00        0.00
  350                  JUNCTION     0.00     0.00   100.00     0  00:00        0.00
  230                  JUNCTION     0.00     0.00   100.00     0  00:00        0.00
  250                  JUNCTION     0.00     0.00   100.00     0  00:00        0.00
  240                  JUNCTION     0.00     0.00   100.00     0  00:00        0.00
  220                  JUNCTION     0.00     0.00   100.00     0  00:00        0.00
  210                  JUNCTION     0.00     0.00   100.00     0  00:00        0.00
  1160                 JUNCTION     0.00     0.00   100.00     0  00:00        0.00
  222                  JUNCTION     0.00     0.00   100.00     0  00:00        0.00
  111                  OUTFALL      0.00     0.00   100.00     0  00:00        0.00
  120                  STORAGE      0.00     0.00   100.00     0  00:00        0.00
  
  
  *******************
  Node Inflow Summary
  *******************
  
  -------------------------------------------------------------------------------------------------
                                  Maximum  Maximum                  Lateral       Total        Flow
                                  Lateral    Total  Time of Max      Inflow      Inflow     Balance
                                   Inflow   Inflow   Occurrence      Volume      Volume       Error
  Node                 Type           CFS      CFS  days hr:min    10^6 gal    10^6 gal     Percent
  -------------------------------------------------------------------------------------------------
  110                  JUNCTION      0.00     0.00     0  00:00           0           0       0.000 gal
  1120                 JUNCTION      0.00     0.00     0  00:00           0           0       0.000 gal
  1110                 JUNCTION      0.00     0.00     0  00:00           0           0       0.000 gal
  130                  JUNCTION      0.00     0.00     0  00:00           0           0       0.000 gal
  140                  JUNCTION      0.00     0.00     0  00:00           0           0       0.000 gal
  150                  JUNCTION      0.00     0.00     0  00:00           0           0       0.000 gal
  270                  JUNCTION      0.00     0.00     0  00:00           0           0       0.000 gal
  260                  JUNCTION      0.00     0.00     0  00:00           0           0       0.000 gal
  160                  JUNCTION      0.00     0.00     0  00:00           0           0       0.000 gal
  170                  JUNCTION      0.00     0.00     0  00:00           0           0       0.000 gal
  180                  JUNCTION      0.00     0.00     0  00:00           0           0       0.000 gal
  333                  JUNCTION      0.00     0.00     0  00:00           0           0       0.000 gal
  310                  JUNCTION      0.00     0.00     0  00:00           0           0       0.000 gal
  320                  JUNCTION      0.00     0.00     0  00:00           0           0       0.000 gal
  330                  JUNCTION      0.00     0.00     0  00:00           0           0       0.000 gal
  340                  JUNCTION      0.00     0.00     0  00:00           0           0       0.000 gal
  350                  JUNCTION      0.00     0.00     0  00:00           0           0       0.000 gal
  230                  JUNCTION      0.00     0.00     0  00:00           0           0       0.000 gal
  250                  JUNCTION      0.00     0.00     0  00:00           0           0       0.000 gal
  240                  JUNCTION      0.00     0.00     0  00:00           0           0       0.000 gal
  220                  JUNCTION      0.00     0.00     0  00:00           0           0       0.000 gal
  210                  JUNCTION      0.00     0.00     0  00:00           0           0       0.000 gal
  1160                 JUNCTION      0.00     0.00     0  00:00           0           0       0.000 gal
  222                  JUNCTION      0.00     0.00     0  00:00           0           0       0.000 gal
  111                  OUTFALL       0.00     0.00     0  00:00           0           0       0.000 gal
  120                  STORAGE       0.00     0.00     0  00:00           0           0       0.000 gal
  
  
  **********************
  Node Surcharge Summary
  **********************
  
  No nodes were surcharged.
  
  
  *********************
  Node Flooding Summary
  *********************
  
  No nodes were flooded.
  
  
  **********************
  Storage Volume Summary
  **********************
  
  ------------------------------------------------------------------------------------------------
                         Average    Avg   Evap  Exfil     Maximum    Max    Time of Max    Maximum
                          Volume   Pcnt   Pcnt   Pcnt      Volume   Pcnt     Occurrence    Outflow
  Storage Unit          1000 ft³   Full   Loss   Loss    1000 ft³   Full    days hr:min        CFS
  ------------------------------------------------------------------------------------------------
  120                      0.000    0.0    0.0    0.0       0.000    0.0       0  00:00       0.00
  
  
  ***********************
  Outfall Loading Summary
  ***********************
  
  -----------------------------------------------------------
                         Flow       Avg       Max       Total
                         Freq      Flow      Flow      Volume
  Outfall Node           Pcnt       CFS       CFS    10^6 gal
  -----------------------------------------------------------
  111                    0.00      0.00      0.00       0.000
  -----------------------------------------------------------
  System                 0.00      0.00      0.00       0.000
  
  
  ********************
  Link Flow Summary
  ********************
  
  -----------------------------------------------------------------------------
                                 Maximum  Time of Max   Maximum    Max/    Max/
                                  |Flow|   Occurrence   |Veloc|    Full    Full
  Link                 Type          CFS  days hr:min    ft/sec    Flow   Depth
  -----------------------------------------------------------------------------
  115                  CONDUIT      0.00     0  00:00      0.00    0.00    0.00
  126                  CONDUIT      0.00     0  00:00      0.00    0.00    0.00
  127                  CONDUIT      0.00     0  00:00      0.00    0.00    0.00
  135                  CONDUIT      0.00     0  00:00      0.00    0.00    0.00
  145                  CONDUIT      0.00     0  00:00      0.00    0.00    0.00
  235                  CONDUIT      0.00     0  00:00      0.00    0.00    0.00
  155                  CONDUIT      0.00     0  00:00      0.00    0.00    0.00
  175                  CONDUIT      0.00     0  00:00      0.00    0.00    0.00
  185                  CONDUIT      0.00     0  00:00      0.00    0.00    0.00
  315                  CONDUIT      0.00     0  00:00      0.00    0.00    0.00
  325                  CONDUIT      0.00     0  00:00      0.00    0.00    0.00
  335                  CONDUIT      0.00     0  00:00      0.00    0.00    0.00
  345                  CONDUIT      0.00     0  00:00      0.00    0.00    0.00
  355                  CONDUIT      0.00     0  00:00      0.00    0.00    0.00
  255                  CONDUIT      0.00     0  00:00      0.00    0.00    0.00
  245                  CONDUIT      0.00     0  00:00      0.00    0.00    0.00
  225                  CONDUIT      0.00     0  00:00      0.00    0.00    0.00
  215                  CONDUIT      0.00     0  00:00      0.00    0.00    0.00
  165                  CONDUIT      0.00     0  00:00      0.00    0.00    0.00
  256                  CONDUIT      0.00     0  00:00      0.00    0.00    0.00
  275                  CONDUIT      0.00     0  00:00      0.00    0.00    0.00
  MUL1                 ORIFICE      0.00     0  00:00                      0.00
  MUL2                 ORIFICE      0.00     0  00:00                      0.00
  MUL3                 WEIR         0.00     0  00:00                      0.00
  MUL4                 WEIR         0.00     0  00:00                      0.00
  MUL5                 PUMP         0.00     0  00:00              0.00
  
  
  ***************************
  Flow Classification Summary
  ***************************
  
  -------------------------------------------------------------------------------------
                      Adjusted    ---------- Fraction of Time in Flow Class ---------- 
                       /Actual         Up    Down  Sub   Sup   Up    Down  Norm  Inlet 
  Conduit               Length    Dry  Dry   Dry   Crit  Crit  Crit  Crit  Ltd   Ctrl  
  -------------------------------------------------------------------------------------
  115                     1.00   1.00  0.00  0.00  0.00  0.00  0.00  0.00  0.00  0.00
  126                     1.00   1.00  0.00  0.00  0.00  0.00  0.00  0.00  0.00  0.00
  127                     1.00   1.00  0.00  0.00  0.00  0.00  0.00  0.00  0.00  0.00
  135                     1.00   1.00  0.00  0.00  0.00  0.00  0.00  0.00  0.00  0.00
  145                     1.00   1.00  0.00  0.00  0.00  0.00  0.00  0.00  0.00  0.00
  235                     1.00   1.00  0.00  0.00  0.00  0.00  0.00  0.00  0.00  0.00
  155                     1.00   1.00  0.00  0.00  0.00  0.00  0.00  0.00  0.00  0.00
  175                     1.00   1.00  0.00  0.00  0.00  0.00  0.00  0.00  0.00  0.00
  185                     1.00   1.00  0.00  0.00  0.00  0.00  0.00  0.00  0.00  0.00
  315                     1.00   1.00  0.00  0.00  0.00  0.00  0.00  0.00  0.00  0.00
  325                     1.00   1.00  0.00  0.00  0.00  0.00  0.00  0.00  0.00  0.00
  335                     1.00   1.00  0.00  0.00  0.00  0.00  0.00  0.00  0.00  0.00
  345                     1.00   1.00  0.00  0.00  0.00  0.00  0.00  0.00  0.00  0.00
  355                     1.00   1.00  0.00  0.00  0.00  0.00  0.00  0.00  0.00  0.00
  255                     1.00   1.00  0.00  0.00  0.00  0.00  0.00  0.00  0.00  0.00
  245                     1.00   1.00  0.00  0.00  0.00  0.00  0.00  0.00  0.00  0.00
  225                     1.00   1.00  0.00  0.00  0.00  0.00  0.00  0.00  0.00  0.00
  215                     1.00   1.00  0.00  0.00  0.00  0.00  0.00  0.00  0.00  0.00
  165                     1.00   1.00  0.00  0.00  0.00  0.00  0.00  0.00  0.00  0.00
  256                     1.00   1.00  0.00  0.00  0.00  0.00  0.00  0.00  0.00  0.00
  275                     1.00   1.00  0.00  0.00  0.00  0.00  0.00  0.00  0.00  0.00
  
  
  *************************
  Conduit Surcharge Summary
  *************************
  
  No conduits were surcharged.
  
  
  ***************
  Pumping Summary
  ***************
  
  ---------------------------------------------------------------------------------------------------------
                                                  Min       Avg       Max     Total     Power    % Time Off
                        Percent   Number of      Flow      Flow      Flow    Volume     Usage    Pump Curve
  Pump                 Utilized   Start-Ups       CFS       CFS       CFS  10^6 gal     Kw-hr    Low   High
  ---------------------------------------------------------------------------------------------------------
  MUL5                     0.00           0      0.00      0.00      0.00     0.000      0.00    0.0    0.0
  

  Analysis begun on:  Sun Jul 19 15:22:18 2026
  Analysis ended on:  Sun Jul 19 15:22:18 2026
  Total elapsed time: < 1 sec