
  EPA STORM WATER MANAGEMENT MODEL - VERSION 5.2 (Build 5.2.4)
  ------------------------------------------------------------

  RUNOFF HYDRAULICS / CLIF5RU.DAT /5 MAY 1993  // 
  WARNING 04: minimum elevation drop used for Conduit 127
  WARNING 04: minimum elevation drop used for Conduit 175
  
  ****************
  Analysis Options
  ****************
  Flow Units ............... CFS
  Process Models:
    Rainfall/Runoff ........ NO
    RDII ................... NO
    Snowmelt ............... NO
    Groundwater ............ NO
    Flow Routing ........... YES
    Ponding Allowed ........ NO
    Water Quality .......... NO
  Flow Routing Method ...... DYNWAVE
  Surcharge Method ......... EXTRAN
  Starting Date ............ 01/01/2001 00:00:00
  Ending Date .............. 01/02/2001 00:00:00
  Antecedent Dry Days ...... 0.0
  Report Time Step ......... 00:15:00
  Routing Time Step ........ 2.00 sec
  Variable Time Step ....... YES
  Maximum Trials ........... 30
  Number of Threads ........ 1
  Head Tolerance ........... 0.003300 ft
  
  
  **************************        Volume        Volume
  Flow Routing Continuity        acre-feet      10^6 gal
  **************************     ---------     ---------
  Dry Weather Inflow .......         0.000         0.000
  Wet Weather Inflow .......         0.000         0.000
  Groundwater Inflow .......         0.000         0.000
  RDII Inflow ..............         0.000         0.000
  External Inflow ..........         7.934         2.585
  External Outflow .........         0.000         0.000
  Flooding Loss ............         7.436         2.423
  Evaporation Loss .........         0.000         0.000
  Exfiltration Loss ........         0.000         0.000
  Initial Stored Volume ....         0.000         0.000
  Final Stored Volume ......         0.267         0.087
  Continuity Error (%) .....         2.912
  
  
  *************************
  Highest Continuity Errors
  *************************
  Node 130 (96.89%)
  Node 270 (4.22%)
  Node 150 (3.63%)
  Node 260 (3.52%)
  
  
  ***************************
  Time-Step Critical Elements
  ***************************
  None
  
  
  ********************************
  Highest Flow Instability Indexes
  ********************************
  Link MUL2 (14)
  Link MUL1 (9)
  
  
  *********************************
  Most Frequent Nonconverging Nodes
  *********************************
  Node 111 (0.01%)
  Node 310 (0.00%)
  Node 240 (0.00%)
  Node 333 (0.00%)
  
  
  *************************
  Routing Time Step Summary
  *************************
  Minimum Time Step           :     0.28 sec
  Average Time Step           :     2.00 sec
  Maximum Time Step           :     2.00 sec
  % of Time in Steady State   :     0.00
  Average Iterations per Step :     2.07
  % of Steps Not Converging   :     0.01
  Time Step Frequencies       :
      2.000 -  1.516 sec      :   100.00 %
      1.516 -  1.149 sec      :     0.00 %
      1.149 -  0.871 sec      :     0.00 %
      0.871 -  0.660 sec      :     0.00 %
      0.660 -  0.500 sec      :     0.00 %
  
  
  ******************
  Node Depth Summary
  ******************
  
  ---------------------------------------------------------------------------------
                                 Average  Maximum  Maximum  Time of Max    Reported
                                   Depth    Depth      HGL   Occurrence   Max Depth
  Node                 Type         Feet     Feet     Feet  days hr:min        Feet
  ---------------------------------------------------------------------------------
  110                  JUNCTION    68.14    68.48   168.48     0  05:05       68.48
  1120                 JUNCTION     0.00     0.00   100.00     0  00:00        0.00
  1110                 JUNCTION     0.00     0.00   100.00     0  00:00        0.00
  130                  JUNCTION     9.21    10.00   110.00     0  03:18       10.00
  140                  JUNCTION     0.00     0.00   100.00     0  00:00        0.00
  150                  JUNCTION    35.14    39.04   139.04     0  04:05       39.04
  270                  JUNCTION    43.30    45.22   145.22     0  04:05       45.22
  260                  JUNCTION    35.15    39.05   139.05     0  04:05       39.05
  160                  JUNCTION    30.40    31.13   131.13     0  04:05       31.13
  170                  JUNCTION     0.00     0.00   100.00     0  00:37        0.00
  180                  JUNCTION    38.80    40.09   140.09     0  00:54       40.01
  333                  JUNCTION    38.62    40.00   140.00     0  00:53       40.00
  310                  JUNCTION    34.93    35.53   135.53     0  01:03       35.53
  320                  JUNCTION    36.96    37.32   137.32     0  00:45       37.32
  330                  JUNCTION    40.58    40.70   140.70     0  00:09       40.70
  340                  JUNCTION    43.42    44.67   144.67     0  00:46       44.67
  350                  JUNCTION    45.31    46.37   146.37     0  00:36       46.37
  230                  JUNCTION    51.90    52.57   152.57     0  00:30       52.57
  250                  JUNCTION    47.48    48.39   148.39     0  01:12       48.39
  240                  JUNCTION    59.34    59.60   159.60     0  00:20       59.60
  220                  JUNCTION    52.91    53.57   153.57     0  00:25       53.57
  210                  JUNCTION    54.84    55.06   155.06     0  00:28       55.06
  1160                 JUNCTION     0.00     0.00   100.00     0  00:00        0.00
  222                  JUNCTION     0.00     0.00   100.00     0  00:00        0.00
  111                  OUTFALL      0.00     0.00   100.00     0  00:00        0.00
  120                  STORAGE      9.21    10.00   110.00     0  03:18       10.00
  
  
  *******************
  Node Inflow Summary
  *******************
  
  -------------------------------------------------------------------------------------------------
                                  Maximum  Maximum                  Lateral       Total        Flow
                                  Lateral    Total  Time of Max      Inflow      Inflow     Balance
                                   Inflow   Inflow   Occurrence      Volume      Volume       Error
  Node                 Type           CFS      CFS  days hr:min    10^6 gal    10^6 gal     Percent
  -------------------------------------------------------------------------------------------------
  110                  JUNCTION      1.00     1.00     0  00:00       0.646       0.646       2.101
  1120                 JUNCTION      0.00     0.00     0  00:00           0           0       0.000 gal
  1110                 JUNCTION      0.00     0.00     0  00:00           0           0       0.000 gal
  130                  JUNCTION      0.00     0.04     0  00:35           0    0.000999    3111.908
  140                  JUNCTION      0.00     0.00     0  00:00           0           0       0.000 gal
  150                  JUNCTION      0.00     0.18     0  04:05           0       0.107       3.764
  270                  JUNCTION      0.00     0.18     0  01:13           0       0.116       4.408
  260                  JUNCTION      0.00     0.18     0  04:06           0       0.111       3.653
  160                  JUNCTION      0.00     2.09     0  04:05           0         1.3       0.244
  170                  JUNCTION      0.00     2.09     0  04:05           0         1.3       0.000
  180                  JUNCTION      0.00     2.76     0  00:53           0         1.3       0.380
  333                  JUNCTION      0.00     2.59     0  00:53           0         1.3       0.000
  310                  JUNCTION      0.00     1.91     0  00:45           0         1.2       0.329
  320                  JUNCTION      0.00     0.83     0  00:09           0        0.51       0.754
  330                  JUNCTION      1.00     1.00     0  00:00       0.646       0.646       0.624
  340                  JUNCTION      0.00     1.15     0  00:36           0       0.702       0.609
  350                  JUNCTION      0.00     1.69     0  00:36           0        1.02       0.464
  230                  JUNCTION      0.00     1.81     0  00:25           0        1.15       0.455
  250                  JUNCTION      0.00     1.80     0  00:30           0        1.14       0.445
  240                  JUNCTION      1.00     1.00     0  00:00       0.646       0.646       0.897
  220                  JUNCTION      0.00     1.00     0  00:28           0       0.641       0.865
  210                  JUNCTION      1.00     1.00     0  00:00       0.646       0.646       0.847
  1160                 JUNCTION      0.00     0.00     0  00:00           0           0       0.000 gal
  222                  JUNCTION      0.00     0.00     0  00:00           0           0       0.000 gal
  111                  OUTFALL       0.00     0.00     0  00:00           0           0       0.000 gal
  120                  STORAGE       0.00     1.00     0  03:18           0       0.633       0.013
  
  
  **********************
  Node Surcharge Summary
  **********************
  
  Surcharging occurs when water rises above the top of the highest conduit.
  ---------------------------------------------------------------------
                                               Max. Height   Min. Depth
                                   Hours       Above Crown    Below Rim
  Node                 Type      Surcharged           Feet         Feet
  ---------------------------------------------------------------------
  333                  JUNCTION       23.11          0.000        0.000
  330                  JUNCTION       23.84          0.000        0.000
  350                  JUNCTION       23.39          0.000        0.000
  220                  JUNCTION       23.57          0.000        0.000
  
  
  *********************
  Node Flooding Summary
  *********************
  
  Flooding refers to all water that overflows a node, whether it ponds or not.
  --------------------------------------------------------------------------
                                                             Total   Maximum
                                 Maximum   Time of Max       Flood    Ponded
                        Hours       Rate    Occurrence      Volume     Depth
  Node                 Flooded       CFS   days hr:min    10^6 gal      Feet
  --------------------------------------------------------------------------
  333                    23.11      2.59      0  00:53       1.291     0.000
  330                    23.84      0.21      0  00:36       0.132     0.000
  350                    23.39      0.53      0  00:36       0.317     0.000
  220                    23.57      0.20      0  00:28       0.126     0.000
  120                    20.69      1.00      1  00:00       0.557     0.000
  
  
  **********************
  Storage Volume Summary
  **********************
  
  ------------------------------------------------------------------------------------------------
                         Average    Avg   Evap  Exfil     Maximum    Max    Time of Max    Maximum
                          Volume   Pcnt   Pcnt   Pcnt      Volume   Pcnt     Occurrence    Outflow
  Storage Unit          1000 ft³   Full   Loss   Loss    1000 ft³   Full    days hr:min        CFS
  ------------------------------------------------------------------------------------------------
  120                      9.209   92.1    0.0    0.0      10.000  100.0       0  03:18       0.04
  
  
  ***********************
  Outfall Loading Summary
  ***********************
  
  -----------------------------------------------------------
                         Flow       Avg       Max       Total
                         Freq      Flow      Flow      Volume
  Outfall Node           Pcnt       CFS       CFS    10^6 gal
  -----------------------------------------------------------
  111                    0.00      0.00      0.00       0.000
  -----------------------------------------------------------
  System                 0.00      0.00      0.00       0.000
  
  
  ********************
  Link Flow Summary
  ********************
  
  -----------------------------------------------------------------------------
                                 Maximum  Time of Max   Maximum    Max/    Max/
                                  |Flow|   Occurrence   |Veloc|    Full    Full
  Link                 Type          CFS  days hr:min    ft/sec    Flow   Depth
  -----------------------------------------------------------------------------
  115                  CONDUIT      1.00     1  00:00      1.40    0.01    0.06
  126                  CONDUIT      0.00     0  00:00      0.00    0.00    0.00
  127                  CONDUIT      0.00     0  00:00      0.00    0.00    0.00
  135                  CONDUIT      0.00     0  00:00      0.00    0.00    0.00
  145                  CONDUIT      0.00     0  00:00      0.00    0.00    0.10
  235                  CONDUIT      0.18     0  04:06      1.13    0.01    0.06
  155                  CONDUIT      0.18     0  04:05      3.46    0.10    0.21
  175                  CONDUIT      2.09     0  04:05      2.94    7.80    0.56
  185                  CONDUIT      2.59     0  00:53      3.03    0.23    0.95
  315                  CONDUIT      1.91     0  01:04      3.84    0.38    0.43
  325                  CONDUIT      0.79     0  00:45      3.42    0.72    0.71
  335                  CONDUIT      0.83     0  00:09      4.60    1.08    0.95
  345                  CONDUIT      1.11     0  00:46      6.20    0.35    0.60
  355                  CONDUIT      1.15     0  00:36      3.56    1.09    0.88
  255                  CONDUIT      1.80     0  00:30      6.76    0.29    0.58
  245                  CONDUIT      1.00     0  00:24      6.64    0.40    0.50
  225                  CONDUIT      0.81     0  00:25      2.62    1.10    0.82
  215                  CONDUIT      1.00     0  00:28      3.84    0.83    0.85
  165                  CONDUIT      0.00     0  00:00      0.00    0.00    0.00
  256                  CONDUIT      1.69     0  00:36      5.19    1.08    1.00
  275                  CONDUIT      0.18     0  01:13      1.61    0.03    0.12
  MUL1                 ORIFICE      0.18     0  04:05                      1.00
  MUL2                 ORIFICE      0.04     0  00:35                      1.00
  MUL3                 WEIR         0.00     0  00:00                      0.00
  MUL4                 WEIR         0.00     0  00:00                      0.00
  MUL5                 PUMP         2.09     0  04:05              0.21
  
  
  ***************************
  Flow Classification Summary
  ***************************
  
  -------------------------------------------------------------------------------------
                      Adjusted    ---------- Fraction of Time in Flow Class ---------- 
                       /Actual         Up    Down  Sub   Sup   Up    Down  Norm  Inlet 
  Conduit               Length    Dry  Dry   Dry   Crit  Crit  Crit  Crit  Ltd   Ctrl  
  -------------------------------------------------------------------------------------
  115                     1.00   0.01  0.00  0.00  0.00  0.00  0.00  0.99  0.00  0.00
  126                     1.00   1.00  0.00  0.00  0.00  0.00  0.00  0.00  0.00  0.00
  127                     1.00   1.00  0.00  0.00  0.00  0.00  0.00  0.00  0.00  0.00
  135                     1.00   1.00  0.00  0.00  0.00  0.00  0.00  0.00  0.00  0.00
  145                     1.00   0.13  0.87  0.00  0.00  0.00  0.00  0.00  0.00  0.00
  235                     1.00   0.06  0.00  0.00  0.00  0.00  0.00  0.94  0.00  0.00
  155                     1.00   0.13  0.00  0.00  0.00  0.00  0.00  0.87  0.00  0.00
  175                     1.00   0.03  0.00  0.00  0.00  0.00  0.00  0.97  0.00  0.00
  185                     1.00   0.03  0.00  0.00  0.96  0.00  0.00  0.00  0.00  0.00
  315                     1.00   0.02  0.00  0.00  0.00  0.00  0.00  0.98  0.00  0.00
  325                     1.00   0.01  0.00  0.00  0.97  0.00  0.00  0.02  0.97  0.00
  335                     1.00   0.01  0.00  0.00  0.00  0.00  0.00  0.99  0.00  0.00
  345                     1.00   0.02  0.01  0.00  0.00  0.97  0.00  0.00  0.97  0.00
  355                     1.00   0.02  0.00  0.00  0.00  0.00  0.00  0.98  0.00  0.00
  255                     1.00   0.02  0.00  0.00  0.97  0.01  0.00  0.00  0.98  0.00
  245                     1.00   0.01  0.00  0.00  0.00  0.98  0.00  0.01  0.98  0.00
  225                     1.00   0.02  0.00  0.00  0.00  0.00  0.00  0.98  0.00  0.00
  215                     1.00   0.01  0.00  0.00  0.98  0.00  0.00  0.01  0.98  0.00
  165                     1.00   1.00  0.00  0.00  0.00  0.00  0.00  0.00  0.00  0.00
  256                     1.00   0.02  0.00  0.00  0.97  0.00  0.00  0.00  0.00  0.00
  275                     1.00   0.02  0.00  0.00  0.00  0.00  0.00  0.98  0.00  0.00
  
  
  *************************
  Conduit Surcharge Summary
  *************************
  
  ----------------------------------------------------------------------------
                                                           Hours        Hours 
                         --------- Hours Full --------   Above Full   Capacity
  Conduit                Both Ends  Upstream  Dnstream   Normal Flow   Limited
  ----------------------------------------------------------------------------
  175                         0.01      0.01      0.01     23.37         0.01
  185                         0.01      0.01     23.11      0.01         0.01
  335                         0.01     23.84      0.01     23.85         0.01
  355                         0.01     23.39      0.01     23.39         0.01
  225                         0.01      0.01      0.01     23.58         0.01
  256                        23.39     23.46     23.39     23.49        23.39
  
  
  ***************
  Pumping Summary
  ***************
  
  ---------------------------------------------------------------------------------------------------------
                                                  Min       Avg       Max     Total     Power    % Time Off
                        Percent   Number of      Flow      Flow      Flow    Volume     Usage    Pump Curve
  Pump                 Utilized   Start-Ups       CFS       CFS       CFS  10^6 gal     Kw-hr    Low   High
  ---------------------------------------------------------------------------------------------------------
  MUL5                    97.38           1      0.00      2.07      2.09     1.300    163.16    0.0    0.0
  

  Analysis begun on:  Wed Jul 22 14:16:44 2026
  Analysis ended on:  Wed Jul 22 14:16:45 2026
  Total elapsed time: 00:00:01