
  EPA STORM WATER MANAGEMENT MODEL - VERSION 5.2 (Build 5.2.4)
  ------------------------------------------------------------

  EXISTING 
  WARNING 04: minimum elevation drop used for Conduit exc34
  WARNING 04: minimum elevation drop used for Conduit DUMMY2
  WARNING 04: minimum elevation drop used for Conduit DUMMY3
  WARNING 04: minimum elevation drop used for Conduit DUMMY1
  
  ****************
  Analysis Options
  ****************
  Flow Units ............... CMS
  Process Models:
    Rainfall/Runoff ........ NO
    RDII ................... NO
    Snowmelt ............... NO
    Groundwater ............ NO
    Flow Routing ........... YES
    Ponding Allowed ........ NO
    Water Quality .......... NO
  Flow Routing Method ...... DYNWAVE
  Surcharge Method ......... EXTRAN
  Starting Date ............ 01/01/2001 00:00:00
  Ending Date .............. 01/02/2001 00:00:00
  Antecedent Dry Days ...... 0.0
  Report Time Step ......... 00:15:00
  Routing Time Step ........ 1.00 sec
  Variable Time Step ....... YES
  Maximum Trials ........... 100
  Number of Threads ........ 1
  Head Tolerance ........... 0.001000 m
  
  
  **************************        Volume        Volume
  Flow Routing Continuity        hectare-m      10^6 ltr
  **************************     ---------     ---------
  Dry Weather Inflow .......         0.000         0.000
  Wet Weather Inflow .......         0.000         0.000
  Groundwater Inflow .......         0.000         0.000
  RDII Inflow ..............         0.000         0.000
  External Inflow ..........         0.000         0.000
  External Outflow .........         0.000         0.000
  Flooding Loss ............         0.000         0.000
  Evaporation Loss .........         0.000         0.000
  Exfiltration Loss ........         0.000         0.000
  Initial Stored Volume ....         0.000         0.003
  Final Stored Volume ......         0.000         0.002
  Continuity Error (%) .....        56.543
  
  
  *************************
  Highest Continuity Errors
  *************************
  Node F5 (100.00%)
  Node PS-NW/W (-60.95%)
  
  
  ***************************
  Time-Step Critical Elements
  ***************************
  None
  
  
  ********************************
  Highest Flow Instability Indexes
  ********************************
  All links are stable.
  
  
  *********************************
  Most Frequent Nonconverging Nodes
  *********************************
  Convergence obtained at all time steps.
  
  
  *************************
  Routing Time Step Summary
  *************************
  Minimum Time Step           :     0.33 sec
  Average Time Step           :     1.00 sec
  Maximum Time Step           :     1.00 sec
  % of Time in Steady State   :     0.00
  Average Iterations per Step :     2.00
  % of Steps Not Converging   :     0.00
  Time Step Frequencies       :
      1.000 -  0.871 sec      :   100.00 %
      0.871 -  0.758 sec      :     0.00 %
      0.758 -  0.660 sec      :     0.00 %
      0.660 -  0.574 sec      :     0.00 %
      0.574 -  0.500 sec      :     0.00 %
  
  
  ******************
  Node Depth Summary
  ******************
  
  ---------------------------------------------------------------------------------
                                 Average  Maximum  Maximum  Time of Max    Reported
                                   Depth    Depth      HGL   Occurrence   Max Depth
  Node                 Type       Meters   Meters   Meters  days hr:min      Meters
  ---------------------------------------------------------------------------------
  1                    JUNCTION     0.00     0.00     8.48     0  00:00        0.00
  2                    JUNCTION     0.00     0.00     7.36     0  00:00        0.00
  3                    JUNCTION     0.00     0.00     6.43     0  00:00        0.00
  4                    JUNCTION     0.00     0.00     5.64     0  00:00        0.00
  5                    JUNCTION     0.00     0.00     4.80     0  00:00        0.00
  6                    JUNCTION     0.00     0.00     4.46     0  00:00        0.00
  A5                   JUNCTION     0.00     0.00     4.05     0  00:00        0.00
  R11                  JUNCTION     0.00     0.00     4.02     0  00:00        0.00
  A5A                  JUNCTION     0.00     0.00     4.09     0  00:00        0.00
  R10B                 JUNCTION     0.00     0.00     3.58     0  00:00        0.00
  R10A                 JUNCTION     0.00     0.00     3.23     0  00:00        0.00
  N34                  JUNCTION     0.00     0.00     3.03     0  00:00        0.00
  R9A                  JUNCTION     0.00     0.00     2.88     0  00:00        0.00
  A6A                  JUNCTION     0.00     0.00     3.36     0  00:00        0.00
  A7                   JUNCTION     0.00     0.00     3.07     0  00:00        0.00
  R9                   JUNCTION     0.00     0.00     2.75     0  00:00        0.00
  R8                   JUNCTION     0.00     0.00     2.85     0  00:00        0.00
  A7C                  JUNCTION     0.00     0.00     3.02     0  00:00        0.00
  A8                   JUNCTION     0.00     0.00     3.13     0  00:00        0.00
  R7                   JUNCTION     0.00     0.00     2.92     0  00:00        0.00
  A8A                  JUNCTION     0.00     0.00     3.43     0  00:00        0.00
  A9                   JUNCTION     0.00     0.00     3.30     0  00:00        0.00
  R7A                  JUNCTION     0.00     0.00     2.98     0  00:00        0.00
  R6                   JUNCTION     0.00     0.00     3.13     0  00:00        0.00
  R5A                  JUNCTION     0.00     0.00     3.16     0  00:00        0.00
  R5                   JUNCTION     0.00     0.00     3.80     0  00:00        0.00
  R4A                  JUNCTION     0.00     0.00     4.08     0  00:00        0.00
  R4                   JUNCTION     0.00     0.00     3.41     0  00:00        0.00
  A10                  JUNCTION     0.00     0.00     3.83     0  00:00        0.00
  R3                   JUNCTION     0.00     0.00     2.95     0  00:00        0.00
  R2                   JUNCTION     0.00     0.00     3.07     0  00:00        0.00
  R2A                  JUNCTION     0.00     0.00     2.99     0  00:00        0.00
  E4                   JUNCTION     0.00     0.00     6.36     0  00:00        0.00
  A11                  JUNCTION     0.00     0.00     5.07     0  00:00        0.00
  A101                 JUNCTION     0.00     0.00     3.02     0  00:00        0.00
  A102                 JUNCTION     0.00     0.00     2.76     0  00:00        0.00
  A12                  JUNCTION     0.00     0.00     2.95     0  00:00        0.00
  A13                  JUNCTION     0.00     0.00     2.30     0  00:00        0.00
  B                    JUNCTION     0.00     0.00     3.05     0  00:00        0.00
  C                    JUNCTION     0.00     0.00     2.74     0  00:00        0.00
  D                    JUNCTION     0.00     0.00     3.66     0  00:00        0.00
  T/P                  JUNCTION     0.00     0.00     3.50     0  00:00        0.00
  A6                   JUNCTION     0.00     0.00     3.03     0  00:00        0.00
  F5                   JUNCTION     2.69     2.69     8.18     0  00:00        2.69
  E                    JUNCTION     0.00     0.00     4.63     0  00:00        0.00
  B1                   JUNCTION     0.00     0.00    12.53     0  00:00        0.00
  B2                   JUNCTION     0.00     0.00    10.35     0  00:00        0.00
  B3                   JUNCTION     0.00     0.00    10.04     0  00:00        0.00
  B4                   JUNCTION     0.00     0.00     5.46     0  00:00        0.00
  B5                   JUNCTION     0.00     0.00     4.53     0  00:00        0.00
  B6                   JUNCTION     0.00     0.00     3.45     0  00:00        0.00
  K8                   JUNCTION     0.00     0.00     4.77     0  00:00        0.00
  323                  JUNCTION     0.00     0.00    12.53     0  00:00        0.00
  325                  JUNCTION     0.00     0.00     5.49     0  00:00        0.00
  LAG                  JUNCTION     0.00     0.00     0.00     0  00:00        0.00
  T/P1                 OUTFALL      0.00     0.00     3.50     0  00:00        0.00
  PS-DDW/W             STORAGE      0.00     0.00    12.53     0  00:00        0.00
  PS-NW/W              STORAGE      0.00     0.14     5.63     0  00:00        0.00
  PSFW/W               STORAGE      0.00     0.00     8.48     0  00:00        0.00
  327                  STORAGE      0.30     0.30     8.78     0  00:00        0.30
  
  
  *******************
  Node Inflow Summary
  *******************
  
  -------------------------------------------------------------------------------------------------
                                  Maximum  Maximum                  Lateral       Total        Flow
                                  Lateral    Total  Time of Max      Inflow      Inflow     Balance
                                   Inflow   Inflow   Occurrence      Volume      Volume       Error
  Node                 Type           CMS      CMS  days hr:min    10^6 ltr    10^6 ltr     Percent
  -------------------------------------------------------------------------------------------------
  1                    JUNCTION     0.000    0.000     0  00:00           0           0       0.000 ltr
  2                    JUNCTION     0.000    0.000     0  00:00           0           0       0.000 ltr
  3                    JUNCTION     0.000    0.000     0  00:00           0           0       0.000 ltr
  4                    JUNCTION     0.000    0.000     0  00:00           0           0       0.000 ltr
  5                    JUNCTION     0.000    0.000     0  00:00           0           0       0.000 ltr
  6                    JUNCTION     0.000    0.000     0  00:00           0           0       0.000 ltr
  A5                   JUNCTION     0.000    0.000     0  00:00           0           0       0.000 ltr
  R11                  JUNCTION     0.000    0.000     0  00:00           0           0       0.000 ltr
  A5A                  JUNCTION     0.000    0.000     0  00:00           0           0       0.000 ltr
  R10B                 JUNCTION     0.000    0.000     0  00:00           0           0       0.000 ltr
  R10A                 JUNCTION     0.000    0.000     0  00:00           0           0       0.000 ltr
  N34                  JUNCTION     0.000    0.000     0  00:00           0           0       0.000 ltr
  R9A                  JUNCTION     0.000    0.000     0  00:00           0           0       0.000 ltr
  A6A                  JUNCTION     0.000    0.000     0  00:00           0           0       0.000 ltr
  A7                   JUNCTION     0.000    0.000     0  00:00           0           0       0.000 ltr
  R9                   JUNCTION     0.000    0.000     0  00:00           0           0       0.000 ltr
  R8                   JUNCTION     0.000    0.000     0  00:00           0           0       0.000 ltr
  A7C                  JUNCTION     0.000    0.000     0  00:00           0           0       0.000 ltr
  A8                   JUNCTION     0.000    0.000     0  00:00           0           0       0.000 ltr
  R7                   JUNCTION     0.000    0.000     0  00:00           0           0       0.000 ltr
  A8A                  JUNCTION     0.000    0.000     0  00:00           0           0       0.000 ltr
  A9                   JUNCTION     0.000    0.000     0  00:00           0           0       0.000 ltr
  R7A                  JUNCTION     0.000    0.000     0  00:00           0           0       0.000 ltr
  R6                   JUNCTION     0.000    0.000     0  00:00           0           0       0.000 ltr
  R5A                  JUNCTION     0.000    0.000     0  00:00           0           0       0.000 ltr
  R5                   JUNCTION     0.000    0.000     0  00:00           0           0       0.000 ltr
  R4A                  JUNCTION     0.000    0.000     0  00:00           0           0       0.000 ltr
  R4                   JUNCTION     0.000    0.000     0  00:00           0           0       0.000 ltr
  A10                  JUNCTION     0.000    0.000     0  00:00           0           0       0.000 ltr
  R3                   JUNCTION     0.000    0.000     0  00:00           0           0       0.000 ltr
  R2                   JUNCTION     0.000    0.000     0  00:00           0           0       0.000 ltr
  R2A                  JUNCTION     0.000    0.000     0  00:00           0           0       0.000 ltr
  E4                   JUNCTION     0.000    0.000     0  00:00           0           0       0.000 ltr
  A11                  JUNCTION     0.000    0.000     0  00:00           0           0       0.000 ltr
  A101                 JUNCTION     0.000    0.000     0  00:00           0           0       0.000 ltr
  A102                 JUNCTION     0.000    0.000     0  00:00           0           0       0.000 ltr
  A12                  JUNCTION     0.000    0.000     0  00:00           0           0       0.000 ltr
  A13                  JUNCTION     0.000    0.000     0  00:00           0           0       0.000 ltr
  B                    JUNCTION     0.000    0.000     0  00:00           0           0       0.000 ltr
  C                    JUNCTION     0.000    0.000     0  00:00           0           0       0.000 ltr
  D                    JUNCTION     0.000    0.000     0  00:00           0           0       0.000 ltr
  T/P                  JUNCTION     0.000    0.000     0  00:00           0           0       0.000 ltr
  A6                   JUNCTION     0.000    0.000     0  00:00           0           0       0.000 ltr
  F5                   JUNCTION     0.000    3.910     0  00:00           0     0.00315    3145.952 ltr
  E                    JUNCTION     0.000    0.000     0  00:00           0           0       0.000 ltr
  B1                   JUNCTION     0.000    0.000     0  00:00           0           0       0.000 ltr
  B2                   JUNCTION     0.000    0.000     0  00:00           0           0       0.000 ltr
  B3                   JUNCTION     0.000    0.000     0  00:00           0           0       0.000 ltr
  B4                   JUNCTION     0.000    0.000     0  00:00           0           0       0.000 ltr
  B5                   JUNCTION     0.000    0.000     0  00:00           0           0       0.000 ltr
  B6                   JUNCTION     0.000    0.000     0  00:00           0           0       0.000 ltr
  K8                   JUNCTION     0.000    0.000     0  00:00           0           0       0.000 ltr
  323                  JUNCTION     0.000    0.000     0  00:00           0           0       0.000 ltr
  325                  JUNCTION     0.000    0.000     0  00:00           0           0       0.000 ltr
  LAG                  JUNCTION     0.000    0.000     0  00:00           0           0       0.000 ltr
  T/P1                 OUTFALL      0.000    0.000     0  00:00           0           0       0.000 ltr
  PS-DDW/W             STORAGE      0.000    0.000     0  00:00           0           0       0.000 ltr
  PS-NW/W              STORAGE      0.000    0.000     0  00:00           0     0.00195     -37.870
  PSFW/W               STORAGE      0.000    0.000     0  00:00           0           0       0.000 ltr
  327                  STORAGE      0.000    0.000     0  00:00           0      0.0015       0.000
  
  
  **********************
  Node Surcharge Summary
  **********************
  
  Surcharging occurs when water rises above the top of the highest conduit.
  ---------------------------------------------------------------------
                                               Max. Height   Min. Depth
                                   Hours       Above Crown    Below Rim
  Node                 Type      Surcharged         Meters       Meters
  ---------------------------------------------------------------------
  LAG                  JUNCTION       24.00          0.000        0.000
  
  
  *********************
  Node Flooding Summary
  *********************
  
  No nodes were flooded.
  
  
  **********************
  Storage Volume Summary
  **********************
  
  ------------------------------------------------------------------------------------------------
                         Average    Avg   Evap  Exfil     Maximum    Max    Time of Max    Maximum
                          Volume   Pcnt   Pcnt   Pcnt      Volume   Pcnt     Occurrence    Outflow
  Storage Unit           1000 m³   Full   Loss   Loss     1000 m³   Full    days hr:min        CMS
  ------------------------------------------------------------------------------------------------
  PS-DDW/W                 0.000    0.0    0.0    0.0       0.000    0.0       0  00:00      0.000
  PS-NW/W                  0.000    0.0    0.0    0.0       0.001    1.4       0  00:00      3.910
  PSFW/W                   0.000    0.0    0.0    0.0       0.000    0.0       0  00:00      0.000
  327                      0.001    3.0    0.0    0.0       0.002    3.0       0  00:00      0.000
  
  
  ***********************
  Outfall Loading Summary
  ***********************
  
  -----------------------------------------------------------
                         Flow       Avg       Max       Total
                         Freq      Flow      Flow      Volume
  Outfall Node           Pcnt       CMS       CMS    10^6 ltr
  -----------------------------------------------------------
  T/P1                   0.00     0.000     0.000       0.000
  -----------------------------------------------------------
  System                 0.00     0.000     0.000       0.000
  
  
  ********************
  Link Flow Summary
  ********************
  
  -----------------------------------------------------------------------------
                                 Maximum  Time of Max   Maximum    Max/    Max/
                                  |Flow|   Occurrence   |Veloc|    Full    Full
  Link                 Type          CMS  days hr:min     m/sec    Flow   Depth
  -----------------------------------------------------------------------------
  EX1                  CONDUIT     0.000     0  00:00      0.00    0.00    0.00
  EX2                  CONDUIT     0.000     0  00:00      0.00    0.00    0.00
  EX3                  CONDUIT     0.000     0  00:00      0.00    0.00    0.00
  EX4                  CONDUIT     0.000     0  00:00      0.00    0.00    0.00
  EX5                  CONDUIT     0.000     0  00:00      0.00    0.00    0.00
  EX6                  CONDUIT     0.000     0  00:00      0.00    0.00    0.00
  EX25                 CONDUIT     0.000     0  00:00      0.00    0.00    0.00
  EX24                 CONDUIT     0.000     0  00:00      0.00    0.00    0.00
  EX7                  CONDUIT     0.000     0  00:00      0.00    0.00    0.00
  EX8                  CONDUIT     0.000     0  00:00      0.00    0.00    0.00
  EX9                  CONDUIT     0.000     0  00:00      0.00    0.00    0.00
  EX10                 CONDUIT     0.000     0  00:00      0.00    0.00    0.00
  EX26                 CONDUIT     0.000     0  00:00      0.00    0.00    0.00
  EX27                 CONDUIT     0.000     0  00:00      0.00    0.00    0.00
  EX28                 CONDUIT     0.000     0  00:00      0.00    0.00    0.00
  EX11                 CONDUIT     0.000     0  00:00      0.00    0.00    0.00
  EX29                 CONDUIT     0.000     0  00:00      0.00    0.00    0.00
  EX12                 CONDUIT     0.000     0  00:00      0.00    0.00    0.00
  EX30                 CONDUIT     0.000     0  00:00      0.00    0.00    0.00
  EX31                 CONDUIT     0.000     0  00:00      0.00    0.00    0.00
  EX13                 CONDUIT     0.000     0  00:00      0.00    0.00    0.00
  EX32                 CONDUIT     0.000     0  00:00      0.00    0.00    0.00
  EX33                 CONDUIT     0.000     0  00:00      0.00    0.00    0.00
  EX14                 CONDUIT     0.000     0  00:00      0.00    0.00    0.00
  EX15                 CONDUIT     0.000     0  00:00      0.00    0.00    0.00
  EX16                 CONDUIT     0.000     0  00:00      0.00    0.00    0.00
  EX17                 CONDUIT     0.000     0  00:00      0.00    0.00    0.00
  EX18                 CONDUIT     0.000     0  00:00      0.00    0.00    0.00
  EX19                 CONDUIT     0.000     0  00:00      0.00    0.00    0.00
  EX35                 CONDUIT     0.000     0  00:00      0.00    0.00    0.00
  EX20                 CONDUIT     0.000     0  00:00      0.00    0.00    0.00
  EX21                 CONDUIT     0.000     0  00:00      0.00    0.00    0.00
  EX22                 CONDUIT     0.000     0  00:00      0.00    0.00    0.00
  EX37                 CONDUIT     0.000     0  00:00      0.00    0.00    0.00
  EX36                 CONDUIT     0.000     0  00:00      0.00    0.00    0.00
  EX39                 CONDUIT     0.000     0  00:00      0.00    0.00    0.00
  EX40                 CONDUIT     0.000     0  00:00      0.00    0.00    0.00
  EX41                 CONDUIT     0.000     0  00:00      0.00    0.00    0.00
  EX42                 CONDUIT     0.000     0  00:00      0.00    0.00    0.00
  EX43                 CONDUIT     0.000     0  00:00      0.00    0.00    0.00
  TP1                  CONDUIT     0.000     0  00:00      0.00    0.00    0.00
  TP2                  CONDUIT     0.000     0  00:00      0.00    0.00    0.00
  TP3                  CONDUIT     0.000     0  00:00      0.00    0.00    0.00
  TP4                  CONDUIT     0.000     0  00:00      0.00    0.00    0.00
  exc34                CONDUIT     0.000     0  00:00      0.00    0.00    0.00
  P55                  CONDUIT     0.000     0  00:00      0.00    0.00    0.00
  P56                  CONDUIT     0.000     0  00:00      0.00    0.00    0.00
  Q66                  CONDUIT     0.000     0  00:00      0.00    0.00    0.00
  Q65                  CONDUIT     0.000     0  00:00      0.00    0.00    0.00
  Q64                  CONDUIT     0.000     0  00:00      0.00    0.00    0.00
  Q63                  CONDUIT     0.000     0  00:00      0.00    0.00    0.00
  Q62                  CONDUIT     0.000     0  00:00      0.00    0.00    0.00
  Q61                  CONDUIT     0.000     0  00:00      0.00    0.00    0.00
  P57                  CONDUIT     0.000     0  00:00      0.00    0.00    0.00
  DUMMY2               CONDUIT     0.000     0  00:00      0.00    0.00    0.00
  DUMMY3               CONDUIT     0.000     0  00:00      0.00    0.00    0.00
  DUMMY1               CONDUIT     0.000     0  00:00      0.00    0.00    0.00
  SCREEN               WEIR        0.000     0  00:00                      0.00
  PS-DD                PUMP        0.000     0  00:00              0.00
  PS-NORTH             PUMP        3.910     0  00:00              0.39
  LEAD                 PUMP        0.000     0  00:00              0.00
  
  
  ***************************
  Flow Classification Summary
  ***************************
  
  -------------------------------------------------------------------------------------
                      Adjusted    ---------- Fraction of Time in Flow Class ---------- 
                       /Actual         Up    Down  Sub   Sup   Up    Down  Norm  Inlet 
  Conduit               Length    Dry  Dry   Dry   Crit  Crit  Crit  Crit  Ltd   Ctrl  
  -------------------------------------------------------------------------------------
  EX1                     1.00   1.00  0.00  0.00  0.00  0.00  0.00  0.00  0.00  0.00
  EX2                     1.00   1.00  0.00  0.00  0.00  0.00  0.00  0.00  0.00  0.00
  EX3                     1.00   1.00  0.00  0.00  0.00  0.00  0.00  0.00  0.00  0.00
  EX4                     1.00   1.00  0.00  0.00  0.00  0.00  0.00  0.00  0.00  0.00
  EX5                     1.00   1.00  0.00  0.00  0.00  0.00  0.00  0.00  0.00  0.00
  EX6                     1.00   1.00  0.00  0.00  0.00  0.00  0.00  0.00  0.00  0.00
  EX25                    1.00   1.00  0.00  0.00  0.00  0.00  0.00  0.00  0.00  0.00
  EX24                    1.00   1.00  0.00  0.00  0.00  0.00  0.00  0.00  0.00  0.00
  EX7                     1.00   1.00  0.00  0.00  0.00  0.00  0.00  0.00  0.00  0.00
  EX8                     1.00   1.00  0.00  0.00  0.00  0.00  0.00  0.00  0.00  0.00
  EX9                     1.00   1.00  0.00  0.00  0.00  0.00  0.00  0.00  0.00  0.00
  EX10                    1.00   1.00  0.00  0.00  0.00  0.00  0.00  0.00  0.00  0.00
  EX26                    1.00   1.00  0.00  0.00  0.00  0.00  0.00  0.00  0.00  0.00
  EX27                    1.00   1.00  0.00  0.00  0.00  0.00  0.00  0.00  0.00  0.00
  EX28                    1.00   1.00  0.00  0.00  0.00  0.00  0.00  0.00  0.00  0.00
  EX11                    1.00   1.00  0.00  0.00  0.00  0.00  0.00  0.00  0.00  0.00
  EX29                    1.00   1.00  0.00  0.00  0.00  0.00  0.00  0.00  0.00  0.00
  EX12                    1.00   1.00  0.00  0.00  0.00  0.00  0.00  0.00  0.00  0.00
  EX30                    1.00   1.00  0.00  0.00  0.00  0.00  0.00  0.00  0.00  0.00
  EX31                    1.00   1.00  0.00  0.00  0.00  0.00  0.00  0.00  0.00  0.00
  EX13                    1.00   1.00  0.00  0.00  0.00  0.00  0.00  0.00  0.00  0.00
  EX32                    1.00   1.00  0.00  0.00  0.00  0.00  0.00  0.00  0.00  0.00
  EX33                    1.00   1.00  0.00  0.00  0.00  0.00  0.00  0.00  0.00  0.00
  EX14                    1.00   1.00  0.00  0.00  0.00  0.00  0.00  0.00  0.00  0.00
  EX15                    1.00   1.00  0.00  0.00  0.00  0.00  0.00  0.00  0.00  0.00
  EX16                    1.00   1.00  0.00  0.00  0.00  0.00  0.00  0.00  0.00  0.00
  EX17                    1.00   1.00  0.00  0.00  0.00  0.00  0.00  0.00  0.00  0.00
  EX18                    1.00   1.00  0.00  0.00  0.00  0.00  0.00  0.00  0.00  0.00
  EX19                    1.00   1.00  0.00  0.00  0.00  0.00  0.00  0.00  0.00  0.00
  EX35                    1.00   1.00  0.00  0.00  0.00  0.00  0.00  0.00  0.00  0.00
  EX20                    1.00   1.00  0.00  0.00  0.00  0.00  0.00  0.00  0.00  0.00
  EX21                    1.00   1.00  0.00  0.00  0.00  0.00  0.00  0.00  0.00  0.00
  EX22                    1.00   1.00  0.00  0.00  0.00  0.00  0.00  0.00  0.00  0.00
  EX37                    1.00   1.00  0.00  0.00  0.00  0.00  0.00  0.00  0.00  0.00
  EX36                    1.00   1.00  0.00  0.00  0.00  0.00  0.00  0.00  0.00  0.00
  EX39                    1.00   1.00  0.00  0.00  0.00  0.00  0.00  0.00  0.00  0.00
  EX40                    1.00   1.00  0.00  0.00  0.00  0.00  0.00  0.00  0.00  0.00
  EX41                    1.00   1.00  0.00  0.00  0.00  0.00  0.00  0.00  0.00  0.00
  EX42                    1.00   1.00  0.00  0.00  0.00  0.00  0.00  0.00  0.00  0.00
  EX43                    1.00   1.00  0.00  0.00  0.00  0.00  0.00  0.00  0.00  0.00
  TP1                     1.00   1.00  0.00  0.00  0.00  0.00  0.00  0.00  0.00  0.00
  TP2                     1.00   1.00  0.00  0.00  0.00  0.00  0.00  0.00  0.00  0.00
  TP3                     1.00   1.00  0.00  0.00  0.00  0.00  0.00  0.00  0.00  0.00
  TP4                     1.00   1.00  0.00  0.00  0.00  0.00  0.00  0.00  0.00  0.00
  exc34                   1.00   1.00  0.00  0.00  0.00  0.00  0.00  0.00  0.00  0.00
  P55                     1.00   1.00  0.00  0.00  0.00  0.00  0.00  0.00  0.00  0.00
  P56                     1.00   1.00  0.00  0.00  0.00  0.00  0.00  0.00  0.00  0.00
  Q66                     1.00   1.00  0.00  0.00  0.00  0.00  0.00  0.00  0.00  0.00
  Q65                     1.00   1.00  0.00  0.00  0.00  0.00  0.00  0.00  0.00  0.00
  Q64                     1.00   1.00  0.00  0.00  0.00  0.00  0.00  0.00  0.00  0.00
  Q63                     1.00   1.00  0.00  0.00  0.00  0.00  0.00  0.00  0.00  0.00
  Q62                     1.00   1.00  0.00  0.00  0.00  0.00  0.00  0.00  0.00  0.00
  Q61                     1.00   1.00  0.00  0.00  0.00  0.00  0.00  0.00  0.00  0.00
  P57                     1.00   1.00  0.00  0.00  0.00  0.00  0.00  0.00  0.00  0.00
  DUMMY2                  1.00   1.00  0.00  0.00  0.00  0.00  0.00  0.00  0.00  0.00
  DUMMY3                  1.00   1.00  0.00  0.00  0.00  0.00  0.00  0.00  0.00  0.00
  DUMMY1                  1.00   1.00  0.00  0.00  0.00  0.00  0.00  0.00  0.00  0.00
  
  
  *************************
  Conduit Surcharge Summary
  *************************
  
  No conduits were surcharged.
  
  
  ***************
  Pumping Summary
  ***************
  
  ---------------------------------------------------------------------------------------------------------
                                                  Min       Avg       Max     Total     Power    % Time Off
                        Percent   Number of      Flow      Flow      Flow    Volume     Usage    Pump Curve
  Pump                 Utilized   Start-Ups       CMS       CMS       CMS  10^6 ltr     Kw-hr    Low   High
  ---------------------------------------------------------------------------------------------------------
  PS-DD                    0.00           0      0.00      0.00      0.00     0.000      0.00    0.0    0.0
  PS-NORTH                 0.00           1      0.00      2.68      3.91     0.003      0.01    0.0    0.0
  LEAD                     0.00           0      0.00      0.00      0.00     0.000      0.00    0.0    0.0
  

  Analysis begun on:  Sun Jul 19 15:22:19 2026
  Analysis ended on:  Sun Jul 19 15:22:20 2026
  Total elapsed time: 00:00:01