
  EPA STORM WATER MANAGEMENT MODEL - VERSION 5.2 (Build 5.2.4)
  ------------------------------------------------------------

  Converted from XPSWMM .xp file 
  
  ****************
  Analysis Options
  ****************
  Flow Units ............... CFS
  Process Models:
    Rainfall/Runoff ........ NO
    RDII ................... NO
    Snowmelt ............... NO
    Groundwater ............ NO
    Flow Routing ........... YES
    Ponding Allowed ........ NO
    Water Quality .......... NO
  Flow Routing Method ...... DYNWAVE
  Surcharge Method ......... EXTRAN
  Starting Date ............ 01/01/2001 00:00:00
  Ending Date .............. 01/02/2001 00:00:00
  Antecedent Dry Days ...... 0.0
  Report Time Step ......... 00:15:00
  Routing Time Step ........ 30.00 sec
  Variable Time Step ....... YES
  Maximum Trials ........... 50
  Number of Threads ........ 1
  Head Tolerance ........... 0.005000 ft
  
  
  **************************        Volume        Volume
  Flow Routing Continuity        acre-feet      10^6 gal
  **************************     ---------     ---------
  Dry Weather Inflow .......         0.000         0.000
  Wet Weather Inflow .......         0.000         0.000
  Groundwater Inflow .......         0.000         0.000
  RDII Inflow ..............         0.000         0.000
  External Inflow ..........         0.000         0.000
  External Outflow .........         0.000         0.000
  Flooding Loss ............         0.000         0.000
  Evaporation Loss .........         0.000         0.000
  Exfiltration Loss ........         0.000         0.000
  Initial Stored Volume ....         0.000         0.000
  Final Stored Volume ......         0.000         0.000
  Continuity Error (%) .....         0.000
  
  
  ***************************
  Time-Step Critical Elements
  ***************************
  None
  
  
  ********************************
  Highest Flow Instability Indexes
  ********************************
  All links are stable.
  
  
  *********************************
  Most Frequent Nonconverging Nodes
  *********************************
  Convergence obtained at all time steps.
  
  
  *************************
  Routing Time Step Summary
  *************************
  Minimum Time Step           :    29.50 sec
  Average Time Step           :    29.99 sec
  Maximum Time Step           :    30.00 sec
  % of Time in Steady State   :     0.00
  Average Iterations per Step :     2.00
  % of Steps Not Converging   :     0.00
  Time Step Frequencies       :
     30.000 - 13.228 sec      :   100.00 %
     13.228 -  5.833 sec      :     0.00 %
      5.833 -  2.572 sec      :     0.00 %
      2.572 -  1.134 sec      :     0.00 %
      1.134 -  0.500 sec      :     0.00 %
  
  
  ******************
  Node Depth Summary
  ******************
  
  ---------------------------------------------------------------------------------
                                 Average  Maximum  Maximum  Time of Max    Reported
                                   Depth    Depth      HGL   Occurrence   Max Depth
  Node                 Type         Feet     Feet     Feet  days hr:min        Feet
  ---------------------------------------------------------------------------------
  1                    JUNCTION     0.00     0.00    51.00     0  00:00        0.00
  2                    JUNCTION     0.00     0.00    53.80     0  00:00        0.00
  3                    JUNCTION     0.00     0.00    54.00     0  00:00        0.00
  4                    JUNCTION     0.00     0.00    50.00     0  00:00        0.00
  5                    JUNCTION     0.00     0.00    44.00     0  00:00        0.00
  4-1                  JUNCTION     0.00     0.00    63.10     0  00:00        0.00
  4-1-2                JUNCTION     0.00     0.00    64.60     0  00:00        0.00
  4-2                  JUNCTION     0.00     0.00    62.30     0  00:00        0.00
  4-4                  JUNCTION     0.00     0.00    67.00     0  00:00        0.00
  6-1                  JUNCTION     0.00     0.00    65.00     0  00:00        0.00
  6-2                  JUNCTION     0.00     0.00    63.95     0  00:00        0.00
  6-4                  JUNCTION     0.00     0.00    66.80     0  00:00        0.00
  6-5                  JUNCTION     0.00     0.00    67.30     0  00:00        0.00
  6-2-2                JUNCTION     0.00     0.00    67.95     0  00:00        0.00
  6-3                  JUNCTION     0.00     0.00    64.20     0  00:00        0.00
  6-3-1                JUNCTION     0.00     0.00    66.40     0  00:00        0.00
  6                    JUNCTION     0.00     0.00    61.00     0  00:00        0.00
  7-1                  JUNCTION     0.00     0.00    55.37     0  00:00        0.00
  8                    JUNCTION     0.00     0.00    59.40     0  00:00        0.00
  7-2                  JUNCTION     0.00     0.00    58.55     0  00:00        0.00
  6-2-4                JUNCTION     0.00     0.00    68.45     0  00:00        0.00
  6-2-5                JUNCTION     0.00     0.00    69.20     0  00:00        0.00
  6-2-3                JUNCTION     0.00     0.00    68.29     0  00:00        0.00
  9                    JUNCTION     0.00     0.00    59.40     0  00:00        0.00
  10                   JUNCTION     0.00     0.00    59.30     0  00:00        0.00
  11                   JUNCTION     0.00     0.00    70.00     0  00:00        0.00
  12                   JUNCTION     0.00     0.00    68.00     0  00:00        0.00
  11-50                JUNCTION     0.00     0.00    62.60     0  00:00        0.00
  11-51                JUNCTION     0.00     0.00    62.80     0  00:00        0.00
  13-1-4               JUNCTION     0.00     0.00    69.80     0  00:00        0.00
  13-1-3               JUNCTION     0.00     0.00    69.70     0  00:00        0.00
  13-1-2               JUNCTION     0.00     0.00    69.70     0  00:00        0.00
  13                   JUNCTION     0.00     0.00    68.40     0  00:00        0.00
  13-1                 JUNCTION     0.00     0.00    69.20     0  00:00        0.00
  13-1-1               JUNCTION     0.00     0.00    69.40     0  00:00        0.00
  12-3                 JUNCTION     0.00     0.00    64.20     0  00:00        0.00
  14                   JUNCTION     0.00     0.00    71.50     0  00:00        0.00
  15                   JUNCTION     0.00     0.00    70.00     0  00:00        0.00
  13-1-1-1             JUNCTION     0.00     0.00    70.30     0  00:00        0.00
  16                   JUNCTION     0.00     0.00    69.80     0  00:00        0.00
  15-50                JUNCTION     0.00     0.00    65.30     0  00:00        0.00
  15-2                 JUNCTION     0.00     0.00    69.50     0  00:00        0.00
  13-1-1-3             JUNCTION     0.00     0.00    70.00     0  00:00        0.00
  15-3                 JUNCTION     0.00     0.00    68.90     0  00:00        0.00
  11-2                 JUNCTION     0.00     0.00    68.70     0  00:00        0.00
  11-3                 JUNCTION     0.00     0.00    68.90     0  00:00        0.00
  11-4                 JUNCTION     0.00     0.00    70.00     0  00:00        0.00
  13-3                 JUNCTION     0.00     0.00    70.20     0  00:00        0.00
  13-4                 JUNCTION     0.00     0.00    70.80     0  00:00        0.00
  13-5                 JUNCTION     0.00     0.00    70.70     0  00:00        0.00
  13-6                 JUNCTION     0.00     0.00    70.80     0  00:00        0.00
  13-3-1               JUNCTION     0.00     0.00    69.60     0  00:00        0.00
  11-5                 JUNCTION     0.00     0.00    69.20     0  00:00        0.00
  11-7                 JUNCTION     0.00     0.00    68.74     0  00:00        0.00
  11-8                 JUNCTION     0.00     0.00    68.50     0  00:00        0.00
  11-9                 JUNCTION     0.00     0.00    69.00     0  00:00        0.00
  4-1-1                JUNCTION     0.00     0.00    63.80     0  00:00        0.00
  4-3                  JUNCTION     0.00     0.00    62.43     0  00:00        0.00
  7                    JUNCTION     0.00     0.00    61.00     0  00:00        0.00
  11-1                 JUNCTION     0.00     0.00    67.97     0  00:00        0.00
  11-6                 JUNCTION     0.00     0.00    68.83     0  00:00        0.00
  6-2-1                JUNCTION     0.00     0.00    67.55     0  00:00        0.00
  6-6                  JUNCTION     0.00     0.00    67.00     0  00:00        0.00
  12-1                 JUNCTION     0.00     0.00    63.00     0  00:00        0.00
  12-2                 JUNCTION     0.00     0.00    63.90     0  00:00        0.00
  12-4                 JUNCTION     0.00     0.00    64.20     0  00:00        0.00
  14-1                 JUNCTION     0.00     0.00    72.00     0  00:00        0.00
  15-1                 JUNCTION     0.00     0.00    69.70     0  00:00        0.00
  15-4                 JUNCTION     0.00     0.00    68.90     0  00:00        0.00
  13-2                 JUNCTION     0.00     0.00    70.00     0  00:00        0.00
  13-1-1-2             JUNCTION     0.00     0.00    70.30     0  00:00        0.00
  10A                  JUNCTION     0.00     0.00    59.30     0  00:00        0.00
  N203                 OUTFALL      0.00     0.00    51.00     0  00:00        0.00
  
  
  *******************
  Node Inflow Summary
  *******************
  
  -------------------------------------------------------------------------------------------------
                                  Maximum  Maximum                  Lateral       Total        Flow
                                  Lateral    Total  Time of Max      Inflow      Inflow     Balance
                                   Inflow   Inflow   Occurrence      Volume      Volume       Error
  Node                 Type           CFS      CFS  days hr:min    10^6 gal    10^6 gal     Percent
  -------------------------------------------------------------------------------------------------
  1                    JUNCTION      0.00     0.00     0  00:00           0           0       0.000 gal
  2                    JUNCTION      0.00     0.00     0  00:00           0           0       0.000 gal
  3                    JUNCTION      0.00     0.00     0  00:00           0           0       0.000 gal
  4                    JUNCTION      0.00     0.00     0  00:00           0           0       0.000 gal
  5                    JUNCTION      0.00     0.00     0  00:00           0           0       0.000 gal
  4-1                  JUNCTION      0.00     0.00     0  00:00           0           0       0.000 gal
  4-1-2                JUNCTION      0.00     0.00     0  00:00           0           0       0.000 gal
  4-2                  JUNCTION      0.00     0.00     0  00:00           0           0       0.000 gal
  4-4                  JUNCTION      0.00     0.00     0  00:00           0           0       0.000 gal
  6-1                  JUNCTION      0.00     0.00     0  00:00           0           0       0.000 gal
  6-2                  JUNCTION      0.00     0.00     0  00:00           0           0       0.000 gal
  6-4                  JUNCTION      0.00     0.00     0  00:00           0           0       0.000 gal
  6-5                  JUNCTION      0.00     0.00     0  00:00           0           0       0.000 gal
  6-2-2                JUNCTION      0.00     0.00     0  00:00           0           0       0.000 gal
  6-3                  JUNCTION      0.00     0.00     0  00:00           0           0       0.000 gal
  6-3-1                JUNCTION      0.00     0.00     0  00:00           0           0       0.000 gal
  6                    JUNCTION      0.00     0.00     0  00:00           0           0       0.000 gal
  7-1                  JUNCTION      0.00     0.00     0  00:00           0           0       0.000 gal
  8                    JUNCTION      0.00     0.00     0  00:00           0           0       0.000 gal
  7-2                  JUNCTION      0.00     0.00     0  00:00           0           0       0.000 gal
  6-2-4                JUNCTION      0.00     0.00     0  00:00           0           0       0.000 gal
  6-2-5                JUNCTION      0.00     0.00     0  00:00           0           0       0.000 gal
  6-2-3                JUNCTION      0.00     0.00     0  00:00           0           0       0.000 gal
  9                    JUNCTION      0.00     0.00     0  00:00           0           0       0.000 gal
  10                   JUNCTION      0.00     0.00     0  00:00           0           0       0.000 gal
  11                   JUNCTION      0.00     0.00     0  00:00           0           0       0.000 gal
  12                   JUNCTION      0.00     0.00     0  00:00           0           0       0.000 gal
  11-50                JUNCTION      0.00     0.00     0  00:00           0           0       0.000 gal
  11-51                JUNCTION      0.00     0.00     0  00:00           0           0       0.000 gal
  13-1-4               JUNCTION      0.00     0.00     0  00:00           0           0       0.000 gal
  13-1-3               JUNCTION      0.00     0.00     0  00:00           0           0       0.000 gal
  13-1-2               JUNCTION      0.00     0.00     0  00:00           0           0       0.000 gal
  13                   JUNCTION      0.00     0.00     0  00:00           0           0       0.000 gal
  13-1                 JUNCTION      0.00     0.00     0  00:00           0           0       0.000 gal
  13-1-1               JUNCTION      0.00     0.00     0  00:00           0           0       0.000 gal
  12-3                 JUNCTION      0.00     0.00     0  00:00           0           0       0.000 gal
  14                   JUNCTION      0.00     0.00     0  00:00           0           0       0.000 gal
  15                   JUNCTION      0.00     0.00     0  00:00           0           0       0.000 gal
  13-1-1-1             JUNCTION      0.00     0.00     0  00:00           0           0       0.000 gal
  16                   JUNCTION      0.00     0.00     0  00:00           0           0       0.000 gal
  15-50                JUNCTION      0.00     0.00     0  00:00           0           0       0.000 gal
  15-2                 JUNCTION      0.00     0.00     0  00:00           0           0       0.000 gal
  13-1-1-3             JUNCTION      0.00     0.00     0  00:00           0           0       0.000 gal
  15-3                 JUNCTION      0.00     0.00     0  00:00           0           0       0.000 gal
  11-2                 JUNCTION      0.00     0.00     0  00:00           0           0       0.000 gal
  11-3                 JUNCTION      0.00     0.00     0  00:00           0           0       0.000 gal
  11-4                 JUNCTION      0.00     0.00     0  00:00           0           0       0.000 gal
  13-3                 JUNCTION      0.00     0.00     0  00:00           0           0       0.000 gal
  13-4                 JUNCTION      0.00     0.00     0  00:00           0           0       0.000 gal
  13-5                 JUNCTION      0.00     0.00     0  00:00           0           0       0.000 gal
  13-6                 JUNCTION      0.00     0.00     0  00:00           0           0       0.000 gal
  13-3-1               JUNCTION      0.00     0.00     0  00:00           0           0       0.000 gal
  11-5                 JUNCTION      0.00     0.00     0  00:00           0           0       0.000 gal
  11-7                 JUNCTION      0.00     0.00     0  00:00           0           0       0.000 gal
  11-8                 JUNCTION      0.00     0.00     0  00:00           0           0       0.000 gal
  11-9                 JUNCTION      0.00     0.00     0  00:00           0           0       0.000 gal
  4-1-1                JUNCTION      0.00     0.00     0  00:00           0           0       0.000 gal
  4-3                  JUNCTION      0.00     0.00     0  00:00           0           0       0.000 gal
  7                    JUNCTION      0.00     0.00     0  00:00           0           0       0.000 gal
  11-1                 JUNCTION      0.00     0.00     0  00:00           0           0       0.000 gal
  11-6                 JUNCTION      0.00     0.00     0  00:00           0           0       0.000 gal
  6-2-1                JUNCTION      0.00     0.00     0  00:00           0           0       0.000 gal
  6-6                  JUNCTION      0.00     0.00     0  00:00           0           0       0.000 gal
  12-1                 JUNCTION      0.00     0.00     0  00:00           0           0       0.000 gal
  12-2                 JUNCTION      0.00     0.00     0  00:00           0           0       0.000 gal
  12-4                 JUNCTION      0.00     0.00     0  00:00           0           0       0.000 gal
  14-1                 JUNCTION      0.00     0.00     0  00:00           0           0       0.000 gal
  15-1                 JUNCTION      0.00     0.00     0  00:00           0           0       0.000 gal
  15-4                 JUNCTION      0.00     0.00     0  00:00           0           0       0.000 gal
  13-2                 JUNCTION      0.00     0.00     0  00:00           0           0       0.000 gal
  13-1-1-2             JUNCTION      0.00     0.00     0  00:00           0           0       0.000 gal
  10A                  JUNCTION      0.00     0.00     0  00:00           0           0       0.000 gal
  N203                 OUTFALL       0.00     0.00     0  00:00           0           0       0.000 gal
  
  
  **********************
  Node Surcharge Summary
  **********************
  
  No nodes were surcharged.
  
  
  *********************
  Node Flooding Summary
  *********************
  
  No nodes were flooded.
  
  
  ***********************
  Outfall Loading Summary
  ***********************
  
  -----------------------------------------------------------
                         Flow       Avg       Max       Total
                         Freq      Flow      Flow      Volume
  Outfall Node           Pcnt       CFS       CFS    10^6 gal
  -----------------------------------------------------------
  N203                   0.00      0.00      0.00       0.000
  -----------------------------------------------------------
  System                 0.00      0.00      0.00       0.000
  
  
  ********************
  Link Flow Summary
  ********************
  
  -----------------------------------------------------------------------------
                                 Maximum  Time of Max   Maximum    Max/    Max/
                                  |Flow|   Occurrence   |Veloc|    Full    Full
  Link                 Type          CFS  days hr:min    ft/sec    Flow   Depth
  -----------------------------------------------------------------------------
  1to0                 CONDUIT      0.00     0  00:00      0.00    0.00    0.00
  2to1                 CONDUIT      0.00     0  00:00      0.00    0.00    0.00
  4to3                 CONDUIT      0.00     0  00:00      0.00    0.00    0.00
  3to2                 CONDUIT      0.00     0  00:00      0.00    0.00    0.00
  5to4                 CONDUIT      0.00     0  00:00      0.00    0.00    0.00
  41to4                CONDUIT      0.00     0  00:00      0.00    0.00    0.00
  44to43p              CONDUIT      0.00     0  00:00      0.00    0.00    0.00
  42to41p              CONDUIT      0.00     0  00:00      0.00    0.00    0.00
  622to621p            CONDUIT      0.00     0  00:00      0.00    0.00    0.00
  62to61p              CONDUIT      0.00     0  00:00      0.00    0.00    0.00
  65to64p              CONDUIT      0.00     0  00:00      0.00    0.00    0.00
  64to63p              CONDUIT      0.00     0  00:00      0.00    0.00    0.00
  63to62p              CONDUIT      0.00     0  00:00      0.00    0.00    0.00
  631to63p             CONDUIT      0.00     0  00:00      0.00    0.00    0.00
  61to6p               CONDUIT      0.00     0  00:00      0.00    0.00    0.00
  71to7p               CONDUIT      0.00     0  00:00      0.00    0.00    0.00
  8to7                 CONDUIT      0.00     0  00:00      0.00    0.00    0.00
  6to5                 CONDUIT      0.00     0  00:00      0.00    0.00    0.00
  72to71p              CONDUIT      0.00     0  00:00      0.00    0.00    0.00
  625to624p            CONDUIT      0.00     0  00:00      0.00    0.00    0.00
  624to623p            CONDUIT      0.00     0  00:00      0.00    0.00    0.00
  623to622p            CONDUIT      0.00     0  00:00      0.00    0.00    0.00
  bob1                 CONDUIT      0.00     0  00:00      0.00    0.00    0.00
  1151t1150p           CONDUIT      0.00     0  00:00      0.00    0.00    0.00
  1150to11p            CONDUIT      0.00     0  00:00      0.00    0.00    0.00
  10to9                CONDUIT      0.00     0  00:00      0.00    0.00    0.00
  9to8                 CONDUIT      0.00     0  00:00      0.00    0.00    0.00
  1314t1313p           CONDUIT      0.00     0  00:00      0.00    0.00    0.00
  1313t1312p           CONDUIT      0.00     0  00:00      0.00    0.00    0.00
  13to12p              CONDUIT      0.00     0  00:00      0.00    0.00    0.00
  1312t1311p           CONDUIT      0.00     0  00:00      0.00    0.00    0.00
  1311to131p           CONDUIT      0.00     0  00:00      0.00    0.00    0.00
  131to13p             CONDUIT      0.00     0  00:00      0.00    0.00    0.00
  15to14p              CONDUIT      0.00     0  00:00      0.00    0.00    0.00
  14to13p              CONDUIT      0.00     0  00:00      0.00    0.00    0.00
  13111t1311           CONDUIT      0.00     0  00:00      0.00    0.00    0.00
  16to15p              CONDUIT      0.00     0  00:00      0.00    0.00    0.00
  1550to15p            CONDUIT      0.00     0  00:00      0.00    0.00    0.00
  153to152p            CONDUIT      0.00     0  00:00      0.00    0.00    0.00
  133to132p            CONDUIT      0.00     0  00:00      0.00    0.00    0.00
  114to113p            CONDUIT      0.00     0  00:00      0.00    0.00    0.00
  113to112p            CONDUIT      0.00     0  00:00      0.00    0.00    0.00
  111to11p             CONDUIT      0.00     0  00:00      0.00    0.00    0.00
  136to135p            CONDUIT      0.00     0  00:00      0.00    0.00    0.00
  135to134p            CONDUIT      0.00     0  00:00      0.00    0.00    0.00
  1331t133p            CONDUIT      0.00     0  00:00      0.00    0.00    0.00
  119to118p            CONDUIT      0.00     0  00:00      0.00    0.00    0.00
  118to117p            CONDUIT      0.00     0  00:00      0.00    0.00    0.00
  116to115p            CONDUIT      0.00     0  00:00      0.00    0.00    0.00
  115to114p            CONDUIT      0.00     0  00:00      0.00    0.00    0.00
  412to411p            CONDUIT      0.00     0  00:00      0.00    0.00    0.00
  411to41p             CONDUIT      0.00     0  00:00      0.00    0.00    0.00
  43to42p              CONDUIT      0.00     0  00:00      0.00    0.00    0.00
  7to6p                CONDUIT      0.00     0  00:00      0.00    0.00    0.00
  112to111p            CONDUIT      0.00     0  00:00      0.00    0.00    0.00
  117to116p            CONDUIT      0.00     0  00:00      0.00    0.00    0.00
  621to62p             CONDUIT      0.00     0  00:00      0.00    0.00    0.00
  66to65p              CONDUIT      0.00     0  00:00      0.00    0.00    0.00
  124to123p            CONDUIT      0.00     0  00:00      0.00    0.00    0.00
  123to122p            CONDUIT      0.00     0  00:00      0.00    0.00    0.00
  122to121p            CONDUIT      0.00     0  00:00      0.00    0.00    0.00
  121to12p             CONDUIT      0.00     0  00:00      0.00    0.00    0.00
  141to14p             CONDUIT      0.00     0  00:00      0.00    0.00    0.00
  152to151p            CONDUIT      0.00     0  00:00      0.00    0.00    0.00
  151to15p             CONDUIT      0.00     0  00:00      0.00    0.00    0.00
  154to153p            CONDUIT      0.00     0  00:00      0.00    0.00    0.00
  132to131p            CONDUIT      0.00     0  00:00      0.00    0.00    0.00
  134to133p            CONDUIT      0.00     0  00:00      0.00    0.00    0.00
  13113t112p           CONDUIT      0.00     0  00:00      0.00    0.00    0.00
  13112to11p           CONDUIT      0.00     0  00:00      0.00    0.00    0.00
  11to10ap             CONDUIT      0.00     0  00:00      0.00    0.00    0.00
  10ato10p             CONDUIT      0.00     0  00:00      0.00    0.00    0.00
  
  
  ***************************
  Flow Classification Summary
  ***************************
  
  -------------------------------------------------------------------------------------
                      Adjusted    ---------- Fraction of Time in Flow Class ---------- 
                       /Actual         Up    Down  Sub   Sup   Up    Down  Norm  Inlet 
  Conduit               Length    Dry  Dry   Dry   Crit  Crit  Crit  Crit  Ltd   Ctrl  
  -------------------------------------------------------------------------------------
  1to0                    1.00   1.00  0.00  0.00  0.00  0.00  0.00  0.00  0.00  0.00
  2to1                    1.00   1.00  0.00  0.00  0.00  0.00  0.00  0.00  0.00  0.00
  4to3                    1.00   1.00  0.00  0.00  0.00  0.00  0.00  0.00  0.00  0.00
  3to2                    1.00   1.00  0.00  0.00  0.00  0.00  0.00  0.00  0.00  0.00
  5to4                    1.00   1.00  0.00  0.00  0.00  0.00  0.00  0.00  0.00  0.00
  41to4                   1.00   1.00  0.00  0.00  0.00  0.00  0.00  0.00  0.00  0.00
  44to43p                 1.00   1.00  0.00  0.00  0.00  0.00  0.00  0.00  0.00  0.00
  42to41p                 1.00   1.00  0.00  0.00  0.00  0.00  0.00  0.00  0.00  0.00
  622to621p               1.00   1.00  0.00  0.00  0.00  0.00  0.00  0.00  0.00  0.00
  62to61p                 1.00   1.00  0.00  0.00  0.00  0.00  0.00  0.00  0.00  0.00
  65to64p                 1.00   1.00  0.00  0.00  0.00  0.00  0.00  0.00  0.00  0.00
  64to63p                 1.00   1.00  0.00  0.00  0.00  0.00  0.00  0.00  0.00  0.00
  63to62p                 1.00   1.00  0.00  0.00  0.00  0.00  0.00  0.00  0.00  0.00
  631to63p                1.00   1.00  0.00  0.00  0.00  0.00  0.00  0.00  0.00  0.00
  61to6p                  1.00   1.00  0.00  0.00  0.00  0.00  0.00  0.00  0.00  0.00
  71to7p                  1.00   1.00  0.00  0.00  0.00  0.00  0.00  0.00  0.00  0.00
  8to7                    1.00   1.00  0.00  0.00  0.00  0.00  0.00  0.00  0.00  0.00
  6to5                    1.00   1.00  0.00  0.00  0.00  0.00  0.00  0.00  0.00  0.00
  72to71p                 1.00   1.00  0.00  0.00  0.00  0.00  0.00  0.00  0.00  0.00
  625to624p               1.00   1.00  0.00  0.00  0.00  0.00  0.00  0.00  0.00  0.00
  624to623p               1.00   1.00  0.00  0.00  0.00  0.00  0.00  0.00  0.00  0.00
  623to622p               1.00   1.00  0.00  0.00  0.00  0.00  0.00  0.00  0.00  0.00
  bob1                    1.00   1.00  0.00  0.00  0.00  0.00  0.00  0.00  0.00  0.00
  1151t1150p              1.00   1.00  0.00  0.00  0.00  0.00  0.00  0.00  0.00  0.00
  1150to11p               1.00   1.00  0.00  0.00  0.00  0.00  0.00  0.00  0.00  0.00
  10to9                   1.00   1.00  0.00  0.00  0.00  0.00  0.00  0.00  0.00  0.00
  9to8                    1.00   1.00  0.00  0.00  0.00  0.00  0.00  0.00  0.00  0.00
  1314t1313p              1.00   1.00  0.00  0.00  0.00  0.00  0.00  0.00  0.00  0.00
  1313t1312p              1.00   1.00  0.00  0.00  0.00  0.00  0.00  0.00  0.00  0.00
  13to12p                 1.00   1.00  0.00  0.00  0.00  0.00  0.00  0.00  0.00  0.00
  1312t1311p              1.00   1.00  0.00  0.00  0.00  0.00  0.00  0.00  0.00  0.00
  1311to131p              1.00   1.00  0.00  0.00  0.00  0.00  0.00  0.00  0.00  0.00
  131to13p                1.00   1.00  0.00  0.00  0.00  0.00  0.00  0.00  0.00  0.00
  15to14p                 1.00   1.00  0.00  0.00  0.00  0.00  0.00  0.00  0.00  0.00
  14to13p                 1.00   1.00  0.00  0.00  0.00  0.00  0.00  0.00  0.00  0.00
  13111t1311              1.00   1.00  0.00  0.00  0.00  0.00  0.00  0.00  0.00  0.00
  16to15p                 1.00   1.00  0.00  0.00  0.00  0.00  0.00  0.00  0.00  0.00
  1550to15p               1.00   1.00  0.00  0.00  0.00  0.00  0.00  0.00  0.00  0.00
  153to152p               1.00   1.00  0.00  0.00  0.00  0.00  0.00  0.00  0.00  0.00
  133to132p               1.00   1.00  0.00  0.00  0.00  0.00  0.00  0.00  0.00  0.00
  114to113p               1.00   1.00  0.00  0.00  0.00  0.00  0.00  0.00  0.00  0.00
  113to112p               1.00   1.00  0.00  0.00  0.00  0.00  0.00  0.00  0.00  0.00
  111to11p                1.00   1.00  0.00  0.00  0.00  0.00  0.00  0.00  0.00  0.00
  136to135p               1.00   1.00  0.00  0.00  0.00  0.00  0.00  0.00  0.00  0.00
  135to134p               1.00   1.00  0.00  0.00  0.00  0.00  0.00  0.00  0.00  0.00
  1331t133p               1.00   1.00  0.00  0.00  0.00  0.00  0.00  0.00  0.00  0.00
  119to118p               1.00   1.00  0.00  0.00  0.00  0.00  0.00  0.00  0.00  0.00
  118to117p               1.00   1.00  0.00  0.00  0.00  0.00  0.00  0.00  0.00  0.00
  116to115p               1.00   1.00  0.00  0.00  0.00  0.00  0.00  0.00  0.00  0.00
  115to114p               1.00   1.00  0.00  0.00  0.00  0.00  0.00  0.00  0.00  0.00
  412to411p               1.00   1.00  0.00  0.00  0.00  0.00  0.00  0.00  0.00  0.00
  411to41p                1.00   1.00  0.00  0.00  0.00  0.00  0.00  0.00  0.00  0.00
  43to42p                 1.00   1.00  0.00  0.00  0.00  0.00  0.00  0.00  0.00  0.00
  7to6p                   1.00   1.00  0.00  0.00  0.00  0.00  0.00  0.00  0.00  0.00
  112to111p               1.00   1.00  0.00  0.00  0.00  0.00  0.00  0.00  0.00  0.00
  117to116p               1.00   1.00  0.00  0.00  0.00  0.00  0.00  0.00  0.00  0.00
  621to62p                1.00   1.00  0.00  0.00  0.00  0.00  0.00  0.00  0.00  0.00
  66to65p                 1.00   1.00  0.00  0.00  0.00  0.00  0.00  0.00  0.00  0.00
  124to123p               1.00   1.00  0.00  0.00  0.00  0.00  0.00  0.00  0.00  0.00
  123to122p               1.00   1.00  0.00  0.00  0.00  0.00  0.00  0.00  0.00  0.00
  122to121p               1.00   1.00  0.00  0.00  0.00  0.00  0.00  0.00  0.00  0.00
  121to12p                1.00   1.00  0.00  0.00  0.00  0.00  0.00  0.00  0.00  0.00
  141to14p                1.00   1.00  0.00  0.00  0.00  0.00  0.00  0.00  0.00  0.00
  152to151p               1.00   1.00  0.00  0.00  0.00  0.00  0.00  0.00  0.00  0.00
  151to15p                1.00   1.00  0.00  0.00  0.00  0.00  0.00  0.00  0.00  0.00
  154to153p               1.00   1.00  0.00  0.00  0.00  0.00  0.00  0.00  0.00  0.00
  132to131p               1.00   1.00  0.00  0.00  0.00  0.00  0.00  0.00  0.00  0.00
  134to133p               1.00   1.00  0.00  0.00  0.00  0.00  0.00  0.00  0.00  0.00
  13113t112p              1.00   1.00  0.00  0.00  0.00  0.00  0.00  0.00  0.00  0.00
  13112to11p              1.00   1.00  0.00  0.00  0.00  0.00  0.00  0.00  0.00  0.00
  11to10ap                1.00   1.00  0.00  0.00  0.00  0.00  0.00  0.00  0.00  0.00
  10ato10p                1.00   1.00  0.00  0.00  0.00  0.00  0.00  0.00  0.00  0.00
  
  
  *************************
  Conduit Surcharge Summary
  *************************
  
  No conduits were surcharged.
  

  Analysis begun on:  Sun Jul 19 15:22:19 2026
  Analysis ended on:  Sun Jul 19 15:22:19 2026
  Total elapsed time: < 1 sec