
  EPA STORM WATER MANAGEMENT MODEL - VERSION 5.2 (Build 5.2.4)
  ------------------------------------------------------------

  Southwood SMP 
  WARNING 08: elevation drop exceeds length for Conduit 48GW
  WARNING 08: elevation drop exceeds length for Conduit SB130pipe
  WARNING 08: elevation drop exceeds length for Conduit SB131pipe
  WARNING 08: elevation drop exceeds length for Conduit 49GW
  WARNING 08: elevation drop exceeds length for Conduit SB128pipe
  WARNING 08: elevation drop exceeds length for Conduit SB127pipe
  WARNING 08: elevation drop exceeds length for Conduit SB124pipe
  WARNING 08: elevation drop exceeds length for Conduit SB121pipe
  WARNING 08: elevation drop exceeds length for Conduit SB120pipe
  WARNING 08: elevation drop exceeds length for Conduit SB122pipe
  WARNING 08: elevation drop exceeds length for Conduit 46GW
  WARNING 08: elevation drop exceeds length for Conduit SB126pipe
  WARNING 08: elevation drop exceeds length for Conduit SB125pipe
  WARNING 08: elevation drop exceeds length for Conduit SB114pipe
  WARNING 08: elevation drop exceeds length for Conduit SB113pipe
  WARNING 08: elevation drop exceeds length for Conduit SB112pipe
  WARNING 08: elevation drop exceeds length for Conduit 45GW
  WARNING 08: elevation drop exceeds length for Conduit SB123pipe
  WARNING 08: elevation drop exceeds length for Conduit SB111pipe
  WARNING 08: elevation drop exceeds length for Conduit SB110pipe
  WARNING 08: elevation drop exceeds length for Conduit SB115pipe
  WARNING 08: elevation drop exceeds length for Conduit 44GW
  WARNING 08: elevation drop exceeds length for Conduit SB010pipe
  WARNING 08: elevation drop exceeds length for Conduit SB210pipe
  WARNING 08: elevation drop exceeds length for Conduit 43GW
  WARNING 08: elevation drop exceeds length for Conduit SB250pipe
  WARNING 08: elevation drop exceeds length for Conduit SB240pipe
  WARNING 08: elevation drop exceeds length for Conduit SB242pipe
  WARNING 08: elevation drop exceeds length for Conduit SB241pipe
  WARNING 08: elevation drop exceeds length for Conduit SB231pipe
  WARNING 08: elevation drop exceeds length for Conduit SB230pipe
  WARNING 08: elevation drop exceeds length for Conduit SB220pipe
  WARNING 08: elevation drop exceeds length for Conduit SB141pipe
  WARNING 08: elevation drop exceeds length for Conduit SB140pipe
  WARNING 08: elevation drop exceeds length for Conduit 41GW
  WARNING 08: elevation drop exceeds length for Conduit SB166pipe
  WARNING 08: elevation drop exceeds length for Conduit SB164pipe
  WARNING 08: elevation drop exceeds length for Conduit SB163pipe
  WARNING 08: elevation drop exceeds length for Conduit 42GW
  WARNING 08: elevation drop exceeds length for Conduit SB160pipe
  
  ****************
  Analysis Options
  ****************
  Flow Units ............... CFS
  Process Models:
    Rainfall/Runoff ........ NO
    RDII ................... NO
    Snowmelt ............... NO
    Groundwater ............ NO
    Flow Routing ........... YES
    Ponding Allowed ........ NO
    Water Quality .......... NO
  Flow Routing Method ...... DYNWAVE
  Surcharge Method ......... EXTRAN
  Starting Date ............ 01/01/2001 00:00:00
  Ending Date .............. 01/02/2001 00:00:00
  Antecedent Dry Days ...... 0.0
  Report Time Step ......... 00:15:00
  Routing Time Step ........ 10.00 sec
  Variable Time Step ....... YES
  Maximum Trials ........... 50
  Number of Threads ........ 1
  Head Tolerance ........... 0.003300 ft
  
  
  **************************        Volume        Volume
  Flow Routing Continuity        acre-feet      10^6 gal
  **************************     ---------     ---------
  Dry Weather Inflow .......         0.000         0.000
  Wet Weather Inflow .......         0.000         0.000
  Groundwater Inflow .......         0.000         0.000
  RDII Inflow ..............         0.000         0.000
  External Inflow ..........         0.000         0.000
  External Outflow .........         0.000         0.000
  Flooding Loss ............         0.000         0.000
  Evaporation Loss .........         0.000         0.000
  Exfiltration Loss ........         0.000         0.000
  Initial Stored Volume ....         0.075         0.024
  Final Stored Volume ......         0.075         0.024
  Continuity Error (%) .....         0.000
  
  
  ***************************
  Time-Step Critical Elements
  ***************************
  None
  
  
  ********************************
  Highest Flow Instability Indexes
  ********************************
  All links are stable.
  
  
  *********************************
  Most Frequent Nonconverging Nodes
  *********************************
  Convergence obtained at all time steps.
  
  
  *************************
  Routing Time Step Summary
  *************************
  Minimum Time Step           :     9.50 sec
  Average Time Step           :    10.00 sec
  Maximum Time Step           :    10.00 sec
  % of Time in Steady State   :     0.00
  Average Iterations per Step :     2.00
  % of Steps Not Converging   :     0.00
  Time Step Frequencies       :
     10.000 -  5.493 sec      :   100.00 %
      5.493 -  3.017 sec      :     0.00 %
      3.017 -  1.657 sec      :     0.00 %
      1.657 -  0.910 sec      :     0.00 %
      0.910 -  0.500 sec      :     0.00 %
  
  
  ******************
  Node Depth Summary
  ******************
  
  ---------------------------------------------------------------------------------
                                 Average  Maximum  Maximum  Time of Max    Reported
                                   Depth    Depth      HGL   Occurrence   Max Depth
  Node                 Type         Feet     Feet     Feet  days hr:min        Feet
  ---------------------------------------------------------------------------------
  FL010                JUNCTION     0.00     0.00    54.20     0  00:00        0.00
  SB050                JUNCTION     0.00     0.00    50.10     0  00:00        0.00
  SB020A               JUNCTION     0.00     0.00    43.60     0  00:00        0.00
  SB010C               JUNCTION     0.00     0.00    40.20     0  00:00        0.00
  SB010A               JUNCTION     0.00     0.00    40.00     0  00:00        0.00
  SB040B               JUNCTION     0.00     0.00    48.50     0  00:00        0.00
  SB040C               JUNCTION     0.00     0.00    50.00     0  00:00        0.00
  SB040D               JUNCTION     0.00     0.00    50.00     0  00:00        0.00
  SB125A               JUNCTION     0.00     0.00    48.30     0  00:00        0.00
  SB8GW                JUNCTION     0.00     0.00   150.00     0  00:00        0.00
  SB8GWout             JUNCTION     0.00     0.00     3.00     0  00:00        0.00
  SB9GW                JUNCTION     0.00     0.00   150.00     0  00:00        0.00
  SB9GWout             JUNCTION     0.00     0.00     3.00     0  00:00        0.00
  SB6GW                JUNCTION     0.00     0.00   150.00     0  00:00        0.00
  SB6GWout             JUNCTION     0.00     0.00     3.00     0  00:00        0.00
  SB5GW                JUNCTION     0.00     0.00   150.00     0  00:00        0.00
  SB5GWout             JUNCTION     0.00     0.00     3.00     0  00:00        0.00
  SB4GW                JUNCTION     0.00     0.00   150.00     0  00:00        0.00
  SB4GWout             JUNCTION     0.00     0.00     3.00     0  00:00        0.00
  SB3GW                JUNCTION     0.00     0.00   150.00     0  00:00        0.00
  SB3GWout             JUNCTION     0.00     0.00     3.00     0  00:00        0.00
  SB040                JUNCTION     0.00     0.00    45.70     0  00:00        0.00
  SB112A               JUNCTION     0.00     0.00    49.00     0  00:00        0.00
  SBBOX                JUNCTION     0.00     0.00    45.00     0  00:00        0.00
  SBOUT                JUNCTION     0.00     0.00    38.00     0  00:00        0.00
  SB160B               JUNCTION     0.00     0.00    59.00     0  00:00        0.00
  SB160A               JUNCTION     0.00     0.00    52.00     0  00:00        0.00
  SB060A               JUNCTION     0.00     0.00    54.50     0  00:00        0.00
  SB1GW                JUNCTION     0.00     0.00   150.00     0  00:00        0.00
  SB1GWout             JUNCTION     0.00     0.00     3.00     0  00:00        0.00
  SB2GW                JUNCTION     0.00     0.00   150.00     0  00:00        0.00
  SB2GWout             JUNCTION     0.00     0.00     3.00     0  00:00        0.00
  4010Bsouth           JUNCTION     0.00     0.00    31.79     0  00:00        0.00
  4010Broad            JUNCTION     0.00     0.00    32.29     0  00:00        0.00
  4040Apipe2           JUNCTION     0.00     0.00    36.15     0  00:00        0.00
  4040Achan            JUNCTION     0.00     0.00    37.57     0  00:00        0.00
  FLBOX2               JUNCTION     0.00     0.00    33.15     0  00:00        0.00
  SB040A               OUTFALL      0.00     0.00    48.00     0  00:00        0.00
  SB010                STORAGE      3.25     3.25    41.45     0  00:00        3.25
  SB020                STORAGE      0.00     0.00    42.00     0  00:00        0.00
  SB030                STORAGE      0.00     0.00    45.00     0  00:00        0.00
  SB113                STORAGE      0.00     0.00    48.00     0  00:00        0.00
  SB112                STORAGE      0.00     0.00    50.00     0  00:00        0.00
  SB111                STORAGE      0.00     0.00    36.00     0  00:00        0.00
  SB110                STORAGE      0.00     0.00    40.00     0  00:00        0.00
  SB115                STORAGE      0.00     0.00    43.00     0  00:00        0.00
  SB120                STORAGE      0.00     0.00    44.00     0  00:00        0.00
  SB122                STORAGE      0.00     0.00    42.00     0  00:00        0.00
  SB121                STORAGE      0.00     0.00    36.00     0  00:00        0.00
  SB123                STORAGE      0.00     0.00    38.00     0  00:00        0.00
  SB125                STORAGE      0.00     0.00    48.00     0  00:00        0.00
  SB126                STORAGE      0.00     0.00    52.00     0  00:00        0.00
  SB127                STORAGE      0.00     0.00    54.00     0  00:00        0.00
  SB128                STORAGE      0.00     0.00    54.00     0  00:00        0.00
  SB124                STORAGE      0.00     0.00    44.00     0  00:00        0.00
  SB230                STORAGE      0.00     0.00    48.00     0  00:00        0.00
  SB220                STORAGE      0.00     0.00    42.00     0  00:00        0.00
  SB231                STORAGE      0.00     0.00    52.00     0  00:00        0.00
  SB241                STORAGE      0.00     0.00    60.00     0  00:00        0.00
  SB240                STORAGE      0.00     0.00    57.90     0  00:00        0.00
  SB242                STORAGE      0.00     0.00    60.00     0  00:00        0.00
  SB250                STORAGE      0.00     0.00    64.00     0  00:00        0.00
  SB140                STORAGE      0.00     0.00    48.00     0  00:00        0.00
  SB141                STORAGE      0.00     0.00    58.00     0  00:00        0.00
  SB132                STORAGE      0.00     0.00    68.00     0  00:00        0.00
  SB131                STORAGE      0.00     0.00    42.00     0  00:00        0.00
  SB130                STORAGE      0.00     0.00    54.00     0  00:00        0.00
  SB020B               STORAGE      0.00     0.00    48.00     0  00:00        0.00
  SB010B               STORAGE      0.00     0.00    40.20     0  00:00        0.00
  SB210                STORAGE      0.00     0.00    48.00     0  00:00        0.00
  SB114                STORAGE      0.00     0.00    45.50     0  00:00        0.00
  SB060                STORAGE      0.00     0.00    51.00     0  00:00        0.00
  SB162                STORAGE      0.00     0.00    69.30     0  00:00        0.00
  SB160                STORAGE      0.00     0.00    50.50     0  00:00        0.00
  SB163                STORAGE      0.00     0.00   112.30     0  00:00        0.00
  SB164                STORAGE      0.00     0.00   118.50     0  00:00        0.00
  SB165                STORAGE      0.00     0.00    80.00     0  00:00        0.00
  SB166                STORAGE      0.00     0.00   117.60     0  00:00        0.00
  SB161                STORAGE      0.00     0.00    70.70     0  00:00        0.00
  
  
  *******************
  Node Inflow Summary
  *******************
  
  -------------------------------------------------------------------------------------------------
                                  Maximum  Maximum                  Lateral       Total        Flow
                                  Lateral    Total  Time of Max      Inflow      Inflow     Balance
                                   Inflow   Inflow   Occurrence      Volume      Volume       Error
  Node                 Type           CFS      CFS  days hr:min    10^6 gal    10^6 gal     Percent
  -------------------------------------------------------------------------------------------------
  FL010                JUNCTION      0.00     0.00     0  00:00           0           0       0.000 gal
  SB050                JUNCTION      0.00     0.00     0  00:00           0           0       0.000 gal
  SB020A               JUNCTION      0.00     0.00     0  00:00           0           0       0.000 gal
  SB010C               JUNCTION      0.00     0.00     0  00:00           0           0       0.000 gal
  SB010A               JUNCTION      0.00     0.00     0  00:00           0           0       0.000 gal
  SB040B               JUNCTION      0.00     0.00     0  00:00           0           0       0.000 gal
  SB040C               JUNCTION      0.00     0.00     0  00:00           0           0       0.000 gal
  SB040D               JUNCTION      0.00     0.00     0  00:00           0           0       0.000 gal
  SB125A               JUNCTION      0.00     0.00     0  00:00           0           0       0.000 gal
  SB8GW                JUNCTION      0.00     0.00     0  00:00           0           0       0.000 gal
  SB8GWout             JUNCTION      0.00     0.00     0  00:00           0           0       0.000 gal
  SB9GW                JUNCTION      0.00     0.00     0  00:00           0           0       0.000 gal
  SB9GWout             JUNCTION      0.00     0.00     0  00:00           0           0       0.000 gal
  SB6GW                JUNCTION      0.00     0.00     0  00:00           0           0       0.000 gal
  SB6GWout             JUNCTION      0.00     0.00     0  00:00           0           0       0.000 gal
  SB5GW                JUNCTION      0.00     0.00     0  00:00           0           0       0.000 gal
  SB5GWout             JUNCTION      0.00     0.00     0  00:00           0           0       0.000 gal
  SB4GW                JUNCTION      0.00     0.00     0  00:00           0           0       0.000 gal
  SB4GWout             JUNCTION      0.00     0.00     0  00:00           0           0       0.000 gal
  SB3GW                JUNCTION      0.00     0.00     0  00:00           0           0       0.000 gal
  SB3GWout             JUNCTION      0.00     0.00     0  00:00           0           0       0.000 gal
  SB040                JUNCTION      0.00     0.00     0  00:00           0           0       0.000 gal
  SB112A               JUNCTION      0.00     0.00     0  00:00           0           0       0.000 gal
  SBBOX                JUNCTION      0.00     0.00     0  00:00           0           0       0.000 gal
  SBOUT                JUNCTION      0.00     0.00     0  00:00           0           0       0.000 gal
  SB160B               JUNCTION      0.00     0.00     0  00:00           0           0       0.000 gal
  SB160A               JUNCTION      0.00     0.00     0  00:00           0           0       0.000 gal
  SB060A               JUNCTION      0.00     0.00     0  00:00           0           0       0.000 gal
  SB1GW                JUNCTION      0.00     0.00     0  00:00           0           0       0.000 gal
  SB1GWout             JUNCTION      0.00     0.00     0  00:00           0           0       0.000 gal
  SB2GW                JUNCTION      0.00     0.00     0  00:00           0           0       0.000 gal
  SB2GWout             JUNCTION      0.00     0.00     0  00:00           0           0       0.000 gal
  4010Bsouth           JUNCTION      0.00     0.00     0  00:00           0           0       0.000 gal
  4010Broad            JUNCTION      0.00     0.00     0  00:00           0           0       0.000 gal
  4040Apipe2           JUNCTION      0.00     0.00     0  00:00           0           0       0.000 gal
  4040Achan            JUNCTION      0.00     0.00     0  00:00           0           0       0.000 gal
  FLBOX2               JUNCTION      0.00     0.00     0  00:00           0           0       0.000 gal
  SB040A               OUTFALL       0.00     0.00     0  00:00           0           0       0.000 gal
  SB010                STORAGE       0.00     0.00     0  00:00           0      0.0243       0.000
  SB020                STORAGE       0.00     0.00     0  00:00           0           0       0.000 gal
  SB030                STORAGE       0.00     0.00     0  00:00           0           0       0.000 gal
  SB113                STORAGE       0.00     0.00     0  00:00           0           0       0.000 gal
  SB112                STORAGE       0.00     0.00     0  00:00           0           0       0.000 gal
  SB111                STORAGE       0.00     0.00     0  00:00           0           0       0.000 gal
  SB110                STORAGE       0.00     0.00     0  00:00           0           0       0.000 gal
  SB115                STORAGE       0.00     0.00     0  00:00           0           0       0.000 gal
  SB120                STORAGE       0.00     0.00     0  00:00           0           0       0.000 gal
  SB122                STORAGE       0.00     0.00     0  00:00           0           0       0.000 gal
  SB121                STORAGE       0.00     0.00     0  00:00           0           0       0.000 gal
  SB123                STORAGE       0.00     0.00     0  00:00           0           0       0.000 gal
  SB125                STORAGE       0.00     0.00     0  00:00           0           0       0.000 gal
  SB126                STORAGE       0.00     0.00     0  00:00           0           0       0.000 gal
  SB127                STORAGE       0.00     0.00     0  00:00           0           0       0.000 gal
  SB128                STORAGE       0.00     0.00     0  00:00           0           0       0.000 gal
  SB124                STORAGE       0.00     0.00     0  00:00           0           0       0.000 gal
  SB230                STORAGE       0.00     0.00     0  00:00           0           0       0.000 gal
  SB220                STORAGE       0.00     0.00     0  00:00           0           0       0.000 gal
  SB231                STORAGE       0.00     0.00     0  00:00           0           0       0.000 gal
  SB241                STORAGE       0.00     0.00     0  00:00           0           0       0.000 gal
  SB240                STORAGE       0.00     0.00     0  00:00           0           0       0.000 gal
  SB242                STORAGE       0.00     0.00     0  00:00           0           0       0.000 gal
  SB250                STORAGE       0.00     0.00     0  00:00           0           0       0.000 gal
  SB140                STORAGE       0.00     0.00     0  00:00           0           0       0.000 gal
  SB141                STORAGE       0.00     0.00     0  00:00           0           0       0.000 gal
  SB132                STORAGE       0.00     0.00     0  00:00           0           0       0.000 gal
  SB131                STORAGE       0.00     0.00     0  00:00           0           0       0.000 gal
  SB130                STORAGE       0.00     0.00     0  00:00           0           0       0.000 gal
  SB020B               STORAGE       0.00     0.00     0  00:00           0           0       0.000 gal
  SB010B               STORAGE       0.00     0.00     0  00:00           0           0       0.000 gal
  SB210                STORAGE       0.00     0.00     0  00:00           0           0       0.000 gal
  SB114                STORAGE       0.00     0.00     0  00:00           0           0       0.000 gal
  SB060                STORAGE       0.00     0.00     0  00:00           0           0       0.000 gal
  SB162                STORAGE       0.00     0.00     0  00:00           0           0       0.000 gal
  SB160                STORAGE       0.00     0.00     0  00:00           0           0       0.000 gal
  SB163                STORAGE       0.00     0.00     0  00:00           0           0       0.000 gal
  SB164                STORAGE       0.00     0.00     0  00:00           0           0       0.000 gal
  SB165                STORAGE       0.00     0.00     0  00:00           0           0       0.000 gal
  SB166                STORAGE       0.00     0.00     0  00:00           0           0       0.000 gal
  SB161                STORAGE       0.00     0.00     0  00:00           0           0       0.000 gal
  
  
  **********************
  Node Surcharge Summary
  **********************
  
  No nodes were surcharged.
  
  
  *********************
  Node Flooding Summary
  *********************
  
  No nodes were flooded.
  
  
  **********************
  Storage Volume Summary
  **********************
  
  ------------------------------------------------------------------------------------------------
                         Average    Avg   Evap  Exfil     Maximum    Max    Time of Max    Maximum
                          Volume   Pcnt   Pcnt   Pcnt      Volume   Pcnt     Occurrence    Outflow
  Storage Unit          1000 ft³   Full   Loss   Loss    1000 ft³   Full    days hr:min        CFS
  ------------------------------------------------------------------------------------------------
  SB010                    3.250   32.5    0.0    0.0       3.250   32.5       0  00:00       0.00
  SB020                    0.000    0.0    0.0    0.0       0.000    0.0       0  00:00       0.00
  SB030                    0.000    0.0    0.0    0.0       0.000    0.0       0  00:00       0.00
  SB113                    0.000    0.0    0.0    0.0       0.000    0.0       0  00:00       0.00
  SB112                    0.000    0.0    0.0    0.0       0.000    0.0       0  00:00       0.00
  SB111                    0.000    0.0    0.0    0.0       0.000    0.0       0  00:00       0.00
  SB110                    0.000    0.0    0.0    0.0       0.000    0.0       0  00:00       0.00
  SB115                    0.000    0.0    0.0    0.0       0.000    0.0       0  00:00       0.00
  SB120                    0.000    0.0    0.0    0.0       0.000    0.0       0  00:00       0.00
  SB122                    0.000    0.0    0.0    0.0       0.000    0.0       0  00:00       0.00
  SB121                    0.000    0.0    0.0    0.0       0.000    0.0       0  00:00       0.00
  SB123                    0.000    0.0    0.0    0.0       0.000    0.0       0  00:00       0.00
  SB125                    0.000    0.0    0.0    0.0       0.000    0.0       0  00:00       0.00
  SB126                    0.000    0.0    0.0    0.0       0.000    0.0       0  00:00       0.00
  SB127                    0.000    0.0    0.0    0.0       0.000    0.0       0  00:00       0.00
  SB128                    0.000    0.0    0.0    0.0       0.000    0.0       0  00:00       0.00
  SB124                    0.000    0.0    0.0    0.0       0.000    0.0       0  00:00       0.00
  SB230                    0.000    0.0    0.0    0.0       0.000    0.0       0  00:00       0.00
  SB220                    0.000    0.0    0.0    0.0       0.000    0.0       0  00:00       0.00
  SB231                    0.000    0.0    0.0    0.0       0.000    0.0       0  00:00       0.00
  SB241                    0.000    0.0    0.0    0.0       0.000    0.0       0  00:00       0.00
  SB240                    0.000    0.0    0.0    0.0       0.000    0.0       0  00:00       0.00
  SB242                    0.000    0.0    0.0    0.0       0.000    0.0       0  00:00       0.00
  SB250                    0.000    0.0    0.0    0.0       0.000    0.0       0  00:00       0.00
  SB140                    0.000    0.0    0.0    0.0       0.000    0.0       0  00:00       0.00
  SB141                    0.000    0.0    0.0    0.0       0.000    0.0       0  00:00       0.00
  SB132                    0.000    0.0    0.0    0.0       0.000    0.0       0  00:00       0.00
  SB131                    0.000    0.0    0.0    0.0       0.000    0.0       0  00:00       0.00
  SB130                    0.000    0.0    0.0    0.0       0.000    0.0       0  00:00       0.00
  SB020B                   0.000    0.0    0.0    0.0       0.000    0.0       0  00:00       0.00
  SB010B                   0.000    0.0    0.0    0.0       0.000    0.0       0  00:00       0.00
  SB210                    0.000    0.0    0.0    0.0       0.000    0.0       0  00:00       0.00
  SB114                    0.000    0.0    0.0    0.0       0.000    0.0       0  00:00       0.00
  SB060                    0.000    0.0    0.0    0.0       0.000    0.0       0  00:00       0.00
  SB162                    0.000    0.0    0.0    0.0       0.000    0.0       0  00:00       0.00
  SB160                    0.000    0.0    0.0    0.0       0.000    0.0       0  00:00       0.00
  SB163                    0.000    0.0    0.0    0.0       0.000    0.0       0  00:00       0.00
  SB164                    0.000    0.0    0.0    0.0       0.000    0.0       0  00:00       0.00
  SB165                    0.000    0.0    0.0    0.0       0.000    0.0       0  00:00       0.00
  SB166                    0.000    0.0    0.0    0.0       0.000    0.0       0  00:00       0.00
  SB161                    0.000    0.0    0.0    0.0       0.000    0.0       0  00:00       0.00
  
  
  ***********************
  Outfall Loading Summary
  ***********************
  
  -----------------------------------------------------------
                         Flow       Avg       Max       Total
                         Freq      Flow      Flow      Volume
  Outfall Node           Pcnt       CFS       CFS    10^6 gal
  -----------------------------------------------------------
  SB040A                 0.00      0.00      0.00       0.000
  -----------------------------------------------------------
  System                 0.00      0.00      0.00       0.000
  
  
  ********************
  Link Flow Summary
  ********************
  
  -----------------------------------------------------------------------------
                                 Maximum  Time of Max   Maximum    Max/    Max/
                                  |Flow|   Occurrence   |Veloc|    Full    Full
  Link                 Type          CFS  days hr:min    ft/sec    Flow   Depth
  -----------------------------------------------------------------------------
  1010                 CONDUIT      0.00     0  00:00      0.00    0.00    0.00
  4020B                CONDUIT      0.00     0  00:00      0.00    0.00    0.00
  4020                 CONDUIT      0.00     0  00:00      0.00    0.00    0.00
  4050                 CONDUIT      0.00     0  00:00      0.00    0.00    0.00
  4140                 CONDUIT      0.00     0  00:00      0.00    0.00    0.00
  4250                 CONDUIT      0.00     0  00:00      0.00    0.00    0.00
  4040D                CONDUIT      0.00     0  00:00      0.00    0.00    0.00
  4141                 CONDUIT      0.00     0  00:00      0.00    0.00    0.00
  4040C                CONDUIT      0.00     0  00:00      0.00    0.00    0.00
  4040B                CONDUIT      0.00     0  00:00      0.00    0.00    0.00
  4240                 CONDUIT      0.00     0  00:00      0.00    0.00    0.00
  4242                 CONDUIT      0.00     0  00:00      0.00    0.00    0.00
  4241                 CONDUIT      0.00     0  00:00      0.00    0.00    0.00
  4030                 CONDUIT      0.00     0  00:00      0.00    0.00    0.00
  4220                 CONDUIT      0.00     0  00:00      0.00    0.00    0.00
  4210                 CONDUIT      0.00     0  00:00      0.00    0.00    0.00
  4230                 CONDUIT      0.00     0  00:00      0.00    0.00    0.00
  4231                 CONDUIT      0.00     0  00:00      0.00    0.00    0.00
  4130                 CONDUIT      0.00     0  00:00      0.00    0.00    0.00
  4131                 CONDUIT      0.00     0  00:00      0.00    0.00    0.00
  4132                 CONDUIT      0.00     0  00:00      0.00    0.00    0.00
  4128                 CONDUIT      0.00     0  00:00      0.00    0.00    0.00
  4127                 CONDUIT      0.00     0  00:00      0.00    0.00    0.00
  4124                 CONDUIT      0.00     0  00:00      0.00    0.00    0.00
  438.1                CONDUIT      0.00     0  00:00      0.00    0.00    0.00
  4120                 CONDUIT      0.00     0  00:00      0.00    0.00    0.00
  4122                 CONDUIT      0.00     0  00:00      0.00    0.00    0.00
  4125                 CONDUIT      0.00     0  00:00      0.00    0.00    0.00
  4113                 CONDUIT      0.00     0  00:00      0.00    0.00    0.00
  4112                 CONDUIT      0.00     0  00:00      0.00    0.00    0.00
  4111                 CONDUIT      0.00     0  00:00      0.00    0.00    0.00
  4110                 CONDUIT      0.00     0  00:00      0.00    0.00    0.00
  4126                 CONDUIT      0.00     0  00:00      0.00    0.00    0.00
  4125A                CONDUIT      0.00     0  00:00      0.00    0.00    0.00
  4123                 CONDUIT      0.00     0  00:00      0.00    0.00    0.00
  48GW                 CONDUIT      0.00     0  00:00      0.00    0.00    0.00
  SB130pipe            CONDUIT      0.00     0  00:00      0.00    0.00    0.00
  SB131pipe            CONDUIT      0.00     0  00:00      0.00    0.00    0.00
  SB132pipe            CONDUIT      0.00     0  00:00      0.00    0.00    0.00
  49GW                 CONDUIT      0.00     0  00:00      0.00    0.00    0.00
  SB128pipe            CONDUIT      0.00     0  00:00      0.00    0.00    0.00
  SB127pipe            CONDUIT      0.00     0  00:00      0.00    0.00    0.00
  SB124pipe            CONDUIT      0.00     0  00:00      0.00    0.00    0.00
  SB121pipe            CONDUIT      0.00     0  00:00      0.00    0.00    0.00
  SB120pipe            CONDUIT      0.00     0  00:00      0.00    0.00    0.00
  SB122pipe            CONDUIT      0.00     0  00:00      0.00    0.00    0.00
  46GW                 CONDUIT      0.00     0  00:00      0.00    0.00    0.00
  SB126pipe            CONDUIT      0.00     0  00:00      0.00    0.00    0.00
  SB125pipe            CONDUIT      0.00     0  00:00      0.00    0.00    0.00
  SB114pipe            CONDUIT      0.00     0  00:00      0.00    0.00    0.00
  SB113pipe            CONDUIT      0.00     0  00:00      0.00    0.00    0.00
  SB112pipe            CONDUIT      0.00     0  00:00      0.00    0.00    0.00
  45GW                 CONDUIT      0.00     0  00:00      0.00    0.00    0.00
  SB123pipe            CONDUIT      0.00     0  00:00      0.00    0.00    0.00
  SB111pipe            CONDUIT      0.00     0  00:00      0.00    0.00    0.00
  SB110pipe            CONDUIT      0.00     0  00:00      0.00    0.00    0.00
  SB115pipe            CONDUIT      0.00     0  00:00      0.00    0.00    0.00
  44GW                 CONDUIT      0.00     0  00:00      0.00    0.00    0.00
  SB010pipe            CONDUIT      0.00     0  00:00      0.00    0.00    0.00
  SB210pipe            CONDUIT      0.00     0  00:00      0.00    0.00    0.00
  43GW                 CONDUIT      0.00     0  00:00      0.00    0.00    0.00
  SB250pipe            CONDUIT      0.00     0  00:00      0.00    0.00    0.00
  SB240pipe            CONDUIT      0.00     0  00:00      0.00    0.00    0.00
  SB242pipe            CONDUIT      0.00     0  00:00      0.00    0.00    0.00
  SB241pipe            CONDUIT      0.00     0  00:00      0.00    0.00    0.00
  SB231pipe            CONDUIT      0.00     0  00:00      0.00    0.00    0.00
  SB230pipe            CONDUIT      0.00     0  00:00      0.00    0.00    0.00
  SB220pipe            CONDUIT      0.00     0  00:00      0.00    0.00    0.00
  SB141pipe            CONDUIT      0.00     0  00:00      0.00    0.00    0.00
  SB140pipe            CONDUIT      0.00     0  00:00      0.00    0.00    0.00
  4010C                CONDUIT      0.00     0  00:00      0.00    0.00    0.00
  4010A                CONDUIT      0.00     0  00:00      0.00    0.00    0.00
  4010Bnorth           CONDUIT      0.00     0  00:00      0.00    0.00    0.00
  4040                 CONDUIT      0.00     0  00:00      0.00    0.00    0.00
  4040Apipe1           CONDUIT      0.00     0  00:00      0.00    0.00    0.00
  4112A                CONDUIT      0.00     0  00:00      0.00    0.00    0.00
  4114flume            CONDUIT      0.00     0  00:00      0.00    0.00    0.00
  4BOX                 CONDUIT      0.00     0  00:00      0.00    0.00    0.00
  SBboxculv            CONDUIT      0.00     0  00:00      0.00    0.00    0.00
  4162                 CONDUIT      0.00     0  00:00      0.00    0.00    0.00
  4163                 CONDUIT      0.00     0  00:00      0.00    0.00    0.00
  4160B                CONDUIT      0.00     0  00:00      0.00    0.00    0.00
  4161                 CONDUIT      0.00     0  00:00      0.00    0.00    0.00
  4164                 CONDUIT      0.00     0  00:00      0.00    0.00    0.00
  4166                 CONDUIT      0.00     0  00:00      0.00    0.00    0.00
  4165                 CONDUIT      0.00     0  00:00      0.00    0.00    0.00
  41GW                 CONDUIT      0.00     0  00:00      0.00    0.00    0.00
  SB166pipe            CONDUIT      0.00     0  00:00      0.00    0.00    0.00
  SB165pipe            CONDUIT      0.00     0  00:00      0.00    0.00    0.00
  SB164pipe            CONDUIT      0.00     0  00:00      0.00    0.00    0.00
  SB163pipe            CONDUIT      0.00     0  00:00      0.00    0.00    0.00
  42GW                 CONDUIT      0.00     0  00:00      0.00    0.00    0.00
  SB161pipe            CONDUIT      0.00     0  00:00      0.00    0.00    0.00
  SB162pipe            CONDUIT      0.00     0  00:00      0.00    0.00    0.00
  SB160pipe            CONDUIT      0.00     0  00:00      0.00    0.00    0.00
  4060                 CONDUIT      0.00     0  00:00      0.00    0.00    0.00
  4060A                CONDUIT      0.00     0  00:00      0.00    0.00    0.00
  4115A                CONDUIT      0.00     0  00:00      0.00    0.00    0.00
  4120B                CONDUIT      0.00     0  00:00      0.00    0.00    0.00
  4020Achan            CONDUIT      0.00     0  00:00      0.00    0.00    0.00
  41051weir            CONDUIT      0.00     0  00:00      0.00    0.00    0.00
  4115                 WEIR         0.00     0  00:00                      0.00
  4105weir             WEIR         0.00     0  00:00                      0.00
  4120Achan            WEIR         0.00     0  00:00                      0.00
  
  
  ***************************
  Flow Classification Summary
  ***************************
  
  -------------------------------------------------------------------------------------
                      Adjusted    ---------- Fraction of Time in Flow Class ---------- 
                       /Actual         Up    Down  Sub   Sup   Up    Down  Norm  Inlet 
  Conduit               Length    Dry  Dry   Dry   Crit  Crit  Crit  Crit  Ltd   Ctrl  
  -------------------------------------------------------------------------------------
  1010                    1.00   1.00  0.00  0.00  0.00  0.00  0.00  0.00  0.00  0.00
  4020B                   1.00   1.00  0.00  0.00  0.00  0.00  0.00  0.00  0.00  0.00
  4020                    1.00   1.00  0.00  0.00  0.00  0.00  0.00  0.00  0.00  0.00
  4050                    1.00   1.00  0.00  0.00  0.00  0.00  0.00  0.00  0.00  0.00
  4140                    1.00   1.00  0.00  0.00  0.00  0.00  0.00  0.00  0.00  0.00
  4250                    1.00   1.00  0.00  0.00  0.00  0.00  0.00  0.00  0.00  0.00
  4040D                   1.00   1.00  0.00  0.00  0.00  0.00  0.00  0.00  0.00  0.00
  4141                    1.00   1.00  0.00  0.00  0.00  0.00  0.00  0.00  0.00  0.00
  4040C                   1.00   1.00  0.00  0.00  0.00  0.00  0.00  0.00  0.00  0.00
  4040B                   1.00   1.00  0.00  0.00  0.00  0.00  0.00  0.00  0.00  0.00
  4240                    1.00   1.00  0.00  0.00  0.00  0.00  0.00  0.00  0.00  0.00
  4242                    1.00   1.00  0.00  0.00  0.00  0.00  0.00  0.00  0.00  0.00
  4241                    1.00   1.00  0.00  0.00  0.00  0.00  0.00  0.00  0.00  0.00
  4030                    1.00   1.00  0.00  0.00  0.00  0.00  0.00  0.00  0.00  0.00
  4220                    1.00   1.00  0.00  0.00  0.00  0.00  0.00  0.00  0.00  0.00
  4210                    1.00   1.00  0.00  0.00  0.00  0.00  0.00  0.00  0.00  0.00
  4230                    1.00   1.00  0.00  0.00  0.00  0.00  0.00  0.00  0.00  0.00
  4231                    1.00   1.00  0.00  0.00  0.00  0.00  0.00  0.00  0.00  0.00
  4130                    1.00   1.00  0.00  0.00  0.00  0.00  0.00  0.00  0.00  0.00
  4131                    1.00   1.00  0.00  0.00  0.00  0.00  0.00  0.00  0.00  0.00
  4132                    1.00   1.00  0.00  0.00  0.00  0.00  0.00  0.00  0.00  0.00
  4128                    1.00   1.00  0.00  0.00  0.00  0.00  0.00  0.00  0.00  0.00
  4127                    1.00   1.00  0.00  0.00  0.00  0.00  0.00  0.00  0.00  0.00
  4124                    1.00   1.00  0.00  0.00  0.00  0.00  0.00  0.00  0.00  0.00
  438.1                   1.00   1.00  0.00  0.00  0.00  0.00  0.00  0.00  0.00  0.00
  4120                    1.00   1.00  0.00  0.00  0.00  0.00  0.00  0.00  0.00  0.00
  4122                    1.00   1.00  0.00  0.00  0.00  0.00  0.00  0.00  0.00  0.00
  4125                    1.00   1.00  0.00  0.00  0.00  0.00  0.00  0.00  0.00  0.00
  4113                    1.00   1.00  0.00  0.00  0.00  0.00  0.00  0.00  0.00  0.00
  4112                    1.00   1.00  0.00  0.00  0.00  0.00  0.00  0.00  0.00  0.00
  4111                    1.00   1.00  0.00  0.00  0.00  0.00  0.00  0.00  0.00  0.00
  4110                    1.00   1.00  0.00  0.00  0.00  0.00  0.00  0.00  0.00  0.00
  4126                    1.00   1.00  0.00  0.00  0.00  0.00  0.00  0.00  0.00  0.00
  4125A                   1.00   1.00  0.00  0.00  0.00  0.00  0.00  0.00  0.00  0.00
  4123                    1.00   1.00  0.00  0.00  0.00  0.00  0.00  0.00  0.00  0.00
  48GW                    1.00   1.00  0.00  0.00  0.00  0.00  0.00  0.00  0.00  0.00
  SB130pipe               1.00   1.00  0.00  0.00  0.00  0.00  0.00  0.00  0.00  0.00
  SB131pipe               1.00   1.00  0.00  0.00  0.00  0.00  0.00  0.00  0.00  0.00
  SB132pipe               1.00   1.00  0.00  0.00  0.00  0.00  0.00  0.00  0.00  0.00
  49GW                    1.00   1.00  0.00  0.00  0.00  0.00  0.00  0.00  0.00  0.00
  SB128pipe               1.00   1.00  0.00  0.00  0.00  0.00  0.00  0.00  0.00  0.00
  SB127pipe               1.00   1.00  0.00  0.00  0.00  0.00  0.00  0.00  0.00  0.00
  SB124pipe               1.00   1.00  0.00  0.00  0.00  0.00  0.00  0.00  0.00  0.00
  SB121pipe               1.00   1.00  0.00  0.00  0.00  0.00  0.00  0.00  0.00  0.00
  SB120pipe               1.00   1.00  0.00  0.00  0.00  0.00  0.00  0.00  0.00  0.00
  SB122pipe               1.00   1.00  0.00  0.00  0.00  0.00  0.00  0.00  0.00  0.00
  46GW                    1.00   1.00  0.00  0.00  0.00  0.00  0.00  0.00  0.00  0.00
  SB126pipe               1.00   1.00  0.00  0.00  0.00  0.00  0.00  0.00  0.00  0.00
  SB125pipe               1.00   1.00  0.00  0.00  0.00  0.00  0.00  0.00  0.00  0.00
  SB114pipe               1.00   1.00  0.00  0.00  0.00  0.00  0.00  0.00  0.00  0.00
  SB113pipe               1.00   1.00  0.00  0.00  0.00  0.00  0.00  0.00  0.00  0.00
  SB112pipe               1.00   1.00  0.00  0.00  0.00  0.00  0.00  0.00  0.00  0.00
  45GW                    1.00   1.00  0.00  0.00  0.00  0.00  0.00  0.00  0.00  0.00
  SB123pipe               1.00   1.00  0.00  0.00  0.00  0.00  0.00  0.00  0.00  0.00
  SB111pipe               1.00   1.00  0.00  0.00  0.00  0.00  0.00  0.00  0.00  0.00
  SB110pipe               1.00   1.00  0.00  0.00  0.00  0.00  0.00  0.00  0.00  0.00
  SB115pipe               1.00   1.00  0.00  0.00  0.00  0.00  0.00  0.00  0.00  0.00
  44GW                    1.00   1.00  0.00  0.00  0.00  0.00  0.00  0.00  0.00  0.00
  SB010pipe               1.00   1.00  0.00  0.00  0.00  0.00  0.00  0.00  0.00  0.00
  SB210pipe               1.00   1.00  0.00  0.00  0.00  0.00  0.00  0.00  0.00  0.00
  43GW                    1.00   1.00  0.00  0.00  0.00  0.00  0.00  0.00  0.00  0.00
  SB250pipe               1.00   1.00  0.00  0.00  0.00  0.00  0.00  0.00  0.00  0.00
  SB240pipe               1.00   1.00  0.00  0.00  0.00  0.00  0.00  0.00  0.00  0.00
  SB242pipe               1.00   1.00  0.00  0.00  0.00  0.00  0.00  0.00  0.00  0.00
  SB241pipe               1.00   1.00  0.00  0.00  0.00  0.00  0.00  0.00  0.00  0.00
  SB231pipe               1.00   1.00  0.00  0.00  0.00  0.00  0.00  0.00  0.00  0.00
  SB230pipe               1.00   1.00  0.00  0.00  0.00  0.00  0.00  0.00  0.00  0.00
  SB220pipe               1.00   1.00  0.00  0.00  0.00  0.00  0.00  0.00  0.00  0.00
  SB141pipe               1.00   1.00  0.00  0.00  0.00  0.00  0.00  0.00  0.00  0.00
  SB140pipe               1.00   1.00  0.00  0.00  0.00  0.00  0.00  0.00  0.00  0.00
  4010C                   1.00   1.00  0.00  0.00  0.00  0.00  0.00  0.00  0.00  0.00
  4010A                   1.00   1.00  0.00  0.00  0.00  0.00  0.00  0.00  0.00  0.00
  4010Bnorth              1.00   1.00  0.00  0.00  0.00  0.00  0.00  0.00  0.00  0.00
  4040                    1.00   1.00  0.00  0.00  0.00  0.00  0.00  0.00  0.00  0.00
  4040Apipe1              1.00   1.00  0.00  0.00  0.00  0.00  0.00  0.00  0.00  0.00
  4112A                   1.00   1.00  0.00  0.00  0.00  0.00  0.00  0.00  0.00  0.00
  4114flume               1.00   1.00  0.00  0.00  0.00  0.00  0.00  0.00  0.00  0.00
  4BOX                    1.00   1.00  0.00  0.00  0.00  0.00  0.00  0.00  0.00  0.00
  SBboxculv               1.00   1.00  0.00  0.00  0.00  0.00  0.00  0.00  0.00  0.00
  4162                    1.00   1.00  0.00  0.00  0.00  0.00  0.00  0.00  0.00  0.00
  4163                    1.00   1.00  0.00  0.00  0.00  0.00  0.00  0.00  0.00  0.00
  4160B                   1.00   1.00  0.00  0.00  0.00  0.00  0.00  0.00  0.00  0.00
  4161                    1.00   1.00  0.00  0.00  0.00  0.00  0.00  0.00  0.00  0.00
  4164                    1.00   1.00  0.00  0.00  0.00  0.00  0.00  0.00  0.00  0.00
  4166                    1.00   1.00  0.00  0.00  0.00  0.00  0.00  0.00  0.00  0.00
  4165                    1.00   1.00  0.00  0.00  0.00  0.00  0.00  0.00  0.00  0.00
  41GW                    1.00   1.00  0.00  0.00  0.00  0.00  0.00  0.00  0.00  0.00
  SB166pipe               1.00   1.00  0.00  0.00  0.00  0.00  0.00  0.00  0.00  0.00
  SB165pipe               1.00   1.00  0.00  0.00  0.00  0.00  0.00  0.00  0.00  0.00
  SB164pipe               1.00   1.00  0.00  0.00  0.00  0.00  0.00  0.00  0.00  0.00
  SB163pipe               1.00   1.00  0.00  0.00  0.00  0.00  0.00  0.00  0.00  0.00
  42GW                    1.00   1.00  0.00  0.00  0.00  0.00  0.00  0.00  0.00  0.00
  SB161pipe               1.00   1.00  0.00  0.00  0.00  0.00  0.00  0.00  0.00  0.00
  SB162pipe               1.00   1.00  0.00  0.00  0.00  0.00  0.00  0.00  0.00  0.00
  SB160pipe               1.00   1.00  0.00  0.00  0.00  0.00  0.00  0.00  0.00  0.00
  4060                    1.00   1.00  0.00  0.00  0.00  0.00  0.00  0.00  0.00  0.00
  4060A                   1.00   1.00  0.00  0.00  0.00  0.00  0.00  0.00  0.00  0.00
  4115A                   1.00   1.00  0.00  0.00  0.00  0.00  0.00  0.00  0.00  0.00
  4120B                   1.00   1.00  0.00  0.00  0.00  0.00  0.00  0.00  0.00  0.00
  4020Achan               1.00   1.00  0.00  0.00  0.00  0.00  0.00  0.00  0.00  0.00
  41051weir               1.00   1.00  0.00  0.00  0.00  0.00  0.00  0.00  0.00  0.00
  
  
  *************************
  Conduit Surcharge Summary
  *************************
  
  No conduits were surcharged.
  

  Analysis begun on:  Sun Jul 19 15:22:20 2026
  Analysis ended on:  Sun Jul 19 15:22:20 2026
  Total elapsed time: < 1 sec