
  EPA STORM WATER MANAGEMENT MODEL - VERSION 5.2 (Build 5.2.4)
  ------------------------------------------------------------

  St Marys To Salt Creek (existing w/ 1.2m Culv) 
  WARNING 08: elevation drop exceeds length for Conduit 15
  
  ****************
  Analysis Options
  ****************
  Flow Units ............... CMS
  Process Models:
    Rainfall/Runoff ........ NO
    RDII ................... NO
    Snowmelt ............... NO
    Groundwater ............ NO
    Flow Routing ........... YES
    Ponding Allowed ........ NO
    Water Quality .......... NO
  Flow Routing Method ...... DYNWAVE
  Surcharge Method ......... EXTRAN
  Starting Date ............ 01/01/2001 00:00:00
  Ending Date .............. 01/02/2001 00:00:00
  Antecedent Dry Days ...... 0.0
  Report Time Step ......... 00:15:00
  Routing Time Step ........ 15.00 sec
  Variable Time Step ....... YES
  Maximum Trials ........... 8
  Number of Threads ........ 1
  Head Tolerance ........... 0.001524 m
  
  
  **************************        Volume        Volume
  Flow Routing Continuity        hectare-m      10^6 ltr
  **************************     ---------     ---------
  Dry Weather Inflow .......         0.000         0.000
  Wet Weather Inflow .......         0.000         0.000
  Groundwater Inflow .......         0.000         0.000
  RDII Inflow ..............         0.000         0.000
  External Inflow ..........         0.778         7.775
  External Outflow .........         0.000         0.000
  Flooding Loss ............         0.632         6.324
  Evaporation Loss .........         0.000         0.000
  Exfiltration Loss ........         0.000         0.000
  Initial Stored Volume ....         0.000         0.000
  Final Stored Volume ......         0.023         0.228
  Continuity Error (%) .....        15.737
  
  
  *************************
  Highest Continuity Errors
  *************************
  Node 22 (4.03%)
  Node 29 (3.95%)
  Node 2 (3.81%)
  Node 12 (3.03%)
  Node 20 (3.01%)
  
  
  ***************************
  Time-Step Critical Elements
  ***************************
  Link 32 (99.49%)
  
  
  ********************************
  Highest Flow Instability Indexes
  ********************************
  All links are stable.
  
  
  *********************************
  Most Frequent Nonconverging Nodes
  *********************************
  Node 4 (0.09%)
  Node 3 (0.08%)
  Node 31 (0.08%)
  Node 8 (0.00%)
  Node 2 (0.00%)
  
  
  *************************
  Routing Time Step Summary
  *************************
  Minimum Time Step           :     0.24 sec
  Average Time Step           :     1.04 sec
  Maximum Time Step           :    15.00 sec
  % of Time in Steady State   :     0.00
  Average Iterations per Step :     2.01
  % of Steps Not Converging   :     0.09
  Time Step Frequencies       :
     15.000 -  7.597 sec      :     0.50 %
      7.597 -  3.848 sec      :     0.00 %
      3.848 -  1.949 sec      :     0.00 %
      1.949 -  0.987 sec      :     0.36 %
      0.987 -  0.500 sec      :    99.13 %
  
  
  ******************
  Node Depth Summary
  ******************
  
  ---------------------------------------------------------------------------------
                                 Average  Maximum  Maximum  Time of Max    Reported
                                   Depth    Depth      HGL   Occurrence   Max Depth
  Node                 Type       Meters   Meters   Meters  days hr:min      Meters
  ---------------------------------------------------------------------------------
  1                    JUNCTION    81.72    81.83   164.83     0  01:44       81.83
  2                    JUNCTION    80.29    80.60   162.96     0  01:48       80.60
  3                    JUNCTION    80.10    80.42   162.82     0  02:12       80.42
  8                    JUNCTION    78.45    79.90   162.10     0  02:15       79.89
  10                   JUNCTION     0.00     0.00    82.39     0  00:00        0.00
  12                   JUNCTION    77.08    80.09   162.09     0  04:18       80.09
  14                   JUNCTION     0.00     0.00    83.53     0  00:00        0.00
  16                   JUNCTION    74.23    79.41   161.95     0  04:39       79.40
  18                   JUNCTION    70.28    80.40   161.99     0  04:39       80.35
  20                   JUNCTION    74.64    79.94   161.94     0  04:40       79.93
  22                   JUNCTION    77.75    80.00   161.94     0  04:40       80.00
  24                   JUNCTION    80.42    80.75   162.79     0  01:55       80.75
  26                   JUNCTION    73.01    79.93   161.93     0  04:14       79.93
  29                   JUNCTION    81.12    81.23   162.93     0  01:49       81.23
  31                   JUNCTION    80.93    81.15   162.95     0  01:03       81.04
  4                    OUTFALL      0.00     0.00    82.00     0  00:00        0.00
  
  
  *******************
  Node Inflow Summary
  *******************
  
  -------------------------------------------------------------------------------------------------
                                  Maximum  Maximum                  Lateral       Total        Flow
                                  Lateral    Total  Time of Max      Inflow      Inflow     Balance
                                   Inflow   Inflow   Occurrence      Volume      Volume       Error
  Node                 Type           CMS      CMS  days hr:min    10^6 ltr    10^6 ltr     Percent
  -------------------------------------------------------------------------------------------------
  1                    JUNCTION     0.030    0.030     0  00:00        2.59        2.59       3.889
  2                    JUNCTION     0.000    0.049     0  00:53           0        2.49       3.958
  3                    JUNCTION     0.000    0.664     0  00:56           0        4.91       2.406
  8                    JUNCTION     0.000    0.060     0  02:13           0        4.79       1.995
  10                   JUNCTION     0.000    0.000     0  00:00           0           0       0.000 ltr
  12                   JUNCTION     0.000    0.063     0  02:15           0         4.7       3.123
  14                   JUNCTION     0.000    0.000     0  00:00           0           0       0.000 ltr
  16                   JUNCTION     0.000    0.102     0  04:39           0        4.69       2.501
  18                   JUNCTION     0.000    0.068     0  04:38           0       0.219       0.000
  20                   JUNCTION     0.000    0.263     0  04:08           0        6.73       3.103
  22                   JUNCTION     0.000    0.030     0  01:55           0        2.39       4.199
  24                   JUNCTION     0.000    0.030     0  01:51           0        2.49       0.000
  26                   JUNCTION     0.000    0.200     0  04:05           0        6.52       0.000
  29                   JUNCTION     0.030    0.030     0  00:00        2.59        2.59       4.111
  31                   JUNCTION     0.030    0.453     0  01:44        2.59         2.6       3.090
  4                    OUTFALL      0.000    0.000     0  00:00           0           0       0.000 ltr
  
  
  **********************
  Node Surcharge Summary
  **********************
  
  Surcharging occurs when water rises above the top of the highest conduit.
  ---------------------------------------------------------------------
                                               Max. Height   Min. Depth
                                   Hours       Above Crown    Below Rim
  Node                 Type      Surcharged         Meters       Meters
  ---------------------------------------------------------------------
  26                   JUNCTION       19.70          0.000        0.000
  31                   JUNCTION        0.04          0.000        0.000
  
  
  *********************
  Node Flooding Summary
  *********************
  
  Flooding refers to all water that overflows a node, whether it ponds or not.
  --------------------------------------------------------------------------
                                                             Total   Maximum
                                 Maximum   Time of Max       Flood    Ponded
                        Hours       Rate    Occurrence      Volume     Depth
  Node                 Flooded       CMS   days hr:min    10^6 ltr    Meters
  --------------------------------------------------------------------------
  26                     19.70     0.189      0  04:40       6.315     0.000
  31                      0.04     0.295      0  01:44       0.011     0.000
  
  
  ***********************
  Outfall Loading Summary
  ***********************
  
  -----------------------------------------------------------
                         Flow       Avg       Max       Total
                         Freq      Flow      Flow      Volume
  Outfall Node           Pcnt       CMS       CMS    10^6 ltr
  -----------------------------------------------------------
  4                      0.00     0.000     0.000       0.000
  -----------------------------------------------------------
  System                 0.00     0.000     0.000       0.000
  
  
  ********************
  Link Flow Summary
  ********************
  
  -----------------------------------------------------------------------------
                                 Maximum  Time of Max   Maximum    Max/    Max/
                                  |Flow|   Occurrence   |Veloc|    Full    Full
  Link                 Type          CMS  days hr:min     m/sec    Flow   Depth
  -----------------------------------------------------------------------------
  5                    CONDUIT     0.049     0  00:53      1.11    0.01    0.08
  6                    CONDUIT     0.000     0  00:00      0.00    0.00    0.00
  7                    CONDUIT     0.030     0  01:50      0.78    0.03    0.12
  9                    CONDUIT     0.060     0  02:13      1.09    0.04    0.14
  11                   CONDUIT     0.000     0  00:00      0.00    0.00    0.16
  13                   CONDUIT     0.063     0  02:15      1.34    0.04    0.25
  15                   CONDUIT     0.000     0  00:00      0.00    0.00    0.48
  17                   CONDUIT     0.062     0  04:39      0.45    0.29    0.28
  19                   CONDUIT     0.068     0  04:38      0.37    0.14    0.50
  21                   CONDUIT     0.133     0  04:40      1.09    0.02    0.69
  23                   CONDUIT     0.042     0  04:12      1.06    0.04    0.72
  25                   CONDUIT     0.030     0  01:55      0.78    0.05    0.14
  27                   CONDUIT     0.200     0  04:05      0.89    0.06    0.97
  30                   CONDUIT     0.030     0  01:51      0.34    0.14    0.25
  32                   CONDUIT     0.664     0  00:56      8.34    1.48    1.00
  
  
  ***************************
  Flow Classification Summary
  ***************************
  
  -------------------------------------------------------------------------------------
                      Adjusted    ---------- Fraction of Time in Flow Class ---------- 
                       /Actual         Up    Down  Sub   Sup   Up    Down  Norm  Inlet 
  Conduit               Length    Dry  Dry   Dry   Crit  Crit  Crit  Crit  Ltd   Ctrl  
  -------------------------------------------------------------------------------------
  5                       1.00   0.04  0.00  0.00  0.00  0.00  0.00  0.96  0.00  0.00
  6                       1.00   1.00  0.00  0.00  0.00  0.00  0.00  0.00  0.00  0.00
  7                       1.00   0.07  0.00  0.00  0.92  0.00  0.00  0.00  0.92  0.00
  9                       1.00   0.08  0.00  0.00  0.00  0.00  0.00  0.92  0.00  0.00
  11                      1.00   0.09  0.91  0.00  0.00  0.00  0.00  0.00  0.00  0.00
  13                      1.00   0.09  0.00  0.00  0.89  0.00  0.00  0.02  0.89  0.00
  15                      1.00   0.11  0.89  0.00  0.00  0.00  0.00  0.00  0.00  0.00
  17                      1.00   0.11  0.00  0.00  0.57  0.00  0.32  0.00  0.00  0.00
  19                      1.00   0.17  0.01  0.00  0.81  0.00  0.02  0.00  0.00  0.00
  21                      1.00   0.14  0.00  0.00  0.86  0.00  0.00  0.00  0.02  0.00
  23                      1.00   0.11  0.00  0.00  0.86  0.00  0.00  0.03  0.03  0.00
  25                      1.00   0.08  0.00  0.00  0.00  0.00  0.00  0.92  0.00  0.00
  27                      1.00   0.14  0.00  0.00  0.85  0.00  0.00  0.01  0.00  0.00
  30                      1.00   0.04  0.00  0.00  0.00  0.00  0.96  0.00  0.00  0.00
  32                      1.00   0.06  0.00  0.00  0.92  0.00  0.01  0.00  0.00  0.00
  
  
  *************************
  Conduit Surcharge Summary
  *************************
  
  ----------------------------------------------------------------------------
                                                           Hours        Hours 
                         --------- Hours Full --------   Above Full   Capacity
  Conduit                Both Ends  Upstream  Dnstream   Normal Flow   Limited
  ----------------------------------------------------------------------------
  6                           0.01     22.26      0.01      0.01         0.01
  7                           0.01      0.03      0.01      0.01         0.01
  9                           0.01      0.07      0.01      0.01         0.01
  23                          0.01      0.01     20.08      0.01         0.01
  27                          0.01      0.01     19.70      0.01         0.01
  32                          0.01      0.01      0.08      0.03         0.01
  

  Analysis begun on:  Wed Jul 22 14:16:52 2026
  Analysis ended on:  Wed Jul 22 14:16:52 2026
  Total elapsed time: < 1 sec