
  EPA STORM WATER MANAGEMENT MODEL - VERSION 5.2 (Build 5.2.4)
  ------------------------------------------------------------

  WARRAGAMBA DAM SPILLWAY   128 M WIDE WEIR RL 129.0 
  WARNING 04: minimum elevation drop used for Conduit R1
  
  ****************
  Analysis Options
  ****************
  Flow Units ............... CMS
  Process Models:
    Rainfall/Runoff ........ NO
    RDII ................... NO
    Snowmelt ............... NO
    Groundwater ............ NO
    Flow Routing ........... YES
    Ponding Allowed ........ NO
    Water Quality .......... NO
  Flow Routing Method ...... DYNWAVE
  Surcharge Method ......... EXTRAN
  Starting Date ............ 01/01/2001 00:00:00
  Ending Date .............. 01/02/2001 00:00:00
  Antecedent Dry Days ...... 0.0
  Report Time Step ......... 00:15:00
  Routing Time Step ........ 4.00 sec
  Variable Time Step ....... YES
  Maximum Trials ........... 50
  Number of Threads ........ 1
  Head Tolerance ........... 0.001524 m
  
  
  **************************        Volume        Volume
  Flow Routing Continuity        hectare-m      10^6 ltr
  **************************     ---------     ---------
  Dry Weather Inflow .......         0.000         0.000
  Wet Weather Inflow .......         0.000         0.000
  Groundwater Inflow .......         0.000         0.000
  RDII Inflow ..............         0.000         0.000
  External Inflow ..........         0.000         0.000
  External Outflow .........         0.000         0.000
  Flooding Loss ............         0.000         0.000
  Evaporation Loss .........         0.000         0.000
  Exfiltration Loss ........         0.000         0.000
  Initial Stored Volume ....         0.000         0.002
  Final Stored Volume ......         0.000         0.002
  Continuity Error (%) .....         0.000
  
  
  ***************************
  Time-Step Critical Elements
  ***************************
  None
  
  
  ********************************
  Highest Flow Instability Indexes
  ********************************
  All links are stable.
  
  
  *********************************
  Most Frequent Nonconverging Nodes
  *********************************
  Convergence obtained at all time steps.
  
  
  *************************
  Routing Time Step Summary
  *************************
  Minimum Time Step           :     3.50 sec
  Average Time Step           :     4.00 sec
  Maximum Time Step           :     4.00 sec
  % of Time in Steady State   :     0.00
  Average Iterations per Step :     2.00
  % of Steps Not Converging   :     0.00
  Time Step Frequencies       :
      4.000 -  2.639 sec      :   100.00 %
      2.639 -  1.741 sec      :     0.00 %
      1.741 -  1.149 sec      :     0.00 %
      1.149 -  0.758 sec      :     0.00 %
      0.758 -  0.500 sec      :     0.00 %
  
  
  ******************
  Node Depth Summary
  ******************
  
  ---------------------------------------------------------------------------------
                                 Average  Maximum  Maximum  Time of Max    Reported
                                   Depth    Depth      HGL   Occurrence   Max Depth
  Node                 Type       Meters   Meters   Meters  days hr:min      Meters
  ---------------------------------------------------------------------------------
  A                    JUNCTION     0.00     0.00   155.00     0  00:00        0.00
  B                    JUNCTION     0.00     0.00   155.00     0  00:00        0.00
  C                    JUNCTION     0.00     0.00   145.00     0  00:00        0.00
  D                    JUNCTION     0.00     0.00   138.00     0  00:00        0.00
  E                    JUNCTION     0.00     0.00   116.00     0  00:00        0.00
  F                    JUNCTION     0.00     0.00   113.00     0  00:00        0.00
  G                    JUNCTION     0.00     0.00   117.00     0  00:00        0.00
  H                    JUNCTION     0.00     0.00   125.00     0  00:00        0.00
  I                    JUNCTION     0.00     0.00   125.00     0  00:00        0.00
  J                    JUNCTION     0.00     0.00   125.00     0  00:00        0.00
  K                    JUNCTION     0.00     0.00   118.00     0  00:00        0.00
  L                    JUNCTION     0.00     0.00   103.00     0  00:00        0.00
  M                    OUTFALL      0.00     0.00   103.00     0  00:00        0.00
  
  
  *******************
  Node Inflow Summary
  *******************
  
  -------------------------------------------------------------------------------------------------
                                  Maximum  Maximum                  Lateral       Total        Flow
                                  Lateral    Total  Time of Max      Inflow      Inflow     Balance
                                   Inflow   Inflow   Occurrence      Volume      Volume       Error
  Node                 Type           CMS      CMS  days hr:min    10^6 ltr    10^6 ltr     Percent
  -------------------------------------------------------------------------------------------------
  A                    JUNCTION     0.000    0.000     0  00:00           0           0       0.000 ltr
  B                    JUNCTION     0.000    0.000     0  00:00           0           0       0.000 ltr
  C                    JUNCTION     0.000    0.000     0  00:00           0           0       0.000 ltr
  D                    JUNCTION     0.000    0.000     0  00:00           0           0       0.000 ltr
  E                    JUNCTION     0.000    0.000     0  00:00           0           0       0.000 ltr
  F                    JUNCTION     0.000    0.000     0  00:00           0           0       0.000 ltr
  G                    JUNCTION     0.000    0.000     0  00:00           0           0       0.000 ltr
  H                    JUNCTION     0.000    0.000     0  00:00           0           0       0.000 ltr
  I                    JUNCTION     0.000    0.000     0  00:00           0           0       0.000 ltr
  J                    JUNCTION     0.000    0.000     0  00:00           0           0       0.000 ltr
  K                    JUNCTION     0.000    0.000     0  00:00           0           0       0.000 ltr
  L                    JUNCTION     0.000    0.000     0  00:00           0           0       0.000 ltr
  M                    OUTFALL      0.000    0.000     0  00:00           0           0       0.000 ltr
  
  
  **********************
  Node Surcharge Summary
  **********************
  
  No nodes were surcharged.
  
  
  *********************
  Node Flooding Summary
  *********************
  
  No nodes were flooded.
  
  
  ***********************
  Outfall Loading Summary
  ***********************
  
  -----------------------------------------------------------
                         Flow       Avg       Max       Total
                         Freq      Flow      Flow      Volume
  Outfall Node           Pcnt       CMS       CMS    10^6 ltr
  -----------------------------------------------------------
  M                      0.00     0.000     0.000       0.000
  -----------------------------------------------------------
  System                 0.00     0.000     0.000       0.000
  
  
  ********************
  Link Flow Summary
  ********************
  
  -----------------------------------------------------------------------------
                                 Maximum  Time of Max   Maximum    Max/    Max/
                                  |Flow|   Occurrence   |Veloc|    Full    Full
  Link                 Type          CMS  days hr:min     m/sec    Flow   Depth
  -----------------------------------------------------------------------------
  R3                   CONDUIT     0.000     0  00:00      0.00    0.00    0.00
  R4                   CONDUIT     0.000     0  00:00      0.00    0.00    0.00
  R5                   CONDUIT     0.000     0  00:00      0.00    0.00    0.00
  R7                   CONDUIT     0.000     0  00:00      0.00    0.00    0.00
  R8                   CONDUIT     0.000     0  00:00      0.00    0.00    0.00
  R9                   CONDUIT     0.000     0  00:00      0.00    0.00    0.00
  R10                  CONDUIT     0.000     0  00:00      0.00    0.00    0.00
  R11                  CONDUIT     0.000     0  00:00      0.00    0.00    0.00
  R12                  CONDUIT     0.000     0  00:00      0.00    0.00    0.00
  R6                   CONDUIT     0.000     0  00:00      0.00    0.00    0.00
  R1                   CONDUIT     0.000     0  00:00      0.00    0.00    0.00
  WEIR                 WEIR        0.000     0  00:00                      0.00
  
  
  ***************************
  Flow Classification Summary
  ***************************
  
  -------------------------------------------------------------------------------------
                      Adjusted    ---------- Fraction of Time in Flow Class ---------- 
                       /Actual         Up    Down  Sub   Sup   Up    Down  Norm  Inlet 
  Conduit               Length    Dry  Dry   Dry   Crit  Crit  Crit  Crit  Ltd   Ctrl  
  -------------------------------------------------------------------------------------
  R3                      1.00   1.00  0.00  0.00  0.00  0.00  0.00  0.00  0.00  0.00
  R4                      1.00   1.00  0.00  0.00  0.00  0.00  0.00  0.00  0.00  0.00
  R5                      1.00   1.00  0.00  0.00  0.00  0.00  0.00  0.00  0.00  0.00
  R7                      1.00   1.00  0.00  0.00  0.00  0.00  0.00  0.00  0.00  0.00
  R8                      1.00   1.00  0.00  0.00  0.00  0.00  0.00  0.00  0.00  0.00
  R9                      1.00   1.00  0.00  0.00  0.00  0.00  0.00  0.00  0.00  0.00
  R10                     1.00   1.00  0.00  0.00  0.00  0.00  0.00  0.00  0.00  0.00
  R11                     1.00   1.00  0.00  0.00  0.00  0.00  0.00  0.00  0.00  0.00
  R12                     1.00   1.00  0.00  0.00  0.00  0.00  0.00  0.00  0.00  0.00
  R6                      1.00   1.00  0.00  0.00  0.00  0.00  0.00  0.00  0.00  0.00
  R1                      1.00   1.00  0.00  0.00  0.00  0.00  0.00  0.00  0.00  0.00
  
  
  *************************
  Conduit Surcharge Summary
  *************************
  
  No conduits were surcharged.
  

  Analysis begun on:  Sun Jul 19 15:22:44 2026
  Analysis ended on:  Sun Jul 19 15:22:44 2026
  Total elapsed time: < 1 sec