
  EPA STORM WATER MANAGEMENT MODEL - VERSION 5.2 (Build 5.2.4)
  ------------------------------------------------------------

  Stormwater 
  WARNING 04: minimum elevation drop used for Conduit 202
  WARNING 04: minimum elevation drop used for Conduit 204
  WARNING 04: minimum elevation drop used for Conduit 205
  WARNING 04: minimum elevation drop used for Conduit 206
  WARNING 04: minimum elevation drop used for Conduit 207
  WARNING 04: minimum elevation drop used for Conduit 209
  WARNING 04: minimum elevation drop used for Conduit 210
  WARNING 04: minimum elevation drop used for Conduit 211
  WARNING 04: minimum elevation drop used for Conduit 208
  
  ****************
  Analysis Options
  ****************
  Flow Units ............... CFS
  Process Models:
    Rainfall/Runoff ........ NO
    RDII ................... NO
    Snowmelt ............... NO
    Groundwater ............ NO
    Flow Routing ........... YES
    Ponding Allowed ........ NO
    Water Quality .......... NO
  Flow Routing Method ...... DYNWAVE
  Surcharge Method ......... EXTRAN
  Starting Date ............ 01/01/2001 00:00:00
  Ending Date .............. 01/02/2001 00:00:00
  Antecedent Dry Days ...... 0.0
  Report Time Step ......... 00:15:00
  Routing Time Step ........ 60.00 sec
  Variable Time Step ....... YES
  Maximum Trials ........... 8
  Number of Threads ........ 1
  Head Tolerance ........... 0.005000 ft
  
  
  **************************        Volume        Volume
  Flow Routing Continuity        acre-feet      10^6 gal
  **************************     ---------     ---------
  Dry Weather Inflow .......         0.000         0.000
  Wet Weather Inflow .......         0.000         0.000
  Groundwater Inflow .......         0.000         0.000
  RDII Inflow ..............         0.000         0.000
  External Inflow ..........         7.934         2.585
  External Outflow .........         3.100         1.010
  Flooding Loss ............         4.823         1.572
  Evaporation Loss .........         0.000         0.000
  Exfiltration Loss ........         0.000         0.000
  Initial Stored Volume ....         0.000         0.000
  Final Stored Volume ......         0.016         0.005
  Continuity Error (%) .....        -0.061
  
  
  ***************************
  Time-Step Critical Elements
  ***************************
  Link 202 (49.95%)
  Link 211 (37.42%)
  Link 207 (12.56%)
  
  
  ********************************
  Highest Flow Instability Indexes
  ********************************
  Link 209 (19)
  Link 210 (19)
  Link 208 (19)
  
  
  *********************************
  Most Frequent Nonconverging Nodes
  *********************************
  Convergence obtained at all time steps.
  
  
  *************************
  Routing Time Step Summary
  *************************
  Minimum Time Step           :     1.47 sec
  Average Time Step           :     4.30 sec
  Maximum Time Step           :    12.93 sec
  % of Time in Steady State   :     0.00
  Average Iterations per Step :     2.00
  % of Steps Not Converging   :     0.00
  Time Step Frequencies       :
     60.000 - 23.031 sec      :     0.00 %
     23.031 -  8.841 sec      :     0.06 %
      8.841 -  3.393 sec      :    74.96 %
      3.393 -  1.303 sec      :    24.97 %
      1.303 -  0.500 sec      :     0.00 %
  
  
  ******************
  Node Depth Summary
  ******************
  
  ---------------------------------------------------------------------------------
                                 Average  Maximum  Maximum  Time of Max    Reported
                                   Depth    Depth      HGL   Occurrence   Max Depth
  Node                 Type         Feet     Feet     Feet  days hr:min        Feet
  ---------------------------------------------------------------------------------
  4/1                  JUNCTION     1.00     1.00     1.00     0  00:02        1.00
  3/1                  JUNCTION     0.92     0.95     0.95     0  00:03        0.92
  Junction             JUNCTION     0.98     1.00     1.00     0  00:03        0.98
  3/2                  JUNCTION     1.00     1.00     1.00     0  00:02        1.00
  6/1                  JUNCTION     1.00     1.00     1.00     0  00:02        1.00
  5/1                  JUNCTION     0.95     1.00     1.00     0  00:03        0.95
  5/2                  JUNCTION     0.98     1.00     1.00     0  00:03        0.99
  5/3                  JUNCTION     0.99     1.00     1.00     0  00:03        1.00
  5/4                  JUNCTION     1.00     1.00     1.00     0  00:03        1.00
  Outfall              OUTFALL      0.53     0.55     0.55     0  00:03        0.53
  
  
  *******************
  Node Inflow Summary
  *******************
  
  -------------------------------------------------------------------------------------------------
                                  Maximum  Maximum                  Lateral       Total        Flow
                                  Lateral    Total  Time of Max      Inflow      Inflow     Balance
                                   Inflow   Inflow   Occurrence      Volume      Volume       Error
  Node                 Type           CFS      CFS  days hr:min    10^6 gal    10^6 gal     Percent
  -------------------------------------------------------------------------------------------------
  4/1                  JUNCTION      1.00     1.00     0  00:00       0.646       0.646       0.046
  3/1                  JUNCTION      0.00     2.30     0  00:02           0        1.01       0.082
  Junction             JUNCTION      0.00     1.99     0  00:01           0       0.583       0.159
  3/2                  JUNCTION      1.00     1.00     0  00:00       0.646       0.646       0.046
  6/1                  JUNCTION      1.00     1.00     0  00:00       0.646       0.646       0.023
  5/1                  JUNCTION      0.00     1.28     0  00:02           0       0.429       0.156
  5/2                  JUNCTION      0.00     1.56     0  00:02           0       0.429      -0.135
  5/3                  JUNCTION      0.00     0.96     0  00:01           0       0.146       0.301
  5/4                  JUNCTION      1.00     1.00     0  00:00       0.646       0.646       0.074
  Outfall              OUTFALL       0.00     1.67     0  00:03           0        1.01       0.000
  
  
  **********************
  Node Surcharge Summary
  **********************
  
  Surcharging occurs when water rises above the top of the highest conduit.
  ---------------------------------------------------------------------
                                               Max. Height   Min. Depth
                                   Hours       Above Crown    Below Rim
  Node                 Type      Surcharged           Feet         Feet
  ---------------------------------------------------------------------
  4/1                  JUNCTION       23.96          0.000        0.000
  Junction             JUNCTION        0.01          0.000        0.000
  3/2                  JUNCTION       23.96          0.000        0.000
  6/1                  JUNCTION       23.95          0.000        0.000
  5/1                  JUNCTION        0.01          0.000        0.000
  5/2                  JUNCTION        0.02          0.000        0.000
  5/3                  JUNCTION        7.06          0.000        0.000
  5/4                  JUNCTION       23.95          0.000        0.000
  
  
  *********************
  Node Flooding Summary
  *********************
  
  Flooding refers to all water that overflows a node, whether it ponds or not.
  --------------------------------------------------------------------------
                                                             Total   Maximum
                                 Maximum   Time of Max       Flood    Ponded
                        Hours       Rate    Occurrence      Volume     Depth
  Node                 Flooded       CFS   days hr:min    10^6 gal      Feet
  --------------------------------------------------------------------------
  4/1                    23.96      0.59      0  00:04       0.354     0.000
  Junction                0.01      0.08      0  00:03       0.000     0.000
  3/2                    23.96      0.59      0  00:04       0.354     0.000
  6/1                    23.95      0.68      0  00:04       0.360     0.000
  5/1                     0.01      0.42      0  00:03       0.000     0.000
  5/2                     0.02      0.27      0  00:03       0.000     0.000
  5/3                     7.06      0.34      0  00:03       0.003     0.000
  5/4                    23.95      0.79      0  00:07       0.499     0.000
  
  
  ***********************
  Outfall Loading Summary
  ***********************
  
  -----------------------------------------------------------
                         Flow       Avg       Max       Total
                         Freq      Flow      Flow      Volume
  Outfall Node           Pcnt       CFS       CFS    10^6 gal
  -----------------------------------------------------------
  Outfall               99.97      1.56      1.67       1.010
  -----------------------------------------------------------
  System                99.97      1.56      1.67       1.010
  
  
  ********************
  Link Flow Summary
  ********************
  
  -----------------------------------------------------------------------------
                                 Maximum  Time of Max   Maximum    Max/    Max/
                                  |Flow|   Occurrence   |Veloc|    Full    Full
  Link                 Type          CFS  days hr:min    ft/sec    Flow   Depth
  -----------------------------------------------------------------------------
  202                  CONDUIT      0.99     0  00:01      2.53    9.51    1.00
  204                  CONDUIT      1.67     0  00:03      2.64   15.94    0.75
  205                  CONDUIT      1.66     0  00:02      3.12   15.88    0.98
  206                  CONDUIT      0.99     0  00:01      2.53    9.51    1.00
  207                  CONDUIT      0.96     0  00:01      3.15    9.14    1.00
  209                  CONDUIT      1.04     0  00:02      2.03    9.92    1.00
  210                  CONDUIT      0.65     0  00:02      0.92    6.19    1.00
  211                  CONDUIT      0.96     0  00:01      2.80    9.18    1.00
  208                  CONDUIT      0.69     0  00:03      0.96    6.15    0.98
  
  
  ***************************
  Flow Classification Summary
  ***************************
  
  -------------------------------------------------------------------------------------
                      Adjusted    ---------- Fraction of Time in Flow Class ---------- 
                       /Actual         Up    Down  Sub   Sup   Up    Down  Norm  Inlet 
  Conduit               Length    Dry  Dry   Dry   Crit  Crit  Crit  Crit  Ltd   Ctrl  
  -------------------------------------------------------------------------------------
  202                     1.00   0.00  0.00  0.00  1.00  0.00  0.00  0.00  0.00  0.00
  204                     1.00   0.00  0.00  0.00  1.00  0.00  0.00  0.00  0.00  0.00
  205                     1.00   0.00  0.00  0.00  1.00  0.00  0.00  0.00  0.00  0.00
  206                     1.00   0.00  0.00  0.00  1.00  0.00  0.00  0.00  0.00  0.00
  207                     1.00   0.00  0.00  0.00  1.00  0.00  0.00  0.00  0.00  0.00
  209                     1.00   0.00  0.00  0.00  1.00  0.00  0.00  0.00  0.00  0.00
  210                     1.00   0.00  0.00  0.00  1.00  0.00  0.00  0.00  0.11  0.00
  211                     1.00   0.00  0.00  0.00  1.00  0.00  0.00  0.00  0.00  0.00
  208                     1.00   0.00  0.00  0.00  1.00  0.00  0.00  0.00  0.00  0.00
  
  
  *************************
  Conduit Surcharge Summary
  *************************
  
  ----------------------------------------------------------------------------
                                                           Hours        Hours 
                         --------- Hours Full --------   Above Full   Capacity
  Conduit                Both Ends  Upstream  Dnstream   Normal Flow   Limited
  ----------------------------------------------------------------------------
  202                         0.01     23.96      0.01     24.00         0.01
  204                         0.01      0.01      0.01     23.98         0.01
  205                         0.01      0.01      0.01     23.99         0.01
  206                         0.01     23.96      0.01     24.00         0.01
  207                         0.02     23.95      0.02     24.00         0.01
  209                         0.01      0.02      0.01     23.99         0.01
  210                         0.02      7.06      0.02     23.99         0.01
  211                         7.06     23.95      7.06     24.00         0.01
  208                         0.01      0.01      0.01     23.97         0.01
  

  Analysis begun on:  Wed Jul 22 14:18:54 2026
  Analysis ended on:  Wed Jul 22 14:18:54 2026
  Total elapsed time: < 1 sec