
  EPA STORM WATER MANAGEMENT MODEL - VERSION 5.2 (Build 5.2.4)
  ------------------------------------------------------------

  Storage/Treatment Master Example 
  WARNING 04: minimum elevation drop used for Conduit be
  WARNING 04: minimum elevation drop used for Conduit ce
  WARNING 04: minimum elevation drop used for Conduit GoOut
  WARNING 04: minimum elevation drop used for Conduit dc
  WARNING 04: minimum elevation drop used for Conduit ab
  
  ****************
  Analysis Options
  ****************
  Flow Units ............... CMS
  Process Models:
    Rainfall/Runoff ........ NO
    RDII ................... NO
    Snowmelt ............... NO
    Groundwater ............ NO
    Flow Routing ........... YES
    Ponding Allowed ........ NO
    Water Quality .......... NO
  Flow Routing Method ...... DYNWAVE
  Surcharge Method ......... EXTRAN
  Starting Date ............ 01/01/2001 00:00:00
  Ending Date .............. 01/02/2001 00:00:00
  Antecedent Dry Days ...... 0.0
  Report Time Step ......... 00:15:00
  Routing Time Step ........ 20.00 sec
  Variable Time Step ....... YES
  Maximum Trials ........... 8
  Number of Threads ........ 1
  Head Tolerance ........... 0.001524 m
  
  
  **************************        Volume        Volume
  Flow Routing Continuity        hectare-m      10^6 ltr
  **************************     ---------     ---------
  Dry Weather Inflow .......         0.000         0.000
  Wet Weather Inflow .......         0.000         0.000
  Groundwater Inflow .......         0.000         0.000
  RDII Inflow ..............         0.000         0.000
  External Inflow ..........         0.000         0.000
  External Outflow .........         0.000         0.000
  Flooding Loss ............         0.000         0.000
  Evaporation Loss .........         0.000         0.000
  Exfiltration Loss ........         0.000         0.000
  Initial Stored Volume ....         0.000         0.000
  Final Stored Volume ......         0.000         0.000
  Continuity Error (%) .....         0.000
  
  
  ***************************
  Time-Step Critical Elements
  ***************************
  None
  
  
  ********************************
  Highest Flow Instability Indexes
  ********************************
  All links are stable.
  
  
  *********************************
  Most Frequent Nonconverging Nodes
  *********************************
  Convergence obtained at all time steps.
  
  
  *************************
  Routing Time Step Summary
  *************************
  Minimum Time Step           :    19.50 sec
  Average Time Step           :    20.00 sec
  Maximum Time Step           :    20.00 sec
  % of Time in Steady State   :     0.00
  Average Iterations per Step :     2.00
  % of Steps Not Converging   :     0.00
  Time Step Frequencies       :
     20.000 -  9.564 sec      :   100.00 %
      9.564 -  4.573 sec      :     0.00 %
      4.573 -  2.187 sec      :     0.00 %
      2.187 -  1.046 sec      :     0.00 %
      1.046 -  0.500 sec      :     0.00 %
  
  
  ******************
  Node Depth Summary
  ******************
  
  ---------------------------------------------------------------------------------
                                 Average  Maximum  Maximum  Time of Max    Reported
                                   Depth    Depth      HGL   Occurrence   Max Depth
  Node                 Type       Meters   Meters   Meters  days hr:min      Meters
  ---------------------------------------------------------------------------------
  BMPb                 JUNCTION     0.00     0.00     0.00     0  00:00        0.00
  BMPe                 JUNCTION     0.00     0.00     0.00     0  00:00        0.00
  BMPc                 JUNCTION     0.00     0.00     0.00     0  00:00        0.00
  BMPd                 JUNCTION     0.00     0.00     0.00     0  00:00        0.00
  BMPa                 JUNCTION     0.00     0.00     0.00     0  00:00        0.00
  Outlet               OUTFALL      0.00     0.00     0.00     0  00:00        0.00
  
  
  *******************
  Node Inflow Summary
  *******************
  
  -------------------------------------------------------------------------------------------------
                                  Maximum  Maximum                  Lateral       Total        Flow
                                  Lateral    Total  Time of Max      Inflow      Inflow     Balance
                                   Inflow   Inflow   Occurrence      Volume      Volume       Error
  Node                 Type           CMS      CMS  days hr:min    10^6 ltr    10^6 ltr     Percent
  -------------------------------------------------------------------------------------------------
  BMPb                 JUNCTION     0.000    0.000     0  00:00           0           0       0.000 ltr
  BMPe                 JUNCTION     0.000    0.000     0  00:00           0           0       0.000 ltr
  BMPc                 JUNCTION     0.000    0.000     0  00:00           0           0       0.000 ltr
  BMPd                 JUNCTION     0.000    0.000     0  00:00           0           0       0.000 ltr
  BMPa                 JUNCTION     0.000    0.000     0  00:00           0           0       0.000 ltr
  Outlet               OUTFALL      0.000    0.000     0  00:00           0           0       0.000 ltr
  
  
  **********************
  Node Surcharge Summary
  **********************
  
  No nodes were surcharged.
  
  
  *********************
  Node Flooding Summary
  *********************
  
  No nodes were flooded.
  
  
  ***********************
  Outfall Loading Summary
  ***********************
  
  -----------------------------------------------------------
                         Flow       Avg       Max       Total
                         Freq      Flow      Flow      Volume
  Outfall Node           Pcnt       CMS       CMS    10^6 ltr
  -----------------------------------------------------------
  Outlet                 0.00     0.000     0.000       0.000
  -----------------------------------------------------------
  System                 0.00     0.000     0.000       0.000
  
  
  ********************
  Link Flow Summary
  ********************
  
  -----------------------------------------------------------------------------
                                 Maximum  Time of Max   Maximum    Max/    Max/
                                  |Flow|   Occurrence   |Veloc|    Full    Full
  Link                 Type          CMS  days hr:min     m/sec    Flow   Depth
  -----------------------------------------------------------------------------
  be                   CONDUIT     0.000     0  00:00      0.00    0.00    0.00
  ce                   CONDUIT     0.000     0  00:00      0.00    0.00    0.00
  GoOut                CONDUIT     0.000     0  00:00      0.00    0.00    0.00
  dc                   CONDUIT     0.000     0  00:00      0.00    0.00    0.00
  ab                   CONDUIT     0.000     0  00:00      0.00    0.00    0.00
  
  
  ***************************
  Flow Classification Summary
  ***************************
  
  -------------------------------------------------------------------------------------
                      Adjusted    ---------- Fraction of Time in Flow Class ---------- 
                       /Actual         Up    Down  Sub   Sup   Up    Down  Norm  Inlet 
  Conduit               Length    Dry  Dry   Dry   Crit  Crit  Crit  Crit  Ltd   Ctrl  
  -------------------------------------------------------------------------------------
  be                      1.00   1.00  0.00  0.00  0.00  0.00  0.00  0.00  0.00  0.00
  ce                      1.00   1.00  0.00  0.00  0.00  0.00  0.00  0.00  0.00  0.00
  GoOut                   1.00   1.00  0.00  0.00  0.00  0.00  0.00  0.00  0.00  0.00
  dc                      1.00   1.00  0.00  0.00  0.00  0.00  0.00  0.00  0.00  0.00
  ab                      1.00   1.00  0.00  0.00  0.00  0.00  0.00  0.00  0.00  0.00
  
  
  *************************
  Conduit Surcharge Summary
  *************************
  
  No conduits were surcharged.
  

  Analysis begun on:  Sun Jul 19 15:22:56 2026
  Analysis ended on:  Sun Jul 19 15:22:56 2026
  Total elapsed time: < 1 sec