
  EPA STORM WATER MANAGEMENT MODEL - VERSION 5.2 (Build 5.2.4)
  ------------------------------------------------------------

  Converted from XPSWMM .xp file 
  WARNING 04: minimum elevation drop used for Conduit S1-S2
  WARNING 04: minimum elevation drop used for Conduit S3-S4
  WARNING 08: elevation drop exceeds length for Conduit 33
  
  ****************
  Analysis Options
  ****************
  Flow Units ............... CFS
  Process Models:
    Rainfall/Runoff ........ NO
    RDII ................... NO
    Snowmelt ............... NO
    Groundwater ............ NO
    Flow Routing ........... YES
    Ponding Allowed ........ NO
    Water Quality .......... NO
  Flow Routing Method ...... DYNWAVE
  Surcharge Method ......... EXTRAN
  Starting Date ............ 01/01/2001 00:00:00
  Ending Date .............. 01/02/2001 00:00:00
  Antecedent Dry Days ...... 0.0
  Report Time Step ......... 00:15:00
  Routing Time Step ........ 20.00 sec
  Variable Time Step ....... YES
  Maximum Trials ........... 8
  Number of Threads ........ 1
  Head Tolerance ........... 0.005000 ft
  
  
  **************************        Volume        Volume
  Flow Routing Continuity        acre-feet      10^6 gal
  **************************     ---------     ---------
  Dry Weather Inflow .......         0.000         0.000
  Wet Weather Inflow .......         0.000         0.000
  Groundwater Inflow .......         0.000         0.000
  RDII Inflow ..............         0.000         0.000
  External Inflow ..........         5.950         1.939
  External Outflow .........         0.000         0.000
  Flooding Loss ............         5.942         1.936
  Evaporation Loss .........         0.000         0.000
  Exfiltration Loss ........         0.000         0.000
  Initial Stored Volume ....         0.000         0.000
  Final Stored Volume ......         0.008         0.003
  Continuity Error (%) .....         0.006
  
  
  ***************************
  Time-Step Critical Elements
  ***************************
  Link S6-S7 (99.96%)
  
  
  ********************************
  Highest Flow Instability Indexes
  ********************************
  All links are stable.
  
  
  *********************************
  Most Frequent Nonconverging Nodes
  *********************************
  Convergence obtained at all time steps.
  
  
  *************************
  Routing Time Step Summary
  *************************
  Minimum Time Step           :     1.89 sec
  Average Time Step           :     5.72 sec
  Maximum Time Step           :    14.26 sec
  % of Time in Steady State   :     0.00
  Average Iterations per Step :     2.00
  % of Steps Not Converging   :     0.00
  Time Step Frequencies       :
     20.000 -  9.564 sec      :     0.01 %
      9.564 -  4.573 sec      :    99.97 %
      4.573 -  2.187 sec      :     0.01 %
      2.187 -  1.046 sec      :     0.01 %
      1.046 -  0.500 sec      :     0.00 %
  
  
  ******************
  Node Depth Summary
  ******************
  
  ---------------------------------------------------------------------------------
                                 Average  Maximum  Maximum  Time of Max    Reported
                                   Depth    Depth      HGL   Occurrence   Max Depth
  Node                 Type         Feet     Feet     Feet  days hr:min        Feet
  ---------------------------------------------------------------------------------
  1                    JUNCTION     0.56     0.59   142.59     0  00:00        0.56
  2                    JUNCTION     0.20     0.21   142.21     0  00:01        0.21
  3                    JUNCTION     0.61     0.63   133.38     0  00:02        0.61
  4                    JUNCTION     0.29     0.29   133.04     0  00:01        0.29
  5                    JUNCTION     0.44     0.47   124.27     0  00:00        0.44
  6                    JUNCTION     0.38     0.38   123.68     0  00:01        0.38
  7                    JUNCTION     0.44     0.44   116.04     0  00:01        0.44
  8                    JUNCTION     1.00     1.00   112.10     0  00:02        1.00
  9                    JUNCTION     0.00     0.00   110.30     0  00:00        0.00
  10                   JUNCTION     1.00     1.00   111.60     0  00:01        1.00
  11                   JUNCTION     0.00     0.00   119.50     0  00:00        0.00
  32                   OUTFALL      0.00     0.00     0.00     0  00:00        0.00
  
  
  *******************
  Node Inflow Summary
  *******************
  
  -------------------------------------------------------------------------------------------------
                                  Maximum  Maximum                  Lateral       Total        Flow
                                  Lateral    Total  Time of Max      Inflow      Inflow     Balance
                                   Inflow   Inflow   Occurrence      Volume      Volume       Error
  Node                 Type           CFS      CFS  days hr:min    10^6 gal    10^6 gal     Percent
  -------------------------------------------------------------------------------------------------
  1                    JUNCTION      1.00     1.00     0  00:00       0.646       0.646       0.027
  2                    JUNCTION      0.00     1.07     0  00:01           0       0.646       0.016
  3                    JUNCTION      1.00     1.00     0  00:00       0.646       0.646       0.029
  4                    JUNCTION      0.00     2.10     0  00:01           0        1.29       0.018
  5                    JUNCTION      1.00     1.00     0  00:00       0.646       0.646       0.020
  6                    JUNCTION      0.00     3.08     0  00:01           0        1.94       0.017
  7                    JUNCTION      0.00     3.05     0  00:01           0        1.94       0.013
  8                    JUNCTION      0.00     3.08     0  00:01           0        1.94       0.032
  9                    JUNCTION      0.00     0.00     0  00:00           0           0       0.000 gal
  10                   JUNCTION      0.00     2.77     0  00:01           0        1.63       0.038
  11                   JUNCTION      0.00     0.00     0  00:00           0           0       0.000 gal
  32                   OUTFALL       0.00     0.00     0  00:00           0           0       0.000 gal
  
  
  **********************
  Node Surcharge Summary
  **********************
  
  Surcharging occurs when water rises above the top of the highest conduit.
  ---------------------------------------------------------------------
                                               Max. Height   Min. Depth
                                   Hours       Above Crown    Below Rim
  Node                 Type      Surcharged           Feet         Feet
  ---------------------------------------------------------------------
  8                    JUNCTION       23.96          0.000        0.000
  10                   JUNCTION       23.97          0.000        0.000
  
  
  *********************
  Node Flooding Summary
  *********************
  
  Flooding refers to all water that overflows a node, whether it ponds or not.
  --------------------------------------------------------------------------
                                                             Total   Maximum
                                 Maximum   Time of Max       Flood    Ponded
                        Hours       Rate    Occurrence      Volume     Depth
  Node                 Flooded       CFS   days hr:min    10^6 gal      Feet
  --------------------------------------------------------------------------
  8                      23.96      0.52      0  00:03       0.310     0.000
  10                     23.97      2.67      0  00:01       1.626     0.000
  
  
  ***********************
  Outfall Loading Summary
  ***********************
  
  -----------------------------------------------------------
                         Flow       Avg       Max       Total
                         Freq      Flow      Flow      Volume
  Outfall Node           Pcnt       CFS       CFS    10^6 gal
  -----------------------------------------------------------
  32                     0.00      0.00      0.00       0.000
  -----------------------------------------------------------
  System                 0.00      0.00      0.00       0.000
  
  
  ********************
  Link Flow Summary
  ********************
  
  -----------------------------------------------------------------------------
                                 Maximum  Time of Max   Maximum    Max/    Max/
                                  |Flow|   Occurrence   |Veloc|    Full    Full
  Link                 Type          CFS  days hr:min    ft/sec    Flow   Depth
  -----------------------------------------------------------------------------
  S1-S2                CONDUIT      1.07     0  00:01      3.73    9.51    0.40
  S3-S4                CONDUIT      1.05     0  00:01      3.37    9.28    0.46
  S5-S6                CONDUIT      1.08     0  00:00      4.46    0.43    0.41
  S2-S4                CONDUIT      1.08     0  00:01      6.93    0.10    0.25
  S4-S6                CONDUIT      2.07     0  00:01      8.93    0.19    0.34
  S6-S7                CONDUIT      3.05     0  00:01     10.00    0.31    0.41
  S7-S8                CONDUIT      3.08     0  00:01      7.65    0.41    0.72
  S8-S10               CONDUIT      2.77     0  00:01      4.27    1.10    1.00
  S10-S11              CONDUIT      0.00     0  00:00      0.00    0.00    0.50
  S11-S9               CONDUIT      0.00     0  00:00      0.00    0.00    0.00
  33                   CONDUIT      0.00     0  00:00      0.00    0.00    0.00
  
  
  ***************************
  Flow Classification Summary
  ***************************
  
  -------------------------------------------------------------------------------------
                      Adjusted    ---------- Fraction of Time in Flow Class ---------- 
                       /Actual         Up    Down  Sub   Sup   Up    Down  Norm  Inlet 
  Conduit               Length    Dry  Dry   Dry   Crit  Crit  Crit  Crit  Ltd   Ctrl  
  -------------------------------------------------------------------------------------
  S1-S2                   1.00   0.00  0.00  0.00  0.00  1.00  0.00  0.00  0.00  0.00
  S3-S4                   1.00   0.00  0.00  0.00  1.00  0.00  0.00  0.00  0.00  0.00
  S5-S6                   1.00   0.00  0.00  0.00  0.00  1.00  0.00  0.00  0.00  0.00
  S2-S4                   1.00   0.00  0.00  0.00  0.00  1.00  0.00  0.00  1.00  0.00
  S4-S6                   1.00   0.00  0.00  0.00  0.00  1.00  0.00  0.00  1.00  0.00
  S6-S7                   1.00   0.00  0.00  0.00  0.00  1.00  0.00  0.00  1.00  0.00
  S7-S8                   1.00   0.00  0.00  0.00  0.00  1.00  0.00  0.00  1.00  0.00
  S8-S10                  1.00   0.00  0.00  0.00  1.00  0.00  0.00  0.00  0.00  0.00
  S10-S11                 1.00   0.00  1.00  0.00  0.00  0.00  0.00  0.00  0.00  0.00
  S11-S9                  1.00   1.00  0.00  0.00  0.00  0.00  0.00  0.00  0.00  0.00
  33                      1.00   1.00  0.00  0.00  0.00  0.00  0.00  0.00  0.00  0.00
  
  
  *************************
  Conduit Surcharge Summary
  *************************
  
  ----------------------------------------------------------------------------
                                                           Hours        Hours 
                         --------- Hours Full --------   Above Full   Capacity
  Conduit                Both Ends  Upstream  Dnstream   Normal Flow   Limited
  ----------------------------------------------------------------------------
  S1-S2                       0.01      0.01      0.01     24.00         0.01
  S3-S4                       0.01      0.01      0.01     24.00         0.01
  S7-S8                       0.01      0.01     23.96      0.01         0.01
  S8-S10                     23.96     23.96     23.97      0.03         0.01
  

  Analysis begun on:  Wed Jul 22 14:19:05 2026
  Analysis ended on:  Wed Jul 22 14:19:06 2026
  Total elapsed time: 00:00:01