
  EPA STORM WATER MANAGEMENT MODEL - VERSION 5.2 (Build 5.2.4)
  ------------------------------------------------------------

  This is a test file for XPX 
  
  ****************
  Analysis Options
  ****************
  Flow Units ............... CFS
  Process Models:
    Rainfall/Runoff ........ NO
    RDII ................... NO
    Snowmelt ............... NO
    Groundwater ............ NO
    Flow Routing ........... YES
    Ponding Allowed ........ NO
    Water Quality .......... NO
  Flow Routing Method ...... DYNWAVE
  Surcharge Method ......... EXTRAN
  Starting Date ............ 01/01/2001 00:00:00
  Ending Date .............. 01/02/2001 00:00:00
  Antecedent Dry Days ...... 0.0
  Report Time Step ......... 00:15:00
  Routing Time Step ........ 60.00 sec
  Variable Time Step ....... YES
  Maximum Trials ........... 50
  Number of Threads ........ 1
  Head Tolerance ........... 0.005000 ft
  
  
  **************************        Volume        Volume
  Flow Routing Continuity        acre-feet      10^6 gal
  **************************     ---------     ---------
  Dry Weather Inflow .......         0.000         0.000
  Wet Weather Inflow .......         0.000         0.000
  Groundwater Inflow .......         0.000         0.000
  RDII Inflow ..............         0.000         0.000
  External Inflow ..........        59.502        19.390
  External Outflow .........        63.751        20.774
  Flooding Loss ............        19.832         6.462
  Evaporation Loss .........         0.000         0.000
  Exfiltration Loss ........         0.000         0.000
  Initial Stored Volume ....         0.000         0.000
  Final Stored Volume ......         0.321         0.104
  Continuity Error (%) .....       -41.010
  
  
  *************************
  Highest Continuity Errors
  *************************
  Node mh (-60.71%)
  
  
  ***************************
  Time-Step Critical Elements
  ***************************
  None
  
  
  ********************************
  Highest Flow Instability Indexes
  ********************************
  All links are stable.
  
  
  *********************************
  Most Frequent Nonconverging Nodes
  *********************************
  Convergence obtained at all time steps.
  
  
  *************************
  Routing Time Step Summary
  *************************
  Minimum Time Step           :    20.84 sec
  Average Time Step           :    59.83 sec
  Maximum Time Step           :    60.00 sec
  % of Time in Steady State   :     0.00
  Average Iterations per Step :     2.08
  % of Steps Not Converging   :     0.14
  Time Step Frequencies       :
     60.000 - 23.031 sec      :    99.79 %
     23.031 -  8.841 sec      :     0.21 %
      8.841 -  3.393 sec      :     0.00 %
      3.393 -  1.303 sec      :     0.00 %
      1.303 -  0.500 sec      :     0.00 %
  
  
  ******************
  Node Depth Summary
  ******************
  
  ---------------------------------------------------------------------------------
                                 Average  Maximum  Maximum  Time of Max    Reported
                                   Depth    Depth      HGL   Occurrence   Max Depth
  Node                 Type         Feet     Feet     Feet  days hr:min        Feet
  ---------------------------------------------------------------------------------
  mh                   JUNCTION   102.52   114.44   314.44     0  00:03      104.90
  mh_2                 JUNCTION     0.00     0.00   200.00     0  00:00        0.00
  mh_3                 JUNCTION     0.00     0.00   155.00     0  00:00        0.00
  mh_4                 JUNCTION     0.00     0.00   125.00     0  00:00        0.00
  mh_5                 JUNCTION     0.00     0.00   120.00     0  00:00        0.00
  mh_6                 JUNCTION     0.00     0.00   111.00     0  00:00        0.00
  mh_7                 JUNCTION     0.00     0.00   137.00     0  00:00        0.00
  mh_8                 JUNCTION     0.00     0.00   130.00     0  00:00        0.00
  mh_9                 JUNCTION     0.00     0.00   125.00     0  00:00        0.00
  outlet               OUTFALL      0.00     0.00   100.00     0  00:00        0.00
  
  
  *******************
  Node Inflow Summary
  *******************
  
  -------------------------------------------------------------------------------------------------
                                  Maximum  Maximum                  Lateral       Total        Flow
                                  Lateral    Total  Time of Max      Inflow      Inflow     Balance
                                   Inflow   Inflow   Occurrence      Volume      Volume       Error
  Node                 Type           CFS      CFS  days hr:min    10^6 gal    10^6 gal     Percent
  -------------------------------------------------------------------------------------------------
  mh                   JUNCTION     20.00    20.00     0  00:00        12.9        12.9     -37.777
  mh_2                 JUNCTION      0.00     0.00     0  00:00           0           0       0.000 gal
  mh_3                 JUNCTION      0.00     0.00     0  00:00           0           0       0.000 gal
  mh_4                 JUNCTION      0.00     0.00     0  00:00           0           0       0.000 gal
  mh_5                 JUNCTION      0.00     0.00     0  00:00           0           0       0.000 gal
  mh_6                 JUNCTION      0.00     0.00     0  00:00           0           0       0.000 gal
  mh_7                 JUNCTION     10.00    10.00     0  00:00        6.46        6.46       0.000
  mh_8                 JUNCTION      0.00     0.00     0  00:00           0           0       0.000 gal
  mh_9                 JUNCTION      0.00     0.00     0  00:00           0           0       0.000 gal
  outlet               OUTFALL       0.00  2900.05     0  00:06           0        20.8       0.000
  
  
  **********************
  Node Surcharge Summary
  **********************
  
  Surcharging occurs when water rises above the top of the highest conduit.
  ---------------------------------------------------------------------
                                               Max. Height   Min. Depth
                                   Hours       Above Crown    Below Rim
  Node                 Type      Surcharged           Feet         Feet
  ---------------------------------------------------------------------
  mh_2                 JUNCTION       24.00          0.000        0.000
  mh_3                 JUNCTION       24.00          0.000        0.000
  mh_4                 JUNCTION       24.00          0.000        0.000
  mh_5                 JUNCTION       24.00          0.000        0.000
  mh_6                 JUNCTION       24.00          0.000        0.000
  mh_7                 JUNCTION       24.00          0.000        0.000
  mh_8                 JUNCTION       24.00          0.000        0.000
  mh_9                 JUNCTION       24.00          0.000        0.000
  
  
  *********************
  Node Flooding Summary
  *********************
  
  Flooding refers to all water that overflows a node, whether it ponds or not.
  --------------------------------------------------------------------------
                                                             Total   Maximum
                                 Maximum   Time of Max       Flood    Ponded
                        Hours       Rate    Occurrence      Volume     Depth
  Node                 Flooded       CFS   days hr:min    10^6 gal      Feet
  --------------------------------------------------------------------------
  mh_7                   24.00     10.00      0  00:00       6.463     0.000
  
  
  ***********************
  Outfall Loading Summary
  ***********************
  
  -----------------------------------------------------------
                         Flow       Avg       Max       Total
                         Freq      Flow      Flow      Volume
  Outfall Node           Pcnt       CFS       CFS    10^6 gal
  -----------------------------------------------------------
  outlet                99.58     32.49   2900.05      20.773
  -----------------------------------------------------------
  System                99.58     32.49   2900.05      20.773
  
  
  ********************
  Link Flow Summary
  ********************
  
  -----------------------------------------------------------------------------
                                 Maximum  Time of Max   Maximum    Max/    Max/
                                  |Flow|   Occurrence   |Veloc|    Full    Full
  Link                 Type          CFS  days hr:min    ft/sec    Flow   Depth
  -----------------------------------------------------------------------------
  LA1                  CONDUIT      0.00     0  00:00      0.00    0.00    0.00
  LA2                  CONDUIT      0.00     0  00:00      0.00    0.00    0.00
  LA3                  CONDUIT      0.00     0  00:00      0.00    0.00    0.50
  nacond               CONDUIT      0.00     0  00:00      0.00    0.00    1.00
  LA5                  CONDUIT      0.00     0  00:00      0.00    0.00    1.00
  LA6                  CONDUIT   2900.05     0  00:06     32.76    0.97    1.00
  LB1                  CONDUIT      0.00     0  00:00      0.00    0.00    0.00
  LB2                  CONDUIT      0.00     0  00:00      0.00    0.00    0.30
  LB3                  CONDUIT      0.00     0  00:00      0.00    0.00    0.75
  
  
  ***************************
  Flow Classification Summary
  ***************************
  
  -------------------------------------------------------------------------------------
                      Adjusted    ---------- Fraction of Time in Flow Class ---------- 
                       /Actual         Up    Down  Sub   Sup   Up    Down  Norm  Inlet 
  Conduit               Length    Dry  Dry   Dry   Crit  Crit  Crit  Crit  Ltd   Ctrl  
  -------------------------------------------------------------------------------------
  LA1                     1.00   1.00  0.00  0.00  0.00  0.00  0.00  0.00  0.00  0.00
  LA2                     1.00   1.00  0.00  0.00  0.00  0.00  0.00  0.00  0.00  0.00
  LA3                     1.00   0.97  0.03  0.00  0.00  0.00  0.00  0.00  0.00  0.00
  nacond                  1.00   0.00  0.97  0.00  0.03  0.00  0.00  0.00  0.00  0.00
  LA5                     1.00   0.00  0.00  0.00  1.00  0.00  0.00  0.00  0.00  0.00
  LA6                     1.00   0.00  0.00  0.00  0.00  0.00  0.00  1.00  0.00  0.00
  LB1                     1.00   1.00  0.00  0.00  0.00  0.00  0.00  0.00  0.00  0.00
  LB2                     1.00   1.00  0.00  0.00  0.00  0.00  0.00  0.00  0.00  0.00
  LB3                     1.00   0.00  1.00  0.00  0.00  0.00  0.00  0.00  0.00  0.00
  
  
  *************************
  Conduit Surcharge Summary
  *************************
  
  ----------------------------------------------------------------------------
                                                           Hours        Hours 
                         --------- Hours Full --------   Above Full   Capacity
  Conduit                Both Ends  Upstream  Dnstream   Normal Flow   Limited
  ----------------------------------------------------------------------------
  LA1                        23.98     23.98     23.98      0.01         0.01
  LA2                        23.98     23.98     23.98      0.01         0.01
  LA3                        23.94     23.94     23.98      0.01         0.01
  nacond                      0.08      0.08      0.08      0.01         0.01
  LA5                         0.04      0.04      0.04      0.01         0.01
  LA6                         0.01      0.04      0.01      0.01         0.01
  LB1                         0.04      0.04     23.98      0.01         0.01
  LB2                        23.98     23.98     23.98      0.01         0.01
  LB3                         0.04      0.04     23.98      0.01         0.01
  

  Analysis begun on:  Sun Jul 19 15:23:51 2026
  Analysis ended on:  Sun Jul 19 15:23:51 2026
  Total elapsed time: < 1 sec