
  EPA STORM WATER MANAGEMENT MODEL - VERSION 5.2 (Build 5.2.4)
  ------------------------------------------------------------

  Converted from XPSWMM .xp file 
  WARNING 04: minimum elevation drop used for Conduit 2149
  WARNING 04: minimum elevation drop used for Conduit 128
  WARNING 04: minimum elevation drop used for Conduit 126
  WARNING 04: minimum elevation drop used for Conduit 2126
  WARNING 04: minimum elevation drop used for Conduit 125
  WARNING 04: minimum elevation drop used for Conduit 2125
  WARNING 04: minimum elevation drop used for Conduit 127
  
  ****************
  Analysis Options
  ****************
  Flow Units ............... CFS
  Process Models:
    Rainfall/Runoff ........ NO
    RDII ................... NO
    Snowmelt ............... NO
    Groundwater ............ NO
    Flow Routing ........... YES
    Ponding Allowed ........ NO
    Water Quality .......... NO
  Flow Routing Method ...... DYNWAVE
  Surcharge Method ......... EXTRAN
  Starting Date ............ 01/01/2001 00:00:00
  Ending Date .............. 01/02/2001 00:00:00
  Antecedent Dry Days ...... 0.0
  Report Time Step ......... 00:15:00
  Routing Time Step ........ 10.00 sec
  Variable Time Step ....... YES
  Maximum Trials ........... 50
  Number of Threads ........ 1
  Head Tolerance ........... 0.003300 ft
  
  
  **************************        Volume        Volume
  Flow Routing Continuity        acre-feet      10^6 gal
  **************************     ---------     ---------
  Dry Weather Inflow .......         0.000         0.000
  Wet Weather Inflow .......         0.000         0.000
  Groundwater Inflow .......         0.000         0.000
  RDII Inflow ..............         0.000         0.000
  External Inflow ..........         0.167         0.054
  External Outflow .........         0.105         0.034
  Flooding Loss ............         0.025         0.008
  Evaporation Loss .........         0.000         0.000
  Exfiltration Loss ........         0.000         0.000
  Initial Stored Volume ....         0.000         0.000
  Final Stored Volume ......         0.021         0.007
  Continuity Error (%) .....         9.497
  
  
  *************************
  Highest Continuity Errors
  *************************
  Node J126 (99.29%)
  Node J128 (83.98%)
  Node J2128 (10.70%)
  Node J2126 (5.96%)
  Node J2125 (4.82%)
  
  
  ***************************
  Time-Step Critical Elements
  ***************************
  None
  
  
  ********************************
  Highest Flow Instability Indexes
  ********************************
  All links are stable.
  
  
  *********************************
  Most Frequent Nonconverging Nodes
  *********************************
  Node J2149 (0.02%)
  Node J127 (0.01%)
  Node J125 (0.01%)
  Node J2126 (0.01%)
  
  
  *************************
  Routing Time Step Summary
  *************************
  Minimum Time Step           :     9.50 sec
  Average Time Step           :    10.00 sec
  Maximum Time Step           :    10.00 sec
  % of Time in Steady State   :     0.00
  Average Iterations per Step :     2.01
  % of Steps Not Converging   :     0.02
  Time Step Frequencies       :
     10.000 -  5.493 sec      :   100.00 %
      5.493 -  3.017 sec      :     0.00 %
      3.017 -  1.657 sec      :     0.00 %
      1.657 -  0.910 sec      :     0.00 %
      0.910 -  0.500 sec      :     0.00 %
  
  
  ******************
  Node Depth Summary
  ******************
  
  ---------------------------------------------------------------------------------
                                 Average  Maximum  Maximum  Time of Max    Reported
                                   Depth    Depth      HGL   Occurrence   Max Depth
  Node                 Type         Feet     Feet     Feet  days hr:min        Feet
  ---------------------------------------------------------------------------------
  J2128                JUNCTION     4.85     5.31   155.31     0  22:23        5.31
  J128                 JUNCTION     4.30     5.31   155.31     0  22:26        5.31
  J126                 JUNCTION     4.89     5.43   155.43     0  18:40        5.43
  J2126                JUNCTION     5.33     5.43   155.43     0  18:49        5.43
  J127                 JUNCTION     5.28     5.33   155.33     0  00:54        5.33
  J2125                JUNCTION     5.02     5.43   155.43     0  18:50        5.43
  J125                 JUNCTION     4.87     5.44   155.44     0  18:50        5.44
  J2149                OUTFALL      0.00     0.00   150.00     0  00:00        0.00
  S128                 STORAGE      0.00     0.00     7.25     0  00:00        0.00
  S126                 STORAGE      0.00     0.00     7.82     0  00:00        0.00
  S127                 STORAGE      0.00     0.00     8.20     0  00:00        0.00
  S125                 STORAGE      0.00     0.00     8.22     0  00:00        0.00
  M125                 STORAGE      4.75     5.04   155.04     0  03:25        5.04
  
  
  *******************
  Node Inflow Summary
  *******************
  
  -------------------------------------------------------------------------------------------------
                                  Maximum  Maximum                  Lateral       Total        Flow
                                  Lateral    Total  Time of Max      Inflow      Inflow     Balance
                                   Inflow   Inflow   Occurrence      Volume      Volume       Error
  Node                 Type           CFS      CFS  days hr:min    10^6 gal    10^6 gal     Percent
  -------------------------------------------------------------------------------------------------
  J2128                JUNCTION      0.00     0.07     0  05:12           0      0.0391      11.982
  J128                 JUNCTION      0.00     0.02     0  05:07           0    0.000663     524.200
  J126                 JUNCTION      0.00     0.03     0  03:37           0     0.00125   13967.955
  J2126                JUNCTION      0.04     0.07     0  18:45      0.0271      0.0435       6.334
  J127                 JUNCTION      0.04     0.04     0  00:00      0.0271      0.0271       3.290
  J2125                JUNCTION      0.00     0.04     0  02:44           0      0.0172       5.066
  J125                 JUNCTION      0.00     0.04     0  02:41           0      0.0171       3.666
  J2149                OUTFALL       0.00     0.07     0  22:23           0      0.0342       0.000
  S128                 STORAGE       0.00     0.00     0  00:00           0           0       0.000 gal
  S126                 STORAGE       0.00     0.00     0  00:00           0           0       0.000 gal
  S127                 STORAGE       0.00     0.00     0  00:00           0           0       0.000 gal
  S125                 STORAGE       0.00     0.03     0  03:25           0      0.0171      -0.003
  M125                 STORAGE       0.00     0.03     1  00:00           0      0.0182       0.275
  
  
  **********************
  Node Surcharge Summary
  **********************
  
  Surcharging occurs when water rises above the top of the highest conduit.
  ---------------------------------------------------------------------
                                               Max. Height   Min. Depth
                                   Hours       Above Crown    Below Rim
  Node                 Type      Surcharged           Feet         Feet
  ---------------------------------------------------------------------
  J127                 JUNCTION       23.09          0.000        0.000
  
  
  *********************
  Node Flooding Summary
  *********************
  
  Flooding refers to all water that overflows a node, whether it ponds or not.
  --------------------------------------------------------------------------
                                                             Total   Maximum
                                 Maximum   Time of Max       Flood    Ponded
                        Hours       Rate    Occurrence      Volume     Depth
  Node                 Flooded       CFS   days hr:min    10^6 gal      Feet
  --------------------------------------------------------------------------
  J127                   23.09      0.01      0  00:54       0.008     0.000
  
  
  **********************
  Storage Volume Summary
  **********************
  
  ------------------------------------------------------------------------------------------------
                         Average    Avg   Evap  Exfil     Maximum    Max    Time of Max    Maximum
                          Volume   Pcnt   Pcnt   Pcnt      Volume   Pcnt     Occurrence    Outflow
  Storage Unit          1000 ft³   Full   Loss   Loss    1000 ft³   Full    days hr:min        CFS
  ------------------------------------------------------------------------------------------------
  S128                     0.000    0.0    0.0    0.0       0.000    0.0       0  00:00       0.00
  S126                     0.000    0.0    0.0    0.0       0.000    0.0       0  00:00       0.00
  S127                     0.000    0.0    0.0    0.0       0.000    0.0       0  00:00       0.00
  S125                     0.000    0.0    0.0    0.0       0.000    0.0       0  00:00       0.03
  M125                     0.133   47.5    0.0    0.0       0.141   50.4       0  03:25       0.03
  
  
  ***********************
  Outfall Loading Summary
  ***********************
  
  -----------------------------------------------------------
                         Flow       Avg       Max       Total
                         Freq      Flow      Flow      Volume
  Outfall Node           Pcnt       CFS       CFS    10^6 gal
  -----------------------------------------------------------
  J2149                 86.39      0.06      0.07       0.034
  -----------------------------------------------------------
  System                86.39      0.06      0.07       0.034
  
  
  ********************
  Link Flow Summary
  ********************
  
  -----------------------------------------------------------------------------
                                 Maximum  Time of Max   Maximum    Max/    Max/
                                  |Flow|   Occurrence   |Veloc|    Full    Full
  Link                 Type          CFS  days hr:min    ft/sec    Flow   Depth
  -----------------------------------------------------------------------------
  2149                 CONDUIT      0.07     0  22:23      0.40    0.12    0.06
  128                  CONDUIT      0.02     0  05:07      0.54    1.77    0.62
  126                  CONDUIT      0.03     0  03:37      0.31    4.83    0.85
  2126                 CONDUIT      0.07     0  18:49      0.56    9.46    0.74
  125                  CONDUIT      0.03     0  18:39      0.42    2.14    0.87
  2125                 CONDUIT      0.03     0  18:39      0.41    2.98    0.86
  127                  CONDUIT      0.03     1  00:00      0.50   11.19    0.64
  G125                 CONDUIT      0.03     0  03:25      3.97    0.01    0.05
  8128                 PUMP         0.00     0  00:00              0.00
  8126                 PUMP         0.00     0  00:00              0.00
  8127                 PUMP         0.00     0  00:00              0.00
  8125                 PUMP         0.03     0  03:25              0.00
  
  
  ***************************
  Flow Classification Summary
  ***************************
  
  -------------------------------------------------------------------------------------
                      Adjusted    ---------- Fraction of Time in Flow Class ---------- 
                       /Actual         Up    Down  Sub   Sup   Up    Down  Norm  Inlet 
  Conduit               Length    Dry  Dry   Dry   Crit  Crit  Crit  Crit  Ltd   Ctrl  
  -------------------------------------------------------------------------------------
  2149                    1.00   0.11  0.00  0.00  0.00  0.00  0.00  0.89  0.00  0.00
  128                     1.00   0.11  0.00  0.00  0.79  0.00  0.10  0.00  0.00  0.00
  126                     1.00   0.02  0.00  0.00  0.87  0.00  0.11  0.00  0.00  0.00
  2126                    1.00   0.02  0.00  0.00  0.85  0.00  0.00  0.13  0.00  0.00
  125                     1.00   0.10  0.00  0.00  0.89  0.00  0.01  0.00  0.00  0.00
  2125                    1.00   0.02  0.00  0.00  0.90  0.00  0.08  0.00  0.00  0.00
  127                     1.00   0.02  0.00  0.00  0.00  0.00  0.00  0.98  0.00  0.00
  G125                    1.00   0.09  0.00  0.00  0.00  0.00  0.00  0.91  0.00  0.00
  
  
  *************************
  Conduit Surcharge Summary
  *************************
  
  ----------------------------------------------------------------------------
                                                           Hours        Hours 
                         --------- Hours Full --------   Above Full   Capacity
  Conduit                Both Ends  Upstream  Dnstream   Normal Flow   Limited
  ----------------------------------------------------------------------------
  128                         0.01      0.01      0.01      0.56         0.01
  126                         0.01      0.01      0.01      3.06         0.01
  2126                        0.01      0.01      0.01     22.62         0.01
  125                         0.01      0.01      0.01     21.30         0.01
  2125                        0.01      0.01      0.01     22.60         0.01
  127                         0.01     23.09      0.01     23.48         0.01
  
  
  ***************
  Pumping Summary
  ***************
  
  ---------------------------------------------------------------------------------------------------------
                                                  Min       Avg       Max     Total     Power    % Time Off
                        Percent   Number of      Flow      Flow      Flow    Volume     Usage    Pump Curve
  Pump                 Utilized   Start-Ups       CFS       CFS       CFS  10^6 gal     Kw-hr    Low   High
  ---------------------------------------------------------------------------------------------------------
  8128                     0.00           0      0.00      0.00      0.00     0.000      0.00    0.0    0.0
  8126                     0.00           0      0.00      0.00      0.00     0.000      0.00    0.0    0.0
  8127                     0.00           0      0.00      0.00      0.00     0.000      0.00    0.0    0.0
  8125                    91.48           1      0.00      0.03      0.03     0.017      7.90    0.0    0.0
  

  Analysis begun on:  Wed Jul 22 14:20:04 2026
  Analysis ended on:  Wed Jul 22 14:20:05 2026
  Total elapsed time: 00:00:01