
  EPA STORM WATER MANAGEMENT MODEL - VERSION 5.2 (Build 5.2.4)
  ------------------------------------------------------------

  Sweetwater Creek Tampa Florida Workshop Example 
  WARNING 04: minimum elevation drop used for Conduit A2
  
  ****************
  Analysis Options
  ****************
  Flow Units ............... CFS
  Process Models:
    Rainfall/Runoff ........ NO
    RDII ................... NO
    Snowmelt ............... NO
    Groundwater ............ NO
    Flow Routing ........... YES
    Ponding Allowed ........ NO
    Water Quality .......... NO
  Flow Routing Method ...... DYNWAVE
  Surcharge Method ......... EXTRAN
  Starting Date ............ 01/01/2001 00:00:00
  Ending Date .............. 01/02/2001 00:00:00
  Antecedent Dry Days ...... 0.0
  Report Time Step ......... 00:15:00
  Routing Time Step ........ 20.00 sec
  Variable Time Step ....... YES
  Maximum Trials ........... 50
  Number of Threads ........ 1
  Head Tolerance ........... 0.005000 ft
  
  
  **************************        Volume        Volume
  Flow Routing Continuity        acre-feet      10^6 gal
  **************************     ---------     ---------
  Dry Weather Inflow .......         0.000         0.000
  Wet Weather Inflow .......         0.000         0.000
  Groundwater Inflow .......         0.000         0.000
  RDII Inflow ..............         0.000         0.000
  External Inflow ..........        15.867         5.171
  External Outflow .........         0.000         0.000
  Flooding Loss ............         5.951         1.939
  Evaporation Loss .........         0.000         0.000
  Exfiltration Loss ........         0.000         0.000
  Initial Stored Volume ....         0.046         0.015
  Final Stored Volume ......         2.066         0.673
  Continuity Error (%) .....        49.623
  
  
  *************************
  Highest Continuity Errors
  *************************
  Node Plantation (42.05%)
  Node A6 (26.37%)
  Node B7 (4.47%)
  Node B4 (-2.16%)
  
  
  ***************************
  Time-Step Critical Elements
  ***************************
  Link Culvert (99.79%)
  
  
  ********************************
  Highest Flow Instability Indexes
  ********************************
  Link Weir (142)
  
  
  *********************************
  Most Frequent Nonconverging Nodes
  *********************************
  Node Gauged (95.14%)
  Node Plantation (95.00%)
  Node A6 (92.51%)
  Node B6 (0.05%)
  Node A3 (0.05%)
  
  
  *************************
  Routing Time Step Summary
  *************************
  Minimum Time Step           :     1.75 sec
  Average Time Step           :    14.13 sec
  Maximum Time Step           :    20.00 sec
  % of Time in Steady State   :     0.00
  Average Iterations per Step :    47.90
  % of Steps Not Converging   :    95.14
  Time Step Frequencies       :
     20.000 -  9.564 sec      :    99.75 %
      9.564 -  4.573 sec      :     0.21 %
      4.573 -  2.187 sec      :     0.02 %
      2.187 -  1.046 sec      :     0.02 %
      1.046 -  0.500 sec      :     0.00 %
  
  
  ******************
  Node Depth Summary
  ******************
  
  ---------------------------------------------------------------------------------
                                 Average  Maximum  Maximum  Time of Max    Reported
                                   Depth    Depth      HGL   Occurrence   Max Depth
  Node                 Type         Feet     Feet     Feet  days hr:min        Feet
  ---------------------------------------------------------------------------------
  A1                   JUNCTION    27.96    28.33    58.73     0  00:01       28.13
  A3                   JUNCTION    27.10    27.71    58.41     0  00:02       27.21
  A4                   JUNCTION    27.18    27.30    57.90     0  00:25       27.30
  A8                   JUNCTION     0.00     0.00    28.30     0  00:00        0.00
  A10                  JUNCTION     0.00     0.00    27.40     0  00:00        0.00
  A11                  JUNCTION     0.00     0.00    27.20     0  00:00        0.00
  B1                   JUNCTION    27.33    27.62    58.12     0  00:02       27.55
  B3                   JUNCTION    24.97    25.39    54.89     0  00:03       25.15
  B4                   JUNCTION    24.90    25.47    54.47     0  00:12       25.47
  B7                   JUNCTION    23.59    23.82    51.82     0  01:46       23.82
  B6                   JUNCTION    23.53    23.77    51.97     0  00:32       23.77
  A6                   JUNCTION     7.44     8.74    38.24     0  08:38        8.74
  Gauged               OUTFALL      0.00     0.00    26.10     0  00:00        0.00
  Plantation           STORAGE      7.36     9.09    38.59     0  08:28        9.08
  Confluence           STORAGE      1.58     1.60    28.60     0  00:20        1.60
  
  
  *******************
  Node Inflow Summary
  *******************
  
  -------------------------------------------------------------------------------------------------
                                  Maximum  Maximum                  Lateral       Total        Flow
                                  Lateral    Total  Time of Max      Inflow      Inflow     Balance
                                   Inflow   Inflow   Occurrence      Volume      Volume       Error
  Node                 Type           CFS      CFS  days hr:min    10^6 gal    10^6 gal     Percent
  -------------------------------------------------------------------------------------------------
  A1                   JUNCTION      5.00     5.00     0  00:00        3.23        3.23      -0.707
  A3                   JUNCTION      0.00    17.83     0  00:01           0        3.25      -0.819
  A4                   JUNCTION      0.00    36.13     0  00:02           0        3.28       0.829
  A8                   JUNCTION      0.00     0.00     0  00:00           0           0       0.000 gal
  A10                  JUNCTION      0.00     0.00     0  00:00           0           0       0.000 gal
  A11                  JUNCTION      0.00     0.00     0  00:00           0           0       0.000 gal
  B1                   JUNCTION      3.00     3.00     0  00:00        1.94        1.94      -1.937
  B3                   JUNCTION      0.00     9.26     0  00:02           0        1.98      -0.917
  B4                   JUNCTION      0.00    10.25     0  00:04           0           2      -2.118
  B7                   JUNCTION      0.00     8.09     0  00:04           0        2.03       4.676
  B6                   JUNCTION      0.00    23.72     0  00:04           0        2.04       0.362
  A6                   JUNCTION      0.00   393.54     1  00:00           0        3.19      35.813
  Gauged               OUTFALL       0.00     0.00     0  00:00           0           0       0.000 gal
  Plantation           STORAGE       0.00   266.22     0  03:22           0        5.62      72.575
  Confluence           STORAGE       0.00     3.83     0  01:46           0        1.94       0.007
  
  
  **********************
  Node Surcharge Summary
  **********************
  
  No nodes were surcharged.
  
  
  *********************
  Node Flooding Summary
  *********************
  
  Flooding refers to all water that overflows a node, whether it ponds or not.
  --------------------------------------------------------------------------
                                                             Total   Maximum
                                 Maximum   Time of Max       Flood    Ponded
                        Hours       Rate    Occurrence      Volume     Depth
  Node                 Flooded       CFS   days hr:min    10^6 gal      Feet
  --------------------------------------------------------------------------
  Confluence             23.67      3.83      0  01:47       1.939     0.000
  
  
  **********************
  Storage Volume Summary
  **********************
  
  ------------------------------------------------------------------------------------------------
                         Average    Avg   Evap  Exfil     Maximum    Max    Time of Max    Maximum
                          Volume   Pcnt   Pcnt   Pcnt      Volume   Pcnt     Occurrence    Outflow
  Storage Unit          1000 ft³   Full   Loss   Loss    1000 ft³   Full    days hr:min        CFS
  ------------------------------------------------------------------------------------------------
  Plantation               7.364   73.6    0.0    0.0       9.092   90.9       0  08:28     393.54
  Confluence               0.158   98.8    0.0    0.0       0.160  100.0       0  00:20       0.00
  
  
  ***********************
  Outfall Loading Summary
  ***********************
  
  -----------------------------------------------------------
                         Flow       Avg       Max       Total
                         Freq      Flow      Flow      Volume
  Outfall Node           Pcnt       CFS       CFS    10^6 gal
  -----------------------------------------------------------
  Gauged                 0.00      0.00      0.00       0.000
  -----------------------------------------------------------
  System                 0.00      0.00      0.00       0.000
  
  
  ********************
  Link Flow Summary
  ********************
  
  -----------------------------------------------------------------------------
                                 Maximum  Time of Max   Maximum    Max/    Max/
                                  |Flow|   Occurrence   |Veloc|    Full    Full
  Link                 Type          CFS  days hr:min    ft/sec    Flow   Depth
  -----------------------------------------------------------------------------
  A2                   CONDUIT     17.83     0  00:01      1.93   10.92    0.44
  Culvert              CONDUIT     36.13     0  00:02      5.05    1.01    0.89
  A5                   CONDUIT      5.66     0  00:25      0.91    0.10    0.50
  A9                   CONDUIT      0.00     0  00:00      0.00    0.00    0.00
  Culvert_2            CONDUIT      0.00     0  00:00      0.00    0.00    0.00
  A12                  CONDUIT      0.00     0  00:00      0.00    0.00    0.00
  A13                  CONDUIT      0.00     0  00:00      0.00    0.00    0.00
  B2                   CONDUIT      9.26     0  00:02      1.67    0.16    0.26
  Culvert_3            CONDUIT     10.25     0  00:04      4.51    0.32    0.57
  Culvert_4            CONDUIT      8.09     0  00:04      3.97    0.44    0.50
  B8                   CONDUIT      3.83     0  01:46      0.82    0.04    0.14
  B5                   CONDUIT     23.72     0  00:04      2.95    0.47    0.48
  A7                   CONDUIT      0.00     0  00:00      0.00    0.00    0.00
  Weir                 ORIFICE    393.54     1  00:00                      0.40
  
  
  ***************************
  Flow Classification Summary
  ***************************
  
  -------------------------------------------------------------------------------------
                      Adjusted    ---------- Fraction of Time in Flow Class ---------- 
                       /Actual         Up    Down  Sub   Sup   Up    Down  Norm  Inlet 
  Conduit               Length    Dry  Dry   Dry   Crit  Crit  Crit  Crit  Ltd   Ctrl  
  -------------------------------------------------------------------------------------
  A2                      1.00   0.00  0.00  0.00  1.00  0.00  0.00  0.00  0.00  0.00
  Culvert                 1.00   0.00  0.00  0.00  1.00  0.00  0.00  0.00  0.00  0.00
  A5                      1.00   0.00  0.00  0.00  0.00  0.00  0.00  1.00  0.00  0.00
  A9                      1.00   1.00  0.00  0.00  0.00  0.00  0.00  0.00  0.00  0.00
  Culvert_2               1.00   1.00  0.00  0.00  0.00  0.00  0.00  0.00  0.00  0.00
  A12                     1.00   1.00  0.00  0.00  0.00  0.00  0.00  0.00  0.00  0.00
  A13                     1.00   1.00  0.00  0.00  0.00  0.00  0.00  0.00  0.00  0.00
  B2                      1.00   0.00  0.00  0.00  1.00  0.00  0.00  0.00  0.00  0.00
  Culvert_3               1.00   0.00  0.00  0.00  1.00  0.00  0.00  0.00  1.00  0.00
  Culvert_4               1.00   0.00  0.00  0.00  0.98  0.00  0.00  0.02  0.96  0.00
  B8                      1.00   0.00  0.00  0.00  0.00  0.00  0.00  1.00  0.00  0.00
  B5                      1.00   0.00  0.00  0.00  1.00  0.00  0.00  0.00  0.00  0.00
  A7                      1.00   1.00  0.00  0.00  0.00  0.00  0.00  0.00  0.00  0.00
  
  
  *************************
  Conduit Surcharge Summary
  *************************
  
  ----------------------------------------------------------------------------
                                                           Hours        Hours 
                         --------- Hours Full --------   Above Full   Capacity
  Conduit                Both Ends  Upstream  Dnstream   Normal Flow   Limited
  ----------------------------------------------------------------------------
  A2                          0.01      0.01      0.01     23.98         0.01
  Culvert                     0.01      0.01      0.01      0.01         0.01
  A5                          0.01      0.01      0.01      0.01         0.01
  Culvert_4                   0.01      0.01      0.01      0.01         0.01
  

  Analysis begun on:  Wed Jul 22 14:20:13 2026
  Analysis ended on:  Wed Jul 22 14:20:13 2026
  Total elapsed time: < 1 sec