
  EPA STORM WATER MANAGEMENT MODEL - VERSION 5.2 (Build 5.2.4)
  ------------------------------------------------------------

  
  ERROR 211: invalid number  at line 185 of [XSECT] section:
  NR_1             POWER        10.00      20.00      0          0          1

  
  ERROR 211: invalid number  at line 186 of [XSECT] section:
  NR_2             POWER        10.00      20.00      0          0          1

  
  ERROR 211: invalid number  at line 187 of [XSECT] section:
  NR_5             POWER        10.00      20.00      0          0          1

  
  ERROR 211: invalid number  at line 188 of [XSECT] section:
  NR_3             POWER        10.00      20.00      0          0          1

  
  ERROR 211: invalid number  at line 189 of [XSECT] section:
  NR_4             POWER        10.00      20.00      0          0          1

  
  ERROR 211: invalid number  at line 190 of [XSECT] section:
  NR_6             POWER        10.00      20.00      0          0          1

  
  ERROR 211: invalid number  at line 191 of [XSECT] section:
  NR_7             POWER        10.00      20.00      0          0          1

  
  ERROR 211: invalid number  at line 192 of [XSECT] section:
  NR_8             POWER        10.00      20.00      0          0          1

  
  ERROR 211: invalid number  at line 193 of [XSECT] section:
  NR_9             POWER        10.00      20.00      0          0          1

  
  ERROR 211: invalid number  at line 194 of [XSECT] section:
  T-11             POWER        10.00      20.00      0          0          1

  
  ERROR 211: invalid number  at line 195 of [XSECT] section:
  T-13             POWER        10.00      20.00      0          0          1

  
  ERROR 211: invalid number  at line 196 of [XSECT] section:
  T-01             POWER        10.00      20.00      0          0          1

  
  ERROR 211: invalid number  at line 197 of [XSECT] section:
  T-03             POWER        10.00      20.00      0          0          1

  
  ERROR 211: invalid number  at line 198 of [XSECT] section:
  T-04             POWER        10.00      20.00      0          0          1

  
  ERROR 211: invalid number  at line 199 of [XSECT] section:
  T-02             POWER        10.00      20.00      0          0          1

  
  ERROR 211: invalid number  at line 200 of [XSECT] section:
  T-05             POWER        10.00      20.00      0          0          1

  
  ERROR 211: invalid number  at line 201 of [XSECT] section:
  T-35             POWER        10.00      20.00      0          0          1

  
  ERROR 211: invalid number  at line 202 of [XSECT] section:
  T-09             POWER        10.00      20.00      0          0          1

  
  ERROR 211: invalid number  at line 203 of [XSECT] section:
  T-06             POWER        10.00      20.00      0          0          1

  
  ERROR 211: invalid number  at line 204 of [XSECT] section:
  T-21             POWER        10.00      20.00      0          0          1

  
  ERROR 211: invalid number  at line 205 of [XSECT] section:
  T-18             POWER        10.00      20.00      0          0          1

  
  ERROR 211: invalid number  at line 206 of [XSECT] section:
  T-16             POWER        10.00      20.00      0          0          1

  
  ERROR 211: invalid number  at line 207 of [XSECT] section:
  T-15             POWER        10.00      20.00      0          0          1

  
  ERROR 211: invalid number  at line 208 of [XSECT] section:
  T-10             POWER        10.00      20.00      0          0          1

  
  ERROR 211: invalid number  at line 209 of [XSECT] section:
  T-19             POWER        10.00      20.00      0          0          1

  
  ERROR 211: invalid number  at line 210 of [XSECT] section:
  T-29             POWER        10.00      20.00      0          0          1

  
  ERROR 211: invalid number  at line 211 of [XSECT] section:
  T-25             POWER        10.00      20.00      0          0          1

  
  ERROR 211: invalid number  at line 212 of [XSECT] section:
  T-24             POWER        10.00      20.00      0          0          1

  
  ERROR 211: invalid number  at line 213 of [XSECT] section:
  T-12             POWER        10.00      20.00      0          0          1

  
  ERROR 211: invalid number  at line 214 of [XSECT] section:
  T-14             POWER        10.00      20.00      0          0          1

  
  ERROR 211: invalid number  at line 215 of [XSECT] section:
  T-07             POWER        10.00      20.00      0          0          1

  
  ERROR 211: invalid number  at line 216 of [XSECT] section:
  T-08             POWER        10.00      20.00      0          0          1


  Analysis begun on:  Sun Jul 19 15:23:58 2026
  Analysis ended on:  Sun Jul 19 15:23:58 2026
  Total elapsed time: < 1 sec