
  EPA STORM WATER MANAGEMENT MODEL - VERSION 5.2 (Build 5.2.4)
  ------------------------------------------------------------

  OSIS IIA, Interceptor Study 
  
  ****************
  Analysis Options
  ****************
  Flow Units ............... CFS
  Process Models:
    Rainfall/Runoff ........ NO
    RDII ................... NO
    Snowmelt ............... NO
    Groundwater ............ NO
    Flow Routing ........... YES
    Ponding Allowed ........ NO
    Water Quality .......... NO
  Flow Routing Method ...... DYNWAVE
  Surcharge Method ......... EXTRAN
  Starting Date ............ 01/01/2001 00:00:00
  Ending Date .............. 01/02/2001 00:00:00
  Antecedent Dry Days ...... 0.0
  Report Time Step ......... 00:15:00
  Routing Time Step ........ 30.00 sec
  Variable Time Step ....... YES
  Maximum Trials ........... 3
  Number of Threads ........ 1
  Head Tolerance ........... 0.005000 ft
  
  
  **************************        Volume        Volume
  Flow Routing Continuity        acre-feet      10^6 gal
  **************************     ---------     ---------
  Dry Weather Inflow .......         0.000         0.000
  Wet Weather Inflow .......         0.000         0.000
  Groundwater Inflow .......         0.000         0.000
  RDII Inflow ..............         0.000         0.000
  External Inflow ..........         3.967         1.293
  External Outflow .........         0.000         0.000
  Flooding Loss ............         2.153         0.701
  Evaporation Loss .........         0.000         0.000
  Exfiltration Loss ........         0.000         0.000
  Initial Stored Volume ....         0.000         0.000
  Final Stored Volume ......         0.291         0.095
  Continuity Error (%) .....        38.393
  
  
  *************************
  Highest Continuity Errors
  *************************
  Node 1137 (100.00%)
  Node 1139 (82.35%)
  Node 1511 (-44.05%)
  Node 1141 (35.76%)
  Node 1143 (26.96%)
  
  
  ***************************
  Time-Step Critical Elements
  ***************************
  Link 1512 (96.15%)
  
  
  ********************************
  Highest Flow Instability Indexes
  ********************************
  All links are stable.
  
  
  *********************************
  Most Frequent Nonconverging Nodes
  *********************************
  Node 1067 (0.55%)
  Node 1513 (0.18%)
  Node 1511 (0.17%)
  Node 1509 (0.16%)
  Node 1503 (0.13%)
  
  
  *************************
  Routing Time Step Summary
  *************************
  Minimum Time Step           :     0.50 sec
  Average Time Step           :     2.42 sec
  Maximum Time Step           :    30.00 sec
  % of Time in Steady State   :     0.00
  Average Iterations per Step :     2.01
  % of Steps Not Converging   :     0.55
  Time Step Frequencies       :
     30.000 - 13.228 sec      :     3.69 %
     13.228 -  5.833 sec      :     0.15 %
      5.833 -  2.572 sec      :     0.01 %
      2.572 -  1.134 sec      :    96.14 %
      1.134 -  0.500 sec      :     0.02 %
  
  
  ******************
  Node Depth Summary
  ******************
  
  ---------------------------------------------------------------------------------
                                 Average  Maximum  Maximum  Time of Max    Reported
                                   Depth    Depth      HGL   Occurrence   Max Depth
  Node                 Type         Feet     Feet     Feet  days hr:min        Feet
  ---------------------------------------------------------------------------------
  1069                 JUNCTION     0.00     0.00   734.35     0  00:00        0.00
  1071                 JUNCTION     0.00     0.00   735.85     0  00:00        0.00
  1073                 JUNCTION     0.00     0.00   738.15     0  00:00        0.00
  1075                 JUNCTION     0.00     0.00   738.15     0  00:00        0.00
  1077                 JUNCTION     0.00     0.00   739.85     0  00:00        0.00
  1079                 JUNCTION     0.00     0.00   736.95     0  00:00        0.00
  1081                 JUNCTION     0.00     0.00   740.65     0  00:00        0.00
  1083                 JUNCTION     0.00     0.00   741.35     0  00:00        0.00
  1085                 JUNCTION     0.00     0.00   740.95     0  00:00        0.00
  1087                 JUNCTION     0.00     0.00   740.35     0  00:00        0.00
  1089                 JUNCTION     0.00     0.00   741.45     0  00:00        0.00
  1091                 JUNCTION     0.00     0.00   744.25     0  00:00        0.00
  1093                 JUNCTION     0.00     0.00   773.55     0  00:00        0.00
  1095                 JUNCTION     0.00     0.00   742.35     0  00:00        0.00
  1097                 JUNCTION     0.00     0.00   740.35     0  00:00        0.00
  1099                 JUNCTION     0.00     0.00   740.05     0  00:00        0.00
  1101                 JUNCTION     0.00     0.00   748.45     0  00:00        0.00
  1103                 JUNCTION     0.00     0.00   744.85     0  00:00        0.00
  1105                 JUNCTION     0.00     0.00   747.35     0  00:00        0.00
  1107                 JUNCTION     0.00     0.00   748.95     0  00:00        0.00
  1109                 JUNCTION     0.00     0.00   749.25     0  00:00        0.00
  1111                 JUNCTION     0.00     0.00   750.95     0  00:00        0.00
  1113                 JUNCTION     0.00     0.00   751.15     0  00:00        0.00
  1115                 JUNCTION     0.00     0.00   752.35     0  00:00        0.00
  1117                 JUNCTION     0.00     0.00   748.35     0  00:00        0.00
  1119                 JUNCTION     0.00     0.00   753.45     0  00:00        0.00
  1121                 JUNCTION     0.00     0.00   750.85     0  00:00        0.00
  1123                 JUNCTION     0.00     0.00   753.85     0  00:00        0.00
  1125                 JUNCTION     0.00     0.00   756.85     0  00:00        0.00
  1127                 JUNCTION     0.00     0.00   757.55     0  00:00        0.00
  1129                 JUNCTION     0.00     0.00   756.55     0  00:00        0.00
  1131                 JUNCTION     0.00     0.00   759.55     0  00:00        0.00
  1133                 JUNCTION     0.00     0.00   759.85     0  00:00        0.00
  1135                 JUNCTION     0.00     0.00   760.65     0  00:00        0.00
  1137                 JUNCTION     9.09   249.65  1005.90     1  00:00      249.65
  1139                 JUNCTION   201.16   747.97  1501.92     1  00:00      747.97
  1141                 JUNCTION   353.62   748.17  1506.82     0  19:46      748.17
  1143                 JUNCTION   511.27   749.47  1507.32     0  19:16      749.47
  1145                 JUNCTION   659.39   749.71  1509.56     0  16:29      749.71
  1147                 JUNCTION   727.12   751.29  1509.74     0  15:09      751.29
  1149                 JUNCTION   734.87   751.75  1510.00     0  10:32      751.71
  1151                 JUNCTION   742.80   752.76  1515.81     0  05:14      752.76
  1153                 JUNCTION   750.43   753.85  1517.70     0  02:38      753.78
  1501                 JUNCTION     0.00     0.00   748.35     0  00:00        0.00
  1503                 JUNCTION   718.25   735.23  1477.28     0  08:34      735.23
  1505                 JUNCTION   718.36   736.16  1480.11     0  06:00      735.58
  1507                 JUNCTION   724.24   738.39  1485.64     0  05:57      738.12
  1509                 JUNCTION   735.79   748.09  1512.44     0  03:40      746.45
  1511                 JUNCTION   742.44   763.44  1530.29     0  03:37      752.18
  1513                 JUNCTION   748.40   761.41  1528.76     0  11:01      761.41
  1067                 OUTFALL      0.00     0.00   733.15     0  00:00        0.00
  
  
  *******************
  Node Inflow Summary
  *******************
  
  -------------------------------------------------------------------------------------------------
                                  Maximum  Maximum                  Lateral       Total        Flow
                                  Lateral    Total  Time of Max      Inflow      Inflow     Balance
                                   Inflow   Inflow   Occurrence      Volume      Volume       Error
  Node                 Type           CFS      CFS  days hr:min    10^6 gal    10^6 gal     Percent
  -------------------------------------------------------------------------------------------------
  1069                 JUNCTION      0.00     0.00     0  00:00           0           0       0.000 gal
  1071                 JUNCTION      0.00     0.00     0  00:00           0           0       0.000 gal
  1073                 JUNCTION      0.00     0.00     0  00:00           0           0       0.000 gal
  1075                 JUNCTION      0.00     0.00     0  00:00           0           0       0.000 gal
  1077                 JUNCTION      0.00     0.00     0  00:00           0           0       0.000 gal
  1079                 JUNCTION      0.00     0.00     0  00:00           0           0       0.000 gal
  1081                 JUNCTION      0.00     0.00     0  00:00           0           0       0.000 gal
  1083                 JUNCTION      0.00     0.00     0  00:00           0           0       0.000 gal
  1085                 JUNCTION      0.00     0.00     0  00:00           0           0       0.000 gal
  1087                 JUNCTION      0.00     0.00     0  00:00           0           0       0.000 gal
  1089                 JUNCTION      0.00     0.00     0  00:00           0           0       0.000 gal
  1091                 JUNCTION      0.00     0.00     0  00:00           0           0       0.000 gal
  1093                 JUNCTION      0.00     0.00     0  00:00           0           0       0.000 gal
  1095                 JUNCTION      0.00     0.00     0  00:00           0           0       0.000 gal
  1097                 JUNCTION      0.00     0.00     0  00:00           0           0       0.000 gal
  1099                 JUNCTION      0.00     0.00     0  00:00           0           0       0.000 gal
  1101                 JUNCTION      0.00     0.00     0  00:00           0           0       0.000 gal
  1103                 JUNCTION      0.00     0.00     0  00:00           0           0       0.000 gal
  1105                 JUNCTION      0.00     0.00     0  00:00           0           0       0.000 gal
  1107                 JUNCTION      0.00     0.00     0  00:00           0           0       0.000 gal
  1109                 JUNCTION      0.00     0.00     0  00:00           0           0       0.000 gal
  1111                 JUNCTION      0.00     0.00     0  00:00           0           0       0.000 gal
  1113                 JUNCTION      0.00     0.00     0  00:00           0           0       0.000 gal
  1115                 JUNCTION      0.00     0.00     0  00:00           0           0       0.000 gal
  1117                 JUNCTION      0.00     0.00     0  00:00           0           0       0.000 gal
  1119                 JUNCTION      0.00     0.00     0  00:00           0           0       0.000 gal
  1121                 JUNCTION      0.00     0.00     0  00:00           0           0       0.000 gal
  1123                 JUNCTION      0.00     0.00     0  00:00           0           0       0.000 gal
  1125                 JUNCTION      0.00     0.00     0  00:00           0           0       0.000 gal
  1127                 JUNCTION      0.00     0.00     0  00:00           0           0       0.000 gal
  1129                 JUNCTION      0.00     0.00     0  00:00           0           0       0.000 gal
  1131                 JUNCTION      0.00     0.00     0  00:00           0           0       0.000 gal
  1133                 JUNCTION      0.00     0.00     0  00:00           0           0       0.000 gal
  1135                 JUNCTION      0.00     0.00     0  00:00           0           0       0.000 gal
  1137                 JUNCTION      0.00     0.97     1  00:00           0      0.0235   23465.474 gal
  1139                 JUNCTION      0.00     1.01     0  21:42           0       0.133     466.487
  1141                 JUNCTION      0.00     1.00     0  19:24           0       0.207      55.657
  1143                 JUNCTION      0.00     1.00     0  16:29           0       0.283      36.912
  1145                 JUNCTION      0.00     3.39     0  10:30           0       0.355      25.430
  1147                 JUNCTION      0.00     1.31     0  10:33           0       0.434      22.174
  1149                 JUNCTION      0.00    14.68     0  05:14           0       0.507      16.831
  1151                 JUNCTION      0.00     1.62     0  02:38           0       0.576      13.585
  1153                 JUNCTION      1.00     1.00     0  00:00       0.646       0.646      12.183
  1501                 JUNCTION      0.00     0.00     0  00:00           0           0       0.000 gal
  1503                 JUNCTION      0.00    75.95     0  08:34           0       0.591      13.488
  1505                 JUNCTION      0.00    55.82     0  10:59           0       0.606       1.618
  1507                 JUNCTION      0.00   216.12     0  10:59           0       0.677       3.923
  1509                 JUNCTION      0.00    67.32     0  08:33           0       0.708       1.050
  1511                 JUNCTION      0.00   196.37     0  05:55           0        0.57     -30.581
  1513                 JUNCTION      1.00   508.10     0  08:35       0.646       0.653      14.594
  1067                 OUTFALL       0.00     0.00     0  00:00           0           0       0.000 gal
  
  
  **********************
  Node Surcharge Summary
  **********************
  
  Surcharging occurs when water rises above the top of the highest conduit.
  ---------------------------------------------------------------------
                                               Max. Height   Min. Depth
                                   Hours       Above Crown    Below Rim
  Node                 Type      Surcharged           Feet         Feet
  ---------------------------------------------------------------------
  1503                 JUNCTION       15.13          0.000        0.000
  1505                 JUNCTION        0.02          0.000        0.000
  1507                 JUNCTION        0.10          0.000        0.000
  1509                 JUNCTION        0.03          0.000        0.000
  1511                 JUNCTION        0.09          0.000        0.000
  
  
  *********************
  Node Flooding Summary
  *********************
  
  Flooding refers to all water that overflows a node, whether it ponds or not.
  --------------------------------------------------------------------------
                                                             Total   Maximum
                                 Maximum   Time of Max       Flood    Ponded
                        Hours       Rate    Occurrence      Volume     Depth
  Node                 Flooded       CFS   days hr:min    10^6 gal      Feet
  --------------------------------------------------------------------------
  1503                   13.90     54.81      0  08:34       0.521     0.000
  1505                    0.02     23.83      0  11:00       0.005     0.000
  1507                    0.09     85.94      0  10:59       0.052     0.000
  1509                    0.03     59.68      0  05:56       0.023     0.000
  1511                    0.08    149.03      0  05:55       0.116     0.000
  
  
  ***********************
  Outfall Loading Summary
  ***********************
  
  -----------------------------------------------------------
                         Flow       Avg       Max       Total
                         Freq      Flow      Flow      Volume
  Outfall Node           Pcnt       CFS       CFS    10^6 gal
  -----------------------------------------------------------
  1067                   0.00      0.00      0.00       0.000
  -----------------------------------------------------------
  System                 0.00      0.00      0.00       0.000
  
  
  ********************
  Link Flow Summary
  ********************
  
  -----------------------------------------------------------------------------
                                 Maximum  Time of Max   Maximum    Max/    Max/
                                  |Flow|   Occurrence   |Veloc|    Full    Full
  Link                 Type          CFS  days hr:min    ft/sec    Flow   Depth
  -----------------------------------------------------------------------------
  1068                 CONDUIT      0.00     0  00:00      0.00    0.00    0.00
  1070                 CONDUIT      0.00     0  00:00      0.00    0.00    0.00
  1072                 CONDUIT      0.00     0  00:00      0.00    0.00    0.00
  1074                 CONDUIT      0.00     0  00:00      0.00    0.00    0.00
  1076                 CONDUIT      0.00     0  00:00      0.00    0.00    0.00
  1078                 CONDUIT      0.00     0  00:00      0.00    0.00    0.00
  1080                 CONDUIT      0.00     0  00:00      0.00    0.00    0.00
  1082                 CONDUIT      0.00     0  00:00      0.00    0.00    0.00
  1084                 CONDUIT      0.00     0  00:00      0.00    0.00    0.00
  1086                 CONDUIT      0.00     0  00:00      0.00    0.00    0.00
  1088                 CONDUIT      0.00     0  00:00      0.00    0.00    0.00
  1090                 CONDUIT      0.00     0  00:00      0.00    0.00    0.00
  1092                 CONDUIT      0.00     0  00:00      0.00    0.00    0.00
  1094                 CONDUIT      0.00     0  00:00      0.00    0.00    0.00
  1096                 CONDUIT      0.00     0  00:00      0.00    0.00    0.00
  1098                 CONDUIT      0.00     0  00:00      0.00    0.00    0.00
  1100                 CONDUIT      0.00     0  00:00      0.00    0.00    0.00
  1102                 CONDUIT      0.00     0  00:00      0.00    0.00    0.00
  1104                 CONDUIT      0.00     0  00:00      0.00    0.00    0.00
  1106                 CONDUIT      0.00     0  00:00      0.00    0.00    0.00
  1108                 CONDUIT      0.00     0  00:00      0.00    0.00    0.00
  1110                 CONDUIT      0.00     0  00:00      0.00    0.00    0.00
  1112                 CONDUIT      0.00     0  00:00      0.00    0.00    0.00
  1114                 CONDUIT      0.00     0  00:00      0.00    0.00    0.00
  1116                 CONDUIT      0.00     0  00:00      0.00    0.00    0.00
  1118                 CONDUIT      0.00     0  00:00      0.00    0.00    0.00
  1120                 CONDUIT      0.00     0  00:00      0.00    0.00    0.00
  1122                 CONDUIT      0.00     0  00:00      0.00    0.00    0.00
  1124                 CONDUIT      0.00     0  00:00      0.00    0.00    0.00
  1126                 CONDUIT      0.00     0  00:00      0.00    0.00    0.00
  1128                 CONDUIT      0.00     0  00:00      0.00    0.00    0.00
  1130                 CONDUIT      0.00     0  00:00      0.00    0.00    0.00
  1132                 CONDUIT      0.00     0  00:00      0.00    0.00    0.00
  1134                 CONDUIT      0.00     0  00:00      0.00    0.00    0.00
  1136                 CONDUIT      0.00     0  00:00      0.00    0.00    0.00
  1138                 CONDUIT      0.97     1  00:00      0.40    0.02    0.25
  1140                 CONDUIT      1.01     0  21:42      2.55    0.01    0.25
  1142                 CONDUIT      1.00     0  19:24      1.33    0.04    0.11
  1144                 CONDUIT      1.00     0  16:29      2.58    0.01    0.13
  1146                 CONDUIT      3.39     0  10:30      2.16    0.18    0.27
  1148                 CONDUIT      1.31     0  10:33      2.05    0.05    0.23
  1150                 CONDUIT     14.68     0  05:14      8.23    0.24    0.30
  1152                 CONDUIT      1.62     0  02:38      3.05    0.04    0.21
  1500                 CONDUIT      0.00     0  00:00      0.00    0.00    0.00
  1502                 CONDUIT      0.00     0  00:00      0.00    0.00    0.50
  1504                 CONDUIT     75.95     0  08:34     11.07    1.30    1.00
  1506                 CONDUIT     55.82     0  10:59     11.48    1.17    1.00
  1508                 CONDUIT    216.12     0  10:59     48.14    1.74    1.00
  1510                 CONDUIT     67.32     0  08:33     13.80    1.70    1.00
  1512                 CONDUIT    507.10     0  08:35    >50.00    5.38    1.00
  
  
  ***************************
  Flow Classification Summary
  ***************************
  
  -------------------------------------------------------------------------------------
                      Adjusted    ---------- Fraction of Time in Flow Class ---------- 
                       /Actual         Up    Down  Sub   Sup   Up    Down  Norm  Inlet 
  Conduit               Length    Dry  Dry   Dry   Crit  Crit  Crit  Crit  Ltd   Ctrl  
  -------------------------------------------------------------------------------------
  1068                    1.00   1.00  0.00  0.00  0.00  0.00  0.00  0.00  0.00  0.00
  1070                    1.00   1.00  0.00  0.00  0.00  0.00  0.00  0.00  0.00  0.00
  1072                    1.00   1.00  0.00  0.00  0.00  0.00  0.00  0.00  0.00  0.00
  1074                    1.00   1.00  0.00  0.00  0.00  0.00  0.00  0.00  0.00  0.00
  1076                    1.00   1.00  0.00  0.00  0.00  0.00  0.00  0.00  0.00  0.00
  1078                    1.00   1.00  0.00  0.00  0.00  0.00  0.00  0.00  0.00  0.00
  1080                    1.00   1.00  0.00  0.00  0.00  0.00  0.00  0.00  0.00  0.00
  1082                    1.00   1.00  0.00  0.00  0.00  0.00  0.00  0.00  0.00  0.00
  1084                    1.00   1.00  0.00  0.00  0.00  0.00  0.00  0.00  0.00  0.00
  1086                    1.00   1.00  0.00  0.00  0.00  0.00  0.00  0.00  0.00  0.00
  1088                    1.00   1.00  0.00  0.00  0.00  0.00  0.00  0.00  0.00  0.00
  1090                    1.00   1.00  0.00  0.00  0.00  0.00  0.00  0.00  0.00  0.00
  1092                    1.00   1.00  0.00  0.00  0.00  0.00  0.00  0.00  0.00  0.00
  1094                    1.00   1.00  0.00  0.00  0.00  0.00  0.00  0.00  0.00  0.00
  1096                    1.00   1.00  0.00  0.00  0.00  0.00  0.00  0.00  0.00  0.00
  1098                    1.00   1.00  0.00  0.00  0.00  0.00  0.00  0.00  0.00  0.00
  1100                    1.00   1.00  0.00  0.00  0.00  0.00  0.00  0.00  0.00  0.00
  1102                    1.00   1.00  0.00  0.00  0.00  0.00  0.00  0.00  0.00  0.00
  1104                    1.00   1.00  0.00  0.00  0.00  0.00  0.00  0.00  0.00  0.00
  1106                    1.00   1.00  0.00  0.00  0.00  0.00  0.00  0.00  0.00  0.00
  1108                    1.00   1.00  0.00  0.00  0.00  0.00  0.00  0.00  0.00  0.00
  1110                    1.00   1.00  0.00  0.00  0.00  0.00  0.00  0.00  0.00  0.00
  1112                    1.00   1.00  0.00  0.00  0.00  0.00  0.00  0.00  0.00  0.00
  1114                    1.00   1.00  0.00  0.00  0.00  0.00  0.00  0.00  0.00  0.00
  1116                    1.00   1.00  0.00  0.00  0.00  0.00  0.00  0.00  0.00  0.00
  1118                    1.00   1.00  0.00  0.00  0.00  0.00  0.00  0.00  0.00  0.00
  1120                    1.00   1.00  0.00  0.00  0.00  0.00  0.00  0.00  0.00  0.00
  1122                    1.00   1.00  0.00  0.00  0.00  0.00  0.00  0.00  0.00  0.00
  1124                    1.00   1.00  0.00  0.00  0.00  0.00  0.00  0.00  0.00  0.00
  1126                    1.00   1.00  0.00  0.00  0.00  0.00  0.00  0.00  0.00  0.00
  1128                    1.00   1.00  0.00  0.00  0.00  0.00  0.00  0.00  0.00  0.00
  1130                    1.00   1.00  0.00  0.00  0.00  0.00  0.00  0.00  0.00  0.00
  1132                    1.00   1.00  0.00  0.00  0.00  0.00  0.00  0.00  0.00  0.00
  1134                    1.00   1.00  0.00  0.00  0.00  0.00  0.00  0.00  0.00  0.00
  1136                    1.00   1.00  0.00  0.00  0.00  0.00  0.00  0.00  0.00  0.00
  1138                    1.00   0.90  0.04  0.00  0.00  0.00  0.06  0.00  0.00  0.00
  1140                    1.00   0.79  0.00  0.00  0.10  0.00  0.00  0.12  0.10  0.00
  1142                    1.00   0.67  0.00  0.00  0.20  0.00  0.00  0.13  0.00  0.00
  1144                    1.00   0.56  0.00  0.00  0.33  0.00  0.00  0.11  0.33  0.00
  1146                    1.00   0.44  0.00  0.00  0.00  0.00  0.56  0.00  0.00  0.00
  1148                    1.00   0.33  0.00  0.00  0.56  0.00  0.00  0.11  0.56  0.00
  1150                    1.00   0.22  0.00  0.00  0.67  0.00  0.00  0.11  0.67  0.00
  1152                    1.00   0.11  0.00  0.00  0.00  0.00  0.00  0.89  0.00  0.00
  1500                    1.00   1.00  0.00  0.00  0.00  0.00  0.00  0.00  0.00  0.00
  1502                    1.00   0.36  0.64  0.00  0.00  0.00  0.00  0.00  0.00  0.00
  1504                    1.00   0.30  0.00  0.00  0.64  0.00  0.00  0.05  0.55  0.00
  1506                    1.00   0.30  0.04  0.00  0.10  0.56  0.00  0.01  0.75  0.00
  1508                    1.00   0.34  0.05  0.00  0.02  0.59  0.00  0.00  0.75  0.00
  1510                    1.00   0.24  0.00  0.00  0.02  0.02  0.00  0.72  0.00  0.00
  1512                    1.00   0.45  0.00  0.00  0.00  0.00  0.00  0.54  0.00  0.00
  
  
  *************************
  Conduit Surcharge Summary
  *************************
  
  ----------------------------------------------------------------------------
                                                           Hours        Hours 
                         --------- Hours Full --------   Above Full   Capacity
  Conduit                Both Ends  Upstream  Dnstream   Normal Flow   Limited
  ----------------------------------------------------------------------------
  1504                        0.01      0.02      0.01      0.01         0.01
  1506                        0.01      0.09      0.03      0.06         0.01
  1508                        0.01      0.04      0.11      0.01         0.01
  1510                        2.28      2.44      2.29      0.18         0.04
  1512                        0.08      2.47      0.09      0.07         0.01
  

  Analysis begun on:  Wed Jul 22 14:20:16 2026
  Analysis ended on:  Wed Jul 22 14:20:16 2026
  Total elapsed time: < 1 sec