
  EPA STORM WATER MANAGEMENT MODEL - VERSION 5.2 (Build 5.2.4)
  ------------------------------------------------------------

  Converted from XPSWMM .xp file 
  WARNING 04: minimum elevation drop used for Conduit c1
  WARNING 04: minimum elevation drop used for Conduit c13
  WARNING 04: minimum elevation drop used for Conduit c12
  WARNING 04: minimum elevation drop used for Conduit c11
  WARNING 04: minimum elevation drop used for Conduit c14
  WARNING 04: minimum elevation drop used for Conduit c16
  WARNING 04: minimum elevation drop used for Conduit c17
  
  ****************
  Analysis Options
  ****************
  Flow Units ............... CFS
  Process Models:
    Rainfall/Runoff ........ NO
    RDII ................... NO
    Snowmelt ............... NO
    Groundwater ............ NO
    Flow Routing ........... YES
    Ponding Allowed ........ NO
    Water Quality .......... NO
  Flow Routing Method ...... DYNWAVE
  Surcharge Method ......... EXTRAN
  Starting Date ............ 01/01/2001 00:00:00
  Ending Date .............. 01/02/2001 00:00:00
  Antecedent Dry Days ...... 0.0
  Report Time Step ......... 00:15:00
  Routing Time Step ........ 20.00 sec
  Variable Time Step ....... YES
  Maximum Trials ........... 8
  Number of Threads ........ 1
  Head Tolerance ........... 0.005000 ft
  
  
  **************************        Volume        Volume
  Flow Routing Continuity        acre-feet      10^6 gal
  **************************     ---------     ---------
  Dry Weather Inflow .......         0.000         0.000
  Wet Weather Inflow .......         0.000         0.000
  Groundwater Inflow .......         0.000         0.000
  RDII Inflow ..............         0.000         0.000
  External Inflow ..........        13.884         4.524
  External Outflow .........         1.982         0.646
  Flooding Loss ............        11.717         3.818
  Evaporation Loss .........         0.000         0.000
  Exfiltration Loss ........         0.000         0.000
  Initial Stored Volume ....         0.000         0.000
  Final Stored Volume ......         0.185         0.060
  Continuity Error (%) .....        -0.006
  
  
  ***************************
  Time-Step Critical Elements
  ***************************
  Link c1 (98.61%)
  
  
  ********************************
  Highest Flow Instability Indexes
  ********************************
  Link c17 (4)
  Link c12 (1)
  Link c11 (1)
  Link c14 (1)
  Link c16 (1)
  
  
  *********************************
  Most Frequent Nonconverging Nodes
  *********************************
  Node c27 (0.58%)
  Node c3 (0.58%)
  Node c37 (0.51%)
  
  
  *************************
  Routing Time Step Summary
  *************************
  Minimum Time Step           :     7.00 sec
  Average Time Step           :    15.64 sec
  Maximum Time Step           :    20.00 sec
  % of Time in Steady State   :     0.00
  Average Iterations per Step :     2.10
  % of Steps Not Converging   :     0.58
  Time Step Frequencies       :
     20.000 -  9.564 sec      :    99.46 %
      9.564 -  4.573 sec      :     0.54 %
      4.573 -  2.187 sec      :     0.00 %
      2.187 -  1.046 sec      :     0.00 %
      1.046 -  0.500 sec      :     0.00 %
  
  
  ******************
  Node Depth Summary
  ******************
  
  ---------------------------------------------------------------------------------
                                 Average  Maximum  Maximum  Time of Max    Reported
                                   Depth    Depth      HGL   Occurrence   Max Depth
  Node                 Type         Feet     Feet     Feet  days hr:min        Feet
  ---------------------------------------------------------------------------------
  201                  JUNCTION     0.00     0.00    10.00     0  00:00        0.00
  202                  JUNCTION     0.00     0.00    10.00     0  00:00        0.00
  204                  JUNCTION     0.00     0.00    10.00     0  00:00        0.00
  206                  JUNCTION     0.00     0.00    10.00     0  00:00        0.00
  208                  JUNCTION     0.00     0.00    10.00     0  00:00        0.00
  210                  JUNCTION     0.00     0.00    10.00     0  00:00        0.00
  212                  JUNCTION     0.00     0.00    10.00     0  00:00        0.00
  214                  JUNCTION     0.00     0.00    10.00     0  00:00        0.00
  c2                   JUNCTION     0.41     0.41     0.41     0  00:03        0.41
  c23                  JUNCTION     4.96     5.00     5.00     0  00:16        5.00
  c33                  JUNCTION     4.96     5.00     5.00     0  00:16        5.00
  c22                  JUNCTION     4.96     5.00     5.00     0  00:16        5.00
  c32                  JUNCTION     4.96     5.00     5.00     0  00:16        5.00
  c21                  JUNCTION     4.96     5.00     5.00     0  00:16        5.00
  c31                  JUNCTION     4.96     5.00     5.00     0  00:16        5.00
  c24                  JUNCTION     4.96     5.00     5.00     0  00:16        5.00
  c34                  JUNCTION     4.96     5.00     5.00     0  00:16        5.00
  c26                  JUNCTION     4.96     5.00     5.00     0  00:16        5.00
  c36                  JUNCTION     4.96     5.00     5.00     0  00:16        5.00
  c27                  JUNCTION     4.90     5.00     5.00     0  00:49        5.00
  c37                  JUNCTION     4.90     5.00     5.00     0  00:51        5.00
  c3                   OUTFALL      0.20     0.20     0.20     0  00:03        0.20
  
  
  *******************
  Node Inflow Summary
  *******************
  
  -------------------------------------------------------------------------------------------------
                                  Maximum  Maximum                  Lateral       Total        Flow
                                  Lateral    Total  Time of Max      Inflow      Inflow     Balance
                                   Inflow   Inflow   Occurrence      Volume      Volume       Error
  Node                 Type           CFS      CFS  days hr:min    10^6 gal    10^6 gal     Percent
  -------------------------------------------------------------------------------------------------
  201                  JUNCTION      0.00     0.00     0  00:00           0           0       0.000 gal
  202                  JUNCTION      0.00     0.00     0  00:00           0           0       0.000 gal
  204                  JUNCTION      0.00     0.00     0  00:00           0           0       0.000 gal
  206                  JUNCTION      0.00     0.00     0  00:00           0           0       0.000 gal
  208                  JUNCTION      0.00     0.00     0  00:00           0           0       0.000 gal
  210                  JUNCTION      0.00     0.00     0  00:00           0           0       0.000 gal
  212                  JUNCTION      0.00     0.00     0  00:00           0           0       0.000 gal
  214                  JUNCTION      0.00     0.00     0  00:00           0           0       0.000 gal
  c2                   JUNCTION      1.00     1.00     0  00:00       0.646       0.646       0.046
  c23                  JUNCTION      1.00     1.00     0  00:00       0.646       0.646       0.585
  c33                  JUNCTION      0.00     1.25     0  00:11           0      0.0583       0.000
  c22                  JUNCTION      1.00     1.00     0  00:00       0.646       0.646       0.585
  c32                  JUNCTION      0.00     1.25     0  00:11           0      0.0583       0.000
  c21                  JUNCTION      1.00     1.00     0  00:00       0.646       0.646       0.585
  c31                  JUNCTION      0.00     1.25     0  00:11           0      0.0583       0.000
  c24                  JUNCTION      1.00     1.00     0  00:00       0.646       0.646       0.585
  c34                  JUNCTION      0.00     1.25     0  00:11           0      0.0583       0.000
  c26                  JUNCTION      1.00     1.00     0  00:00       0.646       0.646       0.585
  c36                  JUNCTION      0.00     1.25     0  00:11           0      0.0583       0.000
  c27                  JUNCTION      1.00     9.41     0  00:50       0.646       0.648       1.711
  c37                  JUNCTION      0.00     9.35     0  00:49           0       0.133       0.000
  c3                   OUTFALL       0.00     1.00     0  00:03           0       0.646       0.000
  
  
  **********************
  Node Surcharge Summary
  **********************
  
  Surcharging occurs when water rises above the top of the highest conduit.
  ---------------------------------------------------------------------
                                               Max. Height   Min. Depth
                                   Hours       Above Crown    Below Rim
  Node                 Type      Surcharged           Feet         Feet
  ---------------------------------------------------------------------
  201                  JUNCTION       24.00          0.000        0.000
  202                  JUNCTION       24.00          0.000        0.000
  204                  JUNCTION       24.00          0.000        0.000
  206                  JUNCTION       24.00          0.000        0.000
  208                  JUNCTION       24.00          0.000        0.000
  210                  JUNCTION       24.00          0.000        0.000
  212                  JUNCTION       24.00          0.000        0.000
  214                  JUNCTION       24.00          0.000        0.000
  c23                  JUNCTION       23.72          0.000        0.000
  c33                  JUNCTION       23.72          0.000        0.000
  c22                  JUNCTION       23.72          0.000        0.000
  c32                  JUNCTION       23.72          0.000        0.000
  c21                  JUNCTION       23.72          0.000        0.000
  c31                  JUNCTION       23.72          0.000        0.000
  c24                  JUNCTION       23.72          0.000        0.000
  c34                  JUNCTION       23.72          0.000        0.000
  c26                  JUNCTION       23.72          0.000        0.000
  c36                  JUNCTION       23.72          0.000        0.000
  c27                  JUNCTION       23.15          0.000        0.000
  c37                  JUNCTION       23.14          0.000        0.000
  
  
  *********************
  Node Flooding Summary
  *********************
  
  Flooding refers to all water that overflows a node, whether it ponds or not.
  --------------------------------------------------------------------------
                                                             Total   Maximum
                                 Maximum   Time of Max       Flood    Ponded
                        Hours       Rate    Occurrence      Volume     Depth
  Node                 Flooded       CFS   days hr:min    10^6 gal      Feet
  --------------------------------------------------------------------------
  c23                    23.72      0.97      1  00:00       0.584     0.000
  c33                    23.72      0.65      0  00:17       0.055     0.000
  c22                    23.72      0.97      1  00:00       0.584     0.000
  c32                    23.72      0.65      0  00:17       0.055     0.000
  c21                    23.72      0.97      1  00:00       0.584     0.000
  c31                    23.72      0.65      0  00:17       0.055     0.000
  c24                    23.72      0.97      1  00:00       0.584     0.000
  c34                    23.72      0.65      0  00:17       0.055     0.000
  c26                    23.72      0.97      1  00:00       0.584     0.000
  c36                    23.72      0.65      0  00:17       0.055     0.000
  c27                    23.15      4.92      0  00:50       0.504     0.000
  c37                    23.14      3.15      0  00:51       0.120     0.000
  
  
  ***********************
  Outfall Loading Summary
  ***********************
  
  -----------------------------------------------------------
                         Flow       Avg       Max       Total
                         Freq      Flow      Flow      Volume
  Outfall Node           Pcnt       CFS       CFS    10^6 gal
  -----------------------------------------------------------
  c3                    99.98      1.00      1.00       0.646
  -----------------------------------------------------------
  System                99.98      1.00      1.00       0.646
  
  
  ********************
  Link Flow Summary
  ********************
  
  -----------------------------------------------------------------------------
                                 Maximum  Time of Max   Maximum    Max/    Max/
                                  |Flow|   Occurrence   |Veloc|    Full    Full
  Link                 Type          CFS  days hr:min    ft/sec    Flow   Depth
  -----------------------------------------------------------------------------
  c1                   CONDUIT      1.00     0  00:03      1.64    1.18    0.15
  c13                  CONDUIT      1.25     0  00:11      1.60    0.47    1.00
  c12                  CONDUIT      1.25     0  00:11      1.60    0.47    1.00
  c11                  CONDUIT      1.25     0  00:11      1.60    0.47    1.00
  c14                  CONDUIT      1.25     0  00:11      1.60    0.47    1.00
  c16                  CONDUIT      1.25     0  00:11      1.60    0.47    1.00
  c17                  CONDUIT      9.35     0  00:49      0.87    1.16    1.00
  
  
  ***************************
  Flow Classification Summary
  ***************************
  
  -------------------------------------------------------------------------------------
                      Adjusted    ---------- Fraction of Time in Flow Class ---------- 
                       /Actual         Up    Down  Sub   Sup   Up    Down  Norm  Inlet 
  Conduit               Length    Dry  Dry   Dry   Crit  Crit  Crit  Crit  Ltd   Ctrl  
  -------------------------------------------------------------------------------------
  c1                      1.00   0.00  0.00  0.00  1.00  0.00  0.00  0.00  0.00  0.00
  c13                     1.00   0.00  0.00  0.00  1.00  0.00  0.00  0.00  0.00  0.00
  c12                     1.00   0.00  0.00  0.00  1.00  0.00  0.00  0.00  0.00  0.00
  c11                     1.00   0.00  0.00  0.00  1.00  0.00  0.00  0.00  0.00  0.00
  c14                     1.00   0.00  0.00  0.00  1.00  0.00  0.00  0.00  0.00  0.00
  c16                     1.00   0.00  0.00  0.00  1.00  0.00  0.00  0.00  0.00  0.00
  c17                     1.00   0.00  0.00  0.00  1.00  0.00  0.00  0.00  0.00  0.00
  
  
  *************************
  Conduit Surcharge Summary
  *************************
  
  ----------------------------------------------------------------------------
                                                           Hours        Hours 
                         --------- Hours Full --------   Above Full   Capacity
  Conduit                Both Ends  Upstream  Dnstream   Normal Flow   Limited
  ----------------------------------------------------------------------------
  c1                          0.01      0.01      0.01     23.98         0.01
  c13                        23.72     23.72     23.72      0.01         0.01
  c12                        23.72     23.72     23.72      0.01         0.01
  c11                        23.72     23.72     23.72      0.01         0.01
  c14                        23.72     23.72     23.72      0.01         0.01
  c16                        23.72     23.72     23.72      0.01         0.01
  c17                        23.13     23.14     23.15      0.01         0.01
  

  Analysis begun on:  Wed Jul 22 14:23:58 2026
  Analysis ended on:  Wed Jul 22 14:23:58 2026
  Total elapsed time: < 1 sec