
  EPA STORM WATER MANAGEMENT MODEL - VERSION 5.2 (Build 5.2.4)
  ------------------------------------------------------------

  Converted from XPSWMM .xp file 
  WARNING 04: minimum elevation drop used for Conduit 240
  WARNING 04: minimum elevation drop used for Conduit 333
  
  ****************
  Analysis Options
  ****************
  Flow Units ............... CMS
  Process Models:
    Rainfall/Runoff ........ NO
    RDII ................... NO
    Snowmelt ............... NO
    Groundwater ............ NO
    Flow Routing ........... YES
    Ponding Allowed ........ NO
    Water Quality .......... NO
  Flow Routing Method ...... DYNWAVE
  Surcharge Method ......... EXTRAN
  Starting Date ............ 01/01/2001 00:00:00
  Ending Date .............. 01/02/2001 00:00:00
  Antecedent Dry Days ...... 0.0
  Report Time Step ......... 00:15:00
  Routing Time Step ........ 10.00 sec
  Variable Time Step ....... YES
  Maximum Trials ........... 50
  Number of Threads ........ 1
  Head Tolerance ........... 0.001524 m
  
  
  **************************        Volume        Volume
  Flow Routing Continuity        hectare-m      10^6 ltr
  **************************     ---------     ---------
  Dry Weather Inflow .......         0.000         0.000
  Wet Weather Inflow .......         0.000         0.000
  Groundwater Inflow .......         0.000         0.000
  RDII Inflow ..............         0.000         0.000
  External Inflow ..........         0.259         2.592
  External Outflow .........         0.137         1.374
  Flooding Loss ............         0.000         0.000
  Evaporation Loss .........         0.000         0.000
  Exfiltration Loss ........         0.000         0.000
  Initial Stored Volume ....         0.000         0.000
  Final Stored Volume ......         0.124         1.242
  Continuity Error (%) .....        -0.915
  
  
  *************************
  Highest Continuity Errors
  *************************
  Node 202 (65.00%)
  Node 302 (58.74%)
  Node 201 (38.17%)
  Node 301 (38.10%)
  Node 200 (5.01%)
  
  
  ***************************
  Time-Step Critical Elements
  ***************************
  None
  
  
  ********************************
  Highest Flow Instability Indexes
  ********************************
  Link shape3c (3)
  
  
  *********************************
  Most Frequent Nonconverging Nodes
  *********************************
  Node 103 (0.02%)
  Node 301 (0.01%)
  Node 300 (0.01%)
  
  
  *************************
  Routing Time Step Summary
  *************************
  Minimum Time Step           :     9.50 sec
  Average Time Step           :    10.00 sec
  Maximum Time Step           :    10.00 sec
  % of Time in Steady State   :     0.00
  Average Iterations per Step :     2.01
  % of Steps Not Converging   :     0.02
  Time Step Frequencies       :
     10.000 -  5.493 sec      :   100.00 %
      5.493 -  3.017 sec      :     0.00 %
      3.017 -  1.657 sec      :     0.00 %
      1.657 -  0.910 sec      :     0.00 %
      0.910 -  0.500 sec      :     0.00 %
  
  
  ******************
  Node Depth Summary
  ******************
  
  ---------------------------------------------------------------------------------
                                 Average  Maximum  Maximum  Time of Max    Reported
                                   Depth    Depth      HGL   Occurrence   Max Depth
  Node                 Type       Meters   Meters   Meters  days hr:min      Meters
  ---------------------------------------------------------------------------------
  100                  JUNCTION     0.05     0.07    11.07     1  00:00        0.07
  101                  JUNCTION     0.04     0.06    11.06     1  00:00        0.06
  102                  JUNCTION     0.03     0.05    11.05     1  00:00        0.05
  200                  JUNCTION     0.14     0.20    11.20     1  00:00        0.20
  201                  JUNCTION     0.14     0.20    11.20     1  00:00        0.20
  202                  JUNCTION     0.14     0.20    11.20     1  00:00        0.20
  203                  JUNCTION     0.14     0.20    11.20     1  00:00        0.20
  300                  JUNCTION     0.18     0.22    11.22     1  00:00        0.22
  301                  JUNCTION     0.18     0.22    11.22     1  00:00        0.22
  302                  JUNCTION     0.17     0.22    11.22     1  00:00        0.22
  303                  JUNCTION     0.17     0.22    11.22     1  00:00        0.22
  103                  OUTFALL      0.01     0.01    11.01     1  00:00        0.01
  
  
  *******************
  Node Inflow Summary
  *******************
  
  -------------------------------------------------------------------------------------------------
                                  Maximum  Maximum                  Lateral       Total        Flow
                                  Lateral    Total  Time of Max      Inflow      Inflow     Balance
                                   Inflow   Inflow   Occurrence      Volume      Volume       Error
  Node                 Type           CMS      CMS  days hr:min    10^6 ltr    10^6 ltr     Percent
  -------------------------------------------------------------------------------------------------
  100                  JUNCTION     0.000    0.029     1  00:00           0        1.46       1.363
  101                  JUNCTION     0.000    0.029     1  00:00           0        1.44       1.984
  102                  JUNCTION     0.000    0.029     1  00:00           0        1.41       2.678
  200                  JUNCTION     0.000    0.030     1  00:00           0        2.04       5.270
  201                  JUNCTION     0.000    0.015     0  06:32           0       0.482      61.745
  202                  JUNCTION     0.000    0.010     0  02:05           0       0.298     185.737
  203                  JUNCTION     0.000    0.009     0  02:14           0       0.104       0.000
  300                  JUNCTION     0.030    0.030     0  00:00        2.59        2.59       3.997
  301                  JUNCTION     0.000    0.026     0  00:11           0        0.45      61.546
  302                  JUNCTION     0.000    0.023     0  03:03           0        0.28     142.340
  303                  JUNCTION     0.000    0.013     0  03:05           0       0.116       0.000
  103                  OUTFALL      0.000    0.029     1  00:00           0        1.37       0.000
  
  
  **********************
  Node Surcharge Summary
  **********************
  
  No nodes were surcharged.
  
  
  *********************
  Node Flooding Summary
  *********************
  
  No nodes were flooded.
  
  
  ***********************
  Outfall Loading Summary
  ***********************
  
  -----------------------------------------------------------
                         Flow       Avg       Max       Total
                         Freq      Flow      Flow      Volume
  Outfall Node           Pcnt       CMS       CMS    10^6 ltr
  -----------------------------------------------------------
  103                   86.00     0.018     0.029       1.374
  -----------------------------------------------------------
  System                86.00     0.018     0.029       1.374
  
  
  ********************
  Link Flow Summary
  ********************
  
  -----------------------------------------------------------------------------
                                 Maximum  Time of Max   Maximum    Max/    Max/
                                  |Flow|   Occurrence   |Veloc|    Full    Full
  Link                 Type          CMS  days hr:min     m/sec    Flow   Depth
  -----------------------------------------------------------------------------
  shape1a              CONDUIT     0.029     1  00:00      0.08    0.00    0.00
  shape1b              CONDUIT     0.029     1  00:00      0.08    0.00    0.00
  shape1c              CONDUIT     0.029     1  00:00      0.12    0.00    0.00
  shape2a              CONDUIT     0.015     0  06:32      0.06    0.00    0.02
  shape2b              CONDUIT     0.010     0  02:05      0.06    0.00    0.02
  shape2c              CONDUIT     0.009     0  02:14      0.06    0.00    0.02
  240                  CONDUIT     0.029     1  00:00      0.47    0.70    0.13
  shape3a              CONDUIT     0.026     0  00:11      0.09    0.00    0.02
  shape3b              CONDUIT     0.023     0  03:03      0.10    0.00    0.01
  shape3c              CONDUIT     0.013     0  03:05      0.06    0.00    0.02
  333                  CONDUIT     0.030     1  00:00      0.41    0.71    0.21
  
  
  ***************************
  Flow Classification Summary
  ***************************
  
  -------------------------------------------------------------------------------------
                      Adjusted    ---------- Fraction of Time in Flow Class ---------- 
                       /Actual         Up    Down  Sub   Sup   Up    Down  Norm  Inlet 
  Conduit               Length    Dry  Dry   Dry   Crit  Crit  Crit  Crit  Ltd   Ctrl  
  -------------------------------------------------------------------------------------
  shape1a                 1.00   0.02  0.00  0.00  0.95  0.00  0.00  0.02  0.05  0.00
  shape1b                 1.00   0.05  0.00  0.00  0.92  0.00  0.00  0.03  0.11  0.00
  shape1c                 1.00   0.07  0.00  0.00  0.93  0.00  0.00  0.00  0.04  0.00
  shape2a                 1.00   0.01  0.00  0.00  0.97  0.00  0.00  0.02  0.01  0.00
  shape2b                 1.00   0.02  0.00  0.00  0.96  0.00  0.00  0.02  0.00  0.00
  shape2c                 1.00   0.03  0.00  0.00  0.97  0.00  0.00  0.00  0.00  0.00
  240                     1.00   0.00  0.00  0.00  1.00  0.00  0.00  0.00  0.00  0.00
  shape3a                 1.00   0.00  0.00  0.00  1.00  0.00  0.00  0.00  0.00  0.00
  shape3b                 1.00   0.03  0.00  0.00  0.88  0.00  0.00  0.09  0.00  0.00
  shape3c                 1.00   0.03  0.00  0.00  0.97  0.00  0.00  0.00  0.00  0.00
  333                     1.00   0.00  0.00  0.00  1.00  0.00  0.00  0.00  0.00  0.00
  
  
  *************************
  Conduit Surcharge Summary
  *************************
  
  No conduits were surcharged.
  

  Analysis begun on:  Wed Jul 22 14:24:39 2026
  Analysis ended on:  Wed Jul 22 14:24:39 2026
  Total elapsed time: < 1 sec