
  EPA STORM WATER MANAGEMENT MODEL - VERSION 5.2 (Build 5.2.4)
  ------------------------------------------------------------

  Converted from XPSWMM .xp file 
  WARNING 04: minimum elevation drop used for Conduit 203.1
  WARNING 04: minimum elevation drop used for Conduit 5
  WARNING 04: minimum elevation drop used for Conduit 7
  WARNING 04: minimum elevation drop used for Conduit 203.1A
  WARNING 04: minimum elevation drop used for Conduit 5A
  WARNING 04: minimum elevation drop used for Conduit 7A
  WARNING 04: minimum elevation drop used for Conduit 203.1B
  WARNING 04: minimum elevation drop used for Conduit 5B
  WARNING 04: minimum elevation drop used for Conduit 7B
  WARNING 04: minimum elevation drop used for Conduit 203.1C
  WARNING 04: minimum elevation drop used for Conduit 5C
  WARNING 04: minimum elevation drop used for Conduit 7C
  WARNING 04: minimum elevation drop used for Conduit 32
  WARNING 04: minimum elevation drop used for Conduit 33
  WARNING 04: minimum elevation drop used for Conduit 34
  WARNING 04: minimum elevation drop used for Conduit 203.1D
  WARNING 04: minimum elevation drop used for Conduit 5D
  WARNING 04: minimum elevation drop used for Conduit 7D
  WARNING 04: minimum elevation drop used for Conduit 43
  WARNING 04: minimum elevation drop used for Conduit 203.1E
  WARNING 04: minimum elevation drop used for Conduit 5E
  WARNING 04: minimum elevation drop used for Conduit 7E
  WARNING 04: minimum elevation drop used for Conduit 59
  WARNING 04: minimum elevation drop used for Conduit 203.1F
  WARNING 04: minimum elevation drop used for Conduit 5F
  WARNING 04: minimum elevation drop used for Conduit 7F
  WARNING 04: minimum elevation drop used for Conduit 68
  WARNING 04: minimum elevation drop used for Conduit 8A
  WARNING 04: minimum elevation drop used for Conduit 5G
  WARNING 04: minimum elevation drop used for Conduit 7G
  WARNING 04: minimum elevation drop used for Conduit 80
  WARNING 04: minimum elevation drop used for Conduit 5H
  WARNING 04: minimum elevation drop used for Conduit 7H
  WARNING 04: minimum elevation drop used for Conduit 91
  
  ****************
  Analysis Options
  ****************
  Flow Units ............... CFS
  Process Models:
    Rainfall/Runoff ........ NO
    RDII ................... NO
    Snowmelt ............... NO
    Groundwater ............ NO
    Flow Routing ........... YES
    Ponding Allowed ........ NO
    Water Quality .......... NO
  Flow Routing Method ...... DYNWAVE
  Surcharge Method ......... EXTRAN
  Starting Date ............ 01/01/2001 00:00:00
  Ending Date .............. 01/02/2001 00:00:00
  Antecedent Dry Days ...... 0.0
  Report Time Step ......... 00:15:00
  Routing Time Step ........ 15.00 sec
  Variable Time Step ....... YES
  Maximum Trials ........... 8
  Number of Threads ........ 1
  Head Tolerance ........... 0.005000 ft
  
  
  **************************        Volume        Volume
  Flow Routing Continuity        acre-feet      10^6 gal
  **************************     ---------     ---------
  Dry Weather Inflow .......         0.000         0.000
  Wet Weather Inflow .......         0.000         0.000
  Groundwater Inflow .......         0.000         0.000
  RDII Inflow ..............         0.000         0.000
  External Inflow ..........         3.967         1.293
  External Outflow .........         1.666         0.543
  Flooding Loss ............         2.245         0.732
  Evaporation Loss .........         0.000         0.000
  Exfiltration Loss ........         0.000         0.000
  Initial Stored Volume ....         0.000         0.000
  Final Stored Volume ......         0.066         0.022
  Continuity Error (%) .....        -0.264
  
  
  *************************
  Highest Continuity Errors
  *************************
  Node MHh (66.40%)
  Node twoequate (49.81%)
  Node flowsplit (49.32%)
  Node storpump (48.89%)
  Node directq (48.68%)
  
  
  ***************************
  Time-Step Critical Elements
  ***************************
  Link 91 (99.65%)
  
  
  ********************************
  Highest Flow Instability Indexes
  ********************************
  All links are stable.
  
  
  *********************************
  Most Frequent Nonconverging Nodes
  *********************************
  Node 1H (99.79%)
  Node 4 (99.79%)
  Node MHh (0.49%)
  Node 1G (0.44%)
  Node MH (0.02%)
  
  
  *************************
  Routing Time Step Summary
  *************************
  Minimum Time Step           :     6.41 sec
  Average Time Step           :    10.79 sec
  Maximum Time Step           :    15.00 sec
  % of Time in Steady State   :     0.00
  Average Iterations per Step :     8.00
  % of Steps Not Converging   :    99.79
  Time Step Frequencies       :
     15.000 -  7.597 sec      :    99.95 %
      7.597 -  3.848 sec      :     0.05 %
      3.848 -  1.949 sec      :     0.00 %
      1.949 -  0.987 sec      :     0.00 %
      0.987 -  0.500 sec      :     0.00 %
  
  
  ******************
  Node Depth Summary
  ******************
  
  ---------------------------------------------------------------------------------
                                 Average  Maximum  Maximum  Time of Max    Reported
                                   Depth    Depth      HGL   Occurrence   Max Depth
  Node                 Type         Feet     Feet     Feet  days hr:min        Feet
  ---------------------------------------------------------------------------------
  1                    JUNCTION     0.43     0.44     0.44     0  10:38        0.44
  manhole              JUNCTION     0.38     0.38     0.38     0  10:39        0.38
  6                    JUNCTION     0.38     0.38     0.38     0  22:10        0.38
  1A                   JUNCTION     0.42     0.42     0.42     0  14:10        0.42
  flowsplit            JUNCTION     0.42     0.42     0.42     0  15:22        0.42
  4A                   JUNCTION     0.42     0.42     0.42     0  14:11        0.42
  6A                   JUNCTION     0.42     0.42     0.42     0  14:11        0.42
  1B                   JUNCTION     0.40     0.41     0.41     0  22:06        0.41
  twoequate            JUNCTION     0.40     0.41     0.41     0  22:13        0.41
  4B                   JUNCTION     0.40     0.41     0.41     0  11:51        0.41
  6B                   JUNCTION     0.40     0.41     0.41     0  11:51        0.41
  1C                   JUNCTION     0.38     0.39     0.39     0  11:40        0.39
  storpump             JUNCTION     0.38     0.39     0.39     0  14:44        0.39
  4C                   JUNCTION     0.38     0.39     0.39     0  11:38        0.39
  6C                   JUNCTION     0.38     0.39     0.39     0  11:38        0.39
  1D                   JUNCTION     0.36     0.37     0.37     0  11:43        0.37
  directq              JUNCTION     0.36     0.37     0.37     0  15:05        0.37
  4D                   JUNCTION     0.36     0.37     0.37     0  11:41        0.37
  6D                   JUNCTION     0.36     0.37     0.37     0  11:41        0.37
  1E                   JUNCTION     0.33     0.35     0.35     0  11:45        0.35
  storpump1            JUNCTION     0.33     0.35     0.35     0  07:34        0.35
  4E                   JUNCTION     0.33     0.35     0.35     0  13:49        0.35
  6E                   JUNCTION     0.33     0.35     0.35     0  13:49        0.35
  1F                   JUNCTION     0.30     0.32     0.32     0  13:01        0.32
  flowsF               JUNCTION     0.30     0.32     0.32     0  22:58        0.32
  4F                   JUNCTION     0.30     0.32     0.32     0  16:08        0.32
  6F                   JUNCTION     0.30     0.32     0.32     0  16:08        0.32
  70                   JUNCTION     0.42     0.42     0.42     0  14:11        0.42
  1G                   JUNCTION     0.14     0.14     0.14     0  01:52        0.14
  MH                   JUNCTION     1.99     2.00     2.00     0  00:16        2.00
  4G                   JUNCTION     1.99     2.00     2.00     0  00:16        2.00
  6G                   JUNCTION     1.99     2.00     2.00     0  00:16        2.00
  1H                   JUNCTION     0.58     0.65     0.65     0  00:08        0.58
  MHh                  JUNCTION     0.50     0.59     0.59     0  00:07        0.50
  4H                   JUNCTION     0.51     0.58     0.58     0  00:08        0.51
  6H                   JUNCTION     0.51     0.58     0.58     0  00:08        0.51
  4                    OUTFALL      0.18     0.18     0.18     0  10:39        0.18
  
  
  *******************
  Node Inflow Summary
  *******************
  
  -------------------------------------------------------------------------------------------------
                                  Maximum  Maximum                  Lateral       Total        Flow
                                  Lateral    Total  Time of Max      Inflow      Inflow     Balance
                                   Inflow   Inflow   Occurrence      Volume      Volume       Error
  Node                 Type           CFS      CFS  days hr:min    10^6 gal    10^6 gal     Percent
  -------------------------------------------------------------------------------------------------
  1                    JUNCTION      1.00     1.00     0  00:00       0.646       0.646       0.067
  manhole              JUNCTION      0.00     0.85     0  08:07           0       0.544       0.159
  6                    JUNCTION      0.00     0.30     0  00:03           0    0.000346       0.000
  1A                   JUNCTION      0.00     0.35     0  00:01           0       0.102       0.554
  flowsplit            JUNCTION      0.00     0.23     0  00:09           0     0.00257      97.317
  4A                   JUNCTION      0.00     0.06     0  00:07           0    0.000395       0.000
  6A                   JUNCTION      0.00     0.06     0  00:07           0    0.000395       0.000
  1B                   JUNCTION      0.00     0.22     0  00:34           0      0.0992       0.541
  twoequate            JUNCTION      0.00     0.12     0  00:27           0     0.00185      99.237
  4B                   JUNCTION      0.00     0.02     0  00:26           0    0.000387       0.000
  6B                   JUNCTION      0.00     0.02     0  00:26           0    0.000387       0.000
  1C                   JUNCTION      0.00     0.19     0  00:50           0      0.0972       0.527
  storpump             JUNCTION      0.00     0.11     0  00:41           0     0.00181      95.658
  4C                   JUNCTION      0.00     0.03     0  00:36           0    0.000378       0.000
  6C                   JUNCTION      0.00     0.03     0  00:36           0    0.000378       0.000
  1D                   JUNCTION      0.00     0.17     0  01:09           0      0.0952       0.509
  directq              JUNCTION      0.00     0.10     0  00:59           0     0.00173      94.839
  4D                   JUNCTION      0.00     0.02     0  00:54           0    0.000359       0.000
  6D                   JUNCTION      0.00     0.02     0  00:54           0    0.000359       0.000
  1E                   JUNCTION      0.00     0.15     0  11:45           0      0.0934       0.484
  storpump1            JUNCTION      0.00     0.08     0  01:19           0     0.00166      90.332
  4E                   JUNCTION      0.00     0.02     0  01:18           0    0.000352       0.000
  6E                   JUNCTION      0.00     0.02     0  01:18           0    0.000352       0.000
  1F                   JUNCTION      0.00     0.15     0  21:52           0      0.0922       0.394
  flowsF               JUNCTION      0.00     0.04     0  01:36           0     0.00156      83.997
  4F                   JUNCTION      0.00     0.01     0  01:27           0     0.00033       0.000
  6F                   JUNCTION      0.00     0.01     0  01:27           0     0.00033       0.000
  70                   JUNCTION      0.00     0.06     0  00:07           0    0.000395       0.000
  1G                   JUNCTION      0.00     1.27     0  00:08           0       0.756       2.480
  MH                   JUNCTION      0.00     1.42     0  00:07           0       0.738       0.406
  4G                   JUNCTION      0.00     0.41     0  00:06           0      0.0167       0.000
  6G                   JUNCTION      0.00     0.41     0  00:06           0      0.0167       0.000
  1H                   JUNCTION      1.00     3.57     0  00:04       0.646       0.647      -3.264
  MHh                  JUNCTION      0.00     3.03     0  00:05           0     0.00385     197.579
  4H                   JUNCTION      0.00     0.44     0  00:01           0    0.000453       0.000
  6H                   JUNCTION      0.00     0.44     0  00:01           0    0.000453       0.000
  4                    OUTFALL       0.00     0.85     0  10:39           0       0.543       0.000
  
  
  **********************
  Node Surcharge Summary
  **********************
  
  Surcharging occurs when water rises above the top of the highest conduit.
  ---------------------------------------------------------------------
                                               Max. Height   Min. Depth
                                   Hours       Above Crown    Below Rim
  Node                 Type      Surcharged           Feet         Feet
  ---------------------------------------------------------------------
  MH                   JUNCTION       23.74          0.000        0.000
  4G                   JUNCTION       23.74          0.000        0.000
  6G                   JUNCTION       23.74          0.000        0.000
  
  
  *********************
  Node Flooding Summary
  *********************
  
  Flooding refers to all water that overflows a node, whether it ponds or not.
  --------------------------------------------------------------------------
                                                             Total   Maximum
                                 Maximum   Time of Max       Flood    Ponded
                        Hours       Rate    Occurrence      Volume     Depth
  Node                 Flooded       CFS   days hr:min    10^6 gal      Feet
  --------------------------------------------------------------------------
  MH                     23.74      1.15      1  00:00       0.701     0.000
  4G                     23.74      0.25      0  00:16       0.015     0.000
  6G                     23.74      0.25      0  00:16       0.015     0.000
  
  
  ***********************
  Outfall Loading Summary
  ***********************
  
  -----------------------------------------------------------
                         Flow       Avg       Max       Total
                         Freq      Flow      Flow      Volume
  Outfall Node           Pcnt       CFS       CFS    10^6 gal
  -----------------------------------------------------------
  4                     99.94      0.84      0.85       0.543
  -----------------------------------------------------------
  System                99.94      0.84      0.85       0.543
  
  
  ********************
  Link Flow Summary
  ********************
  
  -----------------------------------------------------------------------------
                                 Maximum  Time of Max   Maximum    Max/    Max/
                                  |Flow|   Occurrence   |Veloc|    Full    Full
  Link                 Type          CFS  days hr:min    ft/sec    Flow   Depth
  -----------------------------------------------------------------------------
  203.1                CONDUIT      0.85     0  10:39      1.60    1.00    0.20
  5                    CONDUIT      0.85     0  10:39      1.52    1.00    0.14
  7                    CONDUIT      0.30     0  00:03      0.81    0.36    0.19
  203.1A               CONDUIT      0.23     0  00:09      0.79    0.27    0.21
  5A                   CONDUIT      0.06     0  00:07      0.36    0.07    0.21
  7A                   CONDUIT      0.06     0  00:07      0.36    0.07    0.21
  203.1B               CONDUIT      0.12     0  00:27      0.45    0.14    0.20
  5B                   CONDUIT      0.02     0  00:26      0.21    0.03    0.20
  7B                   CONDUIT      0.02     0  00:26      0.21    0.03    0.20
  203.1C               CONDUIT      0.11     0  00:41      0.47    0.13    0.20
  5C                   CONDUIT      0.03     0  00:36      0.22    0.03    0.20
  7C                   CONDUIT      0.03     0  00:36      0.22    0.03    0.20
  32                   CONDUIT      0.35     0  00:01      2.69    3.13    0.43
  33                   CONDUIT      0.22     0  00:34      1.16    1.95    0.42
  34                   CONDUIT      0.19     0  00:50      1.11    1.69    0.40
  203.1D               CONDUIT      0.10     0  00:59      0.44    0.12    0.19
  5D                   CONDUIT      0.02     0  00:54      0.21    0.03    0.19
  7D                   CONDUIT      0.02     0  00:54      0.21    0.03    0.19
  43                   CONDUIT      0.17     0  01:09      1.06    1.49    0.38
  203.1E               CONDUIT      0.08     0  01:19      0.37    0.10    0.18
  5E                   CONDUIT      0.02     0  01:18      0.16    0.02    0.18
  7E                   CONDUIT      0.02     0  01:18      0.16    0.02    0.18
  59                   CONDUIT      0.15     0  21:54      0.99    1.35    0.36
  203.1F               CONDUIT      0.04     0  01:36      0.20    0.05    0.16
  5F                   CONDUIT      0.01     0  01:27      0.11    0.01    0.16
  7F                   CONDUIT      0.01     0  01:27      0.11    0.01    0.16
  68                   CONDUIT      0.15     0  07:57      0.77    1.35    0.33
  8A                   CONDUIT      0.06     0  00:07      0.36    0.07    0.21
  5G                   CONDUIT      0.41     0  00:06      0.73    0.48    1.00
  7G                   CONDUIT      0.41     0  00:06      0.73    0.48    1.00
  80                   CONDUIT      0.15     0  13:01      1.12    1.35    0.23
  5H                   CONDUIT      0.44     0  00:01      1.08    0.52    0.29
  7H                   CONDUIT      0.44     0  00:01      1.08    0.52    0.29
  91                   CONDUIT      1.27     0  00:08      6.52   11.30    0.38
  3H                   WEIR         3.03     0  00:05                      0.67
  3G                   PUMP         1.42     0  00:07              0.14
  
  
  ***************************
  Flow Classification Summary
  ***************************
  
  -------------------------------------------------------------------------------------
                      Adjusted    ---------- Fraction of Time in Flow Class ---------- 
                       /Actual         Up    Down  Sub   Sup   Up    Down  Norm  Inlet 
  Conduit               Length    Dry  Dry   Dry   Crit  Crit  Crit  Crit  Ltd   Ctrl  
  -------------------------------------------------------------------------------------
  203.1                   1.00   0.00  0.00  0.00  1.00  0.00  0.00  0.00  0.00  0.00
  5                       1.00   0.00  0.00  0.00  1.00  0.00  0.00  0.00  0.00  0.00
  7                       1.00   0.00  0.00  0.00  1.00  0.00  0.00  0.00  0.00  0.00
  203.1A                  1.00   0.00  0.00  0.00  1.00  0.00  0.00  0.00  0.00  0.00
  5A                      1.00   0.00  0.00  0.00  1.00  0.00  0.00  0.00  0.00  0.00
  7A                      1.00   0.00  0.00  0.00  1.00  0.00  0.00  0.00  0.00  0.00
  203.1B                  1.00   0.00  0.00  0.00  1.00  0.00  0.00  0.00  0.00  0.00
  5B                      1.00   0.00  0.00  0.00  1.00  0.00  0.00  0.00  0.00  0.00
  7B                      1.00   0.00  0.00  0.00  1.00  0.00  0.00  0.00  0.00  0.00
  203.1C                  1.00   0.00  0.00  0.00  1.00  0.00  0.00  0.00  0.00  0.00
  5C                      1.00   0.01  0.00  0.00  0.99  0.00  0.00  0.00  0.00  0.00
  7C                      1.00   0.01  0.00  0.00  0.99  0.00  0.00  0.00  0.00  0.00
  32                      1.00   0.00  0.00  0.00  1.00  0.00  0.00  0.00  0.00  0.00
  33                      1.00   0.00  0.00  0.00  1.00  0.00  0.00  0.00  0.00  0.00
  34                      1.00   0.00  0.00  0.00  1.00  0.00  0.00  0.00  0.00  0.00
  203.1D                  1.00   0.01  0.00  0.00  0.99  0.00  0.00  0.00  0.00  0.00
  5D                      1.00   0.02  0.00  0.00  0.98  0.00  0.00  0.00  0.00  0.00
  7D                      1.00   0.02  0.00  0.00  0.98  0.00  0.00  0.00  0.00  0.00
  43                      1.00   0.00  0.00  0.00  1.00  0.00  0.00  0.00  0.00  0.00
  203.1E                  1.00   0.01  0.00  0.00  0.99  0.00  0.00  0.00  0.00  0.00
  5E                      1.00   0.02  0.00  0.00  0.98  0.00  0.00  0.00  0.00  0.00
  7E                      1.00   0.02  0.00  0.00  0.98  0.00  0.00  0.00  0.00  0.00
  59                      1.00   0.01  0.00  0.00  0.99  0.00  0.00  0.00  0.00  0.00
  203.1F                  1.00   0.00  0.00  0.00  1.00  0.00  0.00  0.00  0.00  0.00
  5F                      1.00   0.01  0.00  0.00  0.99  0.00  0.00  0.00  0.00  0.00
  7F                      1.00   0.01  0.00  0.00  0.99  0.00  0.00  0.00  0.00  0.00
  68                      1.00   0.00  0.00  0.00  1.00  0.00  0.00  0.00  0.00  0.00
  8A                      1.00   0.00  0.00  0.00  1.00  0.00  0.00  0.00  0.00  0.00
  5G                      1.00   0.00  0.00  0.00  1.00  0.00  0.00  0.00  0.00  0.00
  7G                      1.00   0.00  0.00  0.00  1.00  0.00  0.00  0.00  0.00  0.00
  80                      1.00   0.00  0.00  0.00  1.00  0.00  0.00  0.00  0.00  0.00
  5H                      1.00   0.00  0.00  0.00  1.00  0.00  0.00  0.00  0.00  0.00
  7H                      1.00   0.00  0.00  0.00  1.00  0.00  0.00  0.00  0.00  0.00
  91                      1.00   0.00  0.00  0.00  0.00  1.00  0.00  0.00  0.00  0.00
  
  
  *************************
  Conduit Surcharge Summary
  *************************
  
  ----------------------------------------------------------------------------
                                                           Hours        Hours 
                         --------- Hours Full --------   Above Full   Capacity
  Conduit                Both Ends  Upstream  Dnstream   Normal Flow   Limited
  ----------------------------------------------------------------------------
  203.1                       0.01      0.01      0.01     20.82         0.01
  5                           0.01      0.01      0.01     20.80         0.01
  32                          0.01      0.01      0.01     23.99         0.01
  33                          0.01      0.01      0.01     23.68         0.01
  34                          0.01      0.01      0.01     23.40         0.01
  43                          0.01      0.01      0.01     23.07         0.01
  59                          0.01      0.01      0.01     22.72         0.01
  68                          0.01      0.01      0.01     22.32         0.01
  5G                         23.74     23.74     23.74      0.01         0.01
  7G                         23.74     23.74     23.74      0.01         0.01
  80                          0.01      0.01      0.01     21.96         0.01
  91                          0.01      0.01      0.01     23.98         0.01
  
  
  ***************
  Pumping Summary
  ***************
  
  ---------------------------------------------------------------------------------------------------------
                                                  Min       Avg       Max     Total     Power    % Time Off
                        Percent   Number of      Flow      Flow      Flow    Volume     Usage    Pump Curve
  Pump                 Utilized   Start-Ups       CFS       CFS       CFS  10^6 gal     Kw-hr    Low   High
  ---------------------------------------------------------------------------------------------------------
  3G                     100.00           1      0.00      1.14      1.42     0.738      4.29    0.0    0.0
  

  Analysis begun on:  Wed Jul 22 14:24:52 2026
  Analysis ended on:  Wed Jul 22 14:24:52 2026
  Total elapsed time: < 1 sec