
  EPA STORM WATER MANAGEMENT MODEL - VERSION 5.2 (Build 5.2.4)
  ------------------------------------------------------------

  Converted from XPSWMM .xp file 
  WARNING 04: minimum elevation drop used for Conduit c1
  WARNING 04: minimum elevation drop used for Conduit c3
  WARNING 04: minimum elevation drop used for Conduit Culvert1
  
  ****************
  Analysis Options
  ****************
  Flow Units ............... CFS
  Process Models:
    Rainfall/Runoff ........ NO
    RDII ................... NO
    Snowmelt ............... NO
    Groundwater ............ NO
    Flow Routing ........... YES
    Ponding Allowed ........ NO
    Water Quality .......... NO
  Flow Routing Method ...... DYNWAVE
  Surcharge Method ......... EXTRAN
  Starting Date ............ 01/01/2001 00:00:00
  Ending Date .............. 01/02/2001 00:00:00
  Antecedent Dry Days ...... 0.0
  Report Time Step ......... 00:15:00
  Routing Time Step ........ 15.00 sec
  Variable Time Step ....... YES
  Maximum Trials ........... 50
  Number of Threads ........ 1
  Head Tolerance ........... 0.003300 ft
  
  
  **************************        Volume        Volume
  Flow Routing Continuity        acre-feet      10^6 gal
  **************************     ---------     ---------
  Dry Weather Inflow .......         0.000         0.000
  Wet Weather Inflow .......         0.000         0.000
  Groundwater Inflow .......         0.000         0.000
  RDII Inflow ..............         0.000         0.000
  External Inflow ..........         1.983         0.646
  External Outflow .........         0.000         0.000
  Flooding Loss ............         1.979         0.645
  Evaporation Loss .........         0.000         0.000
  Exfiltration Loss ........         0.000         0.000
  Initial Stored Volume ....         0.000         0.000
  Final Stored Volume ......         0.004         0.001
  Continuity Error (%) .....         0.000
  
  
  ***************************
  Time-Step Critical Elements
  ***************************
  None
  
  
  ********************************
  Highest Flow Instability Indexes
  ********************************
  All links are stable.
  
  
  *********************************
  Most Frequent Nonconverging Nodes
  *********************************
  Convergence obtained at all time steps.
  
  
  *************************
  Routing Time Step Summary
  *************************
  Minimum Time Step           :    14.50 sec
  Average Time Step           :    15.00 sec
  Maximum Time Step           :    15.00 sec
  % of Time in Steady State   :     0.00
  Average Iterations per Step :     2.00
  % of Steps Not Converging   :     0.00
  Time Step Frequencies       :
     15.000 -  7.597 sec      :   100.00 %
      7.597 -  3.848 sec      :     0.00 %
      3.848 -  1.949 sec      :     0.00 %
      1.949 -  0.987 sec      :     0.00 %
      0.987 -  0.500 sec      :     0.00 %
  
  
  ******************
  Node Depth Summary
  ******************
  
  ---------------------------------------------------------------------------------
                                 Average  Maximum  Maximum  Time of Max    Reported
                                   Depth    Depth      HGL   Occurrence   Max Depth
  Node                 Type         Feet     Feet     Feet  days hr:min        Feet
  ---------------------------------------------------------------------------------
  n1                   JUNCTION     4.00     4.00     4.00     0  00:03        4.00
  n2                   JUNCTION     0.00     0.00    15.00     0  00:00        0.00
  n3                   JUNCTION     0.00     0.00    15.00     0  00:00        0.00
  n4                   JUNCTION     0.00     0.00    12.00     0  00:00        0.00
  n5                   JUNCTION     0.00     0.00    12.00     0  00:00        0.00
  n6                   JUNCTION     0.00     0.00    12.00     0  00:00        0.00
  n7                   JUNCTION     0.00     0.00    11.00     0  00:00        0.00
  17                   OUTFALL      0.00     0.00    15.00     0  00:00        0.00
  
  
  *******************
  Node Inflow Summary
  *******************
  
  -------------------------------------------------------------------------------------------------
                                  Maximum  Maximum                  Lateral       Total        Flow
                                  Lateral    Total  Time of Max      Inflow      Inflow     Balance
                                   Inflow   Inflow   Occurrence      Volume      Volume       Error
  Node                 Type           CFS      CFS  days hr:min    10^6 gal    10^6 gal     Percent
  -------------------------------------------------------------------------------------------------
  n1                   JUNCTION      1.00     1.00     0  00:00       0.646       0.646       0.218
  n2                   JUNCTION      0.00     0.00     0  00:00           0           0       0.000 gal
  n3                   JUNCTION      0.00     0.00     0  00:00           0           0       0.000 gal
  n4                   JUNCTION      0.00     0.00     0  00:00           0           0       0.000 gal
  n5                   JUNCTION      0.00     0.00     0  00:00           0           0       0.000 gal
  n6                   JUNCTION      0.00     0.00     0  00:00           0           0       0.000 gal
  n7                   JUNCTION      0.00     0.00     0  00:00           0           0       0.000 gal
  17                   OUTFALL       0.00     0.00     0  00:00           0           0       0.000 gal
  
  
  **********************
  Node Surcharge Summary
  **********************
  
  Surcharging occurs when water rises above the top of the highest conduit.
  ---------------------------------------------------------------------
                                               Max. Height   Min. Depth
                                   Hours       Above Crown    Below Rim
  Node                 Type      Surcharged           Feet         Feet
  ---------------------------------------------------------------------
  n1                   JUNCTION       23.95          0.000        0.000
  
  
  *********************
  Node Flooding Summary
  *********************
  
  Flooding refers to all water that overflows a node, whether it ponds or not.
  --------------------------------------------------------------------------
                                                             Total   Maximum
                                 Maximum   Time of Max       Flood    Ponded
                        Hours       Rate    Occurrence      Volume     Depth
  Node                 Flooded       CFS   days hr:min    10^6 gal      Feet
  --------------------------------------------------------------------------
  n1                     23.95      1.00      0  00:03       0.645     0.000
  
  
  ***********************
  Outfall Loading Summary
  ***********************
  
  -----------------------------------------------------------
                         Flow       Avg       Max       Total
                         Freq      Flow      Flow      Volume
  Outfall Node           Pcnt       CFS       CFS    10^6 gal
  -----------------------------------------------------------
  17                     0.00      0.00      0.00       0.000
  -----------------------------------------------------------
  System                 0.00      0.00      0.00       0.000
  
  
  ********************
  Link Flow Summary
  ********************
  
  -----------------------------------------------------------------------------
                                 Maximum  Time of Max   Maximum    Max/    Max/
                                  |Flow|   Occurrence   |Veloc|    Full    Full
  Link                 Type          CFS  days hr:min    ft/sec    Flow   Depth
  -----------------------------------------------------------------------------
  c1                   CONDUIT      0.00     0  00:00      0.00    0.00    0.00
  c2                   CONDUIT      0.00     0  00:00      0.00    0.00    0.00
  c3                   CONDUIT      0.00     0  00:00      0.00    0.00    0.00
  c4                   CONDUIT      0.00     0  00:00      0.00    0.00    0.00
  culvert2             CONDUIT      0.00     0  00:00      0.00    0.00    0.50
  Culvert1             CONDUIT      0.00     0  00:00      0.00    0.00    0.00
  18                   CONDUIT      0.00     0  00:00      0.00    0.00    0.00
  
  
  ***************************
  Flow Classification Summary
  ***************************
  
  -------------------------------------------------------------------------------------
                      Adjusted    ---------- Fraction of Time in Flow Class ---------- 
                       /Actual         Up    Down  Sub   Sup   Up    Down  Norm  Inlet 
  Conduit               Length    Dry  Dry   Dry   Crit  Crit  Crit  Crit  Ltd   Ctrl  
  -------------------------------------------------------------------------------------
  c1                      1.00   1.00  0.00  0.00  0.00  0.00  0.00  0.00  0.00  0.00
  c2                      1.00   1.00  0.00  0.00  0.00  0.00  0.00  0.00  0.00  0.00
  c3                      1.00   1.00  0.00  0.00  0.00  0.00  0.00  0.00  0.00  0.00
  c4                      1.00   1.00  0.00  0.00  0.00  0.00  0.00  0.00  0.00  0.00
  culvert2                1.00   0.00  1.00  0.00  0.00  0.00  0.00  0.00  0.00  0.00
  Culvert1                1.00   1.00  0.00  0.00  0.00  0.00  0.00  0.00  0.00  0.00
  18                      1.00   1.00  0.00  0.00  0.00  0.00  0.00  0.00  0.00  0.00
  
  
  *************************
  Conduit Surcharge Summary
  *************************
  
  No conduits were surcharged.
  

  Analysis begun on:  Wed Jul 22 14:24:53 2026
  Analysis ended on:  Wed Jul 22 14:24:53 2026
  Total elapsed time: < 1 sec