
  EPA STORM WATER MANAGEMENT MODEL - VERSION 5.2 (Build 5.2.4)
  ------------------------------------------------------------

  EXTRAN CLASSIC EXAMPLE 1 
  
  ****************
  Analysis Options
  ****************
  Flow Units ............... CMS
  Process Models:
    Rainfall/Runoff ........ NO
    RDII ................... NO
    Snowmelt ............... NO
    Groundwater ............ NO
    Flow Routing ........... YES
    Ponding Allowed ........ NO
    Water Quality .......... NO
  Flow Routing Method ...... DYNWAVE
  Surcharge Method ......... EXTRAN
  Starting Date ............ 01/01/2001 00:00:00
  Ending Date .............. 01/02/2001 00:00:00
  Antecedent Dry Days ...... 0.0
  Report Time Step ......... 00:15:00
  Routing Time Step ........ 60.00 sec
  Variable Time Step ....... YES
  Maximum Trials ........... 50
  Number of Threads ........ 1
  Head Tolerance ........... 0.001000 m
  
  
  **************************        Volume        Volume
  Flow Routing Continuity        hectare-m      10^6 ltr
  **************************     ---------     ---------
  Dry Weather Inflow .......         0.000         0.000
  Wet Weather Inflow .......         0.000         0.000
  Groundwater Inflow .......         0.000         0.000
  RDII Inflow ..............         0.000         0.000
  External Inflow ..........         0.518         5.183
  External Outflow .........        71.143       711.433
  Flooding Loss ............         1.114        11.142
  Evaporation Loss .........         0.000         0.000
  Exfiltration Loss ........         0.000         0.000
  Initial Stored Volume ....         0.000         0.001
  Final Stored Volume ......         0.202         2.017
  Continuity Error (%) .....    -13877.573
  
  
  *************************
  Highest Continuity Errors
  *************************
  Node 81309 (-1007.37%)
  Node 15009 (-205.37%)
  Node 10309 (-130.73%)
  Node 16009 (-7.25%)
  
  
  ***************************
  Time-Step Critical Elements
  ***************************
  Link 1630 (16.16%)
  
  
  ********************************
  Highest Flow Instability Indexes
  ********************************
  All links are stable.
  
  
  *********************************
  Most Frequent Nonconverging Nodes
  *********************************
  Node 10208 (0.78%)
  Node 16009 (0.45%)
  Node 15009 (0.45%)
  Node 10309 (0.39%)
  Node 16109 (0.32%)
  
  
  *************************
  Routing Time Step Summary
  *************************
  Minimum Time Step           :    15.55 sec
  Average Time Step           :    56.07 sec
  Maximum Time Step           :    60.00 sec
  % of Time in Steady State   :     0.00
  Average Iterations per Step :     2.53
  % of Steps Not Converging   :     0.78
  Time Step Frequencies       :
     60.000 - 23.031 sec      :    99.55 %
     23.031 -  8.841 sec      :     0.45 %
      8.841 -  3.393 sec      :     0.00 %
      3.393 -  1.303 sec      :     0.00 %
      1.303 -  0.500 sec      :     0.00 %
  
  
  ******************
  Node Depth Summary
  ******************
  
  ---------------------------------------------------------------------------------
                                 Average  Maximum  Maximum  Time of Max    Reported
                                   Depth    Depth      HGL   Occurrence   Max Depth
  Node                 Type       Meters   Meters   Meters  days hr:min      Meters
  ---------------------------------------------------------------------------------
  80408                JUNCTION   121.36   124.68   262.68     0  16:19      124.68
  82309                JUNCTION     0.00     0.00   155.00     0  00:00        0.00
  81009                JUNCTION   124.80   128.85   265.85     0  01:24      128.77
  81309                JUNCTION   111.22   121.83   251.83     0  01:25      120.77
  15009                JUNCTION   105.62   117.00   242.00     0  01:25      116.56
  10309                JUNCTION    96.36   110.60   221.60     0  01:26      109.97
  16009                JUNCTION    96.28   105.93   225.93     0  01:29      105.93
  16109                JUNCTION    97.01   108.80   233.80     0  01:26      106.12
  10208                OUTFALL      0.00     0.00   100.00     0  00:00        0.00
  80608                STORAGE      6.82    10.00   145.00     0  11:15       10.00
  
  
  *******************
  Node Inflow Summary
  *******************
  
  -------------------------------------------------------------------------------------------------
                                  Maximum  Maximum                  Lateral       Total        Flow
                                  Lateral    Total  Time of Max      Inflow      Inflow     Balance
                                   Inflow   Inflow   Occurrence      Volume      Volume       Error
  Node                 Type           CMS      CMS  days hr:min    10^6 ltr    10^6 ltr     Percent
  -------------------------------------------------------------------------------------------------
  80408                JUNCTION     0.030    0.030     0  00:00        2.59        2.59       9.161
  82309                JUNCTION     0.000    0.000     0  00:00           0           0       0.000 ltr
  81009                JUNCTION     0.030    0.030     0  00:00        2.59        2.59     -61.182
  81309                JUNCTION     0.000    2.884     0  01:25           0        6.68     -90.970
  15009                JUNCTION     0.000   70.455     0  01:25           0        73.9     -67.253
  10309                JUNCTION     0.000  550.895     0  01:28           0         312     -56.658
  16009                JUNCTION     0.000  285.151     0  01:27           0         291      -6.758
  16109                JUNCTION     0.000   22.808     0  01:26           0       0.906       0.000
  10208                OUTFALL      0.000  690.939     0  01:30           0         711       0.000
  80608                STORAGE      0.000    0.059     0  01:23           0        2.37      -0.118
  
  
  **********************
  Node Surcharge Summary
  **********************
  
  Surcharging occurs when water rises above the top of the highest conduit.
  ---------------------------------------------------------------------
                                               Max. Height   Min. Depth
                                   Hours       Above Crown    Below Rim
  Node                 Type      Surcharged         Meters       Meters
  ---------------------------------------------------------------------
  15009                JUNCTION        0.02          0.000        0.000
  10309                JUNCTION        0.02          0.000        0.000
  16109                JUNCTION        0.01          0.000        0.000
  
  
  *********************
  Node Flooding Summary
  *********************
  
  Flooding refers to all water that overflows a node, whether it ponds or not.
  --------------------------------------------------------------------------
                                                             Total   Maximum
                                 Maximum   Time of Max       Flood    Ponded
                        Hours       Rate    Occurrence      Volume     Depth
  Node                 Flooded       CMS   days hr:min    10^6 ltr    Meters
  --------------------------------------------------------------------------
  15009                   0.02    35.228      0  01:25       1.250     0.000
  10309                   0.01   191.334      0  01:26       9.827     0.000
  16109                   0.01    11.404      0  01:26       0.586     0.000
  80608                  12.76     0.030      0  16:21       1.378     0.000
  
  
  **********************
  Storage Volume Summary
  **********************
  
  ------------------------------------------------------------------------------------------------
                         Average    Avg   Evap  Exfil     Maximum    Max    Time of Max    Maximum
                          Volume   Pcnt   Pcnt   Pcnt      Volume   Pcnt     Occurrence    Outflow
  Storage Unit           1000 m³   Full   Loss   Loss     1000 m³   Full    days hr:min        CMS
  ------------------------------------------------------------------------------------------------
  80608                    0.682   68.2    0.0    0.0       1.000  100.0       0  11:15      0.000
  
  
  ***********************
  Outfall Loading Summary
  ***********************
  
  -----------------------------------------------------------
                         Flow       Avg       Max       Total
                         Freq      Flow      Flow      Volume
  Outfall Node           Pcnt       CMS       CMS    10^6 ltr
  -----------------------------------------------------------
  10208                 94.22    18.900   690.939     711.430
  -----------------------------------------------------------
  System                94.22    18.900   690.939     711.430
  
  
  ********************
  Link Flow Summary
  ********************
  
  -----------------------------------------------------------------------------
                                 Maximum  Time of Max   Maximum    Max/    Max/
                                  |Flow|   Occurrence   |Veloc|    Full    Full
  Link                 Type          CMS  days hr:min     m/sec    Flow   Depth
  -----------------------------------------------------------------------------
  8040                 CONDUIT     0.059     0  01:23      1.58    0.00    0.01
  8060                 CONDUIT     0.000     0  00:00      0.00    0.00    0.00
  8100                 CONDUIT     2.884     0  01:25      1.93    0.04    0.55
  8130                 CONDUIT    70.455     0  01:25      4.92    1.10    0.95
  1030                 CONDUIT   690.939     0  01:30      9.65    0.76    0.92
  1570                 CONDUIT   112.441     0  01:26      5.20    1.09    1.00
  1600                 CONDUIT   197.889     0  01:29     10.35    0.74    0.95
  1630                 CONDUIT   550.895     0  01:28     15.46    0.23    0.99
  1602                 CONDUIT     0.000     0  00:00      0.00    0.00    0.50
  
  
  ***************************
  Flow Classification Summary
  ***************************
  
  -------------------------------------------------------------------------------------
                      Adjusted    ---------- Fraction of Time in Flow Class ---------- 
                       /Actual         Up    Down  Sub   Sup   Up    Down  Norm  Inlet 
  Conduit               Length    Dry  Dry   Dry   Crit  Crit  Crit  Crit  Ltd   Ctrl  
  -------------------------------------------------------------------------------------
  8040                    1.00   0.06  0.00  0.00  0.00  0.00  0.00  0.94  0.00  0.00
  8060                    1.00   1.00  0.00  0.00  0.00  0.00  0.00  0.00  0.00  0.00
  8100                    1.00   0.06  0.00  0.00  0.94  0.00  0.00  0.00  0.94  0.00
  8130                    1.00   0.06  0.00  0.00  0.94  0.00  0.00  0.00  0.94  0.00
  1030                    1.00   0.06  0.00  0.00  0.00  0.00  0.00  0.94  0.00  0.00
  1570                    1.00   0.06  0.00  0.00  0.49  0.17  0.00  0.28  0.00  0.00
  1600                    1.00   0.06  0.78  0.00  0.16  0.00  0.00  0.00  0.94  0.00
  1630                    1.00   0.06  0.00  0.00  0.39  0.55  0.00  0.00  0.94  0.00
  1602                    1.00   0.84  0.16  0.00  0.00  0.00  0.00  0.00  0.00  0.00
  
  
  *************************
  Conduit Surcharge Summary
  *************************
  
  ----------------------------------------------------------------------------
                                                           Hours        Hours 
                         --------- Hours Full --------   Above Full   Capacity
  Conduit                Both Ends  Upstream  Dnstream   Normal Flow   Limited
  ----------------------------------------------------------------------------
  8130                        0.01      0.01      0.14      0.04         0.01
  1030                        0.01      0.01      0.01      0.01         0.01
  1570                        0.01      0.01      0.04      0.02         0.01
  1600                        0.01      0.01      0.04      0.01         0.01
  

  Analysis begun on:  Wed Jul 22 14:24:53 2026
  Analysis ended on:  Wed Jul 22 14:24:53 2026
  Total elapsed time: < 1 sec