
  EPA STORM WATER MANAGEMENT MODEL - VERSION 5.2 (Build 5.2.4)
  ------------------------------------------------------------

  TEXACO SOUTH CATCH BASIN - EXTRAN MODEL 
  WARNING 04: minimum elevation drop used for Conduit 1201/1202
  WARNING 04: minimum elevation drop used for Conduit 1213/1212
  
  ****************
  Analysis Options
  ****************
  Flow Units ............... CFS
  Process Models:
    Rainfall/Runoff ........ NO
    RDII ................... NO
    Snowmelt ............... NO
    Groundwater ............ NO
    Flow Routing ........... YES
    Ponding Allowed ........ NO
    Water Quality .......... NO
  Flow Routing Method ...... DYNWAVE
  Surcharge Method ......... EXTRAN
  Starting Date ............ 01/01/2001 00:00:00
  Ending Date .............. 01/02/2001 00:00:00
  Antecedent Dry Days ...... 0.0
  Report Time Step ......... 00:15:00
  Routing Time Step ........ 20.00 sec
  Variable Time Step ....... YES
  Maximum Trials ........... 50
  Number of Threads ........ 1
  Head Tolerance ........... 0.003300 ft
  
  
  **************************        Volume        Volume
  Flow Routing Continuity        acre-feet      10^6 gal
  **************************     ---------     ---------
  Dry Weather Inflow .......         0.000         0.000
  Wet Weather Inflow .......         0.000         0.000
  Groundwater Inflow .......         0.000         0.000
  RDII Inflow ..............         0.000         0.000
  External Inflow ..........         2.340         0.763
  External Outflow .........         0.512         0.167
  Flooding Loss ............         0.905         0.295
  Evaporation Loss .........         0.000         0.000
  Exfiltration Loss ........         0.000         0.000
  Initial Stored Volume ....         0.000         0.000
  Final Stored Volume ......         0.092         0.030
  Continuity Error (%) .....        35.566
  
  
  *************************
  Highest Continuity Errors
  *************************
  Node 1 (100.00%)
  Node 103 (100.00%)
  Node 1012 (99.95%)
  Node 1203 (99.43%)
  Node 238 (91.55%)
  
  
  ***************************
  Time-Step Critical Elements
  ***************************
  Link 517 (80.02%)
  Link 247/1013 (18.57%)
  
  
  ********************************
  Highest Flow Instability Indexes
  ********************************
  All links are stable.
  
  
  *********************************
  Most Frequent Nonconverging Nodes
  *********************************
  Node 516 (0.02%)
  Node 121 (0.01%)
  Node 1009 (0.01%)
  Node 1008 (0.00%)
  Node 247 (0.00%)
  
  
  *************************
  Routing Time Step Summary
  *************************
  Minimum Time Step           :     0.12 sec
  Average Time Step           :     2.66 sec
  Maximum Time Step           :    20.00 sec
  % of Time in Steady State   :     0.00
  Average Iterations per Step :     2.01
  % of Steps Not Converging   :     0.02
  Time Step Frequencies       :
     20.000 -  9.564 sec      :     1.04 %
      9.564 -  4.573 sec      :     0.37 %
      4.573 -  2.187 sec      :    98.59 %
      2.187 -  1.046 sec      :     0.00 %
      1.046 -  0.500 sec      :     0.00 %
  
  
  ******************
  Node Depth Summary
  ******************
  
  ---------------------------------------------------------------------------------
                                 Average  Maximum  Maximum  Time of Max    Reported
                                   Depth    Depth      HGL   Occurrence   Max Depth
  Node                 Type         Feet     Feet     Feet  days hr:min        Feet
  ---------------------------------------------------------------------------------
  1000                 JUNCTION    75.40    88.30   181.30     0  20:24       88.30
  1001                 JUNCTION    79.72    88.61   183.11     0  05:17       88.61
  1002                 JUNCTION    85.78    89.12   183.83     0  03:34       89.12
  1003                 JUNCTION    89.46    89.90   184.52     0  01:45       89.90
  1004                 JUNCTION     0.00     0.00    94.82     0  00:00        0.00
  1005                 JUNCTION    79.35    88.65   183.88     0  20:23       88.65
  1006                 JUNCTION     0.00     0.00    96.00     0  00:00        0.00
  1007                 JUNCTION    84.09    89.23   184.12     0  20:22       89.23
  1008                 JUNCTION    72.08    91.06   185.52     0  20:02       91.06
  1009                 JUNCTION    87.97    89.48   187.65     0  02:45       89.48
  1010                 JUNCTION     0.00     0.00    96.96     0  00:00        0.00
  1011                 JUNCTION     0.00     0.00    97.48     0  00:00        0.00
  1012                 JUNCTION    62.65    90.82   187.39     0  16:47       90.82
  1013                 JUNCTION    90.21    90.74   187.39     0  16:48       90.74
  1014                 JUNCTION    77.50    91.06   185.52     0  20:01       91.06
  1015                 JUNCTION     0.00     0.00    94.66     0  00:00        0.00
  1016                 JUNCTION     0.00     0.00    94.82     0  00:00        0.00
  1017                 JUNCTION    84.26    91.76   186.89     0  04:53       91.76
  1018                 JUNCTION    89.23    91.77   186.89     0  04:53       91.77
  SEPR3                JUNCTION    68.96    84.50   179.60     0  20:24       84.50
  1                    JUNCTION    12.20    52.73   145.89     1  00:00       52.73
  5                    JUNCTION     0.00     0.00    95.43     0  00:00        0.00
  8                    JUNCTION     0.00     0.00    99.74     0  00:00        0.00
  9                    JUNCTION     0.00     0.00    99.77     0  00:00        0.00
  10                   JUNCTION     0.00     0.00    99.92     0  00:00        0.00
  11                   JUNCTION     0.00     0.00    99.97     0  00:00        0.00
  12                   JUNCTION     0.00     0.00    95.53     0  00:00        0.00
  13                   JUNCTION     0.00     0.00    95.66     0  00:00        0.00
  14                   JUNCTION     0.00     0.00    95.66     0  00:00        0.00
  100                  JUNCTION     0.00     0.00   111.84     0  00:00        0.00
  101                  JUNCTION     0.00     0.00   111.08     0  00:00        0.00
  101A                 JUNCTION     0.00     0.00   109.80     0  00:00        0.00
  102                  JUNCTION     0.00     0.00   110.61     0  00:00        0.00
  103                  JUNCTION    38.49    68.76   178.52     1  00:00       68.76
  104                  JUNCTION     0.00     0.00   110.37     0  00:00        0.00
  105                  JUNCTION     1.02    15.34   126.25     1  00:00       15.34
  106                  JUNCTION    72.85   107.02   218.85     0  23:12      107.02
  107                  JUNCTION     0.00     0.00   111.08     0  00:00        0.00
  110                  JUNCTION     0.00     0.00   111.10     0  00:00        0.00
  111                  JUNCTION     0.00     0.00   112.99     0  00:00        0.00
  112                  JUNCTION     0.00     0.00   111.53     0  00:00        0.00
  113                  JUNCTION     0.00     0.00   111.76     0  00:00        0.00
  114                  JUNCTION     0.00     0.00   111.61     0  00:00        0.00
  115                  JUNCTION     0.00     0.00   111.94     0  00:00        0.00
  117                  JUNCTION     0.00     0.00   112.32     0  00:00        0.00
  118                  JUNCTION     0.00     0.00   111.88     0  00:00        0.00
  119                  JUNCTION     0.00     0.00   112.20     0  00:00        0.00
  120                  JUNCTION     0.00     0.00   111.71     0  00:00        0.00
  121                  JUNCTION    98.91    99.28   210.52     0  02:45       99.28
  122                  JUNCTION     0.00     0.00   111.43     0  00:00        0.00
  123                  JUNCTION     0.00     0.00   111.58     0  00:00        0.00
  124                  JUNCTION     0.00     0.00   111.55     0  00:00        0.00
  125                  JUNCTION     0.00     0.00   111.50     0  00:00        0.00
  126                  JUNCTION     0.00     0.00   111.59     0  00:00        0.00
  128                  JUNCTION     0.00     0.00   111.97     0  00:00        0.00
  129                  JUNCTION     0.00     0.00   115.59     0  00:00        0.00
  200                  JUNCTION     0.00     0.00    95.79     0  00:00        0.00
  201                  JUNCTION     0.00     0.00    95.28     0  00:00        0.00
  202                  JUNCTION     0.00     0.00    95.17     0  00:00        0.00
  203                  JUNCTION     0.00     0.00    94.89     0  00:00        0.00
  204                  JUNCTION     0.00     0.00    94.83     0  00:00        0.00
  205                  JUNCTION     0.00     0.00    94.76     0  00:00        0.00
  206                  JUNCTION     0.00     0.00    95.01     0  00:00        0.00
  207                  JUNCTION     0.00     0.00    93.87     0  00:00        0.00
  208                  JUNCTION     0.00     0.00    94.10     0  00:00        0.00
  209                  JUNCTION     0.00     0.00    94.56     0  00:00        0.00
  210A                 JUNCTION     0.00     0.00    95.38     0  00:00        0.00
  210                  JUNCTION     0.00     0.00    94.93     0  00:00        0.00
  211                  JUNCTION     0.00     0.00    95.77     0  00:00        0.00
  212                  JUNCTION     0.00     0.00    95.87     0  00:00        0.00
  213                  JUNCTION     0.00     0.00    95.99     0  00:00        0.00
  214                  JUNCTION     0.00     0.00    95.07     0  00:00        0.00
  215                  JUNCTION     0.00     0.00    95.26     0  00:00        0.00
  216                  JUNCTION     0.00     0.00    95.98     0  00:00        0.00
  217                  JUNCTION     0.00     0.00    96.07     0  00:00        0.00
  218                  JUNCTION     0.00     0.00    94.98     0  00:00        0.00
  219                  JUNCTION     0.00     0.00    94.36     0  00:00        0.00
  220                  JUNCTION     0.00     0.00    95.80     0  00:00        0.00
  221                  JUNCTION     0.00     0.00    95.53     0  00:00        0.00
  222                  JUNCTION     0.00     0.00    96.90     0  00:00        0.00
  223                  JUNCTION     0.00     0.00    96.60     0  00:00        0.00
  224                  JUNCTION     0.00     0.00    96.91     0  00:00        0.00
  225                  JUNCTION     0.00     0.00    96.13     0  00:00        0.00
  227                  JUNCTION     0.00     0.00    95.08     0  00:00        0.00
  228                  JUNCTION     0.00     0.00    95.18     0  00:00        0.00
  229                  JUNCTION     0.00     0.00    95.85     0  00:00        0.00
  230                  JUNCTION     0.00     0.00    95.06     0  00:00        0.00
  233                  JUNCTION     0.00     0.00    94.74     0  00:00        0.00
  234                  JUNCTION     0.00     0.00    94.77     0  00:00        0.00
  236                  JUNCTION     0.00     0.00    94.77     0  00:00        0.00
  238                  JUNCTION    38.89    91.74   186.57     0  20:32       91.74
  240                  JUNCTION    70.35    92.25   186.57     0  20:27       92.25
  241                  JUNCTION    91.74    92.13   187.53     0  01:33       92.13
  242                  JUNCTION     0.00     0.00    94.85     0  00:00        0.00
  245                  JUNCTION    66.93    92.05   186.57     0  20:25       92.05
  246                  JUNCTION    47.24    90.35   184.70     0  16:45       90.35
  247                  JUNCTION    85.98    91.15   186.56     0  20:44       91.15
  248                  JUNCTION    32.61    91.85   186.57     0  20:29       91.85
  249                  JUNCTION    93.27    93.52   189.14     0  01:03       93.52
  251                  JUNCTION     0.00     0.00    96.27     0  00:00        0.00
  252                  JUNCTION    73.48    89.50   183.62     0  08:04       89.50
  253                  JUNCTION     0.00     0.00    94.67     0  00:00        0.00
  256                  JUNCTION    71.08    90.40   185.36     0  21:08       90.40
  257                  JUNCTION     0.00     0.00    95.55     0  00:00        0.00
  258                  JUNCTION     0.00     0.00    95.41     0  00:00        0.00
  259                  JUNCTION     0.00     0.00    95.34     0  00:00        0.00
  1100                 JUNCTION     0.00     0.00    95.62     0  00:00        0.00
  1101                 JUNCTION     0.00     0.00    94.07     0  00:00        0.00
  1102                 JUNCTION     0.00     0.00    94.86     0  00:00        0.00
  1103                 JUNCTION     3.83    22.72   116.81     1  00:00       22.72
  1200                 JUNCTION    63.82    90.17   185.52     0  21:47       90.17
  1201                 JUNCTION    50.08    90.18   185.52     0  19:52       90.18
  1202                 JUNCTION    57.36    90.18   185.52     0  19:48       90.18
  1203                 JUNCTION    42.26    90.21   185.52     0  21:40       90.21
  1204                 JUNCTION     0.00     0.00    95.48     0  00:00        0.00
  1205                 JUNCTION     0.00     0.00    95.32     0  00:00        0.00
  1206                 JUNCTION     0.00     0.00    95.74     0  00:00        0.00
  1207                 JUNCTION     0.00     0.00    95.71     0  00:00        0.00
  1208                 JUNCTION     0.00     0.00    96.21     0  00:00        0.00
  1209                 JUNCTION     0.00     0.00    96.05     0  00:00        0.00
  1210                 JUNCTION     0.00     0.00    96.36     0  00:00        0.00
  1211                 JUNCTION     0.00     0.00    96.23     0  00:00        0.00
  1212                 JUNCTION     0.00     0.00    96.44     0  00:00        0.00
  1213                 JUNCTION     0.00     0.00    96.44     0  00:00        0.00
  1214                 JUNCTION     0.00     0.00    98.08     0  00:00        0.00
  1300                 JUNCTION     0.00     0.00    95.20     0  00:00        0.00
  1301                 JUNCTION     0.00     0.00    94.47     0  00:00        0.00
  1302                 JUNCTION     0.00     0.00    95.32     0  00:00        0.00
  1303                 JUNCTION     0.00     0.00    94.47     0  00:00        0.00
  1304                 JUNCTION     0.00     0.00    94.59     0  00:00        0.00
  1400                 JUNCTION     0.00     0.00    94.98     0  00:00        0.00
  1402                 JUNCTION     0.00     0.00    94.63     0  00:00        0.00
  1403                 JUNCTION     0.00     0.00    94.67     0  00:00        0.00
  1404                 JUNCTION     0.00     0.00    96.09     0  00:00        0.00
  1405                 JUNCTION     0.00     0.00    95.90     0  00:00        0.00
  1406                 JUNCTION     0.00     0.00    95.85     0  00:00        0.00
  1407                 JUNCTION     0.00     0.00    95.68     0  00:00        0.00
  1408                 JUNCTION     0.00     0.00    95.06     0  00:00        0.00
  1409                 JUNCTION     0.00     0.00    97.04     0  00:00        0.00
  1410                 JUNCTION     0.00     0.00    97.00     0  00:00        0.00
  1411                 JUNCTION     0.00     0.00    97.23     0  00:00        0.00
  1412                 JUNCTION     0.00     0.00    97.21     0  00:00        0.00
  1413                 JUNCTION     0.00     0.00    97.03     0  00:00        0.00
  1415A                JUNCTION     0.00     0.00    96.11     0  00:00        0.00
  1415B                JUNCTION     0.00     0.00    96.52     0  00:00        0.00
  1416                 JUNCTION     0.00     0.00    95.62     0  00:00        0.00
  1418                 JUNCTION     0.00     0.00    96.16     0  00:00        0.00
  1403A                JUNCTION     0.00     0.00    94.67     0  00:00        0.00
  516                  OUTFALL      0.00     0.00    95.50     0  00:00        0.00
  
  
  *******************
  Node Inflow Summary
  *******************
  
  -------------------------------------------------------------------------------------------------
                                  Maximum  Maximum                  Lateral       Total        Flow
                                  Lateral    Total  Time of Max      Inflow      Inflow     Balance
                                   Inflow   Inflow   Occurrence      Volume      Volume       Error
  Node                 Type           CFS      CFS  days hr:min    10^6 gal    10^6 gal     Percent
  -------------------------------------------------------------------------------------------------
  1000                 JUNCTION      0.00     0.45     0  20:23           0       0.189       0.000
  1001                 JUNCTION      0.00     0.18     0  03:35           0      0.0995       9.166
  1002                 JUNCTION      0.00     0.18     0  01:45           0       0.108       8.444
  1003                 JUNCTION      0.18     0.18     0  00:00       0.116       0.116       7.846
  1004                 JUNCTION      0.00     0.00     0  00:00           0           0       0.000 gal
  1005                 JUNCTION      0.00     0.46     0  20:22           0       0.178       5.018
  1006                 JUNCTION      0.00     0.00     0  00:00           0           0       0.000 gal
  1007                 JUNCTION      0.00     0.46     0  20:02           0       0.187       5.345
  1008                 JUNCTION      0.00     0.21     0  18:39           0      0.0973      17.464
  1009                 JUNCTION      0.00     0.26     0  04:21           0       0.159       5.613
  1010                 JUNCTION      0.00     0.00     0  00:00           0           0       0.000 gal
  1011                 JUNCTION      0.00     0.00     0  00:00           0           0       0.000 gal
  1012                 JUNCTION      0.00     0.03     0  16:39           0     0.00863    8626.560 gal
  1013                 JUNCTION      0.16     0.17     0  16:47       0.103       0.103       9.011
  1014                 JUNCTION      0.00     0.21     0  04:53           0       0.109      11.633
  1015                 JUNCTION      0.00     0.00     0  00:00           0           0       0.000 gal
  1016                 JUNCTION      0.00     0.00     0  00:00           0           0       0.000 gal
  1017                 JUNCTION      0.00     0.24     0  04:50           0       0.118       8.776
  1018                 JUNCTION      0.00     0.24     0  04:44           0       0.127       7.559
  SEPR3                JUNCTION      0.00     0.45     0  20:24           0        0.18       4.667
  1                    JUNCTION      0.00     0.02     0  20:24           0     0.00496    4956.515 gal
  5                    JUNCTION      0.00     0.00     0  00:00           0           0       0.000 gal
  8                    JUNCTION      0.00     0.00     0  00:00           0           0       0.000 gal
  9                    JUNCTION      0.00     0.00     0  00:00           0           0       0.000 gal
  10                   JUNCTION      0.00     0.00     0  00:00           0           0       0.000 gal
  11                   JUNCTION      0.00     0.00     0  00:00           0           0       0.000 gal
  12                   JUNCTION      0.00     0.00     0  00:00           0           0       0.000 gal
  13                   JUNCTION      0.00     0.00     0  00:00           0           0       0.000 gal
  14                   JUNCTION      0.00     0.00     0  00:00           0           0       0.000 gal
  100                  JUNCTION      0.00     0.00     0  00:00           0           0       0.000 gal
  101                  JUNCTION      0.00     0.00     0  00:00           0           0       0.000 gal
  101A                 JUNCTION      0.00     0.00     0  00:00           0           0       0.000 gal
  102                  JUNCTION      0.00     0.00     0  00:00           0           0       0.000 gal
  103                  JUNCTION      0.01     0.01     0  00:00     0.00646     0.00646    6462.701 gal
  104                  JUNCTION      0.00     0.00     0  00:00           0           0       0.000 gal
  105                  JUNCTION      0.00     0.02     0  23:16           0     0.00144    1441.787 gal
  106                  JUNCTION      0.02     0.02     0  00:00      0.0129      0.0129     796.485
  107                  JUNCTION      0.00     0.00     0  00:00           0           0       0.000 gal
  110                  JUNCTION      0.00     0.00     0  00:00           0           0       0.000 gal
  111                  JUNCTION      0.00     0.00     0  00:00           0           0       0.000 gal
  112                  JUNCTION      0.00     0.00     0  00:00           0           0       0.000 gal
  113                  JUNCTION      0.00     0.00     0  00:00           0           0       0.000 gal
  114                  JUNCTION      0.00     0.00     0  00:00           0           0       0.000 gal
  115                  JUNCTION      0.00     0.00     0  00:00           0           0       0.000 gal
  117                  JUNCTION      0.00     0.00     0  00:00           0           0       0.000 gal
  118                  JUNCTION      0.00     0.00     0  00:00           0           0       0.000 gal
  119                  JUNCTION      0.00     0.00     0  00:00           0           0       0.000 gal
  120                  JUNCTION      0.00     0.00     0  00:00           0           0       0.000 gal
  121                  JUNCTION      0.26     0.26     0  00:00       0.168       0.168       5.937
  122                  JUNCTION      0.00     0.00     0  00:00           0           0       0.000 gal
  123                  JUNCTION      0.00     0.00     0  00:00           0           0       0.000 gal
  124                  JUNCTION      0.00     0.00     0  00:00           0           0       0.000 gal
  125                  JUNCTION      0.00     0.00     0  00:00           0           0       0.000 gal
  126                  JUNCTION      0.00     0.00     0  00:00           0           0       0.000 gal
  128                  JUNCTION      0.00     0.00     0  00:00           0           0       0.000 gal
  129                  JUNCTION      0.00     0.00     0  00:00           0           0       0.000 gal
  200                  JUNCTION      0.00     0.00     0  00:00           0           0       0.000 gal
  201                  JUNCTION      0.00     0.00     0  00:00           0           0       0.000 gal
  202                  JUNCTION      0.00     0.00     0  00:00           0           0       0.000 gal
  203                  JUNCTION      0.00     0.00     0  00:00           0           0       0.000 gal
  204                  JUNCTION      0.00     0.00     0  00:00           0           0       0.000 gal
  205                  JUNCTION      0.00     0.00     0  00:00           0           0       0.000 gal
  206                  JUNCTION      0.00     0.00     0  00:00           0           0       0.000 gal
  207                  JUNCTION      0.00     0.00     0  00:00           0           0       0.000 gal
  208                  JUNCTION      0.00     0.00     0  00:00           0           0       0.000 gal
  209                  JUNCTION      0.00     0.00     0  00:00           0           0       0.000 gal
  210A                 JUNCTION      0.00     0.00     0  00:00           0           0       0.000 gal
  210                  JUNCTION      0.00     0.00     0  00:00           0           0       0.000 gal
  211                  JUNCTION      0.00     0.00     0  00:00           0           0       0.000 gal
  212                  JUNCTION      0.00     0.00     0  00:00           0           0       0.000 gal
  213                  JUNCTION      0.00     0.00     0  00:00           0           0       0.000 gal
  214                  JUNCTION      0.00     0.00     0  00:00           0           0       0.000 gal
  215                  JUNCTION      0.00     0.00     0  00:00           0           0       0.000 gal
  216                  JUNCTION      0.00     0.00     0  00:00           0           0       0.000 gal
  217                  JUNCTION      0.00     0.00     0  00:00           0           0       0.000 gal
  218                  JUNCTION      0.00     0.00     0  00:00           0           0       0.000 gal
  219                  JUNCTION      0.00     0.00     0  00:00           0           0       0.000 gal
  220                  JUNCTION      0.00     0.00     0  00:00           0           0       0.000 gal
  221                  JUNCTION      0.00     0.00     0  00:00           0           0       0.000 gal
  222                  JUNCTION      0.00     0.00     0  00:00           0           0       0.000 gal
  223                  JUNCTION      0.00     0.00     0  00:00           0           0       0.000 gal
  224                  JUNCTION      0.00     0.00     0  00:00           0           0       0.000 gal
  225                  JUNCTION      0.00     0.00     0  00:00           0           0       0.000 gal
  227                  JUNCTION      0.00     0.00     0  00:00           0           0       0.000 gal
  228                  JUNCTION      0.00     0.00     0  00:00           0           0       0.000 gal
  229                  JUNCTION      0.00     0.00     0  00:00           0           0       0.000 gal
  230                  JUNCTION      0.00     0.00     0  00:00           0           0       0.000 gal
  233                  JUNCTION      0.00     0.00     0  00:00           0           0       0.000 gal
  234                  JUNCTION      0.00     0.00     0  00:00           0           0       0.000 gal
  236                  JUNCTION      0.00     0.00     0  00:00           0           0       0.000 gal
  238                  JUNCTION      0.00     0.07     0  19:07           0     0.00975    1083.117
  240                  JUNCTION      0.00     0.10     0  19:07           0      0.0205     103.443
  241                  JUNCTION      0.21     0.21     0  00:00       0.136       0.136       6.856
  242                  JUNCTION      0.00     0.00     0  00:00           0           0       0.000 gal
  245                  JUNCTION      0.00     0.07     0  20:01           0      0.0182      98.847
  246                  JUNCTION      0.00     0.16     0  21:08           0      0.0318      41.600
  247                  JUNCTION      0.00     0.19     0  20:14           0      0.0868      11.268
  248                  JUNCTION      0.00     0.07     0  20:00           0     0.00886    7125.049
  249                  JUNCTION      0.34     0.34     0  00:00        0.22        0.22       4.613
  251                  JUNCTION      0.00     0.00     0  00:00           0           0       0.000 gal
  252                  JUNCTION      0.00     0.19     0  20:23           0      0.0711      14.236
  253                  JUNCTION      0.00     0.00     0  00:00           0           0       0.000 gal
  256                  JUNCTION      0.00     0.16     0  20:44           0      0.0404      27.050
  257                  JUNCTION      0.00     0.00     0  00:00           0           0       0.000 gal
  258                  JUNCTION      0.00     0.00     0  00:00           0           0       0.000 gal
  259                  JUNCTION      0.00     0.00     0  00:00           0           0       0.000 gal
  1100                 JUNCTION      0.00     0.00     0  00:00           0           0       0.000 gal
  1101                 JUNCTION      0.00     0.00     0  00:00           0           0       0.000 gal
  1102                 JUNCTION      0.00     0.00     0  00:00           0           0       0.000 gal
  1103                 JUNCTION      0.00     0.01     0  20:02           0     0.00214    2135.957 gal
  1200                 JUNCTION      0.00     0.21     0  11:27           0      0.0435      41.152
  1201                 JUNCTION      0.00     0.22     0  13:10           0      0.0201      88.159
  1202                 JUNCTION      0.00     0.28     0  11:23           0      0.0308      53.423
  1203                 JUNCTION      0.00     0.21     0  15:08           0      0.0106   17424.735
  1204                 JUNCTION      0.00     0.00     0  00:00           0           0       0.000 gal
  1205                 JUNCTION      0.00     0.00     0  00:00           0           0       0.000 gal
  1206                 JUNCTION      0.00     0.00     0  00:00           0           0       0.000 gal
  1207                 JUNCTION      0.00     0.00     0  00:00           0           0       0.000 gal
  1208                 JUNCTION      0.00     0.00     0  00:00           0           0       0.000 gal
  1209                 JUNCTION      0.00     0.00     0  00:00           0           0       0.000 gal
  1210                 JUNCTION      0.00     0.00     0  00:00           0           0       0.000 gal
  1211                 JUNCTION      0.00     0.00     0  00:00           0           0       0.000 gal
  1212                 JUNCTION      0.00     0.00     0  00:00           0           0       0.000 gal
  1213                 JUNCTION      0.00     0.00     0  00:00           0           0       0.000 gal
  1214                 JUNCTION      0.00     0.00     0  00:00           0           0       0.000 gal
  1300                 JUNCTION      0.00     0.00     0  00:00           0           0       0.000 gal
  1301                 JUNCTION      0.00     0.00     0  00:00           0           0       0.000 gal
  1302                 JUNCTION      0.00     0.00     0  00:00           0           0       0.000 gal
  1303                 JUNCTION      0.00     0.00     0  00:00           0           0       0.000 gal
  1304                 JUNCTION      0.00     0.00     0  00:00           0           0       0.000 gal
  1400                 JUNCTION      0.00     0.00     0  00:00           0           0       0.000 gal
  1402                 JUNCTION      0.00     0.00     0  00:00           0           0       0.000 gal
  1403                 JUNCTION      0.00     0.00     0  00:00           0           0       0.000 gal
  1404                 JUNCTION      0.00     0.00     0  00:00           0           0       0.000 gal
  1405                 JUNCTION      0.00     0.00     0  00:00           0           0       0.000 gal
  1406                 JUNCTION      0.00     0.00     0  00:00           0           0       0.000 gal
  1407                 JUNCTION      0.00     0.00     0  00:00           0           0       0.000 gal
  1408                 JUNCTION      0.00     0.00     0  00:00           0           0       0.000 gal
  1409                 JUNCTION      0.00     0.00     0  00:00           0           0       0.000 gal
  1410                 JUNCTION      0.00     0.00     0  00:00           0           0       0.000 gal
  1411                 JUNCTION      0.00     0.00     0  00:00           0           0       0.000 gal
  1412                 JUNCTION      0.00     0.00     0  00:00           0           0       0.000 gal
  1413                 JUNCTION      0.00     0.00     0  00:00           0           0       0.000 gal
  1415A                JUNCTION      0.00     0.00     0  00:00           0           0       0.000 gal
  1415B                JUNCTION      0.00     0.00     0  00:00           0           0       0.000 gal
  1416                 JUNCTION      0.00     0.00     0  00:00           0           0       0.000 gal
  1418                 JUNCTION      0.00     0.00     0  00:00           0           0       0.000 gal
  1403A                JUNCTION      0.00     0.00     0  00:00           0           0       0.000 gal
  516                  OUTFALL       0.00     0.42     0  20:24           0       0.167       0.000
  
  
  **********************
  Node Surcharge Summary
  **********************
  
  Surcharging occurs when water rises above the top of the highest conduit.
  ---------------------------------------------------------------------
                                               Max. Height   Min. Depth
                                   Hours       Above Crown    Below Rim
  Node                 Type      Surcharged           Feet         Feet
  ---------------------------------------------------------------------
  246                  JUNCTION        7.25          0.000        0.000
  249                  JUNCTION       22.94          0.000        0.000
  252                  JUNCTION       15.92          0.000        0.000
  
  
  *********************
  Node Flooding Summary
  *********************
  
  Flooding refers to all water that overflows a node, whether it ponds or not.
  --------------------------------------------------------------------------
                                                             Total   Maximum
                                 Maximum   Time of Max       Flood    Ponded
                        Hours       Rate    Occurrence      Volume     Depth
  Node                 Flooded       CFS   days hr:min    10^6 gal      Feet
  --------------------------------------------------------------------------
  246                     7.25      0.16      0  21:08       0.022     0.000
  249                    22.94      0.34      0  01:46       0.210     0.000
  252                    15.92      0.19      0  20:23       0.062     0.000
  
  
  ***********************
  Outfall Loading Summary
  ***********************
  
  -----------------------------------------------------------
                         Flow       Avg       Max       Total
                         Freq      Flow      Flow      Volume
  Outfall Node           Pcnt       CFS       CFS    10^6 gal
  -----------------------------------------------------------
  516                   80.03      0.37      0.42       0.167
  -----------------------------------------------------------
  System                80.03      0.37      0.42       0.167
  
  
  ********************
  Link Flow Summary
  ********************
  
  -----------------------------------------------------------------------------
                                 Maximum  Time of Max   Maximum    Max/    Max/
                                  |Flow|   Occurrence   |Veloc|    Full    Full
  Link                 Type          CFS  days hr:min    ft/sec    Flow   Depth
  -----------------------------------------------------------------------------
  1/SEPR3              CONDUIT      0.02     0  20:24      0.09    0.00    0.13
  5/1                  CONDUIT      0.00     0  00:00      0.00    0.00    0.00
  8/5                  CONDUIT      0.00     0  00:00      0.00    0.00    0.00
  9/8                  CONDUIT      0.00     0  00:00      0.00    0.00    0.00
  10/9                 CONDUIT      0.00     0  00:00      0.00    0.00    0.00
  11/10                CONDUIT      0.00     0  00:00      0.00    0.00    0.00
  12/5                 CONDUIT      0.00     0  00:00      0.00    0.00    0.00
  13/12                CONDUIT      0.00     0  00:00      0.00    0.00    0.00
  14/13                CONDUIT      0.00     0  00:00      0.00    0.00    0.00
  249/14               CONDUIT      0.00     0  00:00      0.00    0.00    0.50
  251/249              CONDUIT      0.00     0  00:00      0.00    0.00    0.50
  100/14               CONDUIT      0.00     0  00:00      0.00    0.00    0.00
  101/100              CONDUIT      0.00     0  00:00      0.00    0.00    0.00
  101A/101             CONDUIT      0.00     0  00:00      0.00    0.00    0.00
  102/101              CONDUIT      0.00     0  00:00      0.00    0.00    0.00
  104/102              CONDUIT      0.00     0  00:00      0.00    0.00    0.00
  103/104              CONDUIT      0.00     0  00:00      0.00    0.00    0.00
  105/104              CONDUIT      0.00     0  00:00      0.00    0.00    0.00
  106/105              CONDUIT      0.02     0  23:16      0.03    0.00    0.28
  107/106              CONDUIT      0.00     0  00:00      0.00    0.00    0.48
  110/107              CONDUIT      0.00     0  00:00      0.00    0.00    0.00
  200/1                CONDUIT      0.00     0  00:00      0.00    0.00    0.00
  201/200              CONDUIT      0.00     0  00:00      0.00    0.00    0.00
  202/201              CONDUIT      0.00     0  00:00      0.00    0.00    0.00
  203/202              CONDUIT      0.00     0  00:00      0.00    0.00    0.00
  204/203              CONDUIT      0.00     0  00:00      0.00    0.00    0.00
  205/204              CONDUIT      0.00     0  00:00      0.00    0.00    0.00
  206/205              CONDUIT      0.00     0  00:00      0.00    0.00    0.00
  207/206              CONDUIT      0.00     0  00:00      0.00    0.00    0.00
  208/207              CONDUIT      0.00     0  00:00      0.00    0.00    0.00
  209/208              CONDUIT      0.00     0  00:00      0.00    0.00    0.00
  210A/209             CONDUIT      0.00     0  00:00      0.00    0.00    0.00
  210/210A             CONDUIT      0.00     0  00:00      0.00    0.00    0.00
  211/210              CONDUIT      0.00     0  00:00      0.00    0.00    0.00
  212/211              CONDUIT      0.00     0  00:00      0.00    0.00    0.00
  213/212              CONDUIT      0.00     0  00:00      0.00    0.00    0.00
  214/213              CONDUIT      0.00     0  00:00      0.00    0.00    0.00
  215/214              CONDUIT      0.00     0  00:00      0.00    0.00    0.00
  SEPR3/1000           CONDUIT      0.45     0  20:24      0.45    0.01    0.26
  1001/1000            CONDUIT      0.18     0  06:07      2.95    0.01    0.18
  1002/1001            CONDUIT      0.18     0  03:35      2.62    0.01    0.07
  1003/1002            CONDUIT      0.18     0  01:45      2.54    0.05    0.15
  1004/1002            CONDUIT      0.00     0  00:00      0.00    0.00    0.03
  259/1004             CONDUIT      0.00     0  00:00      0.00    0.00    0.00
  258/259              CONDUIT      0.00     0  00:00      0.00    0.00    0.00
  257/258              CONDUIT      0.00     0  00:00      0.00    0.00    0.00
  1005/1000            CONDUIT      0.27     0  20:23      2.16    0.01    0.24
  252/1005             CONDUIT      0.19     0  20:23      2.27    0.05    0.57
  253/252              CONDUIT      0.00     0  00:00      0.00    0.00    0.50
  256/253              CONDUIT      0.00     0  00:00      0.00    0.00    0.00
  246/256              CONDUIT      0.16     0  21:08      1.49    0.05    0.58
  14/246               CONDUIT      0.00     0  00:00      0.00    0.00    0.50
  247/256              CONDUIT      0.16     0  20:44      1.61    0.01    0.09
  245/247              CONDUIT      0.07     0  19:30      1.01    0.01    0.19
  248/245              CONDUIT      0.07     0  20:00      0.52    0.01    0.26
  240/247              CONDUIT      0.05     0  16:49      1.34    0.01    0.56
  238/240              CONDUIT      0.07     0  19:07      1.33    0.01    0.85
  236/238              CONDUIT      0.00     0  00:00      0.00    0.00    0.11
  234/236              CONDUIT      0.00     0  00:00      0.00    0.00    0.00
  247/1013             CONDUIT      0.17     0  16:48      3.29    0.00    0.06
  1007/1005            CONDUIT      0.46     0  20:22      0.92    0.07    0.22
  1009/1007            CONDUIT      0.26     0  04:22      3.87    0.01    0.05
  1010/1009            CONDUIT      0.00     0  00:00      0.00    0.00    0.00
  1011/1010            CONDUIT      0.00     0  00:00      0.00    0.00    0.00
  1012/1011            CONDUIT      0.00     0  00:00      0.00    0.00    0.06
  1013/1012            CONDUIT      0.03     0  16:39      0.85    0.00    0.08
  1006/1005            CONDUIT      0.00     0  00:00      0.00    0.00    0.07
  1101/1006            CONDUIT      0.00     0  00:00      0.00    0.00    0.00
  1100/1101            CONDUIT      0.00     0  00:00      0.00    0.00    0.00
  1102/1101            CONDUIT      0.00     0  00:00      0.00    0.00    0.00
  1015/1011            CONDUIT      0.00     0  00:00      0.00    0.00    0.00
  1016/1015            CONDUIT      0.00     0  00:00      0.00    0.00    0.00
  1304/1016            CONDUIT      0.00     0  00:00      0.00    0.00    0.00
  1301/1304            CONDUIT      0.00     0  00:00      0.00    0.00    0.00
  1303/1301            CONDUIT      0.00     0  00:00      0.00    0.00    0.00
  1302/1301            CONDUIT      0.00     0  00:00      0.00    0.00    0.00
  1300/1301            CONDUIT      0.00     0  00:00      0.00    0.00    0.00
  1008/1007            CONDUIT      0.20     0  20:02      0.16    0.01    0.43
  1200/1008            CONDUIT      0.21     0  11:27      0.54    0.03    0.70
  1202/1200            CONDUIT      0.28     0  11:23      1.07    0.06    0.75
  1201/1202            CONDUIT      0.22     0  13:10      1.35    0.14    0.57
  1203/1201            CONDUIT      0.21     0  15:08      0.80    0.03    0.51
  1204/1203            CONDUIT      0.00     0  00:00      0.00    0.00    0.24
  1205/1204            CONDUIT      0.00     0  00:00      0.00    0.00    0.00
  1206/1205            CONDUIT      0.00     0  00:00      0.00    0.00    0.00
  1207/1206            CONDUIT      0.00     0  00:00      0.00    0.00    0.00
  1208/1206            CONDUIT      0.00     0  00:00      0.00    0.00    0.00
  1209/1208            CONDUIT      0.00     0  00:00      0.00    0.00    0.00
  1210/1208            CONDUIT      0.00     0  00:00      0.00    0.00    0.00
  1211/1210            CONDUIT      0.00     0  00:00      0.00    0.00    0.00
  1212/1210            CONDUIT      0.00     0  00:00      0.00    0.00    0.00
  1213/1212            CONDUIT      0.00     0  00:00      0.00    0.00    0.00
  1214/1213            CONDUIT      0.00     0  00:00      0.00    0.00    0.00
  1410/1214            CONDUIT      0.00     0  00:00      0.00    0.00    0.00
  1409/1410            CONDUIT      0.00     0  00:00      0.00    0.00    0.00
  1411/1410            CONDUIT      0.00     0  00:00      0.00    0.00    0.00
  1412/1411            CONDUIT      0.00     0  00:00      0.00    0.00    0.00
  1413/1412            CONDUIT      0.00     0  00:00      0.00    0.00    0.00
  1103/1008            CONDUIT      0.01     0  20:02      0.23    0.04    0.57
  1014/1008            CONDUIT      0.21     0  20:28      0.43    0.02    0.89
  1017/1014            CONDUIT      0.21     0  04:53      2.46    0.01    0.22
  1018/1017            CONDUIT      0.24     0  04:50      3.87    0.00    0.65
  242/1018             CONDUIT      0.00     0  00:00      0.00    0.00    0.00
  241/1018             CONDUIT      0.21     0  01:33      2.45    0.01    0.18
  121/1009             CONDUIT      0.26     0  04:21      7.72    0.01    0.08
  120/121              CONDUIT      0.00     0  00:00      0.00    0.00    0.00
  112/120              CONDUIT      0.00     0  00:00      0.00    0.00    0.00
  111/112              CONDUIT      0.00     0  00:00      0.00    0.00    0.00
  110/111              CONDUIT      0.00     0  00:00      0.00    0.00    0.00
  113/112              CONDUIT      0.00     0  00:00      0.00    0.00    0.00
  114/113              CONDUIT      0.00     0  00:00      0.00    0.00    0.00
  115/114              CONDUIT      0.00     0  00:00      0.00    0.00    0.00
  117/114              CONDUIT      0.00     0  00:00      0.00    0.00    0.00
  118/117              CONDUIT      0.00     0  00:00      0.00    0.00    0.00
  122/120              CONDUIT      0.00     0  00:00      0.00    0.00    0.00
  123/122              CONDUIT      0.00     0  00:00      0.00    0.00    0.00
  124/123              CONDUIT      0.00     0  00:00      0.00    0.00    0.00
  125/124              CONDUIT      0.00     0  00:00      0.00    0.00    0.00
  126/125              CONDUIT      0.00     0  00:00      0.00    0.00    0.00
  128/121              CONDUIT      0.00     0  00:00      0.00    0.00    0.00
  119/128              CONDUIT      0.00     0  00:00      0.00    0.00    0.00
  1408/1409            CONDUIT      0.00     0  00:00      0.00    0.00    0.00
  1407/1408            CONDUIT      0.00     0  00:00      0.00    0.00    0.00
  1406/1407            CONDUIT      0.00     0  00:00      0.00    0.00    0.00
  1418/1406            CONDUIT      0.00     0  00:00      0.00    0.00    0.00
  1405/1406            CONDUIT      0.00     0  00:00      0.00    0.00    0.00
  1404/1405            CONDUIT      0.00     0  00:00      0.00    0.00    0.00
  1403/1404            CONDUIT      0.00     0  00:00      0.00    0.00    0.00
  1402/1403            CONDUIT      0.00     0  00:00      0.00    0.00    0.00
  1400/1402            CONDUIT      0.00     0  00:00      0.00    0.00    0.00
  1415B/1404           CONDUIT      0.00     0  00:00      0.00    0.00    0.00
  1415A/1415B          CONDUIT      0.00     0  00:00      0.00    0.00    0.00
  227/1415A            CONDUIT      0.00     0  00:00      0.00    0.00    0.00
  228/227              CONDUIT      0.00     0  00:00      0.00    0.00    0.00
  230/227              CONDUIT      0.00     0  00:00      0.00    0.00    0.00
  233/230              CONDUIT      0.00     0  00:00      0.00    0.00    0.00
  222/1415A            CONDUIT      0.00     0  00:00      0.00    0.00    0.00
  221/222              CONDUIT      0.00     0  00:00      0.00    0.00    0.00
  220/221              CONDUIT      0.00     0  00:00      0.00    0.00    0.00
  219/220              CONDUIT      0.00     0  00:00      0.00    0.00    0.00
  218/219              CONDUIT      0.00     0  00:00      0.00    0.00    0.00
  229/218              CONDUIT      0.00     0  00:00      0.00    0.00    0.00
  216/218              CONDUIT      0.00     0  00:00      0.00    0.00    0.00
  129/216              CONDUIT      0.00     0  00:00      0.00    0.00    0.00
  217/216              CONDUIT      0.00     0  00:00      0.00    0.00    0.00
  223/222              CONDUIT      0.00     0  00:00      0.00    0.00    0.00
  224/223              CONDUIT      0.00     0  00:00      0.00    0.00    0.00
  225/224              CONDUIT      0.00     0  00:00      0.00    0.00    0.00
  1416/223             CONDUIT      0.00     0  00:00      0.00    0.00    0.00
  1403A/1010           CONDUIT      0.00     0  00:00      0.00    0.00    0.00
  1403A/1403           CONDUIT      0.00     0  00:00      0.00    0.00    0.00
  517                  CONDUIT      0.42     0  20:24      1.03    0.00    0.11
  
  
  ***************************
  Flow Classification Summary
  ***************************
  
  -------------------------------------------------------------------------------------
                      Adjusted    ---------- Fraction of Time in Flow Class ---------- 
                       /Actual         Up    Down  Sub   Sup   Up    Down  Norm  Inlet 
  Conduit               Length    Dry  Dry   Dry   Crit  Crit  Crit  Crit  Ltd   Ctrl  
  -------------------------------------------------------------------------------------
  1/SEPR3                 1.00   0.30  0.00  0.00  0.00  0.00  0.70  0.00  0.00  0.00
  5/1                     1.00   1.00  0.00  0.00  0.00  0.00  0.00  0.00  0.00  0.00
  8/5                     1.00   1.00  0.00  0.00  0.00  0.00  0.00  0.00  0.00  0.00
  9/8                     1.00   1.00  0.00  0.00  0.00  0.00  0.00  0.00  0.00  0.00
  10/9                    1.00   1.00  0.00  0.00  0.00  0.00  0.00  0.00  0.00  0.00
  11/10                   1.00   1.00  0.00  0.00  0.00  0.00  0.00  0.00  0.00  0.00
  12/5                    1.00   1.00  0.00  0.00  0.00  0.00  0.00  0.00  0.00  0.00
  13/12                   1.00   1.00  0.00  0.00  0.00  0.00  0.00  0.00  0.00  0.00
  14/13                   1.00   1.00  0.00  0.00  0.00  0.00  0.00  0.00  0.00  0.00
  249/14                  1.00   0.04  0.96  0.00  0.00  0.00  0.00  0.00  0.00  0.00
  251/249                 1.00   0.04  0.96  0.00  0.00  0.00  0.00  0.00  0.00  0.00
  100/14                  1.00   1.00  0.00  0.00  0.00  0.00  0.00  0.00  0.00  0.00
  101/100                 1.00   1.00  0.00  0.00  0.00  0.00  0.00  0.00  0.00  0.00
  101A/101                1.00   1.00  0.00  0.00  0.00  0.00  0.00  0.00  0.00  0.00
  102/101                 1.00   1.00  0.00  0.00  0.00  0.00  0.00  0.00  0.00  0.00
  104/102                 1.00   1.00  0.00  0.00  0.00  0.00  0.00  0.00  0.00  0.00
  103/104                 1.00   1.00  0.00  0.00  0.00  0.00  0.00  0.00  0.00  0.00
  105/104                 1.00   1.00  0.00  0.00  0.00  0.00  0.00  0.00  0.00  0.00
  106/105                 1.00   0.80  0.09  0.00  0.00  0.00  0.12  0.00  0.00  0.00
  107/106                 1.00   0.76  0.24  0.00  0.00  0.00  0.00  0.00  0.00  0.00
  110/107                 1.00   1.00  0.00  0.00  0.00  0.00  0.00  0.00  0.00  0.00
  200/1                   1.00   1.00  0.00  0.00  0.00  0.00  0.00  0.00  0.00  0.00
  201/200                 1.00   1.00  0.00  0.00  0.00  0.00  0.00  0.00  0.00  0.00
  202/201                 1.00   1.00  0.00  0.00  0.00  0.00  0.00  0.00  0.00  0.00
  203/202                 1.00   1.00  0.00  0.00  0.00  0.00  0.00  0.00  0.00  0.00
  204/203                 1.00   1.00  0.00  0.00  0.00  0.00  0.00  0.00  0.00  0.00
  205/204                 1.00   1.00  0.00  0.00  0.00  0.00  0.00  0.00  0.00  0.00
  206/205                 1.00   1.00  0.00  0.00  0.00  0.00  0.00  0.00  0.00  0.00
  207/206                 1.00   1.00  0.00  0.00  0.00  0.00  0.00  0.00  0.00  0.00
  208/207                 1.00   1.00  0.00  0.00  0.00  0.00  0.00  0.00  0.00  0.00
  209/208                 1.00   1.00  0.00  0.00  0.00  0.00  0.00  0.00  0.00  0.00
  210A/209                1.00   1.00  0.00  0.00  0.00  0.00  0.00  0.00  0.00  0.00
  210/210A                1.00   1.00  0.00  0.00  0.00  0.00  0.00  0.00  0.00  0.00
  211/210                 1.00   1.00  0.00  0.00  0.00  0.00  0.00  0.00  0.00  0.00
  212/211                 1.00   1.00  0.00  0.00  0.00  0.00  0.00  0.00  0.00  0.00
  213/212                 1.00   1.00  0.00  0.00  0.00  0.00  0.00  0.00  0.00  0.00
  214/213                 1.00   1.00  0.00  0.00  0.00  0.00  0.00  0.00  0.00  0.00
  215/214                 1.00   1.00  0.00  0.00  0.00  0.00  0.00  0.00  0.00  0.00
  SEPR3/1000              1.00   0.25  0.00  0.00  0.00  0.00  0.74  0.00  0.00  0.00
  1001/1000               1.00   0.22  0.00  0.00  0.74  0.00  0.00  0.04  0.75  0.00
  1002/1001               1.00   0.14  0.00  0.00  0.00  0.00  0.00  0.86  0.00  0.00
  1003/1002               1.00   0.07  0.00  0.00  0.00  0.00  0.00  0.93  0.00  0.00
  1004/1002               1.00   0.14  0.86  0.00  0.00  0.00  0.00  0.00  0.00  0.00
  259/1004                1.00   1.00  0.00  0.00  0.00  0.00  0.00  0.00  0.00  0.00
  258/259                 1.00   1.00  0.00  0.00  0.00  0.00  0.00  0.00  0.00  0.00
  257/258                 1.00   1.00  0.00  0.00  0.00  0.00  0.00  0.00  0.00  0.00
  1005/1000               1.00   0.21  0.00  0.00  0.75  0.00  0.00  0.04  0.75  0.00
  252/1005                1.00   0.21  0.00  0.00  0.67  0.00  0.00  0.12  0.67  0.00
  253/252                 1.00   0.33  0.67  0.00  0.00  0.00  0.00  0.00  0.00  0.00
  256/253                 1.00   1.00  0.00  0.00  0.00  0.00  0.00  0.00  0.00  0.00
  246/256                 1.00   0.42  0.00  0.00  0.33  0.00  0.00  0.25  0.33  0.00
  14/246                  1.00   0.67  0.33  0.00  0.00  0.00  0.00  0.00  0.00  0.00
  247/256                 1.00   0.18  0.00  0.00  0.57  0.00  0.00  0.25  0.57  0.00
  245/247                 1.00   0.18  0.00  0.00  0.46  0.00  0.00  0.36  0.30  0.00
  248/245                 1.00   0.54  0.00  0.00  0.17  0.00  0.30  0.00  0.00  0.00
  240/247                 1.00   0.18  0.00  0.00  0.54  0.00  0.00  0.28  0.35  0.00
  238/240                 1.00   0.49  0.00  0.00  0.23  0.00  0.00  0.28  0.00  0.00
  236/238                 1.00   0.80  0.20  0.00  0.00  0.00  0.00  0.00  0.00  0.00
  234/236                 1.00   1.00  0.00  0.00  0.00  0.00  0.00  0.00  0.00  0.00
  247/1013                1.00   0.08  0.00  0.00  0.00  0.82  0.00  0.10  0.82  0.00
  1007/1005               1.00   0.16  0.00  0.00  0.00  0.00  0.84  0.00  0.00  0.00
  1009/1007               1.00   0.11  0.00  0.00  0.00  0.00  0.00  0.89  0.00  0.00
  1010/1009               1.00   1.00  0.00  0.00  0.00  0.00  0.00  0.00  0.00  0.00
  1011/1010               1.00   1.00  0.00  0.00  0.00  0.00  0.00  0.00  0.00  0.00
  1012/1011               1.00   0.69  0.31  0.00  0.00  0.00  0.00  0.00  0.00  0.00
  1013/1012               1.00   0.08  0.00  0.00  0.31  0.00  0.00  0.61  0.00  0.00
  1006/1005               1.00   0.21  0.79  0.00  0.00  0.00  0.00  0.00  0.00  0.00
  1101/1006               1.00   1.00  0.00  0.00  0.00  0.00  0.00  0.00  0.00  0.00
  1100/1101               1.00   1.00  0.00  0.00  0.00  0.00  0.00  0.00  0.00  0.00
  1102/1101               1.00   1.00  0.00  0.00  0.00  0.00  0.00  0.00  0.00  0.00
  1015/1011               1.00   1.00  0.00  0.00  0.00  0.00  0.00  0.00  0.00  0.00
  1016/1015               1.00   1.00  0.00  0.00  0.00  0.00  0.00  0.00  0.00  0.00
  1304/1016               1.00   1.00  0.00  0.00  0.00  0.00  0.00  0.00  0.00  0.00
  1301/1304               1.00   1.00  0.00  0.00  0.00  0.00  0.00  0.00  0.00  0.00
  1303/1301               1.00   1.00  0.00  0.00  0.00  0.00  0.00  0.00  0.00  0.00
  1302/1301               1.00   1.00  0.00  0.00  0.00  0.00  0.00  0.00  0.00  0.00
  1300/1301               1.00   1.00  0.00  0.00  0.00  0.00  0.00  0.00  0.00  0.00
  1008/1007               1.00   0.33  0.36  0.00  0.00  0.00  0.31  0.00  0.00  0.00
  1200/1008               1.00   0.33  0.01  0.00  0.52  0.00  0.14  0.00  0.00  0.00
  1202/1200               1.00   0.41  0.00  0.00  0.53  0.00  0.00  0.07  0.00  0.00
  1201/1202               1.00   0.48  0.00  0.00  0.45  0.00  0.07  0.00  0.00  0.00
  1203/1201               1.00   0.55  0.00  0.00  0.37  0.00  0.08  0.00  0.00  0.00
  1204/1203               1.00   0.63  0.37  0.00  0.00  0.00  0.00  0.00  0.00  0.00
  1205/1204               1.00   1.00  0.00  0.00  0.00  0.00  0.00  0.00  0.00  0.00
  1206/1205               1.00   1.00  0.00  0.00  0.00  0.00  0.00  0.00  0.00  0.00
  1207/1206               1.00   1.00  0.00  0.00  0.00  0.00  0.00  0.00  0.00  0.00
  1208/1206               1.00   1.00  0.00  0.00  0.00  0.00  0.00  0.00  0.00  0.00
  1209/1208               1.00   1.00  0.00  0.00  0.00  0.00  0.00  0.00  0.00  0.00
  1210/1208               1.00   1.00  0.00  0.00  0.00  0.00  0.00  0.00  0.00  0.00
  1211/1210               1.00   1.00  0.00  0.00  0.00  0.00  0.00  0.00  0.00  0.00
  1212/1210               1.00   1.00  0.00  0.00  0.00  0.00  0.00  0.00  0.00  0.00
  1213/1212               1.00   1.00  0.00  0.00  0.00  0.00  0.00  0.00  0.00  0.00
  1214/1213               1.00   1.00  0.00  0.00  0.00  0.00  0.00  0.00  0.00  0.00
  1410/1214               1.00   1.00  0.00  0.00  0.00  0.00  0.00  0.00  0.00  0.00
  1409/1410               1.00   1.00  0.00  0.00  0.00  0.00  0.00  0.00  0.00  0.00
  1411/1410               1.00   1.00  0.00  0.00  0.00  0.00  0.00  0.00  0.00  0.00
  1412/1411               1.00   1.00  0.00  0.00  0.00  0.00  0.00  0.00  0.00  0.00
  1413/1412               1.00   1.00  0.00  0.00  0.00  0.00  0.00  0.00  0.00  0.00
  1103/1008               1.00   0.33  0.38  0.00  0.00  0.00  0.29  0.00  0.00  0.00
  1014/1008               1.00   0.26  0.00  0.00  0.67  0.00  0.07  0.00  0.00  0.00
  1017/1014               1.00   0.20  0.00  0.00  0.35  0.01  0.00  0.44  0.36  0.00
  1018/1017               1.00   0.13  0.00  0.00  0.81  0.00  0.00  0.06  0.01  0.00
  242/1018                1.00   1.00  0.00  0.00  0.00  0.00  0.00  0.00  0.00  0.00
  241/1018                1.00   0.06  0.00  0.00  0.80  0.00  0.00  0.13  0.80  0.00
  121/1009                1.00   0.06  0.00  0.00  0.00  0.00  0.00  0.94  0.00  0.00
  120/121                 1.00   1.00  0.00  0.00  0.00  0.00  0.00  0.00  0.00  0.00
  112/120                 1.00   1.00  0.00  0.00  0.00  0.00  0.00  0.00  0.00  0.00
  111/112                 1.00   1.00  0.00  0.00  0.00  0.00  0.00  0.00  0.00  0.00
  110/111                 1.00   1.00  0.00  0.00  0.00  0.00  0.00  0.00  0.00  0.00
  113/112                 1.00   1.00  0.00  0.00  0.00  0.00  0.00  0.00  0.00  0.00
  114/113                 1.00   1.00  0.00  0.00  0.00  0.00  0.00  0.00  0.00  0.00
  115/114                 1.00   1.00  0.00  0.00  0.00  0.00  0.00  0.00  0.00  0.00
  117/114                 1.00   1.00  0.00  0.00  0.00  0.00  0.00  0.00  0.00  0.00
  118/117                 1.00   1.00  0.00  0.00  0.00  0.00  0.00  0.00  0.00  0.00
  122/120                 1.00   1.00  0.00  0.00  0.00  0.00  0.00  0.00  0.00  0.00
  123/122                 1.00   1.00  0.00  0.00  0.00  0.00  0.00  0.00  0.00  0.00
  124/123                 1.00   1.00  0.00  0.00  0.00  0.00  0.00  0.00  0.00  0.00
  125/124                 1.00   1.00  0.00  0.00  0.00  0.00  0.00  0.00  0.00  0.00
  126/125                 1.00   1.00  0.00  0.00  0.00  0.00  0.00  0.00  0.00  0.00
  128/121                 1.00   1.00  0.00  0.00  0.00  0.00  0.00  0.00  0.00  0.00
  119/128                 1.00   1.00  0.00  0.00  0.00  0.00  0.00  0.00  0.00  0.00
  1408/1409               1.00   1.00  0.00  0.00  0.00  0.00  0.00  0.00  0.00  0.00
  1407/1408               1.00   1.00  0.00  0.00  0.00  0.00  0.00  0.00  0.00  0.00
  1406/1407               1.00   1.00  0.00  0.00  0.00  0.00  0.00  0.00  0.00  0.00
  1418/1406               1.00   1.00  0.00  0.00  0.00  0.00  0.00  0.00  0.00  0.00
  1405/1406               1.00   1.00  0.00  0.00  0.00  0.00  0.00  0.00  0.00  0.00
  1404/1405               1.00   1.00  0.00  0.00  0.00  0.00  0.00  0.00  0.00  0.00
  1403/1404               1.00   1.00  0.00  0.00  0.00  0.00  0.00  0.00  0.00  0.00
  1402/1403               1.00   1.00  0.00  0.00  0.00  0.00  0.00  0.00  0.00  0.00
  1400/1402               1.00   1.00  0.00  0.00  0.00  0.00  0.00  0.00  0.00  0.00
  1415B/1404              1.00   1.00  0.00  0.00  0.00  0.00  0.00  0.00  0.00  0.00
  1415A/1415B             1.00   1.00  0.00  0.00  0.00  0.00  0.00  0.00  0.00  0.00
  227/1415A               1.00   1.00  0.00  0.00  0.00  0.00  0.00  0.00  0.00  0.00
  228/227                 1.00   1.00  0.00  0.00  0.00  0.00  0.00  0.00  0.00  0.00
  230/227                 1.00   1.00  0.00  0.00  0.00  0.00  0.00  0.00  0.00  0.00
  233/230                 1.00   1.00  0.00  0.00  0.00  0.00  0.00  0.00  0.00  0.00
  222/1415A               1.00   1.00  0.00  0.00  0.00  0.00  0.00  0.00  0.00  0.00
  221/222                 1.00   1.00  0.00  0.00  0.00  0.00  0.00  0.00  0.00  0.00
  220/221                 1.00   1.00  0.00  0.00  0.00  0.00  0.00  0.00  0.00  0.00
  219/220                 1.00   1.00  0.00  0.00  0.00  0.00  0.00  0.00  0.00  0.00
  218/219                 1.00   1.00  0.00  0.00  0.00  0.00  0.00  0.00  0.00  0.00
  229/218                 1.00   1.00  0.00  0.00  0.00  0.00  0.00  0.00  0.00  0.00
  216/218                 1.00   1.00  0.00  0.00  0.00  0.00  0.00  0.00  0.00  0.00
  129/216                 1.00   1.00  0.00  0.00  0.00  0.00  0.00  0.00  0.00  0.00
  217/216                 1.00   1.00  0.00  0.00  0.00  0.00  0.00  0.00  0.00  0.00
  223/222                 1.00   1.00  0.00  0.00  0.00  0.00  0.00  0.00  0.00  0.00
  224/223                 1.00   1.00  0.00  0.00  0.00  0.00  0.00  0.00  0.00  0.00
  225/224                 1.00   1.00  0.00  0.00  0.00  0.00  0.00  0.00  0.00  0.00
  1416/223                1.00   1.00  0.00  0.00  0.00  0.00  0.00  0.00  0.00  0.00
  1403A/1010              1.00   1.00  0.00  0.00  0.00  0.00  0.00  0.00  0.00  0.00
  1403A/1403              1.00   1.00  0.00  0.00  0.00  0.00  0.00  0.00  0.00  0.00
  517                     1.00   0.30  0.00  0.00  0.00  0.00  0.70  0.00  0.00  0.00
  
  
  *************************
  Conduit Surcharge Summary
  *************************
  
  ----------------------------------------------------------------------------
                                                           Hours        Hours 
                         --------- Hours Full --------   Above Full   Capacity
  Conduit                Both Ends  Upstream  Dnstream   Normal Flow   Limited
  ----------------------------------------------------------------------------
  252/1005                    0.01      0.01     16.00      0.01         0.01
  246/256                     0.01      0.01      7.25      0.01         0.01
  240/247                     0.01      0.01      5.35      0.01         0.01
  238/240                     0.01      0.01      4.76      0.01         0.01
  1103/1008                   0.01      0.01      7.05      0.01         0.01
  1014/1008                   0.01      0.01      7.10      0.01         0.01
  1018/1017                   0.01      0.01     19.37      0.01         0.01
  

  Analysis begun on:  Wed Jul 22 14:24:57 2026
  Analysis ended on:  Wed Jul 22 14:24:59 2026
  Total elapsed time: 00:00:02