
  EPA STORM WATER MANAGEMENT MODEL - VERSION 5.2 (Build 5.2.4)
  ------------------------------------------------------------

  WALLSEND CBD FLOOD STUDY - APRIL 1988 CALIBRATION 
  WARNING 04: minimum elevation drop used for Conduit 117.1
  WARNING 08: elevation drop exceeds length for Conduit 211.1
  WARNING 08: elevation drop exceeds length for Conduit 218.1
  WARNING 08: elevation drop exceeds length for Conduit 214.1
  WARNING 04: minimum elevation drop used for Conduit 129
  WARNING 04: minimum elevation drop used for Conduit 130
  WARNING 04: minimum elevation drop used for Conduit 131
  WARNING 04: minimum elevation drop used for Conduit 133
  WARNING 04: minimum elevation drop used for Conduit 134
  WARNING 04: minimum elevation drop used for Conduit 135
  WARNING 04: minimum elevation drop used for Conduit 136
  WARNING 04: minimum elevation drop used for Conduit 137
  
  ****************
  Analysis Options
  ****************
  Flow Units ............... CMS
  Process Models:
    Rainfall/Runoff ........ NO
    RDII ................... NO
    Snowmelt ............... NO
    Groundwater ............ NO
    Flow Routing ........... YES
    Ponding Allowed ........ NO
    Water Quality .......... NO
  Flow Routing Method ...... DYNWAVE
  Surcharge Method ......... EXTRAN
  Starting Date ............ 01/01/2001 00:00:00
  Ending Date .............. 01/02/2001 00:00:00
  Antecedent Dry Days ...... 0.0
  Report Time Step ......... 00:15:00
  Routing Time Step ........ 2.00 sec
  Variable Time Step ....... YES
  Maximum Trials ........... 50
  Number of Threads ........ 1
  Head Tolerance ........... 0.001524 m
  
  
  **************************        Volume        Volume
  Flow Routing Continuity        hectare-m      10^6 ltr
  **************************     ---------     ---------
  Dry Weather Inflow .......         0.000         0.000
  Wet Weather Inflow .......         0.000         0.000
  Groundwater Inflow .......         0.000         0.000
  RDII Inflow ..............         0.000         0.000
  External Inflow ..........         3.888        38.876
  External Outflow .........         0.252         2.524
  Flooding Loss ............         3.307        33.066
  Evaporation Loss .........         0.000         0.000
  Exfiltration Loss ........         0.000         0.000
  Initial Stored Volume ....         0.000         0.001
  Final Stored Volume ......         0.830         8.302
  Continuity Error (%) .....       -12.902
  
  
  *************************
  Highest Continuity Errors
  *************************
  Node 2.062 (-35805.52%)
  Node 1.37 (67.70%)
  Node 1.31 (64.77%)
  Node 1.36 (41.45%)
  Node 1.35 (29.30%)
  
  
  ***************************
  Time-Step Critical Elements
  ***************************
  None
  
  
  ********************************
  Highest Flow Instability Indexes
  ********************************
  Link 2062 (133)
  Link 2063 (133)
  Link 210 (32)
  Link 116 (6)
  Link 115 (5)
  
  
  *********************************
  Most Frequent Nonconverging Nodes
  *********************************
  Node 1.00 (0.10%)
  Node 2.06 (0.03%)
  Node 2.062 (0.03%)
  Node 2.11 (0.01%)
  Node 2.10 (0.01%)
  
  
  *************************
  Routing Time Step Summary
  *************************
  Minimum Time Step           :     0.70 sec
  Average Time Step           :     2.00 sec
  Maximum Time Step           :     2.00 sec
  % of Time in Steady State   :     0.00
  Average Iterations per Step :    12.56
  % of Steps Not Converging   :     0.10
  Time Step Frequencies       :
      2.000 -  1.516 sec      :    99.99 %
      1.516 -  1.149 sec      :     0.00 %
      1.149 -  0.871 sec      :     0.00 %
      0.871 -  0.660 sec      :     0.00 %
      0.660 -  0.500 sec      :     0.00 %
  
  
  ******************
  Node Depth Summary
  ******************
  
  ---------------------------------------------------------------------------------
                                 Average  Maximum  Maximum  Time of Max    Reported
                                   Depth    Depth      HGL   Occurrence   Max Depth
  Node                 Type       Meters   Meters   Meters  days hr:min      Meters
  ---------------------------------------------------------------------------------
  0.98                 JUNCTION     2.03     2.03    17.03     0  02:22        2.03
  0.99                 JUNCTION     1.99     2.03    17.03     0  02:32        2.03
  1.01                 JUNCTION     0.00     0.00    15.00     0  00:00        0.00
  1.02                 JUNCTION     0.00     0.00    15.00     0  00:00        0.00
  1.04                 JUNCTION     0.00     0.00    15.00     0  00:00        0.00
  1.05                 JUNCTION     0.00     0.00    15.00     0  00:00        0.00
  1.07                 JUNCTION     0.00     0.00    15.00     0  00:00        0.00
  1.08                 JUNCTION     0.00     0.00    15.00     0  00:00        0.00
  1.09                 JUNCTION     0.00     0.00    15.00     0  00:00        0.00
  1.11                 JUNCTION     0.00     0.00    15.00     0  00:00        0.00
  1.12                 JUNCTION     0.00     0.00    15.00     0  00:00        0.00
  1.13                 JUNCTION     0.00     0.00    15.00     0  00:00        0.00
  1.14                 JUNCTION     0.00     0.00    15.00     0  00:00        0.00
  1.15                 JUNCTION     2.04     2.20    17.20     0  09:26        2.20
  1.16                 JUNCTION     2.03     2.20    17.20     0  09:15        2.20
  1.17                 JUNCTION     2.03     2.20    17.20     0  09:10        2.20
  1.19                 JUNCTION     1.20     1.20    16.20     0  00:04        1.20
  1.20                 JUNCTION     1.18     1.18    16.18     0  00:14        1.18
  1.21                 JUNCTION     1.11     1.12    16.12     0  00:20        1.11
  1.22                 JUNCTION     0.95     0.96    15.96     0  00:26        0.96
  1.23                 JUNCTION     0.78     0.79    15.79     0  00:30        0.79
  1.25                 JUNCTION     0.72     0.73    15.73     0  00:39        0.73
  1.26                 JUNCTION     0.46     0.59    15.59     1  00:00        0.59
  1.27                 JUNCTION     0.35     0.59    15.59     1  00:00        0.59
  1.28                 JUNCTION     0.32     0.59    15.59     1  00:00        0.59
  1.29                 JUNCTION     0.32     0.59    15.59     1  00:00        0.59
  2.10                 JUNCTION     2.84     2.86    17.86     0  01:57        2.86
  2.11                 JUNCTION     2.84     2.86    17.86     0  02:03        2.86
  2.12                 JUNCTION     0.00     0.00    15.00     0  00:00        0.00
  2.13                 JUNCTION     0.00     0.00    15.00     0  00:00        0.00
  2.14                 JUNCTION     0.00     0.00    15.00     0  00:00        0.00
  2.16                 JUNCTION     0.00     0.00    15.00     0  00:00        0.00
  2.17                 JUNCTION     0.00     0.00    15.00     0  00:00        0.00
  2.18                 JUNCTION     0.00     0.00    15.00     0  00:00        0.00
  2.19                 JUNCTION     0.00     0.00    15.00     0  00:00        0.00
  2.20                 JUNCTION     0.00     0.00    15.00     0  00:00        0.00
  1.30                 JUNCTION     0.32     0.59    15.59     1  00:00        0.59
  1.31                 JUNCTION     0.32     0.59    15.59     1  00:00        0.59
  1.32                 JUNCTION     0.32     0.59    15.59     1  00:00        0.59
  1.33                 JUNCTION     0.33     0.63    15.63     1  00:00        0.63
  1.34                 JUNCTION     0.33     0.63    15.63     1  00:00        0.63
  1.042                JUNCTION     0.00     0.00    15.00     0  00:00        0.00
  1.35                 JUNCTION     0.33     0.63    15.63     1  00:00        0.63
  1.36                 JUNCTION     0.33     0.63    15.63     1  00:00        0.63
  1.37                 JUNCTION     0.32     0.63    15.63     1  00:00        0.63
  1.38                 JUNCTION     0.32     0.63    15.63     1  00:00        0.63
  1.041                JUNCTION     0.00     0.00    15.00     0  00:00        0.00
  2.08                 JUNCTION     2.76     2.86    17.86     0  01:49        2.86
  2.09                 JUNCTION     2.81     2.86    17.86     0  01:44        2.86
  2.06                 JUNCTION     5.46     5.47    20.47     0  00:06        5.47
  2.07                 JUNCTION     2.71     2.86    17.86     0  02:03        2.86
  2.062                JUNCTION     4.70     4.78    19.78     0  00:05        4.71
  2.063                JUNCTION     4.69     4.79    19.79     0  00:06        4.71
  4.00                 JUNCTION     0.00     0.00    15.00     0  00:00        0.00
  4.02                 JUNCTION     0.00     0.00    15.00     0  00:00        0.00
  4.03                 JUNCTION     0.00     0.00    15.00     0  00:00        0.00
  4.04                 JUNCTION     0.00     0.00    15.00     0  00:00        0.00
  4.05                 JUNCTION     0.00     0.00    15.00     0  00:00        0.00
  4.06                 JUNCTION     0.00     0.00    15.00     0  00:00        0.00
  5.00                 JUNCTION     0.00     0.00    15.00     0  00:00        0.00
  5.01                 JUNCTION     0.00     0.00    15.00     0  00:00        0.00
  6.00                 JUNCTION     0.00     0.00    15.00     0  00:00        0.00
  100.2                JUNCTION     5.42     5.62     7.72     0  02:44        5.62
  109.2                JUNCTION     3.33     3.40     5.10     0  01:53        3.40
  114.2                JUNCTION     3.85     3.99     5.48     0  02:38        3.99
  114.3                JUNCTION     3.83     3.97     5.48     0  02:38        3.97
  117.2                JUNCTION     3.46     3.50     4.80     0  00:55        3.50
  117.3                JUNCTION     3.45     3.50     4.80     0  00:55        3.50
  211.2                JUNCTION     3.53     3.54     5.53     0  00:10        3.54
  213.2                JUNCTION     3.30     3.31     5.12     0  00:20        3.31
  218.2                JUNCTION     2.72     2.72     4.20     0  00:08        2.72
  214.2                JUNCTION     3.16     3.17     4.82     0  00:12        3.17
  132.2                JUNCTION     3.67     4.25     3.32     0  06:53        4.25
  132.3                JUNCTION     3.19     3.76     3.32     0  06:53        3.76
  206.2                JUNCTION     4.29     4.31     7.40     0  00:28        4.31
  1.00                 OUTFALL      0.00     0.00    15.00     0  00:00        0.00
  3.00                 STORAGE      0.00     0.00    15.00     0  00:00        0.00
  4.01                 STORAGE      0.00     0.00    15.00     0  00:00        0.00
  
  
  *******************
  Node Inflow Summary
  *******************
  
  -------------------------------------------------------------------------------------------------
                                  Maximum  Maximum                  Lateral       Total        Flow
                                  Lateral    Total  Time of Max      Inflow      Inflow     Balance
                                   Inflow   Inflow   Occurrence      Volume      Volume       Error
  Node                 Type           CMS      CMS  days hr:min    10^6 ltr    10^6 ltr     Percent
  -------------------------------------------------------------------------------------------------
  0.98                 JUNCTION     0.030    0.030     0  00:00        2.59        2.59       2.186
  0.99                 JUNCTION     0.000    0.030     0  01:15           0        2.54       0.487
  1.01                 JUNCTION     0.000    0.000     0  00:00           0           0       0.000 ltr
  1.02                 JUNCTION     0.000    0.000     0  00:00           0           0       0.000 ltr
  1.04                 JUNCTION     0.000    0.000     0  00:00           0           0       0.000 ltr
  1.05                 JUNCTION     0.000    0.000     0  00:00           0           0       0.000 ltr
  1.07                 JUNCTION     0.000    0.000     0  00:00           0           0       0.000 ltr
  1.08                 JUNCTION     0.000    0.000     0  00:00           0           0       0.000 ltr
  1.09                 JUNCTION     0.000    0.000     0  00:00           0           0       0.000 ltr
  1.11                 JUNCTION     0.000    0.000     0  00:00           0           0       0.000 ltr
  1.12                 JUNCTION     0.000    0.000     0  00:00           0           0       0.000 ltr
  1.13                 JUNCTION     0.000    0.000     0  00:00           0           0       0.000 ltr
  1.14                 JUNCTION     0.000    0.000     0  00:00           0           0       0.000 ltr
  1.15                 JUNCTION     0.030    0.030     0  00:00        2.59        2.59      11.626
  1.16                 JUNCTION     0.000    0.069     0  03:57           0        2.54      24.977
  1.17                 JUNCTION     0.000    0.064     0  00:01           0        2.04       0.000
  1.19                 JUNCTION     0.030    0.030     0  00:00        2.59        2.59       0.082
  1.20                 JUNCTION     0.000    0.032     0  00:06           0        2.59       0.426
  1.21                 JUNCTION     0.000    0.033     0  00:17           0        2.58       0.465
  1.22                 JUNCTION     0.000    0.036     0  00:22           0        2.57       0.501
  1.23                 JUNCTION     0.000    0.031     0  00:29           0        2.55       0.160
  1.25                 JUNCTION     0.000    0.032     0  00:31           0        2.55       0.493
  1.26                 JUNCTION     0.000    0.033     0  00:42           0        2.54       6.704
  1.27                 JUNCTION     0.000    0.034     0  00:44           0        2.38      19.377
  1.28                 JUNCTION     0.000    0.032     0  00:46           0        1.99      22.031
  1.29                 JUNCTION     0.000    0.029     0  00:57           0        1.63       8.422
  2.10                 JUNCTION     0.000    3.257     0  00:06           0        5.16       3.552
  2.11                 JUNCTION     0.000    3.171     0  00:06           0       0.201       0.000
  2.12                 JUNCTION     0.000    0.000     0  00:00           0           0       0.000 ltr
  2.13                 JUNCTION     0.000    0.000     0  00:00           0           0       0.000 ltr
  2.14                 JUNCTION     0.000    0.000     0  00:00           0           0       0.000 ltr
  2.16                 JUNCTION     0.000    0.000     0  00:00           0           0       0.000 ltr
  2.17                 JUNCTION     0.000    0.000     0  00:00           0           0       0.000 ltr
  2.18                 JUNCTION     0.000    0.000     0  00:00           0           0       0.000 ltr
  2.19                 JUNCTION     0.000    0.000     0  00:00           0           0       0.000 ltr
  2.20                 JUNCTION     0.000    0.000     0  00:00           0           0       0.000 ltr
  1.30                 JUNCTION     0.000    0.028     0  00:56           0        1.51      36.419
  1.31                 JUNCTION     0.000    0.027     0  01:24           0         1.1     183.874
  1.32                 JUNCTION     0.000    0.018     0  01:36           0       0.389       0.000
  1.33                 JUNCTION     0.030    0.030     0  00:00        2.59        2.59       7.931
  1.34                 JUNCTION     0.000    0.031     0  00:12           0         2.4      24.541
  1.042                JUNCTION     0.000    0.000     0  00:00           0           0       0.000 ltr
  1.35                 JUNCTION     0.000    0.028     0  01:16           0        1.93      41.450
  1.36                 JUNCTION     0.000    0.026     0  01:15           0        1.36      70.795
  1.37                 JUNCTION     0.000    0.022     0  01:12           0       0.798     209.581
  1.38                 JUNCTION     0.000    0.014     0  01:11           0       0.258       0.000
  1.041                JUNCTION     0.000    0.000     0  00:00           0           0       0.000 ltr
  2.08                 JUNCTION     0.000    0.058     0  01:44           0        4.76       0.362
  2.09                 JUNCTION     0.000    0.358     0  00:06           0        4.79       0.489
  2.06                 JUNCTION     0.030    2.790     0  00:06        2.59         2.6       0.285
  2.07                 JUNCTION     0.000    0.058     0  01:58           0        4.74       0.084
  2.062                JUNCTION     0.000    2.312     1  00:00           0       0.013     -99.721
  2.063                JUNCTION     0.000    0.450     0  00:06           0        4.64      -7.431
  4.00                 JUNCTION     0.000    0.000     0  00:00           0           0       0.000 ltr
  4.02                 JUNCTION     0.000    0.000     0  00:00           0           0       0.000 ltr
  4.03                 JUNCTION     0.000    0.000     0  00:00           0           0       0.000 ltr
  4.04                 JUNCTION     0.000    0.000     0  00:00           0           0       0.000 ltr
  4.05                 JUNCTION     0.000    0.000     0  00:00           0           0       0.000 ltr
  4.06                 JUNCTION     0.000    0.000     0  00:00           0           0       0.000 ltr
  5.00                 JUNCTION     0.000    0.000     0  00:00           0           0       0.000 ltr
  5.01                 JUNCTION     0.000    0.000     0  00:00           0           0       0.000 ltr
  6.00                 JUNCTION     0.000    0.000     0  00:00           0           0       0.000 ltr
  100.2                JUNCTION     0.030    0.030     0  00:00        2.59        2.59      12.879
  109.2                JUNCTION     0.030    0.030     0  00:00        2.59        2.59       8.592
  114.2                JUNCTION     0.030    0.043     0  02:38        2.59        2.59       5.894
  114.3                JUNCTION     0.000    0.028     0  00:03           0       0.143       0.000
  117.2                JUNCTION     0.030    0.030     0  00:00        2.59        2.59       1.996
  117.3                JUNCTION     0.000    0.043     0  00:02           0       0.981       0.000
  211.2                JUNCTION     0.030    0.030     0  00:00        2.59        2.59       0.751
  213.2                JUNCTION     0.030    0.030     0  00:00        2.59        2.59       1.473
  218.2                JUNCTION     0.030    0.030     0  00:00        2.59        2.59       0.568
  214.2                JUNCTION     0.030    0.030     0  00:00        2.59        2.59       0.857
  132.2                JUNCTION     0.030    0.043     0  06:53        2.59        2.59      17.955
  132.3                JUNCTION     0.000    0.029     0  00:25           0        0.35       0.000
  206.2                JUNCTION     0.030    0.088     0  02:07        2.59        7.33       0.710
  1.00                 OUTFALL      0.000    0.030     0  02:32           0        2.52       0.000
  3.00                 STORAGE      0.000    0.000     0  00:00           0           0       0.000 ltr
  4.01                 STORAGE      0.000    0.000     0  00:00           0           0       0.000 ltr
  
  
  **********************
  Node Surcharge Summary
  **********************
  
  Surcharging occurs when water rises above the top of the highest conduit.
  ---------------------------------------------------------------------
                                               Max. Height   Min. Depth
                                   Hours       Above Crown    Below Rim
  Node                 Type      Surcharged         Meters       Meters
  ---------------------------------------------------------------------
  1.17                 JUNCTION       14.82          0.000        0.000
  2.06                 JUNCTION       23.90          0.000        0.000
  100.2                JUNCTION       21.26          0.000        0.000
  109.2                JUNCTION       22.10          0.000        0.000
  114.2                JUNCTION       21.36          0.000        0.000
  117.2                JUNCTION       23.07          0.000        0.000
  117.3                JUNCTION       23.07          0.000        0.000
  211.2                JUNCTION       23.82          0.000        0.000
  213.2                JUNCTION       23.65          0.000        0.000
  218.2                JUNCTION       23.86          0.000        0.000
  214.2                JUNCTION       23.80          0.000        0.000
  132.2                JUNCTION       17.11          0.000        0.000
  206.2                JUNCTION       23.52          0.000        0.000
  
  
  *********************
  Node Flooding Summary
  *********************
  
  Flooding refers to all water that overflows a node, whether it ponds or not.
  --------------------------------------------------------------------------
                                                             Total   Maximum
                                 Maximum   Time of Max       Flood    Ponded
                        Hours       Rate    Occurrence      Volume     Depth
  Node                 Flooded       CMS   days hr:min    10^6 ltr    Meters
  --------------------------------------------------------------------------
  1.17                   14.82     0.055      0  09:11       1.601     0.000
  2.06                   23.90     1.410      0  00:06       2.585     0.000
  100.2                  21.26     0.030      0  02:44       2.296     0.000
  109.2                  22.10     0.030      0  01:53       2.387     0.000
  114.2                  21.36     0.042      0  02:38       2.306     0.000
  117.2                  23.07     0.021      1  00:00       1.560     0.000
  117.3                  23.07     0.015      0  00:55       0.931     0.000
  211.2                  23.82     0.030      0  00:10       2.572     0.000
  213.2                  23.65     0.030      0  00:20       2.554     0.000
  218.2                  23.86     0.030      0  00:08       2.577     0.000
  214.2                  23.80     0.030      0  00:12       2.570     0.000
  132.2                  17.11     0.041      0  06:53       1.848     0.000
  206.2                  23.52     0.088      0  02:03       7.279     0.000
  
  
  **********************
  Storage Volume Summary
  **********************
  
  ------------------------------------------------------------------------------------------------
                         Average    Avg   Evap  Exfil     Maximum    Max    Time of Max    Maximum
                          Volume   Pcnt   Pcnt   Pcnt      Volume   Pcnt     Occurrence    Outflow
  Storage Unit           1000 m³   Full   Loss   Loss     1000 m³   Full    days hr:min        CMS
  ------------------------------------------------------------------------------------------------
  3.00                     0.000    0.0    0.0    0.0       0.000    0.0       0  00:00      0.000
  4.01                     0.000    0.0    0.0    0.0       0.000    0.0       0  00:00      0.000
  
  
  ***********************
  Outfall Loading Summary
  ***********************
  
  -----------------------------------------------------------
                         Flow       Avg       Max       Total
                         Freq      Flow      Flow      Volume
  Outfall Node           Pcnt       CMS       CMS    10^6 ltr
  -----------------------------------------------------------
  1.00                  97.97     0.030     0.030       2.524
  -----------------------------------------------------------
  System                97.97     0.030     0.030       2.524
  
  
  ********************
  Link Flow Summary
  ********************
  
  -----------------------------------------------------------------------------
                                 Maximum  Time of Max   Maximum    Max/    Max/
                                  |Flow|   Occurrence   |Veloc|    Full    Full
  Link                 Type          CMS  days hr:min     m/sec    Flow   Depth
  -----------------------------------------------------------------------------
  98                   CONDUIT     0.030     0  01:15      0.03    0.00    0.11
  99                   CONDUIT     0.030     0  02:32      0.14    0.00    0.02
  101                  CONDUIT     0.000     0  00:00      0.00    0.00    0.00
  107                  CONDUIT     0.000     0  00:00      0.00    0.00    0.00
  108                  CONDUIT     0.000     0  00:00      0.00    0.00    0.00
  111                  CONDUIT     0.000     0  00:00      0.00    0.00    0.00
  112                  CONDUIT     0.000     0  00:00      0.00    0.00    0.00
  113                  CONDUIT     0.000     0  00:00      0.00    0.00    0.00
  115                  CONDUIT     0.046     0  00:00      0.29    0.00    0.89
  116                  CONDUIT     0.064     0  00:01      0.32    0.00    0.98
  119                  CONDUIT     0.032     0  00:06      0.20    0.00    0.02
  120                  CONDUIT     0.033     0  00:17      0.19    0.00    0.02
  121                  CONDUIT     0.036     0  00:22      0.23    0.00    0.02
  122                  CONDUIT     0.031     0  00:29      0.21    0.00    0.01
  125                  CONDUIT     0.033     0  00:42      0.23    0.00    0.09
  126                  CONDUIT     0.034     0  00:44      0.24    0.00    0.28
  127                  CONDUIT     0.032     0  00:46      0.20    0.00    0.49
  128                  CONDUIT     0.029     0  00:57      0.14    0.00    0.58
  210                  CONDUIT     3.171     0  00:06      0.87    0.03    0.86
  212                  CONDUIT     0.000     0  00:00      0.00    0.00    0.00
  216                  CONDUIT     0.000     0  00:00      0.00    0.00    0.00
  217                  CONDUIT     0.000     0  00:00      0.00    0.00    0.00
  219                  CONDUIT     0.000     0  00:00      0.00    0.00    0.00
  102                  CONDUIT     0.000     0  00:00      0.00    0.00    0.00
  105                  CONDUIT     0.000     0  00:00      0.00    0.00    0.00
  123                  CONDUIT     0.032     0  00:31      0.27    0.00    0.01
  220                  CONDUIT     0.000     0  00:00      0.00    0.00    0.01
  100.1                CONDUIT     0.000     0  00:00      0.00    0.00    0.50
  109.1                CONDUIT     0.000     0  00:00      0.00    0.00    0.50
  114.1                CONDUIT     0.028     0  00:03      0.13    0.00    0.99
  117.1                CONDUIT     0.043     0  00:02      0.28    0.02    1.00
  211.1                CONDUIT     0.000     0  00:00      0.00    0.00    0.50
  213.1                CONDUIT     0.000     0  00:00      0.00    0.00    0.50
  218.1                CONDUIT     0.000     0  00:00      0.00    0.00    0.50
  214.1                CONDUIT     0.000     0  00:00      0.00    0.00    0.50
  129                  CONDUIT     0.028     0  00:56      0.14    0.01    0.59
  130                  CONDUIT     0.027     0  01:24      0.09    0.02    0.59
  131                  CONDUIT     0.018     0  01:36      0.07    0.01    0.59
  133                  CONDUIT     0.031     0  00:12      0.13    0.02    0.63
  132.1                CONDUIT     0.029     0  00:25      0.01    0.00    0.94
  1042                 CONDUIT     0.000     0  00:00      0.00    0.00    0.00
  134                  CONDUIT     0.028     0  01:16      0.10    0.02    0.63
  135                  CONDUIT     0.026     0  01:15      0.09    0.02    0.63
  136                  CONDUIT     0.022     0  01:12      0.08    0.01    0.63
  137                  CONDUIT     0.014     0  01:11      0.06    0.01    0.63
  104                  CONDUIT     0.000     0  00:00      0.00    0.00    0.00
  1041                 CONDUIT     0.000     0  00:00      0.00    0.00    0.00
  207                  CONDUIT     0.058     0  01:58      0.08    0.00    0.09
  2062                 CONDUIT     0.450     0  00:06      0.53    0.03    0.21
  2063                 CONDUIT     3.257     0  00:06      4.11    0.01    0.46
  206.1                CONDUIT     0.058     0  02:07      0.05    0.00    0.51
  208                  CONDUIT     0.058     0  01:44      0.08    0.00    0.31
  209                  CONDUIT     0.358     0  00:06      0.29    0.02    0.44
  400                  CONDUIT     0.000     0  00:00      0.00    0.00    0.00
  402                  CONDUIT     0.000     0  00:00      0.00    0.00    0.00
  403                  CONDUIT     0.000     0  00:00      0.00    0.00    0.00
  404                  CONDUIT     0.000     0  00:00      0.00    0.00    0.00
  405                  CONDUIT     0.000     0  00:00      0.00    0.00    0.00
  406                  CONDUIT     0.000     0  00:00      0.00    0.00    0.00
  500                  CONDUIT     0.000     0  00:00      0.00    0.00    0.00
  501                  CONDUIT     0.000     0  00:00      0.00    0.00    0.00
  500A                 CONDUIT     0.000     0  00:00      0.00    0.00    0.00
  2061                 WEIR        2.760     0  00:06                      1.00
  99A                  WEIR        0.000     0  00:00                      0.00
  300                  WEIR        0.000     0  00:00                      0.00
  300A                 WEIR        0.000     0  00:00                      0.00
  105A                 WEIR        0.000     0  00:00                      0.00
  109A                 WEIR        0.000     0  00:00                      0.00
  113A                 WEIR        0.000     0  00:00                      0.00
  401                  WEIR        0.000     0  00:00                      0.00
  403A                 WEIR        0.000     0  00:00                      0.00
  600                  WEIR        0.000     0  00:00                      0.00
  404A                 WEIR        0.000     0  00:00                      0.00
  114A                 WEIR        0.000     0  00:00                      0.00
  116A                 WEIR        0.000     0  00:00                      0.00
  
  
  ***************************
  Flow Classification Summary
  ***************************
  
  -------------------------------------------------------------------------------------
                      Adjusted    ---------- Fraction of Time in Flow Class ---------- 
                       /Actual         Up    Down  Sub   Sup   Up    Down  Norm  Inlet 
  Conduit               Length    Dry  Dry   Dry   Crit  Crit  Crit  Crit  Ltd   Ctrl  
  -------------------------------------------------------------------------------------
  98                      1.00   0.00  0.02  0.00  0.98  0.00  0.00  0.00  0.00  0.00
  99                      1.00   0.02  0.00  0.00  0.00  0.00  0.98  0.00  0.00  0.00
  101                     1.00   1.00  0.00  0.00  0.00  0.00  0.00  0.00  0.00  0.00
  107                     1.00   1.00  0.00  0.00  0.00  0.00  0.00  0.00  0.00  0.00
  108                     1.00   1.00  0.00  0.00  0.00  0.00  0.00  0.00  0.00  0.00
  111                     1.00   1.00  0.00  0.00  0.00  0.00  0.00  0.00  0.00  0.00
  112                     1.00   1.00  0.00  0.00  0.00  0.00  0.00  0.00  0.00  0.00
  113                     1.00   1.00  0.00  0.00  0.00  0.00  0.00  0.00  0.00  0.00
  115                     1.00   0.00  0.00  0.00  1.00  0.00  0.00  0.00  0.03  0.00
  116                     1.00   0.00  0.00  0.00  1.00  0.00  0.00  0.00  0.00  0.00
  119                     1.00   0.00  0.00  0.00  1.00  0.00  0.00  0.00  0.99  0.00
  120                     1.00   0.00  0.00  0.00  0.99  0.00  0.00  0.01  0.00  0.00
  121                     1.00   0.00  0.00  0.00  0.99  0.00  0.00  0.01  0.98  0.00
  122                     1.00   0.01  0.00  0.00  0.99  0.00  0.00  0.00  0.00  0.00
  125                     1.00   0.01  0.00  0.00  0.98  0.00  0.00  0.01  0.32  0.00
  126                     1.00   0.02  0.00  0.00  0.97  0.00  0.00  0.01  0.65  0.00
  127                     1.00   0.02  0.00  0.00  0.98  0.00  0.00  0.00  0.24  0.00
  128                     1.00   0.02  0.00  0.00  0.98  0.00  0.00  0.00  0.00  0.00
  210                     1.00   0.00  0.00  0.00  1.00  0.00  0.00  0.00  0.00  0.00
  212                     1.00   1.00  0.00  0.00  0.00  0.00  0.00  0.00  0.00  0.00
  216                     1.00   1.00  0.00  0.00  0.00  0.00  0.00  0.00  0.00  0.00
  217                     1.00   1.00  0.00  0.00  0.00  0.00  0.00  0.00  0.00  0.00
  219                     1.00   1.00  0.00  0.00  0.00  0.00  0.00  0.00  0.00  0.00
  102                     1.00   1.00  0.00  0.00  0.00  0.00  0.00  0.00  0.00  0.00
  105                     1.00   1.00  0.00  0.00  0.00  0.00  0.00  0.00  0.00  0.00
  123                     1.00   0.01  0.00  0.00  0.98  0.00  0.00  0.01  0.98  0.00
  220                     1.00   0.01  0.99  0.00  0.00  0.00  0.00  0.00  0.00  0.00
  100.1                   1.00   0.00  1.00  0.00  0.00  0.00  0.00  0.00  0.00  0.00
  109.1                   1.00   0.00  1.00  0.00  0.00  0.00  0.00  0.00  0.00  0.00
  114.1                   1.00   0.00  0.00  0.00  1.00  0.00  0.00  0.00  0.00  0.00
  117.1                   1.00   0.00  0.00  0.00  1.00  0.00  0.00  0.00  0.00  0.00
  211.1                   1.00   0.00  1.00  0.00  0.00  0.00  0.00  0.00  0.00  0.00
  213.1                   1.00   0.00  1.00  0.00  0.00  0.00  0.00  0.00  0.00  0.00
  218.1                   1.00   0.00  1.00  0.00  0.00  0.00  0.00  0.00  0.00  0.00
  214.1                   1.00   0.00  1.00  0.00  0.00  0.00  0.00  0.00  0.00  0.00
  129                     1.00   0.02  0.00  0.00  0.98  0.00  0.00  0.00  0.00  0.00
  130                     1.00   0.03  0.00  0.00  0.97  0.00  0.00  0.00  0.00  0.00
  131                     1.00   0.04  0.00  0.00  0.96  0.00  0.00  0.00  0.00  0.00
  133                     1.00   0.00  0.00  0.00  1.00  0.00  0.00  0.00  0.00  0.00
  132.1                   1.00   0.00  0.02  0.00  0.98  0.00  0.00  0.00  0.00  0.00
  1042                    1.00   1.00  0.00  0.00  0.00  0.00  0.00  0.00  0.00  0.00
  134                     1.00   0.00  0.00  0.00  1.00  0.00  0.00  0.00  0.00  0.00
  135                     1.00   0.00  0.00  0.00  1.00  0.00  0.00  0.00  0.00  0.00
  136                     1.00   0.01  0.00  0.00  0.99  0.00  0.00  0.00  0.00  0.00
  137                     1.00   0.02  0.00  0.00  0.98  0.00  0.00  0.00  0.00  0.00
  104                     1.00   1.00  0.00  0.00  0.00  0.00  0.00  0.00  0.00  0.00
  1041                    1.00   1.00  0.00  0.00  0.00  0.00  0.00  0.00  0.00  0.00
  207                     1.00   0.03  0.02  0.00  0.00  0.00  0.95  0.00  0.00  0.00
  2062                    1.00   0.00  0.00  0.00  0.00  0.00  1.00  0.00  0.00  0.00
  2063                    1.00   0.00  0.00  0.00  1.00  0.00  0.00  0.00  1.00  0.00
  206.1                   1.00   0.00  0.05  0.00  0.95  0.00  0.00  0.00  0.95  0.00
  208                     1.00   0.02  0.02  0.00  0.97  0.00  0.00  0.00  0.00  0.00
  209                     1.00   0.00  0.01  0.00  0.98  0.00  0.00  0.00  0.00  0.00
  400                     1.00   1.00  0.00  0.00  0.00  0.00  0.00  0.00  0.00  0.00
  402                     1.00   1.00  0.00  0.00  0.00  0.00  0.00  0.00  0.00  0.00
  403                     1.00   1.00  0.00  0.00  0.00  0.00  0.00  0.00  0.00  0.00
  404                     1.00   1.00  0.00  0.00  0.00  0.00  0.00  0.00  0.00  0.00
  405                     1.00   1.00  0.00  0.00  0.00  0.00  0.00  0.00  0.00  0.00
  406                     1.00   1.00  0.00  0.00  0.00  0.00  0.00  0.00  0.00  0.00
  500                     1.00   1.00  0.00  0.00  0.00  0.00  0.00  0.00  0.00  0.00
  501                     1.00   1.00  0.00  0.00  0.00  0.00  0.00  0.00  0.00  0.00
  500A                    1.00   1.00  0.00  0.00  0.00  0.00  0.00  0.00  0.00  0.00
  
  
  *************************
  Conduit Surcharge Summary
  *************************
  
  ----------------------------------------------------------------------------
                                                           Hours        Hours 
                         --------- Hours Full --------   Above Full   Capacity
  Conduit                Both Ends  Upstream  Dnstream   Normal Flow   Limited
  ----------------------------------------------------------------------------
  116                         0.01      0.01     14.82      0.01         0.01
  114.1                       0.01      0.01     21.36      0.01         0.01
  117.1                      23.07     23.07     23.07      0.01         0.01
  132.1                       0.01      0.01     17.11      0.01         0.01
  206.1                       0.01      0.01     22.72      0.01         0.01
  

  Analysis begun on:  Wed Jul 22 14:27:00 2026
  Analysis ended on:  Wed Jul 22 14:27:03 2026
  Total elapsed time: 00:00:03