
  EPA STORM WATER MANAGEMENT MODEL - VERSION 5.2 (Build 5.2.4)
  ------------------------------------------------------------

  10yr 6hr: Existing 
  
  ****************
  Analysis Options
  ****************
  Flow Units ............... CMS
  Process Models:
    Rainfall/Runoff ........ NO
    RDII ................... NO
    Snowmelt ............... NO
    Groundwater ............ NO
    Flow Routing ........... YES
    Ponding Allowed ........ NO
    Water Quality .......... NO
  Flow Routing Method ...... DYNWAVE
  Surcharge Method ......... EXTRAN
  Starting Date ............ 01/01/2001 00:00:00
  Ending Date .............. 01/02/2001 00:00:00
  Antecedent Dry Days ...... 0.0
  Report Time Step ......... 00:15:00
  Routing Time Step ........ 5.00 sec
  Variable Time Step ....... YES
  Maximum Trials ........... 500
  Number of Threads ........ 1
  Head Tolerance ........... 0.000010 m
  
  
  **************************        Volume        Volume
  Flow Routing Continuity        hectare-m      10^6 ltr
  **************************     ---------     ---------
  Dry Weather Inflow .......         0.000         0.000
  Wet Weather Inflow .......         0.000         0.000
  Groundwater Inflow .......         0.000         0.000
  RDII Inflow ..............         0.000         0.000
  External Inflow ..........         1.469        14.686
  External Outflow .........         0.000         0.000
  Flooding Loss ............         0.000         0.000
  Evaporation Loss .........         0.000         0.000
  Exfiltration Loss ........         0.000         0.000
  Initial Stored Volume ....         0.294         2.938
  Final Stored Volume ......         1.759        17.591
  Continuity Error (%) .....         0.190
  
  
  *************************
  Highest Continuity Errors
  *************************
  Node H9 (2.05%)
  
  
  ***************************
  Time-Step Critical Elements
  ***************************
  None
  
  
  ********************************
  Highest Flow Instability Indexes
  ********************************
  All links are stable.
  
  
  *********************************
  Most Frequent Nonconverging Nodes
  *********************************
  Node H5 (0.01%)
  Node H9 (0.01%)
  
  
  *************************
  Routing Time Step Summary
  *************************
  Minimum Time Step           :     4.50 sec
  Average Time Step           :     5.00 sec
  Maximum Time Step           :     5.00 sec
  % of Time in Steady State   :     0.00
  Average Iterations per Step :     2.03
  % of Steps Not Converging   :     0.01
  Time Step Frequencies       :
      5.000 -  3.155 sec      :   100.00 %
      3.155 -  1.991 sec      :     0.00 %
      1.991 -  1.256 sec      :     0.00 %
      1.256 -  0.792 sec      :     0.00 %
      0.792 -  0.500 sec      :     0.00 %
  
  
  ******************
  Node Depth Summary
  ******************
  
  ---------------------------------------------------------------------------------
                                 Average  Maximum  Maximum  Time of Max    Reported
                                   Depth    Depth      HGL   Occurrence   Max Depth
  Node                 Type       Meters   Meters   Meters  days hr:min      Meters
  ---------------------------------------------------------------------------------
  I3                   JUNCTION     0.00     0.00    10.34     0  00:00        0.00
  I5                   JUNCTION     0.00     0.00    11.31     0  00:00        0.00
  I6                   JUNCTION     0.00     0.00     9.91     0  00:00        0.00
  I7                   JUNCTION     0.00     0.00    10.03     0  00:00        0.00
  H5                   OUTFALL      0.00     0.00     8.80     0  00:00        0.00
  H7                   STORAGE      0.21     0.21    10.14     0  00:00        0.21
  H8                   STORAGE      0.35     0.35    10.35     0  00:00        0.35
  H9                   STORAGE      4.75     7.90    18.06     1  00:00        7.90
  I2                   STORAGE      0.51     0.51    10.67     0  00:00        0.51
  I4                   STORAGE      0.48     0.48    10.70     0  00:00        0.48
  H8a                  STORAGE      0.27     1.28    11.33     1  00:00        1.28
  JKLK                 STORAGE      4.36     7.39    17.39     1  00:00        7.39
  H9a                  STORAGE      0.14     0.14    11.12     0  00:00        0.14
  
  
  *******************
  Node Inflow Summary
  *******************
  
  -------------------------------------------------------------------------------------------------
                                  Maximum  Maximum                  Lateral       Total        Flow
                                  Lateral    Total  Time of Max      Inflow      Inflow     Balance
                                   Inflow   Inflow   Occurrence      Volume      Volume       Error
  Node                 Type           CMS      CMS  days hr:min    10^6 ltr    10^6 ltr     Percent
  -------------------------------------------------------------------------------------------------
  I3                   JUNCTION     0.000    0.000     0  00:00           0           0       0.000 ltr
  I5                   JUNCTION     0.000    0.000     0  00:00           0           0       0.000 ltr
  I6                   JUNCTION     0.000    0.000     0  00:00           0           0       0.000 ltr
  I7                   JUNCTION     0.000    0.000     0  00:00           0           0       0.000 ltr
  H5                   OUTFALL      0.000    0.000     0  00:00           0           0       0.000 ltr
  H7                   STORAGE      0.000    0.000     0  00:00           0      0.0021       0.000
  H8                   STORAGE      0.000    0.000     0  00:00           0        0.35       0.000
  H9                   STORAGE      0.100    0.100     0  00:00        8.64        9.17       2.094
  I2                   STORAGE      0.000    0.000     0  00:00           0        0.51       0.000
  I4                   STORAGE      0.000    0.000     0  00:00           0      0.0048       0.000
  H8a                  STORAGE      0.000    0.100     1  00:00           0        1.28       0.015
  JKLK                 STORAGE      0.070    0.070     0  00:00        6.05        7.39       0.009
  H9a                  STORAGE      0.000    0.000     0  00:00           0      0.0014       0.000
  
  
  **********************
  Node Surcharge Summary
  **********************
  
  No nodes were surcharged.
  
  
  *********************
  Node Flooding Summary
  *********************
  
  No nodes were flooded.
  
  
  **********************
  Storage Volume Summary
  **********************
  
  ------------------------------------------------------------------------------------------------
                         Average    Avg   Evap  Exfil     Maximum    Max    Time of Max    Maximum
                          Volume   Pcnt   Pcnt   Pcnt      Volume   Pcnt     Occurrence    Outflow
  Storage Unit           1000 m³   Full   Loss   Loss     1000 m³   Full    days hr:min        CMS
  ------------------------------------------------------------------------------------------------
  H7                       0.002    2.1    0.0    0.0       0.002    2.1       0  00:00      0.000
  H8                       0.350    3.5    0.0    0.0       0.350    3.5       0  00:00      0.000
  H9                       4.754   47.5    0.0    0.0       7.898   79.0       1  00:00      0.100
  I2                       0.510    5.1    0.0    0.0       0.510    5.1       0  00:00      0.000
  I4                       0.005    4.8    0.0    0.0       0.005    4.8       0  00:00      0.000
  H8a                      0.270    2.7    0.0    0.0       1.284   12.8       1  00:00      0.000
  JKLK                     4.364   43.6    0.0    0.0       7.387   73.9       1  00:00      0.000
  H9a                      0.001    1.4    0.0    0.0       0.001    1.4       0  00:00      0.000
  
  
  ***********************
  Outfall Loading Summary
  ***********************
  
  -----------------------------------------------------------
                         Flow       Avg       Max       Total
                         Freq      Flow      Flow      Volume
  Outfall Node           Pcnt       CMS       CMS    10^6 ltr
  -----------------------------------------------------------
  H5                     0.00     0.000     0.000       0.000
  -----------------------------------------------------------
  System                 0.00     0.000     0.000       0.000
  
  
  ********************
  Link Flow Summary
  ********************
  
  -----------------------------------------------------------------------------
                                 Maximum  Time of Max   Maximum    Max/    Max/
                                  |Flow|   Occurrence   |Veloc|    Full    Full
  Link                 Type          CMS  days hr:min     m/sec    Flow   Depth
  -----------------------------------------------------------------------------
  OS5_1                CONDUIT     0.000     0  00:00      0.00    0.00    0.00
  OS4_1                CONDUIT     0.000     0  00:00      0.00    0.00    0.00
  JK5_1                CONDUIT     0.000     0  00:00      0.00    0.00    0.00
  JK4_1                CONDUIT     0.000     0  00:00      0.00    0.00    0.00
  JK3_1                CONDUIT     0.000     0  00:00      0.00    0.00    0.00
  JK6_1                CONDUIT     0.000     0  00:00      0.00    0.00    0.00
  JK8_1                CONDUIT     0.000     0  00:00      0.00    0.00    0.00
  JK7_1                CONDUIT     0.000     0  00:00      0.00    0.00    0.00
  OS7_1                CONDUIT     0.000     0  00:00      0.00    0.00    0.00
  OS8_1                CONDUIT     0.100     1  00:00      0.28    0.00    0.03
  OS9_1                CONDUIT     0.000     0  00:00      0.00    0.00    0.02
  JK2_1                WEIR        0.000     0  00:00                      0.00
  
  
  ***************************
  Flow Classification Summary
  ***************************
  
  -------------------------------------------------------------------------------------
                      Adjusted    ---------- Fraction of Time in Flow Class ---------- 
                       /Actual         Up    Down  Sub   Sup   Up    Down  Norm  Inlet 
  Conduit               Length    Dry  Dry   Dry   Crit  Crit  Crit  Crit  Ltd   Ctrl  
  -------------------------------------------------------------------------------------
  OS5_1                   1.00   1.00  0.00  0.00  0.00  0.00  0.00  0.00  0.00  0.00
  OS4_1                   1.00   1.00  0.00  0.00  0.00  0.00  0.00  0.00  0.00  0.00
  JK5_1                   1.00   1.00  0.00  0.00  0.00  0.00  0.00  0.00  0.00  0.00
  JK4_1                   1.00   1.00  0.00  0.00  0.00  0.00  0.00  0.00  0.00  0.00
  JK3_1                   1.00   1.00  0.00  0.00  0.00  0.00  0.00  0.00  0.00  0.00
  JK6_1                   1.00   1.00  0.00  0.00  0.00  0.00  0.00  0.00  0.00  0.00
  JK8_1                   1.00   1.00  0.00  0.00  0.00  0.00  0.00  0.00  0.00  0.00
  JK7_1                   1.00   1.00  0.00  0.00  0.00  0.00  0.00  0.00  0.00  0.00
  OS7_1                   1.00   1.00  0.00  0.00  0.00  0.00  0.00  0.00  0.00  0.00
  OS8_1                   1.00   0.84  0.00  0.00  0.00  0.00  0.00  0.16  0.00  0.00
  OS9_1                   1.00   0.84  0.16  0.00  0.00  0.00  0.00  0.00  0.00  0.00
  
  
  *************************
  Conduit Surcharge Summary
  *************************
  
  No conduits were surcharged.
  

  Analysis begun on:  Wed Jul 22 14:27:29 2026
  Analysis ended on:  Wed Jul 22 14:27:29 2026
  Total elapsed time: < 1 sec