
  EPA STORM WATER MANAGEMENT MODEL - VERSION 5.2 (Build 5.2.4)
  ------------------------------------------------------------

  TEST RUN ON RIVERSIDE SEWER SYSTEM 
  
  ****************
  Analysis Options
  ****************
  Flow Units ............... CFS
  Process Models:
    Rainfall/Runoff ........ NO
    RDII ................... NO
    Snowmelt ............... NO
    Groundwater ............ NO
    Flow Routing ........... YES
    Ponding Allowed ........ NO
    Water Quality .......... NO
  Flow Routing Method ...... DYNWAVE
  Surcharge Method ......... EXTRAN
  Starting Date ............ 01/01/2001 00:00:00
  Ending Date .............. 01/02/2001 00:00:00
  Antecedent Dry Days ...... 0.0
  Report Time Step ......... 00:15:00
  Routing Time Step ........ 30.00 sec
  Variable Time Step ....... YES
  Maximum Trials ........... 50
  Number of Threads ........ 1
  Head Tolerance ........... 0.003300 ft
  
  
  **************************        Volume        Volume
  Flow Routing Continuity        acre-feet      10^6 gal
  **************************     ---------     ---------
  Dry Weather Inflow .......         0.000         0.000
  Wet Weather Inflow .......         0.000         0.000
  Groundwater Inflow .......         0.000         0.000
  RDII Inflow ..............         0.000         0.000
  External Inflow ..........        57.518        18.743
  External Outflow .........        10.980         3.578
  Flooding Loss ............        51.542        16.796
  Evaporation Loss .........         0.000         0.000
  Exfiltration Loss ........         0.000         0.000
  Initial Stored Volume ....         0.000         0.000
  Final Stored Volume ......         1.917         0.625
  Continuity Error (%) .....       -12.033
  
  
  *************************
  Highest Continuity Errors
  *************************
  Node 7S20 (100.00%)
  Node 6S3 (100.00%)
  Node 7C59 (99.96%)
  Node 6S2 (60.44%)
  Node 7S34 (20.27%)
  
  
  ***************************
  Time-Step Critical Elements
  ***************************
  Link 156 (52.45%)
  Link 520 (47.20%)
  
  
  ********************************
  Highest Flow Instability Indexes
  ********************************
  Link 1S00 (11)
  
  
  *********************************
  Most Frequent Nonconverging Nodes
  *********************************
  Node 6S880 (0.73%)
  Node DRAIN (0.05%)
  Node OUTFAL (0.04%)
  Node 6S395 (0.03%)
  Node 6S311 (0.03%)
  
  
  *************************
  Routing Time Step Summary
  *************************
  Minimum Time Step           :     3.67 sec
  Average Time Step           :     5.51 sec
  Maximum Time Step           :    30.00 sec
  % of Time in Steady State   :     0.00
  Average Iterations per Step :     2.55
  % of Steps Not Converging   :     0.73
  Time Step Frequencies       :
     30.000 - 13.228 sec      :     0.37 %
     13.228 -  5.833 sec      :     0.12 %
      5.833 -  2.572 sec      :    99.51 %
      2.572 -  1.134 sec      :     0.00 %
      1.134 -  0.500 sec      :     0.00 %
  
  
  ******************
  Node Depth Summary
  ******************
  
  ---------------------------------------------------------------------------------
                                 Average  Maximum  Maximum  Time of Max    Reported
                                   Depth    Depth      HGL   Occurrence   Max Depth
  Node                 Type         Feet     Feet     Feet  days hr:min        Feet
  ---------------------------------------------------------------------------------
  6S879                JUNCTION   351.23   557.04  1133.09     0  10:07      557.04
  6S878                JUNCTION   357.84   557.76  1133.32     0  10:06      557.76
  6S877                JUNCTION   362.33   557.62  1133.64     0  08:44      557.59
  6S876                JUNCTION   366.88   558.50  1136.17     0  08:34      557.68
  6S875                JUNCTION   374.34   558.55  1136.04     0  08:36      558.47
  6S874                JUNCTION   381.09   558.75  1136.24     0  08:38      558.73
  6S873                JUNCTION   389.27   559.89  1136.60     0  08:40      559.89
  6S871                JUNCTION   394.95   560.39  1136.79     0  08:42      560.39
  7S870                JUNCTION   399.43   561.10  1139.54     0  07:15      560.23
  7S777                JUNCTION   407.94   562.94  1139.30     0  07:17      562.73
  6S776                JUNCTION   412.03   561.71  1139.33     0  07:18      561.53
  6S775                JUNCTION   417.60   561.82  1139.55     0  07:19      561.67
  6S774                JUNCTION   423.35   561.92  1140.06     0  06:31      561.92
  6S751                JUNCTION   428.95   562.07  1140.34     0  06:32      562.07
  6S716                JUNCTION   435.31   562.76  1141.14     0  06:04      562.71
  6S715                JUNCTION   448.54   562.94  1141.79     0  05:49      562.94
  6S415                JUNCTION   464.79   563.67  1142.80     0  06:07      563.67
  6S395                JUNCTION   483.49   564.82  1143.27     0  06:06      564.82
  6S1053               JUNCTION   498.80   564.17  1143.41     0  05:59      564.17
  6S355                JUNCTION   515.12   564.55  1144.00     0  05:58      564.55
  6S354                JUNCTION   531.09   564.56  1144.52     0  05:58      564.56
  6S333                JUNCTION   548.80   565.43  1145.22     0  05:57      565.43
  6S311                JUNCTION   562.36   565.08  1145.78     0  05:34      565.07
  6S295                JUNCTION   445.36   565.29  1146.79     0  05:32      565.16
  6266                 JUNCTION   455.44   566.23  1147.35     0  05:35      566.22
  6242                 JUNCTION   463.15   566.35  1149.93     0  04:48      566.18
  6241                 JUNCTION   472.16   566.82  1150.73     0  04:34      566.81
  6S219                JUNCTION   480.34   567.57  1152.63     0  04:08      567.44
  6S240                JUNCTION   490.07   568.69  1152.88     0  04:11      568.67
  6S934                JUNCTION   497.24   568.43  1154.67     0  03:26      568.12
  6S239                JUNCTION   505.14   567.81  1156.09     0  03:07      567.80
  6S183                JUNCTION   515.08   569.25  1156.82     0  03:30      569.25
  6S167                JUNCTION   531.76   570.45  1159.50     0  02:59      570.45
  6S141                JUNCTION   551.63   570.18  1161.03     0  02:59      570.18
  6S121                JUNCTION   568.33   571.05  1161.99     0  02:57      571.05
  6S103                JUNCTION   532.91   570.91  1162.20     0  02:58      570.91
  6S84                 JUNCTION   537.19   570.62  1163.28     0  02:13      570.62
  6S64                 JUNCTION   554.17   571.08  1163.92     0  01:54      571.08
  6S61                 JUNCTION   568.20   570.90  1165.14     0  01:02      570.90
  6S60                 JUNCTION     0.00     0.00   595.48     0  00:00        0.00
  7S904                JUNCTION     0.00     0.00   596.82     0  00:00        0.00
  7S905                JUNCTION     0.00     0.00   597.06     0  00:00        0.00
  7S907                JUNCTION     0.00     0.00   599.06     0  00:00        0.00
  7S25                 JUNCTION     0.00     0.00   599.48     0  00:00        0.00
  7S24                 JUNCTION     0.00     0.00   599.86     0  00:00        0.00
  7S23                 JUNCTION     0.00     0.00   600.34     0  00:00        0.00
  7S22                 JUNCTION     0.00     0.00   600.83     0  00:00        0.00
  7S21                 JUNCTION     0.00     0.00   601.71     0  00:00        0.00
  7S20                 JUNCTION     2.88   111.79   712.84     1  00:00      111.79
  7S19                 JUNCTION    99.39   577.25  1179.55     1  00:00      577.25
  7S18                 JUNCTION   182.13   578.42  1179.62     0  18:12      578.42
  7S17                 JUNCTION   204.82   579.61  1181.56     0  16:23      579.61
  7S16                 JUNCTION   227.53   580.74  1183.65     0  15:37      580.74
  7S35                 JUNCTION   251.05   581.83  1184.04     0  15:30      581.83
  7S53                 JUNCTION   274.40   582.22  1184.21     0  15:30      582.22
  7S                   JUNCTION   297.50   582.73  1184.88     0  13:17      582.73
  7S54                 JUNCTION   320.11   583.40  1185.71     0  13:22      583.40
  7S55                 JUNCTION   342.58   583.78  1186.98     0  10:49      583.78
  7S56                 JUNCTION   365.71   584.47  1187.87     0  10:20      584.47
  7S57                 JUNCTION   388.62   584.90  1188.50     0  08:51      584.90
  7S58                 JUNCTION   411.39   585.36  1189.16     0  08:18      585.36
  7S59                 JUNCTION   431.45   585.56  1189.56     0  06:59      585.56
  7S60                 JUNCTION   449.13   586.38  1190.58     0  06:43      586.38
  7S61                 JUNCTION   466.80   587.07  1191.47     0  06:14      587.07
  7S62                 JUNCTION   483.91   587.18  1191.78     0  06:15      587.18
  7SA365               JUNCTION   501.72   587.74  1192.54     0  04:50      587.74
  7S64                 JUNCTION   518.75   587.82  1192.82     0  04:51      587.82
  7S65                 JUNCTION   535.65   588.02  1193.22     0  04:52      588.02
  7S66                 JUNCTION   552.67   588.45  1193.75     0  04:53      588.45
  7S1266               JUNCTION   569.09   588.85  1194.25     0  01:29      588.85
  7S1267               JUNCTION   583.64   588.96  1194.89     0  01:10      588.96
  7S1268               JUNCTION   589.02   589.50  1195.50     0  00:14      589.50
  6S75                 JUNCTION   577.02   577.48  1162.48     0  00:21      577.48
  6S132                JUNCTION   570.98   576.02  1160.02     0  12:15      576.02
  6S193                JUNCTION   553.73   572.20  1156.20     0  02:29      572.20
  6S230                JUNCTION   537.08   570.32  1150.32     0  04:00      570.32
  6S320                JUNCTION   516.72   566.54  1144.54     0  04:19      566.54
  6S345                JUNCTION   498.35   565.82  1144.32     0  04:17      565.81
  6S424                JUNCTION   478.59   564.61  1143.11     0  08:21      564.61
  6S432                JUNCTION   384.60   562.27  1138.27     0  10:15      562.26
  6S431                JUNCTION   359.00   562.19  1138.19     0  10:13      562.19
  6S1103               JUNCTION   459.97   563.36  1141.36     0  05:28      563.36
  6S839                JUNCTION   446.93   565.70  1139.70     0  06:57      565.70
  6S501                JUNCTION   408.49   561.17  1139.17     0  08:35      561.17
  6S4                  JUNCTION     0.00     0.00   578.00     0  00:00        0.00
  6S3                  JUNCTION   110.62   558.21  1132.71     1  00:00      558.21
  6S2                  JUNCTION   330.79   557.51  1132.71     1  00:00      557.51
  6S1                  JUNCTION     0.00     0.00   578.60     0  00:00        0.00
  PS                   JUNCTION     0.00     0.00   578.00     0  00:00        0.00
  6S494                JUNCTION     0.00     0.00   578.00     0  00:00        0.00
  6S477                JUNCTION     0.00     0.00   576.00     0  00:00        0.00
  6S979                JUNCTION     0.00     0.00   573.00     0  00:00        0.00
  6S699                JUNCTION     0.00     0.00   578.00     0  00:00        0.00
  6S881                JUNCTION     0.00     0.00   578.60     0  00:00        0.00
  7S6                  JUNCTION     0.00     0.00   600.00     0  00:00        0.00
  7S1                  JUNCTION     0.00     0.00   600.00     0  00:00        0.00
  7C56                 JUNCTION     0.00     0.00   594.00     0  00:00        0.00
  7C67                 JUNCTION     0.00     0.00   594.20     0  00:00        0.00
  7S15                 JUNCTION     0.00     0.00   594.20     0  00:00        0.00
  7C69                 JUNCTION     0.00     0.00   594.20     0  00:00        0.00
  7S34                 JUNCTION   156.53   582.92  1172.92     0  18:32      582.92
  7C59                 JUNCTION    94.21   582.92  1172.92     0  22:13      582.92
  7C21                 JUNCTION     0.00     0.00   599.00     0  00:00        0.00
  7C147                JUNCTION     0.00     0.00   600.00     0  00:00        0.00
  7C1                  JUNCTION     0.00     0.00   590.00     0  00:00        0.00
  7R574                JUNCTION     0.00     0.00   595.00     0  00:00        0.00
  7c35                 JUNCTION     0.00     0.00   597.00     0  00:00        0.00
  7c34                 JUNCTION     0.00     0.00   597.00     0  00:00        0.00
  7c45                 JUNCTION     0.00     0.00   597.00     0  00:00        0.00
  6s749                JUNCTION     0.00     0.00   580.00     0  00:00        0.00
  7c72                 JUNCTION     0.00     0.00   591.60     0  00:00        0.00
  jeffPS               JUNCTION     0.00     0.00   593.46     0  00:00        0.00
  DRAIN                JUNCTION   585.29   586.16  1173.16     0  00:26      586.00
  OUTLET               JUNCTION     0.00     0.00   578.00     0  00:00        0.00
  OUTFAL               JUNCTION   584.76   586.00  1173.00     0  00:20      586.00
  7c56s                JUNCTION     0.00     0.00   590.00     0  00:00        0.00
  7c45s                JUNCTION     0.00     0.00   590.00     0  00:00        0.00
  7c34s                JUNCTION     0.00     0.00   590.00     0  00:00        0.00
  6S975                JUNCTION     0.00     0.00     0.00     0  00:00        0.00
  7S2351               JUNCTION     0.00     0.00     0.00     0  00:00        0.00
  6S242                JUNCTION     0.00     0.00     0.00     0  00:00        0.00
  6S266                JUNCTION     0.00     0.00     0.00     0  00:00        0.00
  6S870                JUNCTION     0.00     0.00     0.00     0  00:00        0.00
  6S241                JUNCTION     0.00     0.00     0.00     0  00:00        0.00
  6S880                OUTFALL      0.00     0.00   575.97     0  00:00        0.00
  
  
  *******************
  Node Inflow Summary
  *******************
  
  -------------------------------------------------------------------------------------------------
                                  Maximum  Maximum                  Lateral       Total        Flow
                                  Lateral    Total  Time of Max      Inflow      Inflow     Balance
                                   Inflow   Inflow   Occurrence      Volume      Volume       Error
  Node                 Type           CFS      CFS  days hr:min    10^6 gal    10^6 gal     Percent
  -------------------------------------------------------------------------------------------------
  6S879                JUNCTION      0.00     9.12     0  09:13           0        3.64       1.607
  6S878                JUNCTION      0.00    10.78     0  08:44           0         3.7       1.816
  6S877                JUNCTION      0.00    22.31     0  08:34           0        3.75       1.367
  6S876                JUNCTION      0.00    15.68     0  08:34           0        3.79       1.067
  6S875                JUNCTION      0.00     9.42     0  08:18           0        3.86       1.888
  6S874                JUNCTION      0.00     9.03     0  08:21           0        3.93       1.665
  6S873                JUNCTION      0.00     9.56     0  07:43           0           4       1.958
  6S871                JUNCTION      0.00    24.74     0  07:16           0        4.07       1.611
  7S870                JUNCTION      0.00    12.58     0  06:57           0        4.11       0.964
  7S777                JUNCTION      0.00    13.48     0  06:46           0        4.18       1.663
  6S776                JUNCTION      0.00    12.30     0  06:45           0        4.23       1.291
  6S775                JUNCTION      0.00     9.00     0  06:31           0        4.29       1.361
  6S774                JUNCTION      0.00     9.21     0  06:06           0        4.35       1.328
  6S751                JUNCTION      0.00     9.60     0  06:05           0         4.4       1.288
  6S716                JUNCTION      0.00     9.33     0  05:49           0        4.46       1.276
  6S715                JUNCTION      0.00     9.00     0  06:07           0        4.52       1.295
  6S415                JUNCTION      0.00     9.00     0  06:05           0        4.57       1.216
  6S395                JUNCTION      0.00     9.00     0  05:59           0        4.64       1.448
  6S1053               JUNCTION      0.00     9.00     0  05:58           0        4.69       1.199
  6S355                JUNCTION      0.00     9.00     0  05:58           0        4.75       1.195
  6S354                JUNCTION      0.00     9.00     0  05:58           0         4.8       1.156
  6S333                JUNCTION      0.00     9.18     0  05:34           0        4.87       1.332
  6S311                JUNCTION      3.00    10.20     0  05:32        1.94        4.92       1.171
  6S295                JUNCTION      0.00     6.47     0  05:31           0        3.04       1.789
  6266                 JUNCTION      0.00     8.27     0  04:49           0         3.1       2.085
  6242                 JUNCTION      0.00     6.21     0  04:48           0        3.15       1.694
  6241                 JUNCTION      0.00     7.60     0  04:08           0        3.21       1.863
  6S219                JUNCTION      0.00     8.19     0  04:07           0        3.26       1.567
  6S240                JUNCTION      0.00    10.21     0  03:27           0        3.32       1.820
  6S934                JUNCTION      0.00     6.07     0  03:08           0        3.37       1.546
  6S239                JUNCTION      0.00     6.06     0  02:45           0        3.43       1.631
  6S183                JUNCTION      0.00     6.00     0  02:59           0        3.49       1.666
  6S167                JUNCTION      0.00     6.00     0  11:46           0        3.54       1.580
  6S141                JUNCTION      0.00     6.00     0  02:59           0         3.6       1.635
  6S121                JUNCTION      3.00     6.00     0  11:47        1.94        3.68       1.562
  6S103                JUNCTION      0.00     3.52     0  02:15           0         1.8       3.229
  6S84                 JUNCTION      0.00     3.00     0  02:02           0        1.83       3.056
  6S64                 JUNCTION      0.00     3.00     0  01:22           0        1.88       3.047
  6S61                 JUNCTION      3.00     3.00     0  00:00        1.94        1.94       2.946
  6S60                 JUNCTION      0.00     0.00     0  00:00           0           0       0.000 gal
  7S904                JUNCTION      0.00     0.00     0  00:00           0           0       0.000 gal
  7S905                JUNCTION      0.00     0.00     0  00:00           0           0       0.000 gal
  7S907                JUNCTION      0.00     0.00     0  00:00           0           0       0.000 gal
  7S25                 JUNCTION      0.00     0.00     0  00:00           0           0       0.000 gal
  7S24                 JUNCTION      0.00     0.00     0  00:00           0           0       0.000 gal
  7S23                 JUNCTION      0.00     0.00     0  00:00           0           0       0.000 gal
  7S22                 JUNCTION      0.00     0.00     0  00:00           0           0       0.000 gal
  7S21                 JUNCTION      0.00     0.00     0  00:00           0           0       0.000 gal
  7S20                 JUNCTION      0.00     0.32     1  00:00           0      0.0105   10507.972 gal
  7S19                 JUNCTION      0.00     0.38     0  18:12           0      0.0652     520.791
  7S18                 JUNCTION      0.00     2.28     0  17:00           0       0.483      14.804
  7S17                 JUNCTION      0.00     2.28     1  00:00           0       0.539      11.551
  7S16                 JUNCTION      0.00     2.28     1  00:00           0       0.594      10.324
  7S35                 JUNCTION      0.00     2.67     0  14:16           0       0.651       9.599
  7S53                 JUNCTION      0.00     2.34     0  13:22           0       0.709       8.921
  7S                   JUNCTION      0.00     2.28     0  13:22           0       0.766       7.995
  7S54                 JUNCTION      0.00     2.28     0  11:30           0       0.821       7.248
  7S55                 JUNCTION      0.00     2.28     0  10:35           0       0.877       6.767
  7S56                 JUNCTION      0.00     2.31     0  09:42           0       0.934       6.473
  7S57                 JUNCTION      0.00     2.30     0  08:47           0        0.99       6.025
  7S58                 JUNCTION      0.00     2.40     0  07:50           0        1.05       5.763
  7S59                 JUNCTION      0.00     3.08     0  06:55           0        1.46       4.235
  7S60                 JUNCTION      0.00     3.07     0  06:15           0        1.51       3.898
  7S61                 JUNCTION      0.00     3.06     0  05:32           0        1.57       3.762
  7S62                 JUNCTION      0.00     3.11     0  04:51           0        1.63       3.604
  7SA365               JUNCTION      0.00     3.06     0  04:09           0        1.69       3.539
  7S64                 JUNCTION      0.00     3.05     0  02:49           0        1.74       3.342
  7S65                 JUNCTION      0.00     3.10     0  02:46           0         1.8       3.197
  7S66                 JUNCTION      0.00     3.31     0  02:06           0        1.85       3.178
  7S1266               JUNCTION      0.00     3.60     0  01:26           0        2.19       2.775
  7S1267               JUNCTION      0.00     4.11     0  00:14           0        2.24       2.651
  7S1268               JUNCTION     10.00    10.00     0  00:00        6.46        6.46       0.952
  6S75                 JUNCTION     10.00    10.00     0  00:00        6.46        6.46       1.310
  6S132                JUNCTION      0.00     4.35     0  00:45           0        2.23       2.896
  6S193                JUNCTION      0.00     3.47     1  00:00           0        2.17       2.697
  6S230                JUNCTION      0.00     3.48     0  02:40           0        2.11       3.695
  6S320                JUNCTION      0.00     3.76     0  02:44           0         1.9       3.529
  6S345                JUNCTION      0.00     3.34     0  03:12           0        1.84       3.923
  6S424                JUNCTION      0.00     3.54     0  04:26           0        1.77       3.822
  6S432                JUNCTION      0.00     2.75     0  09:28           0       0.981      10.389
  6S431                JUNCTION      0.00     4.20     0  10:17           0       0.889       0.000
  6S1103               JUNCTION      0.00     3.22     0  05:17           0         1.7       3.234
  6S839                JUNCTION      0.00     3.26     0  05:41           0        1.65       8.828
  6S501                JUNCTION      0.00     2.58     0  07:23           0        1.19       5.701
  6S4                  JUNCTION      0.00     0.00     0  00:00           0           0       0.000 gal
  6S3                  JUNCTION      0.00     0.32     0  22:30           0      0.0593   59285.328 gal
  6S2                  JUNCTION      0.00     0.42     0  08:35           0        0.15     152.768
  6S1                  JUNCTION      0.00     0.00     0  00:00           0           0       0.000 gal
  PS                   JUNCTION      0.00     0.00     0  00:00           0           0       0.000 gal
  6S494                JUNCTION      0.00     0.00     0  00:00           0           0       0.000 gal
  6S477                JUNCTION      0.00     0.00     0  00:00           0           0       0.000 gal
  6S979                JUNCTION      0.00     0.00     0  00:00           0           0       0.000 gal
  6S699                JUNCTION      0.00     0.00     0  00:00           0           0       0.000 gal
  6S881                JUNCTION      0.00     0.00     0  00:00           0           0       0.000 gal
  7S6                  JUNCTION      0.00     0.00     0  00:00           0           0       0.000 gal
  7S1                  JUNCTION      0.00     0.00     0  00:00           0           0       0.000 gal
  7C56                 JUNCTION      0.00     0.00     0  00:00           0           0       0.000 gal
  7C67                 JUNCTION      0.00     0.00     0  00:00           0           0       0.000 gal
  7S15                 JUNCTION      0.00     0.00     0  00:00           0           0       0.000 gal
  7C69                 JUNCTION      0.00     0.00     0  00:00           0           0       0.000 gal
  7S34                 JUNCTION      0.00     1.98     0  18:12           0       0.355      25.424
  7C59                 JUNCTION      0.00     0.61     0  18:32           0       0.059  246715.585
  7C21                 JUNCTION      0.00     0.00     0  00:00           0           0       0.000 gal
  7C147                JUNCTION      0.00     0.00     0  00:00           0           0       0.000 gal
  7C1                  JUNCTION      0.00     0.00     0  00:00           0           0       0.000 gal
  7R574                JUNCTION      0.00     0.00     0  00:00           0           0       0.000 gal
  7c35                 JUNCTION      0.00     0.00     0  00:00           0           0       0.000 gal
  7c34                 JUNCTION      0.00     0.00     0  00:00           0           0       0.000 gal
  7c45                 JUNCTION      0.00     0.00     0  00:00           0           0       0.000 gal
  6s749                JUNCTION      0.00     0.00     0  00:00           0           0       0.000 gal
  7c72                 JUNCTION      0.00     0.00     0  00:00           0           0       0.000 gal
  jeffPS               JUNCTION      0.00     0.00     0  00:00           0           0    -100.000
  DRAIN                JUNCTION      0.00    39.51     0  00:21           0        6.47       0.405
  OUTLET               JUNCTION      0.00     0.00     0  00:00           0           0       0.000 gal
  OUTFAL               JUNCTION      0.00   165.32     0  00:12           0        6.44       0.000
  7c56s                JUNCTION      0.00     0.00     0  00:00           0           0       0.000 gal
  7c45s                JUNCTION      0.00     0.00     0  00:00           0           0       0.000 gal
  7c34s                JUNCTION      0.00     0.00     0  00:00           0           0       0.000 gal
  6S975                JUNCTION      0.00     0.00     0  00:00           0           0       0.000 gal
  7S2351               JUNCTION      0.00     0.00     0  00:00           0           0       0.000 gal
  6S242                JUNCTION      0.00     0.00     0  00:00           0           0       0.000 gal
  6S266                JUNCTION      0.00     0.00     0  00:00           0           0       0.000 gal
  6S870                JUNCTION      0.00     0.00     0  00:00           0           0       0.000 gal
  6S241                JUNCTION      0.00     0.00     0  00:00           0           0       0.000 gal
  6S880                OUTFALL       0.00     9.00     0  10:07           0        3.58       0.000
  
  
  **********************
  Node Surcharge Summary
  **********************
  
  Surcharging occurs when water rises above the top of the highest conduit.
  ---------------------------------------------------------------------
                                               Max. Height   Min. Depth
                                   Hours       Above Crown    Below Rim
  Node                 Type      Surcharged           Feet         Feet
  ---------------------------------------------------------------------
  7S59                 JUNCTION       17.01          0.000        0.000
  7S1266               JUNCTION       22.51          0.000        0.000
  7S1268               JUNCTION       23.77          0.000        0.000
  6S75                 JUNCTION       23.65          0.000        0.000
  6S230                JUNCTION       19.99          0.000        0.000
  6S431                JUNCTION       13.77          0.000        0.000
  6S839                JUNCTION       17.05          0.000        0.000
  OUTFAL               JUNCTION       23.58          0.000        0.000
  6S975                JUNCTION       24.00          0.000        0.000
  7S2351               JUNCTION       24.00          0.000        0.000
  6S242                JUNCTION       24.00          0.000        0.000
  6S266                JUNCTION       24.00          0.000        0.000
  6S870                JUNCTION       24.00          0.000        0.000
  6S241                JUNCTION       24.00          0.000        0.000
  
  
  *********************
  Node Flooding Summary
  *********************
  
  Flooding refers to all water that overflows a node, whether it ponds or not.
  --------------------------------------------------------------------------
                                                             Total   Maximum
                                 Maximum   Time of Max       Flood    Ponded
                        Hours       Rate    Occurrence      Volume     Depth
  Node                 Flooded       CFS   days hr:min    10^6 gal      Feet
  --------------------------------------------------------------------------
  7S59                   17.01      0.79      0  08:46       0.351     0.000
  7S1266                 22.51      0.46      0  04:53       0.272     0.000
  7S1268                 23.77      6.95      0  00:14       4.158     0.000
  6S75                   23.65      6.53      0  12:29       4.150     0.000
  6S230                  19.99      0.27      0  04:19       0.133     0.000
  6S431                  13.77      4.20      0  10:17       0.816     0.000
  6S839                  17.05      0.73      0  08:37       0.321     0.000
  7S34                    5.46      1.95      1  00:00       0.224     0.000
  OUTFAL                 23.58    101.50      0  00:21       6.374     0.000
  
  
  ***********************
  Outfall Loading Summary
  ***********************
  
  -----------------------------------------------------------
                         Flow       Avg       Max       Total
                         Freq      Flow      Flow      Volume
  Outfall Node           Pcnt       CFS       CFS    10^6 gal
  -----------------------------------------------------------
  6S880                 62.59      8.98      9.00       3.578
  -----------------------------------------------------------
  System                62.59      8.98      9.00       3.578
  
  
  ********************
  Link Flow Summary
  ********************
  
  -----------------------------------------------------------------------------
                                 Maximum  Time of Max   Maximum    Max/    Max/
                                  |Flow|   Occurrence   |Veloc|    Full    Full
  Link                 Type          CFS  days hr:min    ft/sec    Flow   Depth
  -----------------------------------------------------------------------------
  105                  CONDUIT      9.42     0  08:18      3.80    0.37    0.55
  104                  CONDUIT     15.68     0  08:34      3.36    0.98    0.63
  103                  CONDUIT     22.31     0  08:34      5.89    0.60    0.55
  102                  CONDUIT     10.78     0  08:44      4.36    0.35    0.56
  101                  CONDUIT      9.12     0  09:13      2.54    0.28    0.58
  100                  CONDUIT      9.00     0  10:07      3.82    0.40    0.37
  106                  CONDUIT      9.03     0  08:21      2.46    0.48    0.59
  107                  CONDUIT      9.56     0  07:43      3.69    0.63    0.70
  108                  CONDUIT     24.74     0  07:16      6.71    0.54    0.54
  109                  CONDUIT     12.58     0  06:57      4.04    0.41    0.75
  110                  CONDUIT     13.48     0  06:46      4.91    0.39    0.79
  111                  CONDUIT     12.30     0  06:45      3.80    1.19    0.61
  112                  CONDUIT      9.00     0  06:31      4.57    0.23    0.43
  114                  CONDUIT      9.60     0  06:05      3.61    0.50    0.47
  115                  CONDUIT      9.33     0  05:49      4.26    0.29    0.41
  116                  CONDUIT      9.00     0  06:07      3.95    0.27    0.36
  113                  CONDUIT      9.21     0  06:06      4.24    0.38    0.35
  117                  CONDUIT      9.00     0  06:05      2.59    0.40    0.57
  118                  CONDUIT      9.00     0  05:59      3.29    0.31    0.57
  119                  CONDUIT      9.00     0  05:58      4.14    0.36    0.39
  120                  CONDUIT      9.00     0  05:58      4.08    0.34    0.40
  121                  CONDUIT      9.00     0  05:58      3.06    1.09    0.50
  122                  CONDUIT      9.18     0  05:34      3.76    0.34    0.50
  123                  CONDUIT      7.20     0  05:32      3.90    0.27    0.36
  124                  CONDUIT      6.47     0  05:31      2.83    0.73    0.42
  125                  CONDUIT      8.27     0  04:49      5.74    0.19    0.37
  126                  CONDUIT      6.21     0  04:48      3.54    0.30    0.34
  127                  CONDUIT      7.60     0  04:08      3.76    0.34    0.37
  128                  CONDUIT      8.19     0  04:07      3.32    0.70    0.50
  129                  CONDUIT     10.21     0  03:27      5.72    0.25    0.43
  130                  CONDUIT      6.07     0  03:08      5.58    0.13    0.35
  131                  CONDUIT      6.06     0  02:45      3.35    0.34    0.42
  132                  CONDUIT      6.00     0  02:59      5.09    0.18    0.39
  133                  CONDUIT      6.00     0  11:46      4.09    0.27    0.34
  134                  CONDUIT      6.00     0  02:59      3.63    0.31    0.38
  135                  CONDUIT      3.00     0  11:47      1.84    0.54    0.39
  136                  CONDUIT      3.00     0  02:24      3.70    0.11    0.31
  137                  CONDUIT      3.00     0  02:02      2.65    0.24    0.28
  138                  CONDUIT      3.00     0  01:22      4.37    0.09    0.25
  139                  CONDUIT      0.00     0  00:00      0.00    0.00    0.08
  140                  CONDUIT      0.00     0  00:00      0.00    0.00    0.00
  141                  CONDUIT      0.00     0  00:00      0.00    0.00    0.00
  142                  CONDUIT      0.00     0  00:00      0.00    0.00    0.00
  143                  CONDUIT      0.00     0  00:00      0.00    0.00    0.00
  144                  CONDUIT      0.00     0  00:00      0.00    0.00    0.00
  145                  CONDUIT      0.00     0  00:00      0.00    0.00    0.00
  146                  CONDUIT      0.00     0  00:00      0.00    0.00    0.00
  147                  CONDUIT      0.00     0  00:00      0.00    0.00    0.00
  148                  CONDUIT      0.00     0  00:00      0.00    0.00    0.00
  149                  CONDUIT      0.32     1  00:00      2.00    0.01    0.08
  150                  CONDUIT      0.38     0  18:12      0.69    0.04    0.20
  151                  CONDUIT      2.28     0  17:00      4.34    0.25    0.54
  152                  CONDUIT      2.28     1  00:00      3.67    0.31    0.38
  153                  CONDUIT      2.28     1  00:00      1.90    0.30    0.64
  154                  CONDUIT      2.67     0  14:16      2.87    0.64    0.77
  155                  CONDUIT      2.34     0  13:22      3.20    0.43    0.54
  156                  CONDUIT      2.28     0  13:22      4.42    1.22    0.91
  157                  CONDUIT      2.28     0  11:30      3.85    0.40    0.54
  158                  CONDUIT      2.28     0  10:35      3.12    0.64    0.52
  159                  CONDUIT      2.31     0  09:42      3.19    0.62    0.58
  160                  CONDUIT      2.30     0  08:47      3.11    0.64    0.58
  161                  CONDUIT      2.40     0  07:50      2.19    1.59    0.80
  162                  CONDUIT      3.08     0  06:55      3.99    0.60    0.78
  163                  CONDUIT      3.07     0  06:15      3.17    0.95    0.69
  164                  CONDUIT      3.06     0  05:32      3.43    0.91    0.76
  165                  CONDUIT      3.11     0  04:51      3.18    0.96    0.74
  166                  CONDUIT      3.06     0  04:09      3.59    0.80    0.74
  167                  CONDUIT      3.05     0  02:49      3.89    0.66    0.61
  168                  CONDUIT      3.10     0  02:46      3.19    1.16    0.69
  169                  CONDUIT      3.31     0  02:06      2.83    1.84    0.88
  170                  CONDUIT      3.60     0  01:26      3.80    0.84    0.84
  171                  CONDUIT      4.11     0  00:14      4.68    1.96    0.85
  7000                 CONDUIT      0.00     0  00:00      0.00    0.00    0.50
  6000                 CONDUIT      0.00     0  00:00      0.00    0.00    0.10
  510                  CONDUIT      4.35     0  00:45      3.79    1.31    1.00
  5000                 CONDUIT      0.00     0  00:00      0.00    0.00    0.00
  509                  CONDUIT      3.47     1  00:00      3.29    1.06    0.80
  4000                 CONDUIT      0.00     0  00:00      0.00    0.00    0.50
  508                  CONDUIT      3.48     0  02:40      4.29    0.74    0.82
  3000                 CONDUIT      0.00     0  00:00      0.00    0.00    0.00
  507                  CONDUIT      3.76     0  02:44      3.46    1.05    1.00
  2000                 CONDUIT      0.00     0  00:00      0.00    0.00    0.00
  506                  CONDUIT      3.34     0  03:12      3.11    0.54    0.64
  1000                 CONDUIT      0.00     0  00:00      0.00    0.00    0.00
  505                  CONDUIT      3.54     0  04:26      2.33    0.79    0.66
  500                  CONDUIT      4.20     0  10:17      1.91    0.15    0.91
  504                  CONDUIT      3.22     0  05:17      2.49    0.64    0.53
  503                  CONDUIT      3.26     0  05:41      3.73    0.23    0.66
  502                  CONDUIT      2.58     0  07:23      1.21    0.37    0.67
  501                  CONDUIT      2.42     0  09:29      2.66    0.25    0.66
  602                  CONDUIT      0.00     0  00:00      0.00    0.00    0.07
  601                  CONDUIT      0.32     0  22:30      0.30    0.03    0.29
  600                  CONDUIT      0.00     0  00:00      0.00    0.00    0.22
  8000                 CONDUIT      0.42     0  08:35      1.50    0.04    0.12
  9000                 CONDUIT      0.00     0  00:00      0.00    0.00    0.50
  700                  CONDUIT      0.00     0  00:00      0.00    0.00    0.00
  701                  CONDUIT      0.00     0  00:00      0.00    0.00    0.00
  702                  CONDUIT      0.00     0  00:00      0.00    0.00    0.00
  703                  CONDUIT      0.00     0  00:00      0.00    0.00    0.00
  705                  CONDUIT      0.00     0  00:00      0.00    0.00    0.04
  704                  CONDUIT      0.00     0  00:00      0.00    0.00    0.00
  1501                 CONDUIT      0.00     0  00:00      0.00    0.00    0.00
  1500                 CONDUIT      0.00     0  00:00      0.00    0.00    0.00
  1S20                 CONDUIT      0.00     0  00:00      0.00    0.00    0.00
  1C19                 CONDUIT      0.00     0  00:00      0.00    0.00    0.00
  1S01                 CONDUIT      1.98     0  18:12      3.08    0.15    0.63
  1C00                 CONDUIT      0.00     0  00:00      0.00    0.00    0.00
  1C01                 CONDUIT      0.00     0  00:00      0.00    0.00    0.00
  486                  CONDUIT      0.00     0  00:00      0.00    0.00    0.03
  2c00                 CONDUIT      0.00     0  00:00      0.00    0.00    0.00
  2c01                 CONDUIT      0.00     0  00:00      0.00    0.00    0.02
  1c22                 CONDUIT      0.00     0  00:00      0.00    0.00    0.00
  1c21                 CONDUIT      0.00     0  00:00      0.00    0.00    0.00
  1c20                 CONDUIT      0.00     0  00:00      0.00    0.00    0.00
  751                  CONDUIT      0.00     0  00:00      0.00    0.00    0.24
  HAWK1                CONDUIT      0.00     0  00:00      0.00    0.00    0.00
  700B                 CONDUIT      0.00     0  00:00      0.00    0.00    0.00
  520                  CONDUIT    165.32     0  00:12     23.67    1.31    0.91
  1s210                CONDUIT      0.00     0  00:00      0.00    0.00    0.00
  1s220                CONDUIT      0.00     0  00:00      0.00    0.00    0.00
  1s230                CONDUIT      0.00     0  00:00      0.00    0.00    0.00
  HAWK2                ORIFICE      0.00     0  00:00                      0.00
  1S00                 ORIFICE      0.61     0  18:32                      0.10
  or3                  ORIFICE      0.00     0  00:00                      0.00
  or2                  ORIFICE      0.00     0  00:00                      0.00
  or1                  ORIFICE      0.00     0  00:00                      0.00
  1s200                ORIFICE      0.00     0  00:00                      0.00
  700A                 PUMP         0.00     0  00:00              0.00
  HAWKDR               PUMP        10.00     0  00:00              1.00
  
  
  ***************************
  Flow Classification Summary
  ***************************
  
  -------------------------------------------------------------------------------------
                      Adjusted    ---------- Fraction of Time in Flow Class ---------- 
                       /Actual         Up    Down  Sub   Sup   Up    Down  Norm  Inlet 
  Conduit               Length    Dry  Dry   Dry   Crit  Crit  Crit  Crit  Ltd   Ctrl  
  -------------------------------------------------------------------------------------
  105                     1.00   0.33  0.00  0.00  0.65  0.00  0.00  0.01  0.00  0.00
  104                     1.00   0.34  0.00  0.00  0.64  0.00  0.01  0.00  0.00  0.00
  103                     1.00   0.36  0.00  0.00  0.64  0.00  0.00  0.01  0.64  0.00
  102                     1.00   0.36  0.00  0.00  0.63  0.00  0.00  0.01  0.01  0.00
  101                     1.00   0.37  0.00  0.00  0.62  0.00  0.01  0.00  0.00  0.00
  100                     1.00   0.38  0.00  0.00  0.00  0.00  0.00  0.62  0.00  0.00
  106                     1.00   0.32  0.00  0.00  0.67  0.00  0.01  0.00  0.00  0.00
  107                     1.00   0.31  0.00  0.00  0.68  0.00  0.00  0.01  0.00  0.00
  108                     1.00   0.30  0.00  0.00  0.69  0.00  0.00  0.01  0.69  0.00
  109                     1.00   0.29  0.00  0.00  0.00  0.00  0.71  0.00  0.00  0.00
  110                     1.00   0.28  0.00  0.00  0.71  0.00  0.00  0.01  0.00  0.00
  111                     1.00   0.27  0.00  0.00  0.72  0.00  0.00  0.01  0.00  0.00
  112                     1.00   0.26  0.00  0.00  0.73  0.00  0.00  0.01  0.73  0.00
  114                     1.00   0.24  0.00  0.00  0.75  0.00  0.00  0.01  0.00  0.00
  115                     1.00   0.23  0.00  0.00  0.76  0.00  0.00  0.01  0.76  0.00
  116                     1.00   0.20  0.00  0.00  0.77  0.00  0.00  0.03  0.76  0.00
  113                     1.00   0.25  0.00  0.00  0.74  0.00  0.00  0.01  0.00  0.00
  117                     1.00   0.17  0.00  0.00  0.76  0.00  0.07  0.00  0.00  0.00
  118                     1.00   0.14  0.00  0.00  0.83  0.00  0.00  0.03  0.83  0.00
  119                     1.00   0.11  0.00  0.00  0.86  0.00  0.00  0.03  0.00  0.00
  120                     1.00   0.09  0.00  0.00  0.89  0.00  0.00  0.03  0.00  0.00
  121                     1.00   0.06  0.00  0.00  0.00  0.00  0.94  0.00  0.00  0.00
  122                     1.00   0.03  0.00  0.00  0.94  0.00  0.00  0.03  0.94  0.00
  123                     1.00   0.03  0.20  0.00  0.77  0.00  0.00  0.00  0.77  0.00
  124                     1.00   0.21  0.00  0.00  0.77  0.00  0.00  0.02  0.00  0.00
  125                     1.00   0.20  0.00  0.00  0.78  0.00  0.00  0.01  0.79  0.00
  126                     1.00   0.19  0.00  0.00  0.00  0.00  0.00  0.81  0.00  0.00
  127                     1.00   0.17  0.00  0.00  0.81  0.00  0.00  0.01  0.81  0.00
  128                     1.00   0.16  0.00  0.00  0.83  0.00  0.02  0.00  0.00  0.00
  129                     1.00   0.14  0.00  0.00  0.84  0.00  0.00  0.01  0.84  0.00
  130                     1.00   0.13  0.00  0.00  0.86  0.00  0.00  0.01  0.86  0.00
  131                     1.00   0.11  0.00  0.00  0.00  0.00  0.89  0.00  0.00  0.00
  132                     1.00   0.10  0.00  0.00  0.88  0.00  0.00  0.02  0.89  0.00
  133                     1.00   0.06  0.00  0.00  0.00  0.00  0.00  0.94  0.00  0.00
  134                     1.00   0.03  0.00  0.00  0.94  0.00  0.00  0.04  0.03  0.00
  135                     1.00   0.03  0.00  0.00  0.90  0.00  0.00  0.07  0.00  0.00
  136                     1.00   0.09  0.00  0.00  0.90  0.00  0.00  0.02  0.90  0.00
  137                     1.00   0.06  0.00  0.00  0.00  0.00  0.00  0.94  0.00  0.00
  138                     1.00   0.03  0.00  0.00  0.94  0.00  0.00  0.03  0.94  0.00
  139                     1.00   0.03  0.97  0.00  0.00  0.00  0.00  0.00  0.00  0.00
  140                     1.00   1.00  0.00  0.00  0.00  0.00  0.00  0.00  0.00  0.00
  141                     1.00   1.00  0.00  0.00  0.00  0.00  0.00  0.00  0.00  0.00
  142                     1.00   1.00  0.00  0.00  0.00  0.00  0.00  0.00  0.00  0.00
  143                     1.00   1.00  0.00  0.00  0.00  0.00  0.00  0.00  0.00  0.00
  144                     1.00   1.00  0.00  0.00  0.00  0.00  0.00  0.00  0.00  0.00
  145                     1.00   1.00  0.00  0.00  0.00  0.00  0.00  0.00  0.00  0.00
  146                     1.00   1.00  0.00  0.00  0.00  0.00  0.00  0.00  0.00  0.00
  147                     1.00   1.00  0.00  0.00  0.00  0.00  0.00  0.00  0.00  0.00
  148                     1.00   1.00  0.00  0.00  0.00  0.00  0.00  0.00  0.00  0.00
  149                     1.00   0.95  0.00  0.00  0.00  0.00  0.00  0.05  0.00  0.00
  150                     1.00   0.71  0.00  0.00  0.05  0.00  0.24  0.00  0.00  0.00
  151                     1.00   0.67  0.00  0.00  0.29  0.00  0.00  0.04  0.29  0.00
  152                     1.00   0.63  0.00  0.00  0.00  0.00  0.00  0.37  0.00  0.00
  153                     1.00   0.59  0.00  0.00  0.00  0.00  0.41  0.00  0.00  0.00
  154                     1.00   0.56  0.00  0.00  0.41  0.00  0.00  0.04  0.00  0.00
  155                     1.00   0.52  0.00  0.00  0.44  0.00  0.00  0.04  0.44  0.00
  156                     1.00   0.48  0.00  0.00  0.04  0.00  0.00  0.48  0.00  0.00
  157                     1.00   0.44  0.00  0.00  0.52  0.00  0.00  0.04  0.52  0.00
  158                     1.00   0.40  0.00  0.00  0.00  0.00  0.00  0.60  0.00  0.00
  159                     1.00   0.36  0.00  0.00  0.60  0.00  0.00  0.04  0.60  0.00
  160                     1.00   0.33  0.00  0.00  0.63  0.00  0.00  0.04  0.00  0.00
  161                     1.00   0.29  0.00  0.00  0.67  0.00  0.04  0.00  0.00  0.00
  162                     1.00   0.26  0.00  0.00  0.71  0.00  0.00  0.03  0.71  0.00
  163                     1.00   0.23  0.00  0.00  0.74  0.00  0.00  0.03  0.00  0.00
  164                     1.00   0.20  0.00  0.00  0.77  0.00  0.00  0.03  0.00  0.00
  165                     1.00   0.17  0.00  0.00  0.80  0.00  0.00  0.03  0.00  0.00
  166                     1.00   0.14  0.00  0.00  0.83  0.00  0.00  0.03  0.00  0.00
  167                     1.00   0.12  0.00  0.00  0.86  0.00  0.00  0.03  0.00  0.00
  168                     1.00   0.09  0.00  0.00  0.88  0.00  0.00  0.03  0.00  0.00
  169                     1.00   0.06  0.00  0.00  0.91  0.00  0.00  0.03  0.00  0.00
  170                     1.00   0.03  0.00  0.00  0.94  0.00  0.00  0.03  0.94  0.00
  171                     1.00   0.01  0.00  0.00  0.97  0.00  0.00  0.03  0.00  0.00
  7000                    1.00   0.01  0.99  0.00  0.00  0.00  0.00  0.00  0.00  0.00
  6000                    1.00   0.04  0.96  0.00  0.00  0.00  0.00  0.00  0.00  0.00
  510                     1.00   0.01  0.00  0.00  0.97  0.00  0.00  0.02  0.00  0.00
  5000                    1.00   1.00  0.00  0.00  0.00  0.00  0.00  0.00  0.00  0.00
  509                     1.00   0.03  0.00  0.00  0.00  0.00  0.00  0.97  0.00  0.00
  4000                    1.00   0.08  0.92  0.00  0.00  0.00  0.00  0.00  0.00  0.00
  508                     1.00   0.06  0.00  0.00  0.90  0.00  0.00  0.05  0.88  0.00
  3000                    1.00   1.00  0.00  0.00  0.00  0.00  0.00  0.00  0.00  0.00
  507                     1.00   0.08  0.00  0.00  0.89  0.00  0.00  0.03  0.00  0.00
  2000                    1.00   1.00  0.00  0.00  0.00  0.00  0.00  0.00  0.00  0.00
  506                     1.00   0.12  0.00  0.00  0.85  0.00  0.00  0.03  0.00  0.00
  1000                    1.00   1.00  0.00  0.00  0.00  0.00  0.00  0.00  0.00  0.00
  505                     1.00   0.14  0.00  0.00  0.82  0.00  0.00  0.04  0.81  0.00
  500                     1.00   0.35  0.00  0.00  0.61  0.00  0.00  0.04  0.00  0.00
  504                     1.00   0.18  0.00  0.00  0.02  0.00  0.00  0.80  0.00  0.00
  503                     1.00   0.21  0.00  0.00  0.76  0.00  0.00  0.03  0.76  0.00
  502                     1.00   0.23  0.02  0.00  0.69  0.00  0.05  0.00  0.00  0.00
  501                     1.00   0.30  0.00  0.00  0.64  0.00  0.00  0.06  0.60  0.00
  602                     1.00   0.93  0.07  0.00  0.00  0.00  0.00  0.00  0.00  0.00
  601                     1.00   0.53  0.09  0.00  0.06  0.00  0.31  0.00  0.00  0.00
  600                     1.00   0.53  0.47  0.00  0.00  0.00  0.00  0.00  0.00  0.00
  8000                    1.00   0.30  0.00  0.00  0.00  0.00  0.00  0.70  0.00  0.00
  9000                    1.00   0.25  0.75  0.00  0.00  0.00  0.00  0.00  0.00  0.00
  700                     1.00   1.00  0.00  0.00  0.00  0.00  0.00  0.00  0.00  0.00
  701                     1.00   1.00  0.00  0.00  0.00  0.00  0.00  0.00  0.00  0.00
  702                     1.00   1.00  0.00  0.00  0.00  0.00  0.00  0.00  0.00  0.00
  703                     1.00   1.00  0.00  0.00  0.00  0.00  0.00  0.00  0.00  0.00
  705                     1.00   0.98  0.02  0.00  0.00  0.00  0.00  0.00  0.00  0.00
  704                     1.00   1.00  0.00  0.00  0.00  0.00  0.00  0.00  0.00  0.00
  1501                    1.00   1.00  0.00  0.00  0.00  0.00  0.00  0.00  0.00  0.00
  1500                    1.00   1.00  0.00  0.00  0.00  0.00  0.00  0.00  0.00  0.00
  1S20                    1.00   1.00  0.00  0.00  0.00  0.00  0.00  0.00  0.00  0.00
  1C19                    1.00   1.00  0.00  0.00  0.00  0.00  0.00  0.00  0.00  0.00
  1S01                    1.00   0.71  0.00  0.00  0.24  0.00  0.00  0.05  0.24  0.00
  1C00                    1.00   1.00  0.00  0.00  0.00  0.00  0.00  0.00  0.00  0.00
  1C01                    1.00   1.00  0.00  0.00  0.00  0.00  0.00  0.00  0.00  0.00
  486                     1.00   0.91  0.09  0.00  0.00  0.00  0.00  0.00  0.00  0.00
  2c00                    1.00   1.00  0.00  0.00  0.00  0.00  0.00  0.00  0.00  0.00
  2c01                    1.00   0.91  0.09  0.00  0.00  0.00  0.00  0.00  0.00  0.00
  1c22                    1.00   1.00  0.00  0.00  0.00  0.00  0.00  0.00  0.00  0.00
  1c21                    1.00   1.00  0.00  0.00  0.00  0.00  0.00  0.00  0.00  0.00
  1c20                    1.00   1.00  0.00  0.00  0.00  0.00  0.00  0.00  0.00  0.00
  751                     1.00   0.25  0.75  0.00  0.00  0.00  0.00  0.00  0.00  0.00
  HAWK1                   1.00   1.00  0.00  0.00  0.00  0.00  0.00  0.00  0.00  0.00
  700B                    1.00   1.00  0.00  0.00  0.00  0.00  0.00  0.00  0.00  0.00
  520                     1.00   0.01  0.00  0.00  0.98  0.00  0.00  0.00  0.00  0.00
  1s210                   1.00   1.00  0.00  0.00  0.00  0.00  0.00  0.00  0.00  0.00
  1s220                   1.00   1.00  0.00  0.00  0.00  0.00  0.00  0.00  0.00  0.00
  1s230                   1.00   1.00  0.00  0.00  0.00  0.00  0.00  0.00  0.00  0.00
  
  
  *************************
  Conduit Surcharge Summary
  *************************
  
  ----------------------------------------------------------------------------
                                                           Hours        Hours 
                         --------- Hours Full --------   Above Full   Capacity
  Conduit                Both Ends  Upstream  Dnstream   Normal Flow   Limited
  ----------------------------------------------------------------------------
  111                         0.01      0.01      0.01      0.01         0.01
  121                         0.01      0.01      0.01     18.39         0.01
  156                         0.01     12.46      0.01     12.50         0.01
  161                         0.01      0.01     17.01     17.04         0.01
  168                         0.01      0.01      0.01     21.88         0.01
  169                         0.01      0.01      0.01     22.56         0.01
  171                         0.01      0.01      0.01     23.79         0.01
  510                        23.18     23.72     23.18     23.73        23.18
  509                         0.01     23.01      0.01     23.08         0.01
  508                         0.01      0.01     19.99      0.01         0.01
  507                        20.46     20.46     21.26      0.05         0.01
  500                         0.01      0.01     13.77      0.01         0.01
  503                         0.01      0.01     17.99      0.01         0.01
  502                         0.01      0.01     17.90      0.01         0.01
  501                         0.01      0.01     13.98      0.01         0.01
  1S01                        0.01      0.01      5.46      0.01         0.01
  520                         0.01      0.10     23.57      0.01         0.01
  
  
  ***************
  Pumping Summary
  ***************
  
  ---------------------------------------------------------------------------------------------------------
                                                  Min       Avg       Max     Total     Power    % Time Off
                        Percent   Number of      Flow      Flow      Flow    Volume     Usage    Pump Curve
  Pump                 Utilized   Start-Ups       CFS       CFS       CFS  10^6 gal     Kw-hr    Low   High
  ---------------------------------------------------------------------------------------------------------
  700A                     0.00           0      0.00      0.00      0.00     0.000      0.00    0.0    0.0
  HAWKDR                 100.00           1      0.00     10.00     10.00     6.463  11707.22    0.0    0.0
  

  Analysis begun on:  Sun Jul 19 15:25:02 2026
  Analysis ended on:  Sun Jul 19 15:25:03 2026
  Total elapsed time: 00:00:01