
  EPA STORM WATER MANAGEMENT MODEL - VERSION 5.2 (Build 5.2.4)
  ------------------------------------------------------------

  TEST RUN ON RIVERSIDE SEWER SYSTEM 
  
  ****************
  Analysis Options
  ****************
  Flow Units ............... CFS
  Process Models:
    Rainfall/Runoff ........ NO
    RDII ................... NO
    Snowmelt ............... NO
    Groundwater ............ NO
    Flow Routing ........... YES
    Ponding Allowed ........ NO
    Water Quality .......... NO
  Flow Routing Method ...... DYNWAVE
  Surcharge Method ......... EXTRAN
  Starting Date ............ 01/01/2001 00:00:00
  Ending Date .............. 01/02/2001 00:00:00
  Antecedent Dry Days ...... 0.0
  Report Time Step ......... 00:15:00
  Routing Time Step ........ 30.00 sec
  Variable Time Step ....... YES
  Maximum Trials ........... 50
  Number of Threads ........ 1
  Head Tolerance ........... 0.003300 ft
  
  
  **************************        Volume        Volume
  Flow Routing Continuity        acre-feet      10^6 gal
  **************************     ---------     ---------
  Dry Weather Inflow .......         0.000         0.000
  Wet Weather Inflow .......         0.000         0.000
  Groundwater Inflow .......         0.000         0.000
  RDII Inflow ..............         0.000         0.000
  External Inflow ..........        57.518        18.743
  External Outflow .........         0.000         0.000
  Flooding Loss ............        37.936        12.362
  Evaporation Loss .........         0.000         0.000
  Exfiltration Loss ........         0.000         0.000
  Initial Stored Volume ....         0.000         0.000
  Final Stored Volume ......         5.365         1.748
  Continuity Error (%) .....        24.717
  
  
  *************************
  Highest Continuity Errors
  *************************
  Node 7C59 (100.00%)
  Node 6s430 (100.00%)
  Node 6s552 (98.93%)
  Node 6S431 (57.55%)
  Node 7S34 (50.63%)
  
  
  ***************************
  Time-Step Critical Elements
  ***************************
  Link 156 (52.22%)
  Link 113 (34.34%)
  Link 167 (7.63%)
  Link 138 (2.38%)
  Link 168 (1.15%)
  
  
  ********************************
  Highest Flow Instability Indexes
  ********************************
  All links are stable.
  
  
  *********************************
  Most Frequent Nonconverging Nodes
  *********************************
  Node 7C69 (1.11%)
  Node 6S103 (0.05%)
  Node 6S183 (0.05%)
  Node 6S239 (0.04%)
  Node 7S1266 (0.04%)
  
  
  *************************
  Routing Time Step Summary
  *************************
  Minimum Time Step           :     0.06 sec
  Average Time Step           :     7.18 sec
  Maximum Time Step           :    30.00 sec
  % of Time in Steady State   :     0.00
  Average Iterations per Step :     2.99
  % of Steps Not Converging   :     1.11
  Time Step Frequencies       :
     30.000 - 13.228 sec      :     5.62 %
     13.228 -  5.833 sec      :    47.83 %
      5.833 -  2.572 sec      :    46.55 %
      2.572 -  1.134 sec      :     0.00 %
      1.134 -  0.500 sec      :     0.00 %
  
  
  ******************
  Node Depth Summary
  ******************
  
  ---------------------------------------------------------------------------------
                                 Average  Maximum  Maximum  Time of Max    Reported
                                   Depth    Depth      HGL   Occurrence   Max Depth
  Node                 Type         Feet     Feet     Feet  days hr:min        Feet
  ---------------------------------------------------------------------------------
  6S879                JUNCTION   393.63   558.11  1134.16     0  09:54      558.07
  6S878                JUNCTION   400.88   558.56  1134.12     0  09:52      558.56
  6S877                JUNCTION   406.72   558.21  1134.23     0  09:55      558.17
  6S876                JUNCTION   413.29   557.64  1135.31     0  09:14      557.64
  6S875                JUNCTION   420.24   558.39  1135.88     0  09:16      558.39
  6S874                JUNCTION   428.25   558.66  1136.15     0  11:46      558.66
  6S873                JUNCTION   437.86   559.80  1136.51     0  11:47      559.80
  6S871                JUNCTION   446.16   560.29  1136.69     0  11:49      560.29
  6S870                JUNCTION   452.02   560.53  1138.97     0  07:26      560.21
  7S777                JUNCTION   463.06   562.70  1139.06     0  07:27      562.67
  6S776                JUNCTION   468.86   561.51  1139.13     0  07:28      561.46
  6S775                JUNCTION   476.30   561.61  1139.34     0  07:30      561.61
  6S774                JUNCTION   482.83   561.92  1140.06     0  06:12      561.88
  6S751                JUNCTION   488.47   562.03  1140.30     0  06:31      562.03
  6S716                JUNCTION   493.93   562.76  1141.14     0  06:32      562.76
  6S715                JUNCTION   503.36   563.12  1141.97     0  05:41      562.98
  6S415                JUNCTION   515.38   563.75  1142.88     0  05:38      563.74
  6S395                JUNCTION   528.59   564.90  1143.35     0  05:37      564.89
  6S1053               JUNCTION   536.65   564.31  1143.55     0  05:37      564.30
  6S355                JUNCTION   543.18   565.04  1144.49     0  02:32      564.64
  6S354                JUNCTION   549.53   564.70  1144.66     0  01:55      564.64
  6S333                JUNCTION   557.32   565.55  1145.34     0  05:32      565.51
  6S311                JUNCTION   562.84   565.27  1145.97     0  05:28      565.23
  6S295                JUNCTION   499.83   565.85  1147.35     0  05:27      565.29
  6S266                JUNCTION   507.12   566.40  1147.52     0  05:28      566.35
  6S242                JUNCTION   512.64   566.23  1149.81     0  04:48      566.23
  6S241                JUNCTION   518.07   567.45  1151.36     0  04:25      567.01
  6S219                JUNCTION   524.29   567.54  1152.60     0  04:25      567.53
  6S240                JUNCTION   531.00   568.75  1152.94     0  04:26      568.75
  6S934                JUNCTION   535.16   568.96  1155.20     0  03:26      568.18
  6S239                JUNCTION   538.33   569.16  1157.44     0  03:09      567.86
  6S183                JUNCTION   543.59   569.45  1157.02     0  03:10      569.31
  6S167                JUNCTION   551.09   570.50  1159.55     0  02:46      570.50
  6S141                JUNCTION   559.93   570.25  1161.10     0  02:46      570.25
  6S121                JUNCTION   568.81   571.12  1162.06     0  02:42      571.12
  6S103                JUNCTION   552.98   570.97  1162.26     0  02:43      570.97
  6S84                 JUNCTION   554.73   570.67  1163.33     0  02:03      570.66
  6S64                 JUNCTION   562.81   571.19  1164.03     0  02:00      571.16
  6S61                 JUNCTION   568.64   571.54  1165.78     0  00:40      570.94
  6S60                 JUNCTION     0.00     0.00   595.48     0  00:40        0.00
  7S904                JUNCTION     0.00     0.00   596.82     0  00:00        0.00
  7S905                JUNCTION     0.00     0.00   597.06     0  00:00        0.00
  7S907                JUNCTION     0.00     0.00   599.06     0  00:00        0.00
  7S25                 JUNCTION     0.00     0.00   599.48     0  00:00        0.00
  7S24                 JUNCTION     0.00     0.00   599.86     0  00:00        0.00
  7S23                 JUNCTION     0.00     0.00   600.34     0  00:00        0.00
  7S22                 JUNCTION     0.00     0.00   600.83     0  00:00        0.00
  7S21                 JUNCTION     0.00     0.00   601.71     0  00:00        0.00
  7S20                 JUNCTION     0.00     0.00   601.05     0  00:00        0.00
  7S19                 JUNCTION    18.42   220.64   822.94     1  00:00      220.64
  7S18                 JUNCTION   117.13   578.38  1179.58     0  22:00      578.38
  7S17                 JUNCTION   150.08   579.63  1181.58     0  19:56      579.63
  7S16                 JUNCTION   183.57   580.78  1183.69     0  19:03      580.78
  7S35                 JUNCTION   217.86   581.80  1184.01     0  18:48      581.80
  7S53                 JUNCTION   254.02   582.23  1184.22     0  18:46      582.23
  7S                   JUNCTION   288.88   582.81  1184.96     0  16:09      582.81
  7S54                 JUNCTION   318.89   583.50  1185.81     0  16:09      583.50
  7S55                 JUNCTION   346.79   583.82  1187.02     0  13:14      583.82
  7S56                 JUNCTION   375.65   584.56  1187.96     0  12:37      584.56
  7S57                 JUNCTION   404.73   584.98  1188.58     0  11:30      584.98
  7S58                 JUNCTION   433.14   585.43  1189.23     0  10:00      585.43
  7S59                 JUNCTION   457.53   585.56  1189.56     0  08:23      585.56
  7S60                 JUNCTION   479.36   586.41  1190.61     0  07:35      586.41
  7S61                 JUNCTION   501.02   587.12  1191.52     0  07:27      587.12
  7S62                 JUNCTION   517.51   587.21  1191.81     0  07:27      587.21
  7SA365               JUNCTION   532.56   587.79  1192.59     0  05:46      587.79
  7S64                 JUNCTION   546.83   587.86  1192.86     0  05:48      587.86
  7S65                 JUNCTION   558.57   588.23  1193.43     0  03:17      588.03
  7S66                 JUNCTION   567.65   588.46  1193.76     0  03:18      588.46
  7S1266               JUNCTION   576.37   588.85  1194.25     0  01:45      588.85
  7S1267               JUNCTION   584.61   589.04  1194.97     0  01:40      589.00
  7S1268               JUNCTION   588.87   589.50  1195.50     0  00:14      589.50
  6S75                 JUNCTION   579.37   580.00  1165.00     0  00:54      580.00
  6S132                JUNCTION   574.01   577.79  1161.79     1  00:00      577.79
  6S193                JUNCTION   562.67   573.35  1157.35     1  00:00      573.35
  6S230                JUNCTION   555.81   572.91  1152.91     1  00:00      572.91
  6S320                JUNCTION   544.30   566.58  1144.58     1  00:00      566.58
  6S345                JUNCTION   513.00   565.67  1144.17     1  00:00      565.67
  6S424                JUNCTION   479.89   564.21  1142.71     1  00:00      564.21
  6S432                JUNCTION   257.05   559.83  1135.83     0  21:10      559.83
  6S431                JUNCTION   136.66   559.17  1135.17     0  21:18      559.16
  6S1103               JUNCTION   447.15   563.42  1141.42     1  00:00      563.42
  6S839                JUNCTION   423.14   564.90  1138.90     1  00:00      564.90
  6S501                JUNCTION   351.33   560.86  1138.86     1  00:00      560.86
  6S4                  JUNCTION   462.34   558.98  1136.98     0  09:28      558.98
  6S3                  JUNCTION   421.48   559.72  1134.22     0  15:22      559.68
  6S2                  JUNCTION   367.48   559.00  1134.20     0  15:19      558.96
  6S1                  JUNCTION   286.72   555.55  1134.15     0  15:21      555.53
  6s474                JUNCTION     0.00     0.00   578.00     0  00:00        0.00
  6S494                JUNCTION     0.00     0.00   578.00     0  00:00        0.00
  6S477                JUNCTION     0.00     0.00   576.00     0  00:00        0.00
  6S975                JUNCTION     0.00     0.00   573.00     0  00:00        0.00
  6S699                JUNCTION     0.00     0.00   578.00     0  04:53        0.00
  6S881                JUNCTION   352.74   555.54  1134.14     0  15:22      555.53
  7S6                  JUNCTION     0.00     0.00   600.00     0  00:00        0.00
  7S1                  JUNCTION     0.00     0.00   600.00     0  00:00        0.00
  7C56                 JUNCTION     0.00     0.00   594.00     0  00:00        0.00
  7C67                 JUNCTION     0.00     0.00   594.20     0  00:00        0.00
  7S15                 JUNCTION     0.00     0.00   594.20     0  00:00        0.00
  7S34                 JUNCTION    78.79   582.92  1172.92     0  22:24      582.92
  7C59                 JUNCTION    11.79   282.72   872.72     1  00:00      282.72
  7C21                 JUNCTION     0.00     0.00   599.00     0  00:00        0.00
  7C147                JUNCTION     0.00     0.00   600.00     0  00:00        0.00
  7s1291               JUNCTION     0.00     0.00   599.40     0  00:00        0.00
  7R574                JUNCTION     0.00     0.00   595.00     0  00:00        0.00
  7c35                 JUNCTION     0.00     0.00   597.00     0  00:00        0.00
  7c34                 JUNCTION     0.00     0.00   597.00     0  00:00        0.00
  6s749                JUNCTION     0.00     0.00   580.00     0  00:00        0.00
  7c56s                JUNCTION     0.00     0.00   590.00     0  00:00        0.00
  7c45s                JUNCTION     0.00     0.00   590.00     0  00:00        0.00
  7c34s                JUNCTION     0.00     0.00   590.00     0  00:00        0.00
  alt3                 JUNCTION     0.00     0.00   579.00     0  00:00        0.00
  7c46                 JUNCTION     0.00     0.00   597.00     0  00:00        0.00
  7c19                 JUNCTION     0.00     0.00   602.00     0  00:00        0.00
  6s430                JUNCTION    30.28   418.15   996.15     1  00:00      418.15
  6stp                 JUNCTION   379.50   556.14  1134.14     0  15:22      556.13
  6stp4                JUNCTION     0.00     0.00   578.00     0  00:00        0.00
  6stp5                JUNCTION     0.00     0.00   578.00     0  00:00        0.00
  6stp1                JUNCTION     0.00     0.00   600.00     0  00:00        0.00
  6stp2                JUNCTION     0.00     0.00   600.00     0  00:00        0.00
  6stp3                JUNCTION     0.00     0.00   600.00     0  00:00        0.00
  6s162                JUNCTION     0.00     0.00   578.00     0  00:00        0.00
  6s205                JUNCTION     0.00     0.00   578.00     0  00:00        0.00
  6s286                JUNCTION     0.00     0.00   578.00     0  00:00        0.00
  6s282                JUNCTION     0.00     0.00   578.00     0  00:00        0.00
  6s411                JUNCTION     0.00     0.00   577.50     0  00:00        0.00
  6s385                JUNCTION   499.94   565.07  1143.57     1  00:00      565.07
  620                  JUNCTION   527.15   577.01  1165.01     0  07:15      577.01
  622                  JUNCTION     0.00     0.00   588.00     0  00:00        0.00
  624                  JUNCTION     0.00     0.00   588.00     0  00:00        0.00
  6s81                 JUNCTION     0.00     0.00   585.00     0  00:00        0.00
  6s770                JUNCTION     0.00     0.00   570.00     0  00:00        0.00
  6s410                JUNCTION     0.00     0.00   579.00     0  00:00        0.00
  6s283                JUNCTION     0.00     0.00   575.00     0  00:00        0.00
  626                  JUNCTION   548.68   572.91  1152.91     1  00:00      572.91
  628                  JUNCTION   536.59   566.58  1144.58     1  00:00      566.58
  6s384                JUNCTION   472.14   565.07  1143.57     1  00:00      565.07
  6s404                JUNCTION   421.10   564.21  1142.71     1  00:00      564.21
  6s556                JUNCTION     0.00     0.00   575.00     0  00:00        0.00
  6s552                JUNCTION   338.08   559.15  1134.15     0  15:22      559.13
  tecums               JUNCTION     0.00     0.00   570.00     0  00:00        0.00
  forgl                JUNCTION     0.00     0.00   570.00     0  00:00        0.00
  forg2                JUNCTION     0.00     0.00   570.00     0  00:00        0.00
  6s750                JUNCTION     0.00     0.00   580.00     0  00:00        0.00
  575                  JUNCTION     0.00     0.00   585.00     0  00:00        0.00
  7C69                 OUTFALL      0.00     0.00   594.20     0  00:00        0.00
  6s836                STORAGE      5.82    10.00   584.00     0  15:02       10.00
  
  
  *******************
  Node Inflow Summary
  *******************
  
  -------------------------------------------------------------------------------------------------
                                  Maximum  Maximum                  Lateral       Total        Flow
                                  Lateral    Total  Time of Max      Inflow      Inflow     Balance
                                   Inflow   Inflow   Occurrence      Volume      Volume       Error
  Node                 Type           CFS      CFS  days hr:min    10^6 gal    10^6 gal     Percent
  -------------------------------------------------------------------------------------------------
  6S879                JUNCTION      0.00    10.07     0  09:47           0       0.792       7.960
  6S878                JUNCTION      0.00    11.60     0  09:48           0        3.38       2.049
  6S877                JUNCTION      0.00     7.98     0  09:14           0        3.15       1.955
  6S876                JUNCTION      0.00    15.42     0  08:41           0        3.21       1.903
  6S875                JUNCTION      0.00     8.30     0  08:41           0        3.27       1.710
  6S874                JUNCTION      0.00     9.03     0  08:22           0        3.33       1.972
  6S873                JUNCTION      0.00     9.83     0  08:00           0        3.41       2.292
  6S871                JUNCTION      0.00    13.02     0  07:26           0        3.48       2.237
  6S870                JUNCTION      0.00     8.96     0  07:26           0        3.53       1.377
  7S777                JUNCTION      0.00     8.17     0  07:03           0        3.61       2.178
  6S776                JUNCTION      0.00     8.00     0  07:31           0        3.67       1.716
  6S775                JUNCTION      0.00     8.03     0  06:13           0        3.73       1.774
  6S774                JUNCTION      0.00     7.99     0  06:12           0        3.79       1.421
  6S751                JUNCTION      0.00     9.02     0  05:54           0        4.44       1.531
  6S716                JUNCTION      0.00    10.60     0  05:41           0        4.49       1.287
  6S715                JUNCTION      0.00     9.13     0  05:38           0        4.55       1.180
  6S415                JUNCTION      0.00     9.12     0  05:38           0        4.61       1.281
  6S395                JUNCTION      0.00     9.41     0  05:34           0        4.67       1.410
  6S1053               JUNCTION      0.00    13.25     0  02:32           0        4.73       1.227
  6S355                JUNCTION      0.00     9.47     0  05:33           0        4.78       1.062
  6S354                JUNCTION      0.00     9.52     0  05:32           0        4.83       1.076
  6S333                JUNCTION      0.00    10.78     0  05:28           0        4.89       1.205
  6S311                JUNCTION      3.00    15.43     0  05:27        1.94        4.94       1.035
  6S295                JUNCTION      0.00     6.64     0  05:29           0        3.05       1.676
  6S266                JUNCTION      0.00     6.00     0  04:48           0        3.11       2.112
  6S242                JUNCTION      0.00    14.33     0  04:25           0        3.17       1.836
  6S241                JUNCTION      0.00     7.02     0  04:25           0        3.22       1.458
  6S219                JUNCTION      0.00    11.31     0  03:44           0        3.27       1.701
  6S240                JUNCTION      0.00    17.09     0  03:27           0        3.33       1.673
  6S934                JUNCTION      0.00    25.18     0  03:09           0        3.37       1.423
  6S239                JUNCTION      0.00     7.40     0  02:46           0        3.42       1.401
  6S183                JUNCTION      0.00     6.00     0  02:48           0        3.48       1.763
  6S167                JUNCTION      0.00     6.00     0  02:46           0        3.54       1.647
  6S141                JUNCTION      0.00     6.00     0  02:43           0         3.6       1.647
  6S121                JUNCTION      3.00     6.00     0  02:44        1.94        3.68       1.643
  6S103                JUNCTION      0.00     3.62     0  02:03           0         1.8       3.287
  6S84                 JUNCTION      0.00     3.24     0  02:01           0        1.83       3.115
  6S64                 JUNCTION      0.00     9.92     0  00:40           0        1.89       3.117
  6S61                 JUNCTION      3.00     3.00     0  00:00        1.94        1.94       2.647
  6S60                 JUNCTION      0.00     0.00     0  00:00           0           0       0.000 gal
  7S904                JUNCTION      0.00     0.00     0  00:00           0           0       0.000 gal
  7S905                JUNCTION      0.00     0.00     0  00:00           0           0       0.000 gal
  7S907                JUNCTION      0.00     0.00     0  00:00           0           0       0.000 gal
  7S25                 JUNCTION      0.00     0.00     0  00:00           0           0       0.000 gal
  7S24                 JUNCTION      0.00     0.00     0  00:00           0           0       0.000 gal
  7S23                 JUNCTION      0.00     0.00     0  00:00           0           0       0.000 gal
  7S22                 JUNCTION      0.00     0.00     0  00:00           0           0       0.000 gal
  7S21                 JUNCTION      0.00     0.00     0  00:00           0           0       0.000 gal
  7S20                 JUNCTION      0.00     0.00     0  00:00           0           0       0.000 gal
  7S19                 JUNCTION      0.00     0.25     0  22:00           0      0.0207   20739.403 gal
  7S18                 JUNCTION      0.00     1.88     0  20:36           0       0.225      38.039
  7S17                 JUNCTION      0.00     1.87     0  19:04           0        0.28      24.524
  7S16                 JUNCTION      0.00     1.87     0  18:48           0       0.336      19.944
  7S35                 JUNCTION      0.00     2.28     0  17:17           0       0.393      16.953
  7S53                 JUNCTION      0.00     2.01     0  16:11           0       0.451      14.717
  7S                   JUNCTION      0.00     1.88     0  15:03           0       0.508      12.594
  7S54                 JUNCTION      0.00     1.95     0  13:54           0       0.563      10.966
  7S55                 JUNCTION      0.00     1.87     0  12:47           0       0.619       9.860
  7S56                 JUNCTION      0.00     2.00     0  11:43           0       0.676       9.233
  7S57                 JUNCTION      0.00     1.93     0  10:35           0       0.733       8.353
  7S58                 JUNCTION      0.00     2.05     0  09:23           0        0.79       7.828
  7S59                 JUNCTION      0.00     2.65     0  08:19           0        1.12       5.577
  7S60                 JUNCTION      0.00     2.59     0  07:30           0        1.18       5.090
  7S61                 JUNCTION      0.00     2.56     0  05:52           0        1.24       4.838
  7S62                 JUNCTION      0.00     2.64     0  05:49           0         1.3       4.586
  7SA365               JUNCTION      0.00     2.57     0  04:57           0        1.35       4.497
  7S64                 JUNCTION      0.00     3.67     0  03:17           0        1.41       4.164
  7S65                 JUNCTION      0.00     2.93     0  03:17           0        1.47       3.922
  7S66                 JUNCTION      0.00     2.80     0  02:28           0        1.52       3.911
  7S1266               JUNCTION      0.00     3.12     0  01:41           0        1.82       3.347
  7S1267               JUNCTION      0.00     3.80     0  00:13           0        1.88       3.219
  7S1268               JUNCTION     10.00    10.00     0  00:00        6.46        6.46       0.956
  6S75                 JUNCTION     10.00    10.20     0  07:16        6.46        6.48       2.630
  6S132                JUNCTION      0.00     5.04     0  00:49           0         2.5       5.744
  6S193                JUNCTION      0.00     4.09     0  13:32           0        2.36       3.292
  6S230                JUNCTION      0.00     4.15     0  01:26           0        2.29       7.074
  6S320                JUNCTION      0.00     9.72     0  03:26           0        2.01       5.297
  6S345                JUNCTION      0.00     3.59     1  00:00           0         1.8       3.218
  6S424                JUNCTION      0.00     3.58     1  00:00           0        1.61       4.507
  6S432                JUNCTION      0.00     0.52     1  00:00           0       0.148      60.089
  6S431                JUNCTION      0.00     0.71     0  21:14           0      0.0926     135.569
  6S1103               JUNCTION      0.00     3.58     1  00:00           0        1.49       4.303
  6S839                JUNCTION      0.00     3.58     1  00:00           0        1.43       7.984
  6S501                JUNCTION      0.00     0.69     0  13:06           0       0.206      38.430
  6S4                  JUNCTION      0.00     1.21     0  06:31           0       0.584      10.475
  6S3                  JUNCTION      0.00     2.74     0  14:36           0       0.535      27.416
  6S2                  JUNCTION      0.00     2.79     0  14:27           0        0.45      43.892
  6S1                  JUNCTION      0.00     3.93     0  14:23           0       0.382      20.505
  6s474                JUNCTION      0.00     0.00     0  00:00           0           0       0.000 gal
  6S494                JUNCTION      0.00     0.00     0  00:00           0           0       0.000 gal
  6S477                JUNCTION      0.00     0.00     0  00:00           0           0       0.000 gal
  6S975                JUNCTION      0.00     0.00     0  00:00           0           0       0.000 gal
  6S699                JUNCTION      0.00     0.00     0  00:00           0           0       0.000 gal
  6S881                JUNCTION      0.00     3.17     0  11:35           0       0.266      47.062
  7S6                  JUNCTION      0.00     0.00     0  00:00           0           0       0.000 gal
  7S1                  JUNCTION      0.00     0.00     0  00:00           0           0       0.000 gal
  7C56                 JUNCTION      0.00     0.00     0  00:00           0           0       0.000 gal
  7C67                 JUNCTION      0.00     0.00     0  00:00           0           0       0.000 gal
  7S15                 JUNCTION      0.00     0.00     0  00:00           0           0       0.000 gal
  7S34                 JUNCTION      0.00     1.69     0  22:00           0       0.142     102.535
  7C59                 JUNCTION      0.00     0.61     0  22:24           0      0.0266   26576.838 gal
  7C21                 JUNCTION      0.00     0.00     0  00:00           0           0       0.000 gal
  7C147                JUNCTION      0.00     0.00     0  00:00           0           0       0.000 gal
  7s1291               JUNCTION      0.00     0.00     0  00:00           0           0       0.000 gal
  7R574                JUNCTION      0.00     0.00     0  00:00           0           0       0.000 gal
  7c35                 JUNCTION      0.00     0.00     0  00:00           0           0       0.000 gal
  7c34                 JUNCTION      0.00     0.00     0  00:00           0           0       0.000 gal
  6s749                JUNCTION      0.00     0.00     0  00:00           0           0       0.000 gal
  7c56s                JUNCTION      0.00     0.00     0  00:00           0           0       0.000 gal
  7c45s                JUNCTION      0.00     0.00     0  00:00           0           0       0.000 gal
  7c34s                JUNCTION      0.00     0.00     0  00:00           0           0       0.000 gal
  alt3                 JUNCTION      0.00     0.00     0  00:00           0           0       0.000 gal
  7c46                 JUNCTION      0.00     0.00     0  00:00           0           0       0.000 gal
  7c19                 JUNCTION      0.00     0.00     0  00:00           0           0       0.000 gal
  6s430                JUNCTION      0.00     0.59     0  21:18           0      0.0393   39305.863 gal
  6stp                 JUNCTION      0.00     3.48     0  09:54           0       0.734      17.088
  6stp4                JUNCTION      0.00     0.00     0  00:00           0           0       0.000 gal
  6stp5                JUNCTION      0.00     0.00     0  00:00           0           0       0.000 gal
  6stp1                JUNCTION      0.00     0.00     0  00:00           0           0       0.000 gal
  6stp2                JUNCTION      0.00     0.00     0  00:00           0           0       0.000 gal
  6stp3                JUNCTION      0.00     0.00     0  00:00           0           0       0.000 gal
  6s162                JUNCTION      0.00     0.00     0  00:00           0           0       0.000 gal
  6s205                JUNCTION      0.00     0.00     0  00:00           0           0       0.000 gal
  6s286                JUNCTION      0.00     0.00     0  00:00           0           0       0.000 gal
  6s282                JUNCTION      0.00     0.00     0  00:00           0           0       0.000 gal
  6s411                JUNCTION      0.00     0.00     0  00:00           0           0       0.000 gal
  6s385                JUNCTION      0.00     3.59     1  00:00           0        1.75       4.458
  620                  JUNCTION      0.00     0.40     0  00:12           0      0.0693     363.454
  622                  JUNCTION      0.00     0.00     0  00:00           0           0       0.000 gal
  624                  JUNCTION      0.00     0.00     0  00:00           0           0       0.000 gal
  6s81                 JUNCTION      0.00     0.00     0  00:00           0           0       0.000 gal
  6s770                JUNCTION      0.00     0.00     0  00:00           0           0       0.000 gal
  6s410                JUNCTION      0.00     0.00     0  00:00           0           0       0.000 gal
  6s283                JUNCTION      0.00     0.00     0  00:00           0           0       0.000 gal
  626                  JUNCTION      0.00    12.14     0  01:57           0       0.147  146511.706 gal
  628                  JUNCTION      0.00     9.10     0  03:24           0       0.107     371.324
  6s384                JUNCTION      0.00     1.79     0  07:28           0      0.0592   40215.899
  6s404                JUNCTION      0.00     0.77     0  08:15           0      0.0561    7178.885
  6s556                JUNCTION      0.00     0.00     0  00:00           0           0       0.000 gal
  6s552                JUNCTION      0.00     3.24     0  12:18           0       0.178    9231.225
  tecums               JUNCTION      0.00     0.00     0  00:00           0           0       0.000 gal
  forgl                JUNCTION      0.00     0.00     0  00:00           0           0       0.000 gal
  forg2                JUNCTION      0.00     0.00     0  00:00           0           0       0.000 gal
  6s750                JUNCTION      0.00     0.00     0  00:00           0           0       0.000 gal
  575                  JUNCTION      0.00     0.00     0  00:00           0           0       0.000 gal
  7C69                 OUTFALL       0.00     0.00     0  00:00           0           0       0.000 gal
  6s836                STORAGE       0.00     3.06     1  00:00           0        1.12      -0.003
  
  
  **********************
  Node Surcharge Summary
  **********************
  
  Surcharging occurs when water rises above the top of the highest conduit.
  ---------------------------------------------------------------------
                                               Max. Height   Min. Depth
                                   Hours       Above Crown    Below Rim
  Node                 Type      Surcharged           Feet         Feet
  ---------------------------------------------------------------------
  6S878                JUNCTION       14.12          0.000        0.000
  7S59                 JUNCTION       15.61          0.000        0.000
  7S1266               JUNCTION       22.25          0.000        0.000
  7S1268               JUNCTION       23.77          0.000        0.000
  6S75                 JUNCTION       23.09          0.000        0.000
  
  
  *********************
  Node Flooding Summary
  *********************
  
  Flooding refers to all water that overflows a node, whether it ponds or not.
  --------------------------------------------------------------------------
                                                             Total   Maximum
                                 Maximum   Time of Max       Flood    Ponded
                        Hours       Rate    Occurrence      Volume     Depth
  Node                 Flooded       CFS   days hr:min    10^6 gal      Feet
  --------------------------------------------------------------------------
  6S878                  14.12     10.60      0  15:28       2.807     0.000
  7S59                   15.61      0.74      0  10:33       0.275     0.000
  7S1266                 22.25      0.41      0  03:19       0.237     0.000
  7S1268                 23.77      7.27      0  00:54       4.525     0.000
  6S75                   23.09      6.36      0  23:51       3.746     0.000
  7S34                    1.59      1.04      0  22:24       0.044     0.000
  6s836                   8.95      3.06      1  00:00       0.728     0.000
  
  
  **********************
  Storage Volume Summary
  **********************
  
  ------------------------------------------------------------------------------------------------
                         Average    Avg   Evap  Exfil     Maximum    Max    Time of Max    Maximum
                          Volume   Pcnt   Pcnt   Pcnt      Volume   Pcnt     Occurrence    Outflow
  Storage Unit          1000 ft³   Full   Loss   Loss    1000 ft³   Full    days hr:min        CFS
  ------------------------------------------------------------------------------------------------
  6s836                   30.152   58.2    0.0    0.0      51.790  100.0       0  15:02       0.00
  
  
  ***********************
  Outfall Loading Summary
  ***********************
  
  -----------------------------------------------------------
                         Flow       Avg       Max       Total
                         Freq      Flow      Flow      Volume
  Outfall Node           Pcnt       CFS       CFS    10^6 gal
  -----------------------------------------------------------
  7C69                   0.00      0.00      0.00       0.000
  -----------------------------------------------------------
  System                 0.00      0.00      0.00       0.000
  
  
  ********************
  Link Flow Summary
  ********************
  
  -----------------------------------------------------------------------------
                                 Maximum  Time of Max   Maximum    Max/    Max/
                                  |Flow|   Occurrence   |Veloc|    Full    Full
  Link                 Type          CFS  days hr:min    ft/sec    Flow   Depth
  -----------------------------------------------------------------------------
  105                  CONDUIT      8.30     0  08:41      3.54    0.34    0.52
  104                  CONDUIT     15.42     0  08:41      4.36    1.02    0.50
  103                  CONDUIT      7.98     0  09:14      4.21    0.23    0.48
  102                  CONDUIT      8.79     0  09:29      3.89    0.31    0.81
  101                  CONDUIT     10.07     0  09:47      3.04    0.33    0.89
  106                  CONDUIT      9.03     0  08:22      2.28    0.51    0.56
  107                  CONDUIT      9.83     0  08:00      2.89    0.69    0.67
  108                  CONDUIT     13.02     0  07:26      5.34    0.30    0.48
  109                  CONDUIT      8.96     0  07:26      1.87    0.31    0.64
  110                  CONDUIT      8.17     0  07:03      4.05    0.26    0.72
  111                  CONDUIT      8.00     0  07:31      2.90    0.82    0.55
  112                  CONDUIT      8.03     0  06:13      4.32    0.22    0.39
  114                  CONDUIT      9.02     0  05:54      3.43    0.51    0.50
  115                  CONDUIT     10.60     0  05:41      4.14    0.35    0.68
  116                  CONDUIT      9.13     0  05:38      3.74    0.31    0.40
  113                  CONDUIT      7.99     0  06:12      3.97    0.35    0.34
  117                  CONDUIT      9.12     0  05:38      2.46    0.46    0.60
  118                  CONDUIT      9.41     0  05:34      3.10    0.37    0.62
  119                  CONDUIT     13.25     0  02:32      4.57    0.60    0.50
  120                  CONDUIT      9.47     0  05:33      4.16    0.41    0.44
  121                  CONDUIT      9.52     0  05:32      3.19    1.31    0.54
  122                  CONDUIT     10.78     0  05:28      3.92    0.45    0.54
  123                  CONDUIT     12.43     0  05:27      4.49    0.52    0.49
  124                  CONDUIT      6.64     0  05:29      2.74    0.85    0.55
  125                  CONDUIT      6.00     0  04:48      4.77    0.15    0.44
  126                  CONDUIT     14.33     0  04:25      4.51    0.78    0.53
  127                  CONDUIT      7.02     0  04:25      3.37    0.36    0.51
  128                  CONDUIT     11.31     0  03:44      3.96    1.10    0.52
  129                  CONDUIT     17.09     0  03:27      6.01    0.48    0.51
  130                  CONDUIT     25.18     0  03:09      7.61    0.59    0.60
  131                  CONDUIT      7.40     0  02:46      2.76    0.47    0.60
  132                  CONDUIT      6.00     0  02:48      4.65    0.21    0.60
  133                  CONDUIT      6.00     0  02:46      3.85    0.30    0.36
  134                  CONDUIT      6.00     0  02:43      3.22    0.35    0.41
  135                  CONDUIT      3.00     0  02:44      1.55    0.61    0.42
  136                  CONDUIT      3.07     0  02:03      3.50    0.13    0.33
  137                  CONDUIT      3.24     0  02:01      2.53    0.29    0.42
  138                  CONDUIT      9.92     0  00:40      5.63    0.32    0.40
  139                  CONDUIT      0.00     0  00:00      0.00    0.00    0.20
  140                  CONDUIT      0.00     0  00:00      0.00    0.00    0.00
  141                  CONDUIT      0.00     0  00:00      0.00    0.00    0.00
  142                  CONDUIT      0.00     0  00:00      0.00    0.00    0.00
  143                  CONDUIT      0.00     0  00:00      0.00    0.00    0.00
  144                  CONDUIT      0.00     0  00:00      0.00    0.00    0.00
  145                  CONDUIT      0.00     0  00:00      0.00    0.00    0.00
  146                  CONDUIT      0.00     0  00:00      0.00    0.00    0.00
  147                  CONDUIT      0.00     0  00:00      0.00    0.00    0.00
  148                  CONDUIT      0.00     0  00:00      0.00    0.00    0.00
  149                  CONDUIT      0.00     0  00:00      0.00    0.00    0.00
  150                  CONDUIT      0.25     0  22:00      0.52    0.03    0.18
  151                  CONDUIT      1.88     0  20:36      3.43    0.27    0.53
  152                  CONDUIT      1.87     0  19:04      3.04    0.34    0.38
  153                  CONDUIT      1.87     0  18:48      1.64    0.32    0.61
  154                  CONDUIT      2.28     0  17:17      2.28    0.71    0.76
  155                  CONDUIT      2.01     0  16:11      2.57    0.49    0.55
  156                  CONDUIT      1.88     0  15:03      3.74    1.32    0.96
  157                  CONDUIT      1.95     0  13:54      3.20    0.45    0.58
  158                  CONDUIT      1.87     0  12:47      2.50    0.69    0.53
  159                  CONDUIT      2.00     0  11:43      2.56    0.70    0.62
  160                  CONDUIT      1.93     0  10:35      2.47    0.70    0.62
  161                  CONDUIT      2.05     0  09:23      1.92    1.64    0.82
  162                  CONDUIT      2.65     0  08:19      3.42    0.63    0.78
  163                  CONDUIT      2.59     0  07:30      2.66    0.97    0.70
  164                  CONDUIT      2.56     0  05:52      2.94    0.93    0.79
  165                  CONDUIT      2.64     0  05:49      2.67    0.98    0.75
  166                  CONDUIT      2.57     0  04:57      3.08    0.82    0.78
  167                  CONDUIT      3.67     0  03:17      3.76    0.97    0.66
  168                  CONDUIT      2.93     0  03:17      2.74    1.33    0.76
  169                  CONDUIT      2.80     0  02:28      2.45    1.89    0.88
  170                  CONDUIT      3.12     0  01:41      3.20    0.88    0.86
  171                  CONDUIT      3.80     0  00:13      5.47    2.19    0.90
  7000                 CONDUIT      0.00     0  00:00      0.00    0.00    0.50
  6000                 CONDUIT      0.00     0  00:00      0.00    0.00    0.50
  510                  CONDUIT      5.04     0  00:49      4.40    1.63    1.00
  5000                 CONDUIT      0.00     0  00:00      0.00    0.00    0.00
  509                  CONDUIT      4.09     0  13:32      3.61    1.34    1.00
  4000                 CONDUIT      0.00     0  00:00      0.00    0.00    0.50
  508                  CONDUIT      4.15     0  01:26      4.23    0.95    1.00
  3000                 CONDUIT      0.00     0  00:00      0.00    0.00    0.00
  507                  CONDUIT      4.66     0  01:57      4.19    1.39    1.00
  2000                 CONDUIT      0.00     0  00:00      0.00    0.00    0.00
  506                  CONDUIT      3.59     1  00:00      2.92    0.63    0.61
  1000                 CONDUIT      0.00     0  00:00      0.00    0.00    0.00
  500                  CONDUIT      0.71     0  21:14      1.05    0.03    0.07
  504                  CONDUIT      3.58     1  00:00      2.07    0.07    0.17
  503                  CONDUIT      3.58     1  00:00      3.41    0.27    0.68
  502                  CONDUIT      0.69     0  13:06      0.37    0.10    0.59
  501                  CONDUIT      0.52     1  00:00      1.68    0.06    0.16
  602                  CONDUIT      1.28     0  09:32      2.41    0.04    0.39
  601                  CONDUIT      1.81     0  15:29      1.32    0.14    0.78
  600                  CONDUIT      2.33     0  14:39      0.69    0.11    0.65
  8000                 CONDUIT      0.00     1  00:00      0.24    0.00    0.01
  9000                 CONDUIT      0.00     0  00:00      0.00    0.00    0.27
  700                  CONDUIT      0.00     0  00:00      0.00    0.00    0.00
  701                  CONDUIT      0.00     0  00:00      0.00    0.00    0.00
  702                  CONDUIT      0.00     0  00:00      0.00    0.00    0.00
  705                  CONDUIT      0.00     0  00:00      0.00    0.00    0.00
  706                  CONDUIT      0.00     0  00:00      0.00    0.00    0.00
  1500                 CONDUIT      0.00     0  00:00      0.00    0.00    0.00
  1C19                 CONDUIT      0.00     0  00:00      0.00    0.00    0.00
  1S01                 CONDUIT      1.69     0  22:00      2.95    0.13    0.62
  1C00                 CONDUIT      0.00     0  00:00      0.00    0.00    0.00
  1C01                 CONDUIT      0.00     0  00:00      0.00    0.00    0.00
  2c21                 CONDUIT      0.00     0  00:00      0.00    0.00    0.00
  2c05                 CONDUIT      0.00     0  00:00      0.00    0.00    0.00
  1c20                 CONDUIT      0.00     0  00:00      0.00    0.00    0.00
  751                  CONDUIT      0.00     0  00:00      0.00    0.00    0.12
  1s210                CONDUIT      0.00     0  00:00      0.00    0.00    0.00
  1s220                CONDUIT      0.00     0  00:00      0.00    0.00    0.00
  1s230                CONDUIT      0.00     0  00:00      0.00    0.00    0.00
  2c10                 CONDUIT      0.00     0  00:00      0.00    0.00    0.00
  2c20                 CONDUIT      0.00     0  00:00      0.00    0.00    0.00
  52c00                CONDUIT      0.00     0  00:00      0.00    0.00    0.00
  p12                  CONDUIT      0.00     0  00:00      0.00    0.00    0.00
  500a                 CONDUIT      0.59     0  21:18      1.09    0.04    0.05
  700b                 CONDUIT      3.17     0  11:35      1.42    0.02    0.50
  500b                 CONDUIT      0.00     0  00:00      0.00    0.00    0.50
  600a                 CONDUIT      2.91     0  14:23      1.41    0.07    0.50
  500c                 CONDUIT      0.00     0  00:00      0.00    0.00    0.00
  901                  CONDUIT      0.00     0  00:00      0.00    0.00    0.22
  902                  CONDUIT      0.00     0  00:00      0.00    0.00    0.00
  100                  CONDUIT      3.48     0  09:54      1.03    0.08    0.49
  903                  CONDUIT      0.00     0  00:00      0.00    0.00    0.50
  p36                  CONDUIT      1.21     0  06:31      1.71    0.06    0.16
  905                  CONDUIT      0.00     0  00:00      0.00    0.00    0.00
  6400                 CONDUIT      0.00     0  00:00      0.00    0.00    0.00
  6300                 CONDUIT      0.00     0  00:00      0.00    0.00    0.00
  6200                 CONDUIT      0.00     0  00:00      0.00    0.00    0.00
  6100                 CONDUIT      0.00     0  00:00      0.00    0.00    0.00
  703                  CONDUIT      0.00     0  00:00      0.00    0.00    0.00
  704                  CONDUIT      0.00     0  00:00      0.00    0.00    0.00
  90                   CONDUIT      3.06     1  00:00      2.69    1.56    0.39
  505                  CONDUIT      3.58     1  00:00      2.25    1.17    0.63
  555                  CONDUIT      3.59     1  00:00      2.99    0.75    0.70
  621                  CONDUIT      0.40     0  00:12      0.05    0.00    0.52
  623                  CONDUIT      0.00     0  00:00      0.00    0.00    0.47
  625                  CONDUIT      0.00     0  00:00      0.00    0.00    0.19
  633                  CONDUIT      0.00     0  00:00      0.00    0.00    0.00
  708                  CONDUIT      0.00     0  00:00      0.00    0.00    0.00
  619                  CONDUIT      0.00     0  00:00      0.00    0.00    0.00
  6101                 CONDUIT      0.00     0  00:00      0.00    0.00    0.00
  627                  CONDUIT     12.14     0  01:57      3.42    0.39    0.69
  629                  CONDUIT      9.10     0  03:24      3.02    0.19    0.50
  630                  CONDUIT      1.79     0  07:28      1.32    0.37    0.51
  631                  CONDUIT      0.77     0  08:15      0.90    0.05    0.21
  cl2                  CONDUIT      0.00     0  00:00      0.00    0.00    0.50
  cl3                  CONDUIT      3.24     0  12:18      3.06    0.02    0.72
  tec5                 CONDUIT      0.00     0  00:00      0.00    0.00    0.00
  for4                 CONDUIT      0.00     0  00:00      0.00    0.00    0.00
  for5                 CONDUIT      0.00     0  00:00      0.00    0.00    0.00
  750                  CONDUIT      0.00     0  00:00      0.00    0.00    0.00
  1502                 CONDUIT      0.00     0  00:00      0.00    0.00    0.00
  1S00                 ORIFICE      0.61     0  22:24                      0.10
  or3                  ORIFICE      0.00     0  00:00                      0.00
  1s200                ORIFICE      0.00     0  00:00                      0.00
  1501                 ORIFICE      0.00     0  00:00                      0.00
  1s20                 ORIFICE      0.00     0  00:00                      0.00
  904                  PUMP         0.00     0  00:00              0.00
  cl1                  PUMP         0.00     0  00:00              0.00
  
  
  ***************************
  Flow Classification Summary
  ***************************
  
  -------------------------------------------------------------------------------------
                      Adjusted    ---------- Fraction of Time in Flow Class ---------- 
                       /Actual         Up    Down  Sub   Sup   Up    Down  Norm  Inlet 
  Conduit               Length    Dry  Dry   Dry   Crit  Crit  Crit  Crit  Ltd   Ctrl  
  -------------------------------------------------------------------------------------
  105                     1.00   0.35  0.00  0.00  0.64  0.00  0.00  0.01  0.00  0.00
  104                     1.00   0.36  0.00  0.00  0.62  0.00  0.01  0.00  0.00  0.00
  103                     1.00   0.37  0.00  0.00  0.61  0.00  0.00  0.01  0.61  0.00
  102                     1.00   0.39  0.00  0.00  0.60  0.00  0.00  0.01  0.01  0.00
  101                     1.00   0.40  0.00  0.00  0.59  0.00  0.01  0.00  0.00  0.00
  106                     1.00   0.33  0.00  0.00  0.65  0.00  0.02  0.00  0.00  0.00
  107                     1.00   0.32  0.00  0.00  0.67  0.00  0.00  0.02  0.00  0.00
  108                     1.00   0.31  0.00  0.00  0.68  0.00  0.00  0.01  0.68  0.00
  109                     1.00   0.29  0.00  0.00  0.00  0.00  0.70  0.00  0.00  0.00
  110                     1.00   0.28  0.00  0.00  0.71  0.00  0.00  0.01  0.00  0.00
  111                     1.00   0.27  0.00  0.00  0.72  0.00  0.00  0.01  0.00  0.00
  112                     1.00   0.26  0.00  0.00  0.73  0.00  0.00  0.01  0.73  0.00
  114                     1.00   0.24  0.00  0.00  0.74  0.00  0.00  0.02  0.00  0.00
  115                     1.00   0.22  0.00  0.00  0.76  0.00  0.00  0.02  0.76  0.00
  116                     1.00   0.19  0.00  0.00  0.78  0.00  0.00  0.03  0.01  0.00
  113                     1.00   0.25  0.00  0.00  0.74  0.00  0.00  0.01  0.00  0.00
  117                     1.00   0.16  0.00  0.00  0.81  0.00  0.03  0.00  0.00  0.00
  118                     1.00   0.13  0.00  0.00  0.84  0.00  0.00  0.03  0.07  0.00
  119                     1.00   0.11  0.00  0.00  0.87  0.00  0.00  0.03  0.00  0.00
  120                     1.00   0.08  0.00  0.00  0.89  0.00  0.00  0.03  0.00  0.00
  121                     1.00   0.05  0.00  0.00  0.77  0.00  0.17  0.00  0.00  0.00
  122                     1.00   0.03  0.00  0.00  0.95  0.00  0.00  0.03  0.95  0.00
  123                     1.00   0.03  0.20  0.00  0.77  0.00  0.00  0.00  0.77  0.00
  124                     1.00   0.21  0.00  0.00  0.77  0.00  0.00  0.02  0.00  0.00
  125                     1.00   0.20  0.00  0.00  0.79  0.00  0.00  0.02  0.79  0.00
  126                     1.00   0.18  0.00  0.00  0.00  0.00  0.00  0.82  0.00  0.00
  127                     1.00   0.17  0.00  0.00  0.82  0.00  0.00  0.01  0.82  0.00
  128                     1.00   0.16  0.00  0.00  0.83  0.00  0.01  0.00  0.00  0.00
  129                     1.00   0.14  0.00  0.00  0.84  0.00  0.00  0.01  0.84  0.00
  130                     1.00   0.13  0.00  0.00  0.86  0.00  0.00  0.01  0.86  0.00
  131                     1.00   0.12  0.00  0.00  0.00  0.00  0.88  0.00  0.00  0.00
  132                     1.00   0.10  0.00  0.00  0.88  0.00  0.00  0.02  0.88  0.00
  133                     1.00   0.06  0.00  0.00  0.00  0.00  0.00  0.94  0.00  0.00
  134                     1.00   0.03  0.00  0.00  0.93  0.00  0.00  0.04  0.03  0.00
  135                     1.00   0.03  0.00  0.00  0.90  0.00  0.00  0.07  0.00  0.00
  136                     1.00   0.08  0.00  0.00  0.90  0.00  0.00  0.02  0.90  0.00
  137                     1.00   0.05  0.00  0.00  0.00  0.00  0.00  0.95  0.00  0.00
  138                     1.00   0.03  0.00  0.00  0.95  0.00  0.00  0.03  0.95  0.00
  139                     1.00   0.03  0.97  0.00  0.00  0.00  0.00  0.00  0.00  0.00
  140                     1.00   1.00  0.00  0.00  0.00  0.00  0.00  0.00  0.00  0.00
  141                     1.00   1.00  0.00  0.00  0.00  0.00  0.00  0.00  0.00  0.00
  142                     1.00   1.00  0.00  0.00  0.00  0.00  0.00  0.00  0.00  0.00
  143                     1.00   1.00  0.00  0.00  0.00  0.00  0.00  0.00  0.00  0.00
  144                     1.00   1.00  0.00  0.00  0.00  0.00  0.00  0.00  0.00  0.00
  145                     1.00   1.00  0.00  0.00  0.00  0.00  0.00  0.00  0.00  0.00
  146                     1.00   1.00  0.00  0.00  0.00  0.00  0.00  0.00  0.00  0.00
  147                     1.00   1.00  0.00  0.00  0.00  0.00  0.00  0.00  0.00  0.00
  148                     1.00   1.00  0.00  0.00  0.00  0.00  0.00  0.00  0.00  0.00
  149                     1.00   1.00  0.00  0.00  0.00  0.00  0.00  0.00  0.00  0.00
  150                     1.00   0.86  0.00  0.00  0.00  0.00  0.14  0.00  0.00  0.00
  151                     1.00   0.81  0.00  0.00  0.14  0.00  0.00  0.05  0.14  0.00
  152                     1.00   0.77  0.00  0.00  0.00  0.00  0.00  0.23  0.00  0.00
  153                     1.00   0.72  0.00  0.00  0.00  0.00  0.28  0.00  0.00  0.00
  154                     1.00   0.67  0.00  0.00  0.28  0.00  0.00  0.05  0.00  0.00
  155                     1.00   0.62  0.00  0.00  0.33  0.00  0.00  0.05  0.33  0.00
  156                     1.00   0.58  0.00  0.00  0.37  0.00  0.00  0.05  0.00  0.00
  157                     1.00   0.53  0.00  0.00  0.42  0.00  0.00  0.05  0.42  0.00
  158                     1.00   0.49  0.00  0.00  0.00  0.00  0.00  0.51  0.00  0.00
  159                     1.00   0.44  0.00  0.00  0.51  0.00  0.00  0.05  0.51  0.00
  160                     1.00   0.39  0.00  0.00  0.56  0.00  0.00  0.05  0.05  0.00
  161                     1.00   0.35  0.00  0.00  0.61  0.00  0.05  0.00  0.00  0.00
  162                     1.00   0.31  0.00  0.00  0.65  0.00  0.00  0.04  0.65  0.00
  163                     1.00   0.28  0.00  0.00  0.69  0.00  0.00  0.04  0.00  0.00
  164                     1.00   0.24  0.00  0.00  0.72  0.00  0.00  0.04  0.00  0.00
  165                     1.00   0.21  0.00  0.00  0.76  0.00  0.00  0.04  0.00  0.00
  166                     1.00   0.17  0.00  0.00  0.79  0.00  0.00  0.04  0.00  0.00
  167                     1.00   0.14  0.00  0.00  0.83  0.00  0.00  0.03  0.04  0.00
  168                     1.00   0.10  0.00  0.00  0.86  0.00  0.00  0.04  0.00  0.00
  169                     1.00   0.07  0.00  0.00  0.90  0.00  0.00  0.03  0.00  0.00
  170                     1.00   0.04  0.00  0.00  0.93  0.00  0.00  0.03  0.93  0.00
  171                     1.00   0.01  0.00  0.00  0.96  0.00  0.00  0.03  0.00  0.00
  7000                    1.00   0.01  0.99  0.00  0.00  0.00  0.00  0.00  0.00  0.00
  6000                    1.00   0.04  0.96  0.00  0.00  0.00  0.00  0.00  0.00  0.00
  510                     1.00   0.01  0.00  0.00  0.97  0.00  0.00  0.02  0.00  0.00
  5000                    1.00   1.00  0.00  0.00  0.00  0.00  0.00  0.00  0.00  0.00
  509                     1.00   0.03  0.00  0.00  0.55  0.00  0.00  0.42  0.00  0.00
  4000                    1.00   0.08  0.92  0.00  0.00  0.00  0.00  0.00  0.00  0.00
  508                     1.00   0.06  0.00  0.00  0.85  0.00  0.00  0.09  0.27  0.00
  3000                    1.00   1.00  0.00  0.00  0.00  0.00  0.00  0.00  0.00  0.00
  507                     1.00   0.08  0.00  0.00  0.89  0.00  0.00  0.03  0.05  0.00
  2000                    1.00   1.00  0.00  0.00  0.00  0.00  0.00  0.00  0.00  0.00
  506                     1.00   0.15  0.00  0.00  0.80  0.00  0.00  0.05  0.14  0.00
  1000                    1.00   1.00  0.00  0.00  0.00  0.00  0.00  0.00  0.00  0.00
  500                     1.00   0.71  0.00  0.00  0.12  0.00  0.00  0.17  0.11  0.00
  504                     1.00   0.28  0.00  0.00  0.66  0.00  0.00  0.06  0.00  0.00
  503                     1.00   0.34  0.00  0.00  0.62  0.00  0.00  0.04  0.62  0.00
  502                     1.00   0.38  0.02  0.00  0.45  0.00  0.15  0.00  0.00  0.00
  501                     1.00   0.54  0.00  0.00  0.00  0.00  0.00  0.46  0.00  0.00
  602                     1.00   0.32  0.00  0.00  0.61  0.00  0.00  0.08  0.60  0.00
  601                     1.00   0.39  0.00  0.00  0.51  0.00  0.00  0.10  0.02  0.00
  600                     1.00   0.49  0.05  0.00  0.40  0.00  0.06  0.00  0.01  0.00
  8000                    1.00   0.55  0.00  0.00  0.00  0.00  0.00  0.45  0.00  0.00
  9000                    1.00   0.39  0.61  0.00  0.00  0.00  0.00  0.00  0.00  0.00
  700                     1.00   1.00  0.00  0.00  0.00  0.00  0.00  0.00  0.00  0.00
  701                     1.00   1.00  0.00  0.00  0.00  0.00  0.00  0.00  0.00  0.00
  702                     1.00   1.00  0.00  0.00  0.00  0.00  0.00  0.00  0.00  0.00
  705                     1.00   1.00  0.00  0.00  0.00  0.00  0.00  0.00  0.00  0.00
  706                     1.00   1.00  0.00  0.00  0.00  0.00  0.00  0.00  0.00  0.00
  1500                    1.00   1.00  0.00  0.00  0.00  0.00  0.00  0.00  0.00  0.00
  1C19                    1.00   1.00  0.00  0.00  0.00  0.00  0.00  0.00  0.00  0.00
  1S01                    1.00   0.86  0.00  0.00  0.08  0.00  0.00  0.06  0.08  0.00
  1C00                    1.00   1.00  0.00  0.00  0.00  0.00  0.00  0.00  0.00  0.00
  1C01                    1.00   1.00  0.00  0.00  0.00  0.00  0.00  0.00  0.00  0.00
  2c21                    1.00   1.00  0.00  0.00  0.00  0.00  0.00  0.00  0.00  0.00
  2c05                    1.00   1.00  0.00  0.00  0.00  0.00  0.00  0.00  0.00  0.00
  1c20                    1.00   1.00  0.00  0.00  0.00  0.00  0.00  0.00  0.00  0.00
  751                     1.00   0.25  0.75  0.00  0.00  0.00  0.00  0.00  0.00  0.00
  1s210                   1.00   1.00  0.00  0.00  0.00  0.00  0.00  0.00  0.00  0.00
  1s220                   1.00   1.00  0.00  0.00  0.00  0.00  0.00  0.00  0.00  0.00
  1s230                   1.00   1.00  0.00  0.00  0.00  0.00  0.00  0.00  0.00  0.00
  2c10                    1.00   1.00  0.00  0.00  0.00  0.00  0.00  0.00  0.00  0.00
  2c20                    1.00   1.00  0.00  0.00  0.00  0.00  0.00  0.00  0.00  0.00
  52c00                   1.00   1.00  0.00  0.00  0.00  0.00  0.00  0.00  0.00  0.00
  p12                     1.00   1.00  0.00  0.00  0.00  0.00  0.00  0.00  0.00  0.00
  500a                    1.00   0.88  0.00  0.00  0.00  0.00  0.00  0.12  0.00  0.00
  700b                    1.00   0.45  0.00  0.00  0.51  0.00  0.03  0.00  0.00  0.00
  500b                    1.00   0.56  0.44  0.00  0.00  0.00  0.00  0.00  0.00  0.00
  600a                    1.00   0.46  0.11  0.00  0.40  0.00  0.04  0.00  0.00  0.00
  500c                    1.00   1.00  0.00  0.00  0.00  0.00  0.00  0.00  0.00  0.00
  901                     1.00   0.46  0.54  0.00  0.00  0.00  0.00  0.00  0.00  0.00
  902                     1.00   1.00  0.00  0.00  0.00  0.00  0.00  0.00  0.00  0.00
  100                     1.00   0.41  0.00  0.00  0.37  0.00  0.22  0.00  0.00  0.00
  903                     1.00   0.44  0.56  0.00  0.00  0.00  0.00  0.00  0.00  0.00
  p36                     1.00   0.25  0.00  0.00  0.00  0.00  0.00  0.75  0.00  0.00
  905                     1.00   1.00  0.00  0.00  0.00  0.00  0.00  0.00  0.00  0.00
  6400                    1.00   1.00  0.00  0.00  0.00  0.00  0.00  0.00  0.00  0.00
  6300                    1.00   1.00  0.00  0.00  0.00  0.00  0.00  0.00  0.00  0.00
  6200                    1.00   1.00  0.00  0.00  0.00  0.00  0.00  0.00  0.00  0.00
  6100                    1.00   1.00  0.00  0.00  0.00  0.00  0.00  0.00  0.00  0.00
  703                     1.00   1.00  0.00  0.00  0.00  0.00  0.00  0.00  0.00  0.00
  704                     1.00   1.00  0.00  0.00  0.00  0.00  0.00  0.00  0.00  0.00
  90                      1.00   0.39  0.00  0.00  0.00  0.00  0.61  0.00  0.00  0.00
  505                     1.00   0.23  0.00  0.00  0.71  0.00  0.00  0.06  0.00  0.00
  555                     1.00   0.20  0.00  0.00  0.76  0.00  0.00  0.03  0.18  0.00
  621                     1.00   0.01  0.03  0.00  0.70  0.00  0.26  0.00  0.00  0.00
  623                     1.00   0.03  0.97  0.00  0.00  0.00  0.00  0.00  0.00  0.00
  625                     1.00   0.06  0.94  0.00  0.00  0.00  0.00  0.00  0.00  0.00
  633                     1.00   1.00  0.00  0.00  0.00  0.00  0.00  0.00  0.00  0.00
  708                     1.00   1.00  0.00  0.00  0.00  0.00  0.00  0.00  0.00  0.00
  619                     1.00   1.00  0.00  0.00  0.00  0.00  0.00  0.00  0.00  0.00
  6101                    1.00   1.00  0.00  0.00  0.00  0.00  0.00  0.00  0.00  0.00
  627                     1.00   0.08  0.00  0.00  0.87  0.00  0.04  0.00  0.00  0.00
  629                     1.00   0.11  0.00  0.00  0.86  0.00  0.03  0.00  0.00  0.00
  630                     1.00   0.23  0.00  0.00  0.69  0.00  0.08  0.00  0.00  0.00
  631                     1.00   0.28  0.00  0.00  0.57  0.00  0.14  0.00  0.00  0.00
  cl2                     1.00   0.52  0.48  0.00  0.00  0.00  0.00  0.00  0.00  0.00
  cl3                     1.00   0.48  0.00  0.00  0.49  0.00  0.00  0.03  0.04  0.00
  tec5                    1.00   1.00  0.00  0.00  0.00  0.00  0.00  0.00  0.00  0.00
  for4                    1.00   1.00  0.00  0.00  0.00  0.00  0.00  0.00  0.00  0.00
  for5                    1.00   1.00  0.00  0.00  0.00  0.00  0.00  0.00  0.00  0.00
  750                     1.00   1.00  0.00  0.00  0.00  0.00  0.00  0.00  0.00  0.00
  1502                    1.00   1.00  0.00  0.00  0.00  0.00  0.00  0.00  0.00  0.00
  
  
  *************************
  Conduit Surcharge Summary
  *************************
  
  ----------------------------------------------------------------------------
                                                           Hours        Hours 
                         --------- Hours Full --------   Above Full   Capacity
  Conduit                Both Ends  Upstream  Dnstream   Normal Flow   Limited
  ----------------------------------------------------------------------------
  104                         0.01      0.01      0.01      0.01         0.01
  102                         0.01      0.01     14.12      0.01         0.01
  101                         0.01      0.01     14.12      0.01         0.01
  114                         0.01      0.01      0.01      0.01         0.01
  121                         0.01      0.01      0.01     18.51         0.01
  128                         0.01      0.01      0.01      0.01         0.01
  156                         0.01     10.07      0.01     10.09         0.01
  161                         0.01      0.01     15.61     15.64         0.01
  168                         0.01      0.01      0.01     21.51         0.01
  169                         0.01      0.01      0.01     22.31         0.01
  171                         0.01      0.01      0.01     23.80         0.01
  510                        23.15     23.76     23.15     23.79        23.15
  509                         9.90     23.02      9.90     23.04         9.90
  508                        10.35     10.35     18.77      0.01         0.01
  507                        19.47     19.49     20.56     13.35        13.33
  503                         0.01      0.01     14.53      0.01         0.01
  502                         0.01      0.01     14.40      0.01         0.01
  1S01                        0.01      0.01      1.59      0.01         0.01
  90                          0.01      0.01      0.01     14.09         0.01
  505                         0.01      0.01      0.01     15.96         0.01
  cl3                         0.01      0.01      9.39      0.01         0.01
  
  
  ***************
  Pumping Summary
  ***************
  
  ---------------------------------------------------------------------------------------------------------
                                                  Min       Avg       Max     Total     Power    % Time Off
                        Percent   Number of      Flow      Flow      Flow    Volume     Usage    Pump Curve
  Pump                 Utilized   Start-Ups       CFS       CFS       CFS  10^6 gal     Kw-hr    Low   High
  ---------------------------------------------------------------------------------------------------------
  904                      0.00           0      0.00      0.00      0.00     0.000      0.00    0.0    0.0
  cl1                      0.00           0      0.00      0.00      0.00     0.000      0.00    0.0    0.0
  

  Analysis begun on:  Wed Jul 22 14:27:40 2026
  Analysis ended on:  Wed Jul 22 14:27:41 2026
  Total elapsed time: 00:00:01