
  EPA STORM WATER MANAGEMENT MODEL - VERSION 5.2 (Build 5.2.4)
  ------------------------------------------------------------

  Converted from XPSWMM .xp file 
  WARNING 04: minimum elevation drop used for Conduit 5
  WARNING 04: minimum elevation drop used for Conduit 6
  WARNING 04: minimum elevation drop used for Conduit 8
  WARNING 04: minimum elevation drop used for Conduit 11
  WARNING 04: minimum elevation drop used for Conduit 13
  WARNING 04: minimum elevation drop used for Conduit 15
  WARNING 04: minimum elevation drop used for Conduit 16
  WARNING 04: minimum elevation drop used for Conduit 18
  WARNING 04: minimum elevation drop used for Conduit 20
  
  ****************
  Analysis Options
  ****************
  Flow Units ............... CFS
  Process Models:
    Rainfall/Runoff ........ NO
    RDII ................... NO
    Snowmelt ............... NO
    Groundwater ............ NO
    Flow Routing ........... YES
    Ponding Allowed ........ NO
    Water Quality .......... NO
  Flow Routing Method ...... DYNWAVE
  Surcharge Method ......... EXTRAN
  Starting Date ............ 01/01/2001 00:00:00
  Ending Date .............. 01/02/2001 00:00:00
  Antecedent Dry Days ...... 0.0
  Report Time Step ......... 00:15:00
  Routing Time Step ........ 20.00 sec
  Variable Time Step ....... YES
  Maximum Trials ........... 8
  Number of Threads ........ 1
  Head Tolerance ........... 0.005000 ft
  
  
  **************************        Volume        Volume
  Flow Routing Continuity        acre-feet      10^6 gal
  **************************     ---------     ---------
  Dry Weather Inflow .......         0.000         0.000
  Wet Weather Inflow .......         0.000         0.000
  Groundwater Inflow .......         0.000         0.000
  RDII Inflow ..............         0.000         0.000
  External Inflow ..........         3.967         1.293
  External Outflow .........         2.674         0.871
  Flooding Loss ............         1.278         0.416
  Evaporation Loss .........         0.000         0.000
  Exfiltration Loss ........         0.000         0.000
  Initial Stored Volume ....         0.000         0.000
  Final Stored Volume ......         0.015         0.005
  Continuity Error (%) .....        -0.008
  
  
  *************************
  Highest Continuity Errors
  *************************
  Node time5rate (49.74%)
  
  
  ***************************
  Time-Step Critical Elements
  ***************************
  Link 11 (99.68%)
  
  
  ********************************
  Highest Flow Instability Indexes
  ********************************
  All links are stable.
  
  
  *********************************
  Most Frequent Nonconverging Nodes
  *********************************
  Convergence obtained at all time steps.
  
  
  *************************
  Routing Time Step Summary
  *************************
  Minimum Time Step           :     1.68 sec
  Average Time Step           :     3.79 sec
  Maximum Time Step           :    14.49 sec
  % of Time in Steady State   :     0.00
  Average Iterations per Step :     2.00
  % of Steps Not Converging   :     0.00
  Time Step Frequencies       :
     20.000 -  9.564 sec      :     0.11 %
      9.564 -  4.573 sec      :     0.39 %
      4.573 -  2.187 sec      :    99.47 %
      2.187 -  1.046 sec      :     0.02 %
      1.046 -  0.500 sec      :     0.00 %
  
  
  ******************
  Node Depth Summary
  ******************
  
  ---------------------------------------------------------------------------------
                                 Average  Maximum  Maximum  Time of Max    Reported
                                   Depth    Depth      HGL   Occurrence   Max Depth
  Node                 Type         Feet     Feet     Feet  days hr:min        Feet
  ---------------------------------------------------------------------------------
  EMC                  JUNCTION     0.81     0.83     0.83     0  00:08        0.81
  ratingcurv           JUNCTION     0.95     0.98     0.98     0  00:08        0.96
  land/rate            JUNCTION     0.96     0.99     0.99     0  00:08        0.96
  time1rate            JUNCTION     1.00     1.00     1.00     0  00:06        1.00
  time2rate            JUNCTION     0.99     1.00     1.00     0  00:07        1.00
  time3rate            JUNCTION     0.98     1.00     1.00     0  00:09        0.98
  time4rate            JUNCTION     0.97     0.99     0.99     0  00:08        0.97
  time5rate            JUNCTION     0.98     1.00     1.00     0  00:08        0.98
  time6rate            JUNCTION     0.98     1.00     1.00     0  00:08        0.99
  time/rate            OUTFALL      0.49     0.50     0.50     0  00:08        0.49
  
  
  *******************
  Node Inflow Summary
  *******************
  
  -------------------------------------------------------------------------------------------------
                                  Maximum  Maximum                  Lateral       Total        Flow
                                  Lateral    Total  Time of Max      Inflow      Inflow     Balance
                                   Inflow   Inflow   Occurrence      Volume      Volume       Error
  Node                 Type           CFS      CFS  days hr:min    10^6 gal    10^6 gal     Percent
  -------------------------------------------------------------------------------------------------
  EMC                  JUNCTION      0.00     1.42     0  00:07           0       0.872       0.060
  ratingcurv           JUNCTION      1.00     1.45     0  00:07       0.646       0.873       0.064
  land/rate            JUNCTION      0.00     0.51     0  00:07           0       0.228       0.000
  time1rate            JUNCTION      1.00     1.00     0  00:00       0.646       0.646       0.046
  time2rate            JUNCTION      0.00     0.99     0  00:02           0        0.23       0.256
  time3rate            JUNCTION      0.00     1.05     0  00:03           0       0.229       0.382
  time4rate            JUNCTION      0.00     0.74     0  00:02           0       0.228       0.271
  time5rate            JUNCTION      0.00     0.76     0  00:04           0     0.00118      98.952
  time6rate            JUNCTION      0.00     0.53     0  00:04           0    0.000444       0.000
  time/rate            OUTFALL       0.00     1.40     0  00:08           0       0.871       0.000
  
  
  **********************
  Node Surcharge Summary
  **********************
  
  Surcharging occurs when water rises above the top of the highest conduit.
  ---------------------------------------------------------------------
                                               Max. Height   Min. Depth
                                   Hours       Above Crown    Below Rim
  Node                 Type      Surcharged           Feet         Feet
  ---------------------------------------------------------------------
  time1rate            JUNCTION       23.89          0.000        0.000
  time2rate            JUNCTION        0.06          0.000        0.000
  time5rate            JUNCTION        0.01          0.000        0.000
  time6rate            JUNCTION        0.01          0.000        0.000
  
  
  *********************
  Node Flooding Summary
  *********************
  
  Flooding refers to all water that overflows a node, whether it ponds or not.
  --------------------------------------------------------------------------
                                                             Total   Maximum
                                 Maximum   Time of Max       Flood    Ponded
                        Hours       Rate    Occurrence      Volume     Depth
  Node                 Flooded       CFS   days hr:min    10^6 gal      Feet
  --------------------------------------------------------------------------
  time1rate              23.89      0.74      0  00:09       0.416     0.000
  time2rate               0.06      0.15      0  00:07       0.000     0.000
  time5rate               0.01      0.05      0  00:08       0.000     0.000
  time6rate               0.01      0.04      0  00:08       0.000     0.000
  
  
  ***********************
  Outfall Loading Summary
  ***********************
  
  -----------------------------------------------------------
                         Flow       Avg       Max       Total
                         Freq      Flow      Flow      Volume
  Outfall Node           Pcnt       CFS       CFS    10^6 gal
  -----------------------------------------------------------
  time/rate             99.99      1.35      1.40       0.871
  -----------------------------------------------------------
  System                99.99      1.35      1.40       0.871
  
  
  ********************
  Link Flow Summary
  ********************
  
  -----------------------------------------------------------------------------
                                 Maximum  Time of Max   Maximum    Max/    Max/
                                  |Flow|   Occurrence   |Veloc|    Full    Full
  Link                 Type          CFS  days hr:min    ft/sec    Flow   Depth
  -----------------------------------------------------------------------------
  5                    CONDUIT      1.42     0  00:07      2.17   12.57    0.90
  6                    CONDUIT      1.40     0  00:08      2.53   12.42    0.66
  8                    CONDUIT      0.48     0  00:03      2.15    4.25    0.98
  11                   CONDUIT      0.99     0  00:02      2.82    8.79    1.00
  13                   CONDUIT      0.93     0  00:03      2.45    8.26    1.00
  15                   CONDUIT      0.59     0  00:06      1.09    5.28    0.99
  16                   CONDUIT      0.51     0  00:07      1.47    4.52    0.99
  18                   CONDUIT      0.76     0  00:04      1.66    6.77    1.00
  20                   CONDUIT      0.53     0  00:04      1.43    4.74    1.00
  
  
  ***************************
  Flow Classification Summary
  ***************************
  
  -------------------------------------------------------------------------------------
                      Adjusted    ---------- Fraction of Time in Flow Class ---------- 
                       /Actual         Up    Down  Sub   Sup   Up    Down  Norm  Inlet 
  Conduit               Length    Dry  Dry   Dry   Crit  Crit  Crit  Crit  Ltd   Ctrl  
  -------------------------------------------------------------------------------------
  5                       1.00   0.00  0.00  0.00  1.00  0.00  0.00  0.00  0.00  0.00
  6                       1.00   0.00  0.00  0.00  1.00  0.00  0.00  0.00  0.00  0.00
  8                       1.00   0.00  0.00  0.00  1.00  0.00  0.00  0.00  0.00  0.00
  11                      1.00   0.00  0.00  0.00  1.00  0.00  0.00  0.00  0.00  0.00
  13                      1.00   0.00  0.00  0.00  1.00  0.00  0.00  0.00  0.00  0.00
  15                      1.00   0.00  0.00  0.00  1.00  0.00  0.00  0.00  0.00  0.00
  16                      1.00   0.00  0.00  0.00  1.00  0.00  0.00  0.00  0.00  0.00
  18                      1.00   0.00  0.00  0.00  1.00  0.00  0.00  0.00  0.00  0.00
  20                      1.00   0.00  0.00  0.00  1.00  0.00  0.00  0.00  0.00  0.00
  
  
  *************************
  Conduit Surcharge Summary
  *************************
  
  ----------------------------------------------------------------------------
                                                           Hours        Hours 
                         --------- Hours Full --------   Above Full   Capacity
  Conduit                Both Ends  Upstream  Dnstream   Normal Flow   Limited
  ----------------------------------------------------------------------------
  5                           0.01      0.01      0.01     24.00         0.01
  6                           0.01      0.01      0.01     23.98         0.01
  8                           0.01      0.01      0.01     23.98         0.01
  11                          0.06     23.89      0.06     24.00         0.01
  13                          0.01      0.06      0.01     23.99         0.01
  15                          0.01      0.01      0.01     23.94         0.01
  16                          0.01      0.01      0.01     23.95         0.01
  18                          0.01      0.01      0.01      0.09         0.01
  20                          0.01      0.01      0.01      0.04         0.01
  

  Analysis begun on:  Wed Jul 22 14:28:19 2026
  Analysis ended on:  Wed Jul 22 14:28:19 2026
  Total elapsed time: < 1 sec