
  EPA STORM WATER MANAGEMENT MODEL - VERSION 5.2 (Build 5.2.4)
  ------------------------------------------------------------

  MSD THIRD AVE STORGAE CONDUIT 
  WARNING 04: minimum elevation drop used for Conduit 96
  WARNING 10: crest elevation raised to downstream invert for regulator Link ORIFICE
  
  ****************
  Analysis Options
  ****************
  Flow Units ............... CFS
  Process Models:
    Rainfall/Runoff ........ NO
    RDII ................... NO
    Snowmelt ............... NO
    Groundwater ............ NO
    Flow Routing ........... YES
    Ponding Allowed ........ NO
    Water Quality .......... NO
  Flow Routing Method ...... DYNWAVE
  Surcharge Method ......... EXTRAN
  Starting Date ............ 01/01/2001 00:00:00
  Ending Date .............. 01/02/2001 00:00:00
  Antecedent Dry Days ...... 0.0
  Report Time Step ......... 00:15:00
  Routing Time Step ........ 10.00 sec
  Variable Time Step ....... YES
  Maximum Trials ........... 50
  Number of Threads ........ 1
  Head Tolerance ........... 0.005000 ft
  
  
  **************************        Volume        Volume
  Flow Routing Continuity        acre-feet      10^6 gal
  **************************     ---------     ---------
  Dry Weather Inflow .......         0.000         0.000
  Wet Weather Inflow .......         0.000         0.000
  Groundwater Inflow .......         0.000         0.000
  RDII Inflow ..............         0.000         0.000
  External Inflow ..........        14.915         4.860
  External Outflow .........         0.000         0.000
  Flooding Loss ............         0.000         0.000
  Evaporation Loss .........         0.000         0.000
  Exfiltration Loss ........         0.000         0.000
  Initial Stored Volume ....         0.000         0.000
  Final Stored Volume ......         9.386         3.058
  Continuity Error (%) .....        37.073
  
  
  *************************
  Highest Continuity Errors
  *************************
  Node 78 (96.67%)
  Node STE (65.97%)
  Node STR (57.09%)
  Node STV (45.25%)
  Node STS (41.26%)
  
  
  ***************************
  Time-Step Critical Elements
  ***************************
  None
  
  
  ********************************
  Highest Flow Instability Indexes
  ********************************
  Link ORIFICE (88)
  Link 96 (10)
  Link 34 (7)
  Link 38 (7)
  Link 37 (5)
  
  
  *********************************
  Most Frequent Nonconverging Nodes
  *********************************
  Node SANINTER (58.71%)
  Node 78 (58.18%)
  Node STR (0.75%)
  Node S3 (0.05%)
  Node STW (0.05%)
  
  
  *************************
  Routing Time Step Summary
  *************************
  Minimum Time Step           :     3.87 sec
  Average Time Step           :    10.00 sec
  Maximum Time Step           :    10.00 sec
  % of Time in Steady State   :     0.00
  Average Iterations per Step :    30.34
  % of Steps Not Converging   :    58.71
  Time Step Frequencies       :
     10.000 -  5.493 sec      :    99.99 %
      5.493 -  3.017 sec      :     0.01 %
      3.017 -  1.657 sec      :     0.00 %
      1.657 -  0.910 sec      :     0.00 %
      0.910 -  0.500 sec      :     0.00 %
  
  
  ******************
  Node Depth Summary
  ******************
  
  ---------------------------------------------------------------------------------
                                 Average  Maximum  Maximum  Time of Max    Reported
                                   Depth    Depth      HGL   Occurrence   Max Depth
  Node                 Type         Feet     Feet     Feet  days hr:min        Feet
  ---------------------------------------------------------------------------------
  STB                  JUNCTION   367.52   497.35  1010.35     1  00:00      497.35
  STS                  JUNCTION   345.03   497.35  1010.35     1  00:00      497.35
  STM                  JUNCTION   303.33   495.36  1010.36     1  00:00      495.36
  STW                  JUNCTION   294.14   498.36  1010.36     1  00:00      498.36
  STV                  JUNCTION   314.37   497.37  1010.37     1  00:00      497.37
  STR                  JUNCTION   288.55   497.37  1010.37     1  00:00      497.37
  R1                   JUNCTION   274.00   499.63  1039.63     0  11:52      499.63
  R2                   JUNCTION   331.09   527.48  1067.48     0  09:55      527.44
  R3                   JUNCTION   377.53   532.26  1082.26     0  07:58      532.22
  R4                   JUNCTION   423.36   534.71  1084.71     0  05:59      534.70
  R5                   JUNCTION   469.24   536.30  1086.30     0  04:20      536.30
  R6                   JUNCTION   516.12   538.59  1088.59     0  02:00      538.59
  V1                   JUNCTION   356.17   499.32  1039.32     0  07:48      499.13
  V2                   JUNCTION   417.40   526.49  1066.49     0  05:57      526.45
  V3                   JUNCTION   468.31   535.52  1075.52     0  04:00      535.44
  V4                   JUNCTION   516.50   539.00  1089.00     0  02:11      539.00
  W1                   JUNCTION   314.12   498.37  1038.37     0  09:47      498.22
  W2                   JUNCTION   367.31   518.20  1058.20     0  07:57      518.15
  W3                   JUNCTION   421.96   533.40  1073.40     0  06:19      533.40
  W4                   JUNCTION   468.45   535.82  1075.82     0  04:29      535.82
  W5                   JUNCTION   515.01   537.37  1077.37     0  02:21      537.37
  M1                   JUNCTION   313.64   498.62  1038.62     0  09:57      498.62
  M2                   JUNCTION   373.15   527.11  1067.11     0  07:59      527.05
  M3                   JUNCTION   423.64   535.58  1075.58     0  06:32      535.58
  M4                   JUNCTION   470.17   537.74  1077.74     0  04:20      537.74
  M5                   JUNCTION   516.85   539.39  1089.39     0  02:10      539.39
  S1                   JUNCTION   357.59   499.70  1039.70     0  07:50      499.70
  S2                   JUNCTION   416.47   524.11  1064.11     0  05:54      524.06
  S3                   JUNCTION   463.85   529.25  1069.25     0  05:54      529.25
  S4                   JUNCTION   511.29   533.34  1073.34     0  01:59      533.33
  B1                   JUNCTION   398.43   498.59  1038.59     0  05:53      498.59
  B2                   JUNCTION   460.52   525.08  1065.08     0  03:55      524.90
  B3                   JUNCTION   508.98   530.83  1070.83     0  01:58      530.82
  STE                  JUNCTION   285.07   497.87  1010.37     1  00:00      497.87
  OF                   JUNCTION     0.00     0.00   514.00     0  10:12        0.00
  78                   JUNCTION   281.34   485.39  1010.39     0  23:59      485.34
  85                   JUNCTION   313.95   499.68  1039.68     0  09:51      499.63
  86                   JUNCTION   376.94   532.16  1072.16     0  08:22      532.16
  87                   JUNCTION   423.47   534.69  1074.69     0  06:31      534.69
  88                   JUNCTION   469.47   536.30  1076.30     0  04:24      536.30
  89                   JUNCTION   516.03   538.55  1088.55     0  02:00      538.48
  CH3                  JUNCTION     0.00     0.00   514.00     0  00:00        0.00
  103                  JUNCTION   480.34   499.71  1029.71     0  01:51      499.68
  104                  JUNCTION   440.39   498.27  1028.27     0  03:42      498.15
  105                  JUNCTION   400.75   496.36  1010.36     0  23:59      496.36
  106                  JUNCTION     0.00     0.00   530.00     0  00:00        0.00
  107                  JUNCTION     0.00     0.00   530.00     0  00:00        0.00
  108                  JUNCTION     0.00     0.00   530.00     0  00:00        0.00
  109                  JUNCTION     0.00     0.00   515.00     0  00:00        0.00
  110                  JUNCTION     0.00     0.00   515.00     0  00:00        0.00
  111                  JUNCTION     0.00     0.00   530.00     0  00:00        0.00
  112                  JUNCTION     0.00     0.00   530.00     0  00:00        0.00
  113                  JUNCTION     0.00     0.00   530.00     0  00:00        0.00
  OF2                  JUNCTION     0.00     0.00   514.00     0  00:00        0.00
  128                  JUNCTION     0.00     0.00   514.00     0  00:00        0.00
  163                  JUNCTION     0.00     0.00   520.00     0  00:00        0.00
  164                  JUNCTION     0.00     0.00   515.00     0  00:00        0.00
  168                  JUNCTION     0.00     0.00   515.00     0  00:00        0.00
  SANFLOW              JUNCTION     0.00     0.00   514.00     0  00:00        0.00
  SANINTER             OUTFALL      0.00     0.00   525.00     0  00:00        0.00
  
  
  *******************
  Node Inflow Summary
  *******************
  
  -------------------------------------------------------------------------------------------------
                                  Maximum  Maximum                  Lateral       Total        Flow
                                  Lateral    Total  Time of Max      Inflow      Inflow     Balance
                                   Inflow   Inflow   Occurrence      Volume      Volume       Error
  Node                 Type           CFS      CFS  days hr:min    10^6 gal    10^6 gal     Percent
  -------------------------------------------------------------------------------------------------
  STB                  JUNCTION      0.00     3.01     0  13:40           0       0.933      41.845
  STS                  JUNCTION      0.00     4.38     0  15:11           0        1.16      70.232
  STM                  JUNCTION      0.00     5.10     0  17:25           0        1.18      54.663
  STW                  JUNCTION      0.00    12.17     0  10:11           0        1.23      68.082
  STV                  JUNCTION      0.00    42.22     0  09:54           0        1.21      82.632
  STR                  JUNCTION      0.00    19.60     0  09:57           0       0.947     133.025
  R1                   JUNCTION      0.00     1.41     0  09:55           0       0.357      15.241
  R2                   JUNCTION      0.00     1.41     0  07:58           0       0.406      13.878
  R3                   JUNCTION      0.00     1.15     0  06:00           0       0.456      12.271
  R4                   JUNCTION      0.00     0.94     0  04:22           0       0.506      11.013
  R5                   JUNCTION      0.00     0.96     0  02:01           0       0.557       9.996
  R6                   JUNCTION      0.94     0.94     0  00:00       0.607       0.607       9.116
  V1                   JUNCTION      0.00     1.15     0  05:57           0       0.457      11.344
  V2                   JUNCTION      0.00     1.70     0  04:00           0       0.506      10.821
  V3                   JUNCTION      0.00     0.94     0  04:00           0       0.557       9.901
  V4                   JUNCTION      0.94     0.94     0  00:00       0.607       0.607       9.158
  W1                   JUNCTION      0.00     1.53     0  07:57           0       0.406      12.900
  W2                   JUNCTION      0.00     0.94     0  07:57           0       0.455      11.961
  W3                   JUNCTION      0.00     0.94     0  04:30           0       0.506      11.130
  W4                   JUNCTION      0.00     0.94     0  09:50           0       0.556      10.020
  W5                   JUNCTION      0.94     0.94     0  00:00       0.607       0.607       9.201
  M1                   JUNCTION      0.00     1.97     0  07:59           0       0.406      13.117
  M2                   JUNCTION      0.00     0.94     1  00:00           0       0.455      12.172
  M3                   JUNCTION      0.00     0.94     0  04:20           0       0.506      11.170
  M4                   JUNCTION      0.00     0.94     0  04:01           0       0.556      10.040
  M5                   JUNCTION      0.94     0.94     0  00:00       0.607       0.607       9.170
  S1                   JUNCTION      0.00     1.42     0  05:54           0       0.458      11.464
  S2                   JUNCTION      0.00     0.94     1  00:00           0       0.507      10.738
  S3                   JUNCTION      0.00     1.03     0  01:59           0       0.557       9.837
  S4                   JUNCTION      0.94     0.94     0  00:00       0.607       0.607       9.005
  B1                   JUNCTION      0.00     3.21     0  03:55           0       0.509      10.180
  B2                   JUNCTION      0.00     1.12     0  01:59           0       0.558       9.588
  B3                   JUNCTION      0.94     0.94     0  00:00       0.607       0.607       8.935
  STE                  JUNCTION      0.00    30.10     0  10:09           0       0.507     193.859
  OF                   JUNCTION      0.00     0.00     0  10:12           0    1.13e-07       0.113 gal
  78                   JUNCTION      0.00     9.80     0  09:57           0      0.0465    2906.627
  85                   JUNCTION      0.00     2.49     0  07:59           0       0.405      13.102
  86                   JUNCTION      0.00     0.94     0  07:59           0       0.455      12.359
  87                   JUNCTION      0.00     0.94     0  05:59           0       0.506      11.191
  88                   JUNCTION      0.00     1.49     0  02:00           0       0.557      10.025
  89                   JUNCTION      0.94     0.94     0  00:00       0.607       0.607       9.063
  CH3                  JUNCTION      0.00     0.00     0  00:00           0           0       0.000 gal
  103                  JUNCTION      0.94     0.94     0  00:00       0.607       0.607       8.387
  104                  JUNCTION      0.00     1.10     0  01:52           0        0.56       9.066
  105                  JUNCTION      0.00     2.52     0  03:42           0       0.514      10.169
  106                  JUNCTION      0.00     0.00     0  00:00           0           0       0.000 gal
  107                  JUNCTION      0.00     0.00     0  00:00           0           0       0.000 gal
  108                  JUNCTION      0.00     0.00     0  00:00           0           0       0.000 gal
  109                  JUNCTION      0.00     0.00     0  00:00           0           0       0.000 gal
  110                  JUNCTION      0.00     0.00     0  00:00           0           0       0.000 gal
  111                  JUNCTION      0.00     0.00     0  00:00           0           0       0.000 gal
  112                  JUNCTION      0.00     0.00     0  00:00           0           0       0.000 gal
  113                  JUNCTION      0.00     0.00     0  00:00           0           0       0.000 gal
  OF2                  JUNCTION      0.00     0.00     0  00:00           0           0       0.000 gal
  128                  JUNCTION      0.00     0.00     0  00:00           0           0       0.000 gal
  163                  JUNCTION      0.00     0.00     0  00:00           0           0       0.000 gal
  164                  JUNCTION      0.00     0.00     0  00:00           0           0       0.000 gal
  168                  JUNCTION      0.00     0.00     0  00:00           0           0       0.000 gal
  SANFLOW              JUNCTION      0.00     0.00     0  00:00           0           0       0.000 gal
  SANINTER             OUTFALL       0.00     0.00     0  00:00           0           0       0.000 gal
  
  
  **********************
  Node Surcharge Summary
  **********************
  
  No nodes were surcharged.
  
  
  *********************
  Node Flooding Summary
  *********************
  
  No nodes were flooded.
  
  
  ***********************
  Outfall Loading Summary
  ***********************
  
  -----------------------------------------------------------
                         Flow       Avg       Max       Total
                         Freq      Flow      Flow      Volume
  Outfall Node           Pcnt       CFS       CFS    10^6 gal
  -----------------------------------------------------------
  SANINTER               0.00      0.00      0.00       0.000
  -----------------------------------------------------------
  System                 0.00      0.00      0.00       0.000
  
  
  ********************
  Link Flow Summary
  ********************
  
  -----------------------------------------------------------------------------
                                 Maximum  Time of Max   Maximum    Max/    Max/
                                  |Flow|   Occurrence   |Veloc|    Full    Full
  Link                 Type          CFS  days hr:min    ft/sec    Flow   Depth
  -----------------------------------------------------------------------------
  34                   CONDUIT      3.44     0  15:11      0.92    0.00    0.63
  35                   CONDUIT      4.16     0  17:25      0.23    0.00    0.58
  36                   CONDUIT     10.51     0  09:30      2.72    0.00    0.67
  37                   CONDUIT     41.28     0  09:54      2.38    0.03    0.79
  38                   CONDUIT     19.60     0  09:57      2.52    0.01    0.79
  39                   CONDUIT      0.96     0  02:01      2.95    0.06    0.16
  40                   CONDUIT      0.94     0  04:22      2.80    0.03    0.12
  41                   CONDUIT      1.15     0  06:00      3.00    0.02    0.10
  42                   CONDUIT      1.41     0  07:58      5.37    0.01    0.08
  43                   CONDUIT      1.41     0  09:55      8.14    0.01    0.06
  44                   CONDUIT      0.94     0  19:59     10.99    0.00    0.42
  45                   CONDUIT      0.94     0  04:00      8.89    0.01    0.08
  46                   CONDUIT      1.70     0  04:00      6.12    0.01    0.08
  47                   CONDUIT      1.15     0  05:57      3.51    0.02    0.09
  48                   CONDUIT      3.95     0  07:48     12.18    0.02    0.42
  49                   CONDUIT      0.94     0  09:50      2.89    0.13    0.24
  50                   CONDUIT      0.94     0  04:30      2.92    0.03    0.12
  51                   CONDUIT      0.94     0  07:57      6.73    0.01    0.06
  52                   CONDUIT      1.53     0  07:57      7.60    0.01    0.07
  53                   CONDUIT      3.43     0  09:48     11.38    0.01    0.25
  54                   CONDUIT      0.94     0  04:01      9.26    0.02    0.12
  55                   CONDUIT      0.94     0  04:20      3.21    0.05    0.15
  56                   CONDUIT      0.94     1  00:00      4.06    0.02    0.09
  57                   CONDUIT      1.97     0  07:59     16.34    0.01    0.07
  58                   CONDUIT      1.52     0  09:50     24.75    0.01    0.05
  59                   CONDUIT      1.03     0  01:59      3.28    0.05    0.16
  60                   CONDUIT      0.94     1  00:00      3.29    0.01    0.08
  61                   CONDUIT      1.42     0  05:54     14.55    0.01    0.06
  62                   CONDUIT      1.05     0  07:45     12.23    0.00    0.08
  63                   CONDUIT      1.12     0  01:59      3.83    0.06    0.17
  64                   CONDUIT      3.21     0  03:55      9.86    0.03    0.12
  65                   CONDUIT      1.89     0  05:45     26.12    0.01    0.50
  90                   CONDUIT      1.49     0  02:00      6.04    0.04    0.13
  91                   CONDUIT      0.94     0  05:59      2.80    0.03    0.12
  92                   CONDUIT      0.94     0  07:59      2.83    0.02    0.10
  93                   CONDUIT      2.49     0  07:59     16.83    0.01    0.05
  94                   CONDUIT      1.61     0  09:51      9.54    0.01    0.50
  96                   CONDUIT     29.16     0  10:09      2.31    0.45    0.81
  TO                   CONDUIT      0.00     0  00:00      0.00    0.00    0.00
  60inchUC             CONDUIT      0.00     0  00:00      0.00    0.00    0.00
  114                  CONDUIT      0.00     0  00:00      0.00    0.00    0.00
  115                  CONDUIT      0.00     0  00:00      0.00    0.00    0.00
  116                  CONDUIT      0.00     0  00:00      0.00    0.00    0.00
  117                  CONDUIT      0.00     0  00:00      0.00    0.00    0.00
  118                  CONDUIT      0.00     0  00:00      0.00    0.00    0.00
  119                  CONDUIT      0.00     0  00:00      0.00    0.00    0.00
  120                  CONDUIT      0.00     0  00:00      0.00    0.00    0.00
  127                  CONDUIT      0.00     0  00:00      0.00    0.00    0.00
  131                  CONDUIT      0.00     0  00:00      0.00    0.00    0.00
  136                  CONDUIT      1.10     0  01:52      2.97    0.02    0.10
  137                  CONDUIT      2.52     0  03:42      9.39    0.01    0.08
  138                  CONDUIT      1.19     0  23:57      3.19    0.02    0.45
  166                  CONDUIT      0.00     0  00:00      0.00    0.00    0.00
  171                  CONDUIT      0.00     0  00:00      0.00    0.00    0.00
  172                  CONDUIT      0.00     0  00:00      0.00    0.00    0.00
  ORIFICE              ORIFICE      9.80     0  09:57                      1.00
  VVALVE               ORIFICE      0.00     0  00:00                      0.00
  WEIR                 WEIR         0.00     0  10:12                      0.00
  WEIR2                WEIR         0.00     0  00:00                      0.00
  
  
  ***************************
  Flow Classification Summary
  ***************************
  
  -------------------------------------------------------------------------------------
                      Adjusted    ---------- Fraction of Time in Flow Class ---------- 
                       /Actual         Up    Down  Sub   Sup   Up    Down  Norm  Inlet 
  Conduit               Length    Dry  Dry   Dry   Crit  Crit  Crit  Crit  Ltd   Ctrl  
  -------------------------------------------------------------------------------------
  34                      1.00   0.27  0.00  0.00  0.68  0.00  0.00  0.05  0.00  0.00
  35                      1.00   0.32  0.04  0.00  0.59  0.00  0.05  0.00  0.00  0.00
  36                      1.00   0.40  0.00  0.00  0.59  0.00  0.00  0.02  0.13  0.00
  37                      1.00   0.40  0.00  0.00  0.59  0.00  0.00  0.01  0.00  0.00
  38                      1.00   0.40  0.00  0.00  0.58  0.00  0.00  0.02  0.00  0.00
  39                      1.00   0.08  0.00  0.00  0.00  0.00  0.00  0.92  0.00  0.00
  40                      1.00   0.17  0.00  0.00  0.00  0.00  0.00  0.83  0.00  0.00
  41                      1.00   0.25  0.00  0.00  0.00  0.00  0.00  0.75  0.00  0.00
  42                      1.00   0.33  0.00  0.00  0.00  0.00  0.00  0.67  0.00  0.00
  43                      1.00   0.41  0.00  0.00  0.00  0.00  0.00  0.59  0.00  0.00
  44                      1.00   0.49  0.00  0.00  0.14  0.02  0.00  0.34  0.17  0.00
  45                      1.00   0.08  0.00  0.00  0.00  0.83  0.00  0.08  0.83  0.00
  46                      1.00   0.17  0.00  0.00  0.00  0.75  0.00  0.08  0.75  0.00
  47                      1.00   0.25  0.00  0.00  0.00  0.00  0.00  0.75  0.00  0.00
  48                      1.00   0.33  0.00  0.00  0.14  0.02  0.00  0.51  0.17  0.00
  49                      1.00   0.08  0.00  0.00  0.00  0.00  0.00  0.92  0.00  0.00
  50                      1.00   0.17  0.00  0.00  0.00  0.00  0.00  0.83  0.00  0.00
  51                      1.00   0.25  0.00  0.00  0.00  0.00  0.00  0.75  0.00  0.00
  52                      1.00   0.33  0.00  0.00  0.00  0.00  0.00  0.67  0.00  0.00
  53                      1.00   0.41  0.00  0.00  0.07  0.02  0.00  0.50  0.09  0.00
  54                      1.00   0.08  0.00  0.00  0.00  0.83  0.00  0.08  0.83  0.00
  55                      1.00   0.17  0.00  0.00  0.00  0.00  0.00  0.83  0.00  0.00
  56                      1.00   0.25  0.00  0.00  0.00  0.00  0.00  0.75  0.00  0.00
  57                      1.00   0.33  0.00  0.00  0.00  0.00  0.00  0.67  0.00  0.00
  58                      1.00   0.41  0.00  0.00  0.00  0.00  0.00  0.59  0.00  0.00
  59                      1.00   0.08  0.00  0.00  0.00  0.00  0.00  0.92  0.00  0.00
  60                      1.00   0.16  0.00  0.00  0.00  0.00  0.00  0.84  0.00  0.00
  61                      1.00   0.25  0.00  0.00  0.00  0.00  0.00  0.75  0.00  0.00
  62                      1.00   0.32  0.00  0.00  0.00  0.02  0.00  0.66  0.02  0.00
  63                      1.00   0.08  0.00  0.00  0.00  0.00  0.00  0.92  0.00  0.00
  64                      1.00   0.16  0.00  0.00  0.00  0.00  0.00  0.84  0.00  0.00
  65                      1.00   0.24  0.00  0.00  0.14  0.02  0.00  0.59  0.17  0.00
  90                      1.00   0.08  0.00  0.00  0.00  0.83  0.00  0.08  0.83  0.00
  91                      1.00   0.17  0.00  0.00  0.00  0.00  0.00  0.83  0.00  0.00
  92                      1.00   0.25  0.00  0.00  0.00  0.00  0.00  0.75  0.00  0.00
  93                      1.00   0.33  0.00  0.00  0.00  0.00  0.00  0.67  0.00  0.00
  94                      1.00   0.41  0.00  0.00  0.18  0.02  0.00  0.39  0.20  0.00
  96                      1.00   0.42  0.00  0.00  0.57  0.00  0.00  0.00  0.00  0.00
  TO                      1.00   1.00  0.00  0.00  0.00  0.00  0.00  0.00  0.00  0.00
  60inchUC                1.00   1.00  0.00  0.00  0.00  0.00  0.00  0.00  0.00  0.00
  114                     1.00   1.00  0.00  0.00  0.00  0.00  0.00  0.00  0.00  0.00
  115                     1.00   1.00  0.00  0.00  0.00  0.00  0.00  0.00  0.00  0.00
  116                     1.00   1.00  0.00  0.00  0.00  0.00  0.00  0.00  0.00  0.00
  117                     1.00   1.00  0.00  0.00  0.00  0.00  0.00  0.00  0.00  0.00
  118                     1.00   1.00  0.00  0.00  0.00  0.00  0.00  0.00  0.00  0.00
  119                     1.00   1.00  0.00  0.00  0.00  0.00  0.00  0.00  0.00  0.00
  120                     1.00   1.00  0.00  0.00  0.00  0.00  0.00  0.00  0.00  0.00
  127                     1.00   1.00  0.00  0.00  0.00  0.00  0.00  0.00  0.00  0.00
  131                     1.00   1.00  0.00  0.00  0.00  0.00  0.00  0.00  0.00  0.00
  136                     1.00   0.08  0.00  0.00  0.00  0.00  0.00  0.92  0.00  0.00
  137                     1.00   0.15  0.00  0.00  0.00  0.77  0.00  0.08  0.77  0.00
  138                     1.00   0.23  0.00  0.00  0.15  0.01  0.00  0.61  0.15  0.00
  166                     1.00   1.00  0.00  0.00  0.00  0.00  0.00  0.00  0.00  0.00
  171                     1.00   1.00  0.00  0.00  0.00  0.00  0.00  0.00  0.00  0.00
  172                     1.00   1.00  0.00  0.00  0.00  0.00  0.00  0.00  0.00  0.00
  
  
  *************************
  Conduit Surcharge Summary
  *************************
  
  No conduits were surcharged.
  

  Analysis begun on:  Sun Jul 19 15:25:12 2026
  Analysis ended on:  Sun Jul 19 15:25:12 2026
  Total elapsed time: < 1 sec