
  EPA STORM WATER MANAGEMENT MODEL - VERSION 5.2 (Build 5.2.4)
  ------------------------------------------------------------

  Yarra Storm Study 
  
  ****************
  Analysis Options
  ****************
  Flow Units ............... CFS
  Process Models:
    Rainfall/Runoff ........ NO
    RDII ................... NO
    Snowmelt ............... NO
    Groundwater ............ NO
    Flow Routing ........... YES
    Ponding Allowed ........ NO
    Water Quality .......... NO
  Flow Routing Method ...... DYNWAVE
  Surcharge Method ......... EXTRAN
  Starting Date ............ 01/01/2001 00:00:00
  Ending Date .............. 01/02/2001 00:00:00
  Antecedent Dry Days ...... 0.0
  Report Time Step ......... 00:15:00
  Routing Time Step ........ 60.00 sec
  Variable Time Step ....... YES
  Maximum Trials ........... 8
  Number of Threads ........ 1
  Head Tolerance ........... 0.005000 ft
  
  
  **************************        Volume        Volume
  Flow Routing Continuity        acre-feet      10^6 gal
  **************************     ---------     ---------
  Dry Weather Inflow .......         0.000         0.000
  Wet Weather Inflow .......         0.000         0.000
  Groundwater Inflow .......         0.000         0.000
  RDII Inflow ..............         0.000         0.000
  External Inflow ..........         7.934         2.585
  External Outflow .........         4.622         1.506
  Flooding Loss ............         0.000         0.000
  Evaporation Loss .........         0.000         0.000
  Exfiltration Loss ........         0.000         0.000
  Initial Stored Volume ....         0.000         0.000
  Final Stored Volume ......         0.009         0.003
  Continuity Error (%) .....        41.629
  
  
  *************************
  Highest Continuity Errors
  *************************
  Node 5/3 (23.24%)
  Node 5/1 (14.87%)
  Node 3/1 (12.82%)
  Node 5/2 (12.45%)
  Node Junction (10.92%)
  
  
  ***************************
  Time-Step Critical Elements
  ***************************
  Link 206 (98.88%)
  
  
  ********************************
  Highest Flow Instability Indexes
  ********************************
  All links are stable.
  
  
  *********************************
  Most Frequent Nonconverging Nodes
  *********************************
  Node OUT_SYNTH (0.04%)
  Node Junction (0.02%)
  Node 4/1 (0.01%)
  Node 5/1 (0.01%)
  Node 5/2 (0.01%)
  
  
  *************************
  Routing Time Step Summary
  *************************
  Minimum Time Step           :     2.27 sec
  Average Time Step           :     3.19 sec
  Maximum Time Step           :    60.00 sec
  % of Time in Steady State   :     0.00
  Average Iterations per Step :     2.01
  % of Steps Not Converging   :     0.04
  Time Step Frequencies       :
     60.000 - 23.031 sec      :     1.00 %
     23.031 -  8.841 sec      :     0.00 %
      8.841 -  3.393 sec      :     0.11 %
      3.393 -  1.303 sec      :    98.89 %
      1.303 -  0.500 sec      :     0.00 %
  
  
  ******************
  Node Depth Summary
  ******************
  
  ---------------------------------------------------------------------------------
                                 Average  Maximum  Maximum  Time of Max    Reported
                                   Depth    Depth      HGL   Occurrence   Max Depth
  Node                 Type         Feet     Feet     Feet  days hr:min        Feet
  ---------------------------------------------------------------------------------
  4/1                  JUNCTION  1279.11  1285.53  2578.87     0  04:33     1285.53
  3/375                JUNCTION     0.31     0.42  1278.42     0  11:27        0.42
  3/1                  JUNCTION  1048.61  1271.40  2550.40     0  08:57     1271.40
  Junction             JUNCTION  1201.15  1277.12  2562.01     0  06:41     1277.12
  3/2                  JUNCTION  1274.82  1281.92  2570.92     0  04:30     1281.89
  6/1                  JUNCTION  1278.33  1284.76  2577.31     0  04:34     1284.75
  5/1                  JUNCTION   898.16  1275.47  2558.62     0  11:27     1275.47
  5/2                  JUNCTION  1133.46  1283.74  2575.26     0  09:07     1283.74
  5/3                  JUNCTION  1129.53  1294.24  2596.30     0  09:06     1294.24
  5/4                  JUNCTION  1291.56  1298.10  2603.98     0  04:38     1298.10
  OUT_SYNTH            OUTFALL      0.31     0.42  1277.42     0  11:28        0.42
  
  
  *******************
  Node Inflow Summary
  *******************
  
  -------------------------------------------------------------------------------------------------
                                  Maximum  Maximum                  Lateral       Total        Flow
                                  Lateral    Total  Time of Max      Inflow      Inflow     Balance
                                   Inflow   Inflow   Occurrence      Volume      Volume       Error
  Node                 Type           CFS      CFS  days hr:min    10^6 gal    10^6 gal     Percent
  -------------------------------------------------------------------------------------------------
  4/1                  JUNCTION      1.00     1.00     0  00:00       0.646       0.646      23.005
  3/375                JUNCTION      0.00     4.00     0  11:28           0        1.51       0.007
  3/1                  JUNCTION      0.00     2.01     0  08:50           0       0.937      14.709
  Junction             JUNCTION      0.00     8.37     0  04:30           0        1.05      12.253
  3/2                  JUNCTION      1.00     1.00     0  00:00       0.646       0.646      22.894
  6/1                  JUNCTION      1.00     1.00     0  00:00       0.646       0.646      23.525
  5/1                  JUNCTION      0.00     2.01     0  11:11           0        0.81      17.472
  5/2                  JUNCTION      0.00     2.00     0  09:06           0       0.925      14.220
  5/3                  JUNCTION      0.00     1.00     0  09:04           0       0.524      30.270
  5/4                  JUNCTION      1.00     1.00     0  00:00       0.646       0.646      23.332
  OUT_SYNTH            OUTFALL       0.00     4.00     0  11:28           0        1.51       0.000
  
  
  **********************
  Node Surcharge Summary
  **********************
  
  No nodes were surcharged.
  
  
  *********************
  Node Flooding Summary
  *********************
  
  No nodes were flooded.
  
  
  ***********************
  Outfall Loading Summary
  ***********************
  
  -----------------------------------------------------------
                         Flow       Avg       Max       Total
                         Freq      Flow      Flow      Volume
  Outfall Node           Pcnt       CFS       CFS    10^6 gal
  -----------------------------------------------------------
  OUT_SYNTH             76.69      3.69      4.00       1.506
  -----------------------------------------------------------
  System                76.69      3.69      4.00       1.506
  
  
  ********************
  Link Flow Summary
  ********************
  
  -----------------------------------------------------------------------------
                                 Maximum  Time of Max   Maximum    Max/    Max/
                                  |Flow|   Occurrence   |Veloc|    Full    Full
  Link                 Type          CFS  days hr:min    ft/sec    Flow   Depth
  -----------------------------------------------------------------------------
  201                  CONDUIT      2.07     0  04:30     23.77    0.07    0.14
  203                  CONDUIT      2.00     0  08:58      4.52    0.09    0.20
  204                  CONDUIT      2.01     0  08:50      9.82    0.03    0.16
  205                  CONDUIT      8.34     0  04:30     13.28    0.31    0.46
  206                  CONDUIT      1.06     0  04:34      7.06    0.04    0.14
  208                  CONDUIT      2.01     0  11:11     10.84    0.02    0.13
  209                  CONDUIT      1.00     0  09:06      7.29    0.03    0.13
  210                  CONDUIT      1.00     0  09:04      6.73    0.05    0.15
  207                  CONDUIT      2.00     0  11:28      6.12    0.06    0.16
  C_OUT_SYNTH          CONDUIT      4.00     0  11:28      6.63    0.04    0.14
  
  
  ***************************
  Flow Classification Summary
  ***************************
  
  -------------------------------------------------------------------------------------
                      Adjusted    ---------- Fraction of Time in Flow Class ---------- 
                       /Actual         Up    Down  Sub   Sup   Up    Down  Norm  Inlet 
  Conduit               Length    Dry  Dry   Dry   Crit  Crit  Crit  Crit  Ltd   Ctrl  
  -------------------------------------------------------------------------------------
  201                     1.00   0.19  0.00  0.00  0.00  0.72  0.00  0.09  0.72  0.00
  203                     1.00   0.37  0.00  0.00  0.00  0.00  0.00  0.63  0.00  0.00
  204                     1.00   0.28  0.00  0.00  0.00  0.63  0.00  0.09  0.63  0.00
  205                     1.00   0.19  0.00  0.00  0.00  0.72  0.00  0.09  0.72  0.00
  206                     1.00   0.19  0.00  0.00  0.00  0.62  0.00  0.19  0.62  0.00
  208                     1.00   0.37  0.00  0.00  0.00  0.53  0.00  0.10  0.53  0.00
  209                     1.00   0.37  0.01  0.00  0.00  0.62  0.00  0.00  0.62  0.00
  210                     1.00   0.19  0.00  0.00  0.00  0.00  0.00  0.81  0.00  0.00
  207                     1.00   0.47  0.00  0.00  0.00  0.00  0.00  0.53  0.00  0.00
  C_OUT_SYNTH             1.00   0.37  0.00  0.00  0.00  0.63  0.00  0.00  0.00  0.00
  
  
  *************************
  Conduit Surcharge Summary
  *************************
  
  ----------------------------------------------------------------------------
                                                           Hours        Hours 
                         --------- Hours Full --------   Above Full   Capacity
  Conduit                Both Ends  Upstream  Dnstream   Normal Flow   Limited
  ----------------------------------------------------------------------------
  206                         0.01      0.08      0.01      0.01         0.01
  

  Analysis begun on:  Wed Jul 22 14:28:21 2026
  Analysis ended on:  Wed Jul 22 14:28:21 2026
  Total elapsed time: < 1 sec